Archive member included to satisfy reference by file (symbol)

lib/STM32F10x_StdPeriph_Driver/libstm32fw.a(misc.o)
                              interrupts.o (symbol from plugin) (NVIC_PriorityGroupConfig)
lib/STM32F10x_StdPeriph_Driver/libstm32fw.a(stm32f10x_adc.o)
                              adc.o (symbol from plugin) (ADC_DeInit)
lib/STM32F10x_StdPeriph_Driver/libstm32fw.a(stm32f10x_bkp.o)
                              Util/fat_fs/src/rtc.o (symbol from plugin) (BKP_DeInit)
lib/STM32F10x_StdPeriph_Driver/libstm32fw.a(stm32f10x_dbgmcu.o)
                              main.o (symbol from plugin) (DBGMCU_Config)
lib/STM32F10x_StdPeriph_Driver/libstm32fw.a(stm32f10x_dma.o)
                              Util/fat_fs/src/sd_spi_stm32.o (symbol from plugin) (DMA_DeInit)
lib/STM32F10x_StdPeriph_Driver/libstm32fw.a(stm32f10x_exti.o)
                              interrupts.o (symbol from plugin) (EXTI_DeInit)
lib/STM32F10x_StdPeriph_Driver/libstm32fw.a(stm32f10x_gpio.o)
                              Util/fat_fs/src/sd_spi_stm32.o (symbol from plugin) (GPIO_Init)
lib/STM32F10x_StdPeriph_Driver/libstm32fw.a(stm32f10x_i2c.o)
                              i2c_int.o (symbol from plugin) (I2C_DeInit)
lib/STM32F10x_StdPeriph_Driver/libstm32fw.a(stm32f10x_iwdg.o)
                              watchdog.o (symbol from plugin) (IWDG_WriteAccessCmd)
lib/STM32F10x_StdPeriph_Driver/libstm32fw.a(stm32f10x_pwr.o)
                              pwr.o (symbol from plugin) (PWR_DeInit)
lib/STM32F10x_StdPeriph_Driver/libstm32fw.a(stm32f10x_rcc.o)
                              interrupts.o (symbol from plugin) (RCC_HCLKConfig)
lib/STM32F10x_StdPeriph_Driver/libstm32fw.a(stm32f10x_rtc.o)
                              Util/fat_fs/src/rtc.o (symbol from plugin) (RTC_GetCounter)
lib/STM32F10x_StdPeriph_Driver/libstm32fw.a(stm32f10x_spi.o)
                              Util/fat_fs/src/sd_spi_stm32.o (symbol from plugin) (SPI_I2S_DeInit)
lib/STM32F10x_StdPeriph_Driver/libstm32fw.a(stm32f10x_tim.o)
                              timer.o (symbol from plugin) (TIM_DeInit)
lib/STM32F10x_StdPeriph_Driver/libstm32fw.a(stm32f10x_usart.o)
                              Util/rn42_command.o (symbol from plugin) (USART_DeInit)
lib/STM32_USB-FS-Device_Driver/libstm32usb.a(usb_core.o)
                              Util/USB/usb_prop.o (symbol from plugin) (Standard_GetDescriptorData)
lib/STM32_USB-FS-Device_Driver/libstm32usb.a(usb_init.o)
                              main.o (symbol from plugin) (USB_Init)
lib/STM32_USB-FS-Device_Driver/libstm32usb.a(usb_int.o)
                              Util/USB/usb_istr.o (symbol from plugin) (CTR_LP)
lib/STM32_USB-FS-Device_Driver/libstm32usb.a(usb_mem.o)
                              lib/STM32_USB-FS-Device_Driver/libstm32usb.a(usb_core.o) (UserToPMABufferCopy)
lib/STM32_USB-FS-Device_Driver/libstm32usb.a(usb_regs.o)
                              Util/USB/usb_prop.o (symbol from plugin) (SetBTABLE)
lib/STM32_USB-FS-Device_Driver/libstm32usb.a(usb_sil.o)
                              Util/USB/usb_prop.o (symbol from plugin) (USB_SIL_Init)
/home/laurence/ARM-GCC/bin/../lib/gcc/arm-none-eabi/5.3.1/../../../../arm-none-eabi/lib/armv7-m/libg_nano.a(lib_a-exit.o)
                              /home/laurence/ARM-GCC/bin/../lib/gcc/arm-none-eabi/5.3.1/../../../../arm-none-eabi/lib/armv7-m/crt0.o (exit)
/home/laurence/ARM-GCC/bin/../lib/gcc/arm-none-eabi/5.3.1/../../../../arm-none-eabi/lib/armv7-m/libg_nano.a(lib_a-impure.o)
                              /home/laurence/ARM-GCC/bin/../lib/gcc/arm-none-eabi/5.3.1/../../../../arm-none-eabi/lib/armv7-m/libg_nano.a(lib_a-exit.o) (_global_impure_ptr)
/home/laurence/ARM-GCC/bin/../lib/gcc/arm-none-eabi/5.3.1/../../../../arm-none-eabi/lib/armv7-m/libg_nano.a(lib_a-init.o)
                              /home/laurence/ARM-GCC/bin/../lib/gcc/arm-none-eabi/5.3.1/../../../../arm-none-eabi/lib/armv7-m/crt0.o (__libc_init_array)
/home/laurence/ARM-GCC/bin/../lib/gcc/arm-none-eabi/5.3.1/../../../../arm-none-eabi/lib/armv7-m/libg_nano.a(lib_a-memset.o)
                              /home/laurence/ARM-GCC/bin/../lib/gcc/arm-none-eabi/5.3.1/../../../../arm-none-eabi/lib/armv7-m/crt0.o (memset)
/home/laurence/ARM-GCC/bin/../lib/gcc/arm-none-eabi/5.3.1/../../../../arm-none-eabi/lib/armv7-m/libg_nano.a(lib_a-rand.o)
                              Util/sp1ml_command.o (symbol from plugin) (srand)
/home/laurence/ARM-GCC/bin/../lib/gcc/arm-none-eabi/5.3.1/../../../../arm-none-eabi/lib/armv7-m/libg_nano.a(lib_a-malloc.o)
                              /home/laurence/ARM-GCC/bin/../lib/gcc/arm-none-eabi/5.3.1/../../../../arm-none-eabi/lib/armv7-m/libg_nano.a(lib_a-rand.o) (malloc)
/home/laurence/ARM-GCC/bin/../lib/gcc/arm-none-eabi/5.3.1/../../../../arm-none-eabi/lib/armv7-m/libg_nano.a(lib_a-nano-freer.o)
                              /home/laurence/ARM-GCC/bin/../lib/gcc/arm-none-eabi/5.3.1/../../../../arm-none-eabi/lib/armv7-m/libg_nano.a(lib_a-malloc.o) (_free_r)
[...]
Memory Configuration

Name             Origin             Length             Attributes
RAM              0x20000000         0x00005000         xrw
FLASH            0x08000000         0x00020000         xr
*default*        0x00000000         0xffffffff

Linker script and memory map

LOAD /home/laurence/ARM-GCC/bin/../lib/gcc/arm-none-eabi/5.3.1/armv7-m/crti.o
LOAD /home/laurence/ARM-GCC/bin/../lib/gcc/arm-none-eabi/5.3.1/armv7-m/crtbegin.o
LOAD /home/laurence/ARM-GCC/bin/../lib/gcc/arm-none-eabi/5.3.1/../../../../arm-none-eabi/lib/armv7-m/crt0.o
LOAD Util/USB/hw_config.o
LOAD /tmp/cchYWh1O.ltrans0.ltrans.o
LOAD /tmp/cchYWh1O.ltrans1.ltrans.o
LOAD /tmp/cchYWh1O.ltrans2.ltrans.o
LOAD /tmp/cchYWh1O.ltrans3.ltrans.o
LOAD /tmp/cchYWh1O.ltrans4.ltrans.o
LOAD /tmp/cchYWh1O.ltrans5.ltrans.o
LOAD /tmp/cchYWh1O.ltrans6.ltrans.o
LOAD /tmp/cchYWh1O.ltrans7.ltrans.o
LOAD /tmp/cchYWh1O.ltrans8.ltrans.o
LOAD /tmp/cchYWh1O.ltrans9.ltrans.o
LOAD /tmp/cchYWh1O.ltrans10.ltrans.o
LOAD /tmp/cchYWh1O.ltrans11.ltrans.o
LOAD /tmp/cchYWh1O.ltrans12.ltrans.o
LOAD /tmp/cchYWh1O.ltrans13.ltrans.o
LOAD /tmp/cchYWh1O.ltrans14.ltrans.o
LOAD /tmp/cchYWh1O.ltrans15.ltrans.o
LOAD /tmp/cchYWh1O.ltrans16.ltrans.o
LOAD /tmp/cchYWh1O.ltrans17.ltrans.o
LOAD Util/USB/mass_mal.o
LOAD Util/USB/memory.o
LOAD Util/USB/scsi_data.o
LOAD Util/USB/usb_bot.o
LOAD Util/USB/usb_desc.o
LOAD Util/USB/usb_endp.o
LOAD Util/USB/usb_istr.o
LOAD Util/USB/usb_prop.o
LOAD Util/USB/usb_pwr.o
LOAD Util/USB/usb_scsi.o
LOAD Util/buffer.o
LOAD Util/data_alignment.o
LOAD Util/dcm_attitude.o
LOAD Util/delay.o
LOAD Util/fat_fs/option/ccsbcs.o
LOAD Util/fat_fs/src/fattime.o
LOAD Util/fat_fs/src/ff.o
LOAD Util/fat_fs/src/rtc.o
LOAD Util/fat_fs/src/sd_spi_stm32.o
LOAD Util/filter.o
LOAD Util/load_setting.o
LOAD Util/rn42_command.o
LOAD Util/rn42_conf.o
LOAD Util/rprintf.o
LOAD Util/rtc_correct.o
LOAD Util/sp1ml_command.o
LOAD Util/wave.o
LOAD adc.o
LOAD bootload.o
LOAD dma.o
LOAD gpio.o
LOAD i2c_int.o
LOAD interrupts.o
LOAD lib/ARM-GCC/startup_ARMCM3.o
LOAD lib/CMSIS_CM3/core_cm3.o
LOAD lib/CMSIS_CM3/system_stm32f10x.o
LOAD main.o
LOAD pwr.o
LOAD timer.o
LOAD usart.o
LOAD watchdog.o
LOAD Sensors/ads1298.o
LOAD Sensors/lsm9ds1.o
LOAD Sensors/ubx.o
LOAD lib/STM32F10x_StdPeriph_Driver/libstm32fw.a
LOAD lib/STM32_USB-FS-Device_Driver/libstm32usb.a
LOAD /home/laurence/ARM-GCC/bin/../lib/gcc/arm-none-eabi/5.3.1/../../../../arm-none-eabi/lib/armv7-m/libm.a
LOAD /home/laurence/ARM-GCC/bin/../lib/gcc/arm-none-eabi/5.3.1/../../../../arm-none-eabi/lib/armv7-m/libnosys.a
START GROUP
LOAD /home/laurence/ARM-GCC/bin/../lib/gcc/arm-none-eabi/5.3.1/armv7-m/libgcc.a
LOAD /home/laurence/ARM-GCC/bin/../lib/gcc/arm-none-eabi/5.3.1/../../../../arm-none-eabi/lib/armv7-m/libg_nano.a
LOAD /home/laurence/ARM-GCC/bin/../lib/gcc/arm-none-eabi/5.3.1/../../../../arm-none-eabi/lib/armv7-m/libc_nano.a
END GROUP
START GROUP
LOAD /home/laurence/ARM-GCC/bin/../lib/gcc/arm-none-eabi/5.3.1/armv7-m/libgcc.a
LOAD /home/laurence/ARM-GCC/bin/../lib/gcc/arm-none-eabi/5.3.1/../../../../arm-none-eabi/lib/armv7-m/libc_nano.a
LOAD /home/laurence/ARM-GCC/bin/../lib/gcc/arm-none-eabi/5.3.1/../../../../arm-none-eabi/lib/armv7-m/libnosys.a
END GROUP
START GROUP
LOAD /home/laurence/ARM-GCC/bin/../lib/gcc/arm-none-eabi/5.3.1/armv7-m/libgcc.a
LOAD /home/laurence/ARM-GCC/bin/../lib/gcc/arm-none-eabi/5.3.1/../../../../arm-none-eabi/lib/armv7-m/libc_nano.a
LOAD /home/laurence/ARM-GCC/bin/../lib/gcc/arm-none-eabi/5.3.1/../../../../arm-none-eabi/lib/armv7-m/libnosys.a
END GROUP
LOAD /home/laurence/ARM-GCC/bin/../lib/gcc/arm-none-eabi/5.3.1/armv7-m/crtend.o
LOAD /home/laurence/ARM-GCC/bin/../lib/gcc/arm-none-eabi/5.3.1/armv7-m/crtn.o
                0x00002000                __HEAP_SIZE = 0x2000
                0x00000c00                __STACK_SIZE = 0xc00

.text           0x08000000    0x132e4
 *(.isr_vector)
 .isr_vector    0x08000000      0x10c lib/ARM-GCC/startup_ARMCM3.o
                0x08000000                __isr_vector
 *(.text*)
 .text          0x0800010c       0x5c /home/laurence/ARM-GCC/bin/../lib/gcc/arm-none-eabi/5.3.1/armv7-m/crtbegin.o
 .text          0x08000168       0x74 /home/laurence/ARM-GCC/bin/../lib/gcc/arm-none-eabi/5.3.1/../../../../arm-none-eabi/lib/armv7-m/crt0.o
                0x08000168                _mainCRTStartup
                0x08000168                _start
 *fill*         0x080001dc        0x4 
 .text.startup.main
                0x080001e0     0x2d70 /tmp/cchYWh1O.ltrans0.ltrans.o
                0x080001e0                main
 .text.EP2_OUT_Callback
                0x08002f50      0x9d0 /tmp/cchYWh1O.ltrans1.ltrans.o
 .text.__usart_send_char
                0x08003920       0xa0 /tmp/cchYWh1O.ltrans2.ltrans.o
                0x08003920                __usart_send_char
 .text.ads1298_spi_dma_transaction
                0x080039c0       0xec /tmp/cchYWh1O.ltrans2.ltrans.o
                0x080039c0                ads1298_spi_dma_transaction
 *fill*         0x08003aac        0x4 
 .text.DMA1_Channel4_IRQHandler
                0x08003ab0      0xf08 /tmp/cchYWh1O.ltrans2.ltrans.o
                0x08003ab0                DMA1_Channel4_IRQHandler
 .text.ads1298_busy_wait_command
                0x080049b8       0x4c /tmp/cchYWh1O.ltrans2.ltrans.o
                0x080049b8                ads1298_busy_wait_command
 .text.unlikely.ads1298_busy_wait_write
                0x08004a04       0x88 /tmp/cchYWh1O.ltrans2.ltrans.o
                0x08004a04                ads1298_busy_wait_write
 .text.USART3_IRQHandler
                0x08004a8c      0x17c /tmp/cchYWh1O.ltrans2.ltrans.o
                0x08004a8c                USART3_IRQHandler
 .text.USART1_IRQHandler
                0x08004c08      0x134 /tmp/cchYWh1O.ltrans2.ltrans.o
                0x08004c08                USART1_IRQHandler
 .text.Gps_Send_Str
                0x08004d3c       0x2c /tmp/cchYWh1O.ltrans2.ltrans.o
                0x08004d3c                Gps_Send_Str
 .text.check_fs
                0x08004d68       0xac /tmp/cchYWh1O.ltrans3.ltrans.o
 .text.f_sync   0x08004e14      0x108 /tmp/cchYWh1O.ltrans3.ltrans.o
                0x08004e14                f_sync
 .text.f_write  0x08004f1c       0x4c /tmp/cchYWh1O.ltrans3.ltrans.o
                0x08004f1c                f_write
 .text.chk_mounted.lto_priv.65
                0x08004f68      0x264 /tmp/cchYWh1O.ltrans3.ltrans.o
                0x08004f68                chk_mounted.lto_priv.65
 .text.follow_path.lto_priv.66
                0x080051cc      0x3b8 /tmp/cchYWh1O.ltrans3.ltrans.o
                0x080051cc                follow_path.lto_priv.66
 .text.f_open   0x08005584      0x14c /tmp/cchYWh1O.ltrans3.ltrans.o
                0x08005584                f_open
 .text.get_fileinfo.lto_priv.67
                0x080056d0      0x2c8 /tmp/cchYWh1O.ltrans3.ltrans.o
                0x080056d0                get_fileinfo.lto_priv.67
 .text.RN42_generate_packet
                0x08005998      0x390 /tmp/cchYWh1O.ltrans4.ltrans.o
                0x08005998                RN42_generate_packet
 .text.rprintf2RamRom
                0x08005d28      0x7d4 /tmp/cchYWh1O.ltrans4.ltrans.o
                0x08005d28                rprintf2RamRom
 .text.disk_write.part.5.lto_priv.60
                0x080064fc      0x22c /tmp/cchYWh1O.ltrans4.ltrans.o
                0x080064fc                disk_write.part.5.lto_priv.60
 .text.disk_read.part.4.lto_priv.62
                0x08006728      0x13c /tmp/cchYWh1O.ltrans4.ltrans.o
                0x08006728                disk_read.part.4.lto_priv.62
 .text.put_fat.part.4.lto_priv.93
                0x08006864      0x128 /tmp/cchYWh1O.ltrans5.ltrans.o
                0x08006864                put_fat.part.4.lto_priv.93
 .text.get_fat.part.3.lto_priv.64
                0x0800698c       0xc0 /tmp/cchYWh1O.ltrans5.ltrans.o
                0x0800698c                get_fat.part.3.lto_priv.64
 .text.dir_find.part.5.lto_priv.100
                0x08006a4c      0x494 /tmp/cchYWh1O.ltrans5.ltrans.o
                0x08006a4c                dir_find.part.5.lto_priv.100
 .text.f_lseek  0x08006ee0      0x204 /tmp/cchYWh1O.ltrans5.ltrans.o
                0x08006ee0                f_lseek
 .text.unlikely.f_close
                0x080070e4       0x10 /tmp/cchYWh1O.ltrans5.ltrans.o
                0x080070e4                f_close
 .text.stm32_spi_rw.lto_priv.59
                0x080070f4       0x24 /tmp/cchYWh1O.ltrans6.ltrans.o
                0x080070f4                stm32_spi_rw.lto_priv.59
 .text.send_cmd
                0x08007118      0x16c /tmp/cchYWh1O.ltrans6.ltrans.o
                0x08007118                send_cmd
 .text.disk_initialize
                0x08007284      0x260 /tmp/cchYWh1O.ltrans6.ltrans.o
                0x08007284                disk_initialize
 .text.wait_ready.lto_priv.61
                0x080074e4       0x54 /tmp/cchYWh1O.ltrans6.ltrans.o
                0x080074e4                wait_ready.lto_priv.61
 .text.stm32_dma_transfer.lto_priv.63
                0x08007538       0xd4 /tmp/cchYWh1O.ltrans6.ltrans.o
                0x08007538                stm32_dma_transfer.lto_priv.63
 .text.rcvr_datablock
                0x0800760c       0x9c /tmp/cchYWh1O.ltrans6.ltrans.o
                0x0800760c                rcvr_datablock
 .text.counter_to_struct.lto_priv.91
                0x080076a8      0x128 /tmp/cchYWh1O.ltrans6.ltrans.o
                0x080076a8                counter_to_struct.lto_priv.91
 .text.rtc_gettime
                0x080077d0       0x84 /tmp/cchYWh1O.ltrans6.ltrans.o
                0x080077d0                rtc_gettime
 .text.f_write.part.9.lto_priv.85
                0x08007854      0x350 /tmp/cchYWh1O.ltrans6.ltrans.o
                0x08007854                f_write.part.9.lto_priv.85
 .text.remove_chain.part.6.lto_priv.81
                0x08007ba4      0x110 /tmp/cchYWh1O.ltrans6.ltrans.o
                0x08007ba4                remove_chain.part.6.lto_priv.81
 .text.dir_read.lto_priv.82
                0x08007cb4      0x5f8 /tmp/cchYWh1O.ltrans7.ltrans.o
                0x08007cb4                dir_read.lto_priv.82
 .text.dir_sdi.lto_priv.83
                0x080082ac       0xa8 /tmp/cchYWh1O.ltrans7.ltrans.o
                0x080082ac                dir_sdi.lto_priv.83
 .text.dir_register.lto_priv.90
                0x08008354      0x6f0 /tmp/cchYWh1O.ltrans7.ltrans.o
                0x08008354                dir_register.lto_priv.90
 .text.unlikely.read_config_file.constprop.21
                0x08008a44      0x4c0 /tmp/cchYWh1O.ltrans8.ltrans.o
                0x08008a44                read_config_file.constprop.21
 .text.Get_UBX_Ack.constprop.8
                0x08008f04       0xcc /tmp/cchYWh1O.ltrans8.ltrans.o
                0x08008f04                Get_UBX_Ack.constprop.8
 .text.USART2_reconf.constprop.7
                0x08008fd0       0x54 /tmp/cchYWh1O.ltrans8.ltrans.o
                0x08008fd0                USART2_reconf.constprop.7
 .text.ads1298_wct_config.constprop.3
                0x08009024      0x15c /tmp/cchYWh1O.ltrans8.ltrans.o
                0x08009024                ads1298_wct_config.constprop.3
 .text.unlikely.ads1298_setup.constprop.2
                0x08009180      0x39c /tmp/cchYWh1O.ltrans8.ltrans.o
                0x08009180                ads1298_setup.constprop.2
 .text.Gps_DMA_Process
                0x0800951c      0x318 /tmp/cchYWh1O.ltrans8.ltrans.o
                0x0800951c                Gps_DMA_Process
 .text.EXTI9_5_IRQHandler
                0x08009834       0x34 /tmp/cchYWh1O.ltrans8.ltrans.o
                0x08009834                EXTI9_5_IRQHandler
 .text.SP1ML_generate_packet
                0x08009868      0x350 /tmp/cchYWh1O.ltrans9.ltrans.o
                0x08009868                SP1ML_generate_packet
 .text.SP1ML_command
                0x08009bb8      0x148 /tmp/cchYWh1O.ltrans9.ltrans.o
                0x08009bb8                SP1ML_command
 .text.SP1ML_rx_tx_data_processor
                0x08009d00      0xe00 /tmp/cchYWh1O.ltrans9.ltrans.o
                0x08009d00                SP1ML_rx_tx_data_processor
 .text.set_rtc_correction
                0x0800ab00       0x5c /tmp/cchYWh1O.ltrans9.ltrans.o
                0x0800ab00                set_rtc_correction
 .text.I2C1_ER_IRQHandler
                0x0800ab5c      0x150 /tmp/cchYWh1O.ltrans10.ltrans.o
                0x0800ab5c                I2C1_ER_IRQHandler
 .text.I2C1_EV_IRQHandler
                0x0800acac      0x608 /tmp/cchYWh1O.ltrans10.ltrans.o
                0x0800acac                I2C1_EV_IRQHandler
 .text.ADC_Configuration
                0x0800b2b4      0x10c /tmp/cchYWh1O.ltrans10.ltrans.o
                0x0800b2b4                ADC_Configuration
 .text.wave_terminate
                0x0800b3c0      0x1c0 /tmp/cchYWh1O.ltrans10.ltrans.o
                0x0800b3c0                wave_terminate
 .text.write_wave_header
                0x0800b580       0xf0 /tmp/cchYWh1O.ltrans10.ltrans.o
                0x0800b580                write_wave_header
 .text.move_window.lto_priv.84
                0x0800b670      0x1a8 /tmp/cchYWh1O.ltrans11.ltrans.o
                0x0800b670                move_window.lto_priv.84
 .text.create_chain.lto_priv.89
                0x0800b818      0x190 /tmp/cchYWh1O.ltrans11.ltrans.o
                0x0800b818                create_chain.lto_priv.89
 .text.sync.lto_priv.80
                0x0800b9a8       0xe0 /tmp/cchYWh1O.ltrans11.ltrans.o
                0x0800b9a8                sync.lto_priv.80
 .text.get_fattime
                0x0800ba88       0x44 /tmp/cchYWh1O.ltrans11.ltrans.o
                0x0800ba88                get_fattime
 .text.Delay    0x0800bacc       0x20 /tmp/cchYWh1O.ltrans11.ltrans.o
                0x0800bacc                Delay
 .text.Add_To_Buffer
                0x0800baec       0x50 /tmp/cchYWh1O.ltrans11.ltrans.o
                0x0800baec                Add_To_Buffer
 .text.unlikely.SCSI_Invalid_Cmd
                0x0800bb3c       0x6c /tmp/cchYWh1O.ltrans11.ltrans.o
                0x0800bb3c                SCSI_Invalid_Cmd
 .text.Get_Max_Lun
                0x0800bba8       0x18 /tmp/cchYWh1O.ltrans12.ltrans.o
 .text.MASS_Get_Interface_Setting
                0x0800bbc0       0x10 /tmp/cchYWh1O.ltrans12.ltrans.o
                0x0800bbc0                MASS_Get_Interface_Setting
 .text.MASS_Data_Setup
                0x0800bbd0       0x38 /tmp/cchYWh1O.ltrans12.ltrans.o
                0x0800bbd0                MASS_Data_Setup
 .text.MASS_Status_In
                0x0800bc08        0x4 /tmp/cchYWh1O.ltrans12.ltrans.o
                0x0800bc08                MASS_Status_In
 .text.MASS_Status_Out
                0x0800bc0c        0x4 /tmp/cchYWh1O.ltrans12.ltrans.o
                0x0800bc0c                MASS_Status_Out
 .text.Mass_Storage_SetDeviceAddress
                0x0800bc10        0xc /tmp/cchYWh1O.ltrans12.ltrans.o
 .text.Mass_Storage_ClearFeature
                0x0800bc1c       0x2c /tmp/cchYWh1O.ltrans12.ltrans.o
 .text.MASS_GetStringDescriptor
                0x0800bc48       0x20 /tmp/cchYWh1O.ltrans12.ltrans.o
                0x0800bc48                MASS_GetStringDescriptor
 .text.MASS_GetConfigDescriptor
                0x0800bc68        0xc /tmp/cchYWh1O.ltrans12.ltrans.o
                0x0800bc68                MASS_GetConfigDescriptor
 .text.MASS_GetDeviceDescriptor
                0x0800bc74        0xc /tmp/cchYWh1O.ltrans12.ltrans.o
                0x0800bc74                MASS_GetDeviceDescriptor
 .text.MASS_NoData_Setup
                0x0800bc80       0x50 /tmp/cchYWh1O.ltrans12.ltrans.o
                0x0800bc80                MASS_NoData_Setup
 .text.Mass_Storage_SetConfiguration
                0x0800bcd0       0x30 /tmp/cchYWh1O.ltrans12.ltrans.o
 .text.MASS_Reset
                0x0800bd00       0xf0 /tmp/cchYWh1O.ltrans12.ltrans.o
                0x0800bd00                MASS_Reset
 .text.SCSI_Write10_Cmd
                0x0800bdf0      0x214 /tmp/cchYWh1O.ltrans12.ltrans.o
                0x0800bdf0                SCSI_Write10_Cmd
 .text.SCSI_Read10_Cmd
                0x0800c004       0xf0 /tmp/cchYWh1O.ltrans12.ltrans.o
                0x0800c004                SCSI_Read10_Cmd
 .text.Resume   0x0800c0f4      0x138 /tmp/cchYWh1O.ltrans12.ltrans.o
                0x0800c0f4                Resume
 .text.SystemInit
                0x0800c22c       0xf8 /tmp/cchYWh1O.ltrans13.ltrans.o
                0x0800c22c                SystemInit
 .text.USB_LP_CAN1_RX0_IRQHandler
                0x0800c324      0x118 /tmp/cchYWh1O.ltrans13.ltrans.o
                0x0800c324                USB_LP_CAN1_RX0_IRQHandler
 .text.USB_HP_CAN1_TX_IRQHandler
                0x0800c43c        0x4 /tmp/cchYWh1O.ltrans13.ltrans.o
                0x0800c43c                USB_HP_CAN1_TX_IRQHandler
 .text.SysTick_Handler
                0x0800c440      0x17c /tmp/cchYWh1O.ltrans13.ltrans.o
                0x0800c440                SysTick_Handler
 .text.EXTI15_10_IRQHandler
                0x0800c5bc       0x68 /tmp/cchYWh1O.ltrans13.ltrans.o
                0x0800c5bc                EXTI15_10_IRQHandler
 .text.ADC1_2_IRQHandler
                0x0800c624       0x70 /tmp/cchYWh1O.ltrans13.ltrans.o
                0x0800c624                ADC1_2_IRQHandler
 .text.EXTI0_IRQHandler
                0x0800c694       0x98 /tmp/cchYWh1O.ltrans13.ltrans.o
                0x0800c694                EXTI0_IRQHandler
 .text.EXTI_ONOFF_EN
                0x0800c72c       0x54 /tmp/cchYWh1O.ltrans13.ltrans.o
                0x0800c72c                EXTI_ONOFF_EN
 .text.I2C_Config
                0x0800c780      0x23c /tmp/cchYWh1O.ltrans13.ltrans.o
                0x0800c780                I2C_Config
 .text.I2C1_Request_Job
                0x0800c9bc       0x78 /tmp/cchYWh1O.ltrans13.ltrans.o
                0x0800c9bc                I2C1_Request_Job
 .text.__str_print_char
                0x0800ca34       0xfc /tmp/cchYWh1O.ltrans14.ltrans.o
                0x0800ca34                __str_print_char
 .text.__fat_print_char
                0x0800cb30       0x58 /tmp/cchYWh1O.ltrans14.ltrans.o
                0x0800cb30                __fat_print_char
 .text.Gps_Send_Utf8
                0x0800cb88       0x30 /tmp/cchYWh1O.ltrans14.ltrans.o
                0x0800cb88                Gps_Send_Utf8
 .text.Usart3_Send_Str
                0x0800cbb8       0x2c /tmp/cchYWh1O.ltrans14.ltrans.o
                0x0800cbb8                Usart3_Send_Str
 .text.Usart_Send_Str
                0x0800cbe4       0xf8 /tmp/cchYWh1O.ltrans14.ltrans.o
                0x0800cbe4                Usart_Send_Str
 .text.shutdown_filesystem
                0x0800ccdc      0x464 /tmp/cchYWh1O.ltrans14.ltrans.o
                0x0800ccdc                shutdown_filesystem
 .text.stm32_spi_rw.constprop.56
                0x0800d140       0x24 /tmp/cchYWh1O.ltrans15.ltrans.o
                0x0800d140                stm32_spi_rw.constprop.56
 .text.disk_write.constprop.53
                0x0800d164       0x84 /tmp/cchYWh1O.ltrans15.ltrans.o
                0x0800d164                disk_write.constprop.53
 .text.unlikely.disk_read.constprop.52
                0x0800d1e8       0x60 /tmp/cchYWh1O.ltrans15.ltrans.o
                0x0800d1e8                disk_read.constprop.52
 .text.unlikely.Set_CSW.constprop.50
                0x0800d248       0x2c /tmp/cchYWh1O.ltrans15.ltrans.o
                0x0800d248                Set_CSW.constprop.50
 .text.dir_next.constprop.30
                0x0800d274       0x88 /tmp/cchYWh1O.ltrans15.ltrans.o
                0x0800d274                dir_next.constprop.30
 .text.unlikely.f_chdir.constprop.25
                0x0800d2fc       0x68 /tmp/cchYWh1O.ltrans15.ltrans.o
                0x0800d2fc                f_chdir.constprop.25
 .text.unlikely.f_stat.constprop.23
                0x0800d364       0x4c /tmp/cchYWh1O.ltrans15.ltrans.o
                0x0800d364                f_stat.constprop.23
 .text.EP1_IN_Callback
                0x0800d3b0       0x88 /tmp/cchYWh1O.ltrans16.ltrans.o
 .text.unlikely.Transfer_Data_Request
                0x0800d438       0x34 /tmp/cchYWh1O.ltrans16.ltrans.o
                0x0800d438                Transfer_Data_Request
 .text.Read_Memory
                0x0800d46c      0x1b4 /tmp/cchYWh1O.ltrans16.ltrans.o
                0x0800d46c                Read_Memory
 .text.MASS_init
                0x0800d620      0x14c /tmp/cchYWh1O.ltrans17.ltrans.o
                0x0800d620                MASS_init
 .text          0x0800d76c       0x3c lib/ARM-GCC/startup_ARMCM3.o
                0x0800d76c                Reset_Handler
                0x0800d7a6                EXTI2_IRQHandler
                0x0800d7a6                DebugMon_Handler
                0x0800d7a6                TIM1_CC_IRQHandler
                0x0800d7a6                HardFault_Handler
                0x0800d7a6                PVD_IRQHandler
                0x0800d7a6                PendSV_Handler
                0x0800d7a6                NMI_Handler
                0x0800d7a6                EXTI3_IRQHandler
                0x0800d7a6                I2C2_EV_IRQHandler
                0x0800d7a6                UsageFault_Handler
                0x0800d7a6                SPI1_IRQHandler
                0x0800d7a6                TAMPER_IRQHandler
                0x0800d7a6                RTC_IRQHandler
                0x0800d7a6                DMA1_Channel7_IRQHandler
                0x0800d7a6                CAN1_RX1_IRQHandler
                0x0800d7a6                TIM4_IRQHandler
                0x0800d7a6                DMA1_Channel6_IRQHandler
                0x0800d7a6                TIM3_IRQHandler
                0x0800d7a6                RCC_IRQHandler
                0x0800d7a6                TIM1_TRG_COM_IRQHandler
                0x0800d7a6                DMA1_Channel1_IRQHandler
                0x0800d7a6                Default_Handler
                0x0800d7a6                SPI2_IRQHandler
                0x0800d7a6                MemManage_Handler
                0x0800d7a6                SVC_Handler
                0x0800d7a6                DMA1_Channel5_IRQHandler
                0x0800d7a6                EXTI4_IRQHandler
                0x0800d7a6                DMA1_Channel3_IRQHandler
                0x0800d7a6                TIM1_UP_IRQHandler
                0x0800d7a6                WWDG_IRQHandler
                0x0800d7a6                TIM2_IRQHandler
                0x0800d7a6                DEF_IRQHandler
                0x0800d7a6                TIM1_BRK_IRQHandler
                0x0800d7a6                EXTI1_IRQHandler
                0x0800d7a6                RTCAlarm_IRQHandler
                0x0800d7a6                USART2_IRQHandler
                0x0800d7a6                I2C2_ER_IRQHandler
                0x0800d7a6                DMA1_Channel2_IRQHandler
                0x0800d7a6                CAN1_SCE_IRQHandler
                0x0800d7a6                FLASH_IRQHandler
                0x0800d7a6                BusFault_Handler
                0x0800d7a6                USBWakeUp_IRQHandler
 .text.NVIC_PriorityGroupConfig
                0x0800d7a8       0x14 lib/STM32F10x_StdPeriph_Driver/libstm32fw.a(misc.o)
                0x0800d7a8                NVIC_PriorityGroupConfig
 .text.NVIC_Init
                0x0800d7bc       0x68 lib/STM32F10x_StdPeriph_Driver/libstm32fw.a(misc.o)
                0x0800d7bc                NVIC_Init
 .text.NVIC_SetVectorTable
                0x0800d824       0x14 lib/STM32F10x_StdPeriph_Driver/libstm32fw.a(misc.o)
                0x0800d824                NVIC_SetVectorTable
 .text.SysTick_CLKSourceConfig
                0x0800d838       0x18 lib/STM32F10x_StdPeriph_Driver/libstm32fw.a(misc.o)
                0x0800d838                SysTick_CLKSourceConfig
 .text.ADC_DeInit
                0x0800d850       0x5c lib/STM32F10x_StdPeriph_Driver/libstm32fw.a(stm32f10x_adc.o)
                0x0800d850                ADC_DeInit
 .text.ADC_Init
                0x0800d8ac       0x48 lib/STM32F10x_StdPeriph_Driver/libstm32fw.a(stm32f10x_adc.o)
                0x0800d8ac                ADC_Init
 .text.ADC_Cmd  0x0800d8f4       0x12 lib/STM32F10x_StdPeriph_Driver/libstm32fw.a(stm32f10x_adc.o)
                0x0800d8f4                ADC_Cmd
 .text.ADC_ITConfig
                0x0800d906       0x12 lib/STM32F10x_StdPeriph_Driver/libstm32fw.a(stm32f10x_adc.o)
                0x0800d906                ADC_ITConfig
 .text.ADC_ResetCalibration
                0x0800d918        0xa lib/STM32F10x_StdPeriph_Driver/libstm32fw.a(stm32f10x_adc.o)
                0x0800d918                ADC_ResetCalibration
 .text.ADC_GetResetCalibrationStatus
                0x0800d922        0x8 lib/STM32F10x_StdPeriph_Driver/libstm32fw.a(stm32f10x_adc.o)
                0x0800d922                ADC_GetResetCalibrationStatus
 .text.ADC_StartCalibration
                0x0800d92a        0xa lib/STM32F10x_StdPeriph_Driver/libstm32fw.a(stm32f10x_adc.o)
                0x0800d92a                ADC_StartCalibration
 .text.ADC_GetCalibrationStatus
                0x0800d934        0x8 lib/STM32F10x_StdPeriph_Driver/libstm32fw.a(stm32f10x_adc.o)
                0x0800d934                ADC_GetCalibrationStatus
 .text.ADC_SoftwareStartConvCmd
                0x0800d93c       0x12 lib/STM32F10x_StdPeriph_Driver/libstm32fw.a(stm32f10x_adc.o)
                0x0800d93c                ADC_SoftwareStartConvCmd
 .text.ADC_RegularChannelConfig
                0x0800d94e       0x9a lib/STM32F10x_StdPeriph_Driver/libstm32fw.a(stm32f10x_adc.o)
                0x0800d94e                ADC_RegularChannelConfig
 .text.ADC_GetConversionValue
                0x0800d9e8        0x6 lib/STM32F10x_StdPeriph_Driver/libstm32fw.a(stm32f10x_adc.o)
                0x0800d9e8                ADC_GetConversionValue
 .text.ADC_ExternalTrigInjectedConvConfig
                0x0800d9ee        0xc lib/STM32F10x_StdPeriph_Driver/libstm32fw.a(stm32f10x_adc.o)
                0x0800d9ee                ADC_ExternalTrigInjectedConvConfig
 .text.ADC_SoftwareStartInjectedConvCmd
                0x0800d9fa       0x12 lib/STM32F10x_StdPeriph_Driver/libstm32fw.a(stm32f10x_adc.o)
                0x0800d9fa                ADC_SoftwareStartInjectedConvCmd
 .text.ADC_InjectedChannelConfig
                0x0800da0c       0x60 lib/STM32F10x_StdPeriph_Driver/libstm32fw.a(stm32f10x_adc.o)
                0x0800da0c                ADC_InjectedChannelConfig
 .text.ADC_InjectedSequencerLengthConfig
                0x0800da6c       0x10 lib/STM32F10x_StdPeriph_Driver/libstm32fw.a(stm32f10x_adc.o)
                0x0800da6c                ADC_InjectedSequencerLengthConfig
 .text.ADC_GetInjectedConversionValue
                0x0800da7c       0x1a lib/STM32F10x_StdPeriph_Driver/libstm32fw.a(stm32f10x_adc.o)
                0x0800da7c                ADC_GetInjectedConversionValue
 .text.ADC_AnalogWatchdogCmd
                0x0800da96       0x10 lib/STM32F10x_StdPeriph_Driver/libstm32fw.a(stm32f10x_adc.o)
                0x0800da96                ADC_AnalogWatchdogCmd
 .text.ADC_AnalogWatchdogThresholdsConfig
                0x0800daa6        0x6 lib/STM32F10x_StdPeriph_Driver/libstm32fw.a(stm32f10x_adc.o)
                0x0800daa6                ADC_AnalogWatchdogThresholdsConfig
 .text.ADC_AnalogWatchdogSingleChannelConfig
                0x0800daac        0xc lib/STM32F10x_StdPeriph_Driver/libstm32fw.a(stm32f10x_adc.o)
                0x0800daac                ADC_AnalogWatchdogSingleChannelConfig
 .text.ADC_GetFlagStatus
                0x0800dab8        0xc lib/STM32F10x_StdPeriph_Driver/libstm32fw.a(stm32f10x_adc.o)
                0x0800dab8                ADC_GetFlagStatus
 .text.ADC_ClearFlag
                0x0800dac4        0x6 lib/STM32F10x_StdPeriph_Driver/libstm32fw.a(stm32f10x_adc.o)
                0x0800dac4                ADC_ClearFlag
 .text.ADC_GetITStatus
                0x0800daca       0x16 lib/STM32F10x_StdPeriph_Driver/libstm32fw.a(stm32f10x_adc.o)
                0x0800daca                ADC_GetITStatus
 .text.ADC_ClearITPendingBit
                0x0800dae0        0x8 lib/STM32F10x_StdPeriph_Driver/libstm32fw.a(stm32f10x_adc.o)
                0x0800dae0                ADC_ClearITPendingBit
 .text.BKP_DeInit
                0x0800dae8       0x12 lib/STM32F10x_StdPeriph_Driver/libstm32fw.a(stm32f10x_bkp.o)
                0x0800dae8                BKP_DeInit
 *fill*         0x0800dafa        0x2 
 .text.BKP_RTCOutputConfig
                0x0800dafc       0x18 lib/STM32F10x_StdPeriph_Driver/libstm32fw.a(stm32f10x_bkp.o)
                0x0800dafc                BKP_RTCOutputConfig
 .text.BKP_SetRTCCalibrationValue
                0x0800db14       0x18 lib/STM32F10x_StdPeriph_Driver/libstm32fw.a(stm32f10x_bkp.o)
                0x0800db14                BKP_SetRTCCalibrationValue
 .text.BKP_WriteBackupRegister
                0x0800db2c       0x1c lib/STM32F10x_StdPeriph_Driver/libstm32fw.a(stm32f10x_bkp.o)
                0x0800db2c                BKP_WriteBackupRegister
 .text.BKP_ReadBackupRegister
                0x0800db48       0x20 lib/STM32F10x_StdPeriph_Driver/libstm32fw.a(stm32f10x_bkp.o)
                0x0800db48                BKP_ReadBackupRegister
 .text.DBGMCU_Config
                0x0800db68       0x18 lib/STM32F10x_StdPeriph_Driver/libstm32fw.a(stm32f10x_dbgmcu.o)
                0x0800db68                DBGMCU_Config
 .text.DMA_DeInit
                0x0800db80       0xec lib/STM32F10x_StdPeriph_Driver/libstm32fw.a(stm32f10x_dma.o)
                0x0800db80                DMA_DeInit
 .text.DMA_Init
                0x0800dc6c       0x40 lib/STM32F10x_StdPeriph_Driver/libstm32fw.a(stm32f10x_dma.o)
                0x0800dc6c                DMA_Init
 .text.DMA_Cmd  0x0800dcac       0x12 lib/STM32F10x_StdPeriph_Driver/libstm32fw.a(stm32f10x_dma.o)
                0x0800dcac                DMA_Cmd
 .text.DMA_ITConfig
                0x0800dcbe       0x10 lib/STM32F10x_StdPeriph_Driver/libstm32fw.a(stm32f10x_dma.o)
                0x0800dcbe                DMA_ITConfig
 .text.DMA_GetCurrDataCounter
                0x0800dcce        0x6 lib/STM32F10x_StdPeriph_Driver/libstm32fw.a(stm32f10x_dma.o)
                0x0800dcce                DMA_GetCurrDataCounter
 .text.DMA_GetFlagStatus
                0x0800dcd4       0x1c lib/STM32F10x_StdPeriph_Driver/libstm32fw.a(stm32f10x_dma.o)
                0x0800dcd4                DMA_GetFlagStatus
 .text.DMA_ClearFlag
                0x0800dcf0       0x14 lib/STM32F10x_StdPeriph_Driver/libstm32fw.a(stm32f10x_dma.o)
                0x0800dcf0                DMA_ClearFlag
 .text.DMA_GetITStatus
                0x0800dd04       0x1c lib/STM32F10x_StdPeriph_Driver/libstm32fw.a(stm32f10x_dma.o)
                0x0800dd04                DMA_GetITStatus
 .text.DMA_ClearITPendingBit
                0x0800dd20       0x14 lib/STM32F10x_StdPeriph_Driver/libstm32fw.a(stm32f10x_dma.o)
                0x0800dd20                DMA_ClearITPendingBit
 .text.EXTI_DeInit
                0x0800dd34       0x1c lib/STM32F10x_StdPeriph_Driver/libstm32fw.a(stm32f10x_exti.o)
                0x0800dd34                EXTI_DeInit
 .text.EXTI_Init
                0x0800dd50       0x88 lib/STM32F10x_StdPeriph_Driver/libstm32fw.a(stm32f10x_exti.o)
                0x0800dd50                EXTI_Init
 .text.EXTI_GenerateSWInterrupt
                0x0800ddd8       0x10 lib/STM32F10x_StdPeriph_Driver/libstm32fw.a(stm32f10x_exti.o)
                0x0800ddd8                EXTI_GenerateSWInterrupt
 .text.EXTI_GetITStatus
                0x0800dde8       0x20 lib/STM32F10x_StdPeriph_Driver/libstm32fw.a(stm32f10x_exti.o)
                0x0800dde8                EXTI_GetITStatus
 .text.EXTI_ClearITPendingBit
                0x0800de08        0xc lib/STM32F10x_StdPeriph_Driver/libstm32fw.a(stm32f10x_exti.o)
                0x0800de08                EXTI_ClearITPendingBit
 .text.GPIO_Init
                0x0800de14       0x9a lib/STM32F10x_StdPeriph_Driver/libstm32fw.a(stm32f10x_gpio.o)
                0x0800de14                GPIO_Init
 .text.GPIO_StructInit
                0x0800deae       0x10 lib/STM32F10x_StdPeriph_Driver/libstm32fw.a(stm32f10x_gpio.o)
                0x0800deae                GPIO_StructInit
 .text.GPIO_ReadInputDataBit
                0x0800debe        0xc lib/STM32F10x_StdPeriph_Driver/libstm32fw.a(stm32f10x_gpio.o)
                0x0800debe                GPIO_ReadInputDataBit
 .text.GPIO_SetBits
                0x0800deca        0x4 lib/STM32F10x_StdPeriph_Driver/libstm32fw.a(stm32f10x_gpio.o)
                0x0800deca                GPIO_SetBits
 .text.GPIO_ResetBits
                0x0800dece        0x4 lib/STM32F10x_StdPeriph_Driver/libstm32fw.a(stm32f10x_gpio.o)
                0x0800dece                GPIO_ResetBits
 .text.GPIO_WriteBit
                0x0800ded2        0xa lib/STM32F10x_StdPeriph_Driver/libstm32fw.a(stm32f10x_gpio.o)
                0x0800ded2                GPIO_WriteBit
 .text.GPIO_PinRemapConfig
                0x0800dedc       0x58 lib/STM32F10x_StdPeriph_Driver/libstm32fw.a(stm32f10x_gpio.o)
                0x0800dedc                GPIO_PinRemapConfig
 .text.GPIO_EXTILineConfig
                0x0800df34       0x34 lib/STM32F10x_StdPeriph_Driver/libstm32fw.a(stm32f10x_gpio.o)
                0x0800df34                GPIO_EXTILineConfig
 .text.I2C_DeInit
                0x0800df68       0x34 lib/STM32F10x_StdPeriph_Driver/libstm32fw.a(stm32f10x_i2c.o)
                0x0800df68                I2C_DeInit
 .text.I2C_Init
                0x0800df9c       0xd4 lib/STM32F10x_StdPeriph_Driver/libstm32fw.a(stm32f10x_i2c.o)
                0x0800df9c                I2C_Init
 .text.I2C_Cmd  0x0800e070       0x18 lib/STM32F10x_StdPeriph_Driver/libstm32fw.a(stm32f10x_i2c.o)
                0x0800e070                I2C_Cmd
 .text.I2C_GenerateSTART
                0x0800e088       0x18 lib/STM32F10x_StdPeriph_Driver/libstm32fw.a(stm32f10x_i2c.o)
                0x0800e088                I2C_GenerateSTART
 .text.I2C_GenerateSTOP
                0x0800e0a0       0x18 lib/STM32F10x_StdPeriph_Driver/libstm32fw.a(stm32f10x_i2c.o)
                0x0800e0a0                I2C_GenerateSTOP
 .text.I2C_AcknowledgeConfig
                0x0800e0b8       0x18 lib/STM32F10x_StdPeriph_Driver/libstm32fw.a(stm32f10x_i2c.o)
                0x0800e0b8                I2C_AcknowledgeConfig
 .text.I2C_ITConfig
                0x0800e0d0       0x12 lib/STM32F10x_StdPeriph_Driver/libstm32fw.a(stm32f10x_i2c.o)
                0x0800e0d0                I2C_ITConfig
 .text.I2C_SendData
                0x0800e0e2        0x4 lib/STM32F10x_StdPeriph_Driver/libstm32fw.a(stm32f10x_i2c.o)
                0x0800e0e2                I2C_SendData
 .text.I2C_ReceiveData
                0x0800e0e6        0x6 lib/STM32F10x_StdPeriph_Driver/libstm32fw.a(stm32f10x_i2c.o)
                0x0800e0e6                I2C_ReceiveData
 .text.I2C_Send7bitAddress
                0x0800e0ec       0x10 lib/STM32F10x_StdPeriph_Driver/libstm32fw.a(stm32f10x_i2c.o)
                0x0800e0ec                I2C_Send7bitAddress
 .text.I2C_SoftwareResetCmd
                0x0800e0fc       0x18 lib/STM32F10x_StdPeriph_Driver/libstm32fw.a(stm32f10x_i2c.o)
                0x0800e0fc                I2C_SoftwareResetCmd
 .text.IWDG_WriteAccessCmd
                0x0800e114        0xc lib/STM32F10x_StdPeriph_Driver/libstm32fw.a(stm32f10x_iwdg.o)
                0x0800e114                IWDG_WriteAccessCmd
 .text.IWDG_SetPrescaler
                0x0800e120        0xc lib/STM32F10x_StdPeriph_Driver/libstm32fw.a(stm32f10x_iwdg.o)
                0x0800e120                IWDG_SetPrescaler
 .text.IWDG_SetReload
                0x0800e12c        0xc lib/STM32F10x_StdPeriph_Driver/libstm32fw.a(stm32f10x_iwdg.o)
                0x0800e12c                IWDG_SetReload
 .text.IWDG_ReloadCounter
                0x0800e138       0x10 lib/STM32F10x_StdPeriph_Driver/libstm32fw.a(stm32f10x_iwdg.o)
                0x0800e138                IWDG_ReloadCounter
 .text.IWDG_Enable
                0x0800e148       0x10 lib/STM32F10x_StdPeriph_Driver/libstm32fw.a(stm32f10x_iwdg.o)
                0x0800e148                IWDG_Enable
 .text.PWR_DeInit
                0x0800e158       0x1a lib/STM32F10x_StdPeriph_Driver/libstm32fw.a(stm32f10x_pwr.o)
                0x0800e158                PWR_DeInit
 *fill*         0x0800e172        0x2 
 .text.PWR_BackupAccessCmd
                0x0800e174        0xc lib/STM32F10x_StdPeriph_Driver/libstm32fw.a(stm32f10x_pwr.o)
                0x0800e174                PWR_BackupAccessCmd
 .text.PWR_WakeUpPinCmd
                0x0800e180        0xc lib/STM32F10x_StdPeriph_Driver/libstm32fw.a(stm32f10x_pwr.o)
                0x0800e180                PWR_WakeUpPinCmd
 .text.PWR_EnterSTANDBYMode
                0x0800e18c       0x28 lib/STM32F10x_StdPeriph_Driver/libstm32fw.a(stm32f10x_pwr.o)
                0x0800e18c                PWR_EnterSTANDBYMode
 .text.RCC_HCLKConfig
                0x0800e1b4       0x14 lib/STM32F10x_StdPeriph_Driver/libstm32fw.a(stm32f10x_rcc.o)
                0x0800e1b4                RCC_HCLKConfig
 .text.RCC_USBCLKConfig
                0x0800e1c8        0xc lib/STM32F10x_StdPeriph_Driver/libstm32fw.a(stm32f10x_rcc.o)
                0x0800e1c8                RCC_USBCLKConfig
 .text.RCC_ADCCLKConfig
                0x0800e1d4       0x14 lib/STM32F10x_StdPeriph_Driver/libstm32fw.a(stm32f10x_rcc.o)
                0x0800e1d4                RCC_ADCCLKConfig
 .text.RCC_LSEConfig
                0x0800e1e8       0x20 lib/STM32F10x_StdPeriph_Driver/libstm32fw.a(stm32f10x_rcc.o)
                0x0800e1e8                RCC_LSEConfig
 .text.RCC_RTCCLKConfig
                0x0800e208       0x10 lib/STM32F10x_StdPeriph_Driver/libstm32fw.a(stm32f10x_rcc.o)
                0x0800e208                RCC_RTCCLKConfig
 .text.RCC_RTCCLKCmd
                0x0800e218        0xc lib/STM32F10x_StdPeriph_Driver/libstm32fw.a(stm32f10x_rcc.o)
                0x0800e218                RCC_RTCCLKCmd
 .text.RCC_GetClocksFreq
                0x0800e224       0x9c lib/STM32F10x_StdPeriph_Driver/libstm32fw.a(stm32f10x_rcc.o)
                0x0800e224                RCC_GetClocksFreq
 .text.RCC_AHBPeriphClockCmd
                0x0800e2c0       0x18 lib/STM32F10x_StdPeriph_Driver/libstm32fw.a(stm32f10x_rcc.o)
                0x0800e2c0                RCC_AHBPeriphClockCmd
 .text.RCC_APB2PeriphClockCmd
                0x0800e2d8       0x18 lib/STM32F10x_StdPeriph_Driver/libstm32fw.a(stm32f10x_rcc.o)
                0x0800e2d8                RCC_APB2PeriphClockCmd
 .text.RCC_APB1PeriphClockCmd
                0x0800e2f0       0x18 lib/STM32F10x_StdPeriph_Driver/libstm32fw.a(stm32f10x_rcc.o)
                0x0800e2f0                RCC_APB1PeriphClockCmd
 .text.RCC_APB2PeriphResetCmd
                0x0800e308       0x18 lib/STM32F10x_StdPeriph_Driver/libstm32fw.a(stm32f10x_rcc.o)
                0x0800e308                RCC_APB2PeriphResetCmd
 .text.RCC_APB1PeriphResetCmd
                0x0800e320       0x18 lib/STM32F10x_StdPeriph_Driver/libstm32fw.a(stm32f10x_rcc.o)
                0x0800e320                RCC_APB1PeriphResetCmd
 .text.RCC_BackupResetCmd
                0x0800e338        0xc lib/STM32F10x_StdPeriph_Driver/libstm32fw.a(stm32f10x_rcc.o)
                0x0800e338                RCC_BackupResetCmd
 .text.RCC_GetFlagStatus
                0x0800e344       0x28 lib/STM32F10x_StdPeriph_Driver/libstm32fw.a(stm32f10x_rcc.o)
                0x0800e344                RCC_GetFlagStatus
 .text.RTC_EnterConfigMode
                0x0800e36c       0x14 lib/STM32F10x_StdPeriph_Driver/libstm32fw.a(stm32f10x_rtc.o)
                0x0800e36c                RTC_EnterConfigMode
 .text.RTC_ExitConfigMode
                0x0800e380       0x14 lib/STM32F10x_StdPeriph_Driver/libstm32fw.a(stm32f10x_rtc.o)
                0x0800e380                RTC_ExitConfigMode
 .text.RTC_GetCounter
                0x0800e394       0x14 lib/STM32F10x_StdPeriph_Driver/libstm32fw.a(stm32f10x_rtc.o)
                0x0800e394                RTC_GetCounter
 .text.RTC_SetCounter
                0x0800e3a8       0x20 lib/STM32F10x_StdPeriph_Driver/libstm32fw.a(stm32f10x_rtc.o)
                0x0800e3a8                RTC_SetCounter
 .text.RTC_SetPrescaler
                0x0800e3c8       0x20 lib/STM32F10x_StdPeriph_Driver/libstm32fw.a(stm32f10x_rtc.o)
                0x0800e3c8                RTC_SetPrescaler
 .text.RTC_WaitForLastTask
                0x0800e3e8       0x14 lib/STM32F10x_StdPeriph_Driver/libstm32fw.a(stm32f10x_rtc.o)
                0x0800e3e8                RTC_WaitForLastTask
 .text.RTC_WaitForSynchro
                0x0800e3fc       0x24 lib/STM32F10x_StdPeriph_Driver/libstm32fw.a(stm32f10x_rtc.o)
                0x0800e3fc                RTC_WaitForSynchro
 .text.SPI_Init
                0x0800e420       0x3e lib/STM32F10x_StdPeriph_Driver/libstm32fw.a(stm32f10x_spi.o)
                0x0800e420                SPI_Init
 .text.SPI_StructInit
                0x0800e45e       0x18 lib/STM32F10x_StdPeriph_Driver/libstm32fw.a(stm32f10x_spi.o)
                0x0800e45e                SPI_StructInit
 .text.SPI_Cmd  0x0800e476       0x18 lib/STM32F10x_StdPeriph_Driver/libstm32fw.a(stm32f10x_spi.o)
                0x0800e476                SPI_Cmd
 .text.SPI_I2S_DMACmd
                0x0800e48e       0x12 lib/STM32F10x_StdPeriph_Driver/libstm32fw.a(stm32f10x_spi.o)
                0x0800e48e                SPI_I2S_DMACmd
 .text.SPI_I2S_SendData
                0x0800e4a0        0x4 lib/STM32F10x_StdPeriph_Driver/libstm32fw.a(stm32f10x_spi.o)
                0x0800e4a0                SPI_I2S_SendData
 .text.SPI_I2S_ReceiveData
                0x0800e4a4        0x6 lib/STM32F10x_StdPeriph_Driver/libstm32fw.a(stm32f10x_spi.o)
                0x0800e4a4                SPI_I2S_ReceiveData
 .text.SPI_CalculateCRC
                0x0800e4aa       0x18 lib/STM32F10x_StdPeriph_Driver/libstm32fw.a(stm32f10x_spi.o)
                0x0800e4aa                SPI_CalculateCRC
 .text.SPI_I2S_GetFlagStatus
                0x0800e4c2        0xc lib/STM32F10x_StdPeriph_Driver/libstm32fw.a(stm32f10x_spi.o)
                0x0800e4c2                SPI_I2S_GetFlagStatus
 *fill*         0x0800e4ce        0x2 
 .text.TIM_DeInit
                0x0800e4d0       0xc8 lib/STM32F10x_StdPeriph_Driver/libstm32fw.a(stm32f10x_tim.o)
                0x0800e4d0                TIM_DeInit
 .text.TIM_TimeBaseInit
                0x0800e598       0x3c lib/STM32F10x_StdPeriph_Driver/libstm32fw.a(stm32f10x_tim.o)
                0x0800e598                TIM_TimeBaseInit
 .text.TIM_OC4Init
                0x0800e5d4       0x68 lib/STM32F10x_StdPeriph_Driver/libstm32fw.a(stm32f10x_tim.o)
                0x0800e5d4                TIM_OC4Init
 .text.TIM_Cmd  0x0800e63c       0x18 lib/STM32F10x_StdPeriph_Driver/libstm32fw.a(stm32f10x_tim.o)
                0x0800e63c                TIM_Cmd
 .text.TIM_OC4PreloadConfig
                0x0800e654       0x14 lib/STM32F10x_StdPeriph_Driver/libstm32fw.a(stm32f10x_tim.o)
                0x0800e654                TIM_OC4PreloadConfig
 .text.USART_DeInit
                0x0800e668       0x98 lib/STM32F10x_StdPeriph_Driver/libstm32fw.a(stm32f10x_usart.o)
                0x0800e668                USART_DeInit
 .text.USART_Init
                0x0800e700       0x88 lib/STM32F10x_StdPeriph_Driver/libstm32fw.a(stm32f10x_usart.o)
                0x0800e700                USART_Init
 .text.USART_Cmd
                0x0800e788       0x18 lib/STM32F10x_StdPeriph_Driver/libstm32fw.a(stm32f10x_usart.o)
                0x0800e788                USART_Cmd
 .text.USART_ITConfig
                0x0800e7a0       0x34 lib/STM32F10x_StdPeriph_Driver/libstm32fw.a(stm32f10x_usart.o)
                0x0800e7a0                USART_ITConfig
 .text.USART_DMACmd
                0x0800e7d4       0x12 lib/STM32F10x_StdPeriph_Driver/libstm32fw.a(stm32f10x_usart.o)
                0x0800e7d4                USART_DMACmd
 .text.USART_SendData
                0x0800e7e6        0x8 lib/STM32F10x_StdPeriph_Driver/libstm32fw.a(stm32f10x_usart.o)
                0x0800e7e6                USART_SendData
 .text.USART_ReceiveData
                0x0800e7ee        0x8 lib/STM32F10x_StdPeriph_Driver/libstm32fw.a(stm32f10x_usart.o)
                0x0800e7ee                USART_ReceiveData
 .text.USART_GetFlagStatus
                0x0800e7f6        0xc lib/STM32F10x_StdPeriph_Driver/libstm32fw.a(stm32f10x_usart.o)
                0x0800e7f6                USART_GetFlagStatus
 .text.USART_GetITStatus
                0x0800e802       0x40 lib/STM32F10x_StdPeriph_Driver/libstm32fw.a(stm32f10x_usart.o)
                0x0800e802                USART_GetITStatus
 .text.USART_ClearITPendingBit
                0x0800e842       0x10 lib/STM32F10x_StdPeriph_Driver/libstm32fw.a(stm32f10x_usart.o)
                0x0800e842                USART_ClearITPendingBit
 *fill*         0x0800e852        0x2 
 .text.Standard_GetConfiguration
                0x0800e854       0x24 lib/STM32_USB-FS-Device_Driver/libstm32usb.a(usb_core.o)
                0x0800e854                Standard_GetConfiguration
 .text.Standard_GetInterface
                0x0800e878       0x24 lib/STM32_USB-FS-Device_Driver/libstm32usb.a(usb_core.o)
                0x0800e878                Standard_GetInterface
 .text.Standard_GetStatus
                0x0800e89c       0x9c lib/STM32_USB-FS-Device_Driver/libstm32usb.a(usb_core.o)
                0x0800e89c                Standard_GetStatus
 .text.DataStageIn
                0x0800e938       0xa4 lib/STM32_USB-FS-Device_Driver/libstm32usb.a(usb_core.o)
 .text.Standard_SetConfiguration
                0x0800e9dc       0x38 lib/STM32_USB-FS-Device_Driver/libstm32usb.a(usb_core.o)
                0x0800e9dc                Standard_SetConfiguration
 .text.Standard_SetInterface
                0x0800ea14       0x48 lib/STM32_USB-FS-Device_Driver/libstm32usb.a(usb_core.o)
                0x0800ea14                Standard_SetInterface
 .text.Standard_ClearFeature
                0x0800ea5c       0xdc lib/STM32_USB-FS-Device_Driver/libstm32usb.a(usb_core.o)
                0x0800ea5c                Standard_ClearFeature
 .text.Standard_SetEndPointFeature
                0x0800eb38       0x8c lib/STM32_USB-FS-Device_Driver/libstm32usb.a(usb_core.o)
                0x0800eb38                Standard_SetEndPointFeature
 .text.Standard_SetDeviceFeature
                0x0800ebc4       0x24 lib/STM32_USB-FS-Device_Driver/libstm32usb.a(usb_core.o)
                0x0800ebc4                Standard_SetDeviceFeature
 .text.Standard_GetDescriptorData
                0x0800ebe8       0x1c lib/STM32_USB-FS-Device_Driver/libstm32usb.a(usb_core.o)
                0x0800ebe8                Standard_GetDescriptorData
 .text.Post0_Process
                0x0800ec04       0x40 lib/STM32_USB-FS-Device_Driver/libstm32usb.a(usb_core.o)
                0x0800ec04                Post0_Process
 .text.Out0_Process
                0x0800ec44       0xd4 lib/STM32_USB-FS-Device_Driver/libstm32usb.a(usb_core.o)
                0x0800ec44                Out0_Process
 .text.Setup0_Process
                0x0800ed18      0x2f8 lib/STM32_USB-FS-Device_Driver/libstm32usb.a(usb_core.o)
                0x0800ed18                Setup0_Process
 .text.SetDeviceAddress
                0x0800f010       0x40 lib/STM32_USB-FS-Device_Driver/libstm32usb.a(usb_core.o)
                0x0800f010                SetDeviceAddress
 .text.In0_Process
                0x0800f050       0x60 lib/STM32_USB-FS-Device_Driver/libstm32usb.a(usb_core.o)
                0x0800f050                In0_Process
 .text.NOP_Process
                0x0800f0b0        0x2 lib/STM32_USB-FS-Device_Driver/libstm32usb.a(usb_core.o)
                0x0800f0b0                NOP_Process
 *fill*         0x0800f0b2        0x2 
 .text.USB_Init
                0x0800f0b4       0x38 lib/STM32_USB-FS-Device_Driver/libstm32usb.a(usb_init.o)
                0x0800f0b4                USB_Init
 .text.CTR_LP   0x0800f0ec      0x190 lib/STM32_USB-FS-Device_Driver/libstm32usb.a(usb_int.o)
                0x0800f0ec                CTR_LP
 .text.CTR_HP   0x0800f27c       0x74 lib/STM32_USB-FS-Device_Driver/libstm32usb.a(usb_int.o)
                0x0800f27c                CTR_HP
 .text.UserToPMABufferCopy
                0x0800f2f0       0x2e lib/STM32_USB-FS-Device_Driver/libstm32usb.a(usb_mem.o)
                0x0800f2f0                UserToPMABufferCopy
 .text.PMAToUserBufferCopy
                0x0800f31e       0x24 lib/STM32_USB-FS-Device_Driver/libstm32usb.a(usb_mem.o)
                0x0800f31e                PMAToUserBufferCopy
 *fill*         0x0800f342        0x2 
 .text.SetBTABLE
                0x0800f344       0x10 lib/STM32_USB-FS-Device_Driver/libstm32usb.a(usb_regs.o)
                0x0800f344                SetBTABLE
 .text.SetEPType
                0x0800f354       0x18 lib/STM32_USB-FS-Device_Driver/libstm32usb.a(usb_regs.o)
                0x0800f354                SetEPType
 .text.SetEPTxStatus
                0x0800f36c       0x3a lib/STM32_USB-FS-Device_Driver/libstm32usb.a(usb_regs.o)
                0x0800f36c                SetEPTxStatus
 .text.SetEPRxStatus
                0x0800f3a6       0x3a lib/STM32_USB-FS-Device_Driver/libstm32usb.a(usb_regs.o)
                0x0800f3a6                SetEPRxStatus
 .text.SetEPRxValid
                0x0800f3e0       0x22 lib/STM32_USB-FS-Device_Driver/libstm32usb.a(usb_regs.o)
                0x0800f3e0                SetEPRxValid
 .text.Clear_Status_Out
                0x0800f402       0x1e lib/STM32_USB-FS-Device_Driver/libstm32usb.a(usb_regs.o)
                0x0800f402                Clear_Status_Out
 .text.ClearDTOG_RX
                0x0800f420       0x24 lib/STM32_USB-FS-Device_Driver/libstm32usb.a(usb_regs.o)
                0x0800f420                ClearDTOG_RX
 .text.ClearDTOG_TX
                0x0800f444       0x24 lib/STM32_USB-FS-Device_Driver/libstm32usb.a(usb_regs.o)
                0x0800f444                ClearDTOG_TX
 .text.SetEPTxAddr
                0x0800f468       0x20 lib/STM32_USB-FS-Device_Driver/libstm32usb.a(usb_regs.o)
                0x0800f468                SetEPTxAddr
 .text.SetEPRxAddr
                0x0800f488       0x20 lib/STM32_USB-FS-Device_Driver/libstm32usb.a(usb_regs.o)
                0x0800f488                SetEPRxAddr
 .text.GetEPTxAddr
                0x0800f4a8       0x1c lib/STM32_USB-FS-Device_Driver/libstm32usb.a(usb_regs.o)
                0x0800f4a8                GetEPTxAddr
 .text.GetEPRxAddr
                0x0800f4c4       0x1c lib/STM32_USB-FS-Device_Driver/libstm32usb.a(usb_regs.o)
                0x0800f4c4                GetEPRxAddr
 .text.SetEPTxCount
                0x0800f4e0       0x1c lib/STM32_USB-FS-Device_Driver/libstm32usb.a(usb_regs.o)
                0x0800f4e0                SetEPTxCount
 .text.SetEPRxCount
                0x0800f4fc       0x3c lib/STM32_USB-FS-Device_Driver/libstm32usb.a(usb_regs.o)
                0x0800f4fc                SetEPRxCount
 .text.GetEPRxCount
                0x0800f538       0x20 lib/STM32_USB-FS-Device_Driver/libstm32usb.a(usb_regs.o)
                0x0800f538                GetEPRxCount
 .text.ByteSwap
                0x0800f558        0xa lib/STM32_USB-FS-Device_Driver/libstm32usb.a(usb_regs.o)
                0x0800f558                ByteSwap
 *fill*         0x0800f562        0x2 
 .text.USB_SIL_Init
                0x0800f564       0x20 lib/STM32_USB-FS-Device_Driver/libstm32usb.a(usb_sil.o)
                0x0800f564                USB_SIL_Init
 .text.USB_SIL_Write
                0x0800f584       0x28 lib/STM32_USB-FS-Device_Driver/libstm32usb.a(usb_sil.o)
                0x0800f584                USB_SIL_Write
 .text.USB_SIL_Read
                0x0800f5ac       0x24 lib/STM32_USB-FS-Device_Driver/libstm32usb.a(usb_sil.o)
                0x0800f5ac                USB_SIL_Read
 .text.exit     0x0800f5d0       0x28 /home/laurence/ARM-GCC/bin/../lib/gcc/arm-none-eabi/5.3.1/../../../../arm-none-eabi/lib/armv7-m/libg_nano.a(lib_a-exit.o)
                0x0800f5d0                exit
 .text.__libc_init_array
                0x0800f5f8       0x4c /home/laurence/ARM-GCC/bin/../lib/gcc/arm-none-eabi/5.3.1/../../../../arm-none-eabi/lib/armv7-m/libg_nano.a(lib_a-init.o)
                0x0800f5f8                __libc_init_array
 .text.memset   0x0800f644       0x10 /home/laurence/ARM-GCC/bin/../lib/gcc/arm-none-eabi/5.3.1/../../../../arm-none-eabi/lib/armv7-m/libg_nano.a(lib_a-memset.o)
                0x0800f644                memset
 .text.srand    0x0800f654       0x50 /home/laurence/ARM-GCC/bin/../lib/gcc/arm-none-eabi/5.3.1/../../../../arm-none-eabi/lib/armv7-m/libg_nano.a(lib_a-rand.o)
                0x0800f654                srand
 .text.rand     0x0800f6a4       0x74 /home/laurence/ARM-GCC/bin/../lib/gcc/arm-none-eabi/5.3.1/../../../../arm-none-eabi/lib/armv7-m/libg_nano.a(lib_a-rand.o)
                0x0800f6a4                rand
 .text.malloc   0x0800f718       0x10 /home/laurence/ARM-GCC/bin/../lib/gcc/arm-none-eabi/5.3.1/../../../../arm-none-eabi/lib/armv7-m/libg_nano.a(lib_a-malloc.o)
                0x0800f718                malloc
 .text._malloc_r
                0x0800f728       0xa8 /home/laurence/ARM-GCC/bin/../lib/gcc/arm-none-eabi/5.3.1/../../../../arm-none-eabi/lib/armv7-m/libg_nano.a(lib_a-nano-mallocr.o)
                0x0800f728                _malloc_r
 .text._sbrk_r  0x0800f7d0       0x20 /home/laurence/ARM-GCC/bin/../lib/gcc/arm-none-eabi/5.3.1/../../../../arm-none-eabi/lib/armv7-m/libg_nano.a(lib_a-sbrkr.o)
                0x0800f7d0                _sbrk_r
 .text._sbrk    0x0800f7f0       0x1c /home/laurence/ARM-GCC/bin/../lib/gcc/arm-none-eabi/5.3.1/../../../../arm-none-eabi/lib/armv7-m/libnosys.a(sbrk.o)
                0x0800f7f0                _sbrk
 .text._exit    0x0800f80c        0x4 /home/laurence/ARM-GCC/bin/../lib/gcc/arm-none-eabi/5.3.1/../../../../arm-none-eabi/lib/armv7-m/libnosys.a(_exit.o)
                0x0800f80c                _exit
 .text.roundf   0x0800f810       0x48 /home/laurence/ARM-GCC/bin/../lib/gcc/arm-none-eabi/5.3.1/../../../../arm-none-eabi/lib/armv7-m/libm.a(lib_a-sf_round.o)
                0x0800f810                roundf
 .text.sinf     0x0800f858       0x7c /home/laurence/ARM-GCC/bin/../lib/gcc/arm-none-eabi/5.3.1/../../../../arm-none-eabi/lib/armv7-m/libm.a(lib_a-sf_sin.o)
                0x0800f858                sinf
 .text.atan2    0x0800f8d4        0x4 /home/laurence/ARM-GCC/bin/../lib/gcc/arm-none-eabi/5.3.1/../../../../arm-none-eabi/lib/armv7-m/libm.a(lib_a-w_atan2.o)
                0x0800f8d4                atan2
 .text.acosf    0x0800f8d8       0xa4 /home/laurence/ARM-GCC/bin/../lib/gcc/arm-none-eabi/5.3.1/../../../../arm-none-eabi/lib/armv7-m/libm.a(lib_a-wf_acos.o)
                0x0800f8d8                acosf
 .text.atan2f   0x0800f97c        0x4 /home/laurence/ARM-GCC/bin/../lib/gcc/arm-none-eabi/5.3.1/../../../../arm-none-eabi/lib/armv7-m/libm.a(lib_a-wf_atan2.o)
                0x0800f97c                atan2f
 .text.sqrtf    0x0800f980       0x9c /home/laurence/ARM-GCC/bin/../lib/gcc/arm-none-eabi/5.3.1/../../../../arm-none-eabi/lib/armv7-m/libm.a(lib_a-wf_sqrt.o)
                0x0800f980                sqrtf
 *fill*         0x0800fa1c        0x4 
 .text.__ieee754_atan2
                0x0800fa20      0x194 /home/laurence/ARM-GCC/bin/../lib/gcc/arm-none-eabi/5.3.1/../../../../arm-none-eabi/lib/armv7-m/libm.a(lib_a-e_atan2.o)
                0x0800fa20                __ieee754_atan2
 .text.__ieee754_acosf
                0x0800fbb4      0x2c8 /home/laurence/ARM-GCC/bin/../lib/gcc/arm-none-eabi/5.3.1/../../../../arm-none-eabi/lib/armv7-m/libm.a(lib_a-ef_acos.o)
                0x0800fbb4                __ieee754_acosf
 .text.__ieee754_atan2f
                0x0800fe7c      0x124 /home/laurence/ARM-GCC/bin/../lib/gcc/arm-none-eabi/5.3.1/../../../../arm-none-eabi/lib/armv7-m/libm.a(lib_a-ef_atan2.o)
                0x0800fe7c                __ieee754_atan2f
 .text.__ieee754_rem_pio2f
                0x0800ffa0      0x2e4 /home/laurence/ARM-GCC/bin/../lib/gcc/arm-none-eabi/5.3.1/../../../../arm-none-eabi/lib/armv7-m/libm.a(lib_a-ef_rem_pio2.o)
                0x0800ffa0                __ieee754_rem_pio2f
 .text.__ieee754_sqrtf
                0x08010284       0xa8 /home/laurence/ARM-GCC/bin/../lib/gcc/arm-none-eabi/5.3.1/../../../../arm-none-eabi/lib/armv7-m/libm.a(lib_a-ef_sqrt.o)
                0x08010284                __ieee754_sqrtf
 .text.__kernel_cosf
                0x0801032c      0x188 /home/laurence/ARM-GCC/bin/../lib/gcc/arm-none-eabi/5.3.1/../../../../arm-none-eabi/lib/armv7-m/libm.a(lib_a-kf_cos.o)
                0x0801032c                __kernel_cosf
 .text.__kernel_rem_pio2f
                0x080104b4      0x6a8 /home/laurence/ARM-GCC/bin/../lib/gcc/arm-none-eabi/5.3.1/../../../../arm-none-eabi/lib/armv7-m/libm.a(lib_a-kf_rem_pio2.o)
                0x080104b4                __kernel_rem_pio2f
 .text.__kernel_sinf
                0x08010b5c       0xec /home/laurence/ARM-GCC/bin/../lib/gcc/arm-none-eabi/5.3.1/../../../../arm-none-eabi/lib/armv7-m/libm.a(lib_a-kf_sin.o)
                0x08010b5c                __kernel_sinf
 .text.atan     0x08010c48      0x33c /home/laurence/ARM-GCC/bin/../lib/gcc/arm-none-eabi/5.3.1/../../../../arm-none-eabi/lib/armv7-m/libm.a(lib_a-s_atan.o)
                0x08010c48                atan
 .text.fabs     0x08010f84        0x8 /home/laurence/ARM-GCC/bin/../lib/gcc/arm-none-eabi/5.3.1/../../../../arm-none-eabi/lib/armv7-m/libm.a(lib_a-s_fabs.o)
                0x08010f84                fabs
 .text.matherr  0x08010f8c        0x4 /home/laurence/ARM-GCC/bin/../lib/gcc/arm-none-eabi/5.3.1/../../../../arm-none-eabi/lib/armv7-m/libm.a(lib_a-s_matherr.o)
                0x08010f8c                matherr
 .text.nan      0x08010f90        0xc /home/laurence/ARM-GCC/bin/../lib/gcc/arm-none-eabi/5.3.1/../../../../arm-none-eabi/lib/armv7-m/libm.a(lib_a-s_nan.o)
                0x08010f90                nan
 .text.atanf    0x08010f9c      0x22c /home/laurence/ARM-GCC/bin/../lib/gcc/arm-none-eabi/5.3.1/../../../../arm-none-eabi/lib/armv7-m/libm.a(lib_a-sf_atan.o)
                0x08010f9c                atanf
 .text.fabsf    0x080111c8        0x8 /home/laurence/ARM-GCC/bin/../lib/gcc/arm-none-eabi/5.3.1/../../../../arm-none-eabi/lib/armv7-m/libm.a(lib_a-sf_fabs.o)
                0x080111c8                fabsf
 .text.floorf   0x080111d0       0x8c /home/laurence/ARM-GCC/bin/../lib/gcc/arm-none-eabi/5.3.1/../../../../arm-none-eabi/lib/armv7-m/libm.a(lib_a-sf_floor.o)
                0x080111d0                floorf
 .text.scalbnf  0x0801125c       0xb0 /home/laurence/ARM-GCC/bin/../lib/gcc/arm-none-eabi/5.3.1/../../../../arm-none-eabi/lib/armv7-m/libm.a(lib_a-sf_scalbn.o)
                0x0801125c                scalbnf
 .text.copysignf
                0x0801130c        0xc /home/laurence/ARM-GCC/bin/../lib/gcc/arm-none-eabi/5.3.1/../../../../arm-none-eabi/lib/armv7-m/libm.a(lib_a-sf_copysign.o)
                0x0801130c                copysignf
 .text          0x08011318      0x370 /home/laurence/ARM-GCC/bin/../lib/gcc/arm-none-eabi/5.3.1/armv7-m/libgcc.a(_arm_addsubdf3.o)
                0x08011318                __aeabi_drsub
                0x08011320                __aeabi_dsub
                0x08011320                __subdf3
                0x08011324                __adddf3
                0x08011324                __aeabi_dadd
                0x0801159c                __aeabi_ui2d
                0x0801159c                __floatunsidf
                0x080115bc                __floatsidf
                0x080115bc                __aeabi_i2d
                0x080115e0                __extendsfdf2
                0x080115e0                __aeabi_f2d
                0x0801161c                __aeabi_ul2d
                0x0801161c                __floatundidf
                0x0801162c                __floatdidf
                0x0801162c                __aeabi_l2d
 .text          0x08011688      0x424 /home/laurence/ARM-GCC/bin/../lib/gcc/arm-none-eabi/5.3.1/armv7-m/libgcc.a(_arm_muldivdf3.o)
                0x08011688                __aeabi_dmul
                0x08011688                __muldf3
                0x080118dc                __aeabi_ddiv
                0x080118dc                __divdf3
 .text          0x08011aac      0x110 /home/laurence/ARM-GCC/bin/../lib/gcc/arm-none-eabi/5.3.1/armv7-m/libgcc.a(_arm_cmpdf2.o)
                0x08011aac                __gtdf2
                0x08011aac                __gedf2
                0x08011ab4                __ltdf2
                0x08011ab4                __ledf2
                0x08011abc                __cmpdf2
                0x08011abc                __eqdf2
                0x08011abc                __nedf2
                0x08011b38                __aeabi_cdrcmple
                0x08011b48                __aeabi_cdcmple
                0x08011b48                __aeabi_cdcmpeq
                0x08011b58                __aeabi_dcmpeq
                0x08011b6c                __aeabi_dcmplt
                0x08011b80                __aeabi_dcmple
                0x08011b94                __aeabi_dcmpge
                0x08011ba8                __aeabi_dcmpgt
 .text          0x08011bbc       0x50 /home/laurence/ARM-GCC/bin/../lib/gcc/arm-none-eabi/5.3.1/armv7-m/libgcc.a(_arm_fixdfsi.o)
                0x08011bbc                __fixdfsi
                0x08011bbc                __aeabi_d2iz
 .text          0x08011c0c       0x40 /home/laurence/ARM-GCC/bin/../lib/gcc/arm-none-eabi/5.3.1/armv7-m/libgcc.a(_arm_fixunsdfsi.o)
                0x08011c0c                __fixunsdfsi
                0x08011c0c                __aeabi_d2uiz
 .text          0x08011c4c       0xa0 /home/laurence/ARM-GCC/bin/../lib/gcc/arm-none-eabi/5.3.1/armv7-m/libgcc.a(_arm_truncdfsf2.o)
                0x08011c4c                __aeabi_d2f
                0x08011c4c                __truncdfsf2
 .text          0x08011cec      0x21c /home/laurence/ARM-GCC/bin/../lib/gcc/arm-none-eabi/5.3.1/armv7-m/libgcc.a(_arm_addsubsf3.o)
                0x08011cec                __aeabi_frsub
                0x08011cf4                __subsf3
                0x08011cf4                __aeabi_fsub
                0x08011cf8                __aeabi_fadd
                0x08011cf8                __addsf3
                0x08011e58                __aeabi_ui2f
                0x08011e58                __floatunsisf
                0x08011e60                __aeabi_i2f
                0x08011e60                __floatsisf
                0x08011e7c                __floatundisf
                0x08011e7c                __aeabi_ul2f
                0x08011e8c                __floatdisf
                0x08011e8c                __aeabi_l2f
 .text          0x08011f08      0x2a0 /home/laurence/ARM-GCC/bin/../lib/gcc/arm-none-eabi/5.3.1/armv7-m/libgcc.a(_arm_muldivsf3.o)
                0x08011f08                __mulsf3
                0x08011f08                __aeabi_fmul
                0x08012070                __divsf3
                0x08012070                __aeabi_fdiv
 .text          0x080121a8       0xec /home/laurence/ARM-GCC/bin/../lib/gcc/arm-none-eabi/5.3.1/armv7-m/libgcc.a(_arm_cmpsf2.o)
                0x080121a8                __gtsf2
                0x080121a8                __gesf2
                0x080121b0                __lesf2
                0x080121b0                __ltsf2
                0x080121b8                __nesf2
                0x080121b8                __eqsf2
                0x080121b8                __cmpsf2
                0x08012218                __aeabi_cfrcmple
                0x08012220                __aeabi_cfcmple
                0x08012220                __aeabi_cfcmpeq
                0x08012230                __aeabi_fcmpeq
                0x08012244                __aeabi_fcmplt
                0x08012258                __aeabi_fcmple
                0x0801226c                __aeabi_fcmpge
                0x08012280                __aeabi_fcmpgt
 .text          0x08012294       0x2c /home/laurence/ARM-GCC/bin/../lib/gcc/arm-none-eabi/5.3.1/armv7-m/libgcc.a(_arm_unordsf2.o)
                0x08012294                __aeabi_fcmpun
                0x08012294                __unordsf2
 .text          0x080122c0       0x4c /home/laurence/ARM-GCC/bin/../lib/gcc/arm-none-eabi/5.3.1/armv7-m/libgcc.a(_arm_fixsfsi.o)
                0x080122c0                __fixsfsi
                0x080122c0                __aeabi_f2iz
 .text          0x0801230c       0x40 /home/laurence/ARM-GCC/bin/../lib/gcc/arm-none-eabi/5.3.1/armv7-m/libgcc.a(_arm_fixunssfsi.o)
                0x0801230c                __aeabi_f2uiz
                0x0801230c                __fixunssfsi
 .text.__errno  0x0801234c        0xc /home/laurence/ARM-GCC/bin/../lib/gcc/arm-none-eabi/5.3.1/../../../../arm-none-eabi/lib/armv7-m/libg_nano.a(lib_a-errno.o)
                0x0801234c                __errno
 .text.memcmp   0x08012358       0x1e /home/laurence/ARM-GCC/bin/../lib/gcc/arm-none-eabi/5.3.1/../../../../arm-none-eabi/lib/armv7-m/libg_nano.a(lib_a-memcmp.o)
                0x08012358                memcmp
 .text.memcpy   0x08012376       0x16 /home/laurence/ARM-GCC/bin/../lib/gcc/arm-none-eabi/5.3.1/../../../../arm-none-eabi/lib/armv7-m/libg_nano.a(lib_a-memcpy-stub.o)
                0x08012376                memcpy
 .text          0x0801238c       0x10 /home/laurence/ARM-GCC/bin/../lib/gcc/arm-none-eabi/5.3.1/../../../../arm-none-eabi/lib/armv7-m/libg_nano.a(lib_a-strlen.o)
                0x0801238c                strlen
 *(.init)
 .init          0x0801239c        0x4 /home/laurence/ARM-GCC/bin/../lib/gcc/arm-none-eabi/5.3.1/armv7-m/crti.o
                0x0801239c                _init
 .init          0x080123a0        0x8 /home/laurence/ARM-GCC/bin/../lib/gcc/arm-none-eabi/5.3.1/armv7-m/crtn.o
 *(.fini)
 .fini          0x080123a8        0x4 /home/laurence/ARM-GCC/bin/../lib/gcc/arm-none-eabi/5.3.1/armv7-m/crti.o
                0x080123a8                _fini
 .fini          0x080123ac        0x8 /home/laurence/ARM-GCC/bin/../lib/gcc/arm-none-eabi/5.3.1/armv7-m/crtn.o
 *crtbegin.o(.ctors)
 *crtbegin?.o(.ctors)
 *(EXCLUDE_FILE(*crtend.o *crtend?.o) .ctors)
 *(SORT(.ctors.*))
 *(.ctors)
 *crtbegin.o(.dtors)
 *crtbegin?.o(.dtors)
 *(EXCLUDE_FILE(*crtend.o *crtend?.o) .dtors)
 *(SORT(.dtors.*))
 *(.dtors)
 *(.rodata*)
 .rodata        0x080123b4       0xb8 /tmp/cchYWh1O.ltrans0.ltrans.o
                0x0801245c                DaysInMonth.lto_priv.97
                0x08012468                SystemFrequency
 .rodata.str1.4
                0x0801246c      0x402 /tmp/cchYWh1O.ltrans0.ltrans.o
                                0x40e (size before relaxing)
 *fill*         0x0801286e        0x2 
 .rodata        0x08012870      0x180 /tmp/cchYWh1O.ltrans3.ltrans.o
 .rodata.str1.4
                0x080129f0       0x13 /tmp/cchYWh1O.ltrans3.ltrans.o
 *fill*         0x08012a03        0x1 
 .rodata.str1.4
                0x08012a04        0x6 /tmp/cchYWh1O.ltrans4.ltrans.o
 *fill*         0x08012a0a        0x2 
 .rodata        0x08012a0c      0x3d0 /tmp/cchYWh1O.ltrans5.ltrans.o
                0x08012a0c                LfnOfs.lto_priv.101
 .rodata.str1.4
                0x08012ddc        0x9 /tmp/cchYWh1O.ltrans9.ltrans.o
 *fill*         0x08012de5        0x3 
 .rodata        0x08012de8       0xac /tmp/cchYWh1O.ltrans12.ltrans.o
 .rodata.str1.4
                0x08012e94        0x9 /tmp/cchYWh1O.ltrans15.ltrans.o
 .rodata.str1.1
                0x08012e94        0x2 /home/laurence/ARM-GCC/bin/../lib/gcc/arm-none-eabi/5.3.1/../../../../arm-none-eabi/lib/armv7-m/libg_nano.a(lib_a-impure.o)
 *fill*         0x08012e96        0x2 
 .rodata._global_impure_ptr
                0x08012e98        0x4 /home/laurence/ARM-GCC/bin/../lib/gcc/arm-none-eabi/5.3.1/../../../../arm-none-eabi/lib/armv7-m/libg_nano.a(lib_a-impure.o)
                0x08012e98                _global_impure_ptr
 .rodata.str1.4
                0x08012e9c        0x6 /home/laurence/ARM-GCC/bin/../lib/gcc/arm-none-eabi/5.3.1/../../../../arm-none-eabi/lib/armv7-m/libm.a(lib_a-wf_acos.o)
                                  0x9 (size before relaxing)
 *fill*         0x08012ea2        0x2 
 .rodata.str1.4
                0x08012ea4        0x8 /home/laurence/ARM-GCC/bin/../lib/gcc/arm-none-eabi/5.3.1/../../../../arm-none-eabi/lib/armv7-m/libm.a(lib_a-wf_sqrt.o)
                                  0x6 (size before relaxing)
 .rodata.npio2_hw
                0x08012eac       0x80 /home/laurence/ARM-GCC/bin/../lib/gcc/arm-none-eabi/5.3.1/../../../../arm-none-eabi/lib/armv7-m/libm.a(lib_a-ef_rem_pio2.o)
 .rodata.two_over_pi
                0x08012f2c      0x318 /home/laurence/ARM-GCC/bin/../lib/gcc/arm-none-eabi/5.3.1/../../../../arm-none-eabi/lib/armv7-m/libm.a(lib_a-ef_rem_pio2.o)
 .rodata.init_jk
                0x08013244        0xc /home/laurence/ARM-GCC/bin/../lib/gcc/arm-none-eabi/5.3.1/../../../../arm-none-eabi/lib/armv7-m/libm.a(lib_a-kf_rem_pio2.o)
 .rodata.PIo2   0x08013250       0x2c /home/laurence/ARM-GCC/bin/../lib/gcc/arm-none-eabi/5.3.1/../../../../arm-none-eabi/lib/armv7-m/libm.a(lib_a-kf_rem_pio2.o)
 *fill*         0x0801327c        0x4 
 .rodata.atanlo
                0x08013280       0x20 /home/laurence/ARM-GCC/bin/../lib/gcc/arm-none-eabi/5.3.1/../../../../arm-none-eabi/lib/armv7-m/libm.a(lib_a-s_atan.o)
 .rodata.atanhi
                0x080132a0       0x20 /home/laurence/ARM-GCC/bin/../lib/gcc/arm-none-eabi/5.3.1/../../../../arm-none-eabi/lib/armv7-m/libm.a(lib_a-s_atan.o)
 .rodata.atanlo
                0x080132c0       0x10 /home/laurence/ARM-GCC/bin/../lib/gcc/arm-none-eabi/5.3.1/../../../../arm-none-eabi/lib/armv7-m/libm.a(lib_a-sf_atan.o)
 .rodata.atanhi
                0x080132d0       0x10 /home/laurence/ARM-GCC/bin/../lib/gcc/arm-none-eabi/5.3.1/../../../../arm-none-eabi/lib/armv7-m/libm.a(lib_a-sf_atan.o)
 *(.eh_frame*)
 .eh_frame      0x080132e0        0x0 /home/laurence/ARM-GCC/bin/../lib/gcc/arm-none-eabi/5.3.1/armv7-m/crtbegin.o
 .eh_frame      0x080132e0        0x4 /home/laurence/ARM-GCC/bin/../lib/gcc/arm-none-eabi/5.3.1/armv7-m/crtend.o

.glue_7         0x080132e4        0x0
 .glue_7        0x080132e4        0x0 linker stubs

.glue_7t        0x080132e4        0x0
 .glue_7t       0x080132e4        0x0 linker stubs

.vfp11_veneer   0x080132e4        0x0
 .vfp11_veneer  0x080132e4        0x0 linker stubs

.v4_bx          0x080132e4        0x0
 .v4_bx         0x080132e4        0x0 linker stubs

.iplt           0x080132e4        0x0
 .iplt          0x080132e4        0x0 /home/laurence/ARM-GCC/bin/../lib/gcc/arm-none-eabi/5.3.1/armv7-m/crtbegin.o

.ARM.extab
 *(.ARM.extab* .gnu.linkonce.armextab.*)
                0x080132e4                __exidx_start = .

.ARM.exidx      0x080132e4        0x8
 *(.ARM.exidx* .gnu.linkonce.armexidx.*)
 .ARM.exidx     0x080132e4        0x8 /home/laurence/ARM-GCC/bin/../lib/gcc/arm-none-eabi/5.3.1/../../../../arm-none-eabi/lib/armv7-m/crt0.o
                0x080132ec                __exidx_end = .
                0x080132ec                __etext = .

.rel.dyn        0x080132ec        0x0
 .rel.iplt      0x080132ec        0x0 /home/laurence/ARM-GCC/bin/../lib/gcc/arm-none-eabi/5.3.1/armv7-m/crtbegin.o

.data           0x20000000      0x268 load address 0x080132ec
                0x20000000                __data_start__ = .
 *(vtable)
 *(.data*)
 .data          0x20000000        0x9 /tmp/cchYWh1O.ltrans0.ltrans.o
                0x20000008                SP1ML_network_address
 *fill*         0x20000009        0x3 
 .data          0x2000000c       0x7c /tmp/cchYWh1O.ltrans1.ltrans.o
                0x2000006c                pEpInt_OUT
 .data          0x20000088        0x3 /tmp/cchYWh1O.ltrans2.ltrans.o
                0x20000088                RLD_replaced.lto_priv.86
 *fill*         0x2000008b        0x1 
 .data          0x2000008c        0x2 /tmp/cchYWh1O.ltrans6.ltrans.o
 .data          0x2000008e        0x1 /tmp/cchYWh1O.ltrans8.ltrans.o
                0x2000008e                rtc_correction
 *fill*         0x2000008f        0x1 
 .data          0x20000090       0x24 /tmp/cchYWh1O.ltrans9.ltrans.o
 .data          0x200000b4       0x12 /tmp/cchYWh1O.ltrans11.ltrans.o
                0x200000b4                Scsi_Sense_Data
 *fill*         0x200000c6        0x2 
 .data          0x200000c8       0x76 /tmp/cchYWh1O.ltrans12.ltrans.o
                0x20000100                User_Standard_Requests
                0x20000124                MASS_StringSerial
 *fill*         0x2000013e        0x2 
 .data          0x20000140       0x7d /tmp/cchYWh1O.ltrans13.ltrans.o
                0x20000140                Device_Property
                0x20000174                I2C_jobs
 .data          0x200001bd        0x1 /tmp/cchYWh1O.ltrans15.ltrans.o
                0x200001bd                Stat.lto_priv.68
 *fill*         0x200001be        0x2 
 .data          0x200001c0       0x20 /tmp/cchYWh1O.ltrans16.ltrans.o
                0x200001c0                Device_Table
                0x200001c4                pEpInt_IN
 .data.ADCPrescTable
                0x200001e0        0x4 lib/STM32F10x_StdPeriph_Driver/libstm32fw.a(stm32f10x_rcc.o)
 .data.APBAHBPrescTable
                0x200001e4       0x10 lib/STM32F10x_StdPeriph_Driver/libstm32fw.a(stm32f10x_rcc.o)
 .data.impure_data
                0x200001f4       0x60 /home/laurence/ARM-GCC/bin/../lib/gcc/arm-none-eabi/5.3.1/../../../../arm-none-eabi/lib/armv7-m/libg_nano.a(lib_a-impure.o)
 .data._impure_ptr
                0x20000254        0x4 /home/laurence/ARM-GCC/bin/../lib/gcc/arm-none-eabi/5.3.1/../../../../arm-none-eabi/lib/armv7-m/libg_nano.a(lib_a-impure.o)
                0x20000254                _impure_ptr
 .data.__fdlib_version
                0x20000258        0x1 /home/laurence/ARM-GCC/bin/../lib/gcc/arm-none-eabi/5.3.1/../../../../arm-none-eabi/lib/armv7-m/libm.a(lib_a-s_lib_ver.o)
                0x20000258                __fdlib_version
                0x2000025c                . = ALIGN (0x4)
 *fill*         0x20000259        0x3 
                0x2000025c                PROVIDE (__preinit_array_start, .)
 *(.preinit_array)
                0x2000025c                PROVIDE (__preinit_array_end, .)
                0x2000025c                . = ALIGN (0x4)
                0x2000025c                PROVIDE (__init_array_start, .)
 *(SORT(.init_array.*))
 *(.init_array)
 .init_array    0x2000025c        0x4 /home/laurence/ARM-GCC/bin/../lib/gcc/arm-none-eabi/5.3.1/armv7-m/crtbegin.o
                0x20000260                PROVIDE (__init_array_end, .)
                0x20000260                . = ALIGN (0x4)
                [!provide]                PROVIDE (__fini_array_start, .)
 *(SORT(.fini_array.*))
 *(.fini_array)
 .fini_array    0x20000260        0x4 /home/laurence/ARM-GCC/bin/../lib/gcc/arm-none-eabi/5.3.1/armv7-m/crtbegin.o
                [!provide]                PROVIDE (__fini_array_end, .)
 *(.jcr*)
 .jcr           0x20000264        0x0 /home/laurence/ARM-GCC/bin/../lib/gcc/arm-none-eabi/5.3.1/armv7-m/crtbegin.o
 .jcr           0x20000264        0x4 /home/laurence/ARM-GCC/bin/../lib/gcc/arm-none-eabi/5.3.1/armv7-m/crtend.o
                0x20000268                . = ALIGN (0x4)
                0x20000268                __data_end__ = .

.igot.plt       0x20000268        0x0 load address 0x08013554
 .igot.plt      0x20000268        0x0 /home/laurence/ARM-GCC/bin/../lib/gcc/arm-none-eabi/5.3.1/armv7-m/crtbegin.o

.bss            0x20000268     0x14dc load address 0x08013558
                0x20000268                . = ALIGN (0x4)
                0x20000268                __bss_start__ = .
 *(.bss*)
 .bss           0x20000268       0x1c /home/laurence/ARM-GCC/bin/../lib/gcc/arm-none-eabi/5.3.1/armv7-m/crtbegin.o
 *fill*         0x20000284        0x4 
 .bss           0x20000288      0x6e8 /tmp/cchYWh1O.ltrans0.ltrans.o
                0x200006b0                bootsource
                0x200006b8                rputchar.lto_priv.94
                0x200006bc                Status
                0x200006c0                Data_Buffer
                0x200006c4                bDeviceState
                0x200006c8                Battery_Voltage
                0x200006cc                Jobs
                0x200006e8                file_opened
                0x200006ec                PI_glob
                0x20000704                I_limits
                0x20000710                flashCodeEnabled
                0x2000071c                GPS_telem
                0x2000072c                flashCode
                0x20000731                SP1ML_state
                0x20000735                System_state_Global
                0x20000736                Shutdown_System
                0x2000096c                FatFs.lto_priv.99
 .bss           0x20000970       0x18 /tmp/cchYWh1O.ltrans1.ltrans.o
                0x20000978                SCSI_LBA
                0x2000097c                SCSI_BlkLen
 .bss           0x20000988      0x441 /tmp/cchYWh1O.ltrans2.ltrans.o
                0x20000988                Usart1_tx_buff
                0x20000bcc                rld_sense.lto_priv.88
                0x20000bd2                rld_replace_counter.lto_priv.87
                0x20000bd4                Completed_Jobs
                0x20000bd8                IMU_buff
                0x20000c78                LSM9DS1_Gyro_Buffer
                0x20000c84                LSM9DS1_Acc_Buffer
                0x20000c8c                LSM9DS1_Mag_Buffer
                0x20000c94                I2C1error
                0x20000c9e                I2C_failure
                0x20000d60                Filtered_ECG
                0x20000d74                SP1ML_tx_rx_state
                0x20000d80                SP1ML_tx_sequence_number
                0x20000d84                Usart3_rx_buff
                0x20000d94                RN42_tx_sequence_number
                0x20000d98                Usart1_rx_buff
                0x20000db4                Usart3_tx_buff
                0x20000dc4                SP1ML_tx_bytes
                0x20000dc8                SP1ML_withold
 *fill*         0x20000dc9        0x1 
 .bss           0x20000dca        0x2 /tmp/cchYWh1O.ltrans3.ltrans.o
 .bss           0x20000dcc       0x80 /tmp/cchYWh1O.ltrans4.ltrans.o
 .bss           0x20000e4c      0x32c /tmp/cchYWh1O.ltrans8.ltrans.o
                0x20000e4c                FATFS_wavfile
                0x20001070                LSM9DS1_Mag_Offset
                0x20001078                Gps_Buffer
                0x20001084                wct.lto_priv.71
                0x20001086                channel_wct_conf.lto_priv.70
                0x20001087                ADS1298_Error_Status
                0x20001088                Enable.lto_priv.73
                0x2000108c                ECG_buffers
                0x2000110c                Gain.lto_priv.79
                0x2000110d                Actual_gain.lto_priv.76
                0x2000110e                Cap.lto_priv.75
                0x2000110f                quality_mask.lto_priv.72
                0x20001110                qualityfilter.lto_priv.74
                0x20001130                old_wct.lto_priv.78
                0x20001134                Millis
                0x20001138                old_quality_mask.lto_priv.77
                0x20001144                Gps
                0x20001177                read_transaction.lto_priv.69
 .bss           0x20001178        0xc /tmp/cchYWh1O.ltrans9.ltrans.o
 .bss           0x20001184        0x4 /tmp/cchYWh1O.ltrans10.ltrans.o
 .bss           0x20001188       0x20 /tmp/cchYWh1O.ltrans11.ltrans.o
                0x20001188                CBW
 .bss           0x200011a8       0x6e /tmp/cchYWh1O.ltrans12.ltrans.o
                0x200011a8                Max_Lun
                0x200011ac                Mass_Block_Count
                0x200011b4                Mass_Block_Size
                0x200011bc                Data_Len
                0x200011c4                TransferState
                0x200011d4                Bulk_Data_Buff
 *fill*         0x20001216        0x2 
 .bss           0x20001218       0x15 /tmp/cchYWh1O.ltrans13.ltrans.o
                0x20001218                wIstr
                0x2000121c                Timer1.lto_priv.96
 *fill*         0x2000122d        0x3 
 .bss           0x20001230      0x44d /tmp/cchYWh1O.ltrans14.ltrans.o
                0x20001234                FATFS_wavfile_gps
                0x20001458                FATFS_wavfile_imu
                0x2000167c                CurrVol.lto_priv.98
 *fill*         0x2000167d        0x3 
 .bss           0x20001680       0x60 /tmp/cchYWh1O.ltrans15.ltrans.o
                0x20001680                CardType.lto_priv.95
                0x20001681                Sd_Spi_Called_From_USB_MSC
                0x20001684                CSW
                0x20001694                Bot_State
                0x20001698                print_string
                0x200016bc                FATFS_info
                0x200016dc                Timer2.lto_priv.92
 .bss           0x200016e0       0x14 /tmp/cchYWh1O.ltrans16.ltrans.o
 .bss.Data_Mul_MaxPacketSize
                0x200016f4        0x1 lib/STM32_USB-FS-Device_Driver/libstm32usb.a(usb_core.o)
                0x200016f4                Data_Mul_MaxPacketSize
 *fill*         0x200016f5        0x3 
 .bss.__malloc_sbrk_start
                0x200016f8        0x4 /home/laurence/ARM-GCC/bin/../lib/gcc/arm-none-eabi/5.3.1/../../../../arm-none-eabi/lib/armv7-m/libg_nano.a(lib_a-nano-mallocr.o)
                0x200016f8                __malloc_sbrk_start
 .bss.__malloc_free_list
                0x200016fc        0x4 /home/laurence/ARM-GCC/bin/../lib/gcc/arm-none-eabi/5.3.1/../../../../arm-none-eabi/lib/armv7-m/libg_nano.a(lib_a-nano-mallocr.o)
                0x200016fc                __malloc_free_list
 .bss.heap_end.4167
                0x20001700        0x4 /home/laurence/ARM-GCC/bin/../lib/gcc/arm-none-eabi/5.3.1/../../../../arm-none-eabi/lib/armv7-m/libnosys.a(sbrk.o)
 *(COMMON)
 COMMON         0x20001704        0x2 lib/STM32_USB-FS-Device_Driver/libstm32usb.a(usb_core.o)
                0x20001704                StatusInfo
 *fill*         0x20001706        0x2 
 COMMON         0x20001708       0x32 lib/STM32_USB-FS-Device_Driver/libstm32usb.a(usb_init.o)
                0x20001708                SaveState
                0x2000170c                pProperty
                0x20001710                EPindex
                0x20001714                Device_Info
                0x20001730                pUser_Standard_Requests
                0x20001734                pInformation
                0x20001738                wInterrupt_Mask
 COMMON         0x2000173a        0x4 lib/STM32_USB-FS-Device_Driver/libstm32usb.a(usb_int.o)
                0x2000173a                SaveRState
                0x2000173c                SaveTState
 *fill*         0x2000173e        0x2 
 COMMON         0x20001740        0x4 /home/laurence/ARM-GCC/bin/../lib/gcc/arm-none-eabi/5.3.1/../../../../arm-none-eabi/lib/armv7-m/libg_nano.a(lib_a-reent.o)
                0x20001740                errno
                0x20001744                . = ALIGN (0x4)
                0x20001744                __bss_end__ = .

.heap           0x20001748        0x0
                0x20001748                __end__ = .
                0x20001748                end = __end__
 *(.heap*)
 .heap          0x20001748        0x0 lib/ARM-GCC/startup_ARMCM3.o
                0x20001748                __HeapLimit = .

.stack_dummy    0x20001748      0xc00
 *(.stack*)
 .stack         0x20001748      0xc00 lib/ARM-GCC/startup_ARMCM3.o
                0x20005000                __StackTop = (ORIGIN (RAM) + LENGTH (RAM))
                0x20004400                __StackLimit = (__StackTop - SIZEOF (.stack_dummy))
                0x20005000                PROVIDE (__stack, __StackTop)
                0x00000001                ASSERT ((__StackLimit >= __HeapLimit), region RAM overflowed with stack)
OUTPUT(main.elf elf32-littlearm)

.ARM.attributes
                0x00000000       0x29
 .ARM.attributes
                0x00000000       0x1d /home/laurence/ARM-GCC/bin/../lib/gcc/arm-none-eabi/5.3.1/armv7-m/crti.o
 .ARM.attributes
                0x0000001d       0x2d /home/laurence/ARM-GCC/bin/../lib/gcc/arm-none-eabi/5.3.1/armv7-m/crtbegin.o
 .ARM.attributes
                0x0000004a       0x1b /home/laurence/ARM-GCC/bin/../lib/gcc/arm-none-eabi/5.3.1/../../../../arm-none-eabi/lib/armv7-m/crt0.o
 .ARM.attributes
                0x00000065       0x31 /tmp/cchYWh1O.ltrans0.ltrans.o
 .ARM.attributes
                0x00000096       0x31 /tmp/cchYWh1O.ltrans1.ltrans.o
 .ARM.attributes
                0x000000c7       0x31 /tmp/cchYWh1O.ltrans2.ltrans.o
 .ARM.attributes
                0x000000f8       0x31 /tmp/cchYWh1O.ltrans3.ltrans.o
 .ARM.attributes
                0x00000129       0x31 /tmp/cchYWh1O.ltrans4.ltrans.o
 .ARM.attributes
                0x0000015a       0x31 /tmp/cchYWh1O.ltrans5.ltrans.o
 .ARM.attributes
                0x0000018b       0x31 /tmp/cchYWh1O.ltrans6.ltrans.o
 .ARM.attributes
                0x000001bc       0x31 /tmp/cchYWh1O.ltrans7.ltrans.o
 .ARM.attributes
                0x000001ed       0x31 /tmp/cchYWh1O.ltrans8.ltrans.o
 .ARM.attributes
                0x0000021e       0x31 /tmp/cchYWh1O.ltrans9.ltrans.o
 .ARM.attributes
                0x0000024f       0x31 /tmp/cchYWh1O.ltrans10.ltrans.o
 .ARM.attributes
                0x00000280       0x31 /tmp/cchYWh1O.ltrans11.ltrans.o
 .ARM.attributes
                0x000002b1       0x31 /tmp/cchYWh1O.ltrans12.ltrans.o
 .ARM.attributes
                0x000002e2       0x31 /tmp/cchYWh1O.ltrans13.ltrans.o
 .ARM.attributes
                0x00000313       0x31 /tmp/cchYWh1O.ltrans14.ltrans.o
 .ARM.attributes
                0x00000344       0x31 /tmp/cchYWh1O.ltrans15.ltrans.o
 .ARM.attributes
                0x00000375       0x31 /tmp/cchYWh1O.ltrans16.ltrans.o
 .ARM.attributes
                0x000003a6       0x31 /tmp/cchYWh1O.ltrans17.ltrans.o
 .ARM.attributes
                0x000003d7       0x1b lib/ARM-GCC/startup_ARMCM3.o
 .ARM.attributes
                0x000003f2       0x33 lib/STM32F10x_StdPeriph_Driver/libstm32fw.a(misc.o)
 .ARM.attributes
                0x00000425       0x33 lib/STM32F10x_StdPeriph_Driver/libstm32fw.a(stm32f10x_adc.o)
 .ARM.attributes
                0x00000458       0x33 lib/STM32F10x_StdPeriph_Driver/libstm32fw.a(stm32f10x_bkp.o)
 .ARM.attributes
                0x0000048b       0x33 lib/STM32F10x_StdPeriph_Driver/libstm32fw.a(stm32f10x_dbgmcu.o)
 .ARM.attributes
                0x000004be       0x33 lib/STM32F10x_StdPeriph_Driver/libstm32fw.a(stm32f10x_dma.o)
 .ARM.attributes
                0x000004f1       0x33 lib/STM32F10x_StdPeriph_Driver/libstm32fw.a(stm32f10x_exti.o)
 .ARM.attributes
                0x00000524       0x33 lib/STM32F10x_StdPeriph_Driver/libstm32fw.a(stm32f10x_gpio.o)
 .ARM.attributes
                0x00000557       0x33 lib/STM32F10x_StdPeriph_Driver/libstm32fw.a(stm32f10x_i2c.o)
 .ARM.attributes
                0x0000058a       0x33 lib/STM32F10x_StdPeriph_Driver/libstm32fw.a(stm32f10x_iwdg.o)
 .ARM.attributes
                0x000005bd       0x33 lib/STM32F10x_StdPeriph_Driver/libstm32fw.a(stm32f10x_pwr.o)
 .ARM.attributes
                0x000005f0       0x33 lib/STM32F10x_StdPeriph_Driver/libstm32fw.a(stm32f10x_rcc.o)
 .ARM.attributes
                0x00000623       0x33 lib/STM32F10x_StdPeriph_Driver/libstm32fw.a(stm32f10x_rtc.o)
 .ARM.attributes
                0x00000656       0x33 lib/STM32F10x_StdPeriph_Driver/libstm32fw.a(stm32f10x_spi.o)
 .ARM.attributes
                0x00000689       0x33 lib/STM32F10x_StdPeriph_Driver/libstm32fw.a(stm32f10x_tim.o)
 .ARM.attributes
                0x000006bc       0x33 lib/STM32F10x_StdPeriph_Driver/libstm32fw.a(stm32f10x_usart.o)
 .ARM.attributes
                0x000006ef       0x33 lib/STM32_USB-FS-Device_Driver/libstm32usb.a(usb_core.o)
 .ARM.attributes
                0x00000722       0x33 lib/STM32_USB-FS-Device_Driver/libstm32usb.a(usb_init.o)
 .ARM.attributes
                0x00000755       0x33 lib/STM32_USB-FS-Device_Driver/libstm32usb.a(usb_int.o)
 .ARM.attributes
                0x00000788       0x33 lib/STM32_USB-FS-Device_Driver/libstm32usb.a(usb_mem.o)
 .ARM.attributes
                0x000007bb       0x33 lib/STM32_USB-FS-Device_Driver/libstm32usb.a(usb_regs.o)
 .ARM.attributes
                0x000007ee       0x33 lib/STM32_USB-FS-Device_Driver/libstm32usb.a(usb_sil.o)
 .ARM.attributes
                0x00000821       0x2d /home/laurence/ARM-GCC/bin/../lib/gcc/arm-none-eabi/5.3.1/../../../../arm-none-eabi/lib/armv7-m/libg_nano.a(lib_a-exit.o)
 .ARM.attributes
                0x0000084e       0x2d /home/laurence/ARM-GCC/bin/../lib/gcc/arm-none-eabi/5.3.1/../../../../arm-none-eabi/lib/armv7-m/libg_nano.a(lib_a-impure.o)
 .ARM.attributes
                0x0000087b       0x2d /home/laurence/ARM-GCC/bin/../lib/gcc/arm-none-eabi/5.3.1/../../../../arm-none-eabi/lib/armv7-m/libg_nano.a(lib_a-init.o)
 .ARM.attributes
                0x000008a8       0x2d /home/laurence/ARM-GCC/bin/../lib/gcc/arm-none-eabi/5.3.1/../../../../arm-none-eabi/lib/armv7-m/libg_nano.a(lib_a-memset.o)
 .ARM.attributes
                0x000008d5       0x2d /home/laurence/ARM-GCC/bin/../lib/gcc/arm-none-eabi/5.3.1/../../../../arm-none-eabi/lib/armv7-m/libg_nano.a(lib_a-rand.o)
 .ARM.attributes
                0x00000902       0x2d /home/laurence/ARM-GCC/bin/../lib/gcc/arm-none-eabi/5.3.1/../../../../arm-none-eabi/lib/armv7-m/libg_nano.a(lib_a-malloc.o)
 .ARM.attributes
                0x0000092f       0x2d /home/laurence/ARM-GCC/bin/../lib/gcc/arm-none-eabi/5.3.1/../../../../arm-none-eabi/lib/armv7-m/libg_nano.a(lib_a-nano-mallocr.o)
 .ARM.attributes
                0x0000095c       0x2d /home/laurence/ARM-GCC/bin/../lib/gcc/arm-none-eabi/5.3.1/../../../../arm-none-eabi/lib/armv7-m/libg_nano.a(lib_a-sbrkr.o)
 .ARM.attributes
                0x00000989       0x2d /home/laurence/ARM-GCC/bin/../lib/gcc/arm-none-eabi/5.3.1/../../../../arm-none-eabi/lib/armv7-m/libg_nano.a(lib_a-reent.o)
 .ARM.attributes
                0x000009b6       0x2d /home/laurence/ARM-GCC/bin/../lib/gcc/arm-none-eabi/5.3.1/../../../../arm-none-eabi/lib/armv7-m/libnosys.a(sbrk.o)
 .ARM.attributes
                0x000009e3       0x2d /home/laurence/ARM-GCC/bin/../lib/gcc/arm-none-eabi/5.3.1/../../../../arm-none-eabi/lib/armv7-m/libnosys.a(_exit.o)
 .ARM.attributes
                0x00000a10       0x2d /home/laurence/ARM-GCC/bin/../lib/gcc/arm-none-eabi/5.3.1/armv7-m/crtend.o
 .ARM.attributes
                0x00000a3d       0x1d /home/laurence/ARM-GCC/bin/../lib/gcc/arm-none-eabi/5.3.1/armv7-m/crtn.o
 .ARM.attributes
                0x00000a5a       0x2d /home/laurence/ARM-GCC/bin/../lib/gcc/arm-none-eabi/5.3.1/../../../../arm-none-eabi/lib/armv7-m/libm.a(lib_a-sf_round.o)
 .ARM.attributes
                0x00000a87       0x2d /home/laurence/ARM-GCC/bin/../lib/gcc/arm-none-eabi/5.3.1/../../../../arm-none-eabi/lib/armv7-m/libm.a(lib_a-sf_sin.o)
 .ARM.attributes
                0x00000ab4       0x2d /home/laurence/ARM-GCC/bin/../lib/gcc/arm-none-eabi/5.3.1/../../../../arm-none-eabi/lib/armv7-m/libm.a(lib_a-w_atan2.o)
 .ARM.attributes
                0x00000ae1       0x2d /home/laurence/ARM-GCC/bin/../lib/gcc/arm-none-eabi/5.3.1/../../../../arm-none-eabi/lib/armv7-m/libm.a(lib_a-wf_acos.o)
 .ARM.attributes
                0x00000b0e       0x2d /home/laurence/ARM-GCC/bin/../lib/gcc/arm-none-eabi/5.3.1/../../../../arm-none-eabi/lib/armv7-m/libm.a(lib_a-wf_atan2.o)
 .ARM.attributes
                0x00000b3b       0x2d /home/laurence/ARM-GCC/bin/../lib/gcc/arm-none-eabi/5.3.1/../../../../arm-none-eabi/lib/armv7-m/libm.a(lib_a-wf_sqrt.o)
 .ARM.attributes
                0x00000b68       0x2d /home/laurence/ARM-GCC/bin/../lib/gcc/arm-none-eabi/5.3.1/../../../../arm-none-eabi/lib/armv7-m/libm.a(lib_a-e_atan2.o)
 .ARM.attributes
                0x00000b95       0x2d /home/laurence/ARM-GCC/bin/../lib/gcc/arm-none-eabi/5.3.1/../../../../arm-none-eabi/lib/armv7-m/libm.a(lib_a-ef_acos.o)
 .ARM.attributes
                0x00000bc2       0x2d /home/laurence/ARM-GCC/bin/../lib/gcc/arm-none-eabi/5.3.1/../../../../arm-none-eabi/lib/armv7-m/libm.a(lib_a-ef_atan2.o)
 .ARM.attributes
                0x00000bef       0x2d /home/laurence/ARM-GCC/bin/../lib/gcc/arm-none-eabi/5.3.1/../../../../arm-none-eabi/lib/armv7-m/libm.a(lib_a-ef_rem_pio2.o)
 .ARM.attributes
                0x00000c1c       0x2d /home/laurence/ARM-GCC/bin/../lib/gcc/arm-none-eabi/5.3.1/../../../../arm-none-eabi/lib/armv7-m/libm.a(lib_a-ef_sqrt.o)
 .ARM.attributes
                0x00000c49       0x2d /home/laurence/ARM-GCC/bin/../lib/gcc/arm-none-eabi/5.3.1/../../../../arm-none-eabi/lib/armv7-m/libm.a(lib_a-kf_cos.o)
 .ARM.attributes
                0x00000c76       0x2d /home/laurence/ARM-GCC/bin/../lib/gcc/arm-none-eabi/5.3.1/../../../../arm-none-eabi/lib/armv7-m/libm.a(lib_a-kf_rem_pio2.o)
 .ARM.attributes
                0x00000ca3       0x2d /home/laurence/ARM-GCC/bin/../lib/gcc/arm-none-eabi/5.3.1/../../../../arm-none-eabi/lib/armv7-m/libm.a(lib_a-kf_sin.o)
 .ARM.attributes
                0x00000cd0       0x2d /home/laurence/ARM-GCC/bin/../lib/gcc/arm-none-eabi/5.3.1/../../../../arm-none-eabi/lib/armv7-m/libm.a(lib_a-s_atan.o)
 .ARM.attributes
                0x00000cfd       0x2d /home/laurence/ARM-GCC/bin/../lib/gcc/arm-none-eabi/5.3.1/../../../../arm-none-eabi/lib/armv7-m/libm.a(lib_a-s_fabs.o)
 .ARM.attributes
                0x00000d2a       0x2d /home/laurence/ARM-GCC/bin/../lib/gcc/arm-none-eabi/5.3.1/../../../../arm-none-eabi/lib/armv7-m/libm.a(lib_a-s_lib_ver.o)
 .ARM.attributes
                0x00000d57       0x2d /home/laurence/ARM-GCC/bin/../lib/gcc/arm-none-eabi/5.3.1/../../../../arm-none-eabi/lib/armv7-m/libm.a(lib_a-s_matherr.o)
 .ARM.attributes
                0x00000d84       0x2d /home/laurence/ARM-GCC/bin/../lib/gcc/arm-none-eabi/5.3.1/../../../../arm-none-eabi/lib/armv7-m/libm.a(lib_a-s_nan.o)
 .ARM.attributes