Archive member included to satisfy reference by file (symbol)

lib/STM32F10x_StdPeriph_Driver/libstm32fw.a(misc.o)
                              interrupts.o (symbol from plugin) (NVIC_PriorityGroupConfig)
lib/STM32F10x_StdPeriph_Driver/libstm32fw.a(stm32f10x_adc.o)
                              adc.o (symbol from plugin) (ADC_DeInit)
lib/STM32F10x_StdPeriph_Driver/libstm32fw.a(stm32f10x_bkp.o)
                              Util/fat_fs/src/rtc.o (symbol from plugin) (BKP_DeInit)
lib/STM32F10x_StdPeriph_Driver/libstm32fw.a(stm32f10x_dbgmcu.o)
                              main.o (symbol from plugin) (DBGMCU_Config)
lib/STM32F10x_StdPeriph_Driver/libstm32fw.a(stm32f10x_dma.o)
                              Util/fat_fs/src/sd_spi_stm32.o (symbol from plugin) (DMA_DeInit)
lib/STM32F10x_StdPeriph_Driver/libstm32fw.a(stm32f10x_exti.o)
                              interrupts.o (symbol from plugin) (EXTI_DeInit)
lib/STM32F10x_StdPeriph_Driver/libstm32fw.a(stm32f10x_gpio.o)
                              Util/fat_fs/src/sd_spi_stm32.o (symbol from plugin) (GPIO_Init)
lib/STM32F10x_StdPeriph_Driver/libstm32fw.a(stm32f10x_i2c.o)
                              i2c_int.o (symbol from plugin) (I2C_DeInit)
lib/STM32F10x_StdPeriph_Driver/libstm32fw.a(stm32f10x_iwdg.o)
                              watchdog.o (symbol from plugin) (IWDG_WriteAccessCmd)
lib/STM32F10x_StdPeriph_Driver/libstm32fw.a(stm32f10x_pwr.o)
                              pwr.o (symbol from plugin) (PWR_DeInit)
lib/STM32F10x_StdPeriph_Driver/libstm32fw.a(stm32f10x_rcc.o)
                              interrupts.o (symbol from plugin) (RCC_HCLKConfig)
lib/STM32F10x_StdPeriph_Driver/libstm32fw.a(stm32f10x_rtc.o)
                              Util/fat_fs/src/rtc.o (symbol from plugin) (RTC_GetCounter)
lib/STM32F10x_StdPeriph_Driver/libstm32fw.a(stm32f10x_spi.o)
                              Util/fat_fs/src/sd_spi_stm32.o (symbol from plugin) (SPI_I2S_DeInit)
lib/STM32F10x_StdPeriph_Driver/libstm32fw.a(stm32f10x_tim.o)
                              timer.o (symbol from plugin) (TIM_DeInit)
lib/STM32F10x_StdPeriph_Driver/libstm32fw.a(stm32f10x_usart.o)
                              Util/rn42_command.o (symbol from plugin) (USART_DeInit)
lib/STM32_USB-FS-Device_Driver/libstm32usb.a(usb_core.o)
                              Util/USB/usb_prop.o (symbol from plugin) (Standard_GetDescriptorData)
lib/STM32_USB-FS-Device_Driver/libstm32usb.a(usb_init.o)
                              Util/USB/hw_config.o (symbol from plugin) (Device_Info)
lib/STM32_USB-FS-Device_Driver/libstm32usb.a(usb_int.o)
                              Util/USB/usb_istr.o (symbol from plugin) (CTR_LP)
lib/STM32_USB-FS-Device_Driver/libstm32usb.a(usb_mem.o)
                              lib/STM32_USB-FS-Device_Driver/libstm32usb.a(usb_core.o) (UserToPMABufferCopy)
lib/STM32_USB-FS-Device_Driver/libstm32usb.a(usb_regs.o)
                              Util/USB/usb_prop.o (symbol from plugin) (SetBTABLE)
lib/STM32_USB-FS-Device_Driver/libstm32usb.a(usb_sil.o)
                              Util/USB/usb_prop.o (symbol from plugin) (USB_SIL_Init)
/home/laurence/ARM-GCC/gcc-arm-none-eabi-5_3-2016q1/bin/../lib/gcc/arm-none-eabi/5.3.1/../../../../arm-none-eabi/lib/armv7-m/libg.a(lib_a-exit.o)
                              /home/laurence/ARM-GCC/gcc-arm-none-eabi-5_3-2016q1/bin/../lib/gcc/arm-none-eabi/5.3.1/../../../../arm-none-eabi/lib/armv7-m/crt0.o (exit)
/home/laurence/ARM-GCC/gcc-arm-none-eabi-5_3-2016q1/bin/../lib/gcc/arm-none-eabi/5.3.1/../../../../arm-none-eabi/lib/armv7-m/libg.a(lib_a-impure.o)
                              /home/laurence/ARM-GCC/gcc-arm-none-eabi-5_3-2016q1/bin/../lib/gcc/arm-none-eabi/5.3.1/../../../../arm-none-eabi/lib/armv7-m/libg.a(lib_a-exit.o) (_global_impure_ptr)
/home/laurence/ARM-GCC/gcc-arm-none-eabi-5_3-2016q1/bin/../lib/gcc/arm-none-eabi/5.3.1/../../../../arm-none-eabi/lib/armv7-m/libg.a(lib_a-init.o)
                              /home/laurence/ARM-GCC/gcc-arm-none-eabi-5_3-2016q1/bin/../lib/gcc/arm-none-eabi/5.3.1/../../../../arm-none-eabi/lib/armv7-m/crt0.o (__libc_init_array)
/home/laurence/ARM-GCC/gcc-arm-none-eabi-5_3-2016q1/bin/../lib/gcc/arm-none-eabi/5.3.1/../../../../arm-none-eabi/lib/armv7-m/libg.a(lib_a-memset.o)
                              /home/laurence/ARM-GCC/gcc-arm-none-eabi-5_3-2016q1/bin/../lib/gcc/arm-none-eabi/5.3.1/../../../../arm-none-eabi/lib/armv7-m/crt0.o (memset)
/home/laurence/ARM-GCC/gcc-arm-none-eabi-5_3-2016q1/bin/../lib/gcc/arm-none-eabi/5.3.1/../../../../arm-none-eabi/lib/armv7-m/libg.a(lib_a-rand.o)
                              Util/sp1ml_command.o (symbol from plugin) (srand)
/home/laurence/ARM-GCC/gcc-arm-none-eabi-5_3-2016q1/bin/../lib/gcc/arm-none-eabi/5.3.1/../../../../arm-none-eabi/lib/armv7-m/libg.a(lib_a-__call_atexit.o)
                              /home/laurence/ARM-GCC/gcc-arm-none-eabi-5_3-2016q1/bin/../lib/gcc/arm-none-eabi/5.3.1/../../../../arm-none-eabi/lib/armv7-m/libg.a(lib_a-exit.o) (__call_exitprocs)
[...]
Memory Configuration

Name             Origin             Length             Attributes
RAM              0x20000000         0x00005000         xrw
FLASH            0x08000000         0x00020000         xr
FLASHB1          0x00000000         0x00000000         xr
EXTMEMB0         0x00000000         0x00000000         xr
EXTMEMB1         0x00000000         0x00000000         xr
EXTMEMB2         0x00000000         0x00000000         xr
EXTMEMB3         0x00000000         0x00000000         xr
STARTFLASH       0x00000000         0xffffffff
CRPPATCH         0x00000000         0xffffffff
FLASHPATCH       0x00000000         0xffffffff
ENDFLASH         0x00000000         0xffffffff
*default*        0x00000000         0xffffffff

Linker script and memory map

LOAD /home/laurence/ARM-GCC/gcc-arm-none-eabi-5_3-2016q1/bin/../lib/gcc/arm-none-eabi/5.3.1/armv7-m/crti.o
LOAD /home/laurence/ARM-GCC/gcc-arm-none-eabi-5_3-2016q1/bin/../lib/gcc/arm-none-eabi/5.3.1/armv7-m/crtbegin.o
LOAD /home/laurence/ARM-GCC/gcc-arm-none-eabi-5_3-2016q1/bin/../lib/gcc/arm-none-eabi/5.3.1/../../../../arm-none-eabi/lib/armv7-m/crt0.o
LOAD Util/USB/hw_config.o
LOAD /tmp/ccC4aFZV.ltrans0.ltrans.o
LOAD /tmp/ccC4aFZV.ltrans1.ltrans.o
LOAD /tmp/ccC4aFZV.ltrans2.ltrans.o
LOAD /tmp/ccC4aFZV.ltrans3.ltrans.o
LOAD /tmp/ccC4aFZV.ltrans4.ltrans.o
LOAD /tmp/ccC4aFZV.ltrans5.ltrans.o
LOAD /tmp/ccC4aFZV.ltrans6.ltrans.o
LOAD /tmp/ccC4aFZV.ltrans7.ltrans.o
LOAD /tmp/ccC4aFZV.ltrans8.ltrans.o
LOAD /tmp/ccC4aFZV.ltrans9.ltrans.o
LOAD /tmp/ccC4aFZV.ltrans10.ltrans.o
LOAD /tmp/ccC4aFZV.ltrans11.ltrans.o
LOAD /tmp/ccC4aFZV.ltrans12.ltrans.o
LOAD /tmp/ccC4aFZV.ltrans13.ltrans.o
LOAD /tmp/ccC4aFZV.ltrans14.ltrans.o
LOAD /tmp/ccC4aFZV.ltrans15.ltrans.o
LOAD /tmp/ccC4aFZV.ltrans16.ltrans.o
LOAD /tmp/ccC4aFZV.ltrans17.ltrans.o
LOAD Util/USB/mass_mal.o
LOAD Util/USB/memory.o
LOAD Util/USB/scsi_data.o
LOAD Util/USB/usb_bot.o
LOAD Util/USB/usb_desc.o
LOAD Util/USB/usb_endp.o
LOAD Util/USB/usb_istr.o
LOAD Util/USB/usb_prop.o
LOAD Util/USB/usb_pwr.o
LOAD Util/USB/usb_scsi.o
LOAD Util/buffer.o
LOAD Util/data_alignment.o
LOAD Util/dcm_attitude.o
LOAD Util/delay.o
LOAD Util/fat_fs/option/ccsbcs.o
LOAD Util/fat_fs/src/fattime.o
LOAD Util/fat_fs/src/ff.o
LOAD Util/fat_fs/src/rtc.o
LOAD Util/fat_fs/src/sd_spi_stm32.o
LOAD Util/filter.o
LOAD Util/load_setting.o
LOAD Util/rn42_command.o
LOAD Util/rn42_conf.o
LOAD Util/rprintf.o
LOAD Util/rtc_correct.o
LOAD Util/sp1ml_command.o
LOAD Util/wave.o
LOAD adc.o
LOAD bootload.o
LOAD dma.o
LOAD gpio.o
LOAD i2c_int.o
LOAD interrupts.o
LOAD lib/CMSIS_CM3/core_cm3.o
LOAD lib/CMSIS_CM3/startup/gcc/startup_stm32f10x_md.o
LOAD lib/CMSIS_CM3/system_stm32f10x.o
LOAD main.o
LOAD pwr.o
LOAD timer.o
LOAD usart.o
LOAD watchdog.o
LOAD Sensors/ads1298.o
LOAD Sensors/lsm9ds1.o
LOAD Sensors/ubx.o
LOAD lib/STM32F10x_StdPeriph_Driver/libstm32fw.a
LOAD lib/STM32_USB-FS-Device_Driver/libstm32usb.a
LOAD /home/laurence/ARM-GCC/gcc-arm-none-eabi-5_3-2016q1/bin/../lib/gcc/arm-none-eabi/5.3.1/../../../../arm-none-eabi/lib/armv7-m/libm.a
LOAD /home/laurence/ARM-GCC/gcc-arm-none-eabi-5_3-2016q1/bin/../lib/gcc/arm-none-eabi/5.3.1/../../../../arm-none-eabi/lib/armv7-m/libnosys.a
START GROUP
LOAD /home/laurence/ARM-GCC/gcc-arm-none-eabi-5_3-2016q1/bin/../lib/gcc/arm-none-eabi/5.3.1/armv7-m/libgcc.a
LOAD /home/laurence/ARM-GCC/gcc-arm-none-eabi-5_3-2016q1/bin/../lib/gcc/arm-none-eabi/5.3.1/../../../../arm-none-eabi/lib/armv7-m/libg.a
LOAD /home/laurence/ARM-GCC/gcc-arm-none-eabi-5_3-2016q1/bin/../lib/gcc/arm-none-eabi/5.3.1/../../../../arm-none-eabi/lib/armv7-m/libc.a
END GROUP
START GROUP
LOAD /home/laurence/ARM-GCC/gcc-arm-none-eabi-5_3-2016q1/bin/../lib/gcc/arm-none-eabi/5.3.1/armv7-m/libgcc.a
LOAD /home/laurence/ARM-GCC/gcc-arm-none-eabi-5_3-2016q1/bin/../lib/gcc/arm-none-eabi/5.3.1/../../../../arm-none-eabi/lib/armv7-m/libc.a
LOAD /home/laurence/ARM-GCC/gcc-arm-none-eabi-5_3-2016q1/bin/../lib/gcc/arm-none-eabi/5.3.1/../../../../arm-none-eabi/lib/armv7-m/libnosys.a
END GROUP
LOAD /home/laurence/ARM-GCC/gcc-arm-none-eabi-5_3-2016q1/bin/../lib/gcc/arm-none-eabi/5.3.1/armv7-m/crtend.o
LOAD /home/laurence/ARM-GCC/gcc-arm-none-eabi-5_3-2016q1/bin/../lib/gcc/arm-none-eabi/5.3.1/armv7-m/crtn.o
                0x00002000                __Stack_Size = 0x2000
                [!provide]                PROVIDE (_Stack_Size, __Stack_Size)
                0x20003000                __Stack_Init = (_estack - __Stack_Size)
                [!provide]                PROVIDE (_Stack_Init, __Stack_Init)
                0x00002000                _Minimum_Stack_Size = 0x2000
                [!provide]                PROVIDE (Undefined_Handler, 0x0)
                [!provide]                PROVIDE (SWI_Handler, 0x0)
                [!provide]                PROVIDE (IRQ_Handler, 0x0)
                [!provide]                PROVIDE (Prefetch_Handler, 0x0)
                [!provide]                PROVIDE (Abort_Handler, 0x0)
                [!provide]                PROVIDE (FIQ_Handler, 0x0)
                [!provide]                PROVIDE (NMIException, 0x0)
                [!provide]                PROVIDE (NMI_Handler, 0x0)
                [!provide]                PROVIDE (HardFaultException, 0x0)
                [!provide]                PROVIDE (HardFault_Handler, 0x0)
                [!provide]                PROVIDE (MemManageException, 0x0)
                [!provide]                PROVIDE (MemManage_Handler, 0x0)
                [!provide]                PROVIDE (BusFaultException, 0x0)
                [!provide]                PROVIDE (BusFault_Handler, 0x0)
                [!provide]                PROVIDE (UsageFaultException, 0x0)
                [!provide]                PROVIDE (UsageFault_Handler, 0x0)
                [!provide]                PROVIDE (SVCHandler, 0x0)
                [!provide]                PROVIDE (SVC_Handler, 0x0)
                [!provide]                PROVIDE (DebugMonitor, 0x0)
                [!provide]                PROVIDE (DebugMon_Handler, 0x0)
                [!provide]                PROVIDE (PendSVC, 0x0)
                [!provide]                PROVIDE (PendSV_Handler, 0x0)
                [!provide]                PROVIDE (SysTickHandler, 0x0)
                [!provide]                PROVIDE (SysTick_Handler, 0x0)
                [!provide]                PROVIDE (WWDG_IRQHandler, 0x0)
                [!provide]                PROVIDE (PVD_IRQHandler, 0x0)
                [!provide]                PROVIDE (TAMPER_IRQHandler, 0x0)
                [!provide]                PROVIDE (RTC_IRQHandler, 0x0)
                [!provide]                PROVIDE (FLASH_IRQHandler, 0x0)
                [!provide]                PROVIDE (RCC_IRQHandler, 0x0)
                [!provide]                PROVIDE (EXTI0_IRQHandler, 0x0)
                [!provide]                PROVIDE (EXTI1_IRQHandler, 0x0)
                [!provide]                PROVIDE (EXTI2_IRQHandler, 0x0)
                [!provide]                PROVIDE (EXTI3_IRQHandler, 0x0)
                [!provide]                PROVIDE (EXTI4_IRQHandler, 0x0)
                [!provide]                PROVIDE (DMAChannel1_IRQHandler, 0x0)
                [!provide]                PROVIDE (DMAChannel2_IRQHandler, 0x0)
                [!provide]                PROVIDE (DMAChannel3_IRQHandler, 0x0)
                [!provide]                PROVIDE (DMAChannel4_IRQHandler, 0x0)
                [!provide]                PROVIDE (DMAChannel5_IRQHandler, 0x0)
                [!provide]                PROVIDE (DMAChannel6_IRQHandler, 0x0)
                [!provide]                PROVIDE (DMAChannel7_IRQHandler, 0x0)
                [!provide]                PROVIDE (DMA1_Channel1_IRQHandler, 0x0)
                [!provide]                PROVIDE (DMA1_Channel2_IRQHandler, 0x0)
                [!provide]                PROVIDE (DMA1_Channel3_IRQHandler, 0x0)
                [!provide]                PROVIDE (DMA1_Channel4_IRQHandler, 0x0)
                [!provide]                PROVIDE (DMA1_Channel5_IRQHandler, 0x0)
                [!provide]                PROVIDE (DMA1_Channel6_IRQHandler, 0x0)
                [!provide]                PROVIDE (DMA1_Channel7_IRQHandler, 0x0)
                [!provide]                PROVIDE (ADC_IRQHandler, 0x0)
                [!provide]                PROVIDE (ADC1_2_IRQHandler, 0x0)
                [!provide]                PROVIDE (USB_HP_CAN_TX_IRQHandler, 0x0)
                [!provide]                PROVIDE (USB_HP_CAN1_TX_IRQHandler, 0x0)
                [!provide]                PROVIDE (USB_LP_CAN_RX0_IRQHandler, 0x0)
                [!provide]                PROVIDE (USB_LP_CAN1_RX0_IRQHandler, 0x0)
                [!provide]                PROVIDE (CAN_RX1_IRQHandler, 0x0)
                [!provide]                PROVIDE (CAN1_RX1_IRQHandler, 0x0)
                [!provide]                PROVIDE (CAN_SCE_IRQHandler, 0x0)
                [!provide]                PROVIDE (CAN1_SCE_IRQHandler, 0x0)
                [!provide]                PROVIDE (EXTI9_5_IRQHandler, 0x0)
                [!provide]                PROVIDE (TIM1_BRK_IRQHandler, 0x0)
                [!provide]                PROVIDE (TIM1_UP_IRQHandler, 0x0)
                [!provide]                PROVIDE (TIM1_TRG_COM_IRQHandler, 0x0)
                [!provide]                PROVIDE (TIM1_CC_IRQHandler, 0x0)
                [!provide]                PROVIDE (TIM2_IRQHandler, 0x0)
                [!provide]                PROVIDE (TIM3_IRQHandler, 0x0)
                [!provide]                PROVIDE (TIM4_IRQHandler, 0x0)
                [!provide]                PROVIDE (I2C1_EV_IRQHandler, 0x0)
                [!provide]                PROVIDE (I2C1_ER_IRQHandler, 0x0)
                [!provide]                PROVIDE (I2C2_EV_IRQHandler, 0x0)
                [!provide]                PROVIDE (I2C2_ER_IRQHandler, 0x0)
                [!provide]                PROVIDE (SPI1_IRQHandler, 0x0)
                [!provide]                PROVIDE (SPI2_IRQHandler, 0x0)
                [!provide]                PROVIDE (USART1_IRQHandler, 0x0)
                [!provide]                PROVIDE (USART2_IRQHandler, 0x0)
                [!provide]                PROVIDE (USART3_IRQHandler, 0x0)
                [!provide]                PROVIDE (EXTI15_10_IRQHandler, 0x0)
                [!provide]                PROVIDE (RTCAlarm_IRQHandler, 0x0)
                [!provide]                PROVIDE (USBWakeUp_IRQHandler, 0x0)
                [!provide]                PROVIDE (TIM8_BRK_IRQHandler, 0x0)
                [!provide]                PROVIDE (TIM8_UP_IRQHandler, 0x0)
                [!provide]                PROVIDE (TIM8_TRG_COM_IRQHandler, 0x0)
                [!provide]                PROVIDE (TIM8_CC_IRQHandler, 0x0)
                [!provide]                PROVIDE (ADC3_IRQHandler, 0x0)
                [!provide]                PROVIDE (FSMC_IRQHandler, 0x0)
                [!provide]                PROVIDE (SDIO_IRQHandler, 0x0)
                [!provide]                PROVIDE (TIM5_IRQHandler, 0x0)
                [!provide]                PROVIDE (SPI3_IRQHandler, 0x0)
                [!provide]                PROVIDE (UART4_IRQHandler, 0x0)
                [!provide]                PROVIDE (UART5_IRQHandler, 0x0)
                [!provide]                PROVIDE (TIM6_IRQHandler, 0x0)
                [!provide]                PROVIDE (TIM7_IRQHandler, 0x0)
                [!provide]                PROVIDE (DMA2_Channel1_IRQHandler, 0x0)
                [!provide]                PROVIDE (DMA2_Channel2_IRQHandler, 0x0)
                [!provide]                PROVIDE (DMA2_Channel3_IRQHandler, 0x0)
                [!provide]                PROVIDE (DMA2_Channel4_5_IRQHandler, 0x0)
                0x42000000                PERIPH_BB_BASE = 0x42000000
                0x22000000                SRAM_BB_BASE = 0x22000000
                0x20000000                SRAM_BASE = 0x20000000
                0x40000000                PERIPH_BASE = 0x40000000
                [!provide]                PROVIDE (FLASH_BASE, 0x40022000)
                [!provide]                PROVIDE (OB_BASE, 0x1ffff800)
                0x40000000                APB1PERIPH_BASE = PERIPH_BASE
                0x40010000                APB2PERIPH_BASE = (PERIPH_BASE + 0x10000)
                0x40020000                AHBPERIPH_BASE = (PERIPH_BASE + 0x20000)
                [!provide]                PROVIDE (TIM2, (APB1PERIPH_BASE + 0x0))
                [!provide]                PROVIDE (TIM3, (APB1PERIPH_BASE + 0x400))
                [!provide]                PROVIDE (TIM4, (APB1PERIPH_BASE + 0x800))
                [!provide]                PROVIDE (RTC, (APB1PERIPH_BASE + 0x2800))
                [!provide]                PROVIDE (WWDG, (APB1PERIPH_BASE + 0x2c00))
                [!provide]                PROVIDE (IWDG, (APB1PERIPH_BASE + 0x3000))
                [!provide]                PROVIDE (SPI2, (APB1PERIPH_BASE + 0x3800))
                [!provide]                PROVIDE (USART2, (APB1PERIPH_BASE + 0x4400))
                [!provide]                PROVIDE (USART3, (APB1PERIPH_BASE + 0x4800))
                [!provide]                PROVIDE (I2C1, (APB1PERIPH_BASE + 0x5400))
                [!provide]                PROVIDE (I2C2, (APB1PERIPH_BASE + 0x5800))
                [!provide]                PROVIDE (CAN, (APB1PERIPH_BASE + 0x6400))
                [!provide]                PROVIDE (BKP, (APB1PERIPH_BASE + 0x6c00))
                [!provide]                PROVIDE (PWR, (APB1PERIPH_BASE + 0x7000))
                [!provide]                PROVIDE (AFIO, (APB2PERIPH_BASE + 0x0))
                [!provide]                PROVIDE (EXTI, (APB2PERIPH_BASE + 0x400))
                [!provide]                PROVIDE (GPIOA, (APB2PERIPH_BASE + 0x800))
                [!provide]                PROVIDE (GPIOB, (APB2PERIPH_BASE + 0xc00))
                [!provide]                PROVIDE (GPIOC, (APB2PERIPH_BASE + 0x1000))
                [!provide]                PROVIDE (GPIOD, (APB2PERIPH_BASE + 0x1400))
                [!provide]                PROVIDE (GPIOE, (APB2PERIPH_BASE + 0x1800))
                [!provide]                PROVIDE (ADC1, (APB2PERIPH_BASE + 0x2400))
                [!provide]                PROVIDE (ADC2, (APB2PERIPH_BASE + 0x2800))
                [!provide]                PROVIDE (TIM1, (APB2PERIPH_BASE + 0x2c00))
                [!provide]                PROVIDE (SPI1, (APB2PERIPH_BASE + 0x3000))
                [!provide]                PROVIDE (USART1, (APB2PERIPH_BASE + 0x3800))
                [!provide]                PROVIDE (DMA, (AHBPERIPH_BASE + 0x0))
                [!provide]                PROVIDE (DMA_Channel1, (AHBPERIPH_BASE + 0x8))
                [!provide]                PROVIDE (DMA_Channel2, (AHBPERIPH_BASE + 0x1c))
                [!provide]                PROVIDE (DMA_Channel3, (AHBPERIPH_BASE + 0x30))
                [!provide]                PROVIDE (DMA_Channel4, (AHBPERIPH_BASE + 0x44))
                [!provide]                PROVIDE (DMA_Channel5, (AHBPERIPH_BASE + 0x58))
                [!provide]                PROVIDE (DMA_Channel6, (AHBPERIPH_BASE + 0x6c))
                [!provide]                PROVIDE (DMA_Channel7, (AHBPERIPH_BASE + 0x80))
                [!provide]                PROVIDE (RCC, (AHBPERIPH_BASE + 0x1000))
                0xe000e000                SCS_BASE = 0xe000e000
                [!provide]                PROVIDE (SysTick, (SCS_BASE + 0x10))
                [!provide]                PROVIDE (NVIC, (SCS_BASE + 0x100))
                [!provide]                PROVIDE (SCB, (SCS_BASE + 0xd00))
                0x20005000                PROVIDE (_estack, (ORIGIN (RAM) + LENGTH (RAM)))

.isr_vector     0x08000000      0x10c
                0x08000000                . = ALIGN (0x4)
 *(.isr_vector)
 .isr_vector    0x08000000      0x10c lib/CMSIS_CM3/startup/gcc/startup_stm32f10x_md.o
                0x08000000                g_pfnVectors
                0x0800010c                . = ALIGN (0x4)

.flash_start    0x00000000        0x0
                0x00000000                . = ALIGN (0x4)
 *(.flash_start)
 *(.flash_start.*)
                0x00000000                . = ALIGN (0x4)

.crp_patch      0x00000000        0x0
                0x00000000                . = ALIGN (0x4)
 *(.crp_patch)
                0x00000000                . = ALIGN (0x4)

.flashtext      0x0800010c        0x0
                0x0800010c                . = ALIGN (0x4)
 *(.flashtext)
                0x0800010c                . = ALIGN (0x4)

.text           0x08000110    0x13708
                0x08000110                . = ALIGN (0x4)
 *(.text)
 .text          0x08000110      0x370 /home/laurence/ARM-GCC/gcc-arm-none-eabi-5_3-2016q1/bin/../lib/gcc/arm-none-eabi/5.3.1/armv7-m/libgcc.a(_arm_addsubdf3.o)
                0x08000110                __aeabi_drsub
                0x08000118                __aeabi_dsub
                0x08000118                __subdf3
                0x0800011c                __adddf3
                0x0800011c                __aeabi_dadd
                0x08000394                __aeabi_ui2d
                0x08000394                __floatunsidf
                0x080003b4                __floatsidf
                0x080003b4                __aeabi_i2d
                0x080003d8                __extendsfdf2
                0x080003d8                __aeabi_f2d
                0x08000414                __aeabi_ul2d
                0x08000414                __floatundidf
                0x08000424                __floatdidf
                0x08000424                __aeabi_l2d
 .text          0x08000480      0x424 /home/laurence/ARM-GCC/gcc-arm-none-eabi-5_3-2016q1/bin/../lib/gcc/arm-none-eabi/5.3.1/armv7-m/libgcc.a(_arm_muldivdf3.o)
                0x08000480                __aeabi_dmul
                0x08000480                __muldf3
                0x080006d4                __aeabi_ddiv
                0x080006d4                __divdf3
 .text          0x080008a4      0x110 /home/laurence/ARM-GCC/gcc-arm-none-eabi-5_3-2016q1/bin/../lib/gcc/arm-none-eabi/5.3.1/armv7-m/libgcc.a(_arm_cmpdf2.o)
                0x080008a4                __gtdf2
                0x080008a4                __gedf2
                0x080008ac                __ltdf2
                0x080008ac                __ledf2
                0x080008b4                __cmpdf2
                0x080008b4                __eqdf2
                0x080008b4                __nedf2
                0x08000930                __aeabi_cdrcmple
                0x08000940                __aeabi_cdcmple
                0x08000940                __aeabi_cdcmpeq
                0x08000950                __aeabi_dcmpeq
                0x08000964                __aeabi_dcmplt
                0x08000978                __aeabi_dcmple
                0x0800098c                __aeabi_dcmpge
                0x080009a0                __aeabi_dcmpgt
 .text          0x080009b4       0x50 /home/laurence/ARM-GCC/gcc-arm-none-eabi-5_3-2016q1/bin/../lib/gcc/arm-none-eabi/5.3.1/armv7-m/libgcc.a(_arm_fixdfsi.o)
                0x080009b4                __fixdfsi
                0x080009b4                __aeabi_d2iz
 .text          0x08000a04       0x40 /home/laurence/ARM-GCC/gcc-arm-none-eabi-5_3-2016q1/bin/../lib/gcc/arm-none-eabi/5.3.1/armv7-m/libgcc.a(_arm_fixunsdfsi.o)
                0x08000a04                __fixunsdfsi
                0x08000a04                __aeabi_d2uiz
 .text          0x08000a44       0xa0 /home/laurence/ARM-GCC/gcc-arm-none-eabi-5_3-2016q1/bin/../lib/gcc/arm-none-eabi/5.3.1/armv7-m/libgcc.a(_arm_truncdfsf2.o)
                0x08000a44                __aeabi_d2f
                0x08000a44                __truncdfsf2
 .text          0x08000ae4      0x21c /home/laurence/ARM-GCC/gcc-arm-none-eabi-5_3-2016q1/bin/../lib/gcc/arm-none-eabi/5.3.1/armv7-m/libgcc.a(_arm_addsubsf3.o)
                0x08000ae4                __aeabi_frsub
                0x08000aec                __subsf3
                0x08000aec                __aeabi_fsub
                0x08000af0                __aeabi_fadd
                0x08000af0                __addsf3
                0x08000c50                __aeabi_ui2f
                0x08000c50                __floatunsisf
                0x08000c58                __aeabi_i2f
                0x08000c58                __floatsisf
                0x08000c74                __floatundisf
                0x08000c74                __aeabi_ul2f
                0x08000c84                __floatdisf
                0x08000c84                __aeabi_l2f
 .text          0x08000d00      0x2a0 /home/laurence/ARM-GCC/gcc-arm-none-eabi-5_3-2016q1/bin/../lib/gcc/arm-none-eabi/5.3.1/armv7-m/libgcc.a(_arm_muldivsf3.o)
                0x08000d00                __mulsf3
                0x08000d00                __aeabi_fmul
                0x08000e68                __divsf3
                0x08000e68                __aeabi_fdiv
 .text          0x08000fa0       0xec /home/laurence/ARM-GCC/gcc-arm-none-eabi-5_3-2016q1/bin/../lib/gcc/arm-none-eabi/5.3.1/armv7-m/libgcc.a(_arm_cmpsf2.o)
                0x08000fa0                __gtsf2
                0x08000fa0                __gesf2
                0x08000fa8                __lesf2
                0x08000fa8                __ltsf2
                0x08000fb0                __nesf2
                0x08000fb0                __eqsf2
                0x08000fb0                __cmpsf2
                0x08001010                __aeabi_cfrcmple
                0x08001018                __aeabi_cfcmple
                0x08001018                __aeabi_cfcmpeq
                0x08001028                __aeabi_fcmpeq
                0x0800103c                __aeabi_fcmplt
                0x08001050                __aeabi_fcmple
                0x08001064                __aeabi_fcmpge
                0x08001078                __aeabi_fcmpgt
 .text          0x0800108c       0x2c /home/laurence/ARM-GCC/gcc-arm-none-eabi-5_3-2016q1/bin/../lib/gcc/arm-none-eabi/5.3.1/armv7-m/libgcc.a(_arm_unordsf2.o)
                0x0800108c                __aeabi_fcmpun
                0x0800108c                __unordsf2
 .text          0x080010b8       0x4c /home/laurence/ARM-GCC/gcc-arm-none-eabi-5_3-2016q1/bin/../lib/gcc/arm-none-eabi/5.3.1/armv7-m/libgcc.a(_arm_fixsfsi.o)
                0x080010b8                __fixsfsi
                0x080010b8                __aeabi_f2iz
 .text          0x08001104       0x40 /home/laurence/ARM-GCC/gcc-arm-none-eabi-5_3-2016q1/bin/../lib/gcc/arm-none-eabi/5.3.1/armv7-m/libgcc.a(_arm_fixunssfsi.o)
                0x08001104                __aeabi_f2uiz
                0x08001104                __fixunssfsi
 .text          0x08001144       0xec /home/laurence/ARM-GCC/gcc-arm-none-eabi-5_3-2016q1/bin/../lib/gcc/arm-none-eabi/5.3.1/../../../../arm-none-eabi/lib/armv7-m/libg.a(lib_a-memcpy.o)
                0x08001144                memcpy
 *(.text.*)
 .text.startup.main
                0x08001230     0x2f34 /tmp/ccC4aFZV.ltrans0.ltrans.o
                0x08001230                main
 .text.EP2_OUT_Callback
                0x08004164      0x9e8 /tmp/ccC4aFZV.ltrans1.ltrans.o
 .text.dir_read.lto_priv.71
                0x08004b4c      0x614 /tmp/ccC4aFZV.ltrans2.ltrans.o
                0x08004b4c                dir_read.lto_priv.71
 .text.dir_sdi.lto_priv.72
                0x08005160       0xa8 /tmp/ccC4aFZV.ltrans2.ltrans.o
                0x08005160                dir_sdi.lto_priv.72
 .text.create_chain.lto_priv.84
                0x08005208      0x190 /tmp/ccC4aFZV.ltrans2.ltrans.o
                0x08005208                create_chain.lto_priv.84
 .text.sync.lto_priv.69
                0x08005398       0xf8 /tmp/ccC4aFZV.ltrans2.ltrans.o
                0x08005398                sync.lto_priv.69
 .text.__usart_send_char
                0x08005490       0x9c /tmp/ccC4aFZV.ltrans3.ltrans.o
                0x08005490                __usart_send_char
 .text.ads1298_spi_dma_transaction
                0x0800552c       0xe8 /tmp/ccC4aFZV.ltrans3.ltrans.o
                0x0800552c                ads1298_spi_dma_transaction
 *fill*         0x08005614        0x4 
 .text.DMA1_Channel4_IRQHandler
                0x08005618      0xc10 /tmp/ccC4aFZV.ltrans3.ltrans.o
                0x08005618                DMA1_Channel4_IRQHandler
 .text.ads1298_busy_wait_command
                0x08006228       0x4c /tmp/ccC4aFZV.ltrans3.ltrans.o
                0x08006228                ads1298_busy_wait_command
 .text.ads1298_busy_wait_write
                0x08006274       0x8c /tmp/ccC4aFZV.ltrans3.ltrans.o
                0x08006274                ads1298_busy_wait_write
 .text.USART3_IRQHandler
                0x08006300      0x178 /tmp/ccC4aFZV.ltrans3.ltrans.o
                0x08006300                USART3_IRQHandler
 .text.USART1_IRQHandler
                0x08006478      0x12c /tmp/ccC4aFZV.ltrans3.ltrans.o
                0x08006478                USART1_IRQHandler
 .text.Gps_Send_Str
                0x080065a4       0x2c /tmp/ccC4aFZV.ltrans3.ltrans.o
                0x080065a4                Gps_Send_Str
 .text.Gps_Send_Utf8
                0x080065d0       0x30 /tmp/ccC4aFZV.ltrans3.ltrans.o
                0x080065d0                Gps_Send_Utf8
 .text.Usart3_Send_Str
                0x08006600       0x2c /tmp/ccC4aFZV.ltrans3.ltrans.o
                0x08006600                Usart3_Send_Str
 .text.move_window.lto_priv.75
                0x0800662c      0x1a8 /tmp/ccC4aFZV.ltrans4.ltrans.o
                0x0800662c                move_window.lto_priv.75
 .text.get_fattime
                0x080067d4       0x44 /tmp/ccC4aFZV.ltrans4.ltrans.o
                0x080067d4                get_fattime
 .text.Delay    0x08006818       0x20 /tmp/ccC4aFZV.ltrans4.ltrans.o
                0x08006818                Delay
 .text.Add_To_Buffer
                0x08006838       0x4c /tmp/ccC4aFZV.ltrans4.ltrans.o
                0x08006838                Add_To_Buffer
 .text.unlikely.SCSI_Invalid_Cmd
                0x08006884       0x6c /tmp/ccC4aFZV.ltrans4.ltrans.o
                0x08006884                SCSI_Invalid_Cmd
 .text.SCSI_Write10_Cmd
                0x080068f0      0x200 /tmp/ccC4aFZV.ltrans4.ltrans.o
                0x080068f0                SCSI_Write10_Cmd
 .text.SCSI_Read10_Cmd
                0x08006af0       0xe4 /tmp/ccC4aFZV.ltrans4.ltrans.o
                0x08006af0                SCSI_Read10_Cmd
 .text.RN42_generate_packet
                0x08006bd4      0x380 /tmp/ccC4aFZV.ltrans5.ltrans.o
                0x08006bd4                RN42_generate_packet
 .text.rprintf2RamRom
                0x08006f54      0x7d4 /tmp/ccC4aFZV.ltrans5.ltrans.o
                0x08006f54                rprintf2RamRom
 .text.disk_write.part.5.lto_priv.59
                0x08007728      0x240 /tmp/ccC4aFZV.ltrans5.ltrans.o
                0x08007728                disk_write.part.5.lto_priv.59
 .text.disk_read.part.4.lto_priv.64
                0x08007968      0x13c /tmp/ccC4aFZV.ltrans5.ltrans.o
                0x08007968                disk_read.part.4.lto_priv.64
 .text.put_fat.part.4.lto_priv.88
                0x08007aa4      0x128 /tmp/ccC4aFZV.ltrans6.ltrans.o
                0x08007aa4                put_fat.part.4.lto_priv.88
 .text.get_fat.part.3.lto_priv.62
                0x08007bcc       0xc0 /tmp/ccC4aFZV.ltrans6.ltrans.o
                0x08007bcc                get_fat.part.3.lto_priv.62
 .text.dir_find.part.5.lto_priv.96
                0x08007c8c      0x4b0 /tmp/ccC4aFZV.ltrans6.ltrans.o
                0x08007c8c                dir_find.part.5.lto_priv.96
 .text.f_lseek  0x0800813c      0x204 /tmp/ccC4aFZV.ltrans6.ltrans.o
                0x0800813c                f_lseek
 .text.f_close  0x08008340       0x10 /tmp/ccC4aFZV.ltrans6.ltrans.o
                0x08008340                f_close
 .text.SP1ML_generate_packet
                0x08008350      0x390 /tmp/ccC4aFZV.ltrans7.ltrans.o
                0x08008350                SP1ML_generate_packet
 .text.SP1ML_command
                0x080086e0      0x13c /tmp/ccC4aFZV.ltrans7.ltrans.o
                0x080086e0                SP1ML_command
 *fill*         0x0800881c        0x4 
 .text.SP1ML_rx_tx_data_processor
                0x08008820      0xe00 /tmp/ccC4aFZV.ltrans7.ltrans.o
                0x08008820                SP1ML_rx_tx_data_processor
 .text.set_rtc_correction
                0x08009620       0x5c /tmp/ccC4aFZV.ltrans7.ltrans.o
                0x08009620                set_rtc_correction
 .text.I2C1_ER_IRQHandler
                0x0800967c      0x150 /tmp/ccC4aFZV.ltrans8.ltrans.o
                0x0800967c                I2C1_ER_IRQHandler
 .text.I2C1_EV_IRQHandler
                0x080097cc      0x604 /tmp/ccC4aFZV.ltrans8.ltrans.o
                0x080097cc                I2C1_EV_IRQHandler
 .text.wave_terminate
                0x08009dd0      0x1c0 /tmp/ccC4aFZV.ltrans8.ltrans.o
                0x08009dd0                wave_terminate
 .text.write_wave_header
                0x08009f90       0xf0 /tmp/ccC4aFZV.ltrans8.ltrans.o
                0x08009f90                write_wave_header
 .text.SP1ML_assign_addr.part.1.lto_priv.78
                0x0800a080       0xa4 /tmp/ccC4aFZV.ltrans8.ltrans.o
                0x0800a080                SP1ML_assign_addr.part.1.lto_priv.78
 .text.check_fs.lto_priv.94
                0x0800a124       0xac /tmp/ccC4aFZV.ltrans9.ltrans.o
                0x0800a124                check_fs.lto_priv.94
 .text.follow_path.lto_priv.73
                0x0800a1d0      0x3b8 /tmp/ccC4aFZV.ltrans9.ltrans.o
                0x0800a1d0                follow_path.lto_priv.73
 .text.get_fileinfo.lto_priv.76
                0x0800a588      0x2c8 /tmp/ccC4aFZV.ltrans9.ltrans.o
                0x0800a588                get_fileinfo.lto_priv.76
 .text.dir_register.lto_priv.85
                0x0800a850      0x6f0 /tmp/ccC4aFZV.ltrans9.ltrans.o
                0x0800a850                dir_register.lto_priv.85
 .text.send_cmd
                0x0800af40      0x16c /tmp/ccC4aFZV.ltrans10.ltrans.o
                0x0800af40                send_cmd
 .text.unlikely.stm32_spi_rw.lto_priv.58
                0x0800b0ac       0x24 /tmp/ccC4aFZV.ltrans10.ltrans.o
                0x0800b0ac                stm32_spi_rw.lto_priv.58
 .text.wait_ready.lto_priv.60
                0x0800b0d0       0x54 /tmp/ccC4aFZV.ltrans10.ltrans.o
                0x0800b0d0                wait_ready.lto_priv.60
 .text.stm32_dma_transfer.lto_priv.61
                0x0800b124       0xd4 /tmp/ccC4aFZV.ltrans10.ltrans.o
                0x0800b124                stm32_dma_transfer.lto_priv.61
 .text.rcvr_datablock
                0x0800b1f8       0x9c /tmp/ccC4aFZV.ltrans10.ltrans.o
                0x0800b1f8                rcvr_datablock
 .text.counter_to_struct.lto_priv.86
                0x0800b294      0x128 /tmp/ccC4aFZV.ltrans10.ltrans.o
                0x0800b294                counter_to_struct.lto_priv.86
 .text.rtc_gettime
                0x0800b3bc       0x84 /tmp/ccC4aFZV.ltrans10.ltrans.o
                0x0800b3bc                rtc_gettime
 .text.f_write.part.9.lto_priv.77
                0x0800b440      0x350 /tmp/ccC4aFZV.ltrans10.ltrans.o
                0x0800b440                f_write.part.9.lto_priv.77
 .text.remove_chain.part.6.lto_priv.70
                0x0800b790      0x110 /tmp/ccC4aFZV.ltrans10.ltrans.o
                0x0800b790                remove_chain.part.6.lto_priv.70
 .text.f_sync   0x0800b8a0      0x108 /tmp/ccC4aFZV.ltrans11.ltrans.o
                0x0800b8a0                f_sync
 .text.f_write  0x0800b9a8       0x4c /tmp/ccC4aFZV.ltrans11.ltrans.o
                0x0800b9a8                f_write
 .text.chk_mounted.lto_priv.74
                0x0800b9f4      0x544 /tmp/ccC4aFZV.ltrans11.ltrans.o
                0x0800b9f4                chk_mounted.lto_priv.74
 .text.f_open   0x0800bf38      0x14c /tmp/ccC4aFZV.ltrans11.ltrans.o
                0x0800bf38                f_open
 .text.read_config_file.constprop.21
                0x0800c084      0x8c8 /tmp/ccC4aFZV.ltrans12.ltrans.o
                0x0800c084                read_config_file.constprop.21
 .text.I2C1_Request_Job.constprop.12
                0x0800c94c       0x70 /tmp/ccC4aFZV.ltrans12.ltrans.o
                0x0800c94c                I2C1_Request_Job.constprop.12
 .text.Get_UBX_Ack.constprop.8
                0x0800c9bc       0xcc /tmp/ccC4aFZV.ltrans12.ltrans.o
                0x0800c9bc                Get_UBX_Ack.constprop.8
 .text.USART2_reconf.constprop.7
                0x0800ca88       0x54 /tmp/ccC4aFZV.ltrans12.ltrans.o
                0x0800ca88                USART2_reconf.constprop.7
 .text.ads1298_wct_config.constprop.3
                0x0800cadc      0x1a8 /tmp/ccC4aFZV.ltrans12.ltrans.o
                0x0800cadc                ads1298_wct_config.constprop.3
 .text.Gps_DMA_Process
                0x0800cc84      0x318 /tmp/ccC4aFZV.ltrans12.ltrans.o
                0x0800cc84                Gps_DMA_Process
 .text.EXTI9_5_IRQHandler
                0x0800cf9c       0x34 /tmp/ccC4aFZV.ltrans12.ltrans.o
                0x0800cf9c                EXTI9_5_IRQHandler
 .text.USB_LP_CAN1_RX0_IRQHandler
                0x0800cfd0      0x114 /tmp/ccC4aFZV.ltrans13.ltrans.o
                0x0800cfd0                USB_LP_CAN1_RX0_IRQHandler
 .text.USB_HP_CAN1_TX_IRQHandler
                0x0800d0e4        0x4 /tmp/ccC4aFZV.ltrans13.ltrans.o
                0x0800d0e4                USB_HP_CAN1_TX_IRQHandler
 .text.SysTick_Handler
                0x0800d0e8      0x190 /tmp/ccC4aFZV.ltrans13.ltrans.o
                0x0800d0e8                SysTick_Handler
 .text.EXTI15_10_IRQHandler
                0x0800d278       0x68 /tmp/ccC4aFZV.ltrans13.ltrans.o
                0x0800d278                EXTI15_10_IRQHandler
 .text.ADC1_2_IRQHandler
                0x0800d2e0       0x70 /tmp/ccC4aFZV.ltrans13.ltrans.o
                0x0800d2e0                ADC1_2_IRQHandler
 .text.EXTI0_IRQHandler
                0x0800d350       0x98 /tmp/ccC4aFZV.ltrans13.ltrans.o
                0x0800d350                EXTI0_IRQHandler
 .text.I2C_Config
                0x0800d3e8      0x224 /tmp/ccC4aFZV.ltrans13.ltrans.o
                0x0800d3e8                I2C_Config
 .text.I2C1_Request_Job
                0x0800d60c       0x74 /tmp/ccC4aFZV.ltrans13.ltrans.o
                0x0800d60c                I2C1_Request_Job
 .text.__str_print_char
                0x0800d680       0xe8 /tmp/ccC4aFZV.ltrans14.ltrans.o
                0x0800d680                __str_print_char
 .text.__fat_print_char
                0x0800d768       0x5c /tmp/ccC4aFZV.ltrans14.ltrans.o
                0x0800d768                __fat_print_char
 .text.Usart_Send_Str
                0x0800d7c4       0xfc /tmp/ccC4aFZV.ltrans14.ltrans.o
                0x0800d7c4                Usart_Send_Str
 .text.shutdown_filesystem
                0x0800d8c0      0x464 /tmp/ccC4aFZV.ltrans14.ltrans.o
                0x0800d8c0                shutdown_filesystem
 .text.file_preallocation_control.part.1.lto_priv.79
                0x0800dd24       0x30 /tmp/ccC4aFZV.ltrans14.ltrans.o
                0x0800dd24                file_preallocation_control.part.1.lto_priv.79
 .text.Get_Max_Lun
                0x0800dd54       0x18 /tmp/ccC4aFZV.ltrans15.ltrans.o
 .text.MASS_Get_Interface_Setting
                0x0800dd6c       0x10 /tmp/ccC4aFZV.ltrans15.ltrans.o
                0x0800dd6c                MASS_Get_Interface_Setting
 .text.MASS_Data_Setup
                0x0800dd7c       0x38 /tmp/ccC4aFZV.ltrans15.ltrans.o
                0x0800dd7c                MASS_Data_Setup
 .text.MASS_Status_In
                0x0800ddb4        0x4 /tmp/ccC4aFZV.ltrans15.ltrans.o
                0x0800ddb4                MASS_Status_In
 .text.MASS_Status_Out
                0x0800ddb8        0x4 /tmp/ccC4aFZV.ltrans15.ltrans.o
                0x0800ddb8                MASS_Status_Out
 .text.Mass_Storage_SetDeviceAddress
                0x0800ddbc        0xc /tmp/ccC4aFZV.ltrans15.ltrans.o
 .text.MASS_GetStringDescriptor
                0x0800ddc8       0x20 /tmp/ccC4aFZV.ltrans15.ltrans.o
                0x0800ddc8                MASS_GetStringDescriptor
 .text.MASS_GetConfigDescriptor
                0x0800dde8        0xc /tmp/ccC4aFZV.ltrans15.ltrans.o
                0x0800dde8                MASS_GetConfigDescriptor
 .text.MASS_GetDeviceDescriptor
                0x0800ddf4        0xc /tmp/ccC4aFZV.ltrans15.ltrans.o
                0x0800ddf4                MASS_GetDeviceDescriptor
 .text.MASS_NoData_Setup
                0x0800de00       0x50 /tmp/ccC4aFZV.ltrans15.ltrans.o
                0x0800de00                MASS_NoData_Setup
 .text.Mass_Storage_SetConfiguration
                0x0800de50       0x30 /tmp/ccC4aFZV.ltrans15.ltrans.o
 .text.Mass_Storage_ClearFeature
                0x0800de80       0x2c /tmp/ccC4aFZV.ltrans15.ltrans.o
 .text.MASS_Reset
                0x0800deac       0xf0 /tmp/ccC4aFZV.ltrans15.ltrans.o
                0x0800deac                MASS_Reset
 .text.MASS_init
                0x0800df9c      0x17c /tmp/ccC4aFZV.ltrans15.ltrans.o
                0x0800df9c                MASS_init
 .text.Resume   0x0800e118      0x118 /tmp/ccC4aFZV.ltrans15.ltrans.o
                0x0800e118                Resume
 .text.stm32_spi_rw.constprop.54
                0x0800e230       0x24 /tmp/ccC4aFZV.ltrans16.ltrans.o
                0x0800e230                stm32_spi_rw.constprop.54
 .text.disk_write.constprop.53
                0x0800e254       0xa0 /tmp/ccC4aFZV.ltrans16.ltrans.o
                0x0800e254                disk_write.constprop.53
 .text.unlikely.Set_CSW.constprop.50
                0x0800e2f4       0x2c /tmp/ccC4aFZV.ltrans16.ltrans.o
                0x0800e2f4                Set_CSW.constprop.50
 .text.aligndata.constprop.38
                0x0800e320       0x48 /tmp/ccC4aFZV.ltrans16.ltrans.o
                0x0800e320                aligndata.constprop.38
 .text.dir_next.constprop.30
                0x0800e368       0x88 /tmp/ccC4aFZV.ltrans16.ltrans.o
                0x0800e368                dir_next.constprop.30
 .text.EP1_IN_Callback
                0x0800e3f0       0x88 /tmp/ccC4aFZV.ltrans17.ltrans.o
 .text.unlikely.Transfer_Data_Request
                0x0800e478       0x34 /tmp/ccC4aFZV.ltrans17.ltrans.o
                0x0800e478                Transfer_Data_Request
 .text.Read_Memory
                0x0800e4ac      0x1b8 /tmp/ccC4aFZV.ltrans17.ltrans.o
                0x0800e4ac                Read_Memory
 .text.Reset_Handler
                0x0800e664       0x40 lib/CMSIS_CM3/startup/gcc/startup_stm32f10x_md.o
                0x0800e664                Reset_Handler
 .text.Default_Handler
                0x0800e6a4        0x2 lib/CMSIS_CM3/startup/gcc/startup_stm32f10x_md.o
                0x0800e6a4                EXTI2_IRQHandler
                0x0800e6a4                DebugMon_Handler
                0x0800e6a4                TIM1_CC_IRQHandler
                0x0800e6a4                HardFault_Handler
                0x0800e6a4                PVD_IRQHandler
                0x0800e6a4                PendSV_Handler
                0x0800e6a4                NMI_Handler
                0x0800e6a4                EXTI3_IRQHandler
                0x0800e6a4                I2C2_EV_IRQHandler
                0x0800e6a4                UsageFault_Handler
                0x0800e6a4                SPI1_IRQHandler
                0x0800e6a4                TAMPER_IRQHandler
                0x0800e6a4                RTC_IRQHandler
                0x0800e6a4                DMA1_Channel7_IRQHandler
                0x0800e6a4                CAN1_RX1_IRQHandler
                0x0800e6a4                TIM4_IRQHandler
                0x0800e6a4                DMA1_Channel6_IRQHandler
                0x0800e6a4                TIM3_IRQHandler
                0x0800e6a4                RCC_IRQHandler
                0x0800e6a4                TIM1_TRG_COM_IRQHandler
                0x0800e6a4                DMA1_Channel1_IRQHandler
                0x0800e6a4                Default_Handler
                0x0800e6a4                SPI2_IRQHandler
                0x0800e6a4                MemManage_Handler
                0x0800e6a4                SVC_Handler
                0x0800e6a4                DMA1_Channel5_IRQHandler
                0x0800e6a4                EXTI4_IRQHandler
                0x0800e6a4                DMA1_Channel3_IRQHandler
                0x0800e6a4                TIM1_UP_IRQHandler
                0x0800e6a4                WWDG_IRQHandler
                0x0800e6a4                TIM2_IRQHandler
                0x0800e6a4                TIM1_BRK_IRQHandler
                0x0800e6a4                EXTI1_IRQHandler
                0x0800e6a4                RTCAlarm_IRQHandler
                0x0800e6a4                USART2_IRQHandler
                0x0800e6a4                I2C2_ER_IRQHandler
                0x0800e6a4                DMA1_Channel2_IRQHandler
                0x0800e6a4                CAN1_SCE_IRQHandler
                0x0800e6a4                FLASH_IRQHandler
                0x0800e6a4                BusFault_Handler
                0x0800e6a4                USBWakeUp_IRQHandler
 *fill*         0x0800e6a6        0x2 
 .text.NVIC_PriorityGroupConfig
                0x0800e6a8       0x14 lib/STM32F10x_StdPeriph_Driver/libstm32fw.a(misc.o)
                0x0800e6a8                NVIC_PriorityGroupConfig
 .text.NVIC_Init
                0x0800e6bc       0x6c lib/STM32F10x_StdPeriph_Driver/libstm32fw.a(misc.o)
                0x0800e6bc                NVIC_Init
 .text.NVIC_SetVectorTable
                0x0800e728       0x14 lib/STM32F10x_StdPeriph_Driver/libstm32fw.a(misc.o)
                0x0800e728                NVIC_SetVectorTable
 .text.SysTick_CLKSourceConfig
                0x0800e73c       0x18 lib/STM32F10x_StdPeriph_Driver/libstm32fw.a(misc.o)
                0x0800e73c                SysTick_CLKSourceConfig
 .text.ADC_DeInit
                0x0800e754       0x5c lib/STM32F10x_StdPeriph_Driver/libstm32fw.a(stm32f10x_adc.o)
                0x0800e754                ADC_DeInit
 .text.ADC_Init
                0x0800e7b0       0x48 lib/STM32F10x_StdPeriph_Driver/libstm32fw.a(stm32f10x_adc.o)
                0x0800e7b0                ADC_Init
 .text.ADC_Cmd  0x0800e7f8       0x12 lib/STM32F10x_StdPeriph_Driver/libstm32fw.a(stm32f10x_adc.o)
                0x0800e7f8                ADC_Cmd
 .text.ADC_ITConfig
                0x0800e80a       0x12 lib/STM32F10x_StdPeriph_Driver/libstm32fw.a(stm32f10x_adc.o)
                0x0800e80a                ADC_ITConfig
 .text.ADC_ResetCalibration
                0x0800e81c        0xa lib/STM32F10x_StdPeriph_Driver/libstm32fw.a(stm32f10x_adc.o)
                0x0800e81c                ADC_ResetCalibration
 .text.ADC_GetResetCalibrationStatus
                0x0800e826        0x8 lib/STM32F10x_StdPeriph_Driver/libstm32fw.a(stm32f10x_adc.o)
                0x0800e826                ADC_GetResetCalibrationStatus
 .text.ADC_StartCalibration
                0x0800e82e        0xa lib/STM32F10x_StdPeriph_Driver/libstm32fw.a(stm32f10x_adc.o)
                0x0800e82e                ADC_StartCalibration
 .text.ADC_GetCalibrationStatus
                0x0800e838        0x8 lib/STM32F10x_StdPeriph_Driver/libstm32fw.a(stm32f10x_adc.o)
                0x0800e838                ADC_GetCalibrationStatus
 .text.ADC_SoftwareStartConvCmd
                0x0800e840       0x12 lib/STM32F10x_StdPeriph_Driver/libstm32fw.a(stm32f10x_adc.o)
                0x0800e840                ADC_SoftwareStartConvCmd
 .text.ADC_RegularChannelConfig
                0x0800e852       0x84 lib/STM32F10x_StdPeriph_Driver/libstm32fw.a(stm32f10x_adc.o)
                0x0800e852                ADC_RegularChannelConfig
 .text.ADC_GetConversionValue
                0x0800e8d6        0x6 lib/STM32F10x_StdPeriph_Driver/libstm32fw.a(stm32f10x_adc.o)
                0x0800e8d6                ADC_GetConversionValue
 .text.ADC_ExternalTrigInjectedConvConfig
                0x0800e8dc        0xc lib/STM32F10x_StdPeriph_Driver/libstm32fw.a(stm32f10x_adc.o)
                0x0800e8dc                ADC_ExternalTrigInjectedConvConfig
 .text.ADC_SoftwareStartInjectedConvCmd
                0x0800e8e8       0x12 lib/STM32F10x_StdPeriph_Driver/libstm32fw.a(stm32f10x_adc.o)
                0x0800e8e8                ADC_SoftwareStartInjectedConvCmd
 .text.ADC_InjectedChannelConfig
                0x0800e8fa       0x54 lib/STM32F10x_StdPeriph_Driver/libstm32fw.a(stm32f10x_adc.o)
                0x0800e8fa                ADC_InjectedChannelConfig
 .text.ADC_InjectedSequencerLengthConfig
                0x0800e94e       0x10 lib/STM32F10x_StdPeriph_Driver/libstm32fw.a(stm32f10x_adc.o)
                0x0800e94e                ADC_InjectedSequencerLengthConfig
 .text.ADC_GetInjectedConversionValue
                0x0800e95e       0x1a lib/STM32F10x_StdPeriph_Driver/libstm32fw.a(stm32f10x_adc.o)
                0x0800e95e                ADC_GetInjectedConversionValue
 .text.ADC_AnalogWatchdogCmd
                0x0800e978       0x10 lib/STM32F10x_StdPeriph_Driver/libstm32fw.a(stm32f10x_adc.o)
                0x0800e978                ADC_AnalogWatchdogCmd
 .text.ADC_AnalogWatchdogThresholdsConfig
                0x0800e988        0x6 lib/STM32F10x_StdPeriph_Driver/libstm32fw.a(stm32f10x_adc.o)
                0x0800e988                ADC_AnalogWatchdogThresholdsConfig
 .text.ADC_AnalogWatchdogSingleChannelConfig
                0x0800e98e        0xc lib/STM32F10x_StdPeriph_Driver/libstm32fw.a(stm32f10x_adc.o)
                0x0800e98e                ADC_AnalogWatchdogSingleChannelConfig
 .text.ADC_GetFlagStatus
                0x0800e99a        0xc lib/STM32F10x_StdPeriph_Driver/libstm32fw.a(stm32f10x_adc.o)
                0x0800e99a                ADC_GetFlagStatus
 .text.ADC_ClearFlag
                0x0800e9a6        0x6 lib/STM32F10x_StdPeriph_Driver/libstm32fw.a(stm32f10x_adc.o)
                0x0800e9a6                ADC_ClearFlag
 .text.ADC_GetITStatus
                0x0800e9ac       0x16 lib/STM32F10x_StdPeriph_Driver/libstm32fw.a(stm32f10x_adc.o)
                0x0800e9ac                ADC_GetITStatus
 .text.ADC_ClearITPendingBit
                0x0800e9c2        0x8 lib/STM32F10x_StdPeriph_Driver/libstm32fw.a(stm32f10x_adc.o)
                0x0800e9c2                ADC_ClearITPendingBit
 .text.BKP_DeInit
                0x0800e9ca       0x12 lib/STM32F10x_StdPeriph_Driver/libstm32fw.a(stm32f10x_bkp.o)
                0x0800e9ca                BKP_DeInit
 .text.BKP_RTCOutputConfig
                0x0800e9dc       0x18 lib/STM32F10x_StdPeriph_Driver/libstm32fw.a(stm32f10x_bkp.o)
                0x0800e9dc                BKP_RTCOutputConfig
 .text.BKP_SetRTCCalibrationValue
                0x0800e9f4       0x18 lib/STM32F10x_StdPeriph_Driver/libstm32fw.a(stm32f10x_bkp.o)
                0x0800e9f4                BKP_SetRTCCalibrationValue
 .text.BKP_WriteBackupRegister
                0x0800ea0c       0x1c lib/STM32F10x_StdPeriph_Driver/libstm32fw.a(stm32f10x_bkp.o)
                0x0800ea0c                BKP_WriteBackupRegister
 .text.BKP_ReadBackupRegister
                0x0800ea28       0x20 lib/STM32F10x_StdPeriph_Driver/libstm32fw.a(stm32f10x_bkp.o)
                0x0800ea28                BKP_ReadBackupRegister
 .text.DBGMCU_Config
                0x0800ea48       0x18 lib/STM32F10x_StdPeriph_Driver/libstm32fw.a(stm32f10x_dbgmcu.o)
                0x0800ea48                DBGMCU_Config
 .text.DMA_DeInit
                0x0800ea60       0xf0 lib/STM32F10x_StdPeriph_Driver/libstm32fw.a(stm32f10x_dma.o)
                0x0800ea60                DMA_DeInit
 .text.DMA_Init
                0x0800eb50       0x3c lib/STM32F10x_StdPeriph_Driver/libstm32fw.a(stm32f10x_dma.o)
                0x0800eb50                DMA_Init
 .text.DMA_Cmd  0x0800eb8c       0x12 lib/STM32F10x_StdPeriph_Driver/libstm32fw.a(stm32f10x_dma.o)
                0x0800eb8c                DMA_Cmd
 .text.DMA_ITConfig
                0x0800eb9e       0x10 lib/STM32F10x_StdPeriph_Driver/libstm32fw.a(stm32f10x_dma.o)
                0x0800eb9e                DMA_ITConfig
 .text.DMA_GetCurrDataCounter
                0x0800ebae        0x6 lib/STM32F10x_StdPeriph_Driver/libstm32fw.a(stm32f10x_dma.o)
                0x0800ebae                DMA_GetCurrDataCounter
 .text.DMA_GetFlagStatus
                0x0800ebb4       0x1c lib/STM32F10x_StdPeriph_Driver/libstm32fw.a(stm32f10x_dma.o)
                0x0800ebb4                DMA_GetFlagStatus
 .text.DMA_ClearFlag
                0x0800ebd0       0x14 lib/STM32F10x_StdPeriph_Driver/libstm32fw.a(stm32f10x_dma.o)
                0x0800ebd0                DMA_ClearFlag
 .text.DMA_GetITStatus
                0x0800ebe4       0x1c lib/STM32F10x_StdPeriph_Driver/libstm32fw.a(stm32f10x_dma.o)
                0x0800ebe4                DMA_GetITStatus
 .text.DMA_ClearITPendingBit
                0x0800ec00       0x14 lib/STM32F10x_StdPeriph_Driver/libstm32fw.a(stm32f10x_dma.o)
                0x0800ec00                DMA_ClearITPendingBit
 .text.EXTI_DeInit
                0x0800ec14       0x1c lib/STM32F10x_StdPeriph_Driver/libstm32fw.a(stm32f10x_exti.o)
                0x0800ec14                EXTI_DeInit
 .text.EXTI_Init
                0x0800ec30       0x88 lib/STM32F10x_StdPeriph_Driver/libstm32fw.a(stm32f10x_exti.o)
                0x0800ec30                EXTI_Init
 .text.EXTI_GetITStatus
                0x0800ecb8       0x1c lib/STM32F10x_StdPeriph_Driver/libstm32fw.a(stm32f10x_exti.o)
                0x0800ecb8                EXTI_GetITStatus
 .text.EXTI_ClearITPendingBit
                0x0800ecd4        0xc lib/STM32F10x_StdPeriph_Driver/libstm32fw.a(stm32f10x_exti.o)
                0x0800ecd4                EXTI_ClearITPendingBit
 .text.GPIO_Init
                0x0800ece0       0x90 lib/STM32F10x_StdPeriph_Driver/libstm32fw.a(stm32f10x_gpio.o)
                0x0800ece0                GPIO_Init
 .text.GPIO_StructInit
                0x0800ed70       0x10 lib/STM32F10x_StdPeriph_Driver/libstm32fw.a(stm32f10x_gpio.o)
                0x0800ed70                GPIO_StructInit
 .text.GPIO_ReadInputDataBit
                0x0800ed80        0xc lib/STM32F10x_StdPeriph_Driver/libstm32fw.a(stm32f10x_gpio.o)
                0x0800ed80                GPIO_ReadInputDataBit
 .text.GPIO_SetBits
                0x0800ed8c        0x4 lib/STM32F10x_StdPeriph_Driver/libstm32fw.a(stm32f10x_gpio.o)
                0x0800ed8c                GPIO_SetBits
 .text.GPIO_ResetBits
                0x0800ed90        0x4 lib/STM32F10x_StdPeriph_Driver/libstm32fw.a(stm32f10x_gpio.o)
                0x0800ed90                GPIO_ResetBits
 .text.GPIO_WriteBit
                0x0800ed94        0xa lib/STM32F10x_StdPeriph_Driver/libstm32fw.a(stm32f10x_gpio.o)
                0x0800ed94                GPIO_WriteBit
 *fill*         0x0800ed9e        0x2 
 .text.GPIO_PinRemapConfig
                0x0800eda0       0x54 lib/STM32F10x_StdPeriph_Driver/libstm32fw.a(stm32f10x_gpio.o)
                0x0800eda0                GPIO_PinRemapConfig
 .text.GPIO_EXTILineConfig
                0x0800edf4       0x2a lib/STM32F10x_StdPeriph_Driver/libstm32fw.a(stm32f10x_gpio.o)
                0x0800edf4                GPIO_EXTILineConfig
 *fill*         0x0800ee1e        0x2 
 .text.I2C_DeInit
                0x0800ee20       0x34 lib/STM32F10x_StdPeriph_Driver/libstm32fw.a(stm32f10x_i2c.o)
                0x0800ee20                I2C_DeInit
 .text.I2C_Init
                0x0800ee54       0xd4 lib/STM32F10x_StdPeriph_Driver/libstm32fw.a(stm32f10x_i2c.o)
                0x0800ee54                I2C_Init
 .text.I2C_Cmd  0x0800ef28       0x18 lib/STM32F10x_StdPeriph_Driver/libstm32fw.a(stm32f10x_i2c.o)
                0x0800ef28                I2C_Cmd
 .text.I2C_GenerateSTART
                0x0800ef40       0x18 lib/STM32F10x_StdPeriph_Driver/libstm32fw.a(stm32f10x_i2c.o)
                0x0800ef40                I2C_GenerateSTART
 .text.I2C_GenerateSTOP
                0x0800ef58       0x18 lib/STM32F10x_StdPeriph_Driver/libstm32fw.a(stm32f10x_i2c.o)
                0x0800ef58                I2C_GenerateSTOP
 .text.I2C_AcknowledgeConfig
                0x0800ef70       0x18 lib/STM32F10x_StdPeriph_Driver/libstm32fw.a(stm32f10x_i2c.o)
                0x0800ef70                I2C_AcknowledgeConfig
 .text.I2C_ITConfig
                0x0800ef88       0x12 lib/STM32F10x_StdPeriph_Driver/libstm32fw.a(stm32f10x_i2c.o)
                0x0800ef88                I2C_ITConfig
 .text.I2C_SendData
                0x0800ef9a        0x4 lib/STM32F10x_StdPeriph_Driver/libstm32fw.a(stm32f10x_i2c.o)
                0x0800ef9a                I2C_SendData
 .text.I2C_ReceiveData
                0x0800ef9e        0x6 lib/STM32F10x_StdPeriph_Driver/libstm32fw.a(stm32f10x_i2c.o)
                0x0800ef9e                I2C_ReceiveData
 .text.I2C_Send7bitAddress
                0x0800efa4       0x12 lib/STM32F10x_StdPeriph_Driver/libstm32fw.a(stm32f10x_i2c.o)
                0x0800efa4                I2C_Send7bitAddress
 .text.I2C_SoftwareResetCmd
                0x0800efb6       0x18 lib/STM32F10x_StdPeriph_Driver/libstm32fw.a(stm32f10x_i2c.o)
                0x0800efb6                I2C_SoftwareResetCmd
 *fill*         0x0800efce        0x2 
 .text.IWDG_WriteAccessCmd
                0x0800efd0        0xc lib/STM32F10x_StdPeriph_Driver/libstm32fw.a(stm32f10x_iwdg.o)
                0x0800efd0                IWDG_WriteAccessCmd
 .text.IWDG_SetPrescaler
                0x0800efdc        0xc lib/STM32F10x_StdPeriph_Driver/libstm32fw.a(stm32f10x_iwdg.o)
                0x0800efdc                IWDG_SetPrescaler
 .text.IWDG_SetReload
                0x0800efe8        0xc lib/STM32F10x_StdPeriph_Driver/libstm32fw.a(stm32f10x_iwdg.o)
                0x0800efe8                IWDG_SetReload
 .text.IWDG_ReloadCounter
                0x0800eff4       0x10 lib/STM32F10x_StdPeriph_Driver/libstm32fw.a(stm32f10x_iwdg.o)
                0x0800eff4                IWDG_ReloadCounter
 .text.IWDG_Enable
                0x0800f004       0x10 lib/STM32F10x_StdPeriph_Driver/libstm32fw.a(stm32f10x_iwdg.o)
                0x0800f004                IWDG_Enable
 .text.PWR_DeInit
                0x0800f014       0x1a lib/STM32F10x_StdPeriph_Driver/libstm32fw.a(stm32f10x_pwr.o)
                0x0800f014                PWR_DeInit
 *fill*         0x0800f02e        0x2 
 .text.PWR_BackupAccessCmd
                0x0800f030        0xc lib/STM32F10x_StdPeriph_Driver/libstm32fw.a(stm32f10x_pwr.o)
                0x0800f030                PWR_BackupAccessCmd
 .text.PWR_WakeUpPinCmd
                0x0800f03c        0xc lib/STM32F10x_StdPeriph_Driver/libstm32fw.a(stm32f10x_pwr.o)
                0x0800f03c                PWR_WakeUpPinCmd
 .text.PWR_EnterSTANDBYMode
                0x0800f048       0x28 lib/STM32F10x_StdPeriph_Driver/libstm32fw.a(stm32f10x_pwr.o)
                0x0800f048                PWR_EnterSTANDBYMode
 .text.RCC_HCLKConfig
                0x0800f070       0x14 lib/STM32F10x_StdPeriph_Driver/libstm32fw.a(stm32f10x_rcc.o)
                0x0800f070                RCC_HCLKConfig
 .text.RCC_ADCCLKConfig
                0x0800f084       0x14 lib/STM32F10x_StdPeriph_Driver/libstm32fw.a(stm32f10x_rcc.o)
                0x0800f084                RCC_ADCCLKConfig
 .text.RCC_LSEConfig
                0x0800f098       0x20 lib/STM32F10x_StdPeriph_Driver/libstm32fw.a(stm32f10x_rcc.o)
                0x0800f098                RCC_LSEConfig
 .text.RCC_RTCCLKConfig
                0x0800f0b8       0x10 lib/STM32F10x_StdPeriph_Driver/libstm32fw.a(stm32f10x_rcc.o)
                0x0800f0b8                RCC_RTCCLKConfig
 .text.RCC_RTCCLKCmd
                0x0800f0c8        0xc lib/STM32F10x_StdPeriph_Driver/libstm32fw.a(stm32f10x_rcc.o)
                0x0800f0c8                RCC_RTCCLKCmd
 .text.RCC_GetClocksFreq
                0x0800f0d4       0x94 lib/STM32F10x_StdPeriph_Driver/libstm32fw.a(stm32f10x_rcc.o)
                0x0800f0d4                RCC_GetClocksFreq
 .text.RCC_AHBPeriphClockCmd
                0x0800f168       0x18 lib/STM32F10x_StdPeriph_Driver/libstm32fw.a(stm32f10x_rcc.o)
                0x0800f168                RCC_AHBPeriphClockCmd
 .text.RCC_APB2PeriphClockCmd
                0x0800f180       0x18 lib/STM32F10x_StdPeriph_Driver/libstm32fw.a(stm32f10x_rcc.o)
                0x0800f180                RCC_APB2PeriphClockCmd
 .text.RCC_APB1PeriphClockCmd
                0x0800f198       0x18 lib/STM32F10x_StdPeriph_Driver/libstm32fw.a(stm32f10x_rcc.o)
                0x0800f198                RCC_APB1PeriphClockCmd
 .text.RCC_APB2PeriphResetCmd
                0x0800f1b0       0x18 lib/STM32F10x_StdPeriph_Driver/libstm32fw.a(stm32f10x_rcc.o)
                0x0800f1b0                RCC_APB2PeriphResetCmd
 .text.RCC_APB1PeriphResetCmd
                0x0800f1c8       0x18 lib/STM32F10x_StdPeriph_Driver/libstm32fw.a(stm32f10x_rcc.o)
                0x0800f1c8                RCC_APB1PeriphResetCmd
 .text.RCC_BackupResetCmd
                0x0800f1e0        0xc lib/STM32F10x_StdPeriph_Driver/libstm32fw.a(stm32f10x_rcc.o)
                0x0800f1e0                RCC_BackupResetCmd
 .text.RCC_GetFlagStatus
                0x0800f1ec       0x28 lib/STM32F10x_StdPeriph_Driver/libstm32fw.a(stm32f10x_rcc.o)
                0x0800f1ec                RCC_GetFlagStatus
 .text.RTC_EnterConfigMode
                0x0800f214       0x14 lib/STM32F10x_StdPeriph_Driver/libstm32fw.a(stm32f10x_rtc.o)
                0x0800f214                RTC_EnterConfigMode
 .text.RTC_ExitConfigMode
                0x0800f228       0x14 lib/STM32F10x_StdPeriph_Driver/libstm32fw.a(stm32f10x_rtc.o)
                0x0800f228                RTC_ExitConfigMode
 .text.RTC_GetCounter
                0x0800f23c       0x14 lib/STM32F10x_StdPeriph_Driver/libstm32fw.a(stm32f10x_rtc.o)
                0x0800f23c                RTC_GetCounter
 .text.RTC_SetCounter
                0x0800f250       0x20 lib/STM32F10x_StdPeriph_Driver/libstm32fw.a(stm32f10x_rtc.o)
                0x0800f250                RTC_SetCounter
 .text.RTC_SetPrescaler
                0x0800f270       0x20 lib/STM32F10x_StdPeriph_Driver/libstm32fw.a(stm32f10x_rtc.o)
                0x0800f270                RTC_SetPrescaler
 .text.RTC_WaitForLastTask
                0x0800f290       0x10 lib/STM32F10x_StdPeriph_Driver/libstm32fw.a(stm32f10x_rtc.o)
                0x0800f290                RTC_WaitForLastTask
 .text.RTC_WaitForSynchro
                0x0800f2a0       0x1c lib/STM32F10x_StdPeriph_Driver/libstm32fw.a(stm32f10x_rtc.o)
                0x0800f2a0                RTC_WaitForSynchro
 .text.SPI_Init
                0x0800f2bc       0x3e lib/STM32F10x_StdPeriph_Driver/libstm32fw.a(stm32f10x_spi.o)
                0x0800f2bc                SPI_Init
 .text.SPI_StructInit
                0x0800f2fa       0x18 lib/STM32F10x_StdPeriph_Driver/libstm32fw.a(stm32f10x_spi.o)
                0x0800f2fa                SPI_StructInit
 .text.SPI_Cmd  0x0800f312       0x18 lib/STM32F10x_StdPeriph_Driver/libstm32fw.a(stm32f10x_spi.o)
                0x0800f312                SPI_Cmd
 .text.SPI_I2S_DMACmd
                0x0800f32a       0x12 lib/STM32F10x_StdPeriph_Driver/libstm32fw.a(stm32f10x_spi.o)
                0x0800f32a                SPI_I2S_DMACmd
 .text.SPI_I2S_SendData
                0x0800f33c        0x4 lib/STM32F10x_StdPeriph_Driver/libstm32fw.a(stm32f10x_spi.o)
                0x0800f33c                SPI_I2S_SendData
 .text.SPI_I2S_ReceiveData
                0x0800f340        0x6 lib/STM32F10x_StdPeriph_Driver/libstm32fw.a(stm32f10x_spi.o)
                0x0800f340                SPI_I2S_ReceiveData
 .text.SPI_CalculateCRC
                0x0800f346       0x18 lib/STM32F10x_StdPeriph_Driver/libstm32fw.a(stm32f10x_spi.o)
                0x0800f346                SPI_CalculateCRC
 .text.SPI_I2S_GetFlagStatus
                0x0800f35e        0xc lib/STM32F10x_StdPeriph_Driver/libstm32fw.a(stm32f10x_spi.o)
                0x0800f35e                SPI_I2S_GetFlagStatus
 *fill*         0x0800f36a        0x2 
 .text.TIM_DeInit
                0x0800f36c       0xc8 lib/STM32F10x_StdPeriph_Driver/libstm32fw.a(stm32f10x_tim.o)
                0x0800f36c                TIM_DeInit
 .text.TIM_TimeBaseInit
                0x0800f434       0x3c lib/STM32F10x_StdPeriph_Driver/libstm32fw.a(stm32f10x_tim.o)
                0x0800f434                TIM_TimeBaseInit
 .text.TIM_OC4Init
                0x0800f470       0x68 lib/STM32F10x_StdPeriph_Driver/libstm32fw.a(stm32f10x_tim.o)
                0x0800f470                TIM_OC4Init
 .text.TIM_Cmd  0x0800f4d8       0x18 lib/STM32F10x_StdPeriph_Driver/libstm32fw.a(stm32f10x_tim.o)
                0x0800f4d8                TIM_Cmd
 .text.TIM_OC4PreloadConfig
                0x0800f4f0       0x14 lib/STM32F10x_StdPeriph_Driver/libstm32fw.a(stm32f10x_tim.o)
                0x0800f4f0                TIM_OC4PreloadConfig
 .text.USART_DeInit
                0x0800f504       0x98 lib/STM32F10x_StdPeriph_Driver/libstm32fw.a(stm32f10x_usart.o)
                0x0800f504                USART_DeInit
 .text.USART_Init
                0x0800f59c       0x88 lib/STM32F10x_StdPeriph_Driver/libstm32fw.a(stm32f10x_usart.o)
                0x0800f59c                USART_Init
 .text.USART_Cmd
                0x0800f624       0x18 lib/STM32F10x_StdPeriph_Driver/libstm32fw.a(stm32f10x_usart.o)
                0x0800f624                USART_Cmd
 .text.USART_ITConfig
                0x0800f63c       0x32 lib/STM32F10x_StdPeriph_Driver/libstm32fw.a(stm32f10x_usart.o)
                0x0800f63c                USART_ITConfig
 .text.USART_DMACmd
                0x0800f66e       0x12 lib/STM32F10x_StdPeriph_Driver/libstm32fw.a(stm32f10x_usart.o)
                0x0800f66e                USART_DMACmd
 .text.USART_SendData
                0x0800f680        0x8 lib/STM32F10x_StdPeriph_Driver/libstm32fw.a(stm32f10x_usart.o)
                0x0800f680                USART_SendData
 .text.USART_ReceiveData
                0x0800f688        0x8 lib/STM32F10x_StdPeriph_Driver/libstm32fw.a(stm32f10x_usart.o)
                0x0800f688                USART_ReceiveData
 .text.USART_GetFlagStatus
                0x0800f690        0xc lib/STM32F10x_StdPeriph_Driver/libstm32fw.a(stm32f10x_usart.o)
                0x0800f690                USART_GetFlagStatus
 .text.USART_GetITStatus
                0x0800f69c       0x3e lib/STM32F10x_StdPeriph_Driver/libstm32fw.a(stm32f10x_usart.o)
                0x0800f69c                USART_GetITStatus
 .text.USART_ClearITPendingBit
                0x0800f6da        0xe lib/STM32F10x_StdPeriph_Driver/libstm32fw.a(stm32f10x_usart.o)
                0x0800f6da                USART_ClearITPendingBit
 .text.Standard_GetConfiguration
                0x0800f6e8       0x24 lib/STM32_USB-FS-Device_Driver/libstm32usb.a(usb_core.o)
                0x0800f6e8                Standard_GetConfiguration
 .text.Standard_GetInterface
                0x0800f70c       0x24 lib/STM32_USB-FS-Device_Driver/libstm32usb.a(usb_core.o)
                0x0800f70c                Standard_GetInterface
 .text.Standard_GetStatus
                0x0800f730       0x90 lib/STM32_USB-FS-Device_Driver/libstm32usb.a(usb_core.o)
                0x0800f730                Standard_GetStatus
 .text.DataStageIn
                0x0800f7c0       0xac lib/STM32_USB-FS-Device_Driver/libstm32usb.a(usb_core.o)
 .text.Standard_SetConfiguration
                0x0800f86c       0x38 lib/STM32_USB-FS-Device_Driver/libstm32usb.a(usb_core.o)
                0x0800f86c                Standard_SetConfiguration
 .text.Standard_SetInterface
                0x0800f8a4       0x48 lib/STM32_USB-FS-Device_Driver/libstm32usb.a(usb_core.o)
                0x0800f8a4                Standard_SetInterface
 .text.Standard_ClearFeature
                0x0800f8ec       0xd8 lib/STM32_USB-FS-Device_Driver/libstm32usb.a(usb_core.o)
                0x0800f8ec                Standard_ClearFeature
 .text.Standard_SetEndPointFeature
                0x0800f9c4       0x8c lib/STM32_USB-FS-Device_Driver/libstm32usb.a(usb_core.o)
                0x0800f9c4                Standard_SetEndPointFeature
 .text.Standard_SetDeviceFeature
                0x0800fa50       0x24 lib/STM32_USB-FS-Device_Driver/libstm32usb.a(usb_core.o)
                0x0800fa50                Standard_SetDeviceFeature
 .text.Standard_GetDescriptorData
                0x0800fa74       0x1c lib/STM32_USB-FS-Device_Driver/libstm32usb.a(usb_core.o)
                0x0800fa74                Standard_GetDescriptorData
 .text.Post0_Process
                0x0800fa90       0x44 lib/STM32_USB-FS-Device_Driver/libstm32usb.a(usb_core.o)
                0x0800fa90                Post0_Process
 .text.Setup0_Process
                0x0800fad4      0x2dc lib/STM32_USB-FS-Device_Driver/libstm32usb.a(usb_core.o)
                0x0800fad4                Setup0_Process
 .text.Out0_Process
                0x0800fdb0       0xcc lib/STM32_USB-FS-Device_Driver/libstm32usb.a(usb_core.o)
                0x0800fdb0                Out0_Process
 .text.SetDeviceAddress
                0x0800fe7c       0x40 lib/STM32_USB-FS-Device_Driver/libstm32usb.a(usb_core.o)
                0x0800fe7c                SetDeviceAddress
 .text.In0_Process
                0x0800febc       0x5c lib/STM32_USB-FS-Device_Driver/libstm32usb.a(usb_core.o)
                0x0800febc                In0_Process
 .text.NOP_Process
                0x0800ff18        0x2 lib/STM32_USB-FS-Device_Driver/libstm32usb.a(usb_core.o)
                0x0800ff18                NOP_Process
 *fill*         0x0800ff1a        0x2 
 .text.CTR_LP   0x0800ff1c      0x170 lib/STM32_USB-FS-Device_Driver/libstm32usb.a(usb_int.o)
                0x0800ff1c                CTR_LP
 .text.CTR_HP   0x0801008c       0x74 lib/STM32_USB-FS-Device_Driver/libstm32usb.a(usb_int.o)
                0x0801008c                CTR_HP
 .text.UserToPMABufferCopy
                0x08010100       0x30 lib/STM32_USB-FS-Device_Driver/libstm32usb.a(usb_mem.o)
                0x08010100                UserToPMABufferCopy
 .text.PMAToUserBufferCopy
                0x08010130       0x24 lib/STM32_USB-FS-Device_Driver/libstm32usb.a(usb_mem.o)
                0x08010130                PMAToUserBufferCopy
 .text.SetBTABLE
                0x08010154       0x10 lib/STM32_USB-FS-Device_Driver/libstm32usb.a(usb_regs.o)
                0x08010154                SetBTABLE
 .text.SetEPType
                0x08010164       0x1c lib/STM32_USB-FS-Device_Driver/libstm32usb.a(usb_regs.o)
                0x08010164                SetEPType
 .text.SetEPTxStatus
                0x08010180       0x32 lib/STM32_USB-FS-Device_Driver/libstm32usb.a(usb_regs.o)
                0x08010180                SetEPTxStatus
 .text.SetEPRxStatus
                0x080101b2       0x32 lib/STM32_USB-FS-Device_Driver/libstm32usb.a(usb_regs.o)
                0x080101b2                SetEPRxStatus
 .text.SetEPRxValid
                0x080101e4       0x26 lib/STM32_USB-FS-Device_Driver/libstm32usb.a(usb_regs.o)
                0x080101e4                SetEPRxValid
 .text.Clear_Status_Out
                0x0801020a       0x20 lib/STM32_USB-FS-Device_Driver/libstm32usb.a(usb_regs.o)
                0x0801020a                Clear_Status_Out
 .text.ClearDTOG_RX
                0x0801022a       0x26 lib/STM32_USB-FS-Device_Driver/libstm32usb.a(usb_regs.o)
                0x0801022a                ClearDTOG_RX
 .text.ClearDTOG_TX
                0x08010250       0x26 lib/STM32_USB-FS-Device_Driver/libstm32usb.a(usb_regs.o)
                0x08010250                ClearDTOG_TX
 *fill*         0x08010276        0x2 
 .text.SetEPTxAddr
                0x08010278       0x20 lib/STM32_USB-FS-Device_Driver/libstm32usb.a(usb_regs.o)
                0x08010278                SetEPTxAddr
 .text.SetEPRxAddr
                0x08010298       0x20 lib/STM32_USB-FS-Device_Driver/libstm32usb.a(usb_regs.o)
                0x08010298                SetEPRxAddr
 .text.GetEPTxAddr
                0x080102b8       0x20 lib/STM32_USB-FS-Device_Driver/libstm32usb.a(usb_regs.o)
                0x080102b8                GetEPTxAddr
 .text.GetEPRxAddr
                0x080102d8       0x20 lib/STM32_USB-FS-Device_Driver/libstm32usb.a(usb_regs.o)
                0x080102d8                GetEPRxAddr
 .text.SetEPTxCount
                0x080102f8       0x1c lib/STM32_USB-FS-Device_Driver/libstm32usb.a(usb_regs.o)
                0x080102f8                SetEPTxCount
 .text.SetEPRxCount
                0x08010314       0x40 lib/STM32_USB-FS-Device_Driver/libstm32usb.a(usb_regs.o)
                0x08010314                SetEPRxCount
 .text.GetEPRxCount
                0x08010354       0x20 lib/STM32_USB-FS-Device_Driver/libstm32usb.a(usb_regs.o)
                0x08010354                GetEPRxCount
 .text.ByteSwap
                0x08010374        0xa lib/STM32_USB-FS-Device_Driver/libstm32usb.a(usb_regs.o)
                0x08010374                ByteSwap
 *fill*         0x0801037e        0x2 
 .text.USB_SIL_Init
                0x08010380       0x20 lib/STM32_USB-FS-Device_Driver/libstm32usb.a(usb_sil.o)
                0x08010380                USB_SIL_Init
 .text.USB_SIL_Write
                0x080103a0       0x28 lib/STM32_USB-FS-Device_Driver/libstm32usb.a(usb_sil.o)
                0x080103a0                USB_SIL_Write
 .text.USB_SIL_Read
                0x080103c8       0x24 lib/STM32_USB-FS-Device_Driver/libstm32usb.a(usb_sil.o)
                0x080103c8                USB_SIL_Read
 .text.memset   0x080103ec       0x9c /home/laurence/ARM-GCC/gcc-arm-none-eabi-5_3-2016q1/bin/../lib/gcc/arm-none-eabi/5.3.1/../../../../arm-none-eabi/lib/armv7-m/libg.a(lib_a-memset.o)
                0x080103ec                memset
 .text.srand    0x08010488       0x14 /home/laurence/ARM-GCC/gcc-arm-none-eabi-5_3-2016q1/bin/../lib/gcc/arm-none-eabi/5.3.1/../../../../arm-none-eabi/lib/armv7-m/libg.a(lib_a-rand.o)
                0x08010488                srand
 .text.rand     0x0801049c       0x40 /home/laurence/ARM-GCC/gcc-arm-none-eabi-5_3-2016q1/bin/../lib/gcc/arm-none-eabi/5.3.1/../../../../arm-none-eabi/lib/armv7-m/libg.a(lib_a-rand.o)
                0x0801049c                rand
 .text.roundf   0x080104dc       0x48 /home/laurence/ARM-GCC/gcc-arm-none-eabi-5_3-2016q1/bin/../lib/gcc/arm-none-eabi/5.3.1/../../../../arm-none-eabi/lib/armv7-m/libm.a(lib_a-sf_round.o)
                0x080104dc                roundf
 .text.sinf     0x08010524       0x7c /home/laurence/ARM-GCC/gcc-arm-none-eabi-5_3-2016q1/bin/../lib/gcc/arm-none-eabi/5.3.1/../../../../arm-none-eabi/lib/armv7-m/libm.a(lib_a-sf_sin.o)
                0x08010524                sinf
 .text.atan2    0x080105a0        0x4 /home/laurence/ARM-GCC/gcc-arm-none-eabi-5_3-2016q1/bin/../lib/gcc/arm-none-eabi/5.3.1/../../../../arm-none-eabi/lib/armv7-m/libm.a(lib_a-w_atan2.o)
                0x080105a0                atan2
 .text.acosf    0x080105a4       0xa4 /home/laurence/ARM-GCC/gcc-arm-none-eabi-5_3-2016q1/bin/../lib/gcc/arm-none-eabi/5.3.1/../../../../arm-none-eabi/lib/armv7-m/libm.a(lib_a-wf_acos.o)
                0x080105a4                acosf
 .text.atan2f   0x08010648        0x4 /home/laurence/ARM-GCC/gcc-arm-none-eabi-5_3-2016q1/bin/../lib/gcc/arm-none-eabi/5.3.1/../../../../arm-none-eabi/lib/armv7-m/libm.a(lib_a-wf_atan2.o)
                0x08010648                atan2f
 .text.sqrtf    0x0801064c       0x9c /home/laurence/ARM-GCC/gcc-arm-none-eabi-5_3-2016q1/bin/../lib/gcc/arm-none-eabi/5.3.1/../../../../arm-none-eabi/lib/armv7-m/libm.a(lib_a-wf_sqrt.o)
                0x0801064c                sqrtf
 .text.__ieee754_atan2
                0x080106e8      0x194 /home/laurence/ARM-GCC/gcc-arm-none-eabi-5_3-2016q1/bin/../lib/gcc/arm-none-eabi/5.3.1/../../../../arm-none-eabi/lib/armv7-m/libm.a(lib_a-e_atan2.o)
                0x080106e8                __ieee754_atan2
 .text.__ieee754_acosf
                0x0801087c      0x2c8 /home/laurence/ARM-GCC/gcc-arm-none-eabi-5_3-2016q1/bin/../lib/gcc/arm-none-eabi/5.3.1/../../../../arm-none-eabi/lib/armv7-m/libm.a(lib_a-ef_acos.o)
                0x0801087c                __ieee754_acosf
 .text.__ieee754_atan2f
                0x08010b44      0x124 /home/laurence/ARM-GCC/gcc-arm-none-eabi-5_3-2016q1/bin/../lib/gcc/arm-none-eabi/5.3.1/../../../../arm-none-eabi/lib/armv7-m/libm.a(lib_a-ef_atan2.o)
                0x08010b44                __ieee754_atan2f
 .text.__ieee754_rem_pio2f
                0x08010c68      0x2e4 /home/laurence/ARM-GCC/gcc-arm-none-eabi-5_3-2016q1/bin/../lib/gcc/arm-none-eabi/5.3.1/../../../../arm-none-eabi/lib/armv7-m/libm.a(lib_a-ef_rem_pio2.o)
                0x08010c68                __ieee754_rem_pio2f
 .text.__ieee754_sqrtf
                0x08010f4c       0xa8 /home/laurence/ARM-GCC/gcc-arm-none-eabi-5_3-2016q1/bin/../lib/gcc/arm-none-eabi/5.3.1/../../../../arm-none-eabi/lib/armv7-m/libm.a(lib_a-ef_sqrt.o)
                0x08010f4c                __ieee754_sqrtf
 .text.__kernel_cosf
                0x08010ff4      0x188 /home/laurence/ARM-GCC/gcc-arm-none-eabi-5_3-2016q1/bin/../lib/gcc/arm-none-eabi/5.3.1/../../../../arm-none-eabi/lib/armv7-m/libm.a(lib_a-kf_cos.o)
                0x08010ff4                __kernel_cosf
 .text.__kernel_rem_pio2f
                0x0801117c      0x6a8 /home/laurence/ARM-GCC/gcc-arm-none-eabi-5_3-2016q1/bin/../lib/gcc/arm-none-eabi/5.3.1/../../../../arm-none-eabi/lib/armv7-m/libm.a(lib_a-kf_rem_pio2.o)
                0x0801117c                __kernel_rem_pio2f
 .text.__kernel_sinf
                0x08011824       0xec /home/laurence/ARM-GCC/gcc-arm-none-eabi-5_3-2016q1/bin/../lib/gcc/arm-none-eabi/5.3.1/../../../../arm-none-eabi/lib/armv7-m/libm.a(lib_a-kf_sin.o)
                0x08011824                __kernel_sinf
 .text.atan     0x08011910      0x33c /home/laurence/ARM-GCC/gcc-arm-none-eabi-5_3-2016q1/bin/../lib/gcc/arm-none-eabi/5.3.1/../../../../arm-none-eabi/lib/armv7-m/libm.a(lib_a-s_atan.o)
                0x08011910                atan
 .text.fabs     0x08011c4c        0x8 /home/laurence/ARM-GCC/gcc-arm-none-eabi-5_3-2016q1/bin/../lib/gcc/arm-none-eabi/5.3.1/../../../../arm-none-eabi/lib/armv7-m/libm.a(lib_a-s_fabs.o)
                0x08011c4c                fabs
 .text.matherr  0x08011c54        0x4 /home/laurence/ARM-GCC/gcc-arm-none-eabi-5_3-2016q1/bin/../lib/gcc/arm-none-eabi/5.3.1/../../../../arm-none-eabi/lib/armv7-m/libm.a(lib_a-s_matherr.o)
                0x08011c54                matherr
 .text.nan      0x08011c58        0xc /home/laurence/ARM-GCC/gcc-arm-none-eabi-5_3-2016q1/bin/../lib/gcc/arm-none-eabi/5.3.1/../../../../arm-none-eabi/lib/armv7-m/libm.a(lib_a-s_nan.o)
                0x08011c58                nan
 .text.atanf    0x08011c64      0x22c /home/laurence/ARM-GCC/gcc-arm-none-eabi-5_3-2016q1/bin/../lib/gcc/arm-none-eabi/5.3.1/../../../../arm-none-eabi/lib/armv7-m/libm.a(lib_a-sf_atan.o)
                0x08011c64                atanf
 .text.fabsf    0x08011e90        0x8 /home/laurence/ARM-GCC/gcc-arm-none-eabi-5_3-2016q1/bin/../lib/gcc/arm-none-eabi/5.3.1/../../../../arm-none-eabi/lib/armv7-m/libm.a(lib_a-sf_fabs.o)
                0x08011e90                fabsf
 .text.floorf   0x08011e98       0x8c /home/laurence/ARM-GCC/gcc-arm-none-eabi-5_3-2016q1/bin/../lib/gcc/arm-none-eabi/5.3.1/../../../../arm-none-eabi/lib/armv7-m/libm.a(lib_a-sf_floor.o)
                0x08011e98                floorf
 .text.scalbnf  0x08011f24       0xb0 /home/laurence/ARM-GCC/gcc-arm-none-eabi-5_3-2016q1/bin/../lib/gcc/arm-none-eabi/5.3.1/../../../../arm-none-eabi/lib/armv7-m/libm.a(lib_a-sf_scalbn.o)
                0x08011f24                scalbnf
 .text.copysignf
                0x08011fd4        0xc /home/laurence/ARM-GCC/gcc-arm-none-eabi-5_3-2016q1/bin/../lib/gcc/arm-none-eabi/5.3.1/../../../../arm-none-eabi/lib/armv7-m/libm.a(lib_a-sf_copysign.o)
                0x08011fd4                copysignf
 .text.__errno  0x08011fe0        0xc /home/laurence/ARM-GCC/gcc-arm-none-eabi-5_3-2016q1/bin/../lib/gcc/arm-none-eabi/5.3.1/../../../../arm-none-eabi/lib/armv7-m/libg.a(lib_a-errno.o)
                0x08011fe0                __errno
 .text.malloc   0x08011fec       0x10 /home/laurence/ARM-GCC/gcc-arm-none-eabi-5_3-2016q1/bin/../lib/gcc/arm-none-eabi/5.3.1/../../../../arm-none-eabi/lib/armv7-m/libg.a(lib_a-malloc.o)
                0x08011fec                malloc
 .text._malloc_r
                0x08011ffc      0x558 /home/laurence/ARM-GCC/gcc-arm-none-eabi-5_3-2016q1/bin/../lib/gcc/arm-none-eabi/5.3.1/../../../../arm-none-eabi/lib/armv7-m/libg.a(lib_a-mallocr.o)
                0x08011ffc                _malloc_r
 .text.memcmp   0x08012554       0x64 /home/laurence/ARM-GCC/gcc-arm-none-eabi-5_3-2016q1/bin/../lib/gcc/arm-none-eabi/5.3.1/../../../../arm-none-eabi/lib/armv7-m/libg.a(lib_a-memcmp.o)
                0x08012554                memcmp
 .text.__malloc_lock
                0x080125b8        0x4 /home/laurence/ARM-GCC/gcc-arm-none-eabi-5_3-2016q1/bin/../lib/gcc/arm-none-eabi/5.3.1/../../../../arm-none-eabi/lib/armv7-m/libg.a(lib_a-mlock.o)
                0x080125b8                __malloc_lock
 .text.__malloc_unlock
                0x080125bc        0x4 /home/laurence/ARM-GCC/gcc-arm-none-eabi-5_3-2016q1/bin/../lib/gcc/arm-none-eabi/5.3.1/../../../../arm-none-eabi/lib/armv7-m/libg.a(lib_a-mlock.o)
                0x080125bc                __malloc_unlock
 .text._sbrk_r  0x080125c0       0x24 /home/laurence/ARM-GCC/gcc-arm-none-eabi-5_3-2016q1/bin/../lib/gcc/arm-none-eabi/5.3.1/../../../../arm-none-eabi/lib/armv7-m/libg.a(lib_a-sbrkr.o)
                0x080125c0                _sbrk_r
 .text.strlen   0x080125e4       0x5c /home/laurence/ARM-GCC/gcc-arm-none-eabi-5_3-2016q1/bin/../lib/gcc/arm-none-eabi/5.3.1/../../../../arm-none-eabi/lib/armv7-m/libg.a(lib_a-strlen-stub.o)
                0x080125e4                strlen
 .text._malloc_trim_r
                0x08012640       0x9c /home/laurence/ARM-GCC/gcc-arm-none-eabi-5_3-2016q1/bin/../lib/gcc/arm-none-eabi/5.3.1/../../../../arm-none-eabi/lib/armv7-m/libg.a(lib_a-freer.o)
                0x08012640                _malloc_trim_r
 .text._free_r  0x080126dc      0x1d0 /home/laurence/ARM-GCC/gcc-arm-none-eabi-5_3-2016q1/bin/../lib/gcc/arm-none-eabi/5.3.1/../../../../arm-none-eabi/lib/armv7-m/libg.a(lib_a-freer.o)
                0x080126dc                _free_r
 .text._sbrk    0x080128ac       0x1c /home/laurence/ARM-GCC/gcc-arm-none-eabi-5_3-2016q1/bin/../lib/gcc/arm-none-eabi/5.3.1/../../../../arm-none-eabi/lib/armv7-m/libnosys.a(sbrk.o)
                0x080128ac                _sbrk
 *(.rodata)
 .rodata        0x080128c8       0xb4 /tmp/ccC4aFZV.ltrans0.ltrans.o
                0x08012970                DaysInMonth.lto_priv.91
 .rodata        0x0801297c      0x3d0 /tmp/ccC4aFZV.ltrans6.ltrans.o
                0x0801297c                LfnOfs.lto_priv.95
 .rodata        0x08012d4c      0x180 /tmp/ccC4aFZV.ltrans9.ltrans.o
 .rodata        0x08012ecc       0xac /tmp/ccC4aFZV.ltrans15.ltrans.o
 *(.rodata*)
 .rodata.str1.4
                0x08012f78      0x41a /tmp/ccC4aFZV.ltrans0.ltrans.o
                                0x42a (size before relaxing)
 *fill*         0x08013392        0x2 
 .rodata.str1.4
                0x08013394        0x6 /tmp/ccC4aFZV.ltrans5.ltrans.o
 *fill*         0x0801339a        0x2 
 .rodata.str1.4
                0x0801339c        0x9 /tmp/ccC4aFZV.ltrans7.ltrans.o
 .rodata.str1.4
                0x080133a5        0xb /tmp/ccC4aFZV.ltrans8.ltrans.o
 *fill*         0x080133a5        0x3 
 .rodata.str1.4
                0x080133a8       0x13 /tmp/ccC4aFZV.ltrans9.ltrans.o
 *fill*         0x080133bb        0x1 
 .rodata.str1.4
                0x080133bc        0x2 /home/laurence/ARM-GCC/gcc-arm-none-eabi-5_3-2016q1/bin/../lib/gcc/arm-none-eabi/5.3.1/../../../../arm-none-eabi/lib/armv7-m/libg.a(lib_a-impure.o)
 *fill*         0x080133be        0x2 
 .rodata.str1.4
                0x080133c0        0x6 /home/laurence/ARM-GCC/gcc-arm-none-eabi-5_3-2016q1/bin/../lib/gcc/arm-none-eabi/5.3.1/../../../../arm-none-eabi/lib/armv7-m/libm.a(lib_a-wf_acos.o)
                                  0x9 (size before relaxing)
 *fill*         0x080133c6        0x2 
 .rodata.str1.4
                0x080133c8        0x8 /home/laurence/ARM-GCC/gcc-arm-none-eabi-5_3-2016q1/bin/../lib/gcc/arm-none-eabi/5.3.1/../../../../arm-none-eabi/lib/armv7-m/libm.a(lib_a-wf_sqrt.o)
                                  0x6 (size before relaxing)
 .rodata.npio2_hw
                0x080133d0       0x80 /home/laurence/ARM-GCC/gcc-arm-none-eabi-5_3-2016q1/bin/../lib/gcc/arm-none-eabi/5.3.1/../../../../arm-none-eabi/lib/armv7-m/libm.a(lib_a-ef_rem_pio2.o)
 .rodata.two_over_pi
                0x08013450      0x318 /home/laurence/ARM-GCC/gcc-arm-none-eabi-5_3-2016q1/bin/../lib/gcc/arm-none-eabi/5.3.1/../../../../arm-none-eabi/lib/armv7-m/libm.a(lib_a-ef_rem_pio2.o)
 .rodata.init_jk
                0x08013768        0xc /home/laurence/ARM-GCC/gcc-arm-none-eabi-5_3-2016q1/bin/../lib/gcc/arm-none-eabi/5.3.1/../../../../arm-none-eabi/lib/armv7-m/libm.a(lib_a-kf_rem_pio2.o)
 .rodata.PIo2   0x08013774       0x2c /home/laurence/ARM-GCC/gcc-arm-none-eabi-5_3-2016q1/bin/../lib/gcc/arm-none-eabi/5.3.1/../../../../arm-none-eabi/lib/armv7-m/libm.a(lib_a-kf_rem_pio2.o)
 .rodata.atanlo
                0x080137a0       0x20 /home/laurence/ARM-GCC/gcc-arm-none-eabi-5_3-2016q1/bin/../lib/gcc/arm-none-eabi/5.3.1/../../../../arm-none-eabi/lib/armv7-m/libm.a(lib_a-s_atan.o)
 .rodata.atanhi
                0x080137c0       0x20 /home/laurence/ARM-GCC/gcc-arm-none-eabi-5_3-2016q1/bin/../lib/gcc/arm-none-eabi/5.3.1/../../../../arm-none-eabi/lib/armv7-m/libm.a(lib_a-s_atan.o)
 .rodata.atanlo
                0x080137e0       0x10 /home/laurence/ARM-GCC/gcc-arm-none-eabi-5_3-2016q1/bin/../lib/gcc/arm-none-eabi/5.3.1/../../../../arm-none-eabi/lib/armv7-m/libm.a(lib_a-sf_atan.o)
 .rodata.atanhi
                0x080137f0       0x10 /home/laurence/ARM-GCC/gcc-arm-none-eabi-5_3-2016q1/bin/../lib/gcc/arm-none-eabi/5.3.1/../../../../arm-none-eabi/lib/armv7-m/libm.a(lib_a-sf_atan.o)
 *(.glue_7)
 .glue_7        0x08013800        0x0 linker stubs
 *(.glue_7t)
 .glue_7t       0x08013800        0x0 linker stubs
 *(.init)
 .init          0x08013800        0x4 /home/laurence/ARM-GCC/gcc-arm-none-eabi-5_3-2016q1/bin/../lib/gcc/arm-none-eabi/5.3.1/armv7-m/crti.o
                0x08013800                _init
 .init          0x08013804        0x8 /home/laurence/ARM-GCC/gcc-arm-none-eabi-5_3-2016q1/bin/../lib/gcc/arm-none-eabi/5.3.1/armv7-m/crtn.o
 *(.fini)
 .fini          0x0801380c        0x4 /home/laurence/ARM-GCC/gcc-arm-none-eabi-5_3-2016q1/bin/../lib/gcc/arm-none-eabi/5.3.1/armv7-m/crti.o
                0x0801380c                _fini
 .fini          0x08013810        0x8 /home/laurence/ARM-GCC/gcc-arm-none-eabi-5_3-2016q1/bin/../lib/gcc/arm-none-eabi/5.3.1/armv7-m/crtn.o
                0x08013818                . = ALIGN (0x4)
                0x08013818                _etext = .
                0x08013818                _sidata = _etext

.vfp11_veneer   0x08013818        0x0
 .vfp11_veneer  0x08013818        0x0 linker stubs

.v4_bx          0x08013818        0x0
 .v4_bx         0x08013818        0x0 linker stubs

.iplt           0x08013818        0x0
 .iplt          0x08013818        0x0 /home/laurence/ARM-GCC/gcc-arm-none-eabi-5_3-2016q1/bin/../lib/gcc/arm-none-eabi/5.3.1/armv7-m/crtbegin.o

.rel.dyn        0x08013818        0x0
 .rel.iplt      0x08013818        0x0 /home/laurence/ARM-GCC/gcc-arm-none-eabi-5_3-2016q1/bin/../lib/gcc/arm-none-eabi/5.3.1/armv7-m/crtbegin.o

.flashpatch     0x00000000        0x0
                0x00000000                . = ALIGN (0x4)
 *(.flashpatch)
                0x00000000                . = ALIGN (0x4)

.endflash       0x00000000        0x0
                0x00000000                . = ALIGN (0x4)
 *(.endflash)
                0x00000000                . = ALIGN (0x4)
                0x00000000                _e_endflash = .

.data           0x20000000      0xa30 load address 0x08013818
                0x20000000                . = ALIGN (0x4)
                0x20000000                _sdata = .
                0x20000000                _data = .
 *(.data)
 .data          0x20000000        0x9 /tmp/ccC4aFZV.ltrans0.ltrans.o
                0x20000008                SP1ML_network_address
 *fill*         0x20000009        0x3 
 .data          0x2000000c       0x7c /tmp/ccC4aFZV.ltrans1.ltrans.o
                0x2000006c                pEpInt_OUT
 .data          0x20000088        0x1 /tmp/ccC4aFZV.ltrans3.ltrans.o
 *fill*         0x20000089        0x3 
 .data          0x2000008c       0x12 /tmp/ccC4aFZV.ltrans4.ltrans.o
                0x2000008c                Scsi_Sense_Data
 *fill*         0x2000009e        0x2 
 .data          0x200000a0       0x24 /tmp/ccC4aFZV.ltrans7.ltrans.o
 .data          0x200000c4        0x2 /tmp/ccC4aFZV.ltrans10.ltrans.o
 .data          0x200000c6        0x1 /tmp/ccC4aFZV.ltrans12.ltrans.o
                0x200000c6                rtc_correction
 *fill*         0x200000c7        0x1 
 .data          0x200000c8       0x76 /tmp/ccC4aFZV.ltrans13.ltrans.o
                0x200000c8                Device_Property
                0x200000fc                I2C_jobs
 *fill*         0x2000013e        0x2 
 .data          0x20000140       0x78 /tmp/ccC4aFZV.ltrans15.ltrans.o
                0x20000194                User_Standard_Requests
 .data          0x200001b8        0x1 /tmp/ccC4aFZV.ltrans16.ltrans.o
                0x200001b8                Stat.lto_priv.63
 *fill*         0x200001b9        0x3 
 .data          0x200001bc       0x20 /tmp/ccC4aFZV.ltrans17.ltrans.o
                0x200001bc                Device_Table
                0x200001c0                pEpInt_IN
 *(.data.*)
 .data.ADCPrescTable
                0x200001dc        0x4 lib/STM32F10x_StdPeriph_Driver/libstm32fw.a(stm32f10x_rcc.o)
 .data.APBAHBPrescTable
                0x200001e0       0x10 lib/STM32F10x_StdPeriph_Driver/libstm32fw.a(stm32f10x_rcc.o)
 .data.impure_data
                0x200001f0      0x428 /home/laurence/ARM-GCC/gcc-arm-none-eabi-5_3-2016q1/bin/../lib/gcc/arm-none-eabi/5.3.1/../../../../arm-none-eabi/lib/armv7-m/libg.a(lib_a-impure.o)
 .data._impure_ptr
                0x20000618        0x4 /home/laurence/ARM-GCC/gcc-arm-none-eabi-5_3-2016q1/bin/../lib/gcc/arm-none-eabi/5.3.1/../../../../arm-none-eabi/lib/armv7-m/libg.a(lib_a-impure.o)
                0x20000618                _impure_ptr
 .data.__fdlib_version
                0x2000061c        0x1 /home/laurence/ARM-GCC/gcc-arm-none-eabi-5_3-2016q1/bin/../lib/gcc/arm-none-eabi/5.3.1/../../../../arm-none-eabi/lib/armv7-m/libm.a(lib_a-s_lib_ver.o)
                0x2000061c                __fdlib_version
 *fill*         0x2000061d        0x3 
 .data.__malloc_av_
                0x20000620      0x408 /home/laurence/ARM-GCC/gcc-arm-none-eabi-5_3-2016q1/bin/../lib/gcc/arm-none-eabi/5.3.1/../../../../arm-none-eabi/lib/armv7-m/libg.a(lib_a-mallocr.o)
                0x20000620                __malloc_av_
 .data.__malloc_trim_threshold
                0x20000a28        0x4 /home/laurence/ARM-GCC/gcc-arm-none-eabi-5_3-2016q1/bin/../lib/gcc/arm-none-eabi/5.3.1/../../../../arm-none-eabi/lib/armv7-m/libg.a(lib_a-mallocr.o)
                0x20000a28                __malloc_trim_threshold
 .data.__malloc_sbrk_base
                0x20000a2c        0x4 /home/laurence/ARM-GCC/gcc-arm-none-eabi-5_3-2016q1/bin/../lib/gcc/arm-none-eabi/5.3.1/../../../../arm-none-eabi/lib/armv7-m/libg.a(lib_a-mallocr.o)
                0x20000a2c                __malloc_sbrk_base
 *(.RAMtext)
                0x20000a30                . = ALIGN (0x4)
                0x20000a30                _edata = .
                0x08014248                _eidata = (_sidata + (_edata - _sdata))
                0x08020000                _lastdataromaddress = (ORIGIN (FLASH) + LENGTH (FLASH))
                0x00000000                toobig = (_eidata > _lastdataromaddress)?!!!!!!!!! FLASH IS FULL !!!!!!!!!:0x0

.igot.plt       0x20000a30        0x0 load address 0x08014248
 .igot.plt      0x20000a30        0x0 /home/laurence/ARM-GCC/gcc-arm-none-eabi-5_3-2016q1/bin/../lib/gcc/arm-none-eabi/5.3.1/armv7-m/crtbegin.o

.bss            0x20000a30     0x1390 load address 0x08014248
                0x20000a30                . = ALIGN (0x4)
                0x20000a30                _sbss = .
                0x20000a30                _bss = .
 *(.bss)
 .bss           0x20000a30      0x6f8 /tmp/ccC4aFZV.ltrans0.ltrans.o
                0x20000e58                bootsource
                0x20000e5c                Millis
                0x20000e64                rputchar.lto_priv.89
                0x20000e68                Battery_Voltage
                0x20000ea4                file_opened
                0x20000ea8                PI_glob
                0x20000ec0                I_limits
                0x20000ecc                flashCodeEnabled
                0x20000ed8                GPS_telem
                0x20000ee4                flashCode
                0x20000ee9                SP1ML_state
                0x20000eed                System_state_Global
                0x20000eee                Shutdown_System
                0x20001124                FatFs.lto_priv.93
 .bss           0x20001128       0x18 /tmp/ccC4aFZV.ltrans1.ltrans.o
                0x20001130                SCSI_LBA
                0x20001134                SCSI_BlkLen
 .bss           0x20001140      0x391 /tmp/ccC4aFZV.ltrans3.ltrans.o
                0x20001140                Usart1_tx_buff
                0x2000120c                ECG_buffers
                0x2000128f                Enable.lto_priv.81
                0x200012d0                old_quality_mask.lto_priv.83
                0x200012d4                old_wct.lto_priv.82
                0x200012df                Gain.lto_priv.80
                0x200012e0                Completed_Jobs
                0x200012e4                IMU_buff
                0x20001384                LSM9DS1_Gyro_Buffer
                0x20001390                LSM9DS1_Acc_Buffer
                0x20001398                LSM9DS1_Mag_Buffer
                0x200013a6                I2C_failure
                0x20001468                Filtered_ECG
                0x2000147c                SP1ML_tx_rx_state
                0x20001488                SP1ML_tx_sequence_number
                0x2000148c                Usart3_rx_buff
                0x2000149c                RN42_tx_sequence_number
                0x200014a0                Usart1_rx_buff
                0x200014bc                Usart3_tx_buff
                0x200014cc                SP1ML_tx_bytes
                0x200014d0                SP1ML_withold
 *fill*         0x200014d1        0x3 
 .bss           0x200014d4       0x90 /tmp/ccC4aFZV.ltrans4.ltrans.o
                0x200014d4                CBW
                0x200014f4                Mass_Block_Count
                0x200014fc                Mass_Block_Size
                0x20001504                Data_Len
                0x2000150c                TransferState
                0x2000151c                Bulk_Data_Buff
                0x2000155c                Status
                0x20001560                Data_Buffer
 .bss           0x20001564       0x80 /tmp/ccC4aFZV.ltrans5.ltrans.o
 .bss           0x200015e4        0xc /tmp/ccC4aFZV.ltrans7.ltrans.o
 .bss           0x200015f0        0x4 /tmp/ccC4aFZV.ltrans8.ltrans.o
 .bss           0x200015f4        0x2 /tmp/ccC4aFZV.ltrans11.ltrans.o
 *fill*         0x200015f6        0x2 
 .bss           0x200015f8      0x284 /tmp/ccC4aFZV.ltrans12.ltrans.o
                0x200015f8                FATFS_wavfile
                0x2000181c                Sd_Spi_Called_From_USB_MSC
                0x20001820                LSM9DS1_Mag_Offset
                0x20001828                Jobs
                0x2000182c                I2C1error
                0x20001830                Gps_Buffer
                0x2000183c                wct.lto_priv.68
                0x2000183e                channel_wct_conf.lto_priv.67
                0x2000183f                ADS1298_Error_Status
                0x20001848                Gps
                0x2000187b                read_transaction.lto_priv.66
 .bss           0x2000187c       0x1d /tmp/ccC4aFZV.ltrans13.ltrans.o
                0x2000187c                wIstr
                0x20001880                bDeviceState
                0x20001888                Timer1.lto_priv.90
 *fill*         0x20001899        0x3 
 .bss           0x2000189c      0x469 /tmp/ccC4aFZV.ltrans14.ltrans.o
                0x2000189c                print_string
                0x200018bc                FATFS_wavfile_gps
                0x20001ae0                FATFS_wavfile_imu
                0x20001d04                CurrVol.lto_priv.92
 *fill*         0x20001d05        0x3 
 .bss           0x20001d08        0x6 /tmp/ccC4aFZV.ltrans15.ltrans.o
                0x20001d08                Max_Lun
 *fill*         0x20001d0e        0x2 
 .bss           0x20001d10       0x20 /tmp/ccC4aFZV.ltrans16.ltrans.o
                0x20001d10                CardType.lto_priv.65
                0x20001d14                CSW
                0x20001d24                Bot_State
                0x20001d2c                Timer2.lto_priv.87
 .bss           0x20001d30       0x14 /tmp/ccC4aFZV.ltrans17.ltrans.o
 *(.bss.*)
 .bss.Data_Mul_MaxPacketSize
                0x20001d44        0x1 lib/STM32_USB-FS-Device_Driver/libstm32usb.a(usb_core.o)
                0x20001d44                Data_Mul_MaxPacketSize
 *fill*         0x20001d45        0x3 
 .bss.__malloc_max_total_mem
                0x20001d48        0x4 /home/laurence/ARM-GCC/gcc-arm-none-eabi-5_3-2016q1/bin/../lib/gcc/arm-none-eabi/5.3.1/../../../../arm-none-eabi/lib/armv7-m/libg.a(lib_a-mallocr.o)
                0x20001d48                __malloc_max_total_mem
 .bss.__malloc_max_sbrked_mem