Archive member included to satisfy reference by file (symbol)

lib/STM32F10x_StdPeriph_Driver/libstm32fw.a(misc.o)
                              interrupts.o (symbol from plugin) (NVIC_PriorityGroupConfig)
lib/STM32F10x_StdPeriph_Driver/libstm32fw.a(stm32f10x_adc.o)
                              adc.o (symbol from plugin) (ADC_DeInit)
lib/STM32F10x_StdPeriph_Driver/libstm32fw.a(stm32f10x_bkp.o)
                              Util/fat_fs/src/rtc.o (symbol from plugin) (BKP_DeInit)
lib/STM32F10x_StdPeriph_Driver/libstm32fw.a(stm32f10x_dbgmcu.o)
                              main.o (symbol from plugin) (DBGMCU_Config)
lib/STM32F10x_StdPeriph_Driver/libstm32fw.a(stm32f10x_dma.o)
                              Util/fat_fs/src/sd_spi_stm32.o (symbol from plugin) (DMA_DeInit)
lib/STM32F10x_StdPeriph_Driver/libstm32fw.a(stm32f10x_exti.o)
                              interrupts.o (symbol from plugin) (EXTI_DeInit)
lib/STM32F10x_StdPeriph_Driver/libstm32fw.a(stm32f10x_gpio.o)
                              Util/fat_fs/src/sd_spi_stm32.o (symbol from plugin) (GPIO_Init)
lib/STM32F10x_StdPeriph_Driver/libstm32fw.a(stm32f10x_i2c.o)
                              i2c_int.o (symbol from plugin) (I2C_DeInit)
lib/STM32F10x_StdPeriph_Driver/libstm32fw.a(stm32f10x_iwdg.o)
                              watchdog.o (symbol from plugin) (IWDG_WriteAccessCmd)
lib/STM32F10x_StdPeriph_Driver/libstm32fw.a(stm32f10x_pwr.o)
                              pwr.o (symbol from plugin) (PWR_DeInit)
lib/STM32F10x_StdPeriph_Driver/libstm32fw.a(stm32f10x_rcc.o)
                              interrupts.o (symbol from plugin) (RCC_HCLKConfig)
lib/STM32F10x_StdPeriph_Driver/libstm32fw.a(stm32f10x_rtc.o)
                              Util/fat_fs/src/rtc.o (symbol from plugin) (RTC_GetCounter)
lib/STM32F10x_StdPeriph_Driver/libstm32fw.a(stm32f10x_spi.o)
                              Util/fat_fs/src/sd_spi_stm32.o (symbol from plugin) (SPI_I2S_DeInit)
lib/STM32F10x_StdPeriph_Driver/libstm32fw.a(stm32f10x_tim.o)
                              timer.o (symbol from plugin) (TIM_DeInit)
lib/STM32F10x_StdPeriph_Driver/libstm32fw.a(stm32f10x_usart.o)
                              Util/rn42_command.o (symbol from plugin) (USART_DeInit)
lib/STM32_USB-FS-Device_Driver/libstm32usb.a(usb_core.o)
                              Util/USB/usb_prop.o (symbol from plugin) (Standard_GetDescriptorData)
lib/STM32_USB-FS-Device_Driver/libstm32usb.a(usb_init.o)
                              main.o (symbol from plugin) (USB_Init)
lib/STM32_USB-FS-Device_Driver/libstm32usb.a(usb_int.o)
                              Util/USB/usb_istr.o (symbol from plugin) (CTR_LP)
lib/STM32_USB-FS-Device_Driver/libstm32usb.a(usb_mem.o)
                              lib/STM32_USB-FS-Device_Driver/libstm32usb.a(usb_core.o) (UserToPMABufferCopy)
lib/STM32_USB-FS-Device_Driver/libstm32usb.a(usb_regs.o)
                              Util/USB/usb_prop.o (symbol from plugin) (SetBTABLE)
lib/STM32_USB-FS-Device_Driver/libstm32usb.a(usb_sil.o)
                              Util/USB/usb_prop.o (symbol from plugin) (USB_SIL_Init)
/home/laurence/ARM-GCC/gcc-arm-none-eabi-5_3-2016q1/bin/../lib/gcc/arm-none-eabi/5.3.1/../../../../arm-none-eabi/lib/armv7-m/libg.a(lib_a-exit.o)
                              /home/laurence/ARM-GCC/gcc-arm-none-eabi-5_3-2016q1/bin/../lib/gcc/arm-none-eabi/5.3.1/../../../../arm-none-eabi/lib/armv7-m/crt0.o (exit)
/home/laurence/ARM-GCC/gcc-arm-none-eabi-5_3-2016q1/bin/../lib/gcc/arm-none-eabi/5.3.1/../../../../arm-none-eabi/lib/armv7-m/libg.a(lib_a-impure.o)
                              /home/laurence/ARM-GCC/gcc-arm-none-eabi-5_3-2016q1/bin/../lib/gcc/arm-none-eabi/5.3.1/../../../../arm-none-eabi/lib/armv7-m/libg.a(lib_a-exit.o) (_global_impure_ptr)
/home/laurence/ARM-GCC/gcc-arm-none-eabi-5_3-2016q1/bin/../lib/gcc/arm-none-eabi/5.3.1/../../../../arm-none-eabi/lib/armv7-m/libg.a(lib_a-init.o)
                              /home/laurence/ARM-GCC/gcc-arm-none-eabi-5_3-2016q1/bin/../lib/gcc/arm-none-eabi/5.3.1/../../../../arm-none-eabi/lib/armv7-m/crt0.o (__libc_init_array)
/home/laurence/ARM-GCC/gcc-arm-none-eabi-5_3-2016q1/bin/../lib/gcc/arm-none-eabi/5.3.1/../../../../arm-none-eabi/lib/armv7-m/libg.a(lib_a-memset.o)
                              /home/laurence/ARM-GCC/gcc-arm-none-eabi-5_3-2016q1/bin/../lib/gcc/arm-none-eabi/5.3.1/../../../../arm-none-eabi/lib/armv7-m/crt0.o (memset)
/home/laurence/ARM-GCC/gcc-arm-none-eabi-5_3-2016q1/bin/../lib/gcc/arm-none-eabi/5.3.1/../../../../arm-none-eabi/lib/armv7-m/libg.a(lib_a-rand.o)
                              Util/sp1ml_command.o (symbol from plugin) (srand)
/home/laurence/ARM-GCC/gcc-arm-none-eabi-5_3-2016q1/bin/../lib/gcc/arm-none-eabi/5.3.1/../../../../arm-none-eabi/lib/armv7-m/libg.a(lib_a-__call_atexit.o)
                              /home/laurence/ARM-GCC/gcc-arm-none-eabi-5_3-2016q1/bin/../lib/gcc/arm-none-eabi/5.3.1/../../../../arm-none-eabi/lib/armv7-m/libg.a(lib_a-exit.o) (__call_exitprocs)
[...]
Memory Configuration

Name             Origin             Length             Attributes
RAM              0x20000000         0x00005000         xrw
FLASH            0x08000000         0x00020000         xr
FLASHB1          0x00000000         0x00000000         xr
EXTMEMB0         0x00000000         0x00000000         xr
EXTMEMB1         0x00000000         0x00000000         xr
EXTMEMB2         0x00000000         0x00000000         xr
EXTMEMB3         0x00000000         0x00000000         xr
STARTFLASH       0x00000000         0xffffffff
CRPPATCH         0x00000000         0xffffffff
FLASHPATCH       0x00000000         0xffffffff
ENDFLASH         0x00000000         0xffffffff
*default*        0x00000000         0xffffffff

Linker script and memory map

LOAD /home/laurence/ARM-GCC/gcc-arm-none-eabi-5_3-2016q1/bin/../lib/gcc/arm-none-eabi/5.3.1/armv7-m/crti.o
LOAD /home/laurence/ARM-GCC/gcc-arm-none-eabi-5_3-2016q1/bin/../lib/gcc/arm-none-eabi/5.3.1/armv7-m/crtbegin.o
LOAD /home/laurence/ARM-GCC/gcc-arm-none-eabi-5_3-2016q1/bin/../lib/gcc/arm-none-eabi/5.3.1/../../../../arm-none-eabi/lib/armv7-m/crt0.o
LOAD Util/USB/hw_config.o
LOAD /tmp/ccTDBsZX.ltrans0.ltrans.o
LOAD /tmp/ccTDBsZX.ltrans1.ltrans.o
LOAD /tmp/ccTDBsZX.ltrans2.ltrans.o
LOAD /tmp/ccTDBsZX.ltrans3.ltrans.o
LOAD /tmp/ccTDBsZX.ltrans4.ltrans.o
LOAD /tmp/ccTDBsZX.ltrans5.ltrans.o
LOAD /tmp/ccTDBsZX.ltrans6.ltrans.o
LOAD /tmp/ccTDBsZX.ltrans7.ltrans.o
LOAD /tmp/ccTDBsZX.ltrans8.ltrans.o
LOAD /tmp/ccTDBsZX.ltrans9.ltrans.o
LOAD /tmp/ccTDBsZX.ltrans10.ltrans.o
LOAD /tmp/ccTDBsZX.ltrans11.ltrans.o
LOAD /tmp/ccTDBsZX.ltrans12.ltrans.o
LOAD /tmp/ccTDBsZX.ltrans13.ltrans.o
LOAD /tmp/ccTDBsZX.ltrans14.ltrans.o
LOAD /tmp/ccTDBsZX.ltrans15.ltrans.o
LOAD /tmp/ccTDBsZX.ltrans16.ltrans.o
LOAD Util/USB/mass_mal.o
LOAD Util/USB/memory.o
LOAD Util/USB/scsi_data.o
LOAD Util/USB/usb_bot.o
LOAD Util/USB/usb_desc.o
LOAD Util/USB/usb_endp.o
LOAD Util/USB/usb_istr.o
LOAD Util/USB/usb_prop.o
LOAD Util/USB/usb_pwr.o
LOAD Util/USB/usb_scsi.o
LOAD Util/buffer.o
LOAD Util/data_alignment.o
LOAD Util/dcm_attitude.o
LOAD Util/delay.o
LOAD Util/fat_fs/option/ccsbcs.o
LOAD Util/fat_fs/src/fattime.o
LOAD Util/fat_fs/src/ff.o
LOAD Util/fat_fs/src/rtc.o
LOAD Util/fat_fs/src/sd_spi_stm32.o
LOAD Util/filter.o
LOAD Util/load_setting.o
LOAD Util/rn42_command.o
LOAD Util/rn42_conf.o
LOAD Util/rprintf.o
LOAD Util/rtc_correct.o
LOAD Util/sp1ml_command.o
LOAD Util/wave.o
LOAD adc.o
LOAD bootload.o
LOAD dma.o
LOAD gpio.o
LOAD i2c_int.o
LOAD interrupts.o
LOAD lib/CMSIS_CM3/core_cm3.o
LOAD lib/CMSIS_CM3/startup/gcc/startup_stm32f10x_md.o
LOAD lib/CMSIS_CM3/system_stm32f10x.o
LOAD main.o
LOAD pwr.o
LOAD timer.o
LOAD usart.o
LOAD watchdog.o
LOAD Sensors/ads1298.o
LOAD Sensors/lsm9ds1.o
LOAD Sensors/ubx.o
LOAD lib/STM32F10x_StdPeriph_Driver/libstm32fw.a
LOAD lib/STM32_USB-FS-Device_Driver/libstm32usb.a
LOAD /home/laurence/ARM-GCC/gcc-arm-none-eabi-5_3-2016q1/bin/../lib/gcc/arm-none-eabi/5.3.1/../../../../arm-none-eabi/lib/armv7-m/libm.a
LOAD /home/laurence/ARM-GCC/gcc-arm-none-eabi-5_3-2016q1/bin/../lib/gcc/arm-none-eabi/5.3.1/../../../../arm-none-eabi/lib/armv7-m/libnosys.a
START GROUP
LOAD /home/laurence/ARM-GCC/gcc-arm-none-eabi-5_3-2016q1/bin/../lib/gcc/arm-none-eabi/5.3.1/armv7-m/libgcc.a
LOAD /home/laurence/ARM-GCC/gcc-arm-none-eabi-5_3-2016q1/bin/../lib/gcc/arm-none-eabi/5.3.1/../../../../arm-none-eabi/lib/armv7-m/libg.a
LOAD /home/laurence/ARM-GCC/gcc-arm-none-eabi-5_3-2016q1/bin/../lib/gcc/arm-none-eabi/5.3.1/../../../../arm-none-eabi/lib/armv7-m/libc.a
END GROUP
START GROUP
LOAD /home/laurence/ARM-GCC/gcc-arm-none-eabi-5_3-2016q1/bin/../lib/gcc/arm-none-eabi/5.3.1/armv7-m/libgcc.a
LOAD /home/laurence/ARM-GCC/gcc-arm-none-eabi-5_3-2016q1/bin/../lib/gcc/arm-none-eabi/5.3.1/../../../../arm-none-eabi/lib/armv7-m/libc.a
LOAD /home/laurence/ARM-GCC/gcc-arm-none-eabi-5_3-2016q1/bin/../lib/gcc/arm-none-eabi/5.3.1/../../../../arm-none-eabi/lib/armv7-m/libnosys.a
END GROUP
LOAD /home/laurence/ARM-GCC/gcc-arm-none-eabi-5_3-2016q1/bin/../lib/gcc/arm-none-eabi/5.3.1/armv7-m/crtend.o
LOAD /home/laurence/ARM-GCC/gcc-arm-none-eabi-5_3-2016q1/bin/../lib/gcc/arm-none-eabi/5.3.1/armv7-m/crtn.o
                0x00002000                __Stack_Size = 0x2000
                [!provide]                PROVIDE (_Stack_Size, __Stack_Size)
                0x20003000                __Stack_Init = (_estack - __Stack_Size)
                [!provide]                PROVIDE (_Stack_Init, __Stack_Init)
                0x00002000                _Minimum_Stack_Size = 0x2000
                [!provide]                PROVIDE (Undefined_Handler, 0x0)
                [!provide]                PROVIDE (SWI_Handler, 0x0)
                [!provide]                PROVIDE (IRQ_Handler, 0x0)
                [!provide]                PROVIDE (Prefetch_Handler, 0x0)
                [!provide]                PROVIDE (Abort_Handler, 0x0)
                [!provide]                PROVIDE (FIQ_Handler, 0x0)
                [!provide]                PROVIDE (NMIException, 0x0)
                [!provide]                PROVIDE (NMI_Handler, 0x0)
                [!provide]                PROVIDE (HardFaultException, 0x0)
                [!provide]                PROVIDE (HardFault_Handler, 0x0)
                [!provide]                PROVIDE (MemManageException, 0x0)
                [!provide]                PROVIDE (MemManage_Handler, 0x0)
                [!provide]                PROVIDE (BusFaultException, 0x0)
                [!provide]                PROVIDE (BusFault_Handler, 0x0)
                [!provide]                PROVIDE (UsageFaultException, 0x0)
                [!provide]                PROVIDE (UsageFault_Handler, 0x0)
                [!provide]                PROVIDE (SVCHandler, 0x0)
                [!provide]                PROVIDE (SVC_Handler, 0x0)
                [!provide]                PROVIDE (DebugMonitor, 0x0)
                [!provide]                PROVIDE (DebugMon_Handler, 0x0)
                [!provide]                PROVIDE (PendSVC, 0x0)
                [!provide]                PROVIDE (PendSV_Handler, 0x0)
                [!provide]                PROVIDE (SysTickHandler, 0x0)
                [!provide]                PROVIDE (SysTick_Handler, 0x0)
                [!provide]                PROVIDE (WWDG_IRQHandler, 0x0)
                [!provide]                PROVIDE (PVD_IRQHandler, 0x0)
                [!provide]                PROVIDE (TAMPER_IRQHandler, 0x0)
                [!provide]                PROVIDE (RTC_IRQHandler, 0x0)
                [!provide]                PROVIDE (FLASH_IRQHandler, 0x0)
                [!provide]                PROVIDE (RCC_IRQHandler, 0x0)
                [!provide]                PROVIDE (EXTI0_IRQHandler, 0x0)
                [!provide]                PROVIDE (EXTI1_IRQHandler, 0x0)
                [!provide]                PROVIDE (EXTI2_IRQHandler, 0x0)
                [!provide]                PROVIDE (EXTI3_IRQHandler, 0x0)
                [!provide]                PROVIDE (EXTI4_IRQHandler, 0x0)
                [!provide]                PROVIDE (DMAChannel1_IRQHandler, 0x0)
                [!provide]                PROVIDE (DMAChannel2_IRQHandler, 0x0)
                [!provide]                PROVIDE (DMAChannel3_IRQHandler, 0x0)
                [!provide]                PROVIDE (DMAChannel4_IRQHandler, 0x0)
                [!provide]                PROVIDE (DMAChannel5_IRQHandler, 0x0)
                [!provide]                PROVIDE (DMAChannel6_IRQHandler, 0x0)
                [!provide]                PROVIDE (DMAChannel7_IRQHandler, 0x0)
                [!provide]                PROVIDE (DMA1_Channel1_IRQHandler, 0x0)
                [!provide]                PROVIDE (DMA1_Channel2_IRQHandler, 0x0)
                [!provide]                PROVIDE (DMA1_Channel3_IRQHandler, 0x0)
                [!provide]                PROVIDE (DMA1_Channel4_IRQHandler, 0x0)
                [!provide]                PROVIDE (DMA1_Channel5_IRQHandler, 0x0)
                [!provide]                PROVIDE (DMA1_Channel6_IRQHandler, 0x0)
                [!provide]                PROVIDE (DMA1_Channel7_IRQHandler, 0x0)
                [!provide]                PROVIDE (ADC_IRQHandler, 0x0)
                [!provide]                PROVIDE (ADC1_2_IRQHandler, 0x0)
                [!provide]                PROVIDE (USB_HP_CAN_TX_IRQHandler, 0x0)
                [!provide]                PROVIDE (USB_HP_CAN1_TX_IRQHandler, 0x0)
                [!provide]                PROVIDE (USB_LP_CAN_RX0_IRQHandler, 0x0)
                [!provide]                PROVIDE (USB_LP_CAN1_RX0_IRQHandler, 0x0)
                [!provide]                PROVIDE (CAN_RX1_IRQHandler, 0x0)
                [!provide]                PROVIDE (CAN1_RX1_IRQHandler, 0x0)
                [!provide]                PROVIDE (CAN_SCE_IRQHandler, 0x0)
                [!provide]                PROVIDE (CAN1_SCE_IRQHandler, 0x0)
                [!provide]                PROVIDE (EXTI9_5_IRQHandler, 0x0)
                [!provide]                PROVIDE (TIM1_BRK_IRQHandler, 0x0)
                [!provide]                PROVIDE (TIM1_UP_IRQHandler, 0x0)
                [!provide]                PROVIDE (TIM1_TRG_COM_IRQHandler, 0x0)
                [!provide]                PROVIDE (TIM1_CC_IRQHandler, 0x0)
                [!provide]                PROVIDE (TIM2_IRQHandler, 0x0)
                [!provide]                PROVIDE (TIM3_IRQHandler, 0x0)
                [!provide]                PROVIDE (TIM4_IRQHandler, 0x0)
                [!provide]                PROVIDE (I2C1_EV_IRQHandler, 0x0)
                [!provide]                PROVIDE (I2C1_ER_IRQHandler, 0x0)
                [!provide]                PROVIDE (I2C2_EV_IRQHandler, 0x0)
                [!provide]                PROVIDE (I2C2_ER_IRQHandler, 0x0)
                [!provide]                PROVIDE (SPI1_IRQHandler, 0x0)
                [!provide]                PROVIDE (SPI2_IRQHandler, 0x0)
                [!provide]                PROVIDE (USART1_IRQHandler, 0x0)
                [!provide]                PROVIDE (USART2_IRQHandler, 0x0)
                [!provide]                PROVIDE (USART3_IRQHandler, 0x0)
                [!provide]                PROVIDE (EXTI15_10_IRQHandler, 0x0)
                [!provide]                PROVIDE (RTCAlarm_IRQHandler, 0x0)
                [!provide]                PROVIDE (USBWakeUp_IRQHandler, 0x0)
                [!provide]                PROVIDE (TIM8_BRK_IRQHandler, 0x0)
                [!provide]                PROVIDE (TIM8_UP_IRQHandler, 0x0)
                [!provide]                PROVIDE (TIM8_TRG_COM_IRQHandler, 0x0)
                [!provide]                PROVIDE (TIM8_CC_IRQHandler, 0x0)
                [!provide]                PROVIDE (ADC3_IRQHandler, 0x0)
                [!provide]                PROVIDE (FSMC_IRQHandler, 0x0)
                [!provide]                PROVIDE (SDIO_IRQHandler, 0x0)
                [!provide]                PROVIDE (TIM5_IRQHandler, 0x0)
                [!provide]                PROVIDE (SPI3_IRQHandler, 0x0)
                [!provide]                PROVIDE (UART4_IRQHandler, 0x0)
                [!provide]                PROVIDE (UART5_IRQHandler, 0x0)
                [!provide]                PROVIDE (TIM6_IRQHandler, 0x0)
                [!provide]                PROVIDE (TIM7_IRQHandler, 0x0)
                [!provide]                PROVIDE (DMA2_Channel1_IRQHandler, 0x0)
                [!provide]                PROVIDE (DMA2_Channel2_IRQHandler, 0x0)
                [!provide]                PROVIDE (DMA2_Channel3_IRQHandler, 0x0)
                [!provide]                PROVIDE (DMA2_Channel4_5_IRQHandler, 0x0)
                0x42000000                PERIPH_BB_BASE = 0x42000000
                0x22000000                SRAM_BB_BASE = 0x22000000
                0x20000000                SRAM_BASE = 0x20000000
                0x40000000                PERIPH_BASE = 0x40000000
                [!provide]                PROVIDE (FLASH_BASE, 0x40022000)
                [!provide]                PROVIDE (OB_BASE, 0x1ffff800)
                0x40000000                APB1PERIPH_BASE = PERIPH_BASE
                0x40010000                APB2PERIPH_BASE = (PERIPH_BASE + 0x10000)
                0x40020000                AHBPERIPH_BASE = (PERIPH_BASE + 0x20000)
                [!provide]                PROVIDE (TIM2, (APB1PERIPH_BASE + 0x0))
                [!provide]                PROVIDE (TIM3, (APB1PERIPH_BASE + 0x400))
                [!provide]                PROVIDE (TIM4, (APB1PERIPH_BASE + 0x800))
                [!provide]                PROVIDE (RTC, (APB1PERIPH_BASE + 0x2800))
                [!provide]                PROVIDE (WWDG, (APB1PERIPH_BASE + 0x2c00))
                [!provide]                PROVIDE (IWDG, (APB1PERIPH_BASE + 0x3000))
                [!provide]                PROVIDE (SPI2, (APB1PERIPH_BASE + 0x3800))
                [!provide]                PROVIDE (USART2, (APB1PERIPH_BASE + 0x4400))
                [!provide]                PROVIDE (USART3, (APB1PERIPH_BASE + 0x4800))
                [!provide]                PROVIDE (I2C1, (APB1PERIPH_BASE + 0x5400))
                [!provide]                PROVIDE (I2C2, (APB1PERIPH_BASE + 0x5800))
                [!provide]                PROVIDE (CAN, (APB1PERIPH_BASE + 0x6400))
                [!provide]                PROVIDE (BKP, (APB1PERIPH_BASE + 0x6c00))
                [!provide]                PROVIDE (PWR, (APB1PERIPH_BASE + 0x7000))
                [!provide]                PROVIDE (AFIO, (APB2PERIPH_BASE + 0x0))
                [!provide]                PROVIDE (EXTI, (APB2PERIPH_BASE + 0x400))
                [!provide]                PROVIDE (GPIOA, (APB2PERIPH_BASE + 0x800))
                [!provide]                PROVIDE (GPIOB, (APB2PERIPH_BASE + 0xc00))
                [!provide]                PROVIDE (GPIOC, (APB2PERIPH_BASE + 0x1000))
                [!provide]                PROVIDE (GPIOD, (APB2PERIPH_BASE + 0x1400))
                [!provide]                PROVIDE (GPIOE, (APB2PERIPH_BASE + 0x1800))
                [!provide]                PROVIDE (ADC1, (APB2PERIPH_BASE + 0x2400))
                [!provide]                PROVIDE (ADC2, (APB2PERIPH_BASE + 0x2800))
                [!provide]                PROVIDE (TIM1, (APB2PERIPH_BASE + 0x2c00))
                [!provide]                PROVIDE (SPI1, (APB2PERIPH_BASE + 0x3000))
                [!provide]                PROVIDE (USART1, (APB2PERIPH_BASE + 0x3800))
                [!provide]                PROVIDE (DMA, (AHBPERIPH_BASE + 0x0))
                [!provide]                PROVIDE (DMA_Channel1, (AHBPERIPH_BASE + 0x8))
                [!provide]                PROVIDE (DMA_Channel2, (AHBPERIPH_BASE + 0x1c))
                [!provide]                PROVIDE (DMA_Channel3, (AHBPERIPH_BASE + 0x30))
                [!provide]                PROVIDE (DMA_Channel4, (AHBPERIPH_BASE + 0x44))
                [!provide]                PROVIDE (DMA_Channel5, (AHBPERIPH_BASE + 0x58))
                [!provide]                PROVIDE (DMA_Channel6, (AHBPERIPH_BASE + 0x6c))
                [!provide]                PROVIDE (DMA_Channel7, (AHBPERIPH_BASE + 0x80))
                [!provide]                PROVIDE (RCC, (AHBPERIPH_BASE + 0x1000))
                0xe000e000                SCS_BASE = 0xe000e000
                [!provide]                PROVIDE (SysTick, (SCS_BASE + 0x10))
                [!provide]                PROVIDE (NVIC, (SCS_BASE + 0x100))
                [!provide]                PROVIDE (SCB, (SCS_BASE + 0xd00))
                0x20005000                PROVIDE (_estack, (ORIGIN (RAM) + LENGTH (RAM)))

.isr_vector     0x08000000      0x10c
                0x08000000                . = ALIGN (0x4)
 *(.isr_vector)
 .isr_vector    0x08000000      0x10c lib/CMSIS_CM3/startup/gcc/startup_stm32f10x_md.o
                0x08000000                g_pfnVectors
                0x0800010c                . = ALIGN (0x4)

.flash_start    0x00000000        0x0
                0x00000000                . = ALIGN (0x4)
 *(.flash_start)
 *(.flash_start.*)
                0x00000000                . = ALIGN (0x4)

.crp_patch      0x00000000        0x0
                0x00000000                . = ALIGN (0x4)
 *(.crp_patch)
                0x00000000                . = ALIGN (0x4)

.flashtext      0x0800010c        0x0
                0x0800010c                . = ALIGN (0x4)
 *(.flashtext)
                0x0800010c                . = ALIGN (0x4)

.text           0x08000110    0x13318
                0x08000110                . = ALIGN (0x4)
 *(.text)
 .text          0x08000110      0x370 /home/laurence/ARM-GCC/gcc-arm-none-eabi-5_3-2016q1/bin/../lib/gcc/arm-none-eabi/5.3.1/armv7-m/libgcc.a(_arm_addsubdf3.o)
                0x08000110                __aeabi_drsub
                0x08000118                __aeabi_dsub
                0x08000118                __subdf3
                0x0800011c                __adddf3
                0x0800011c                __aeabi_dadd
                0x08000394                __aeabi_ui2d
                0x08000394                __floatunsidf
                0x080003b4                __floatsidf
                0x080003b4                __aeabi_i2d
                0x080003d8                __extendsfdf2
                0x080003d8                __aeabi_f2d
                0x08000414                __aeabi_ul2d
                0x08000414                __floatundidf
                0x08000424                __floatdidf
                0x08000424                __aeabi_l2d
 .text          0x08000480      0x424 /home/laurence/ARM-GCC/gcc-arm-none-eabi-5_3-2016q1/bin/../lib/gcc/arm-none-eabi/5.3.1/armv7-m/libgcc.a(_arm_muldivdf3.o)
                0x08000480                __aeabi_dmul
                0x08000480                __muldf3
                0x080006d4                __aeabi_ddiv
                0x080006d4                __divdf3
 .text          0x080008a4      0x110 /home/laurence/ARM-GCC/gcc-arm-none-eabi-5_3-2016q1/bin/../lib/gcc/arm-none-eabi/5.3.1/armv7-m/libgcc.a(_arm_cmpdf2.o)
                0x080008a4                __gtdf2
                0x080008a4                __gedf2
                0x080008ac                __ltdf2
                0x080008ac                __ledf2
                0x080008b4                __cmpdf2
                0x080008b4                __eqdf2
                0x080008b4                __nedf2
                0x08000930                __aeabi_cdrcmple
                0x08000940                __aeabi_cdcmple
                0x08000940                __aeabi_cdcmpeq
                0x08000950                __aeabi_dcmpeq
                0x08000964                __aeabi_dcmplt
                0x08000978                __aeabi_dcmple
                0x0800098c                __aeabi_dcmpge
                0x080009a0                __aeabi_dcmpgt
 .text          0x080009b4       0x50 /home/laurence/ARM-GCC/gcc-arm-none-eabi-5_3-2016q1/bin/../lib/gcc/arm-none-eabi/5.3.1/armv7-m/libgcc.a(_arm_fixdfsi.o)
                0x080009b4                __fixdfsi
                0x080009b4                __aeabi_d2iz
 .text          0x08000a04       0x40 /home/laurence/ARM-GCC/gcc-arm-none-eabi-5_3-2016q1/bin/../lib/gcc/arm-none-eabi/5.3.1/armv7-m/libgcc.a(_arm_fixunsdfsi.o)
                0x08000a04                __fixunsdfsi
                0x08000a04                __aeabi_d2uiz
 .text          0x08000a44       0xa0 /home/laurence/ARM-GCC/gcc-arm-none-eabi-5_3-2016q1/bin/../lib/gcc/arm-none-eabi/5.3.1/armv7-m/libgcc.a(_arm_truncdfsf2.o)
                0x08000a44                __aeabi_d2f
                0x08000a44                __truncdfsf2
 .text          0x08000ae4      0x21c /home/laurence/ARM-GCC/gcc-arm-none-eabi-5_3-2016q1/bin/../lib/gcc/arm-none-eabi/5.3.1/armv7-m/libgcc.a(_arm_addsubsf3.o)
                0x08000ae4                __aeabi_frsub
                0x08000aec                __subsf3
                0x08000aec                __aeabi_fsub
                0x08000af0                __aeabi_fadd
                0x08000af0                __addsf3
                0x08000c50                __aeabi_ui2f
                0x08000c50                __floatunsisf
                0x08000c58                __aeabi_i2f
                0x08000c58                __floatsisf
                0x08000c74                __floatundisf
                0x08000c74                __aeabi_ul2f
                0x08000c84                __floatdisf
                0x08000c84                __aeabi_l2f
 .text          0x08000d00      0x2a0 /home/laurence/ARM-GCC/gcc-arm-none-eabi-5_3-2016q1/bin/../lib/gcc/arm-none-eabi/5.3.1/armv7-m/libgcc.a(_arm_muldivsf3.o)
                0x08000d00                __mulsf3
                0x08000d00                __aeabi_fmul
                0x08000e68                __divsf3
                0x08000e68                __aeabi_fdiv
 .text          0x08000fa0       0xec /home/laurence/ARM-GCC/gcc-arm-none-eabi-5_3-2016q1/bin/../lib/gcc/arm-none-eabi/5.3.1/armv7-m/libgcc.a(_arm_cmpsf2.o)
                0x08000fa0                __gtsf2
                0x08000fa0                __gesf2
                0x08000fa8                __lesf2
                0x08000fa8                __ltsf2
                0x08000fb0                __nesf2
                0x08000fb0                __eqsf2
                0x08000fb0                __cmpsf2
                0x08001010                __aeabi_cfrcmple
                0x08001018                __aeabi_cfcmple
                0x08001018                __aeabi_cfcmpeq
                0x08001028                __aeabi_fcmpeq
                0x0800103c                __aeabi_fcmplt
                0x08001050                __aeabi_fcmple
                0x08001064                __aeabi_fcmpge
                0x08001078                __aeabi_fcmpgt
 .text          0x0800108c       0x2c /home/laurence/ARM-GCC/gcc-arm-none-eabi-5_3-2016q1/bin/../lib/gcc/arm-none-eabi/5.3.1/armv7-m/libgcc.a(_arm_unordsf2.o)
                0x0800108c                __aeabi_fcmpun
                0x0800108c                __unordsf2
 .text          0x080010b8       0x4c /home/laurence/ARM-GCC/gcc-arm-none-eabi-5_3-2016q1/bin/../lib/gcc/arm-none-eabi/5.3.1/armv7-m/libgcc.a(_arm_fixsfsi.o)
                0x080010b8                __fixsfsi
                0x080010b8                __aeabi_f2iz
 .text          0x08001104       0x40 /home/laurence/ARM-GCC/gcc-arm-none-eabi-5_3-2016q1/bin/../lib/gcc/arm-none-eabi/5.3.1/armv7-m/libgcc.a(_arm_fixunssfsi.o)
                0x08001104                __aeabi_f2uiz
                0x08001104                __fixunssfsi
 .text          0x08001144       0xec /home/laurence/ARM-GCC/gcc-arm-none-eabi-5_3-2016q1/bin/../lib/gcc/arm-none-eabi/5.3.1/../../../../arm-none-eabi/lib/armv7-m/libg.a(lib_a-memcpy.o)
                0x08001144                memcpy
 *(.text.*)
 .text.startup.main
                0x08001230     0x2dac /tmp/ccTDBsZX.ltrans0.ltrans.o
                0x08001230                main
 .text.EP2_OUT_Callback
                0x08003fdc      0x9e8 /tmp/ccTDBsZX.ltrans1.ltrans.o
 .text.__usart_send_char
                0x080049c4       0xa0 /tmp/ccTDBsZX.ltrans2.ltrans.o
                0x080049c4                __usart_send_char
 .text.ads1298_spi_dma_transaction
                0x08004a64       0xe8 /tmp/ccTDBsZX.ltrans2.ltrans.o
                0x08004a64                ads1298_spi_dma_transaction
 *fill*         0x08004b4c        0x4 
 .text.DMA1_Channel4_IRQHandler
                0x08004b50      0xc1c /tmp/ccTDBsZX.ltrans2.ltrans.o
                0x08004b50                DMA1_Channel4_IRQHandler
 .text.ads1298_busy_wait_command
                0x0800576c       0x4c /tmp/ccTDBsZX.ltrans2.ltrans.o
                0x0800576c                ads1298_busy_wait_command
 .text.unlikely.ads1298_busy_wait_write
                0x080057b8       0x88 /tmp/ccTDBsZX.ltrans2.ltrans.o
                0x080057b8                ads1298_busy_wait_write
 .text.USART3_IRQHandler
                0x08005840      0x17c /tmp/ccTDBsZX.ltrans2.ltrans.o
                0x08005840                USART3_IRQHandler
 .text.USART1_IRQHandler
                0x080059bc      0x134 /tmp/ccTDBsZX.ltrans2.ltrans.o
                0x080059bc                USART1_IRQHandler
 .text.Gps_Send_Str
                0x08005af0       0x2c /tmp/ccTDBsZX.ltrans2.ltrans.o
                0x08005af0                Gps_Send_Str
 .text.Gps_Send_Utf8
                0x08005b1c       0x30 /tmp/ccTDBsZX.ltrans2.ltrans.o
                0x08005b1c                Gps_Send_Utf8
 .text.Usart3_Send_Str
                0x08005b4c       0x2c /tmp/ccTDBsZX.ltrans2.ltrans.o
                0x08005b4c                Usart3_Send_Str
 .text.Usart_Send_Str
                0x08005b78       0xf8 /tmp/ccTDBsZX.ltrans2.ltrans.o
                0x08005b78                Usart_Send_Str
 .text.move_window.lto_priv.81
                0x08005c70      0x1a8 /tmp/ccTDBsZX.ltrans3.ltrans.o
                0x08005c70                move_window.lto_priv.81
 .text.get_fattime
                0x08005e18       0x44 /tmp/ccTDBsZX.ltrans3.ltrans.o
                0x08005e18                get_fattime
 .text.Delay    0x08005e5c       0x20 /tmp/ccTDBsZX.ltrans3.ltrans.o
                0x08005e5c                Delay
 .text.Add_To_Buffer
                0x08005e7c       0x50 /tmp/ccTDBsZX.ltrans3.ltrans.o
                0x08005e7c                Add_To_Buffer
 .text.unlikely.SCSI_Invalid_Cmd
                0x08005ecc       0x6c /tmp/ccTDBsZX.ltrans3.ltrans.o
                0x08005ecc                SCSI_Invalid_Cmd
 .text.SCSI_Write10_Cmd
                0x08005f38      0x214 /tmp/ccTDBsZX.ltrans3.ltrans.o
                0x08005f38                SCSI_Write10_Cmd
 .text.SCSI_Read10_Cmd
                0x0800614c       0xe4 /tmp/ccTDBsZX.ltrans3.ltrans.o
                0x0800614c                SCSI_Read10_Cmd
 .text.RN42_generate_packet
                0x08006230      0x390 /tmp/ccTDBsZX.ltrans4.ltrans.o
                0x08006230                RN42_generate_packet
 .text.rprintf2RamRom
                0x080065c0      0x7d4 /tmp/ccTDBsZX.ltrans4.ltrans.o
                0x080065c0                rprintf2RamRom
 .text.disk_write.part.5.lto_priv.60
                0x08006d94      0x22c /tmp/ccTDBsZX.ltrans4.ltrans.o
                0x08006d94                disk_write.part.5.lto_priv.60
 .text.disk_read.part.4.lto_priv.62
                0x08006fc0      0x13c /tmp/ccTDBsZX.ltrans4.ltrans.o
                0x08006fc0                disk_read.part.4.lto_priv.62
 .text.put_fat.part.4.lto_priv.88
                0x080070fc      0x128 /tmp/ccTDBsZX.ltrans5.ltrans.o
                0x080070fc                put_fat.part.4.lto_priv.88
 .text.get_fat.part.3.lto_priv.64
                0x08007224       0xc0 /tmp/ccTDBsZX.ltrans5.ltrans.o
                0x08007224                get_fat.part.3.lto_priv.64
 .text.dir_find.part.5.lto_priv.95
                0x080072e4      0x494 /tmp/ccTDBsZX.ltrans5.ltrans.o
                0x080072e4                dir_find.part.5.lto_priv.95
 .text.f_lseek  0x08007778      0x204 /tmp/ccTDBsZX.ltrans5.ltrans.o
                0x08007778                f_lseek
 .text.unlikely.f_close
                0x0800797c       0x10 /tmp/ccTDBsZX.ltrans5.ltrans.o
                0x0800797c                f_close
 .text.check_fs
                0x0800798c       0xac /tmp/ccTDBsZX.ltrans6.ltrans.o
 .text.f_sync   0x08007a38      0x108 /tmp/ccTDBsZX.ltrans6.ltrans.o
                0x08007a38                f_sync
 .text.chk_mounted.lto_priv.65
                0x08007b40      0x264 /tmp/ccTDBsZX.ltrans6.ltrans.o
                0x08007b40                chk_mounted.lto_priv.65
 .text.follow_path.lto_priv.66
                0x08007da4      0x3b8 /tmp/ccTDBsZX.ltrans6.ltrans.o
                0x08007da4                follow_path.lto_priv.66
 .text.f_open   0x0800815c      0x14c /tmp/ccTDBsZX.ltrans6.ltrans.o
                0x0800815c                f_open
 .text.get_fileinfo.lto_priv.82
                0x080082a8      0x2c8 /tmp/ccTDBsZX.ltrans6.ltrans.o
                0x080082a8                get_fileinfo.lto_priv.82
 .text.dir_read.lto_priv.79
                0x08008570      0x434 /tmp/ccTDBsZX.ltrans7.ltrans.o
                0x08008570                dir_read.lto_priv.79
 .text.dir_sdi.lto_priv.80
                0x080089a4       0xa8 /tmp/ccTDBsZX.ltrans7.ltrans.o
                0x080089a4                dir_sdi.lto_priv.80
 .text.create_chain.lto_priv.84
                0x08008a4c      0x190 /tmp/ccTDBsZX.ltrans7.ltrans.o
                0x08008a4c                create_chain.lto_priv.84
 .text.dir_register.lto_priv.85
                0x08008bdc      0x6f0 /tmp/ccTDBsZX.ltrans7.ltrans.o
                0x08008bdc                dir_register.lto_priv.85
 .text.sync.lto_priv.77
                0x080092cc       0xe0 /tmp/ccTDBsZX.ltrans7.ltrans.o
                0x080092cc                sync.lto_priv.77
 .text.stm32_spi_rw.lto_priv.59
                0x080093ac       0x24 /tmp/ccTDBsZX.ltrans8.ltrans.o
                0x080093ac                stm32_spi_rw.lto_priv.59
 .text.send_cmd
                0x080093d0      0x16c /tmp/ccTDBsZX.ltrans8.ltrans.o
                0x080093d0                send_cmd
 .text.disk_initialize
                0x0800953c      0x260 /tmp/ccTDBsZX.ltrans8.ltrans.o
                0x0800953c                disk_initialize
 .text.wait_ready.lto_priv.61
                0x0800979c       0x54 /tmp/ccTDBsZX.ltrans8.ltrans.o
                0x0800979c                wait_ready.lto_priv.61
 .text.stm32_dma_transfer.lto_priv.63
                0x080097f0       0xd4 /tmp/ccTDBsZX.ltrans8.ltrans.o
                0x080097f0                stm32_dma_transfer.lto_priv.63
 .text.rcvr_datablock
                0x080098c4       0x9c /tmp/ccTDBsZX.ltrans8.ltrans.o
                0x080098c4                rcvr_datablock
 .text.counter_to_struct.lto_priv.86
                0x08009960      0x128 /tmp/ccTDBsZX.ltrans8.ltrans.o
                0x08009960                counter_to_struct.lto_priv.86
 .text.rtc_gettime
                0x08009a88       0x84 /tmp/ccTDBsZX.ltrans8.ltrans.o
                0x08009a88                rtc_gettime
 .text.f_write.part.9.lto_priv.83
                0x08009b0c      0x350 /tmp/ccTDBsZX.ltrans8.ltrans.o
                0x08009b0c                f_write.part.9.lto_priv.83
 .text.remove_chain.part.6.lto_priv.78
                0x08009e5c      0x110 /tmp/ccTDBsZX.ltrans8.ltrans.o
                0x08009e5c                remove_chain.part.6.lto_priv.78
 .text.I2C1_ER_IRQHandler
                0x08009f6c      0x150 /tmp/ccTDBsZX.ltrans9.ltrans.o
                0x08009f6c                I2C1_ER_IRQHandler
 .text.I2C1_EV_IRQHandler
                0x0800a0bc      0x604 /tmp/ccTDBsZX.ltrans9.ltrans.o
                0x0800a0bc                I2C1_EV_IRQHandler
 .text.ADC_Configuration
                0x0800a6c0      0x10c /tmp/ccTDBsZX.ltrans9.ltrans.o
                0x0800a6c0                ADC_Configuration
 .text.wave_terminate
                0x0800a7cc      0x1c0 /tmp/ccTDBsZX.ltrans9.ltrans.o
                0x0800a7cc                wave_terminate
 .text.write_wave_header
                0x0800a98c      0x11c /tmp/ccTDBsZX.ltrans9.ltrans.o
                0x0800a98c                write_wave_header
 .text.SP1ML_generate_packet
                0x0800aaa8      0x39c /tmp/ccTDBsZX.ltrans10.ltrans.o
                0x0800aaa8                SP1ML_generate_packet
 .text.SP1ML_command
                0x0800ae44      0x148 /tmp/ccTDBsZX.ltrans10.ltrans.o
                0x0800ae44                SP1ML_command
 *fill*         0x0800af8c        0x4 
 .text.SP1ML_rx_tx_data_processor
                0x0800af90      0xe00 /tmp/ccTDBsZX.ltrans10.ltrans.o
                0x0800af90                SP1ML_rx_tx_data_processor
 .text.set_rtc_correction
                0x0800bd90       0x5c /tmp/ccTDBsZX.ltrans10.ltrans.o
                0x0800bd90                set_rtc_correction
 .text.unlikely.read_config_file.constprop.21
                0x0800bdec      0x4bc /tmp/ccTDBsZX.ltrans11.ltrans.o
                0x0800bdec                read_config_file.constprop.21
 .text.Get_UBX_Ack.constprop.8
                0x0800c2a8       0xcc /tmp/ccTDBsZX.ltrans11.ltrans.o
                0x0800c2a8                Get_UBX_Ack.constprop.8
 .text.USART2_reconf.constprop.7
                0x0800c374       0x54 /tmp/ccTDBsZX.ltrans11.ltrans.o
                0x0800c374                USART2_reconf.constprop.7
 .text.ads1298_wct_config.constprop.3
                0x0800c3c8      0x1a8 /tmp/ccTDBsZX.ltrans11.ltrans.o
                0x0800c3c8                ads1298_wct_config.constprop.3
 .text.unlikely.ads1298_setup.constprop.2
                0x0800c570      0x324 /tmp/ccTDBsZX.ltrans11.ltrans.o
                0x0800c570                ads1298_setup.constprop.2
 .text.Gps_DMA_Process
                0x0800c894      0x318 /tmp/ccTDBsZX.ltrans11.ltrans.o
                0x0800c894                Gps_DMA_Process
 .text.EXTI9_5_IRQHandler
                0x0800cbac       0x34 /tmp/ccTDBsZX.ltrans11.ltrans.o
                0x0800cbac                EXTI9_5_IRQHandler
 .text.USB_LP_CAN1_RX0_IRQHandler
                0x0800cbe0      0x118 /tmp/ccTDBsZX.ltrans12.ltrans.o
                0x0800cbe0                USB_LP_CAN1_RX0_IRQHandler
 .text.USB_HP_CAN1_TX_IRQHandler
                0x0800ccf8        0x4 /tmp/ccTDBsZX.ltrans12.ltrans.o
                0x0800ccf8                USB_HP_CAN1_TX_IRQHandler
 *fill*         0x0800ccfc        0x4 
 .text.SysTick_Handler
                0x0800cd00      0x17c /tmp/ccTDBsZX.ltrans12.ltrans.o
                0x0800cd00                SysTick_Handler
 .text.EXTI15_10_IRQHandler
                0x0800ce7c       0x68 /tmp/ccTDBsZX.ltrans12.ltrans.o
                0x0800ce7c                EXTI15_10_IRQHandler
 .text.ADC1_2_IRQHandler
                0x0800cee4       0x70 /tmp/ccTDBsZX.ltrans12.ltrans.o
                0x0800cee4                ADC1_2_IRQHandler
 .text.EXTI0_IRQHandler
                0x0800cf54       0x98 /tmp/ccTDBsZX.ltrans12.ltrans.o
                0x0800cf54                EXTI0_IRQHandler
 .text.EXTI_ONOFF_EN
                0x0800cfec       0x54 /tmp/ccTDBsZX.ltrans12.ltrans.o
                0x0800cfec                EXTI_ONOFF_EN
 .text.I2C_Config
                0x0800d040      0x23c /tmp/ccTDBsZX.ltrans12.ltrans.o
                0x0800d040                I2C_Config
 .text.I2C1_Request_Job
                0x0800d27c       0x74 /tmp/ccTDBsZX.ltrans12.ltrans.o
                0x0800d27c                I2C1_Request_Job
 .text.__str_print_char
                0x0800d2f0       0xfc /tmp/ccTDBsZX.ltrans13.ltrans.o
                0x0800d2f0                __str_print_char
 .text.__fat_print_char
                0x0800d3ec       0x58 /tmp/ccTDBsZX.ltrans13.ltrans.o
                0x0800d3ec                __fat_print_char
 .text.shutdown_filesystem
                0x0800d444      0x464 /tmp/ccTDBsZX.ltrans13.ltrans.o
                0x0800d444                shutdown_filesystem
 .text.stm32_spi_rw.constprop.56
                0x0800d8a8       0x24 /tmp/ccTDBsZX.ltrans14.ltrans.o
                0x0800d8a8                stm32_spi_rw.constprop.56
 .text.disk_write.constprop.53
                0x0800d8cc       0x84 /tmp/ccTDBsZX.ltrans14.ltrans.o
                0x0800d8cc                disk_write.constprop.53
 .text.unlikely.disk_read.constprop.52
                0x0800d950       0x60 /tmp/ccTDBsZX.ltrans14.ltrans.o
                0x0800d950                disk_read.constprop.52
 .text.unlikely.Set_CSW.constprop.50
                0x0800d9b0       0x2c /tmp/ccTDBsZX.ltrans14.ltrans.o
                0x0800d9b0                Set_CSW.constprop.50
 .text.dir_next.constprop.30
                0x0800d9dc       0x88 /tmp/ccTDBsZX.ltrans14.ltrans.o
                0x0800d9dc                dir_next.constprop.30
 .text.unlikely.f_chdir.constprop.25
                0x0800da64       0x68 /tmp/ccTDBsZX.ltrans14.ltrans.o
                0x0800da64                f_chdir.constprop.25
 .text.Get_Max_Lun
                0x0800dacc       0x18 /tmp/ccTDBsZX.ltrans15.ltrans.o
 .text.MASS_Get_Interface_Setting
                0x0800dae4       0x10 /tmp/ccTDBsZX.ltrans15.ltrans.o
                0x0800dae4                MASS_Get_Interface_Setting
 .text.MASS_Data_Setup
                0x0800daf4       0x38 /tmp/ccTDBsZX.ltrans15.ltrans.o
                0x0800daf4                MASS_Data_Setup
 .text.MASS_Status_In
                0x0800db2c        0x4 /tmp/ccTDBsZX.ltrans15.ltrans.o
                0x0800db2c                MASS_Status_In
 .text.MASS_Status_Out
                0x0800db30        0x4 /tmp/ccTDBsZX.ltrans15.ltrans.o
                0x0800db30                MASS_Status_Out
 .text.Mass_Storage_SetDeviceAddress
                0x0800db34        0xc /tmp/ccTDBsZX.ltrans15.ltrans.o
 .text.MASS_GetStringDescriptor
                0x0800db40       0x20 /tmp/ccTDBsZX.ltrans15.ltrans.o
                0x0800db40                MASS_GetStringDescriptor
 .text.MASS_GetConfigDescriptor
                0x0800db60        0xc /tmp/ccTDBsZX.ltrans15.ltrans.o
                0x0800db60                MASS_GetConfigDescriptor
 .text.MASS_GetDeviceDescriptor
                0x0800db6c        0xc /tmp/ccTDBsZX.ltrans15.ltrans.o
                0x0800db6c                MASS_GetDeviceDescriptor
 .text.MASS_NoData_Setup
                0x0800db78       0x50 /tmp/ccTDBsZX.ltrans15.ltrans.o
                0x0800db78                MASS_NoData_Setup
 .text.Mass_Storage_SetConfiguration
                0x0800dbc8       0x30 /tmp/ccTDBsZX.ltrans15.ltrans.o
 .text.Mass_Storage_ClearFeature
                0x0800dbf8       0x2c /tmp/ccTDBsZX.ltrans15.ltrans.o
 .text.MASS_Reset
                0x0800dc24       0xf0 /tmp/ccTDBsZX.ltrans15.ltrans.o
                0x0800dc24                MASS_Reset
 .text.MASS_init
                0x0800dd14      0x17c /tmp/ccTDBsZX.ltrans15.ltrans.o
                0x0800dd14                MASS_init
 .text.Resume   0x0800de90      0x118 /tmp/ccTDBsZX.ltrans15.ltrans.o
                0x0800de90                Resume
 .text.EP1_IN_Callback
                0x0800dfa8       0x88 /tmp/ccTDBsZX.ltrans16.ltrans.o
 .text.unlikely.Transfer_Data_Request
                0x0800e030       0x34 /tmp/ccTDBsZX.ltrans16.ltrans.o
                0x0800e030                Transfer_Data_Request
 .text.Read_Memory
                0x0800e064      0x1b4 /tmp/ccTDBsZX.ltrans16.ltrans.o
                0x0800e064                Read_Memory
 .text.Reset_Handler
                0x0800e218       0x40 lib/CMSIS_CM3/startup/gcc/startup_stm32f10x_md.o
                0x0800e218                Reset_Handler
 .text.Default_Handler
                0x0800e258        0x2 lib/CMSIS_CM3/startup/gcc/startup_stm32f10x_md.o
                0x0800e258                EXTI2_IRQHandler
                0x0800e258                DebugMon_Handler
                0x0800e258                TIM1_CC_IRQHandler
                0x0800e258                HardFault_Handler
                0x0800e258                PVD_IRQHandler
                0x0800e258                PendSV_Handler
                0x0800e258                NMI_Handler
                0x0800e258                EXTI3_IRQHandler
                0x0800e258                I2C2_EV_IRQHandler
                0x0800e258                UsageFault_Handler
                0x0800e258                SPI1_IRQHandler
                0x0800e258                TAMPER_IRQHandler
                0x0800e258                RTC_IRQHandler
                0x0800e258                DMA1_Channel7_IRQHandler
                0x0800e258                CAN1_RX1_IRQHandler
                0x0800e258                TIM4_IRQHandler
                0x0800e258                DMA1_Channel6_IRQHandler
                0x0800e258                TIM3_IRQHandler
                0x0800e258                RCC_IRQHandler
                0x0800e258                TIM1_TRG_COM_IRQHandler
                0x0800e258                DMA1_Channel1_IRQHandler
                0x0800e258                Default_Handler
                0x0800e258                SPI2_IRQHandler
                0x0800e258                MemManage_Handler
                0x0800e258                SVC_Handler
                0x0800e258                DMA1_Channel5_IRQHandler
                0x0800e258                EXTI4_IRQHandler
                0x0800e258                DMA1_Channel3_IRQHandler
                0x0800e258                TIM1_UP_IRQHandler
                0x0800e258                WWDG_IRQHandler
                0x0800e258                TIM2_IRQHandler
                0x0800e258                TIM1_BRK_IRQHandler
                0x0800e258                EXTI1_IRQHandler
                0x0800e258                RTCAlarm_IRQHandler
                0x0800e258                USART2_IRQHandler
                0x0800e258                I2C2_ER_IRQHandler
                0x0800e258                DMA1_Channel2_IRQHandler
                0x0800e258                CAN1_SCE_IRQHandler
                0x0800e258                FLASH_IRQHandler
                0x0800e258                BusFault_Handler
                0x0800e258                USBWakeUp_IRQHandler
 *fill*         0x0800e25a        0x2 
 .text.NVIC_PriorityGroupConfig
                0x0800e25c       0x14 lib/STM32F10x_StdPeriph_Driver/libstm32fw.a(misc.o)
                0x0800e25c                NVIC_PriorityGroupConfig
 .text.NVIC_Init
                0x0800e270       0x6c lib/STM32F10x_StdPeriph_Driver/libstm32fw.a(misc.o)
                0x0800e270                NVIC_Init
 .text.NVIC_SetVectorTable
                0x0800e2dc       0x14 lib/STM32F10x_StdPeriph_Driver/libstm32fw.a(misc.o)
                0x0800e2dc                NVIC_SetVectorTable
 .text.SysTick_CLKSourceConfig
                0x0800e2f0       0x18 lib/STM32F10x_StdPeriph_Driver/libstm32fw.a(misc.o)
                0x0800e2f0                SysTick_CLKSourceConfig
 .text.ADC_DeInit
                0x0800e308       0x5c lib/STM32F10x_StdPeriph_Driver/libstm32fw.a(stm32f10x_adc.o)
                0x0800e308                ADC_DeInit
 .text.ADC_Init
                0x0800e364       0x48 lib/STM32F10x_StdPeriph_Driver/libstm32fw.a(stm32f10x_adc.o)
                0x0800e364                ADC_Init
 .text.ADC_Cmd  0x0800e3ac       0x12 lib/STM32F10x_StdPeriph_Driver/libstm32fw.a(stm32f10x_adc.o)
                0x0800e3ac                ADC_Cmd
 .text.ADC_ITConfig
                0x0800e3be       0x12 lib/STM32F10x_StdPeriph_Driver/libstm32fw.a(stm32f10x_adc.o)
                0x0800e3be                ADC_ITConfig
 .text.ADC_ResetCalibration
                0x0800e3d0        0xa lib/STM32F10x_StdPeriph_Driver/libstm32fw.a(stm32f10x_adc.o)
                0x0800e3d0                ADC_ResetCalibration
 .text.ADC_GetResetCalibrationStatus
                0x0800e3da        0x8 lib/STM32F10x_StdPeriph_Driver/libstm32fw.a(stm32f10x_adc.o)
                0x0800e3da                ADC_GetResetCalibrationStatus
 .text.ADC_StartCalibration
                0x0800e3e2        0xa lib/STM32F10x_StdPeriph_Driver/libstm32fw.a(stm32f10x_adc.o)
                0x0800e3e2                ADC_StartCalibration
 .text.ADC_GetCalibrationStatus
                0x0800e3ec        0x8 lib/STM32F10x_StdPeriph_Driver/libstm32fw.a(stm32f10x_adc.o)
                0x0800e3ec                ADC_GetCalibrationStatus
 .text.ADC_SoftwareStartConvCmd
                0x0800e3f4       0x12 lib/STM32F10x_StdPeriph_Driver/libstm32fw.a(stm32f10x_adc.o)
                0x0800e3f4                ADC_SoftwareStartConvCmd
 .text.ADC_RegularChannelConfig
                0x0800e406       0x84 lib/STM32F10x_StdPeriph_Driver/libstm32fw.a(stm32f10x_adc.o)
                0x0800e406                ADC_RegularChannelConfig
 .text.ADC_GetConversionValue
                0x0800e48a        0x6 lib/STM32F10x_StdPeriph_Driver/libstm32fw.a(stm32f10x_adc.o)
                0x0800e48a                ADC_GetConversionValue
 .text.ADC_ExternalTrigInjectedConvConfig
                0x0800e490        0xc lib/STM32F10x_StdPeriph_Driver/libstm32fw.a(stm32f10x_adc.o)
                0x0800e490                ADC_ExternalTrigInjectedConvConfig
 .text.ADC_SoftwareStartInjectedConvCmd
                0x0800e49c       0x12 lib/STM32F10x_StdPeriph_Driver/libstm32fw.a(stm32f10x_adc.o)
                0x0800e49c                ADC_SoftwareStartInjectedConvCmd
 .text.ADC_InjectedChannelConfig
                0x0800e4ae       0x54 lib/STM32F10x_StdPeriph_Driver/libstm32fw.a(stm32f10x_adc.o)
                0x0800e4ae                ADC_InjectedChannelConfig
 .text.ADC_InjectedSequencerLengthConfig
                0x0800e502       0x10 lib/STM32F10x_StdPeriph_Driver/libstm32fw.a(stm32f10x_adc.o)
                0x0800e502                ADC_InjectedSequencerLengthConfig
 .text.ADC_GetInjectedConversionValue
                0x0800e512       0x1a lib/STM32F10x_StdPeriph_Driver/libstm32fw.a(stm32f10x_adc.o)
                0x0800e512                ADC_GetInjectedConversionValue
 .text.ADC_AnalogWatchdogCmd
                0x0800e52c       0x10 lib/STM32F10x_StdPeriph_Driver/libstm32fw.a(stm32f10x_adc.o)
                0x0800e52c                ADC_AnalogWatchdogCmd
 .text.ADC_AnalogWatchdogThresholdsConfig
                0x0800e53c        0x6 lib/STM32F10x_StdPeriph_Driver/libstm32fw.a(stm32f10x_adc.o)
                0x0800e53c                ADC_AnalogWatchdogThresholdsConfig
 .text.ADC_AnalogWatchdogSingleChannelConfig
                0x0800e542        0xc lib/STM32F10x_StdPeriph_Driver/libstm32fw.a(stm32f10x_adc.o)
                0x0800e542                ADC_AnalogWatchdogSingleChannelConfig
 .text.ADC_GetFlagStatus
                0x0800e54e        0xc lib/STM32F10x_StdPeriph_Driver/libstm32fw.a(stm32f10x_adc.o)
                0x0800e54e                ADC_GetFlagStatus
 .text.ADC_ClearFlag
                0x0800e55a        0x6 lib/STM32F10x_StdPeriph_Driver/libstm32fw.a(stm32f10x_adc.o)
                0x0800e55a                ADC_ClearFlag
 .text.ADC_GetITStatus
                0x0800e560       0x16 lib/STM32F10x_StdPeriph_Driver/libstm32fw.a(stm32f10x_adc.o)
                0x0800e560                ADC_GetITStatus
 .text.ADC_ClearITPendingBit
                0x0800e576        0x8 lib/STM32F10x_StdPeriph_Driver/libstm32fw.a(stm32f10x_adc.o)
                0x0800e576                ADC_ClearITPendingBit
 .text.BKP_DeInit
                0x0800e57e       0x12 lib/STM32F10x_StdPeriph_Driver/libstm32fw.a(stm32f10x_bkp.o)
                0x0800e57e                BKP_DeInit
 .text.BKP_RTCOutputConfig
                0x0800e590       0x18 lib/STM32F10x_StdPeriph_Driver/libstm32fw.a(stm32f10x_bkp.o)
                0x0800e590                BKP_RTCOutputConfig
 .text.BKP_SetRTCCalibrationValue
                0x0800e5a8       0x18 lib/STM32F10x_StdPeriph_Driver/libstm32fw.a(stm32f10x_bkp.o)
                0x0800e5a8                BKP_SetRTCCalibrationValue
 .text.BKP_WriteBackupRegister
                0x0800e5c0       0x1c lib/STM32F10x_StdPeriph_Driver/libstm32fw.a(stm32f10x_bkp.o)
                0x0800e5c0                BKP_WriteBackupRegister
 .text.BKP_ReadBackupRegister
                0x0800e5dc       0x20 lib/STM32F10x_StdPeriph_Driver/libstm32fw.a(stm32f10x_bkp.o)
                0x0800e5dc                BKP_ReadBackupRegister
 .text.DBGMCU_Config
                0x0800e5fc       0x18 lib/STM32F10x_StdPeriph_Driver/libstm32fw.a(stm32f10x_dbgmcu.o)
                0x0800e5fc                DBGMCU_Config
 .text.DMA_DeInit
                0x0800e614       0xf0 lib/STM32F10x_StdPeriph_Driver/libstm32fw.a(stm32f10x_dma.o)
                0x0800e614                DMA_DeInit
 .text.DMA_Init
                0x0800e704       0x3c lib/STM32F10x_StdPeriph_Driver/libstm32fw.a(stm32f10x_dma.o)
                0x0800e704                DMA_Init
 .text.DMA_Cmd  0x0800e740       0x12 lib/STM32F10x_StdPeriph_Driver/libstm32fw.a(stm32f10x_dma.o)
                0x0800e740                DMA_Cmd
 .text.DMA_ITConfig
                0x0800e752       0x10 lib/STM32F10x_StdPeriph_Driver/libstm32fw.a(stm32f10x_dma.o)
                0x0800e752                DMA_ITConfig
 .text.DMA_GetCurrDataCounter
                0x0800e762        0x6 lib/STM32F10x_StdPeriph_Driver/libstm32fw.a(stm32f10x_dma.o)
                0x0800e762                DMA_GetCurrDataCounter
 .text.DMA_GetFlagStatus
                0x0800e768       0x1c lib/STM32F10x_StdPeriph_Driver/libstm32fw.a(stm32f10x_dma.o)
                0x0800e768                DMA_GetFlagStatus
 .text.DMA_ClearFlag
                0x0800e784       0x14 lib/STM32F10x_StdPeriph_Driver/libstm32fw.a(stm32f10x_dma.o)
                0x0800e784                DMA_ClearFlag
 .text.DMA_GetITStatus
                0x0800e798       0x1c lib/STM32F10x_StdPeriph_Driver/libstm32fw.a(stm32f10x_dma.o)
                0x0800e798                DMA_GetITStatus
 .text.DMA_ClearITPendingBit
                0x0800e7b4       0x14 lib/STM32F10x_StdPeriph_Driver/libstm32fw.a(stm32f10x_dma.o)
                0x0800e7b4                DMA_ClearITPendingBit
 .text.EXTI_DeInit
                0x0800e7c8       0x1c lib/STM32F10x_StdPeriph_Driver/libstm32fw.a(stm32f10x_exti.o)
                0x0800e7c8                EXTI_DeInit
 .text.EXTI_Init
                0x0800e7e4       0x88 lib/STM32F10x_StdPeriph_Driver/libstm32fw.a(stm32f10x_exti.o)
                0x0800e7e4                EXTI_Init
 .text.EXTI_GenerateSWInterrupt
                0x0800e86c       0x10 lib/STM32F10x_StdPeriph_Driver/libstm32fw.a(stm32f10x_exti.o)
                0x0800e86c                EXTI_GenerateSWInterrupt
 .text.EXTI_GetITStatus
                0x0800e87c       0x1c lib/STM32F10x_StdPeriph_Driver/libstm32fw.a(stm32f10x_exti.o)
                0x0800e87c                EXTI_GetITStatus
 .text.EXTI_ClearITPendingBit
                0x0800e898        0xc lib/STM32F10x_StdPeriph_Driver/libstm32fw.a(stm32f10x_exti.o)
                0x0800e898                EXTI_ClearITPendingBit
 .text.GPIO_Init
                0x0800e8a4       0x90 lib/STM32F10x_StdPeriph_Driver/libstm32fw.a(stm32f10x_gpio.o)
                0x0800e8a4                GPIO_Init
 .text.GPIO_StructInit
                0x0800e934       0x10 lib/STM32F10x_StdPeriph_Driver/libstm32fw.a(stm32f10x_gpio.o)
                0x0800e934                GPIO_StructInit
 .text.GPIO_ReadInputDataBit
                0x0800e944        0xc lib/STM32F10x_StdPeriph_Driver/libstm32fw.a(stm32f10x_gpio.o)
                0x0800e944                GPIO_ReadInputDataBit
 .text.GPIO_SetBits
                0x0800e950        0x4 lib/STM32F10x_StdPeriph_Driver/libstm32fw.a(stm32f10x_gpio.o)
                0x0800e950                GPIO_SetBits
 .text.GPIO_ResetBits
                0x0800e954        0x4 lib/STM32F10x_StdPeriph_Driver/libstm32fw.a(stm32f10x_gpio.o)
                0x0800e954                GPIO_ResetBits
 .text.GPIO_WriteBit
                0x0800e958        0xa lib/STM32F10x_StdPeriph_Driver/libstm32fw.a(stm32f10x_gpio.o)
                0x0800e958                GPIO_WriteBit
 *fill*         0x0800e962        0x2 
 .text.GPIO_PinRemapConfig
                0x0800e964       0x54 lib/STM32F10x_StdPeriph_Driver/libstm32fw.a(stm32f10x_gpio.o)
                0x0800e964                GPIO_PinRemapConfig
 .text.GPIO_EXTILineConfig
                0x0800e9b8       0x2a lib/STM32F10x_StdPeriph_Driver/libstm32fw.a(stm32f10x_gpio.o)
                0x0800e9b8                GPIO_EXTILineConfig
 *fill*         0x0800e9e2        0x2 
 .text.I2C_DeInit
                0x0800e9e4       0x34 lib/STM32F10x_StdPeriph_Driver/libstm32fw.a(stm32f10x_i2c.o)
                0x0800e9e4                I2C_DeInit
 .text.I2C_Init
                0x0800ea18       0xd4 lib/STM32F10x_StdPeriph_Driver/libstm32fw.a(stm32f10x_i2c.o)
                0x0800ea18                I2C_Init
 .text.I2C_Cmd  0x0800eaec       0x18 lib/STM32F10x_StdPeriph_Driver/libstm32fw.a(stm32f10x_i2c.o)
                0x0800eaec                I2C_Cmd
 .text.I2C_GenerateSTART
                0x0800eb04       0x18 lib/STM32F10x_StdPeriph_Driver/libstm32fw.a(stm32f10x_i2c.o)
                0x0800eb04                I2C_GenerateSTART
 .text.I2C_GenerateSTOP
                0x0800eb1c       0x18 lib/STM32F10x_StdPeriph_Driver/libstm32fw.a(stm32f10x_i2c.o)
                0x0800eb1c                I2C_GenerateSTOP
 .text.I2C_AcknowledgeConfig
                0x0800eb34       0x18 lib/STM32F10x_StdPeriph_Driver/libstm32fw.a(stm32f10x_i2c.o)
                0x0800eb34                I2C_AcknowledgeConfig
 .text.I2C_ITConfig
                0x0800eb4c       0x12 lib/STM32F10x_StdPeriph_Driver/libstm32fw.a(stm32f10x_i2c.o)
                0x0800eb4c                I2C_ITConfig
 .text.I2C_SendData
                0x0800eb5e        0x4 lib/STM32F10x_StdPeriph_Driver/libstm32fw.a(stm32f10x_i2c.o)
                0x0800eb5e                I2C_SendData
 .text.I2C_ReceiveData
                0x0800eb62        0x6 lib/STM32F10x_StdPeriph_Driver/libstm32fw.a(stm32f10x_i2c.o)
                0x0800eb62                I2C_ReceiveData
 .text.I2C_Send7bitAddress
                0x0800eb68       0x12 lib/STM32F10x_StdPeriph_Driver/libstm32fw.a(stm32f10x_i2c.o)
                0x0800eb68                I2C_Send7bitAddress
 .text.I2C_SoftwareResetCmd
                0x0800eb7a       0x18 lib/STM32F10x_StdPeriph_Driver/libstm32fw.a(stm32f10x_i2c.o)
                0x0800eb7a                I2C_SoftwareResetCmd
 *fill*         0x0800eb92        0x2 
 .text.IWDG_WriteAccessCmd
                0x0800eb94        0xc lib/STM32F10x_StdPeriph_Driver/libstm32fw.a(stm32f10x_iwdg.o)
                0x0800eb94                IWDG_WriteAccessCmd
 .text.IWDG_SetPrescaler
                0x0800eba0        0xc lib/STM32F10x_StdPeriph_Driver/libstm32fw.a(stm32f10x_iwdg.o)
                0x0800eba0                IWDG_SetPrescaler
 .text.IWDG_SetReload
                0x0800ebac        0xc lib/STM32F10x_StdPeriph_Driver/libstm32fw.a(stm32f10x_iwdg.o)
                0x0800ebac                IWDG_SetReload
 .text.IWDG_ReloadCounter
                0x0800ebb8       0x10 lib/STM32F10x_StdPeriph_Driver/libstm32fw.a(stm32f10x_iwdg.o)
                0x0800ebb8                IWDG_ReloadCounter
 .text.IWDG_Enable
                0x0800ebc8       0x10 lib/STM32F10x_StdPeriph_Driver/libstm32fw.a(stm32f10x_iwdg.o)
                0x0800ebc8                IWDG_Enable
 .text.PWR_DeInit
                0x0800ebd8       0x1a lib/STM32F10x_StdPeriph_Driver/libstm32fw.a(stm32f10x_pwr.o)
                0x0800ebd8                PWR_DeInit
 *fill*         0x0800ebf2        0x2 
 .text.PWR_BackupAccessCmd
                0x0800ebf4        0xc lib/STM32F10x_StdPeriph_Driver/libstm32fw.a(stm32f10x_pwr.o)
                0x0800ebf4                PWR_BackupAccessCmd
 .text.PWR_WakeUpPinCmd
                0x0800ec00        0xc lib/STM32F10x_StdPeriph_Driver/libstm32fw.a(stm32f10x_pwr.o)
                0x0800ec00                PWR_WakeUpPinCmd
 .text.PWR_EnterSTANDBYMode
                0x0800ec0c       0x28 lib/STM32F10x_StdPeriph_Driver/libstm32fw.a(stm32f10x_pwr.o)
                0x0800ec0c                PWR_EnterSTANDBYMode
 .text.RCC_HCLKConfig
                0x0800ec34       0x14 lib/STM32F10x_StdPeriph_Driver/libstm32fw.a(stm32f10x_rcc.o)
                0x0800ec34                RCC_HCLKConfig
 .text.RCC_USBCLKConfig
                0x0800ec48        0xc lib/STM32F10x_StdPeriph_Driver/libstm32fw.a(stm32f10x_rcc.o)
                0x0800ec48                RCC_USBCLKConfig
 .text.RCC_ADCCLKConfig
                0x0800ec54       0x14 lib/STM32F10x_StdPeriph_Driver/libstm32fw.a(stm32f10x_rcc.o)
                0x0800ec54                RCC_ADCCLKConfig
 .text.RCC_LSEConfig
                0x0800ec68       0x20 lib/STM32F10x_StdPeriph_Driver/libstm32fw.a(stm32f10x_rcc.o)
                0x0800ec68                RCC_LSEConfig
 .text.RCC_RTCCLKConfig
                0x0800ec88       0x10 lib/STM32F10x_StdPeriph_Driver/libstm32fw.a(stm32f10x_rcc.o)
                0x0800ec88                RCC_RTCCLKConfig
 .text.RCC_RTCCLKCmd
                0x0800ec98        0xc lib/STM32F10x_StdPeriph_Driver/libstm32fw.a(stm32f10x_rcc.o)
                0x0800ec98                RCC_RTCCLKCmd
 .text.RCC_GetClocksFreq
                0x0800eca4       0x94 lib/STM32F10x_StdPeriph_Driver/libstm32fw.a(stm32f10x_rcc.o)
                0x0800eca4                RCC_GetClocksFreq
 .text.RCC_AHBPeriphClockCmd
                0x0800ed38       0x18 lib/STM32F10x_StdPeriph_Driver/libstm32fw.a(stm32f10x_rcc.o)
                0x0800ed38                RCC_AHBPeriphClockCmd
 .text.RCC_APB2PeriphClockCmd
                0x0800ed50       0x18 lib/STM32F10x_StdPeriph_Driver/libstm32fw.a(stm32f10x_rcc.o)
                0x0800ed50                RCC_APB2PeriphClockCmd
 .text.RCC_APB1PeriphClockCmd
                0x0800ed68       0x18 lib/STM32F10x_StdPeriph_Driver/libstm32fw.a(stm32f10x_rcc.o)
                0x0800ed68                RCC_APB1PeriphClockCmd
 .text.RCC_APB2PeriphResetCmd
                0x0800ed80       0x18 lib/STM32F10x_StdPeriph_Driver/libstm32fw.a(stm32f10x_rcc.o)
                0x0800ed80                RCC_APB2PeriphResetCmd
 .text.RCC_APB1PeriphResetCmd
                0x0800ed98       0x18 lib/STM32F10x_StdPeriph_Driver/libstm32fw.a(stm32f10x_rcc.o)
                0x0800ed98                RCC_APB1PeriphResetCmd
 .text.RCC_BackupResetCmd
                0x0800edb0        0xc lib/STM32F10x_StdPeriph_Driver/libstm32fw.a(stm32f10x_rcc.o)
                0x0800edb0                RCC_BackupResetCmd
 .text.RCC_GetFlagStatus
                0x0800edbc       0x28 lib/STM32F10x_StdPeriph_Driver/libstm32fw.a(stm32f10x_rcc.o)
                0x0800edbc                RCC_GetFlagStatus
 .text.RTC_EnterConfigMode
                0x0800ede4       0x14 lib/STM32F10x_StdPeriph_Driver/libstm32fw.a(stm32f10x_rtc.o)
                0x0800ede4                RTC_EnterConfigMode
 .text.RTC_ExitConfigMode
                0x0800edf8       0x14 lib/STM32F10x_StdPeriph_Driver/libstm32fw.a(stm32f10x_rtc.o)
                0x0800edf8                RTC_ExitConfigMode
 .text.RTC_GetCounter
                0x0800ee0c       0x14 lib/STM32F10x_StdPeriph_Driver/libstm32fw.a(stm32f10x_rtc.o)
                0x0800ee0c                RTC_GetCounter
 .text.RTC_SetCounter
                0x0800ee20       0x20 lib/STM32F10x_StdPeriph_Driver/libstm32fw.a(stm32f10x_rtc.o)
                0x0800ee20                RTC_SetCounter
 .text.RTC_SetPrescaler
                0x0800ee40       0x20 lib/STM32F10x_StdPeriph_Driver/libstm32fw.a(stm32f10x_rtc.o)
                0x0800ee40                RTC_SetPrescaler
 .text.RTC_WaitForLastTask
                0x0800ee60       0x10 lib/STM32F10x_StdPeriph_Driver/libstm32fw.a(stm32f10x_rtc.o)
                0x0800ee60                RTC_WaitForLastTask
 .text.RTC_WaitForSynchro
                0x0800ee70       0x1c lib/STM32F10x_StdPeriph_Driver/libstm32fw.a(stm32f10x_rtc.o)
                0x0800ee70                RTC_WaitForSynchro
 .text.SPI_Init
                0x0800ee8c       0x3e lib/STM32F10x_StdPeriph_Driver/libstm32fw.a(stm32f10x_spi.o)
                0x0800ee8c                SPI_Init
 .text.SPI_StructInit
                0x0800eeca       0x18 lib/STM32F10x_StdPeriph_Driver/libstm32fw.a(stm32f10x_spi.o)
                0x0800eeca                SPI_StructInit
 .text.SPI_Cmd  0x0800eee2       0x18 lib/STM32F10x_StdPeriph_Driver/libstm32fw.a(stm32f10x_spi.o)
                0x0800eee2                SPI_Cmd
 .text.SPI_I2S_DMACmd
                0x0800eefa       0x12 lib/STM32F10x_StdPeriph_Driver/libstm32fw.a(stm32f10x_spi.o)
                0x0800eefa                SPI_I2S_DMACmd
 .text.SPI_I2S_SendData
                0x0800ef0c        0x4 lib/STM32F10x_StdPeriph_Driver/libstm32fw.a(stm32f10x_spi.o)
                0x0800ef0c                SPI_I2S_SendData
 .text.SPI_I2S_ReceiveData
                0x0800ef10        0x6 lib/STM32F10x_StdPeriph_Driver/libstm32fw.a(stm32f10x_spi.o)
                0x0800ef10                SPI_I2S_ReceiveData
 .text.SPI_CalculateCRC
                0x0800ef16       0x18 lib/STM32F10x_StdPeriph_Driver/libstm32fw.a(stm32f10x_spi.o)
                0x0800ef16                SPI_CalculateCRC
 .text.SPI_I2S_GetFlagStatus
                0x0800ef2e        0xc lib/STM32F10x_StdPeriph_Driver/libstm32fw.a(stm32f10x_spi.o)
                0x0800ef2e                SPI_I2S_GetFlagStatus
 *fill*         0x0800ef3a        0x2 
 .text.TIM_DeInit
                0x0800ef3c       0xc8 lib/STM32F10x_StdPeriph_Driver/libstm32fw.a(stm32f10x_tim.o)
                0x0800ef3c                TIM_DeInit
 .text.TIM_TimeBaseInit
                0x0800f004       0x3c lib/STM32F10x_StdPeriph_Driver/libstm32fw.a(stm32f10x_tim.o)
                0x0800f004                TIM_TimeBaseInit
 .text.TIM_OC4Init
                0x0800f040       0x68 lib/STM32F10x_StdPeriph_Driver/libstm32fw.a(stm32f10x_tim.o)
                0x0800f040                TIM_OC4Init
 .text.TIM_Cmd  0x0800f0a8       0x18 lib/STM32F10x_StdPeriph_Driver/libstm32fw.a(stm32f10x_tim.o)
                0x0800f0a8                TIM_Cmd
 .text.TIM_OC4PreloadConfig
                0x0800f0c0       0x14 lib/STM32F10x_StdPeriph_Driver/libstm32fw.a(stm32f10x_tim.o)
                0x0800f0c0                TIM_OC4PreloadConfig
 .text.USART_DeInit
                0x0800f0d4       0x98 lib/STM32F10x_StdPeriph_Driver/libstm32fw.a(stm32f10x_usart.o)
                0x0800f0d4                USART_DeInit
 .text.USART_Init
                0x0800f16c       0x88 lib/STM32F10x_StdPeriph_Driver/libstm32fw.a(stm32f10x_usart.o)
                0x0800f16c                USART_Init
 .text.USART_Cmd
                0x0800f1f4       0x18 lib/STM32F10x_StdPeriph_Driver/libstm32fw.a(stm32f10x_usart.o)
                0x0800f1f4                USART_Cmd
 .text.USART_ITConfig
                0x0800f20c       0x32 lib/STM32F10x_StdPeriph_Driver/libstm32fw.a(stm32f10x_usart.o)
                0x0800f20c                USART_ITConfig
 .text.USART_DMACmd
                0x0800f23e       0x12 lib/STM32F10x_StdPeriph_Driver/libstm32fw.a(stm32f10x_usart.o)
                0x0800f23e                USART_DMACmd
 .text.USART_SendData
                0x0800f250        0x8 lib/STM32F10x_StdPeriph_Driver/libstm32fw.a(stm32f10x_usart.o)
                0x0800f250                USART_SendData
 .text.USART_ReceiveData
                0x0800f258        0x8 lib/STM32F10x_StdPeriph_Driver/libstm32fw.a(stm32f10x_usart.o)
                0x0800f258                USART_ReceiveData
 .text.USART_GetFlagStatus
                0x0800f260        0xc lib/STM32F10x_StdPeriph_Driver/libstm32fw.a(stm32f10x_usart.o)
                0x0800f260                USART_GetFlagStatus
 .text.USART_GetITStatus
                0x0800f26c       0x3e lib/STM32F10x_StdPeriph_Driver/libstm32fw.a(stm32f10x_usart.o)
                0x0800f26c                USART_GetITStatus
 .text.USART_ClearITPendingBit
                0x0800f2aa        0xe lib/STM32F10x_StdPeriph_Driver/libstm32fw.a(stm32f10x_usart.o)
                0x0800f2aa                USART_ClearITPendingBit
 .text.Standard_GetConfiguration
                0x0800f2b8       0x24 lib/STM32_USB-FS-Device_Driver/libstm32usb.a(usb_core.o)
                0x0800f2b8                Standard_GetConfiguration
 .text.Standard_GetInterface
                0x0800f2dc       0x24 lib/STM32_USB-FS-Device_Driver/libstm32usb.a(usb_core.o)
                0x0800f2dc                Standard_GetInterface
 .text.Standard_GetStatus
                0x0800f300       0x90 lib/STM32_USB-FS-Device_Driver/libstm32usb.a(usb_core.o)
                0x0800f300                Standard_GetStatus
 .text.DataStageIn
                0x0800f390       0xac lib/STM32_USB-FS-Device_Driver/libstm32usb.a(usb_core.o)
 .text.Standard_SetConfiguration
                0x0800f43c       0x38 lib/STM32_USB-FS-Device_Driver/libstm32usb.a(usb_core.o)
                0x0800f43c                Standard_SetConfiguration
 .text.Standard_SetInterface
                0x0800f474       0x48 lib/STM32_USB-FS-Device_Driver/libstm32usb.a(usb_core.o)
                0x0800f474                Standard_SetInterface
 .text.Standard_ClearFeature
                0x0800f4bc       0xd8 lib/STM32_USB-FS-Device_Driver/libstm32usb.a(usb_core.o)
                0x0800f4bc                Standard_ClearFeature
 .text.Standard_SetEndPointFeature
                0x0800f594       0x8c lib/STM32_USB-FS-Device_Driver/libstm32usb.a(usb_core.o)
                0x0800f594                Standard_SetEndPointFeature
 .text.Standard_SetDeviceFeature
                0x0800f620       0x24 lib/STM32_USB-FS-Device_Driver/libstm32usb.a(usb_core.o)
                0x0800f620                Standard_SetDeviceFeature
 .text.Standard_GetDescriptorData
                0x0800f644       0x1c lib/STM32_USB-FS-Device_Driver/libstm32usb.a(usb_core.o)
                0x0800f644                Standard_GetDescriptorData
 .text.Post0_Process
                0x0800f660       0x44 lib/STM32_USB-FS-Device_Driver/libstm32usb.a(usb_core.o)
                0x0800f660                Post0_Process
 .text.Setup0_Process
                0x0800f6a4      0x2dc lib/STM32_USB-FS-Device_Driver/libstm32usb.a(usb_core.o)
                0x0800f6a4                Setup0_Process
 .text.Out0_Process
                0x0800f980       0xcc lib/STM32_USB-FS-Device_Driver/libstm32usb.a(usb_core.o)
                0x0800f980                Out0_Process
 .text.SetDeviceAddress
                0x0800fa4c       0x40 lib/STM32_USB-FS-Device_Driver/libstm32usb.a(usb_core.o)
                0x0800fa4c                SetDeviceAddress
 .text.In0_Process
                0x0800fa8c       0x5c lib/STM32_USB-FS-Device_Driver/libstm32usb.a(usb_core.o)
                0x0800fa8c                In0_Process
 .text.NOP_Process
                0x0800fae8        0x2 lib/STM32_USB-FS-Device_Driver/libstm32usb.a(usb_core.o)
                0x0800fae8                NOP_Process
 *fill*         0x0800faea        0x2 
 .text.USB_Init
                0x0800faec       0x34 lib/STM32_USB-FS-Device_Driver/libstm32usb.a(usb_init.o)
                0x0800faec                USB_Init
 .text.CTR_LP   0x0800fb20      0x170 lib/STM32_USB-FS-Device_Driver/libstm32usb.a(usb_int.o)
                0x0800fb20                CTR_LP
 .text.CTR_HP   0x0800fc90       0x74 lib/STM32_USB-FS-Device_Driver/libstm32usb.a(usb_int.o)
                0x0800fc90                CTR_HP
 .text.UserToPMABufferCopy
                0x0800fd04       0x30 lib/STM32_USB-FS-Device_Driver/libstm32usb.a(usb_mem.o)
                0x0800fd04                UserToPMABufferCopy
 .text.PMAToUserBufferCopy
                0x0800fd34       0x24 lib/STM32_USB-FS-Device_Driver/libstm32usb.a(usb_mem.o)
                0x0800fd34                PMAToUserBufferCopy
 .text.SetBTABLE
                0x0800fd58       0x10 lib/STM32_USB-FS-Device_Driver/libstm32usb.a(usb_regs.o)
                0x0800fd58                SetBTABLE
 .text.SetEPType
                0x0800fd68       0x1c lib/STM32_USB-FS-Device_Driver/libstm32usb.a(usb_regs.o)
                0x0800fd68                SetEPType
 .text.SetEPTxStatus
                0x0800fd84       0x32 lib/STM32_USB-FS-Device_Driver/libstm32usb.a(usb_regs.o)
                0x0800fd84                SetEPTxStatus
 .text.SetEPRxStatus
                0x0800fdb6       0x32 lib/STM32_USB-FS-Device_Driver/libstm32usb.a(usb_regs.o)
                0x0800fdb6                SetEPRxStatus
 .text.SetEPRxValid
                0x0800fde8       0x26 lib/STM32_USB-FS-Device_Driver/libstm32usb.a(usb_regs.o)
                0x0800fde8                SetEPRxValid
 .text.Clear_Status_Out
                0x0800fe0e       0x20 lib/STM32_USB-FS-Device_Driver/libstm32usb.a(usb_regs.o)
                0x0800fe0e                Clear_Status_Out
 .text.ClearDTOG_RX
                0x0800fe2e       0x26 lib/STM32_USB-FS-Device_Driver/libstm32usb.a(usb_regs.o)
                0x0800fe2e                ClearDTOG_RX
 .text.ClearDTOG_TX
                0x0800fe54       0x26 lib/STM32_USB-FS-Device_Driver/libstm32usb.a(usb_regs.o)
                0x0800fe54                ClearDTOG_TX
 *fill*         0x0800fe7a        0x2 
 .text.SetEPTxAddr
                0x0800fe7c       0x20 lib/STM32_USB-FS-Device_Driver/libstm32usb.a(usb_regs.o)
                0x0800fe7c                SetEPTxAddr
 .text.SetEPRxAddr
                0x0800fe9c       0x20 lib/STM32_USB-FS-Device_Driver/libstm32usb.a(usb_regs.o)
                0x0800fe9c                SetEPRxAddr
 .text.GetEPTxAddr
                0x0800febc       0x20 lib/STM32_USB-FS-Device_Driver/libstm32usb.a(usb_regs.o)
                0x0800febc                GetEPTxAddr
 .text.GetEPRxAddr
                0x0800fedc       0x20 lib/STM32_USB-FS-Device_Driver/libstm32usb.a(usb_regs.o)
                0x0800fedc                GetEPRxAddr
 .text.SetEPTxCount
                0x0800fefc       0x1c lib/STM32_USB-FS-Device_Driver/libstm32usb.a(usb_regs.o)
                0x0800fefc                SetEPTxCount
 .text.SetEPRxCount
                0x0800ff18       0x40 lib/STM32_USB-FS-Device_Driver/libstm32usb.a(usb_regs.o)
                0x0800ff18                SetEPRxCount
 .text.GetEPRxCount
                0x0800ff58       0x20 lib/STM32_USB-FS-Device_Driver/libstm32usb.a(usb_regs.o)
                0x0800ff58                GetEPRxCount
 .text.ByteSwap
                0x0800ff78        0xa lib/STM32_USB-FS-Device_Driver/libstm32usb.a(usb_regs.o)
                0x0800ff78                ByteSwap
 *fill*         0x0800ff82        0x2 
 .text.USB_SIL_Init
                0x0800ff84       0x20 lib/STM32_USB-FS-Device_Driver/libstm32usb.a(usb_sil.o)
                0x0800ff84                USB_SIL_Init
 .text.USB_SIL_Write
                0x0800ffa4       0x28 lib/STM32_USB-FS-Device_Driver/libstm32usb.a(usb_sil.o)
                0x0800ffa4                USB_SIL_Write
 .text.USB_SIL_Read
                0x0800ffcc       0x24 lib/STM32_USB-FS-Device_Driver/libstm32usb.a(usb_sil.o)
                0x0800ffcc                USB_SIL_Read
 .text.memset   0x0800fff0       0x9c /home/laurence/ARM-GCC/gcc-arm-none-eabi-5_3-2016q1/bin/../lib/gcc/arm-none-eabi/5.3.1/../../../../arm-none-eabi/lib/armv7-m/libg.a(lib_a-memset.o)
                0x0800fff0                memset
 .text.srand    0x0801008c       0x14 /home/laurence/ARM-GCC/gcc-arm-none-eabi-5_3-2016q1/bin/../lib/gcc/arm-none-eabi/5.3.1/../../../../arm-none-eabi/lib/armv7-m/libg.a(lib_a-rand.o)
                0x0801008c                srand
 .text.rand     0x080100a0       0x40 /home/laurence/ARM-GCC/gcc-arm-none-eabi-5_3-2016q1/bin/../lib/gcc/arm-none-eabi/5.3.1/../../../../arm-none-eabi/lib/armv7-m/libg.a(lib_a-rand.o)
                0x080100a0                rand
 .text.roundf   0x080100e0       0x48 /home/laurence/ARM-GCC/gcc-arm-none-eabi-5_3-2016q1/bin/../lib/gcc/arm-none-eabi/5.3.1/../../../../arm-none-eabi/lib/armv7-m/libm.a(lib_a-sf_round.o)
                0x080100e0                roundf
 .text.sinf     0x08010128       0x7c /home/laurence/ARM-GCC/gcc-arm-none-eabi-5_3-2016q1/bin/../lib/gcc/arm-none-eabi/5.3.1/../../../../arm-none-eabi/lib/armv7-m/libm.a(lib_a-sf_sin.o)
                0x08010128                sinf
 .text.atan2    0x080101a4        0x4 /home/laurence/ARM-GCC/gcc-arm-none-eabi-5_3-2016q1/bin/../lib/gcc/arm-none-eabi/5.3.1/../../../../arm-none-eabi/lib/armv7-m/libm.a(lib_a-w_atan2.o)
                0x080101a4                atan2
 .text.acosf    0x080101a8       0xa4 /home/laurence/ARM-GCC/gcc-arm-none-eabi-5_3-2016q1/bin/../lib/gcc/arm-none-eabi/5.3.1/../../../../arm-none-eabi/lib/armv7-m/libm.a(lib_a-wf_acos.o)
                0x080101a8                acosf
 .text.atan2f   0x0801024c        0x4 /home/laurence/ARM-GCC/gcc-arm-none-eabi-5_3-2016q1/bin/../lib/gcc/arm-none-eabi/5.3.1/../../../../arm-none-eabi/lib/armv7-m/libm.a(lib_a-wf_atan2.o)
                0x0801024c                atan2f
 .text.sqrtf    0x08010250       0x9c /home/laurence/ARM-GCC/gcc-arm-none-eabi-5_3-2016q1/bin/../lib/gcc/arm-none-eabi/5.3.1/../../../../arm-none-eabi/lib/armv7-m/libm.a(lib_a-wf_sqrt.o)
                0x08010250                sqrtf
 *fill*         0x080102ec        0x4 
 .text.__ieee754_atan2
                0x080102f0      0x194 /home/laurence/ARM-GCC/gcc-arm-none-eabi-5_3-2016q1/bin/../lib/gcc/arm-none-eabi/5.3.1/../../../../arm-none-eabi/lib/armv7-m/libm.a(lib_a-e_atan2.o)
                0x080102f0                __ieee754_atan2
 .text.__ieee754_acosf
                0x08010484      0x2c8 /home/laurence/ARM-GCC/gcc-arm-none-eabi-5_3-2016q1/bin/../lib/gcc/arm-none-eabi/5.3.1/../../../../arm-none-eabi/lib/armv7-m/libm.a(lib_a-ef_acos.o)
                0x08010484                __ieee754_acosf
 .text.__ieee754_atan2f
                0x0801074c      0x124 /home/laurence/ARM-GCC/gcc-arm-none-eabi-5_3-2016q1/bin/../lib/gcc/arm-none-eabi/5.3.1/../../../../arm-none-eabi/lib/armv7-m/libm.a(lib_a-ef_atan2.o)
                0x0801074c                __ieee754_atan2f
 .text.__ieee754_rem_pio2f
                0x08010870      0x2e4 /home/laurence/ARM-GCC/gcc-arm-none-eabi-5_3-2016q1/bin/../lib/gcc/arm-none-eabi/5.3.1/../../../../arm-none-eabi/lib/armv7-m/libm.a(lib_a-ef_rem_pio2.o)
                0x08010870                __ieee754_rem_pio2f
 .text.__ieee754_sqrtf
                0x08010b54       0xa8 /home/laurence/ARM-GCC/gcc-arm-none-eabi-5_3-2016q1/bin/../lib/gcc/arm-none-eabi/5.3.1/../../../../arm-none-eabi/lib/armv7-m/libm.a(lib_a-ef_sqrt.o)
                0x08010b54                __ieee754_sqrtf
 .text.__kernel_cosf
                0x08010bfc      0x188 /home/laurence/ARM-GCC/gcc-arm-none-eabi-5_3-2016q1/bin/../lib/gcc/arm-none-eabi/5.3.1/../../../../arm-none-eabi/lib/armv7-m/libm.a(lib_a-kf_cos.o)
                0x08010bfc                __kernel_cosf
 .text.__kernel_rem_pio2f
                0x08010d84      0x6a8 /home/laurence/ARM-GCC/gcc-arm-none-eabi-5_3-2016q1/bin/../lib/gcc/arm-none-eabi/5.3.1/../../../../arm-none-eabi/lib/armv7-m/libm.a(lib_a-kf_rem_pio2.o)
                0x08010d84                __kernel_rem_pio2f
 .text.__kernel_sinf
                0x0801142c       0xec /home/laurence/ARM-GCC/gcc-arm-none-eabi-5_3-2016q1/bin/../lib/gcc/arm-none-eabi/5.3.1/../../../../arm-none-eabi/lib/armv7-m/libm.a(lib_a-kf_sin.o)
                0x0801142c                __kernel_sinf
 .text.atan     0x08011518      0x33c /home/laurence/ARM-GCC/gcc-arm-none-eabi-5_3-2016q1/bin/../lib/gcc/arm-none-eabi/5.3.1/../../../../arm-none-eabi/lib/armv7-m/libm.a(lib_a-s_atan.o)
                0x08011518                atan
 .text.fabs     0x08011854        0x8 /home/laurence/ARM-GCC/gcc-arm-none-eabi-5_3-2016q1/bin/../lib/gcc/arm-none-eabi/5.3.1/../../../../arm-none-eabi/lib/armv7-m/libm.a(lib_a-s_fabs.o)
                0x08011854                fabs
 .text.matherr  0x0801185c        0x4 /home/laurence/ARM-GCC/gcc-arm-none-eabi-5_3-2016q1/bin/../lib/gcc/arm-none-eabi/5.3.1/../../../../arm-none-eabi/lib/armv7-m/libm.a(lib_a-s_matherr.o)
                0x0801185c                matherr
 .text.nan      0x08011860        0xc /home/laurence/ARM-GCC/gcc-arm-none-eabi-5_3-2016q1/bin/../lib/gcc/arm-none-eabi/5.3.1/../../../../arm-none-eabi/lib/armv7-m/libm.a(lib_a-s_nan.o)
                0x08011860                nan
 .text.atanf    0x0801186c      0x22c /home/laurence/ARM-GCC/gcc-arm-none-eabi-5_3-2016q1/bin/../lib/gcc/arm-none-eabi/5.3.1/../../../../arm-none-eabi/lib/armv7-m/libm.a(lib_a-sf_atan.o)
                0x0801186c                atanf
 .text.fabsf    0x08011a98        0x8 /home/laurence/ARM-GCC/gcc-arm-none-eabi-5_3-2016q1/bin/../lib/gcc/arm-none-eabi/5.3.1/../../../../arm-none-eabi/lib/armv7-m/libm.a(lib_a-sf_fabs.o)
                0x08011a98                fabsf
 .text.floorf   0x08011aa0       0x8c /home/laurence/ARM-GCC/gcc-arm-none-eabi-5_3-2016q1/bin/../lib/gcc/arm-none-eabi/5.3.1/../../../../arm-none-eabi/lib/armv7-m/libm.a(lib_a-sf_floor.o)
                0x08011aa0                floorf
 .text.scalbnf  0x08011b2c       0xb0 /home/laurence/ARM-GCC/gcc-arm-none-eabi-5_3-2016q1/bin/../lib/gcc/arm-none-eabi/5.3.1/../../../../arm-none-eabi/lib/armv7-m/libm.a(lib_a-sf_scalbn.o)
                0x08011b2c                scalbnf
 .text.copysignf
                0x08011bdc        0xc /home/laurence/ARM-GCC/gcc-arm-none-eabi-5_3-2016q1/bin/../lib/gcc/arm-none-eabi/5.3.1/../../../../arm-none-eabi/lib/armv7-m/libm.a(lib_a-sf_copysign.o)
                0x08011bdc                copysignf
 .text.__errno  0x08011be8        0xc /home/laurence/ARM-GCC/gcc-arm-none-eabi-5_3-2016q1/bin/../lib/gcc/arm-none-eabi/5.3.1/../../../../arm-none-eabi/lib/armv7-m/libg.a(lib_a-errno.o)
                0x08011be8                __errno
 .text.malloc   0x08011bf4       0x10 /home/laurence/ARM-GCC/gcc-arm-none-eabi-5_3-2016q1/bin/../lib/gcc/arm-none-eabi/5.3.1/../../../../arm-none-eabi/lib/armv7-m/libg.a(lib_a-malloc.o)
                0x08011bf4                malloc
 .text._malloc_r
                0x08011c04      0x558 /home/laurence/ARM-GCC/gcc-arm-none-eabi-5_3-2016q1/bin/../lib/gcc/arm-none-eabi/5.3.1/../../../../arm-none-eabi/lib/armv7-m/libg.a(lib_a-mallocr.o)
                0x08011c04                _malloc_r
 .text.memcmp   0x0801215c       0x64 /home/laurence/ARM-GCC/gcc-arm-none-eabi-5_3-2016q1/bin/../lib/gcc/arm-none-eabi/5.3.1/../../../../arm-none-eabi/lib/armv7-m/libg.a(lib_a-memcmp.o)
                0x0801215c                memcmp
 .text.__malloc_lock
                0x080121c0        0x4 /home/laurence/ARM-GCC/gcc-arm-none-eabi-5_3-2016q1/bin/../lib/gcc/arm-none-eabi/5.3.1/../../../../arm-none-eabi/lib/armv7-m/libg.a(lib_a-mlock.o)
                0x080121c0                __malloc_lock
 .text.__malloc_unlock
                0x080121c4        0x4 /home/laurence/ARM-GCC/gcc-arm-none-eabi-5_3-2016q1/bin/../lib/gcc/arm-none-eabi/5.3.1/../../../../arm-none-eabi/lib/armv7-m/libg.a(lib_a-mlock.o)
                0x080121c4                __malloc_unlock
 .text._sbrk_r  0x080121c8       0x24 /home/laurence/ARM-GCC/gcc-arm-none-eabi-5_3-2016q1/bin/../lib/gcc/arm-none-eabi/5.3.1/../../../../arm-none-eabi/lib/armv7-m/libg.a(lib_a-sbrkr.o)
                0x080121c8                _sbrk_r
 .text.strlen   0x080121ec       0x5c /home/laurence/ARM-GCC/gcc-arm-none-eabi-5_3-2016q1/bin/../lib/gcc/arm-none-eabi/5.3.1/../../../../arm-none-eabi/lib/armv7-m/libg.a(lib_a-strlen-stub.o)
                0x080121ec                strlen
 .text._malloc_trim_r
                0x08012248       0x9c /home/laurence/ARM-GCC/gcc-arm-none-eabi-5_3-2016q1/bin/../lib/gcc/arm-none-eabi/5.3.1/../../../../arm-none-eabi/lib/armv7-m/libg.a(lib_a-freer.o)
                0x08012248                _malloc_trim_r
 .text._free_r  0x080122e4      0x1d0 /home/laurence/ARM-GCC/gcc-arm-none-eabi-5_3-2016q1/bin/../lib/gcc/arm-none-eabi/5.3.1/../../../../arm-none-eabi/lib/armv7-m/libg.a(lib_a-freer.o)
                0x080122e4                _free_r
 .text._sbrk    0x080124b4       0x1c /home/laurence/ARM-GCC/gcc-arm-none-eabi-5_3-2016q1/bin/../lib/gcc/arm-none-eabi/5.3.1/../../../../arm-none-eabi/lib/armv7-m/libnosys.a(sbrk.o)
                0x080124b4                _sbrk
 *(.rodata)
 .rodata        0x080124d0       0xb8 /tmp/ccTDBsZX.ltrans0.ltrans.o
                0x08012578                DaysInMonth.lto_priv.92
                0x08012584                SystemFrequency
 .rodata        0x08012588      0x3d0 /tmp/ccTDBsZX.ltrans5.ltrans.o
                0x08012588                LfnOfs.lto_priv.96
 .rodata        0x08012958      0x180 /tmp/ccTDBsZX.ltrans6.ltrans.o
 .rodata        0x08012ad8       0xac /tmp/ccTDBsZX.ltrans15.ltrans.o
 *(.rodata*)
 .rodata.str1.4
                0x08012b84      0x41a /tmp/ccTDBsZX.ltrans0.ltrans.o
                                0x42a (size before relaxing)
 *fill*         0x08012f9e        0x2 
 .rodata.str1.4
                0x08012fa0        0x6 /tmp/ccTDBsZX.ltrans4.ltrans.o
 *fill*         0x08012fa6        0x2 
 .rodata.str1.4
                0x08012fa8       0x13 /tmp/ccTDBsZX.ltrans6.ltrans.o
 *fill*         0x08012fbb        0x1 
 .rodata.str1.4
                0x08012fbc        0x9 /tmp/ccTDBsZX.ltrans10.ltrans.o
 *fill*         0x08012fc5        0x3 
 .rodata.str1.4
                0x08012fc8        0x2 /home/laurence/ARM-GCC/gcc-arm-none-eabi-5_3-2016q1/bin/../lib/gcc/arm-none-eabi/5.3.1/../../../../arm-none-eabi/lib/armv7-m/libg.a(lib_a-impure.o)
 *fill*         0x08012fca        0x2 
 .rodata.str1.4
                0x08012fcc        0x6 /home/laurence/ARM-GCC/gcc-arm-none-eabi-5_3-2016q1/bin/../lib/gcc/arm-none-eabi/5.3.1/../../../../arm-none-eabi/lib/armv7-m/libm.a(lib_a-wf_acos.o)
                                  0x9 (size before relaxing)
 *fill*         0x08012fd2        0x2 
 .rodata.str1.4
                0x08012fd4        0x8 /home/laurence/ARM-GCC/gcc-arm-none-eabi-5_3-2016q1/bin/../lib/gcc/arm-none-eabi/5.3.1/../../../../arm-none-eabi/lib/armv7-m/libm.a(lib_a-wf_sqrt.o)
                                  0x6 (size before relaxing)
 .rodata.npio2_hw
                0x08012fdc       0x80 /home/laurence/ARM-GCC/gcc-arm-none-eabi-5_3-2016q1/bin/../lib/gcc/arm-none-eabi/5.3.1/../../../../arm-none-eabi/lib/armv7-m/libm.a(lib_a-ef_rem_pio2.o)
 .rodata.two_over_pi
                0x0801305c      0x318 /home/laurence/ARM-GCC/gcc-arm-none-eabi-5_3-2016q1/bin/../lib/gcc/arm-none-eabi/5.3.1/../../../../arm-none-eabi/lib/armv7-m/libm.a(lib_a-ef_rem_pio2.o)
 .rodata.init_jk
                0x08013374        0xc /home/laurence/ARM-GCC/gcc-arm-none-eabi-5_3-2016q1/bin/../lib/gcc/arm-none-eabi/5.3.1/../../../../arm-none-eabi/lib/armv7-m/libm.a(lib_a-kf_rem_pio2.o)
 .rodata.PIo2   0x08013380       0x2c /home/laurence/ARM-GCC/gcc-arm-none-eabi-5_3-2016q1/bin/../lib/gcc/arm-none-eabi/5.3.1/../../../../arm-none-eabi/lib/armv7-m/libm.a(lib_a-kf_rem_pio2.o)
 *fill*         0x080133ac        0x4 
 .rodata.atanlo
                0x080133b0       0x20 /home/laurence/ARM-GCC/gcc-arm-none-eabi-5_3-2016q1/bin/../lib/gcc/arm-none-eabi/5.3.1/../../../../arm-none-eabi/lib/armv7-m/libm.a(lib_a-s_atan.o)
 .rodata.atanhi
                0x080133d0       0x20 /home/laurence/ARM-GCC/gcc-arm-none-eabi-5_3-2016q1/bin/../lib/gcc/arm-none-eabi/5.3.1/../../../../arm-none-eabi/lib/armv7-m/libm.a(lib_a-s_atan.o)
 .rodata.atanlo
                0x080133f0       0x10 /home/laurence/ARM-GCC/gcc-arm-none-eabi-5_3-2016q1/bin/../lib/gcc/arm-none-eabi/5.3.1/../../../../arm-none-eabi/lib/armv7-m/libm.a(lib_a-sf_atan.o)
 .rodata.atanhi
                0x08013400       0x10 /home/laurence/ARM-GCC/gcc-arm-none-eabi-5_3-2016q1/bin/../lib/gcc/arm-none-eabi/5.3.1/../../../../arm-none-eabi/lib/armv7-m/libm.a(lib_a-sf_atan.o)
 *(.glue_7)
 .glue_7        0x08013410        0x0 linker stubs
 *(.glue_7t)
 .glue_7t       0x08013410        0x0 linker stubs
 *(.init)
 .init          0x08013410        0x4 /home/laurence/ARM-GCC/gcc-arm-none-eabi-5_3-2016q1/bin/../lib/gcc/arm-none-eabi/5.3.1/armv7-m/crti.o
                0x08013410                _init
 .init          0x08013414        0x8 /home/laurence/ARM-GCC/gcc-arm-none-eabi-5_3-2016q1/bin/../lib/gcc/arm-none-eabi/5.3.1/armv7-m/crtn.o
 *(.fini)
 .fini          0x0801341c        0x4 /home/laurence/ARM-GCC/gcc-arm-none-eabi-5_3-2016q1/bin/../lib/gcc/arm-none-eabi/5.3.1/armv7-m/crti.o
                0x0801341c                _fini
 .fini          0x08013420        0x8 /home/laurence/ARM-GCC/gcc-arm-none-eabi-5_3-2016q1/bin/../lib/gcc/arm-none-eabi/5.3.1/armv7-m/crtn.o
                0x08013428                . = ALIGN (0x4)
                0x08013428                _etext = .
                0x08013428                _sidata = _etext

.vfp11_veneer   0x08013428        0x0
 .vfp11_veneer  0x08013428        0x0 linker stubs

.v4_bx          0x08013428        0x0
 .v4_bx         0x08013428        0x0 linker stubs

.iplt           0x08013428        0x0
 .iplt          0x08013428        0x0 /home/laurence/ARM-GCC/gcc-arm-none-eabi-5_3-2016q1/bin/../lib/gcc/arm-none-eabi/5.3.1/armv7-m/crtbegin.o

.rel.dyn        0x08013428        0x0
 .rel.iplt      0x08013428        0x0 /home/laurence/ARM-GCC/gcc-arm-none-eabi-5_3-2016q1/bin/../lib/gcc/arm-none-eabi/5.3.1/armv7-m/crtbegin.o

.flashpatch     0x00000000        0x0
                0x00000000                . = ALIGN (0x4)
 *(.flashpatch)
                0x00000000                . = ALIGN (0x4)

.endflash       0x00000000        0x0
                0x00000000                . = ALIGN (0x4)
 *(.endflash)
                0x00000000                . = ALIGN (0x4)
                0x00000000                _e_endflash = .

.data           0x20000000      0xa38 load address 0x08013428
                0x20000000                . = ALIGN (0x4)
                0x20000000                _sdata = .
                0x20000000                _data = .
 *(.data)
 .data          0x20000000        0x9 /tmp/ccTDBsZX.ltrans0.ltrans.o
                0x20000008                SP1ML_network_address
 *fill*         0x20000009        0x3 
 .data          0x2000000c       0x7c /tmp/ccTDBsZX.ltrans1.ltrans.o
                0x2000006c                pEpInt_OUT
 .data          0x20000088        0x2 /tmp/ccTDBsZX.ltrans2.ltrans.o
 *fill*         0x2000008a        0x2 
 .data          0x2000008c       0x12 /tmp/ccTDBsZX.ltrans3.ltrans.o
                0x2000008c                Scsi_Sense_Data
 *fill*         0x2000009e        0x2 
 .data          0x200000a0        0x2 /tmp/ccTDBsZX.ltrans8.ltrans.o
 *fill*         0x200000a2        0x2 
 .data          0x200000a4       0x24 /tmp/ccTDBsZX.ltrans10.ltrans.o
 .data          0x200000c8        0x1 /tmp/ccTDBsZX.ltrans11.ltrans.o
                0x200000c8                rtc_correction
 *fill*         0x200000c9        0x3 
 .data          0x200000cc       0x7d /tmp/ccTDBsZX.ltrans12.ltrans.o
                0x200000cc                Device_Property
                0x20000100                I2C_jobs
 .data          0x20000149        0x1 /tmp/ccTDBsZX.ltrans14.ltrans.o
                0x20000149                Stat.lto_priv.67
 *fill*         0x2000014a        0x2 
 .data          0x2000014c       0x78 /tmp/ccTDBsZX.ltrans15.ltrans.o
                0x200001a0                User_Standard_Requests
 .data          0x200001c4       0x20 /tmp/ccTDBsZX.ltrans16.ltrans.o
                0x200001c4                Device_Table
                0x200001c8                pEpInt_IN
 *(.data.*)
 .data.ADCPrescTable
                0x200001e4        0x4 lib/STM32F10x_StdPeriph_Driver/libstm32fw.a(stm32f10x_rcc.o)
 .data.APBAHBPrescTable
                0x200001e8       0x10 lib/STM32F10x_StdPeriph_Driver/libstm32fw.a(stm32f10x_rcc.o)
 .data.impure_data
                0x200001f8      0x428 /home/laurence/ARM-GCC/gcc-arm-none-eabi-5_3-2016q1/bin/../lib/gcc/arm-none-eabi/5.3.1/../../../../arm-none-eabi/lib/armv7-m/libg.a(lib_a-impure.o)
 .data._impure_ptr
                0x20000620        0x4 /home/laurence/ARM-GCC/gcc-arm-none-eabi-5_3-2016q1/bin/../lib/gcc/arm-none-eabi/5.3.1/../../../../arm-none-eabi/lib/armv7-m/libg.a(lib_a-impure.o)
                0x20000620                _impure_ptr
 .data.__fdlib_version
                0x20000624        0x1 /home/laurence/ARM-GCC/gcc-arm-none-eabi-5_3-2016q1/bin/../lib/gcc/arm-none-eabi/5.3.1/../../../../arm-none-eabi/lib/armv7-m/libm.a(lib_a-s_lib_ver.o)
                0x20000624                __fdlib_version
 *fill*         0x20000625        0x3 
 .data.__malloc_av_
                0x20000628      0x408 /home/laurence/ARM-GCC/gcc-arm-none-eabi-5_3-2016q1/bin/../lib/gcc/arm-none-eabi/5.3.1/../../../../arm-none-eabi/lib/armv7-m/libg.a(lib_a-mallocr.o)
                0x20000628                __malloc_av_
 .data.__malloc_trim_threshold
                0x20000a30        0x4 /home/laurence/ARM-GCC/gcc-arm-none-eabi-5_3-2016q1/bin/../lib/gcc/arm-none-eabi/5.3.1/../../../../arm-none-eabi/lib/armv7-m/libg.a(lib_a-mallocr.o)
                0x20000a30                __malloc_trim_threshold
 .data.__malloc_sbrk_base
                0x20000a34        0x4 /home/laurence/ARM-GCC/gcc-arm-none-eabi-5_3-2016q1/bin/../lib/gcc/arm-none-eabi/5.3.1/../../../../arm-none-eabi/lib/armv7-m/libg.a(lib_a-mallocr.o)
                0x20000a34                __malloc_sbrk_base
 *(.RAMtext)
                0x20000a38                . = ALIGN (0x4)
                0x20000a38                _edata = .
                0x08013e60                _eidata = (_sidata + (_edata - _sdata))
                0x08020000                _lastdataromaddress = (ORIGIN (FLASH) + LENGTH (FLASH))
                0x00000000                toobig = (_eidata > _lastdataromaddress)?!!!!!!!!! FLASH IS FULL !!!!!!!!!:0x0

.igot.plt       0x20000a38        0x0 load address 0x08013e60
 .igot.plt      0x20000a38        0x0 /home/laurence/ARM-GCC/gcc-arm-none-eabi-5_3-2016q1/bin/../lib/gcc/arm-none-eabi/5.3.1/armv7-m/crtbegin.o

.bss            0x20000a38     0x1398 load address 0x08013e60
                0x20000a38                . = ALIGN (0x4)
                0x20000a38                _sbss = .
                0x20000a38                _bss = .
 *(.bss)
 .bss           0x20000a38      0x70c /tmp/ccTDBsZX.ltrans0.ltrans.o
                0x20000e60                bootsource
                0x20000e64                Millis
                0x20000e6c                rputchar.lto_priv.89
                0x20000e70                Status
                0x20000e74                Data_Buffer
                0x20000e78                bDeviceState
                0x20000e7c                Battery_Voltage
                0x20000e80                Jobs
                0x20000ebc                file_opened
                0x20000ec0                PI_glob
                0x20000ed8                I_limits
                0x20000ee4                flashCodeEnabled
                0x20000ef0                GPS_telem
                0x20000f00                flashCode
                0x20000f05                SP1ML_state
                0x20000f09                System_state_Global
                0x20000f0a                Shutdown_System
                0x20001140                FatFs.lto_priv.94
 .bss           0x20001144       0x18 /tmp/ccTDBsZX.ltrans1.ltrans.o
                0x2000114c                SCSI_LBA
                0x20001150                SCSI_BlkLen
 .bss           0x2000115c      0x311 /tmp/ccTDBsZX.ltrans2.ltrans.o
                0x2000115c                Usart1_tx_buff
                0x20001278                Completed_Jobs
                0x2000127c                LSM9DS1_Gyro_Buffer
                0x20001288                IMU_buff
                0x20001328                LSM9DS1_Acc_Buffer
                0x20001330                LSM9DS1_Mag_Buffer
                0x20001340                I2C1error
                0x20001342                I2C_failure
                0x20001404                Filtered_ECG
                0x20001418                SP1ML_tx_rx_state
                0x20001424                SP1ML_tx_sequence_number
                0x20001428                Usart3_rx_buff
                0x20001438                RN42_tx_sequence_number
                0x2000143c                Usart1_rx_buff
                0x20001458                Usart3_tx_buff
                0x20001468                SP1ML_tx_bytes
                0x2000146c                SP1ML_withold
 *fill*         0x2000146d        0x3 
 .bss           0x20001470       0x88 /tmp/ccTDBsZX.ltrans3.ltrans.o
                0x20001470                CBW
                0x20001490                Mass_Block_Count
                0x20001498                Mass_Block_Size
                0x200014a0                Data_Len
                0x200014a8                TransferState
                0x200014b8                Bulk_Data_Buff
 .bss           0x200014f8       0x80 /tmp/ccTDBsZX.ltrans4.ltrans.o
 .bss           0x20001578        0x2 /tmp/ccTDBsZX.ltrans6.ltrans.o
 .bss           0x2000157a        0x4 /tmp/ccTDBsZX.ltrans9.ltrans.o
 *fill*         0x2000157e        0x2 
 .bss           0x20001580        0xc /tmp/ccTDBsZX.ltrans10.ltrans.o
 .bss           0x2000158c      0x304 /tmp/ccTDBsZX.ltrans11.ltrans.o
                0x2000158c                FATFS_wavfile
                0x200017b0                LSM9DS1_Mag_Offset
                0x200017b8                Gps_Buffer
                0x200017c4                wct.lto_priv.70
                0x200017c6                channel_wct_conf.lto_priv.69
                0x200017c7                ADS1298_Error_Status
                0x200017c8                Enable.lto_priv.71
                0x200017cc                ECG_buffers
                0x2000184c                Gain.lto_priv.76
                0x2000184d                Actual_gain.lto_priv.73
                0x2000184e                Cap.lto_priv.72
                0x20001850                old_wct.lto_priv.75
                0x20001852                old_quality_mask.lto_priv.74
                0x2000185c                Gps
                0x2000188f                read_transaction.lto_priv.68
 .bss           0x20001890       0x15 /tmp/ccTDBsZX.ltrans12.ltrans.o
                0x20001890                wIstr
                0x20001894                Timer1.lto_priv.91
 *fill*         0x200018a5        0x3 
 .bss           0x200018a8      0x44d /tmp/ccTDBsZX.ltrans13.ltrans.o
                0x200018ac                FATFS_wavfile_gps
                0x20001ad0                FATFS_wavfile_imu
                0x20001cf4                CurrVol.lto_priv.93
 *fill*         0x20001cf5        0x3 
 .bss           0x20001cf8       0x40 /tmp/ccTDBsZX.ltrans14.ltrans.o
                0x20001cf8                CardType.lto_priv.90
                0x20001cf9                Sd_Spi_Called_From_USB_MSC
                0x20001cfc                CSW
                0x20001d0c                Bot_State
                0x20001d10                print_string
                0x20001d34                Timer2.lto_priv.87
 .bss           0x20001d38        0x6 /tmp/ccTDBsZX.ltrans15.ltrans.o
                0x20001d38                Max_Lun