Archive member included to satisfy reference by file (symbol)

lib/STM32F10x_StdPeriph_Driver/libstm32fw.a(misc.o)
                              interrupts.o (symbol from plugin) (NVIC_PriorityGroupConfig)
lib/STM32F10x_StdPeriph_Driver/libstm32fw.a(stm32f10x_adc.o)
                              adc.o (symbol from plugin) (ADC_DeInit)
lib/STM32F10x_StdPeriph_Driver/libstm32fw.a(stm32f10x_bkp.o)
                              Util/fat_fs/src/rtc.o (symbol from plugin) (BKP_DeInit)
lib/STM32F10x_StdPeriph_Driver/libstm32fw.a(stm32f10x_dbgmcu.o)
                              main.o (symbol from plugin) (DBGMCU_Config)
lib/STM32F10x_StdPeriph_Driver/libstm32fw.a(stm32f10x_dma.o)
                              Util/fat_fs/src/sd_spi_stm32.o (symbol from plugin) (DMA_DeInit)
lib/STM32F10x_StdPeriph_Driver/libstm32fw.a(stm32f10x_exti.o)
                              interrupts.o (symbol from plugin) (EXTI_DeInit)
lib/STM32F10x_StdPeriph_Driver/libstm32fw.a(stm32f10x_gpio.o)
                              Util/fat_fs/src/sd_spi_stm32.o (symbol from plugin) (GPIO_Init)
lib/STM32F10x_StdPeriph_Driver/libstm32fw.a(stm32f10x_i2c.o)
                              i2c_int.o (symbol from plugin) (I2C_DeInit)
lib/STM32F10x_StdPeriph_Driver/libstm32fw.a(stm32f10x_iwdg.o)
                              watchdog.o (symbol from plugin) (IWDG_WriteAccessCmd)
lib/STM32F10x_StdPeriph_Driver/libstm32fw.a(stm32f10x_pwr.o)
                              pwr.o (symbol from plugin) (PWR_DeInit)
lib/STM32F10x_StdPeriph_Driver/libstm32fw.a(stm32f10x_rcc.o)
                              interrupts.o (symbol from plugin) (RCC_HCLKConfig)
lib/STM32F10x_StdPeriph_Driver/libstm32fw.a(stm32f10x_rtc.o)
                              Util/fat_fs/src/rtc.o (symbol from plugin) (RTC_GetCounter)
lib/STM32F10x_StdPeriph_Driver/libstm32fw.a(stm32f10x_spi.o)
                              Util/fat_fs/src/sd_spi_stm32.o (symbol from plugin) (SPI_I2S_DeInit)
lib/STM32F10x_StdPeriph_Driver/libstm32fw.a(stm32f10x_tim.o)
                              timer.o (symbol from plugin) (TIM_DeInit)
lib/STM32F10x_StdPeriph_Driver/libstm32fw.a(stm32f10x_usart.o)
                              Util/rn42_command.o (symbol from plugin) (USART_DeInit)
lib/STM32_USB-FS-Device_Driver/libstm32usb.a(usb_core.o)
                              Util/USB/usb_prop.o (symbol from plugin) (Standard_GetDescriptorData)
lib/STM32_USB-FS-Device_Driver/libstm32usb.a(usb_init.o)
                              main.o (symbol from plugin) (USB_Init)
lib/STM32_USB-FS-Device_Driver/libstm32usb.a(usb_int.o)
                              Util/USB/usb_istr.o (symbol from plugin) (CTR_LP)
lib/STM32_USB-FS-Device_Driver/libstm32usb.a(usb_mem.o)
                              lib/STM32_USB-FS-Device_Driver/libstm32usb.a(usb_core.o) (UserToPMABufferCopy)
lib/STM32_USB-FS-Device_Driver/libstm32usb.a(usb_regs.o)
                              Util/USB/usb_prop.o (symbol from plugin) (SetBTABLE)
lib/STM32_USB-FS-Device_Driver/libstm32usb.a(usb_sil.o)
                              Util/USB/usb_prop.o (symbol from plugin) (USB_SIL_Init)
/home/laurence/ARM-GCC/gcc-arm-none-eabi-5_3-2016q1/bin/../lib/gcc/arm-none-eabi/5.3.1/../../../../arm-none-eabi/lib/armv7-m/libg.a(lib_a-exit.o)
                              /home/laurence/ARM-GCC/gcc-arm-none-eabi-5_3-2016q1/bin/../lib/gcc/arm-none-eabi/5.3.1/../../../../arm-none-eabi/lib/armv7-m/crt0.o (exit)
/home/laurence/ARM-GCC/gcc-arm-none-eabi-5_3-2016q1/bin/../lib/gcc/arm-none-eabi/5.3.1/../../../../arm-none-eabi/lib/armv7-m/libg.a(lib_a-impure.o)
                              /home/laurence/ARM-GCC/gcc-arm-none-eabi-5_3-2016q1/bin/../lib/gcc/arm-none-eabi/5.3.1/../../../../arm-none-eabi/lib/armv7-m/libg.a(lib_a-exit.o) (_global_impure_ptr)
/home/laurence/ARM-GCC/gcc-arm-none-eabi-5_3-2016q1/bin/../lib/gcc/arm-none-eabi/5.3.1/../../../../arm-none-eabi/lib/armv7-m/libg.a(lib_a-init.o)
                              /home/laurence/ARM-GCC/gcc-arm-none-eabi-5_3-2016q1/bin/../lib/gcc/arm-none-eabi/5.3.1/../../../../arm-none-eabi/lib/armv7-m/crt0.o (__libc_init_array)
/home/laurence/ARM-GCC/gcc-arm-none-eabi-5_3-2016q1/bin/../lib/gcc/arm-none-eabi/5.3.1/../../../../arm-none-eabi/lib/armv7-m/libg.a(lib_a-memset.o)
                              /home/laurence/ARM-GCC/gcc-arm-none-eabi-5_3-2016q1/bin/../lib/gcc/arm-none-eabi/5.3.1/../../../../arm-none-eabi/lib/armv7-m/crt0.o (memset)
/home/laurence/ARM-GCC/gcc-arm-none-eabi-5_3-2016q1/bin/../lib/gcc/arm-none-eabi/5.3.1/../../../../arm-none-eabi/lib/armv7-m/libg.a(lib_a-rand.o)
                              Util/sp1ml_command.o (symbol from plugin) (srand)
/home/laurence/ARM-GCC/gcc-arm-none-eabi-5_3-2016q1/bin/../lib/gcc/arm-none-eabi/5.3.1/../../../../arm-none-eabi/lib/armv7-m/libg.a(lib_a-__call_atexit.o)
                              /home/laurence/ARM-GCC/gcc-arm-none-eabi-5_3-2016q1/bin/../lib/gcc/arm-none-eabi/5.3.1/../../../../arm-none-eabi/lib/armv7-m/libg.a(lib_a-exit.o) (__call_exitprocs)
[...]
Memory Configuration

Name             Origin             Length             Attributes
RAM              0x20000000         0x00005000         xrw
FLASH            0x08000000         0x00020000         xr
FLASHB1          0x00000000         0x00000000         xr
EXTMEMB0         0x00000000         0x00000000         xr
EXTMEMB1         0x00000000         0x00000000         xr
EXTMEMB2         0x00000000         0x00000000         xr
EXTMEMB3         0x00000000         0x00000000         xr
STARTFLASH       0x00000000         0xffffffff
CRPPATCH         0x00000000         0xffffffff
FLASHPATCH       0x00000000         0xffffffff
ENDFLASH         0x00000000         0xffffffff
*default*        0x00000000         0xffffffff

Linker script and memory map

LOAD /home/laurence/ARM-GCC/gcc-arm-none-eabi-5_3-2016q1/bin/../lib/gcc/arm-none-eabi/5.3.1/armv7-m/crti.o
LOAD /home/laurence/ARM-GCC/gcc-arm-none-eabi-5_3-2016q1/bin/../lib/gcc/arm-none-eabi/5.3.1/armv7-m/crtbegin.o
LOAD /home/laurence/ARM-GCC/gcc-arm-none-eabi-5_3-2016q1/bin/../lib/gcc/arm-none-eabi/5.3.1/../../../../arm-none-eabi/lib/armv7-m/crt0.o
LOAD Util/USB/hw_config.o
LOAD /tmp/ccZ6BWUH.ltrans0.ltrans.o
LOAD /tmp/ccZ6BWUH.ltrans1.ltrans.o
LOAD /tmp/ccZ6BWUH.ltrans2.ltrans.o
LOAD /tmp/ccZ6BWUH.ltrans3.ltrans.o
LOAD /tmp/ccZ6BWUH.ltrans4.ltrans.o
LOAD /tmp/ccZ6BWUH.ltrans5.ltrans.o
LOAD /tmp/ccZ6BWUH.ltrans6.ltrans.o
LOAD /tmp/ccZ6BWUH.ltrans7.ltrans.o
LOAD /tmp/ccZ6BWUH.ltrans8.ltrans.o
LOAD /tmp/ccZ6BWUH.ltrans9.ltrans.o
LOAD /tmp/ccZ6BWUH.ltrans10.ltrans.o
LOAD /tmp/ccZ6BWUH.ltrans11.ltrans.o
LOAD /tmp/ccZ6BWUH.ltrans12.ltrans.o
LOAD /tmp/ccZ6BWUH.ltrans13.ltrans.o
LOAD /tmp/ccZ6BWUH.ltrans14.ltrans.o
LOAD /tmp/ccZ6BWUH.ltrans15.ltrans.o
LOAD /tmp/ccZ6BWUH.ltrans16.ltrans.o
LOAD Util/USB/mass_mal.o
LOAD Util/USB/memory.o
LOAD Util/USB/scsi_data.o
LOAD Util/USB/usb_bot.o
LOAD Util/USB/usb_desc.o
LOAD Util/USB/usb_endp.o
LOAD Util/USB/usb_istr.o
LOAD Util/USB/usb_prop.o
LOAD Util/USB/usb_pwr.o
LOAD Util/USB/usb_scsi.o
LOAD Util/buffer.o
LOAD Util/data_alignment.o
LOAD Util/dcm_attitude.o
LOAD Util/delay.o
LOAD Util/fat_fs/option/ccsbcs.o
LOAD Util/fat_fs/src/fattime.o
LOAD Util/fat_fs/src/ff.o
LOAD Util/fat_fs/src/rtc.o
LOAD Util/fat_fs/src/sd_spi_stm32.o
LOAD Util/filter.o
LOAD Util/load_setting.o
LOAD Util/rn42_command.o
LOAD Util/rn42_conf.o
LOAD Util/rprintf.o
LOAD Util/rtc_correct.o
LOAD Util/sp1ml_command.o
LOAD Util/wave.o
LOAD adc.o
LOAD bootload.o
LOAD dma.o
LOAD gpio.o
LOAD i2c_int.o
LOAD interrupts.o
LOAD lib/CMSIS_CM3/core_cm3.o
LOAD lib/CMSIS_CM3/startup/gcc/startup_stm32f10x_md.o
LOAD lib/CMSIS_CM3/system_stm32f10x.o
LOAD main.o
LOAD pwr.o
LOAD timer.o
LOAD usart.o
LOAD watchdog.o
LOAD Sensors/ads1298.o
LOAD Sensors/lsm9ds1.o
LOAD Sensors/ubx.o
LOAD lib/STM32F10x_StdPeriph_Driver/libstm32fw.a
LOAD lib/STM32_USB-FS-Device_Driver/libstm32usb.a
LOAD /home/laurence/ARM-GCC/gcc-arm-none-eabi-5_3-2016q1/bin/../lib/gcc/arm-none-eabi/5.3.1/../../../../arm-none-eabi/lib/armv7-m/libm.a
LOAD /home/laurence/ARM-GCC/gcc-arm-none-eabi-5_3-2016q1/bin/../lib/gcc/arm-none-eabi/5.3.1/../../../../arm-none-eabi/lib/armv7-m/libnosys.a
START GROUP
LOAD /home/laurence/ARM-GCC/gcc-arm-none-eabi-5_3-2016q1/bin/../lib/gcc/arm-none-eabi/5.3.1/armv7-m/libgcc.a
LOAD /home/laurence/ARM-GCC/gcc-arm-none-eabi-5_3-2016q1/bin/../lib/gcc/arm-none-eabi/5.3.1/../../../../arm-none-eabi/lib/armv7-m/libg.a
LOAD /home/laurence/ARM-GCC/gcc-arm-none-eabi-5_3-2016q1/bin/../lib/gcc/arm-none-eabi/5.3.1/../../../../arm-none-eabi/lib/armv7-m/libc.a
END GROUP
START GROUP
LOAD /home/laurence/ARM-GCC/gcc-arm-none-eabi-5_3-2016q1/bin/../lib/gcc/arm-none-eabi/5.3.1/armv7-m/libgcc.a
LOAD /home/laurence/ARM-GCC/gcc-arm-none-eabi-5_3-2016q1/bin/../lib/gcc/arm-none-eabi/5.3.1/../../../../arm-none-eabi/lib/armv7-m/libc.a
LOAD /home/laurence/ARM-GCC/gcc-arm-none-eabi-5_3-2016q1/bin/../lib/gcc/arm-none-eabi/5.3.1/../../../../arm-none-eabi/lib/armv7-m/libnosys.a
END GROUP
LOAD /home/laurence/ARM-GCC/gcc-arm-none-eabi-5_3-2016q1/bin/../lib/gcc/arm-none-eabi/5.3.1/armv7-m/crtend.o
LOAD /home/laurence/ARM-GCC/gcc-arm-none-eabi-5_3-2016q1/bin/../lib/gcc/arm-none-eabi/5.3.1/armv7-m/crtn.o
                0x00002000                __Stack_Size = 0x2000
                [!provide]                PROVIDE (_Stack_Size, __Stack_Size)
                0x20003000                __Stack_Init = (_estack - __Stack_Size)
                [!provide]                PROVIDE (_Stack_Init, __Stack_Init)
                0x00002000                _Minimum_Stack_Size = 0x2000
                [!provide]                PROVIDE (Undefined_Handler, 0x0)
                [!provide]                PROVIDE (SWI_Handler, 0x0)
                [!provide]                PROVIDE (IRQ_Handler, 0x0)
                [!provide]                PROVIDE (Prefetch_Handler, 0x0)
                [!provide]                PROVIDE (Abort_Handler, 0x0)
                [!provide]                PROVIDE (FIQ_Handler, 0x0)
                [!provide]                PROVIDE (NMIException, 0x0)
                [!provide]                PROVIDE (NMI_Handler, 0x0)
                [!provide]                PROVIDE (HardFaultException, 0x0)
                [!provide]                PROVIDE (HardFault_Handler, 0x0)
                [!provide]                PROVIDE (MemManageException, 0x0)
                [!provide]                PROVIDE (MemManage_Handler, 0x0)
                [!provide]                PROVIDE (BusFaultException, 0x0)
                [!provide]                PROVIDE (BusFault_Handler, 0x0)
                [!provide]                PROVIDE (UsageFaultException, 0x0)
                [!provide]                PROVIDE (UsageFault_Handler, 0x0)
                [!provide]                PROVIDE (SVCHandler, 0x0)
                [!provide]                PROVIDE (SVC_Handler, 0x0)
                [!provide]                PROVIDE (DebugMonitor, 0x0)
                [!provide]                PROVIDE (DebugMon_Handler, 0x0)
                [!provide]                PROVIDE (PendSVC, 0x0)
                [!provide]                PROVIDE (PendSV_Handler, 0x0)
                [!provide]                PROVIDE (SysTickHandler, 0x0)
                [!provide]                PROVIDE (SysTick_Handler, 0x0)
                [!provide]                PROVIDE (WWDG_IRQHandler, 0x0)
                [!provide]                PROVIDE (PVD_IRQHandler, 0x0)
                [!provide]                PROVIDE (TAMPER_IRQHandler, 0x0)
                [!provide]                PROVIDE (RTC_IRQHandler, 0x0)
                [!provide]                PROVIDE (FLASH_IRQHandler, 0x0)
                [!provide]                PROVIDE (RCC_IRQHandler, 0x0)
                [!provide]                PROVIDE (EXTI0_IRQHandler, 0x0)
                [!provide]                PROVIDE (EXTI1_IRQHandler, 0x0)
                [!provide]                PROVIDE (EXTI2_IRQHandler, 0x0)
                [!provide]                PROVIDE (EXTI3_IRQHandler, 0x0)
                [!provide]                PROVIDE (EXTI4_IRQHandler, 0x0)
                [!provide]                PROVIDE (DMAChannel1_IRQHandler, 0x0)
                [!provide]                PROVIDE (DMAChannel2_IRQHandler, 0x0)
                [!provide]                PROVIDE (DMAChannel3_IRQHandler, 0x0)
                [!provide]                PROVIDE (DMAChannel4_IRQHandler, 0x0)
                [!provide]                PROVIDE (DMAChannel5_IRQHandler, 0x0)
                [!provide]                PROVIDE (DMAChannel6_IRQHandler, 0x0)
                [!provide]                PROVIDE (DMAChannel7_IRQHandler, 0x0)
                [!provide]                PROVIDE (DMA1_Channel1_IRQHandler, 0x0)
                [!provide]                PROVIDE (DMA1_Channel2_IRQHandler, 0x0)
                [!provide]                PROVIDE (DMA1_Channel3_IRQHandler, 0x0)
                [!provide]                PROVIDE (DMA1_Channel4_IRQHandler, 0x0)
                [!provide]                PROVIDE (DMA1_Channel5_IRQHandler, 0x0)
                [!provide]                PROVIDE (DMA1_Channel6_IRQHandler, 0x0)
                [!provide]                PROVIDE (DMA1_Channel7_IRQHandler, 0x0)
                [!provide]                PROVIDE (ADC_IRQHandler, 0x0)
                [!provide]                PROVIDE (ADC1_2_IRQHandler, 0x0)
                [!provide]                PROVIDE (USB_HP_CAN_TX_IRQHandler, 0x0)
                [!provide]                PROVIDE (USB_HP_CAN1_TX_IRQHandler, 0x0)
                [!provide]                PROVIDE (USB_LP_CAN_RX0_IRQHandler, 0x0)
                [!provide]                PROVIDE (USB_LP_CAN1_RX0_IRQHandler, 0x0)
                [!provide]                PROVIDE (CAN_RX1_IRQHandler, 0x0)
                [!provide]                PROVIDE (CAN1_RX1_IRQHandler, 0x0)
                [!provide]                PROVIDE (CAN_SCE_IRQHandler, 0x0)
                [!provide]                PROVIDE (CAN1_SCE_IRQHandler, 0x0)
                [!provide]                PROVIDE (EXTI9_5_IRQHandler, 0x0)
                [!provide]                PROVIDE (TIM1_BRK_IRQHandler, 0x0)
                [!provide]                PROVIDE (TIM1_UP_IRQHandler, 0x0)
                [!provide]                PROVIDE (TIM1_TRG_COM_IRQHandler, 0x0)
                [!provide]                PROVIDE (TIM1_CC_IRQHandler, 0x0)
                [!provide]                PROVIDE (TIM2_IRQHandler, 0x0)
                [!provide]                PROVIDE (TIM3_IRQHandler, 0x0)
                [!provide]                PROVIDE (TIM4_IRQHandler, 0x0)
                [!provide]                PROVIDE (I2C1_EV_IRQHandler, 0x0)
                [!provide]                PROVIDE (I2C1_ER_IRQHandler, 0x0)
                [!provide]                PROVIDE (I2C2_EV_IRQHandler, 0x0)
                [!provide]                PROVIDE (I2C2_ER_IRQHandler, 0x0)
                [!provide]                PROVIDE (SPI1_IRQHandler, 0x0)
                [!provide]                PROVIDE (SPI2_IRQHandler, 0x0)
                [!provide]                PROVIDE (USART1_IRQHandler, 0x0)
                [!provide]                PROVIDE (USART2_IRQHandler, 0x0)
                [!provide]                PROVIDE (USART3_IRQHandler, 0x0)
                [!provide]                PROVIDE (EXTI15_10_IRQHandler, 0x0)
                [!provide]                PROVIDE (RTCAlarm_IRQHandler, 0x0)
                [!provide]                PROVIDE (USBWakeUp_IRQHandler, 0x0)
                [!provide]                PROVIDE (TIM8_BRK_IRQHandler, 0x0)
                [!provide]                PROVIDE (TIM8_UP_IRQHandler, 0x0)
                [!provide]                PROVIDE (TIM8_TRG_COM_IRQHandler, 0x0)
                [!provide]                PROVIDE (TIM8_CC_IRQHandler, 0x0)
                [!provide]                PROVIDE (ADC3_IRQHandler, 0x0)
                [!provide]                PROVIDE (FSMC_IRQHandler, 0x0)
                [!provide]                PROVIDE (SDIO_IRQHandler, 0x0)
                [!provide]                PROVIDE (TIM5_IRQHandler, 0x0)
                [!provide]                PROVIDE (SPI3_IRQHandler, 0x0)
                [!provide]                PROVIDE (UART4_IRQHandler, 0x0)
                [!provide]                PROVIDE (UART5_IRQHandler, 0x0)
                [!provide]                PROVIDE (TIM6_IRQHandler, 0x0)
                [!provide]                PROVIDE (TIM7_IRQHandler, 0x0)
                [!provide]                PROVIDE (DMA2_Channel1_IRQHandler, 0x0)
                [!provide]                PROVIDE (DMA2_Channel2_IRQHandler, 0x0)
                [!provide]                PROVIDE (DMA2_Channel3_IRQHandler, 0x0)
                [!provide]                PROVIDE (DMA2_Channel4_5_IRQHandler, 0x0)
                0x42000000                PERIPH_BB_BASE = 0x42000000
                0x22000000                SRAM_BB_BASE = 0x22000000
                0x20000000                SRAM_BASE = 0x20000000
                0x40000000                PERIPH_BASE = 0x40000000
                [!provide]                PROVIDE (FLASH_BASE, 0x40022000)
                [!provide]                PROVIDE (OB_BASE, 0x1ffff800)
                0x40000000                APB1PERIPH_BASE = PERIPH_BASE
                0x40010000                APB2PERIPH_BASE = (PERIPH_BASE + 0x10000)
                0x40020000                AHBPERIPH_BASE = (PERIPH_BASE + 0x20000)
                [!provide]                PROVIDE (TIM2, (APB1PERIPH_BASE + 0x0))
                [!provide]                PROVIDE (TIM3, (APB1PERIPH_BASE + 0x400))
                [!provide]                PROVIDE (TIM4, (APB1PERIPH_BASE + 0x800))
                [!provide]                PROVIDE (RTC, (APB1PERIPH_BASE + 0x2800))
                [!provide]                PROVIDE (WWDG, (APB1PERIPH_BASE + 0x2c00))
                [!provide]                PROVIDE (IWDG, (APB1PERIPH_BASE + 0x3000))
                [!provide]                PROVIDE (SPI2, (APB1PERIPH_BASE + 0x3800))
                [!provide]                PROVIDE (USART2, (APB1PERIPH_BASE + 0x4400))
                [!provide]                PROVIDE (USART3, (APB1PERIPH_BASE + 0x4800))
                [!provide]                PROVIDE (I2C1, (APB1PERIPH_BASE + 0x5400))
                [!provide]                PROVIDE (I2C2, (APB1PERIPH_BASE + 0x5800))
                [!provide]                PROVIDE (CAN, (APB1PERIPH_BASE + 0x6400))
                [!provide]                PROVIDE (BKP, (APB1PERIPH_BASE + 0x6c00))
                [!provide]                PROVIDE (PWR, (APB1PERIPH_BASE + 0x7000))
                [!provide]                PROVIDE (AFIO, (APB2PERIPH_BASE + 0x0))
                [!provide]                PROVIDE (EXTI, (APB2PERIPH_BASE + 0x400))
                [!provide]                PROVIDE (GPIOA, (APB2PERIPH_BASE + 0x800))
                [!provide]                PROVIDE (GPIOB, (APB2PERIPH_BASE + 0xc00))
                [!provide]                PROVIDE (GPIOC, (APB2PERIPH_BASE + 0x1000))
                [!provide]                PROVIDE (GPIOD, (APB2PERIPH_BASE + 0x1400))
                [!provide]                PROVIDE (GPIOE, (APB2PERIPH_BASE + 0x1800))
                [!provide]                PROVIDE (ADC1, (APB2PERIPH_BASE + 0x2400))
                [!provide]                PROVIDE (ADC2, (APB2PERIPH_BASE + 0x2800))
                [!provide]                PROVIDE (TIM1, (APB2PERIPH_BASE + 0x2c00))
                [!provide]                PROVIDE (SPI1, (APB2PERIPH_BASE + 0x3000))
                [!provide]                PROVIDE (USART1, (APB2PERIPH_BASE + 0x3800))
                [!provide]                PROVIDE (DMA, (AHBPERIPH_BASE + 0x0))
                [!provide]                PROVIDE (DMA_Channel1, (AHBPERIPH_BASE + 0x8))
                [!provide]                PROVIDE (DMA_Channel2, (AHBPERIPH_BASE + 0x1c))
                [!provide]                PROVIDE (DMA_Channel3, (AHBPERIPH_BASE + 0x30))
                [!provide]                PROVIDE (DMA_Channel4, (AHBPERIPH_BASE + 0x44))
                [!provide]                PROVIDE (DMA_Channel5, (AHBPERIPH_BASE + 0x58))
                [!provide]                PROVIDE (DMA_Channel6, (AHBPERIPH_BASE + 0x6c))
                [!provide]                PROVIDE (DMA_Channel7, (AHBPERIPH_BASE + 0x80))
                [!provide]                PROVIDE (RCC, (AHBPERIPH_BASE + 0x1000))
                0xe000e000                SCS_BASE = 0xe000e000
                [!provide]                PROVIDE (SysTick, (SCS_BASE + 0x10))
                [!provide]                PROVIDE (NVIC, (SCS_BASE + 0x100))
                [!provide]                PROVIDE (SCB, (SCS_BASE + 0xd00))
                0x20005000                PROVIDE (_estack, (ORIGIN (RAM) + LENGTH (RAM)))

.isr_vector     0x08000000      0x10c
                0x08000000                . = ALIGN (0x4)
 *(.isr_vector)
 .isr_vector    0x08000000      0x10c lib/CMSIS_CM3/startup/gcc/startup_stm32f10x_md.o
                0x08000000                g_pfnVectors
                0x0800010c                . = ALIGN (0x4)

.flash_start    0x00000000        0x0
                0x00000000                . = ALIGN (0x4)
 *(.flash_start)
 *(.flash_start.*)
                0x00000000                . = ALIGN (0x4)

.crp_patch      0x00000000        0x0
                0x00000000                . = ALIGN (0x4)
 *(.crp_patch)
                0x00000000                . = ALIGN (0x4)

.flashtext      0x0800010c        0x0
                0x0800010c                . = ALIGN (0x4)
 *(.flashtext)
                0x0800010c                . = ALIGN (0x4)

.text           0x08000110    0x13290
                0x08000110                . = ALIGN (0x4)
 *(.text)
 .text          0x08000110      0x370 /home/laurence/ARM-GCC/gcc-arm-none-eabi-5_3-2016q1/bin/../lib/gcc/arm-none-eabi/5.3.1/armv7-m/libgcc.a(_arm_addsubdf3.o)
                0x08000110                __aeabi_drsub
                0x08000118                __aeabi_dsub
                0x08000118                __subdf3
                0x0800011c                __adddf3
                0x0800011c                __aeabi_dadd
                0x08000394                __aeabi_ui2d
                0x08000394                __floatunsidf
                0x080003b4                __floatsidf
                0x080003b4                __aeabi_i2d
                0x080003d8                __extendsfdf2
                0x080003d8                __aeabi_f2d
                0x08000414                __aeabi_ul2d
                0x08000414                __floatundidf
                0x08000424                __floatdidf
                0x08000424                __aeabi_l2d
 .text          0x08000480      0x424 /home/laurence/ARM-GCC/gcc-arm-none-eabi-5_3-2016q1/bin/../lib/gcc/arm-none-eabi/5.3.1/armv7-m/libgcc.a(_arm_muldivdf3.o)
                0x08000480                __aeabi_dmul
                0x08000480                __muldf3
                0x080006d4                __aeabi_ddiv
                0x080006d4                __divdf3
 .text          0x080008a4      0x110 /home/laurence/ARM-GCC/gcc-arm-none-eabi-5_3-2016q1/bin/../lib/gcc/arm-none-eabi/5.3.1/armv7-m/libgcc.a(_arm_cmpdf2.o)
                0x080008a4                __gtdf2
                0x080008a4                __gedf2
                0x080008ac                __ltdf2
                0x080008ac                __ledf2
                0x080008b4                __cmpdf2
                0x080008b4                __eqdf2
                0x080008b4                __nedf2
                0x08000930                __aeabi_cdrcmple
                0x08000940                __aeabi_cdcmple
                0x08000940                __aeabi_cdcmpeq
                0x08000950                __aeabi_dcmpeq
                0x08000964                __aeabi_dcmplt
                0x08000978                __aeabi_dcmple
                0x0800098c                __aeabi_dcmpge
                0x080009a0                __aeabi_dcmpgt
 .text          0x080009b4       0x50 /home/laurence/ARM-GCC/gcc-arm-none-eabi-5_3-2016q1/bin/../lib/gcc/arm-none-eabi/5.3.1/armv7-m/libgcc.a(_arm_fixdfsi.o)
                0x080009b4                __fixdfsi
                0x080009b4                __aeabi_d2iz
 .text          0x08000a04       0x40 /home/laurence/ARM-GCC/gcc-arm-none-eabi-5_3-2016q1/bin/../lib/gcc/arm-none-eabi/5.3.1/armv7-m/libgcc.a(_arm_fixunsdfsi.o)
                0x08000a04                __fixunsdfsi
                0x08000a04                __aeabi_d2uiz
 .text          0x08000a44       0xa0 /home/laurence/ARM-GCC/gcc-arm-none-eabi-5_3-2016q1/bin/../lib/gcc/arm-none-eabi/5.3.1/armv7-m/libgcc.a(_arm_truncdfsf2.o)
                0x08000a44                __aeabi_d2f
                0x08000a44                __truncdfsf2
 .text          0x08000ae4      0x21c /home/laurence/ARM-GCC/gcc-arm-none-eabi-5_3-2016q1/bin/../lib/gcc/arm-none-eabi/5.3.1/armv7-m/libgcc.a(_arm_addsubsf3.o)
                0x08000ae4                __aeabi_frsub
                0x08000aec                __subsf3
                0x08000aec                __aeabi_fsub
                0x08000af0                __aeabi_fadd
                0x08000af0                __addsf3
                0x08000c50                __aeabi_ui2f
                0x08000c50                __floatunsisf
                0x08000c58                __aeabi_i2f
                0x08000c58                __floatsisf
                0x08000c74                __floatundisf
                0x08000c74                __aeabi_ul2f
                0x08000c84                __floatdisf
                0x08000c84                __aeabi_l2f
 .text          0x08000d00      0x2a0 /home/laurence/ARM-GCC/gcc-arm-none-eabi-5_3-2016q1/bin/../lib/gcc/arm-none-eabi/5.3.1/armv7-m/libgcc.a(_arm_muldivsf3.o)
                0x08000d00                __mulsf3
                0x08000d00                __aeabi_fmul
                0x08000e68                __divsf3
                0x08000e68                __aeabi_fdiv
 .text          0x08000fa0       0xec /home/laurence/ARM-GCC/gcc-arm-none-eabi-5_3-2016q1/bin/../lib/gcc/arm-none-eabi/5.3.1/armv7-m/libgcc.a(_arm_cmpsf2.o)
                0x08000fa0                __gtsf2
                0x08000fa0                __gesf2
                0x08000fa8                __lesf2
                0x08000fa8                __ltsf2
                0x08000fb0                __nesf2
                0x08000fb0                __eqsf2
                0x08000fb0                __cmpsf2
                0x08001010                __aeabi_cfrcmple
                0x08001018                __aeabi_cfcmple
                0x08001018                __aeabi_cfcmpeq
                0x08001028                __aeabi_fcmpeq
                0x0800103c                __aeabi_fcmplt
                0x08001050                __aeabi_fcmple
                0x08001064                __aeabi_fcmpge
                0x08001078                __aeabi_fcmpgt
 .text          0x0800108c       0x2c /home/laurence/ARM-GCC/gcc-arm-none-eabi-5_3-2016q1/bin/../lib/gcc/arm-none-eabi/5.3.1/armv7-m/libgcc.a(_arm_unordsf2.o)
                0x0800108c                __aeabi_fcmpun
                0x0800108c                __unordsf2
 .text          0x080010b8       0x4c /home/laurence/ARM-GCC/gcc-arm-none-eabi-5_3-2016q1/bin/../lib/gcc/arm-none-eabi/5.3.1/armv7-m/libgcc.a(_arm_fixsfsi.o)
                0x080010b8                __fixsfsi
                0x080010b8                __aeabi_f2iz
 .text          0x08001104       0x40 /home/laurence/ARM-GCC/gcc-arm-none-eabi-5_3-2016q1/bin/../lib/gcc/arm-none-eabi/5.3.1/armv7-m/libgcc.a(_arm_fixunssfsi.o)
                0x08001104                __aeabi_f2uiz
                0x08001104                __fixunssfsi
 .text          0x08001144       0xec /home/laurence/ARM-GCC/gcc-arm-none-eabi-5_3-2016q1/bin/../lib/gcc/arm-none-eabi/5.3.1/../../../../arm-none-eabi/lib/armv7-m/libg.a(lib_a-memcpy.o)
                0x08001144                memcpy
 *(.text.*)
 .text.startup.main
                0x08001230     0x2dd0 /tmp/ccZ6BWUH.ltrans0.ltrans.o
                0x08001230                main
 .text.EP2_OUT_Callback
                0x08004000      0x9e8 /tmp/ccZ6BWUH.ltrans1.ltrans.o
 .text.__usart_send_char
                0x080049e8       0xa0 /tmp/ccZ6BWUH.ltrans2.ltrans.o
                0x080049e8                __usart_send_char
 .text.ads1298_spi_dma_transaction
                0x08004a88       0xec /tmp/ccZ6BWUH.ltrans2.ltrans.o
                0x08004a88                ads1298_spi_dma_transaction
 *fill*         0x08004b74        0x4 
 .text.DMA1_Channel4_IRQHandler
                0x08004b78      0xbdc /tmp/ccZ6BWUH.ltrans2.ltrans.o
                0x08004b78                DMA1_Channel4_IRQHandler
 .text.ads1298_busy_wait_command
                0x08005754       0x4c /tmp/ccZ6BWUH.ltrans2.ltrans.o
                0x08005754                ads1298_busy_wait_command
 .text.unlikely.ads1298_busy_wait_write
                0x080057a0       0x88 /tmp/ccZ6BWUH.ltrans2.ltrans.o
                0x080057a0                ads1298_busy_wait_write
 .text.USART3_IRQHandler
                0x08005828      0x17c /tmp/ccZ6BWUH.ltrans2.ltrans.o
                0x08005828                USART3_IRQHandler
 .text.USART1_IRQHandler
                0x080059a4      0x134 /tmp/ccZ6BWUH.ltrans2.ltrans.o
                0x080059a4                USART1_IRQHandler
 .text.Gps_Send_Str
                0x08005ad8       0x2c /tmp/ccZ6BWUH.ltrans2.ltrans.o
                0x08005ad8                Gps_Send_Str
 .text.Gps_Send_Utf8
                0x08005b04       0x30 /tmp/ccZ6BWUH.ltrans2.ltrans.o
                0x08005b04                Gps_Send_Utf8
 .text.Usart3_Send_Str
                0x08005b34       0x2c /tmp/ccZ6BWUH.ltrans2.ltrans.o
                0x08005b34                Usart3_Send_Str
 .text.Usart_Send_Str
                0x08005b60       0xf8 /tmp/ccZ6BWUH.ltrans2.ltrans.o
                0x08005b60                Usart_Send_Str
 .text.move_window.lto_priv.83
                0x08005c58      0x1a8 /tmp/ccZ6BWUH.ltrans3.ltrans.o
                0x08005c58                move_window.lto_priv.83
 .text.get_fattime
                0x08005e00       0x44 /tmp/ccZ6BWUH.ltrans3.ltrans.o
                0x08005e00                get_fattime
 .text.Delay    0x08005e44       0x20 /tmp/ccZ6BWUH.ltrans3.ltrans.o
                0x08005e44                Delay
 .text.Add_To_Buffer
                0x08005e64       0x50 /tmp/ccZ6BWUH.ltrans3.ltrans.o
                0x08005e64                Add_To_Buffer
 .text.unlikely.SCSI_Invalid_Cmd
                0x08005eb4       0x6c /tmp/ccZ6BWUH.ltrans3.ltrans.o
                0x08005eb4                SCSI_Invalid_Cmd
 .text.SCSI_Write10_Cmd
                0x08005f20      0x214 /tmp/ccZ6BWUH.ltrans3.ltrans.o
                0x08005f20                SCSI_Write10_Cmd
 .text.SCSI_Read10_Cmd
                0x08006134       0xe4 /tmp/ccZ6BWUH.ltrans3.ltrans.o
                0x08006134                SCSI_Read10_Cmd
 .text.RN42_generate_packet
                0x08006218      0x390 /tmp/ccZ6BWUH.ltrans4.ltrans.o
                0x08006218                RN42_generate_packet
 .text.rprintf2RamRom
                0x080065a8      0x7d4 /tmp/ccZ6BWUH.ltrans4.ltrans.o
                0x080065a8                rprintf2RamRom
 .text.disk_write.part.5.lto_priv.60
                0x08006d7c      0x22c /tmp/ccZ6BWUH.ltrans4.ltrans.o
                0x08006d7c                disk_write.part.5.lto_priv.60
 .text.disk_read.part.4.lto_priv.62
                0x08006fa8      0x13c /tmp/ccZ6BWUH.ltrans4.ltrans.o
                0x08006fa8                disk_read.part.4.lto_priv.62
 .text.put_fat.part.4.lto_priv.90
                0x080070e4      0x128 /tmp/ccZ6BWUH.ltrans5.ltrans.o
                0x080070e4                put_fat.part.4.lto_priv.90
 .text.get_fat.part.3.lto_priv.64
                0x0800720c       0xc0 /tmp/ccZ6BWUH.ltrans5.ltrans.o
                0x0800720c                get_fat.part.3.lto_priv.64
 .text.dir_find.part.5.lto_priv.97
                0x080072cc      0x494 /tmp/ccZ6BWUH.ltrans5.ltrans.o
                0x080072cc                dir_find.part.5.lto_priv.97
 .text.f_lseek  0x08007760      0x204 /tmp/ccZ6BWUH.ltrans5.ltrans.o
                0x08007760                f_lseek
 .text.unlikely.f_close
                0x08007964       0x10 /tmp/ccZ6BWUH.ltrans5.ltrans.o
                0x08007964                f_close
 .text.check_fs
                0x08007974       0xac /tmp/ccZ6BWUH.ltrans6.ltrans.o
 .text.f_sync   0x08007a20      0x108 /tmp/ccZ6BWUH.ltrans6.ltrans.o
                0x08007a20                f_sync
 .text.chk_mounted.lto_priv.65
                0x08007b28      0x264 /tmp/ccZ6BWUH.ltrans6.ltrans.o
                0x08007b28                chk_mounted.lto_priv.65
 .text.follow_path.lto_priv.66
                0x08007d8c      0x3b8 /tmp/ccZ6BWUH.ltrans6.ltrans.o
                0x08007d8c                follow_path.lto_priv.66
 .text.f_open   0x08008144      0x14c /tmp/ccZ6BWUH.ltrans6.ltrans.o
                0x08008144                f_open
 .text.get_fileinfo.lto_priv.84
                0x08008290      0x2c8 /tmp/ccZ6BWUH.ltrans6.ltrans.o
                0x08008290                get_fileinfo.lto_priv.84
 .text.dir_read.lto_priv.81
                0x08008558      0x434 /tmp/ccZ6BWUH.ltrans7.ltrans.o
                0x08008558                dir_read.lto_priv.81
 .text.dir_sdi.lto_priv.82
                0x0800898c       0xa8 /tmp/ccZ6BWUH.ltrans7.ltrans.o
                0x0800898c                dir_sdi.lto_priv.82
 .text.create_chain.lto_priv.86
                0x08008a34      0x190 /tmp/ccZ6BWUH.ltrans7.ltrans.o
                0x08008a34                create_chain.lto_priv.86
 .text.dir_register.lto_priv.87
                0x08008bc4      0x6f0 /tmp/ccZ6BWUH.ltrans7.ltrans.o
                0x08008bc4                dir_register.lto_priv.87
 .text.sync.lto_priv.79
                0x080092b4       0xe0 /tmp/ccZ6BWUH.ltrans7.ltrans.o
                0x080092b4                sync.lto_priv.79
 .text.stm32_spi_rw.lto_priv.59
                0x08009394       0x24 /tmp/ccZ6BWUH.ltrans8.ltrans.o
                0x08009394                stm32_spi_rw.lto_priv.59
 .text.send_cmd
                0x080093b8      0x16c /tmp/ccZ6BWUH.ltrans8.ltrans.o
                0x080093b8                send_cmd
 .text.disk_initialize
                0x08009524      0x260 /tmp/ccZ6BWUH.ltrans8.ltrans.o
                0x08009524                disk_initialize
 .text.wait_ready.lto_priv.61
                0x08009784       0x54 /tmp/ccZ6BWUH.ltrans8.ltrans.o
                0x08009784                wait_ready.lto_priv.61
 .text.stm32_dma_transfer.lto_priv.63
                0x080097d8       0xd4 /tmp/ccZ6BWUH.ltrans8.ltrans.o
                0x080097d8                stm32_dma_transfer.lto_priv.63
 .text.rcvr_datablock
                0x080098ac       0x9c /tmp/ccZ6BWUH.ltrans8.ltrans.o
                0x080098ac                rcvr_datablock
 .text.counter_to_struct.lto_priv.88
                0x08009948      0x128 /tmp/ccZ6BWUH.ltrans8.ltrans.o
                0x08009948                counter_to_struct.lto_priv.88
 .text.rtc_gettime
                0x08009a70       0x84 /tmp/ccZ6BWUH.ltrans8.ltrans.o
                0x08009a70                rtc_gettime
 .text.f_write.part.9.lto_priv.85
                0x08009af4      0x350 /tmp/ccZ6BWUH.ltrans8.ltrans.o
                0x08009af4                f_write.part.9.lto_priv.85
 .text.remove_chain.part.6.lto_priv.80
                0x08009e44      0x110 /tmp/ccZ6BWUH.ltrans8.ltrans.o
                0x08009e44                remove_chain.part.6.lto_priv.80
 .text.I2C1_ER_IRQHandler
                0x08009f54      0x150 /tmp/ccZ6BWUH.ltrans9.ltrans.o
                0x08009f54                I2C1_ER_IRQHandler
 .text.I2C1_EV_IRQHandler
                0x0800a0a4      0x604 /tmp/ccZ6BWUH.ltrans9.ltrans.o
                0x0800a0a4                I2C1_EV_IRQHandler
 .text.ADC_Configuration
                0x0800a6a8      0x10c /tmp/ccZ6BWUH.ltrans9.ltrans.o
                0x0800a6a8                ADC_Configuration
 .text.wave_terminate
                0x0800a7b4      0x1c0 /tmp/ccZ6BWUH.ltrans9.ltrans.o
                0x0800a7b4                wave_terminate
 .text.write_wave_header
                0x0800a974      0x11c /tmp/ccZ6BWUH.ltrans9.ltrans.o
                0x0800a974                write_wave_header
 .text.SP1ML_generate_packet
                0x0800aa90      0x370 /tmp/ccZ6BWUH.ltrans10.ltrans.o
                0x0800aa90                SP1ML_generate_packet
 .text.SP1ML_command
                0x0800ae00      0x148 /tmp/ccZ6BWUH.ltrans10.ltrans.o
                0x0800ae00                SP1ML_command
 .text.SP1ML_rx_tx_data_processor
                0x0800af48      0xe00 /tmp/ccZ6BWUH.ltrans10.ltrans.o
                0x0800af48                SP1ML_rx_tx_data_processor
 .text.set_rtc_correction
                0x0800bd48       0x5c /tmp/ccZ6BWUH.ltrans10.ltrans.o
                0x0800bd48                set_rtc_correction
 .text.unlikely.read_config_file.constprop.21
                0x0800bda4      0x4bc /tmp/ccZ6BWUH.ltrans11.ltrans.o
                0x0800bda4                read_config_file.constprop.21
 .text.Get_UBX_Ack.constprop.8
                0x0800c260       0xcc /tmp/ccZ6BWUH.ltrans11.ltrans.o
                0x0800c260                Get_UBX_Ack.constprop.8
 .text.USART2_reconf.constprop.7
                0x0800c32c       0x54 /tmp/ccZ6BWUH.ltrans11.ltrans.o
                0x0800c32c                USART2_reconf.constprop.7
 .text.ads1298_wct_config.constprop.3
                0x0800c380      0x15c /tmp/ccZ6BWUH.ltrans11.ltrans.o
                0x0800c380                ads1298_wct_config.constprop.3
 .text.unlikely.ads1298_setup.constprop.2
                0x0800c4dc      0x354 /tmp/ccZ6BWUH.ltrans11.ltrans.o
                0x0800c4dc                ads1298_setup.constprop.2
 .text.Gps_DMA_Process
                0x0800c830      0x318 /tmp/ccZ6BWUH.ltrans11.ltrans.o
                0x0800c830                Gps_DMA_Process
 .text.EXTI9_5_IRQHandler
                0x0800cb48       0x34 /tmp/ccZ6BWUH.ltrans11.ltrans.o
                0x0800cb48                EXTI9_5_IRQHandler
 .text.USB_LP_CAN1_RX0_IRQHandler
                0x0800cb7c      0x118 /tmp/ccZ6BWUH.ltrans12.ltrans.o
                0x0800cb7c                USB_LP_CAN1_RX0_IRQHandler
 .text.USB_HP_CAN1_TX_IRQHandler
                0x0800cc94        0x4 /tmp/ccZ6BWUH.ltrans12.ltrans.o
                0x0800cc94                USB_HP_CAN1_TX_IRQHandler
 .text.SysTick_Handler
                0x0800cc98      0x17c /tmp/ccZ6BWUH.ltrans12.ltrans.o
                0x0800cc98                SysTick_Handler
 .text.EXTI15_10_IRQHandler
                0x0800ce14       0x68 /tmp/ccZ6BWUH.ltrans12.ltrans.o
                0x0800ce14                EXTI15_10_IRQHandler
 .text.ADC1_2_IRQHandler
                0x0800ce7c       0x70 /tmp/ccZ6BWUH.ltrans12.ltrans.o
                0x0800ce7c                ADC1_2_IRQHandler
 .text.EXTI0_IRQHandler
                0x0800ceec       0x98 /tmp/ccZ6BWUH.ltrans12.ltrans.o
                0x0800ceec                EXTI0_IRQHandler
 .text.EXTI_ONOFF_EN
                0x0800cf84       0x54 /tmp/ccZ6BWUH.ltrans12.ltrans.o
                0x0800cf84                EXTI_ONOFF_EN
 .text.I2C_Config
                0x0800cfd8      0x23c /tmp/ccZ6BWUH.ltrans12.ltrans.o
                0x0800cfd8                I2C_Config
 .text.I2C1_Request_Job
                0x0800d214       0x74 /tmp/ccZ6BWUH.ltrans12.ltrans.o
                0x0800d214                I2C1_Request_Job
 .text.__str_print_char
                0x0800d288       0xfc /tmp/ccZ6BWUH.ltrans13.ltrans.o
                0x0800d288                __str_print_char
 .text.__fat_print_char
                0x0800d384       0x58 /tmp/ccZ6BWUH.ltrans13.ltrans.o
                0x0800d384                __fat_print_char
 .text.shutdown_filesystem
                0x0800d3dc      0x464 /tmp/ccZ6BWUH.ltrans13.ltrans.o
                0x0800d3dc                shutdown_filesystem
 .text.stm32_spi_rw.constprop.56
                0x0800d840       0x24 /tmp/ccZ6BWUH.ltrans14.ltrans.o
                0x0800d840                stm32_spi_rw.constprop.56
 .text.disk_write.constprop.53
                0x0800d864       0x84 /tmp/ccZ6BWUH.ltrans14.ltrans.o
                0x0800d864                disk_write.constprop.53
 .text.unlikely.disk_read.constprop.52
                0x0800d8e8       0x60 /tmp/ccZ6BWUH.ltrans14.ltrans.o
                0x0800d8e8                disk_read.constprop.52
 .text.unlikely.Set_CSW.constprop.50
                0x0800d948       0x2c /tmp/ccZ6BWUH.ltrans14.ltrans.o
                0x0800d948                Set_CSW.constprop.50
 .text.dir_next.constprop.30
                0x0800d974       0x88 /tmp/ccZ6BWUH.ltrans14.ltrans.o
                0x0800d974                dir_next.constprop.30
 .text.unlikely.f_chdir.constprop.25
                0x0800d9fc       0x68 /tmp/ccZ6BWUH.ltrans14.ltrans.o
                0x0800d9fc                f_chdir.constprop.25
 .text.Get_Max_Lun
                0x0800da64       0x18 /tmp/ccZ6BWUH.ltrans15.ltrans.o
 .text.MASS_Get_Interface_Setting
                0x0800da7c       0x10 /tmp/ccZ6BWUH.ltrans15.ltrans.o
                0x0800da7c                MASS_Get_Interface_Setting
 .text.MASS_Data_Setup
                0x0800da8c       0x38 /tmp/ccZ6BWUH.ltrans15.ltrans.o
                0x0800da8c                MASS_Data_Setup
 .text.MASS_Status_In
                0x0800dac4        0x4 /tmp/ccZ6BWUH.ltrans15.ltrans.o
                0x0800dac4                MASS_Status_In
 .text.MASS_Status_Out
                0x0800dac8        0x4 /tmp/ccZ6BWUH.ltrans15.ltrans.o
                0x0800dac8                MASS_Status_Out
 .text.Mass_Storage_SetDeviceAddress
                0x0800dacc        0xc /tmp/ccZ6BWUH.ltrans15.ltrans.o
 .text.MASS_GetStringDescriptor
                0x0800dad8       0x20 /tmp/ccZ6BWUH.ltrans15.ltrans.o
                0x0800dad8                MASS_GetStringDescriptor
 .text.MASS_GetConfigDescriptor
                0x0800daf8        0xc /tmp/ccZ6BWUH.ltrans15.ltrans.o
                0x0800daf8                MASS_GetConfigDescriptor
 .text.MASS_GetDeviceDescriptor
                0x0800db04        0xc /tmp/ccZ6BWUH.ltrans15.ltrans.o
                0x0800db04                MASS_GetDeviceDescriptor
 .text.MASS_NoData_Setup
                0x0800db10       0x50 /tmp/ccZ6BWUH.ltrans15.ltrans.o
                0x0800db10                MASS_NoData_Setup
 .text.Mass_Storage_SetConfiguration
                0x0800db60       0x30 /tmp/ccZ6BWUH.ltrans15.ltrans.o
 .text.Mass_Storage_ClearFeature
                0x0800db90       0x2c /tmp/ccZ6BWUH.ltrans15.ltrans.o
 .text.MASS_Reset
                0x0800dbbc       0xf0 /tmp/ccZ6BWUH.ltrans15.ltrans.o
                0x0800dbbc                MASS_Reset
 .text.MASS_init
                0x0800dcac      0x17c /tmp/ccZ6BWUH.ltrans15.ltrans.o
                0x0800dcac                MASS_init
 .text.Resume   0x0800de28      0x118 /tmp/ccZ6BWUH.ltrans15.ltrans.o
                0x0800de28                Resume
 .text.EP1_IN_Callback
                0x0800df40       0x88 /tmp/ccZ6BWUH.ltrans16.ltrans.o
 .text.unlikely.Transfer_Data_Request
                0x0800dfc8       0x34 /tmp/ccZ6BWUH.ltrans16.ltrans.o
                0x0800dfc8                Transfer_Data_Request
 .text.Read_Memory
                0x0800dffc      0x1b4 /tmp/ccZ6BWUH.ltrans16.ltrans.o
                0x0800dffc                Read_Memory
 .text.Reset_Handler
                0x0800e1b0       0x40 lib/CMSIS_CM3/startup/gcc/startup_stm32f10x_md.o
                0x0800e1b0                Reset_Handler
 .text.Default_Handler
                0x0800e1f0        0x2 lib/CMSIS_CM3/startup/gcc/startup_stm32f10x_md.o
                0x0800e1f0                EXTI2_IRQHandler
                0x0800e1f0                DebugMon_Handler
                0x0800e1f0                TIM1_CC_IRQHandler
                0x0800e1f0                HardFault_Handler
                0x0800e1f0                PVD_IRQHandler
                0x0800e1f0                PendSV_Handler
                0x0800e1f0                NMI_Handler
                0x0800e1f0                EXTI3_IRQHandler
                0x0800e1f0                I2C2_EV_IRQHandler
                0x0800e1f0                UsageFault_Handler
                0x0800e1f0                SPI1_IRQHandler
                0x0800e1f0                TAMPER_IRQHandler
                0x0800e1f0                RTC_IRQHandler
                0x0800e1f0                DMA1_Channel7_IRQHandler
                0x0800e1f0                CAN1_RX1_IRQHandler
                0x0800e1f0                TIM4_IRQHandler
                0x0800e1f0                DMA1_Channel6_IRQHandler
                0x0800e1f0                TIM3_IRQHandler
                0x0800e1f0                RCC_IRQHandler
                0x0800e1f0                TIM1_TRG_COM_IRQHandler
                0x0800e1f0                DMA1_Channel1_IRQHandler
                0x0800e1f0                Default_Handler
                0x0800e1f0                SPI2_IRQHandler
                0x0800e1f0                MemManage_Handler
                0x0800e1f0                SVC_Handler
                0x0800e1f0                DMA1_Channel5_IRQHandler
                0x0800e1f0                EXTI4_IRQHandler
                0x0800e1f0                DMA1_Channel3_IRQHandler
                0x0800e1f0                TIM1_UP_IRQHandler
                0x0800e1f0                WWDG_IRQHandler
                0x0800e1f0                TIM2_IRQHandler
                0x0800e1f0                TIM1_BRK_IRQHandler
                0x0800e1f0                EXTI1_IRQHandler
                0x0800e1f0                RTCAlarm_IRQHandler
                0x0800e1f0                USART2_IRQHandler
                0x0800e1f0                I2C2_ER_IRQHandler
                0x0800e1f0                DMA1_Channel2_IRQHandler
                0x0800e1f0                CAN1_SCE_IRQHandler
                0x0800e1f0                FLASH_IRQHandler
                0x0800e1f0                BusFault_Handler
                0x0800e1f0                USBWakeUp_IRQHandler
 *fill*         0x0800e1f2        0x2 
 .text.NVIC_PriorityGroupConfig
                0x0800e1f4       0x14 lib/STM32F10x_StdPeriph_Driver/libstm32fw.a(misc.o)
                0x0800e1f4                NVIC_PriorityGroupConfig
 .text.NVIC_Init
                0x0800e208       0x6c lib/STM32F10x_StdPeriph_Driver/libstm32fw.a(misc.o)
                0x0800e208                NVIC_Init
 .text.NVIC_SetVectorTable
                0x0800e274       0x14 lib/STM32F10x_StdPeriph_Driver/libstm32fw.a(misc.o)
                0x0800e274                NVIC_SetVectorTable
 .text.SysTick_CLKSourceConfig
                0x0800e288       0x18 lib/STM32F10x_StdPeriph_Driver/libstm32fw.a(misc.o)
                0x0800e288                SysTick_CLKSourceConfig
 .text.ADC_DeInit
                0x0800e2a0       0x5c lib/STM32F10x_StdPeriph_Driver/libstm32fw.a(stm32f10x_adc.o)
                0x0800e2a0                ADC_DeInit
 .text.ADC_Init
                0x0800e2fc       0x48 lib/STM32F10x_StdPeriph_Driver/libstm32fw.a(stm32f10x_adc.o)
                0x0800e2fc                ADC_Init
 .text.ADC_Cmd  0x0800e344       0x12 lib/STM32F10x_StdPeriph_Driver/libstm32fw.a(stm32f10x_adc.o)
                0x0800e344                ADC_Cmd
 .text.ADC_ITConfig
                0x0800e356       0x12 lib/STM32F10x_StdPeriph_Driver/libstm32fw.a(stm32f10x_adc.o)
                0x0800e356                ADC_ITConfig
 .text.ADC_ResetCalibration
                0x0800e368        0xa lib/STM32F10x_StdPeriph_Driver/libstm32fw.a(stm32f10x_adc.o)
                0x0800e368                ADC_ResetCalibration
 .text.ADC_GetResetCalibrationStatus
                0x0800e372        0x8 lib/STM32F10x_StdPeriph_Driver/libstm32fw.a(stm32f10x_adc.o)
                0x0800e372                ADC_GetResetCalibrationStatus
 .text.ADC_StartCalibration
                0x0800e37a        0xa lib/STM32F10x_StdPeriph_Driver/libstm32fw.a(stm32f10x_adc.o)
                0x0800e37a                ADC_StartCalibration
 .text.ADC_GetCalibrationStatus
                0x0800e384        0x8 lib/STM32F10x_StdPeriph_Driver/libstm32fw.a(stm32f10x_adc.o)
                0x0800e384                ADC_GetCalibrationStatus
 .text.ADC_SoftwareStartConvCmd
                0x0800e38c       0x12 lib/STM32F10x_StdPeriph_Driver/libstm32fw.a(stm32f10x_adc.o)
                0x0800e38c                ADC_SoftwareStartConvCmd
 .text.ADC_RegularChannelConfig
                0x0800e39e       0x84 lib/STM32F10x_StdPeriph_Driver/libstm32fw.a(stm32f10x_adc.o)
                0x0800e39e                ADC_RegularChannelConfig
 .text.ADC_GetConversionValue
                0x0800e422        0x6 lib/STM32F10x_StdPeriph_Driver/libstm32fw.a(stm32f10x_adc.o)
                0x0800e422                ADC_GetConversionValue
 .text.ADC_ExternalTrigInjectedConvConfig
                0x0800e428        0xc lib/STM32F10x_StdPeriph_Driver/libstm32fw.a(stm32f10x_adc.o)
                0x0800e428                ADC_ExternalTrigInjectedConvConfig
 .text.ADC_SoftwareStartInjectedConvCmd
                0x0800e434       0x12 lib/STM32F10x_StdPeriph_Driver/libstm32fw.a(stm32f10x_adc.o)
                0x0800e434                ADC_SoftwareStartInjectedConvCmd
 .text.ADC_InjectedChannelConfig
                0x0800e446       0x54 lib/STM32F10x_StdPeriph_Driver/libstm32fw.a(stm32f10x_adc.o)
                0x0800e446                ADC_InjectedChannelConfig
 .text.ADC_InjectedSequencerLengthConfig
                0x0800e49a       0x10 lib/STM32F10x_StdPeriph_Driver/libstm32fw.a(stm32f10x_adc.o)
                0x0800e49a                ADC_InjectedSequencerLengthConfig
 .text.ADC_GetInjectedConversionValue
                0x0800e4aa       0x1a lib/STM32F10x_StdPeriph_Driver/libstm32fw.a(stm32f10x_adc.o)
                0x0800e4aa                ADC_GetInjectedConversionValue
 .text.ADC_AnalogWatchdogCmd
                0x0800e4c4       0x10 lib/STM32F10x_StdPeriph_Driver/libstm32fw.a(stm32f10x_adc.o)
                0x0800e4c4                ADC_AnalogWatchdogCmd
 .text.ADC_AnalogWatchdogThresholdsConfig
                0x0800e4d4        0x6 lib/STM32F10x_StdPeriph_Driver/libstm32fw.a(stm32f10x_adc.o)
                0x0800e4d4                ADC_AnalogWatchdogThresholdsConfig
 .text.ADC_AnalogWatchdogSingleChannelConfig
                0x0800e4da        0xc lib/STM32F10x_StdPeriph_Driver/libstm32fw.a(stm32f10x_adc.o)
                0x0800e4da                ADC_AnalogWatchdogSingleChannelConfig
 .text.ADC_GetFlagStatus
                0x0800e4e6        0xc lib/STM32F10x_StdPeriph_Driver/libstm32fw.a(stm32f10x_adc.o)
                0x0800e4e6                ADC_GetFlagStatus
 .text.ADC_ClearFlag
                0x0800e4f2        0x6 lib/STM32F10x_StdPeriph_Driver/libstm32fw.a(stm32f10x_adc.o)
                0x0800e4f2                ADC_ClearFlag
 .text.ADC_GetITStatus
                0x0800e4f8       0x16 lib/STM32F10x_StdPeriph_Driver/libstm32fw.a(stm32f10x_adc.o)
                0x0800e4f8                ADC_GetITStatus
 .text.ADC_ClearITPendingBit
                0x0800e50e        0x8 lib/STM32F10x_StdPeriph_Driver/libstm32fw.a(stm32f10x_adc.o)
                0x0800e50e                ADC_ClearITPendingBit
 .text.BKP_DeInit
                0x0800e516       0x12 lib/STM32F10x_StdPeriph_Driver/libstm32fw.a(stm32f10x_bkp.o)
                0x0800e516                BKP_DeInit
 .text.BKP_RTCOutputConfig
                0x0800e528       0x18 lib/STM32F10x_StdPeriph_Driver/libstm32fw.a(stm32f10x_bkp.o)
                0x0800e528                BKP_RTCOutputConfig
 .text.BKP_SetRTCCalibrationValue
                0x0800e540       0x18 lib/STM32F10x_StdPeriph_Driver/libstm32fw.a(stm32f10x_bkp.o)
                0x0800e540                BKP_SetRTCCalibrationValue
 .text.BKP_WriteBackupRegister
                0x0800e558       0x1c lib/STM32F10x_StdPeriph_Driver/libstm32fw.a(stm32f10x_bkp.o)
                0x0800e558                BKP_WriteBackupRegister
 .text.BKP_ReadBackupRegister
                0x0800e574       0x20 lib/STM32F10x_StdPeriph_Driver/libstm32fw.a(stm32f10x_bkp.o)
                0x0800e574                BKP_ReadBackupRegister
 .text.DBGMCU_Config
                0x0800e594       0x18 lib/STM32F10x_StdPeriph_Driver/libstm32fw.a(stm32f10x_dbgmcu.o)
                0x0800e594                DBGMCU_Config
 .text.DMA_DeInit
                0x0800e5ac       0xf0 lib/STM32F10x_StdPeriph_Driver/libstm32fw.a(stm32f10x_dma.o)
                0x0800e5ac                DMA_DeInit
 .text.DMA_Init
                0x0800e69c       0x3c lib/STM32F10x_StdPeriph_Driver/libstm32fw.a(stm32f10x_dma.o)
                0x0800e69c                DMA_Init
 .text.DMA_Cmd  0x0800e6d8       0x12 lib/STM32F10x_StdPeriph_Driver/libstm32fw.a(stm32f10x_dma.o)
                0x0800e6d8                DMA_Cmd
 .text.DMA_ITConfig
                0x0800e6ea       0x10 lib/STM32F10x_StdPeriph_Driver/libstm32fw.a(stm32f10x_dma.o)
                0x0800e6ea                DMA_ITConfig
 .text.DMA_GetCurrDataCounter
                0x0800e6fa        0x6 lib/STM32F10x_StdPeriph_Driver/libstm32fw.a(stm32f10x_dma.o)
                0x0800e6fa                DMA_GetCurrDataCounter
 .text.DMA_GetFlagStatus
                0x0800e700       0x1c lib/STM32F10x_StdPeriph_Driver/libstm32fw.a(stm32f10x_dma.o)
                0x0800e700                DMA_GetFlagStatus
 .text.DMA_ClearFlag
                0x0800e71c       0x14 lib/STM32F10x_StdPeriph_Driver/libstm32fw.a(stm32f10x_dma.o)
                0x0800e71c                DMA_ClearFlag
 .text.DMA_GetITStatus
                0x0800e730       0x1c lib/STM32F10x_StdPeriph_Driver/libstm32fw.a(stm32f10x_dma.o)
                0x0800e730                DMA_GetITStatus
 .text.DMA_ClearITPendingBit
                0x0800e74c       0x14 lib/STM32F10x_StdPeriph_Driver/libstm32fw.a(stm32f10x_dma.o)
                0x0800e74c                DMA_ClearITPendingBit
 .text.EXTI_DeInit
                0x0800e760       0x1c lib/STM32F10x_StdPeriph_Driver/libstm32fw.a(stm32f10x_exti.o)
                0x0800e760                EXTI_DeInit
 .text.EXTI_Init
                0x0800e77c       0x88 lib/STM32F10x_StdPeriph_Driver/libstm32fw.a(stm32f10x_exti.o)
                0x0800e77c                EXTI_Init
 .text.EXTI_GenerateSWInterrupt
                0x0800e804       0x10 lib/STM32F10x_StdPeriph_Driver/libstm32fw.a(stm32f10x_exti.o)
                0x0800e804                EXTI_GenerateSWInterrupt
 .text.EXTI_GetITStatus
                0x0800e814       0x1c lib/STM32F10x_StdPeriph_Driver/libstm32fw.a(stm32f10x_exti.o)
                0x0800e814                EXTI_GetITStatus
 .text.EXTI_ClearITPendingBit
                0x0800e830        0xc lib/STM32F10x_StdPeriph_Driver/libstm32fw.a(stm32f10x_exti.o)
                0x0800e830                EXTI_ClearITPendingBit
 .text.GPIO_Init
                0x0800e83c       0x90 lib/STM32F10x_StdPeriph_Driver/libstm32fw.a(stm32f10x_gpio.o)
                0x0800e83c                GPIO_Init
 .text.GPIO_StructInit
                0x0800e8cc       0x10 lib/STM32F10x_StdPeriph_Driver/libstm32fw.a(stm32f10x_gpio.o)
                0x0800e8cc                GPIO_StructInit
 .text.GPIO_ReadInputDataBit
                0x0800e8dc        0xc lib/STM32F10x_StdPeriph_Driver/libstm32fw.a(stm32f10x_gpio.o)
                0x0800e8dc                GPIO_ReadInputDataBit
 .text.GPIO_SetBits
                0x0800e8e8        0x4 lib/STM32F10x_StdPeriph_Driver/libstm32fw.a(stm32f10x_gpio.o)
                0x0800e8e8                GPIO_SetBits
 .text.GPIO_ResetBits
                0x0800e8ec        0x4 lib/STM32F10x_StdPeriph_Driver/libstm32fw.a(stm32f10x_gpio.o)
                0x0800e8ec                GPIO_ResetBits
 .text.GPIO_WriteBit
                0x0800e8f0        0xa lib/STM32F10x_StdPeriph_Driver/libstm32fw.a(stm32f10x_gpio.o)
                0x0800e8f0                GPIO_WriteBit
 *fill*         0x0800e8fa        0x2 
 .text.GPIO_PinRemapConfig
                0x0800e8fc       0x54 lib/STM32F10x_StdPeriph_Driver/libstm32fw.a(stm32f10x_gpio.o)
                0x0800e8fc                GPIO_PinRemapConfig
 .text.GPIO_EXTILineConfig
                0x0800e950       0x2a lib/STM32F10x_StdPeriph_Driver/libstm32fw.a(stm32f10x_gpio.o)
                0x0800e950                GPIO_EXTILineConfig
 *fill*         0x0800e97a        0x2 
 .text.I2C_DeInit
                0x0800e97c       0x34 lib/STM32F10x_StdPeriph_Driver/libstm32fw.a(stm32f10x_i2c.o)
                0x0800e97c                I2C_DeInit
 .text.I2C_Init
                0x0800e9b0       0xd4 lib/STM32F10x_StdPeriph_Driver/libstm32fw.a(stm32f10x_i2c.o)
                0x0800e9b0                I2C_Init
 .text.I2C_Cmd  0x0800ea84       0x18 lib/STM32F10x_StdPeriph_Driver/libstm32fw.a(stm32f10x_i2c.o)
                0x0800ea84                I2C_Cmd
 .text.I2C_GenerateSTART
                0x0800ea9c       0x18 lib/STM32F10x_StdPeriph_Driver/libstm32fw.a(stm32f10x_i2c.o)
                0x0800ea9c                I2C_GenerateSTART
 .text.I2C_GenerateSTOP
                0x0800eab4       0x18 lib/STM32F10x_StdPeriph_Driver/libstm32fw.a(stm32f10x_i2c.o)
                0x0800eab4                I2C_GenerateSTOP
 .text.I2C_AcknowledgeConfig
                0x0800eacc       0x18 lib/STM32F10x_StdPeriph_Driver/libstm32fw.a(stm32f10x_i2c.o)
                0x0800eacc                I2C_AcknowledgeConfig
 .text.I2C_ITConfig
                0x0800eae4       0x12 lib/STM32F10x_StdPeriph_Driver/libstm32fw.a(stm32f10x_i2c.o)
                0x0800eae4                I2C_ITConfig
 .text.I2C_SendData
                0x0800eaf6        0x4 lib/STM32F10x_StdPeriph_Driver/libstm32fw.a(stm32f10x_i2c.o)
                0x0800eaf6                I2C_SendData
 .text.I2C_ReceiveData
                0x0800eafa        0x6 lib/STM32F10x_StdPeriph_Driver/libstm32fw.a(stm32f10x_i2c.o)
                0x0800eafa                I2C_ReceiveData
 .text.I2C_Send7bitAddress
                0x0800eb00       0x12 lib/STM32F10x_StdPeriph_Driver/libstm32fw.a(stm32f10x_i2c.o)
                0x0800eb00                I2C_Send7bitAddress
 .text.I2C_SoftwareResetCmd
                0x0800eb12       0x18 lib/STM32F10x_StdPeriph_Driver/libstm32fw.a(stm32f10x_i2c.o)
                0x0800eb12                I2C_SoftwareResetCmd
 *fill*         0x0800eb2a        0x2 
 .text.IWDG_WriteAccessCmd
                0x0800eb2c        0xc lib/STM32F10x_StdPeriph_Driver/libstm32fw.a(stm32f10x_iwdg.o)
                0x0800eb2c                IWDG_WriteAccessCmd
 .text.IWDG_SetPrescaler
                0x0800eb38        0xc lib/STM32F10x_StdPeriph_Driver/libstm32fw.a(stm32f10x_iwdg.o)
                0x0800eb38                IWDG_SetPrescaler
 .text.IWDG_SetReload
                0x0800eb44        0xc lib/STM32F10x_StdPeriph_Driver/libstm32fw.a(stm32f10x_iwdg.o)
                0x0800eb44                IWDG_SetReload
 .text.IWDG_ReloadCounter
                0x0800eb50       0x10 lib/STM32F10x_StdPeriph_Driver/libstm32fw.a(stm32f10x_iwdg.o)
                0x0800eb50                IWDG_ReloadCounter
 .text.IWDG_Enable
                0x0800eb60       0x10 lib/STM32F10x_StdPeriph_Driver/libstm32fw.a(stm32f10x_iwdg.o)
                0x0800eb60                IWDG_Enable
 .text.PWR_DeInit
                0x0800eb70       0x1a lib/STM32F10x_StdPeriph_Driver/libstm32fw.a(stm32f10x_pwr.o)
                0x0800eb70                PWR_DeInit
 *fill*         0x0800eb8a        0x2 
 .text.PWR_BackupAccessCmd
                0x0800eb8c        0xc lib/STM32F10x_StdPeriph_Driver/libstm32fw.a(stm32f10x_pwr.o)
                0x0800eb8c                PWR_BackupAccessCmd
 .text.PWR_WakeUpPinCmd
                0x0800eb98        0xc lib/STM32F10x_StdPeriph_Driver/libstm32fw.a(stm32f10x_pwr.o)
                0x0800eb98                PWR_WakeUpPinCmd
 .text.PWR_EnterSTANDBYMode
                0x0800eba4       0x28 lib/STM32F10x_StdPeriph_Driver/libstm32fw.a(stm32f10x_pwr.o)
                0x0800eba4                PWR_EnterSTANDBYMode
 .text.RCC_HCLKConfig
                0x0800ebcc       0x14 lib/STM32F10x_StdPeriph_Driver/libstm32fw.a(stm32f10x_rcc.o)
                0x0800ebcc                RCC_HCLKConfig
 .text.RCC_USBCLKConfig
                0x0800ebe0        0xc lib/STM32F10x_StdPeriph_Driver/libstm32fw.a(stm32f10x_rcc.o)
                0x0800ebe0                RCC_USBCLKConfig
 .text.RCC_ADCCLKConfig
                0x0800ebec       0x14 lib/STM32F10x_StdPeriph_Driver/libstm32fw.a(stm32f10x_rcc.o)
                0x0800ebec                RCC_ADCCLKConfig
 .text.RCC_LSEConfig
                0x0800ec00       0x20 lib/STM32F10x_StdPeriph_Driver/libstm32fw.a(stm32f10x_rcc.o)
                0x0800ec00                RCC_LSEConfig
 .text.RCC_RTCCLKConfig
                0x0800ec20       0x10 lib/STM32F10x_StdPeriph_Driver/libstm32fw.a(stm32f10x_rcc.o)
                0x0800ec20                RCC_RTCCLKConfig
 .text.RCC_RTCCLKCmd
                0x0800ec30        0xc lib/STM32F10x_StdPeriph_Driver/libstm32fw.a(stm32f10x_rcc.o)
                0x0800ec30                RCC_RTCCLKCmd
 .text.RCC_GetClocksFreq
                0x0800ec3c       0x94 lib/STM32F10x_StdPeriph_Driver/libstm32fw.a(stm32f10x_rcc.o)
                0x0800ec3c                RCC_GetClocksFreq
 .text.RCC_AHBPeriphClockCmd
                0x0800ecd0       0x18 lib/STM32F10x_StdPeriph_Driver/libstm32fw.a(stm32f10x_rcc.o)
                0x0800ecd0                RCC_AHBPeriphClockCmd
 .text.RCC_APB2PeriphClockCmd
                0x0800ece8       0x18 lib/STM32F10x_StdPeriph_Driver/libstm32fw.a(stm32f10x_rcc.o)
                0x0800ece8                RCC_APB2PeriphClockCmd
 .text.RCC_APB1PeriphClockCmd
                0x0800ed00       0x18 lib/STM32F10x_StdPeriph_Driver/libstm32fw.a(stm32f10x_rcc.o)
                0x0800ed00                RCC_APB1PeriphClockCmd
 .text.RCC_APB2PeriphResetCmd
                0x0800ed18       0x18 lib/STM32F10x_StdPeriph_Driver/libstm32fw.a(stm32f10x_rcc.o)
                0x0800ed18                RCC_APB2PeriphResetCmd
 .text.RCC_APB1PeriphResetCmd
                0x0800ed30       0x18 lib/STM32F10x_StdPeriph_Driver/libstm32fw.a(stm32f10x_rcc.o)
                0x0800ed30                RCC_APB1PeriphResetCmd
 .text.RCC_BackupResetCmd
                0x0800ed48        0xc lib/STM32F10x_StdPeriph_Driver/libstm32fw.a(stm32f10x_rcc.o)
                0x0800ed48                RCC_BackupResetCmd
 .text.RCC_GetFlagStatus
                0x0800ed54       0x28 lib/STM32F10x_StdPeriph_Driver/libstm32fw.a(stm32f10x_rcc.o)
                0x0800ed54                RCC_GetFlagStatus
 .text.RTC_EnterConfigMode
                0x0800ed7c       0x14 lib/STM32F10x_StdPeriph_Driver/libstm32fw.a(stm32f10x_rtc.o)
                0x0800ed7c                RTC_EnterConfigMode
 .text.RTC_ExitConfigMode
                0x0800ed90       0x14 lib/STM32F10x_StdPeriph_Driver/libstm32fw.a(stm32f10x_rtc.o)
                0x0800ed90                RTC_ExitConfigMode
 .text.RTC_GetCounter
                0x0800eda4       0x14 lib/STM32F10x_StdPeriph_Driver/libstm32fw.a(stm32f10x_rtc.o)
                0x0800eda4                RTC_GetCounter
 .text.RTC_SetCounter
                0x0800edb8       0x20 lib/STM32F10x_StdPeriph_Driver/libstm32fw.a(stm32f10x_rtc.o)
                0x0800edb8                RTC_SetCounter
 .text.RTC_SetPrescaler
                0x0800edd8       0x20 lib/STM32F10x_StdPeriph_Driver/libstm32fw.a(stm32f10x_rtc.o)
                0x0800edd8                RTC_SetPrescaler
 .text.RTC_WaitForLastTask
                0x0800edf8       0x10 lib/STM32F10x_StdPeriph_Driver/libstm32fw.a(stm32f10x_rtc.o)
                0x0800edf8                RTC_WaitForLastTask
 .text.RTC_WaitForSynchro
                0x0800ee08       0x1c lib/STM32F10x_StdPeriph_Driver/libstm32fw.a(stm32f10x_rtc.o)
                0x0800ee08                RTC_WaitForSynchro
 .text.SPI_Init
                0x0800ee24       0x3e lib/STM32F10x_StdPeriph_Driver/libstm32fw.a(stm32f10x_spi.o)
                0x0800ee24                SPI_Init
 .text.SPI_StructInit
                0x0800ee62       0x18 lib/STM32F10x_StdPeriph_Driver/libstm32fw.a(stm32f10x_spi.o)
                0x0800ee62                SPI_StructInit
 .text.SPI_Cmd  0x0800ee7a       0x18 lib/STM32F10x_StdPeriph_Driver/libstm32fw.a(stm32f10x_spi.o)
                0x0800ee7a                SPI_Cmd
 .text.SPI_I2S_DMACmd
                0x0800ee92       0x12 lib/STM32F10x_StdPeriph_Driver/libstm32fw.a(stm32f10x_spi.o)
                0x0800ee92                SPI_I2S_DMACmd
 .text.SPI_I2S_SendData
                0x0800eea4        0x4 lib/STM32F10x_StdPeriph_Driver/libstm32fw.a(stm32f10x_spi.o)
                0x0800eea4                SPI_I2S_SendData
 .text.SPI_I2S_ReceiveData
                0x0800eea8        0x6 lib/STM32F10x_StdPeriph_Driver/libstm32fw.a(stm32f10x_spi.o)
                0x0800eea8                SPI_I2S_ReceiveData
 .text.SPI_CalculateCRC
                0x0800eeae       0x18 lib/STM32F10x_StdPeriph_Driver/libstm32fw.a(stm32f10x_spi.o)
                0x0800eeae                SPI_CalculateCRC
 .text.SPI_I2S_GetFlagStatus
                0x0800eec6        0xc lib/STM32F10x_StdPeriph_Driver/libstm32fw.a(stm32f10x_spi.o)
                0x0800eec6                SPI_I2S_GetFlagStatus
 *fill*         0x0800eed2        0x2 
 .text.TIM_DeInit
                0x0800eed4       0xc8 lib/STM32F10x_StdPeriph_Driver/libstm32fw.a(stm32f10x_tim.o)
                0x0800eed4                TIM_DeInit
 .text.TIM_TimeBaseInit
                0x0800ef9c       0x3c lib/STM32F10x_StdPeriph_Driver/libstm32fw.a(stm32f10x_tim.o)
                0x0800ef9c                TIM_TimeBaseInit
 .text.TIM_OC4Init
                0x0800efd8       0x68 lib/STM32F10x_StdPeriph_Driver/libstm32fw.a(stm32f10x_tim.o)
                0x0800efd8                TIM_OC4Init
 .text.TIM_Cmd  0x0800f040       0x18 lib/STM32F10x_StdPeriph_Driver/libstm32fw.a(stm32f10x_tim.o)
                0x0800f040                TIM_Cmd
 .text.TIM_OC4PreloadConfig
                0x0800f058       0x14 lib/STM32F10x_StdPeriph_Driver/libstm32fw.a(stm32f10x_tim.o)
                0x0800f058                TIM_OC4PreloadConfig
 .text.USART_DeInit
                0x0800f06c       0x98 lib/STM32F10x_StdPeriph_Driver/libstm32fw.a(stm32f10x_usart.o)
                0x0800f06c                USART_DeInit
 .text.USART_Init
                0x0800f104       0x88 lib/STM32F10x_StdPeriph_Driver/libstm32fw.a(stm32f10x_usart.o)
                0x0800f104                USART_Init
 .text.USART_Cmd
                0x0800f18c       0x18 lib/STM32F10x_StdPeriph_Driver/libstm32fw.a(stm32f10x_usart.o)
                0x0800f18c                USART_Cmd
 .text.USART_ITConfig
                0x0800f1a4       0x32 lib/STM32F10x_StdPeriph_Driver/libstm32fw.a(stm32f10x_usart.o)
                0x0800f1a4                USART_ITConfig
 .text.USART_DMACmd
                0x0800f1d6       0x12 lib/STM32F10x_StdPeriph_Driver/libstm32fw.a(stm32f10x_usart.o)
                0x0800f1d6                USART_DMACmd
 .text.USART_SendData
                0x0800f1e8        0x8 lib/STM32F10x_StdPeriph_Driver/libstm32fw.a(stm32f10x_usart.o)
                0x0800f1e8                USART_SendData
 .text.USART_ReceiveData
                0x0800f1f0        0x8 lib/STM32F10x_StdPeriph_Driver/libstm32fw.a(stm32f10x_usart.o)
                0x0800f1f0                USART_ReceiveData
 .text.USART_GetFlagStatus
                0x0800f1f8        0xc lib/STM32F10x_StdPeriph_Driver/libstm32fw.a(stm32f10x_usart.o)
                0x0800f1f8                USART_GetFlagStatus
 .text.USART_GetITStatus
                0x0800f204       0x3e lib/STM32F10x_StdPeriph_Driver/libstm32fw.a(stm32f10x_usart.o)
                0x0800f204                USART_GetITStatus
 .text.USART_ClearITPendingBit
                0x0800f242        0xe lib/STM32F10x_StdPeriph_Driver/libstm32fw.a(stm32f10x_usart.o)
                0x0800f242                USART_ClearITPendingBit
 .text.Standard_GetConfiguration
                0x0800f250       0x24 lib/STM32_USB-FS-Device_Driver/libstm32usb.a(usb_core.o)
                0x0800f250                Standard_GetConfiguration
 .text.Standard_GetInterface
                0x0800f274       0x24 lib/STM32_USB-FS-Device_Driver/libstm32usb.a(usb_core.o)
                0x0800f274                Standard_GetInterface
 .text.Standard_GetStatus
                0x0800f298       0x90 lib/STM32_USB-FS-Device_Driver/libstm32usb.a(usb_core.o)
                0x0800f298                Standard_GetStatus
 .text.DataStageIn
                0x0800f328       0xac lib/STM32_USB-FS-Device_Driver/libstm32usb.a(usb_core.o)
 .text.Standard_SetConfiguration
                0x0800f3d4       0x38 lib/STM32_USB-FS-Device_Driver/libstm32usb.a(usb_core.o)
                0x0800f3d4                Standard_SetConfiguration
 .text.Standard_SetInterface
                0x0800f40c       0x48 lib/STM32_USB-FS-Device_Driver/libstm32usb.a(usb_core.o)
                0x0800f40c                Standard_SetInterface
 .text.Standard_ClearFeature
                0x0800f454       0xd8 lib/STM32_USB-FS-Device_Driver/libstm32usb.a(usb_core.o)
                0x0800f454                Standard_ClearFeature
 .text.Standard_SetEndPointFeature
                0x0800f52c       0x8c lib/STM32_USB-FS-Device_Driver/libstm32usb.a(usb_core.o)
                0x0800f52c                Standard_SetEndPointFeature
 .text.Standard_SetDeviceFeature
                0x0800f5b8       0x24 lib/STM32_USB-FS-Device_Driver/libstm32usb.a(usb_core.o)
                0x0800f5b8                Standard_SetDeviceFeature
 .text.Standard_GetDescriptorData
                0x0800f5dc       0x1c lib/STM32_USB-FS-Device_Driver/libstm32usb.a(usb_core.o)
                0x0800f5dc                Standard_GetDescriptorData
 .text.Post0_Process
                0x0800f5f8       0x44 lib/STM32_USB-FS-Device_Driver/libstm32usb.a(usb_core.o)
                0x0800f5f8                Post0_Process
 .text.Setup0_Process
                0x0800f63c      0x2dc lib/STM32_USB-FS-Device_Driver/libstm32usb.a(usb_core.o)
                0x0800f63c                Setup0_Process
 .text.Out0_Process
                0x0800f918       0xcc lib/STM32_USB-FS-Device_Driver/libstm32usb.a(usb_core.o)
                0x0800f918                Out0_Process
 .text.SetDeviceAddress
                0x0800f9e4       0x40 lib/STM32_USB-FS-Device_Driver/libstm32usb.a(usb_core.o)
                0x0800f9e4                SetDeviceAddress
 .text.In0_Process
                0x0800fa24       0x5c lib/STM32_USB-FS-Device_Driver/libstm32usb.a(usb_core.o)
                0x0800fa24                In0_Process
 .text.NOP_Process
                0x0800fa80        0x2 lib/STM32_USB-FS-Device_Driver/libstm32usb.a(usb_core.o)
                0x0800fa80                NOP_Process
 *fill*         0x0800fa82        0x2 
 .text.USB_Init
                0x0800fa84       0x34 lib/STM32_USB-FS-Device_Driver/libstm32usb.a(usb_init.o)
                0x0800fa84                USB_Init
 .text.CTR_LP   0x0800fab8      0x170 lib/STM32_USB-FS-Device_Driver/libstm32usb.a(usb_int.o)
                0x0800fab8                CTR_LP
 .text.CTR_HP   0x0800fc28       0x74 lib/STM32_USB-FS-Device_Driver/libstm32usb.a(usb_int.o)
                0x0800fc28                CTR_HP
 .text.UserToPMABufferCopy
                0x0800fc9c       0x30 lib/STM32_USB-FS-Device_Driver/libstm32usb.a(usb_mem.o)
                0x0800fc9c                UserToPMABufferCopy
 .text.PMAToUserBufferCopy
                0x0800fccc       0x24 lib/STM32_USB-FS-Device_Driver/libstm32usb.a(usb_mem.o)
                0x0800fccc                PMAToUserBufferCopy
 .text.SetBTABLE
                0x0800fcf0       0x10 lib/STM32_USB-FS-Device_Driver/libstm32usb.a(usb_regs.o)
                0x0800fcf0                SetBTABLE
 .text.SetEPType
                0x0800fd00       0x1c lib/STM32_USB-FS-Device_Driver/libstm32usb.a(usb_regs.o)
                0x0800fd00                SetEPType
 .text.SetEPTxStatus
                0x0800fd1c       0x32 lib/STM32_USB-FS-Device_Driver/libstm32usb.a(usb_regs.o)
                0x0800fd1c                SetEPTxStatus
 .text.SetEPRxStatus
                0x0800fd4e       0x32 lib/STM32_USB-FS-Device_Driver/libstm32usb.a(usb_regs.o)
                0x0800fd4e                SetEPRxStatus
 .text.SetEPRxValid
                0x0800fd80       0x26 lib/STM32_USB-FS-Device_Driver/libstm32usb.a(usb_regs.o)
                0x0800fd80                SetEPRxValid
 .text.Clear_Status_Out
                0x0800fda6       0x20 lib/STM32_USB-FS-Device_Driver/libstm32usb.a(usb_regs.o)
                0x0800fda6                Clear_Status_Out
 .text.ClearDTOG_RX
                0x0800fdc6       0x26 lib/STM32_USB-FS-Device_Driver/libstm32usb.a(usb_regs.o)
                0x0800fdc6                ClearDTOG_RX
 .text.ClearDTOG_TX
                0x0800fdec       0x26 lib/STM32_USB-FS-Device_Driver/libstm32usb.a(usb_regs.o)
                0x0800fdec                ClearDTOG_TX
 *fill*         0x0800fe12        0x2 
 .text.SetEPTxAddr
                0x0800fe14       0x20 lib/STM32_USB-FS-Device_Driver/libstm32usb.a(usb_regs.o)
                0x0800fe14                SetEPTxAddr
 .text.SetEPRxAddr
                0x0800fe34       0x20 lib/STM32_USB-FS-Device_Driver/libstm32usb.a(usb_regs.o)
                0x0800fe34                SetEPRxAddr
 .text.GetEPTxAddr
                0x0800fe54       0x20 lib/STM32_USB-FS-Device_Driver/libstm32usb.a(usb_regs.o)
                0x0800fe54                GetEPTxAddr
 .text.GetEPRxAddr
                0x0800fe74       0x20 lib/STM32_USB-FS-Device_Driver/libstm32usb.a(usb_regs.o)
                0x0800fe74                GetEPRxAddr
 .text.SetEPTxCount
                0x0800fe94       0x1c lib/STM32_USB-FS-Device_Driver/libstm32usb.a(usb_regs.o)
                0x0800fe94                SetEPTxCount
 .text.SetEPRxCount
                0x0800feb0       0x40 lib/STM32_USB-FS-Device_Driver/libstm32usb.a(usb_regs.o)
                0x0800feb0                SetEPRxCount
 .text.GetEPRxCount
                0x0800fef0       0x20 lib/STM32_USB-FS-Device_Driver/libstm32usb.a(usb_regs.o)
                0x0800fef0                GetEPRxCount
 .text.ByteSwap
                0x0800ff10        0xa lib/STM32_USB-FS-Device_Driver/libstm32usb.a(usb_regs.o)
                0x0800ff10                ByteSwap
 *fill*         0x0800ff1a        0x2 
 .text.USB_SIL_Init
                0x0800ff1c       0x20 lib/STM32_USB-FS-Device_Driver/libstm32usb.a(usb_sil.o)
                0x0800ff1c                USB_SIL_Init
 .text.USB_SIL_Write
                0x0800ff3c       0x28 lib/STM32_USB-FS-Device_Driver/libstm32usb.a(usb_sil.o)
                0x0800ff3c                USB_SIL_Write
 .text.USB_SIL_Read
                0x0800ff64       0x24 lib/STM32_USB-FS-Device_Driver/libstm32usb.a(usb_sil.o)
                0x0800ff64                USB_SIL_Read
 .text.memset   0x0800ff88       0x9c /home/laurence/ARM-GCC/gcc-arm-none-eabi-5_3-2016q1/bin/../lib/gcc/arm-none-eabi/5.3.1/../../../../arm-none-eabi/lib/armv7-m/libg.a(lib_a-memset.o)
                0x0800ff88                memset
 .text.srand    0x08010024       0x14 /home/laurence/ARM-GCC/gcc-arm-none-eabi-5_3-2016q1/bin/../lib/gcc/arm-none-eabi/5.3.1/../../../../arm-none-eabi/lib/armv7-m/libg.a(lib_a-rand.o)
                0x08010024                srand
 .text.rand     0x08010038       0x40 /home/laurence/ARM-GCC/gcc-arm-none-eabi-5_3-2016q1/bin/../lib/gcc/arm-none-eabi/5.3.1/../../../../arm-none-eabi/lib/armv7-m/libg.a(lib_a-rand.o)
                0x08010038                rand
 .text.roundf   0x08010078       0x48 /home/laurence/ARM-GCC/gcc-arm-none-eabi-5_3-2016q1/bin/../lib/gcc/arm-none-eabi/5.3.1/../../../../arm-none-eabi/lib/armv7-m/libm.a(lib_a-sf_round.o)
                0x08010078                roundf
 .text.sinf     0x080100c0       0x7c /home/laurence/ARM-GCC/gcc-arm-none-eabi-5_3-2016q1/bin/../lib/gcc/arm-none-eabi/5.3.1/../../../../arm-none-eabi/lib/armv7-m/libm.a(lib_a-sf_sin.o)
                0x080100c0                sinf
 .text.atan2    0x0801013c        0x4 /home/laurence/ARM-GCC/gcc-arm-none-eabi-5_3-2016q1/bin/../lib/gcc/arm-none-eabi/5.3.1/../../../../arm-none-eabi/lib/armv7-m/libm.a(lib_a-w_atan2.o)
                0x0801013c                atan2
 .text.acosf    0x08010140       0xa4 /home/laurence/ARM-GCC/gcc-arm-none-eabi-5_3-2016q1/bin/../lib/gcc/arm-none-eabi/5.3.1/../../../../arm-none-eabi/lib/armv7-m/libm.a(lib_a-wf_acos.o)
                0x08010140                acosf
 .text.atan2f   0x080101e4        0x4 /home/laurence/ARM-GCC/gcc-arm-none-eabi-5_3-2016q1/bin/../lib/gcc/arm-none-eabi/5.3.1/../../../../arm-none-eabi/lib/armv7-m/libm.a(lib_a-wf_atan2.o)
                0x080101e4                atan2f
 .text.sqrtf    0x080101e8       0x9c /home/laurence/ARM-GCC/gcc-arm-none-eabi-5_3-2016q1/bin/../lib/gcc/arm-none-eabi/5.3.1/../../../../arm-none-eabi/lib/armv7-m/libm.a(lib_a-wf_sqrt.o)
                0x080101e8                sqrtf
 *fill*         0x08010284        0x4 
 .text.__ieee754_atan2
                0x08010288      0x194 /home/laurence/ARM-GCC/gcc-arm-none-eabi-5_3-2016q1/bin/../lib/gcc/arm-none-eabi/5.3.1/../../../../arm-none-eabi/lib/armv7-m/libm.a(lib_a-e_atan2.o)
                0x08010288                __ieee754_atan2
 .text.__ieee754_acosf
                0x0801041c      0x2c8 /home/laurence/ARM-GCC/gcc-arm-none-eabi-5_3-2016q1/bin/../lib/gcc/arm-none-eabi/5.3.1/../../../../arm-none-eabi/lib/armv7-m/libm.a(lib_a-ef_acos.o)
                0x0801041c                __ieee754_acosf
 .text.__ieee754_atan2f
                0x080106e4      0x124 /home/laurence/ARM-GCC/gcc-arm-none-eabi-5_3-2016q1/bin/../lib/gcc/arm-none-eabi/5.3.1/../../../../arm-none-eabi/lib/armv7-m/libm.a(lib_a-ef_atan2.o)
                0x080106e4                __ieee754_atan2f
 .text.__ieee754_rem_pio2f
                0x08010808      0x2e4 /home/laurence/ARM-GCC/gcc-arm-none-eabi-5_3-2016q1/bin/../lib/gcc/arm-none-eabi/5.3.1/../../../../arm-none-eabi/lib/armv7-m/libm.a(lib_a-ef_rem_pio2.o)
                0x08010808                __ieee754_rem_pio2f
 .text.__ieee754_sqrtf
                0x08010aec       0xa8 /home/laurence/ARM-GCC/gcc-arm-none-eabi-5_3-2016q1/bin/../lib/gcc/arm-none-eabi/5.3.1/../../../../arm-none-eabi/lib/armv7-m/libm.a(lib_a-ef_sqrt.o)
                0x08010aec                __ieee754_sqrtf
 .text.__kernel_cosf
                0x08010b94      0x188 /home/laurence/ARM-GCC/gcc-arm-none-eabi-5_3-2016q1/bin/../lib/gcc/arm-none-eabi/5.3.1/../../../../arm-none-eabi/lib/armv7-m/libm.a(lib_a-kf_cos.o)
                0x08010b94                __kernel_cosf
 .text.__kernel_rem_pio2f
                0x08010d1c      0x6a8 /home/laurence/ARM-GCC/gcc-arm-none-eabi-5_3-2016q1/bin/../lib/gcc/arm-none-eabi/5.3.1/../../../../arm-none-eabi/lib/armv7-m/libm.a(lib_a-kf_rem_pio2.o)
                0x08010d1c                __kernel_rem_pio2f
 .text.__kernel_sinf
                0x080113c4       0xec /home/laurence/ARM-GCC/gcc-arm-none-eabi-5_3-2016q1/bin/../lib/gcc/arm-none-eabi/5.3.1/../../../../arm-none-eabi/lib/armv7-m/libm.a(lib_a-kf_sin.o)
                0x080113c4                __kernel_sinf
 .text.atan     0x080114b0      0x33c /home/laurence/ARM-GCC/gcc-arm-none-eabi-5_3-2016q1/bin/../lib/gcc/arm-none-eabi/5.3.1/../../../../arm-none-eabi/lib/armv7-m/libm.a(lib_a-s_atan.o)
                0x080114b0                atan
 .text.fabs     0x080117ec        0x8 /home/laurence/ARM-GCC/gcc-arm-none-eabi-5_3-2016q1/bin/../lib/gcc/arm-none-eabi/5.3.1/../../../../arm-none-eabi/lib/armv7-m/libm.a(lib_a-s_fabs.o)
                0x080117ec                fabs
 .text.matherr  0x080117f4        0x4 /home/laurence/ARM-GCC/gcc-arm-none-eabi-5_3-2016q1/bin/../lib/gcc/arm-none-eabi/5.3.1/../../../../arm-none-eabi/lib/armv7-m/libm.a(lib_a-s_matherr.o)
                0x080117f4                matherr
 .text.nan      0x080117f8        0xc /home/laurence/ARM-GCC/gcc-arm-none-eabi-5_3-2016q1/bin/../lib/gcc/arm-none-eabi/5.3.1/../../../../arm-none-eabi/lib/armv7-m/libm.a(lib_a-s_nan.o)
                0x080117f8                nan
 .text.atanf    0x08011804      0x22c /home/laurence/ARM-GCC/gcc-arm-none-eabi-5_3-2016q1/bin/../lib/gcc/arm-none-eabi/5.3.1/../../../../arm-none-eabi/lib/armv7-m/libm.a(lib_a-sf_atan.o)
                0x08011804                atanf
 .text.fabsf    0x08011a30        0x8 /home/laurence/ARM-GCC/gcc-arm-none-eabi-5_3-2016q1/bin/../lib/gcc/arm-none-eabi/5.3.1/../../../../arm-none-eabi/lib/armv7-m/libm.a(lib_a-sf_fabs.o)
                0x08011a30                fabsf
 .text.floorf   0x08011a38       0x8c /home/laurence/ARM-GCC/gcc-arm-none-eabi-5_3-2016q1/bin/../lib/gcc/arm-none-eabi/5.3.1/../../../../arm-none-eabi/lib/armv7-m/libm.a(lib_a-sf_floor.o)
                0x08011a38                floorf
 .text.scalbnf  0x08011ac4       0xb0 /home/laurence/ARM-GCC/gcc-arm-none-eabi-5_3-2016q1/bin/../lib/gcc/arm-none-eabi/5.3.1/../../../../arm-none-eabi/lib/armv7-m/libm.a(lib_a-sf_scalbn.o)
                0x08011ac4                scalbnf
 .text.copysignf
                0x08011b74        0xc /home/laurence/ARM-GCC/gcc-arm-none-eabi-5_3-2016q1/bin/../lib/gcc/arm-none-eabi/5.3.1/../../../../arm-none-eabi/lib/armv7-m/libm.a(lib_a-sf_copysign.o)
                0x08011b74                copysignf
 .text.__errno  0x08011b80        0xc /home/laurence/ARM-GCC/gcc-arm-none-eabi-5_3-2016q1/bin/../lib/gcc/arm-none-eabi/5.3.1/../../../../arm-none-eabi/lib/armv7-m/libg.a(lib_a-errno.o)
                0x08011b80                __errno
 .text.malloc   0x08011b8c       0x10 /home/laurence/ARM-GCC/gcc-arm-none-eabi-5_3-2016q1/bin/../lib/gcc/arm-none-eabi/5.3.1/../../../../arm-none-eabi/lib/armv7-m/libg.a(lib_a-malloc.o)
                0x08011b8c                malloc
 .text._malloc_r
                0x08011b9c      0x558 /home/laurence/ARM-GCC/gcc-arm-none-eabi-5_3-2016q1/bin/../lib/gcc/arm-none-eabi/5.3.1/../../../../arm-none-eabi/lib/armv7-m/libg.a(lib_a-mallocr.o)
                0x08011b9c                _malloc_r
 .text.memcmp   0x080120f4       0x64 /home/laurence/ARM-GCC/gcc-arm-none-eabi-5_3-2016q1/bin/../lib/gcc/arm-none-eabi/5.3.1/../../../../arm-none-eabi/lib/armv7-m/libg.a(lib_a-memcmp.o)
                0x080120f4                memcmp
 .text.__malloc_lock
                0x08012158        0x4 /home/laurence/ARM-GCC/gcc-arm-none-eabi-5_3-2016q1/bin/../lib/gcc/arm-none-eabi/5.3.1/../../../../arm-none-eabi/lib/armv7-m/libg.a(lib_a-mlock.o)
                0x08012158                __malloc_lock
 .text.__malloc_unlock
                0x0801215c        0x4 /home/laurence/ARM-GCC/gcc-arm-none-eabi-5_3-2016q1/bin/../lib/gcc/arm-none-eabi/5.3.1/../../../../arm-none-eabi/lib/armv7-m/libg.a(lib_a-mlock.o)
                0x0801215c                __malloc_unlock
 .text._sbrk_r  0x08012160       0x24 /home/laurence/ARM-GCC/gcc-arm-none-eabi-5_3-2016q1/bin/../lib/gcc/arm-none-eabi/5.3.1/../../../../arm-none-eabi/lib/armv7-m/libg.a(lib_a-sbrkr.o)
                0x08012160                _sbrk_r
 .text.strlen   0x08012184       0x5c /home/laurence/ARM-GCC/gcc-arm-none-eabi-5_3-2016q1/bin/../lib/gcc/arm-none-eabi/5.3.1/../../../../arm-none-eabi/lib/armv7-m/libg.a(lib_a-strlen-stub.o)
                0x08012184                strlen
 .text._malloc_trim_r
                0x080121e0       0x9c /home/laurence/ARM-GCC/gcc-arm-none-eabi-5_3-2016q1/bin/../lib/gcc/arm-none-eabi/5.3.1/../../../../arm-none-eabi/lib/armv7-m/libg.a(lib_a-freer.o)
                0x080121e0                _malloc_trim_r
 .text._free_r  0x0801227c      0x1d0 /home/laurence/ARM-GCC/gcc-arm-none-eabi-5_3-2016q1/bin/../lib/gcc/arm-none-eabi/5.3.1/../../../../arm-none-eabi/lib/armv7-m/libg.a(lib_a-freer.o)
                0x0801227c                _free_r
 .text._sbrk    0x0801244c       0x1c /home/laurence/ARM-GCC/gcc-arm-none-eabi-5_3-2016q1/bin/../lib/gcc/arm-none-eabi/5.3.1/../../../../arm-none-eabi/lib/armv7-m/libnosys.a(sbrk.o)
                0x0801244c                _sbrk
 *(.rodata)
 .rodata        0x08012468       0xb8 /tmp/ccZ6BWUH.ltrans0.ltrans.o
                0x08012510                DaysInMonth.lto_priv.94
                0x0801251c                SystemFrequency
 .rodata        0x08012520      0x3d0 /tmp/ccZ6BWUH.ltrans5.ltrans.o
                0x08012520                LfnOfs.lto_priv.98
 .rodata        0x080128f0      0x180 /tmp/ccZ6BWUH.ltrans6.ltrans.o
 .rodata        0x08012a70       0xac /tmp/ccZ6BWUH.ltrans15.ltrans.o
 *(.rodata*)
 .rodata.str1.4
                0x08012b1c      0x3fe /tmp/ccZ6BWUH.ltrans0.ltrans.o
                                0x40e (size before relaxing)
 *fill*         0x08012f1a        0x2 
 .rodata.str1.4
                0x08012f1c        0x6 /tmp/ccZ6BWUH.ltrans4.ltrans.o
 *fill*         0x08012f22        0x2 
 .rodata.str1.4
                0x08012f24       0x13 /tmp/ccZ6BWUH.ltrans6.ltrans.o
 *fill*         0x08012f37        0x1 
 .rodata.str1.4
                0x08012f38        0x9 /tmp/ccZ6BWUH.ltrans10.ltrans.o
 *fill*         0x08012f41        0x3 
 .rodata.str1.4
                0x08012f44        0x2 /home/laurence/ARM-GCC/gcc-arm-none-eabi-5_3-2016q1/bin/../lib/gcc/arm-none-eabi/5.3.1/../../../../arm-none-eabi/lib/armv7-m/libg.a(lib_a-impure.o)
 *fill*         0x08012f46        0x2 
 .rodata.str1.4
                0x08012f48        0x6 /home/laurence/ARM-GCC/gcc-arm-none-eabi-5_3-2016q1/bin/../lib/gcc/arm-none-eabi/5.3.1/../../../../arm-none-eabi/lib/armv7-m/libm.a(lib_a-wf_acos.o)
                                  0x9 (size before relaxing)
 *fill*         0x08012f4e        0x2 
 .rodata.str1.4
                0x08012f50        0x8 /home/laurence/ARM-GCC/gcc-arm-none-eabi-5_3-2016q1/bin/../lib/gcc/arm-none-eabi/5.3.1/../../../../arm-none-eabi/lib/armv7-m/libm.a(lib_a-wf_sqrt.o)
                                  0x6 (size before relaxing)
 .rodata.npio2_hw
                0x08012f58       0x80 /home/laurence/ARM-GCC/gcc-arm-none-eabi-5_3-2016q1/bin/../lib/gcc/arm-none-eabi/5.3.1/../../../../arm-none-eabi/lib/armv7-m/libm.a(lib_a-ef_rem_pio2.o)
 .rodata.two_over_pi
                0x08012fd8      0x318 /home/laurence/ARM-GCC/gcc-arm-none-eabi-5_3-2016q1/bin/../lib/gcc/arm-none-eabi/5.3.1/../../../../arm-none-eabi/lib/armv7-m/libm.a(lib_a-ef_rem_pio2.o)
 .rodata.init_jk
                0x080132f0        0xc /home/laurence/ARM-GCC/gcc-arm-none-eabi-5_3-2016q1/bin/../lib/gcc/arm-none-eabi/5.3.1/../../../../arm-none-eabi/lib/armv7-m/libm.a(lib_a-kf_rem_pio2.o)
 .rodata.PIo2   0x080132fc       0x2c /home/laurence/ARM-GCC/gcc-arm-none-eabi-5_3-2016q1/bin/../lib/gcc/arm-none-eabi/5.3.1/../../../../arm-none-eabi/lib/armv7-m/libm.a(lib_a-kf_rem_pio2.o)
 .rodata.atanlo
                0x08013328       0x20 /home/laurence/ARM-GCC/gcc-arm-none-eabi-5_3-2016q1/bin/../lib/gcc/arm-none-eabi/5.3.1/../../../../arm-none-eabi/lib/armv7-m/libm.a(lib_a-s_atan.o)
 .rodata.atanhi
                0x08013348       0x20 /home/laurence/ARM-GCC/gcc-arm-none-eabi-5_3-2016q1/bin/../lib/gcc/arm-none-eabi/5.3.1/../../../../arm-none-eabi/lib/armv7-m/libm.a(lib_a-s_atan.o)
 .rodata.atanlo
                0x08013368       0x10 /home/laurence/ARM-GCC/gcc-arm-none-eabi-5_3-2016q1/bin/../lib/gcc/arm-none-eabi/5.3.1/../../../../arm-none-eabi/lib/armv7-m/libm.a(lib_a-sf_atan.o)
 .rodata.atanhi
                0x08013378       0x10 /home/laurence/ARM-GCC/gcc-arm-none-eabi-5_3-2016q1/bin/../lib/gcc/arm-none-eabi/5.3.1/../../../../arm-none-eabi/lib/armv7-m/libm.a(lib_a-sf_atan.o)
 *(.glue_7)
 .glue_7        0x08013388        0x0 linker stubs
 *(.glue_7t)
 .glue_7t       0x08013388        0x0 linker stubs
 *(.init)
 .init          0x08013388        0x4 /home/laurence/ARM-GCC/gcc-arm-none-eabi-5_3-2016q1/bin/../lib/gcc/arm-none-eabi/5.3.1/armv7-m/crti.o
                0x08013388                _init
 .init          0x0801338c        0x8 /home/laurence/ARM-GCC/gcc-arm-none-eabi-5_3-2016q1/bin/../lib/gcc/arm-none-eabi/5.3.1/armv7-m/crtn.o
 *(.fini)
 .fini          0x08013394        0x4 /home/laurence/ARM-GCC/gcc-arm-none-eabi-5_3-2016q1/bin/../lib/gcc/arm-none-eabi/5.3.1/armv7-m/crti.o
                0x08013394                _fini
 .fini          0x08013398        0x8 /home/laurence/ARM-GCC/gcc-arm-none-eabi-5_3-2016q1/bin/../lib/gcc/arm-none-eabi/5.3.1/armv7-m/crtn.o
                0x080133a0                . = ALIGN (0x4)
                0x080133a0                _etext = .
                0x080133a0                _sidata = _etext

.vfp11_veneer   0x080133a0        0x0
 .vfp11_veneer  0x080133a0        0x0 linker stubs

.v4_bx          0x080133a0        0x0
 .v4_bx         0x080133a0        0x0 linker stubs

.iplt           0x080133a0        0x0
 .iplt          0x080133a0        0x0 /home/laurence/ARM-GCC/gcc-arm-none-eabi-5_3-2016q1/bin/../lib/gcc/arm-none-eabi/5.3.1/armv7-m/crtbegin.o

.rel.dyn        0x080133a0        0x0
 .rel.iplt      0x080133a0        0x0 /home/laurence/ARM-GCC/gcc-arm-none-eabi-5_3-2016q1/bin/../lib/gcc/arm-none-eabi/5.3.1/armv7-m/crtbegin.o

.flashpatch     0x00000000        0x0
                0x00000000                . = ALIGN (0x4)
 *(.flashpatch)
                0x00000000                . = ALIGN (0x4)

.endflash       0x00000000        0x0
                0x00000000                . = ALIGN (0x4)
 *(.endflash)
                0x00000000                . = ALIGN (0x4)
                0x00000000                _e_endflash = .

.data           0x20000000      0xa38 load address 0x080133a0
                0x20000000                . = ALIGN (0x4)
                0x20000000                _sdata = .
                0x20000000                _data = .
 *(.data)
 .data          0x20000000        0x9 /tmp/ccZ6BWUH.ltrans0.ltrans.o
                0x20000008                SP1ML_network_address
 *fill*         0x20000009        0x3 
 .data          0x2000000c       0x7c /tmp/ccZ6BWUH.ltrans1.ltrans.o
                0x2000006c                pEpInt_OUT
 .data          0x20000088        0x2 /tmp/ccZ6BWUH.ltrans2.ltrans.o
 *fill*         0x2000008a        0x2 
 .data          0x2000008c       0x12 /tmp/ccZ6BWUH.ltrans3.ltrans.o
                0x2000008c                Scsi_Sense_Data
 *fill*         0x2000009e        0x2 
 .data          0x200000a0        0x2 /tmp/ccZ6BWUH.ltrans8.ltrans.o
 *fill*         0x200000a2        0x2 
 .data          0x200000a4       0x24 /tmp/ccZ6BWUH.ltrans10.ltrans.o
 .data          0x200000c8        0x1 /tmp/ccZ6BWUH.ltrans11.ltrans.o
                0x200000c8                rtc_correction
 *fill*         0x200000c9        0x3 
 .data          0x200000cc       0x7d /tmp/ccZ6BWUH.ltrans12.ltrans.o
                0x200000cc                Device_Property
                0x20000100                I2C_jobs
 .data          0x20000149        0x1 /tmp/ccZ6BWUH.ltrans14.ltrans.o
                0x20000149                Stat.lto_priv.67
 *fill*         0x2000014a        0x2 
 .data          0x2000014c       0x78 /tmp/ccZ6BWUH.ltrans15.ltrans.o
                0x200001a0                User_Standard_Requests
 .data          0x200001c4       0x20 /tmp/ccZ6BWUH.ltrans16.ltrans.o
                0x200001c4                Device_Table
                0x200001c8                pEpInt_IN
 *(.data.*)
 .data.ADCPrescTable
                0x200001e4        0x4 lib/STM32F10x_StdPeriph_Driver/libstm32fw.a(stm32f10x_rcc.o)
 .data.APBAHBPrescTable
                0x200001e8       0x10 lib/STM32F10x_StdPeriph_Driver/libstm32fw.a(stm32f10x_rcc.o)
 .data.impure_data
                0x200001f8      0x428 /home/laurence/ARM-GCC/gcc-arm-none-eabi-5_3-2016q1/bin/../lib/gcc/arm-none-eabi/5.3.1/../../../../arm-none-eabi/lib/armv7-m/libg.a(lib_a-impure.o)
 .data._impure_ptr
                0x20000620        0x4 /home/laurence/ARM-GCC/gcc-arm-none-eabi-5_3-2016q1/bin/../lib/gcc/arm-none-eabi/5.3.1/../../../../arm-none-eabi/lib/armv7-m/libg.a(lib_a-impure.o)
                0x20000620                _impure_ptr
 .data.__fdlib_version
                0x20000624        0x1 /home/laurence/ARM-GCC/gcc-arm-none-eabi-5_3-2016q1/bin/../lib/gcc/arm-none-eabi/5.3.1/../../../../arm-none-eabi/lib/armv7-m/libm.a(lib_a-s_lib_ver.o)
                0x20000624                __fdlib_version
 *fill*         0x20000625        0x3 
 .data.__malloc_av_
                0x20000628      0x408 /home/laurence/ARM-GCC/gcc-arm-none-eabi-5_3-2016q1/bin/../lib/gcc/arm-none-eabi/5.3.1/../../../../arm-none-eabi/lib/armv7-m/libg.a(lib_a-mallocr.o)
                0x20000628                __malloc_av_
 .data.__malloc_trim_threshold
                0x20000a30        0x4 /home/laurence/ARM-GCC/gcc-arm-none-eabi-5_3-2016q1/bin/../lib/gcc/arm-none-eabi/5.3.1/../../../../arm-none-eabi/lib/armv7-m/libg.a(lib_a-mallocr.o)
                0x20000a30                __malloc_trim_threshold
 .data.__malloc_sbrk_base
                0x20000a34        0x4 /home/laurence/ARM-GCC/gcc-arm-none-eabi-5_3-2016q1/bin/../lib/gcc/arm-none-eabi/5.3.1/../../../../arm-none-eabi/lib/armv7-m/libg.a(lib_a-mallocr.o)
                0x20000a34                __malloc_sbrk_base
 *(.RAMtext)
                0x20000a38                . = ALIGN (0x4)
                0x20000a38                _edata = .
                0x08013dd8                _eidata = (_sidata + (_edata - _sdata))
                0x08020000                _lastdataromaddress = (ORIGIN (FLASH) + LENGTH (FLASH))
                0x00000000                toobig = (_eidata > _lastdataromaddress)?!!!!!!!!! FLASH IS FULL !!!!!!!!!:0x0

.igot.plt       0x20000a38        0x0 load address 0x08013dd8
 .igot.plt      0x20000a38        0x0 /home/laurence/ARM-GCC/gcc-arm-none-eabi-5_3-2016q1/bin/../lib/gcc/arm-none-eabi/5.3.1/armv7-m/crtbegin.o

.bss            0x20000a38     0x1394 load address 0x08013dd8
                0x20000a38                . = ALIGN (0x4)
                0x20000a38                _sbss = .
                0x20000a38                _bss = .
 *(.bss)
 .bss           0x20000a38      0x70c /tmp/ccZ6BWUH.ltrans0.ltrans.o
                0x20000e60                bootsource
                0x20000e64                Millis
                0x20000e6c                rputchar.lto_priv.91
                0x20000e70                Status
                0x20000e74                Data_Buffer
                0x20000e78                bDeviceState
                0x20000e7c                Battery_Voltage
                0x20000e80                Jobs
                0x20000ebc                file_opened
                0x20000ec0                PI_glob
                0x20000ed8                I_limits
                0x20000ee4                flashCodeEnabled
                0x20000ef0                GPS_telem
                0x20000f00                flashCode
                0x20000f05                SP1ML_state
                0x20000f09                System_state_Global
                0x20000f0a                Shutdown_System
                0x20001140                FatFs.lto_priv.96
 .bss           0x20001144       0x18 /tmp/ccZ6BWUH.ltrans1.ltrans.o
                0x2000114c                SCSI_LBA
                0x20001150                SCSI_BlkLen
 .bss           0x2000115c      0x2ed /tmp/ccZ6BWUH.ltrans2.ltrans.o
                0x2000115c                Usart1_tx_buff
                0x20001254                Completed_Jobs
                0x20001258                LSM9DS1_Gyro_Buffer
                0x20001264                IMU_buff
                0x20001304                LSM9DS1_Acc_Buffer
                0x2000130c                LSM9DS1_Mag_Buffer
                0x2000131c                I2C1error
                0x2000131e                I2C_failure
                0x200013e0                Filtered_ECG
                0x200013f4                SP1ML_tx_rx_state
                0x20001400                SP1ML_tx_sequence_number
                0x20001404                Usart3_rx_buff
                0x20001414                RN42_tx_sequence_number
                0x20001418                Usart1_rx_buff
                0x20001434                Usart3_tx_buff
                0x20001444                SP1ML_tx_bytes
                0x20001448                SP1ML_withold
 *fill*         0x20001449        0x3 
 .bss           0x2000144c       0x88 /tmp/ccZ6BWUH.ltrans3.ltrans.o
                0x2000144c                CBW
                0x2000146c                Mass_Block_Count
                0x20001474                Mass_Block_Size
                0x2000147c                Data_Len
                0x20001484                TransferState
                0x20001494                Bulk_Data_Buff
 .bss           0x200014d4       0x80 /tmp/ccZ6BWUH.ltrans4.ltrans.o
 .bss           0x20001554        0x2 /tmp/ccZ6BWUH.ltrans6.ltrans.o
 .bss           0x20001556        0x4 /tmp/ccZ6BWUH.ltrans9.ltrans.o
 *fill*         0x2000155a        0x2 
 .bss           0x2000155c        0xc /tmp/ccZ6BWUH.ltrans10.ltrans.o
 .bss           0x20001568      0x324 /tmp/ccZ6BWUH.ltrans11.ltrans.o
                0x20001568                FATFS_wavfile
                0x2000178c                LSM9DS1_Mag_Offset
                0x20001794                Gps_Buffer
                0x200017a0                wct.lto_priv.70
                0x200017a2                channel_wct_conf.lto_priv.69
                0x200017a3                ADS1298_Error_Status
                0x200017a4                Enable.lto_priv.72
                0x200017a8                ECG_buffers
                0x20001828                Gain.lto_priv.78
                0x20001829                Actual_gain.lto_priv.75
                0x2000182a                Cap.lto_priv.74
                0x2000182b                quality_mask.lto_priv.71
                0x2000182c                qualityfilter.lto_priv.73
                0x2000184c                old_wct.lto_priv.77
                0x2000184e                old_quality_mask.lto_priv.76
                0x20001858                Gps
                0x2000188b                read_transaction.lto_priv.68
 .bss           0x2000188c       0x15 /tmp/ccZ6BWUH.ltrans12.ltrans.o
                0x2000188c                wIstr
                0x20001890                Timer1.lto_priv.93
 *fill*         0x200018a1        0x3 
 .bss           0x200018a4      0x44d /tmp/ccZ6BWUH.ltrans13.ltrans.o
                0x200018a8                FATFS_wavfile_gps
                0x20001acc                FATFS_wavfile_imu
                0x20001cf0                CurrVol.lto_priv.95
 *fill*         0x20001cf1        0x3 
 .bss           0x20001cf4       0x40 /tmp/ccZ6BWUH.ltrans14.ltrans.o
                0x20001cf4                CardType.lto_priv.92
                0x20001cf5                Sd_Spi_Called_From_USB_MSC
                0x20001cf8                CSW
                0x20001d08                Bot_State
                0x20001d0c                print_string
                0x20001d30                Timer2.lto_priv.89
 .bss           0x20001d34        0x6 /tmp/ccZ6BWUH.ltrans15.ltrans.o
                0x20001d34                Max_Lun