Archive member included to satisfy reference by file (symbol)

lib/STM32F10x_StdPeriph_Driver/libstm32fw.a(misc.o)
                              interrupts.o (symbol from plugin) (NVIC_PriorityGroupConfig)
lib/STM32F10x_StdPeriph_Driver/libstm32fw.a(stm32f10x_adc.o)
                              adc.o (symbol from plugin) (ADC_DeInit)
lib/STM32F10x_StdPeriph_Driver/libstm32fw.a(stm32f10x_bkp.o)
                              Util/fat_fs/src/rtc.o (symbol from plugin) (BKP_DeInit)
lib/STM32F10x_StdPeriph_Driver/libstm32fw.a(stm32f10x_dbgmcu.o)
                              main.o (symbol from plugin) (DBGMCU_Config)
lib/STM32F10x_StdPeriph_Driver/libstm32fw.a(stm32f10x_dma.o)
                              Util/fat_fs/src/sd_spi_stm32.o (symbol from plugin) (DMA_DeInit)
lib/STM32F10x_StdPeriph_Driver/libstm32fw.a(stm32f10x_exti.o)
                              interrupts.o (symbol from plugin) (EXTI_DeInit)
lib/STM32F10x_StdPeriph_Driver/libstm32fw.a(stm32f10x_gpio.o)
                              Util/fat_fs/src/sd_spi_stm32.o (symbol from plugin) (GPIO_Init)
lib/STM32F10x_StdPeriph_Driver/libstm32fw.a(stm32f10x_i2c.o)
                              i2c_int.o (symbol from plugin) (I2C_DeInit)
lib/STM32F10x_StdPeriph_Driver/libstm32fw.a(stm32f10x_iwdg.o)
                              watchdog.o (symbol from plugin) (IWDG_WriteAccessCmd)
lib/STM32F10x_StdPeriph_Driver/libstm32fw.a(stm32f10x_pwr.o)
                              pwr.o (symbol from plugin) (PWR_DeInit)
lib/STM32F10x_StdPeriph_Driver/libstm32fw.a(stm32f10x_rcc.o)
                              interrupts.o (symbol from plugin) (RCC_HCLKConfig)
lib/STM32F10x_StdPeriph_Driver/libstm32fw.a(stm32f10x_rtc.o)
                              Util/fat_fs/src/rtc.o (symbol from plugin) (RTC_GetCounter)
lib/STM32F10x_StdPeriph_Driver/libstm32fw.a(stm32f10x_spi.o)
                              Util/fat_fs/src/sd_spi_stm32.o (symbol from plugin) (SPI_I2S_DeInit)
lib/STM32F10x_StdPeriph_Driver/libstm32fw.a(stm32f10x_tim.o)
                              timer.o (symbol from plugin) (TIM_DeInit)
lib/STM32F10x_StdPeriph_Driver/libstm32fw.a(stm32f10x_usart.o)
                              Util/rn42_command.o (symbol from plugin) (USART_DeInit)
lib/STM32_USB-FS-Device_Driver/libstm32usb.a(usb_core.o)
                              Util/USB/usb_prop.o (symbol from plugin) (Standard_GetDescriptorData)
lib/STM32_USB-FS-Device_Driver/libstm32usb.a(usb_init.o)
                              main.o (symbol from plugin) (USB_Init)
lib/STM32_USB-FS-Device_Driver/libstm32usb.a(usb_int.o)
                              Util/USB/usb_istr.o (symbol from plugin) (CTR_LP)
lib/STM32_USB-FS-Device_Driver/libstm32usb.a(usb_mem.o)
                              lib/STM32_USB-FS-Device_Driver/libstm32usb.a(usb_core.o) (UserToPMABufferCopy)
lib/STM32_USB-FS-Device_Driver/libstm32usb.a(usb_regs.o)
                              Util/USB/usb_prop.o (symbol from plugin) (SetBTABLE)
lib/STM32_USB-FS-Device_Driver/libstm32usb.a(usb_sil.o)
                              Util/USB/usb_prop.o (symbol from plugin) (USB_SIL_Init)
/home/laurence/ARM-GCC/gcc-arm-none-eabi-5_3-2016q1/bin/../lib/gcc/arm-none-eabi/5.3.1/../../../../arm-none-eabi/lib/armv7-m/libc_nano.a(lib_a-exit.o)
                              /home/laurence/ARM-GCC/gcc-arm-none-eabi-5_3-2016q1/bin/../lib/gcc/arm-none-eabi/5.3.1/../../../../arm-none-eabi/lib/armv7-m/crt0.o (exit)
/home/laurence/ARM-GCC/gcc-arm-none-eabi-5_3-2016q1/bin/../lib/gcc/arm-none-eabi/5.3.1/../../../../arm-none-eabi/lib/armv7-m/libc_nano.a(lib_a-impure.o)
                              /home/laurence/ARM-GCC/gcc-arm-none-eabi-5_3-2016q1/bin/../lib/gcc/arm-none-eabi/5.3.1/../../../../arm-none-eabi/lib/armv7-m/libc_nano.a(lib_a-exit.o) (_global_impure_ptr)
/home/laurence/ARM-GCC/gcc-arm-none-eabi-5_3-2016q1/bin/../lib/gcc/arm-none-eabi/5.3.1/../../../../arm-none-eabi/lib/armv7-m/libc_nano.a(lib_a-init.o)
                              /home/laurence/ARM-GCC/gcc-arm-none-eabi-5_3-2016q1/bin/../lib/gcc/arm-none-eabi/5.3.1/../../../../arm-none-eabi/lib/armv7-m/crt0.o (__libc_init_array)
/home/laurence/ARM-GCC/gcc-arm-none-eabi-5_3-2016q1/bin/../lib/gcc/arm-none-eabi/5.3.1/../../../../arm-none-eabi/lib/armv7-m/libc_nano.a(lib_a-memset.o)
                              /home/laurence/ARM-GCC/gcc-arm-none-eabi-5_3-2016q1/bin/../lib/gcc/arm-none-eabi/5.3.1/../../../../arm-none-eabi/lib/armv7-m/crt0.o (memset)
/home/laurence/ARM-GCC/gcc-arm-none-eabi-5_3-2016q1/bin/../lib/gcc/arm-none-eabi/5.3.1/../../../../arm-none-eabi/lib/armv7-m/libc_nano.a(lib_a-rand.o)
                              Util/sp1ml_command.o (symbol from plugin) (srand)
/home/laurence/ARM-GCC/gcc-arm-none-eabi-5_3-2016q1/bin/../lib/gcc/arm-none-eabi/5.3.1/../../../../arm-none-eabi/lib/armv7-m/libc_nano.a(lib_a-malloc.o)
                              /home/laurence/ARM-GCC/gcc-arm-none-eabi-5_3-2016q1/bin/../lib/gcc/arm-none-eabi/5.3.1/../../../../arm-none-eabi/lib/armv7-m/libc_nano.a(lib_a-rand.o) (malloc)
[...]
Memory Configuration

Name             Origin             Length             Attributes
RAM              0x20000000         0x00005000         xrw
FLASH            0x08000000         0x00020000         xr
*default*        0x00000000         0xffffffff

Linker script and memory map

LOAD /home/laurence/ARM-GCC/gcc-arm-none-eabi-5_3-2016q1/bin/../lib/gcc/arm-none-eabi/5.3.1/armv7-m/crti.o
LOAD /home/laurence/ARM-GCC/gcc-arm-none-eabi-5_3-2016q1/bin/../lib/gcc/arm-none-eabi/5.3.1/armv7-m/crtbegin.o
LOAD /home/laurence/ARM-GCC/gcc-arm-none-eabi-5_3-2016q1/bin/../lib/gcc/arm-none-eabi/5.3.1/../../../../arm-none-eabi/lib/armv7-m/crt0.o
LOAD Util/USB/hw_config.o
LOAD /tmp/ccSuWhpi.ltrans0.ltrans.o
LOAD /tmp/ccSuWhpi.ltrans1.ltrans.o
LOAD /tmp/ccSuWhpi.ltrans2.ltrans.o
LOAD /tmp/ccSuWhpi.ltrans3.ltrans.o
LOAD /tmp/ccSuWhpi.ltrans4.ltrans.o
LOAD /tmp/ccSuWhpi.ltrans5.ltrans.o
LOAD /tmp/ccSuWhpi.ltrans6.ltrans.o
LOAD /tmp/ccSuWhpi.ltrans7.ltrans.o
LOAD /tmp/ccSuWhpi.ltrans8.ltrans.o
LOAD /tmp/ccSuWhpi.ltrans9.ltrans.o
LOAD /tmp/ccSuWhpi.ltrans10.ltrans.o
LOAD Util/USB/mass_mal.o
LOAD Util/USB/memory.o
LOAD Util/USB/scsi_data.o
LOAD Util/USB/usb_bot.o
LOAD Util/USB/usb_desc.o
LOAD Util/USB/usb_endp.o
LOAD Util/USB/usb_istr.o
LOAD Util/USB/usb_prop.o
LOAD Util/USB/usb_pwr.o
LOAD Util/USB/usb_scsi.o
LOAD Util/buffer.o
LOAD Util/data_alignment.o
LOAD Util/dcm_attitude.o
LOAD Util/delay.o
LOAD Util/fat_fs/option/ccsbcs.o
LOAD Util/fat_fs/src/fattime.o
LOAD Util/fat_fs/src/ff.o
LOAD Util/fat_fs/src/rtc.o
LOAD Util/fat_fs/src/sd_spi_stm32.o
LOAD Util/filter.o
LOAD Util/load_setting.o
LOAD Util/rn42_command.o
LOAD Util/rn42_conf.o
LOAD Util/rprintf.o
LOAD Util/rtc_correct.o
LOAD Util/sp1ml_command.o
LOAD Util/wave.o
LOAD adc.o
LOAD bootload.o
LOAD dma.o
LOAD gpio.o
LOAD i2c_int.o
LOAD interrupts.o
LOAD lib/ARM-GCC/startup_ARMCM3.o
LOAD lib/CMSIS_CM3/core_cm3.o
LOAD lib/CMSIS_CM3/system_stm32f10x.o
LOAD main.o
LOAD pwr.o
LOAD timer.o
LOAD usart.o
LOAD watchdog.o
LOAD Sensors/ads1298.o
LOAD Sensors/lsm9ds1.o
LOAD Sensors/ubx.o
LOAD lib/STM32F10x_StdPeriph_Driver/libstm32fw.a
LOAD lib/STM32_USB-FS-Device_Driver/libstm32usb.a
LOAD /home/laurence/ARM-GCC/gcc-arm-none-eabi-5_3-2016q1/bin/../lib/gcc/arm-none-eabi/5.3.1/../../../../arm-none-eabi/lib/armv7-m/libm.a
LOAD /home/laurence/ARM-GCC/gcc-arm-none-eabi-5_3-2016q1/bin/../lib/gcc/arm-none-eabi/5.3.1/../../../../arm-none-eabi/lib/armv7-m/libnosys.a
START GROUP
LOAD /home/laurence/ARM-GCC/gcc-arm-none-eabi-5_3-2016q1/bin/../lib/gcc/arm-none-eabi/5.3.1/armv7-m/libgcc.a
LOAD /home/laurence/ARM-GCC/gcc-arm-none-eabi-5_3-2016q1/bin/../lib/gcc/arm-none-eabi/5.3.1/../../../../arm-none-eabi/lib/armv7-m/libc_nano.a
END GROUP
START GROUP
LOAD /home/laurence/ARM-GCC/gcc-arm-none-eabi-5_3-2016q1/bin/../lib/gcc/arm-none-eabi/5.3.1/armv7-m/libgcc.a
LOAD /home/laurence/ARM-GCC/gcc-arm-none-eabi-5_3-2016q1/bin/../lib/gcc/arm-none-eabi/5.3.1/../../../../arm-none-eabi/lib/armv7-m/libc_nano.a
LOAD /home/laurence/ARM-GCC/gcc-arm-none-eabi-5_3-2016q1/bin/../lib/gcc/arm-none-eabi/5.3.1/../../../../arm-none-eabi/lib/armv7-m/libnosys.a
END GROUP
START GROUP
LOAD /home/laurence/ARM-GCC/gcc-arm-none-eabi-5_3-2016q1/bin/../lib/gcc/arm-none-eabi/5.3.1/armv7-m/libgcc.a
LOAD /home/laurence/ARM-GCC/gcc-arm-none-eabi-5_3-2016q1/bin/../lib/gcc/arm-none-eabi/5.3.1/../../../../arm-none-eabi/lib/armv7-m/libc_nano.a
LOAD /home/laurence/ARM-GCC/gcc-arm-none-eabi-5_3-2016q1/bin/../lib/gcc/arm-none-eabi/5.3.1/../../../../arm-none-eabi/lib/armv7-m/libnosys.a
END GROUP
LOAD /home/laurence/ARM-GCC/gcc-arm-none-eabi-5_3-2016q1/bin/../lib/gcc/arm-none-eabi/5.3.1/armv7-m/crtend.o
LOAD /home/laurence/ARM-GCC/gcc-arm-none-eabi-5_3-2016q1/bin/../lib/gcc/arm-none-eabi/5.3.1/armv7-m/crtn.o
                0x00002000                __HEAP_SIZE = 0x2000
                0x00000c00                __STACK_SIZE = 0xc00

.text           0x08000000     0xf61c
 *(.isr_vector)
 .isr_vector    0x08000000      0x10c lib/ARM-GCC/startup_ARMCM3.o
                0x08000000                __isr_vector
 *(.text*)
 .text          0x0800010c       0x5c /home/laurence/ARM-GCC/gcc-arm-none-eabi-5_3-2016q1/bin/../lib/gcc/arm-none-eabi/5.3.1/armv7-m/crtbegin.o
 .text          0x08000168       0x74 /home/laurence/ARM-GCC/gcc-arm-none-eabi-5_3-2016q1/bin/../lib/gcc/arm-none-eabi/5.3.1/../../../../arm-none-eabi/lib/armv7-m/crt0.o
                0x08000168                _mainCRTStartup
                0x08000168                _start
 *fill*         0x080001dc        0x4 
 .text.startup.main
                0x080001e0     0x21c8 /tmp/ccSuWhpi.ltrans0.ltrans.o
                0x080001e0                main
 .text.Get_Max_Lun
                0x080023a8       0x18 /tmp/ccSuWhpi.ltrans1.ltrans.o
 .text.MASS_Get_Interface_Setting
                0x080023c0       0x10 /tmp/ccSuWhpi.ltrans1.ltrans.o
                0x080023c0                MASS_Get_Interface_Setting
 .text.MASS_Data_Setup
                0x080023d0       0x3c /tmp/ccSuWhpi.ltrans1.ltrans.o
                0x080023d0                MASS_Data_Setup
 .text.MASS_Status_In
                0x0800240c        0x2 /tmp/ccSuWhpi.ltrans1.ltrans.o
                0x0800240c                MASS_Status_In
 .text.MASS_Status_Out
                0x0800240e        0x2 /tmp/ccSuWhpi.ltrans1.ltrans.o
                0x0800240e                MASS_Status_Out
 .text.Mass_Storage_SetDeviceAddress
                0x08002410        0xc /tmp/ccSuWhpi.ltrans1.ltrans.o
 .text.IntToUnicode
                0x0800241c       0x2a /tmp/ccSuWhpi.ltrans1.ltrans.o
 *fill*         0x08002446        0x2 
 .text.MASS_GetStringDescriptor
                0x08002448       0x20 /tmp/ccSuWhpi.ltrans1.ltrans.o
                0x08002448                MASS_GetStringDescriptor
 .text.MASS_GetConfigDescriptor
                0x08002468        0xc /tmp/ccSuWhpi.ltrans1.ltrans.o
                0x08002468                MASS_GetConfigDescriptor
 .text.MASS_GetDeviceDescriptor
                0x08002474        0xc /tmp/ccSuWhpi.ltrans1.ltrans.o
                0x08002474                MASS_GetDeviceDescriptor
 .text.MASS_NoData_Setup
                0x08002480       0x4c /tmp/ccSuWhpi.ltrans1.ltrans.o
                0x08002480                MASS_NoData_Setup
 .text.Mass_Storage_SetConfiguration
                0x080024cc       0x30 /tmp/ccSuWhpi.ltrans1.ltrans.o
 .text.MASS_Reset
                0x080024fc       0xf0 /tmp/ccSuWhpi.ltrans1.ltrans.o
                0x080024fc                MASS_Reset
 .text.MASS_init
                0x080025ec       0x70 /tmp/ccSuWhpi.ltrans1.ltrans.o
                0x080025ec                MASS_init
 .text.unlikely.Transfer_Data_Request
                0x0800265c       0x34 /tmp/ccSuWhpi.ltrans1.ltrans.o
 .text.unlikely.MAL_GetStatus
                0x08002690       0xdc /tmp/ccSuWhpi.ltrans1.ltrans.o
 .text.Resume_Init
                0x0800276c       0x54 /tmp/ccSuWhpi.ltrans1.ltrans.o
                0x0800276c                Resume_Init
 .text.Bot_Abort.part.2.lto_priv.86
                0x080027c0       0x18 /tmp/ccSuWhpi.ltrans1.ltrans.o
                0x080027c0                Bot_Abort.part.2.lto_priv.86
 .text.Mass_Storage_ClearFeature
                0x080027d8       0x18 /tmp/ccSuWhpi.ltrans1.ltrans.o
 .text.Set_CSW  0x080027f0       0x3c /tmp/ccSuWhpi.ltrans1.ltrans.o
                0x080027f0                Set_CSW
 .text.EP2_OUT_Callback
                0x0800282c      0x2f4 /tmp/ccSuWhpi.ltrans1.ltrans.o
 .text.EP1_IN_Callback
                0x08002b20       0x58 /tmp/ccSuWhpi.ltrans1.ltrans.o
 .text.Read_Memory
                0x08002b78      0x160 /tmp/ccSuWhpi.ltrans1.ltrans.o
                0x08002b78                Read_Memory
 .text.hex_to_byte
                0x08002cd8       0x18 /tmp/ccSuWhpi.ltrans2.ltrans.o
 .text.SP1ML_generate_packet
                0x08002cf0       0xbc /tmp/ccSuWhpi.ltrans2.ltrans.o
                0x08002cf0                SP1ML_generate_packet
 .text.ADC_Configuration
                0x08002dac      0x10c /tmp/ccSuWhpi.ltrans2.ltrans.o
                0x08002dac                ADC_Configuration
 .text.wave_terminate
                0x08002eb8       0xde /tmp/ccSuWhpi.ltrans2.ltrans.o
                0x08002eb8                wave_terminate
 .text.write_wave_samples
                0x08002f96       0xaa /tmp/ccSuWhpi.ltrans2.ltrans.o
                0x08002f96                write_wave_samples
 .text.write_wave_header
                0x08003040       0xdc /tmp/ccSuWhpi.ltrans2.ltrans.o
                0x08003040                write_wave_header
 .text.SP1ML_configure.part.0.lto_priv.65
                0x0800311c      0x1b8 /tmp/ccSuWhpi.ltrans2.ltrans.o
                0x0800311c                SP1ML_configure.part.0.lto_priv.65
 .text.SP1ML_command
                0x080032d4       0xb8 /tmp/ccSuWhpi.ltrans2.ltrans.o
                0x080032d4                SP1ML_command
 .text.SP1ML_assign_addr
                0x0800338c       0x60 /tmp/ccSuWhpi.ltrans2.ltrans.o
                0x0800338c                SP1ML_assign_addr
 *fill*         0x080033ec        0x4 
 .text.SP1ML_rx_tx_data_processor
                0x080033f0      0x830 /tmp/ccSuWhpi.ltrans2.ltrans.o
                0x080033f0                SP1ML_rx_tx_data_processor
 .text.update_rtc_timestamp
                0x08003c20       0x2a /tmp/ccSuWhpi.ltrans2.ltrans.o
                0x08003c20                update_rtc_timestamp
 *fill*         0x08003c4a        0x2 
 .text.ads1298_spi_dma_transaction
                0x08003c4c       0xe8 /tmp/ccSuWhpi.ltrans3.ltrans.o
                0x08003c4c                ads1298_spi_dma_transaction
 *fill*         0x08003d34        0x4 
 .text.DMA1_Channel4_IRQHandler
                0x08003d38     0x140c /tmp/ccSuWhpi.ltrans3.ltrans.o
                0x08003d38                DMA1_Channel4_IRQHandler
 .text.ads1298_busy_wait_command
                0x08005144       0x4c /tmp/ccSuWhpi.ltrans3.ltrans.o
                0x08005144                ads1298_busy_wait_command
 .text.unlikely.ads1298_busy_wait_write
                0x08005190       0x88 /tmp/ccSuWhpi.ltrans3.ltrans.o
                0x08005190                ads1298_busy_wait_write
 .text.stm32_spi_rw.lto_priv.75
                0x08005218       0x24 /tmp/ccSuWhpi.ltrans4.ltrans.o
                0x08005218                stm32_spi_rw.lto_priv.75
 .text.rcvr_spi.lto_priv.76
                0x0800523c        0x6 /tmp/ccSuWhpi.ltrans4.ltrans.o
                0x0800523c                rcvr_spi.lto_priv.76
 .text.my_RTC_SetCounter
                0x08005242       0x22 /tmp/ccSuWhpi.ltrans4.ltrans.o
                0x08005242                my_RTC_SetCounter
 .text.counter_to_struct.lto_priv.70
                0x08005264       0xc4 /tmp/ccSuWhpi.ltrans4.ltrans.o
                0x08005264                counter_to_struct.lto_priv.70
 .text.isDST.lto_priv.69
                0x08005328       0x2c /tmp/ccSuWhpi.ltrans4.ltrans.o
                0x08005328                isDST.lto_priv.69
 .text.rtc_gettime
                0x08005354       0x70 /tmp/ccSuWhpi.ltrans4.ltrans.o
                0x08005354                rtc_gettime
 .text.dir_find.part.4.lto_priv.83
                0x080053c4      0x16c /tmp/ccSuWhpi.ltrans4.ltrans.o
                0x080053c4                dir_find.part.4.lto_priv.83
 .text.validate.lto_priv.61
                0x08005530       0x30 /tmp/ccSuWhpi.ltrans4.ltrans.o
                0x08005530                validate.lto_priv.61
 .text.f_lseek  0x08005560      0x144 /tmp/ccSuWhpi.ltrans4.ltrans.o
                0x08005560                f_lseek
 .text.f_sync   0x080056a4       0xa8 /tmp/ccSuWhpi.ltrans4.ltrans.o
                0x080056a4                f_sync
 .text.f_close  0x0800574c        0xe /tmp/ccSuWhpi.ltrans4.ltrans.o
                0x0800574c                f_close
 .text.f_write  0x0800575a      0x18c /tmp/ccSuWhpi.ltrans4.ltrans.o
                0x0800575a                f_write
 *fill*         0x080058e6        0x2 
 .text.chk_mounted.lto_priv.57
                0x080058e8      0x240 /tmp/ccSuWhpi.ltrans4.ltrans.o
                0x080058e8                chk_mounted.lto_priv.57
 .text.f_open   0x08005b28      0x136 /tmp/ccSuWhpi.ltrans4.ltrans.o
                0x08005b28                f_open
 *fill*         0x08005c5e        0x2 
 .text.SystemInit
                0x08005c60       0xe8 /tmp/ccSuWhpi.ltrans5.ltrans.o
                0x08005c60                SystemInit
 .text.USB_LP_CAN1_RX0_IRQHandler
                0x08005d48       0xf0 /tmp/ccSuWhpi.ltrans5.ltrans.o
                0x08005d48                USB_LP_CAN1_RX0_IRQHandler
 .text.USB_HP_CAN1_TX_IRQHandler
                0x08005e38        0x4 /tmp/ccSuWhpi.ltrans5.ltrans.o
                0x08005e38                USB_HP_CAN1_TX_IRQHandler
 *fill*         0x08005e3c        0x4 
 .text.SysTick_Handler
                0x08005e40      0x17c /tmp/ccSuWhpi.ltrans5.ltrans.o
                0x08005e40                SysTick_Handler
 .text.EXTI15_10_IRQHandler
                0x08005fbc       0x64 /tmp/ccSuWhpi.ltrans5.ltrans.o
                0x08005fbc                EXTI15_10_IRQHandler
 .text.ADC1_2_IRQHandler
                0x08006020       0x70 /tmp/ccSuWhpi.ltrans5.ltrans.o
                0x08006020                ADC1_2_IRQHandler
 .text.EXTI_ONOFF_EN
                0x08006090       0x54 /tmp/ccSuWhpi.ltrans5.ltrans.o
                0x08006090                EXTI_ONOFF_EN
 .text.I2C_Config
                0x080060e4      0x1c8 /tmp/ccSuWhpi.ltrans5.ltrans.o
                0x080060e4                I2C_Config
 .text.I2C1_ER_IRQHandler
                0x080062ac      0x12c /tmp/ccSuWhpi.ltrans5.ltrans.o
                0x080062ac                I2C1_ER_IRQHandler
 .text.I2C1_EV_IRQHandler
                0x080063d8      0x590 /tmp/ccSuWhpi.ltrans5.ltrans.o
                0x080063d8                I2C1_EV_IRQHandler
 .text.red_flash
                0x08006968       0x2c /tmp/ccSuWhpi.ltrans5.ltrans.o
                0x08006968                red_flash
 .text.EXTI0_IRQHandler
                0x08006994       0x7c /tmp/ccSuWhpi.ltrans5.ltrans.o
                0x08006994                EXTI0_IRQHandler
 .text.switch_leds_off
                0x08006a10       0x1c /tmp/ccSuWhpi.ltrans5.ltrans.o
                0x08006a10                switch_leds_off
 .text.switch_leds_on
                0x08006a2c       0x1c /tmp/ccSuWhpi.ltrans5.ltrans.o
                0x08006a2c                switch_leds_on
 .text.SCSI_Address_Management
                0x08006a48       0x6c /tmp/ccSuWhpi.ltrans6.ltrans.o
 .text.clust2sect
                0x08006ab4       0x16 /tmp/ccSuWhpi.ltrans6.ltrans.o
                0x08006ab4                clust2sect
 .text.move_window.lto_priv.59
                0x08006aca       0x76 /tmp/ccSuWhpi.ltrans6.ltrans.o
                0x08006aca                move_window.lto_priv.59
 .text.put_fat  0x08006b40       0xf6 /tmp/ccSuWhpi.ltrans6.ltrans.o
                0x08006b40                put_fat
 .text.get_fat  0x08006c36       0xcc /tmp/ccSuWhpi.ltrans6.ltrans.o
                0x08006c36                get_fat
 *fill*         0x08006d02        0x2 
 .text.sync.lto_priv.51
                0x08006d04       0xdc /tmp/ccSuWhpi.ltrans6.ltrans.o
                0x08006d04                sync.lto_priv.51
 .text.mem_cpy.lto_priv.55
                0x08006de0       0x14 /tmp/ccSuWhpi.ltrans6.ltrans.o
                0x08006de0                mem_cpy.lto_priv.55
 .text.get_fattime
                0x08006df4       0x42 /tmp/ccSuWhpi.ltrans6.ltrans.o
                0x08006df4                get_fattime
 .text.Delay    0x08006e36       0x18 /tmp/ccSuWhpi.ltrans6.ltrans.o
                0x08006e36                Delay
 .text.normalize_vector
                0x08006e4e       0x5e /tmp/ccSuWhpi.ltrans6.ltrans.o
                0x08006e4e                normalize_vector
 .text.Get_From_Buffer
                0x08006eac       0x4a /tmp/ccSuWhpi.ltrans6.ltrans.o
                0x08006eac                Get_From_Buffer
 .text.Add_To_Buffer
                0x08006ef6       0x56 /tmp/ccSuWhpi.ltrans6.ltrans.o
                0x08006ef6                Add_To_Buffer
 .text.unlikely.SCSI_ReadFormatCapacity_Cmd.part.0.lto_priv.87
                0x08006f4c       0x24 /tmp/ccSuWhpi.ltrans6.ltrans.o
                0x08006f4c                SCSI_TestUnitReady_Cmd.part.4.lto_priv.89
                0x08006f4c                SCSI_ReadFormatCapacity_Cmd.part.0.lto_priv.87
                0x08006f4c                SCSI_ReadCapacity10_Cmd.part.1.lto_priv.88
 .text.unlikely.SCSI_Invalid_Cmd
                0x08006f70       0x3c /tmp/ccSuWhpi.ltrans6.ltrans.o
                0x08006f70                SCSI_Invalid_Cmd
 .text.SCSI_Write10_Cmd
                0x08006fac      0x164 /tmp/ccSuWhpi.ltrans6.ltrans.o
                0x08006fac                SCSI_Write10_Cmd
 .text.SCSI_Read10_Cmd
                0x08007110       0x68 /tmp/ccSuWhpi.ltrans6.ltrans.o
                0x08007110                SCSI_Read10_Cmd
 .text.Resume   0x08007178       0xa4 /tmp/ccSuWhpi.ltrans6.ltrans.o
                0x08007178                Resume
 .text.check_fs.lto_priv.81
                0x0800721c       0x54 /tmp/ccSuWhpi.ltrans7.ltrans.o
                0x0800721c                check_fs.lto_priv.81
 .text.get_fileinfo.lto_priv.60
                0x08007270      0x10c /tmp/ccSuWhpi.ltrans7.ltrans.o
                0x08007270                get_fileinfo.lto_priv.60
 .text.sum_sfn.lto_priv.80
                0x0800737c       0x1e /tmp/ccSuWhpi.ltrans7.ltrans.o
                0x0800737c                sum_sfn.lto_priv.80
 .text.dir_sdi.lto_priv.54
                0x0800739a       0x84 /tmp/ccSuWhpi.ltrans7.ltrans.o
                0x0800739a                dir_sdi.lto_priv.54
 *fill*         0x0800741e        0x2 
 .text.follow_path.lto_priv.56
                0x08007420      0x2e4 /tmp/ccSuWhpi.ltrans7.ltrans.o
                0x08007420                follow_path.lto_priv.56
 .text.create_chain.lto_priv.67
                0x08007704       0x9a /tmp/ccSuWhpi.ltrans7.ltrans.o
                0x08007704                create_chain.lto_priv.67
 .text.dir_next.lto_priv.58
                0x0800779e      0x100 /tmp/ccSuWhpi.ltrans7.ltrans.o
                0x0800779e                dir_next.lto_priv.58
 *fill*         0x0800789e        0x2 
 .text.dir_register.lto_priv.68
                0x080078a0      0x24c /tmp/ccSuWhpi.ltrans7.ltrans.o
                0x080078a0                dir_register.lto_priv.68
 .text.dir_read.lto_priv.53
                0x08007aec       0xfc /tmp/ccSuWhpi.ltrans7.ltrans.o
                0x08007aec                dir_read.lto_priv.53
 .text.remove_chain.lto_priv.52
                0x08007be8       0x54 /tmp/ccSuWhpi.ltrans7.ltrans.o
                0x08007be8                remove_chain.lto_priv.52
 .text.atoiRamRom
                0x08007c3c       0x24 /tmp/ccSuWhpi.ltrans8.ltrans.o
 .text.rprintfChar
                0x08007c60       0x20 /tmp/ccSuWhpi.ltrans8.ltrans.o
 .text.RN42_generate_packet
                0x08007c80       0xbc /tmp/ccSuWhpi.ltrans8.ltrans.o
                0x08007c80                RN42_generate_packet
 .text.stm32_dma_transfer
                0x08007d3c       0xc8 /tmp/ccSuWhpi.ltrans8.ltrans.o
 .text.xmit_datablock.part.1
                0x08007e04       0x2c /tmp/ccSuWhpi.ltrans8.ltrans.o
 .text.set_rtc_correction
                0x08007e30       0x50 /tmp/ccSuWhpi.ltrans8.ltrans.o
                0x08007e30                set_rtc_correction
 .text.rprintf2RamRom
                0x08007e80      0x414 /tmp/ccSuWhpi.ltrans8.ltrans.o
                0x08007e80                rprintf2RamRom
 .text.rcvr_datablock
                0x08008294       0x54 /tmp/ccSuWhpi.ltrans8.ltrans.o
                0x08008294                rcvr_datablock
 .text.release_spi
                0x080082e8       0x18 /tmp/ccSuWhpi.ltrans8.ltrans.o
                0x080082e8                release_spi
 .text.wait_ready.lto_priv.85
                0x08008300       0x20 /tmp/ccSuWhpi.ltrans8.ltrans.o
                0x08008300                wait_ready.lto_priv.85
 .text.send_cmd
                0x08008320       0x94 /tmp/ccSuWhpi.ltrans8.ltrans.o
                0x08008320                send_cmd
 .text.disk_write
                0x080083b4       0xc4 /tmp/ccSuWhpi.ltrans8.ltrans.o
                0x080083b4                disk_write
 .text.disk_read
                0x08008478       0x94 /tmp/ccSuWhpi.ltrans8.ltrans.o
                0x08008478                disk_read
 .text.disk_initialize
                0x0800850c      0x218 /tmp/ccSuWhpi.ltrans8.ltrans.o
                0x0800850c                disk_initialize
 .text.Get_UBX_Ack.constprop.8
                0x08008724      0x180 /tmp/ccSuWhpi.ltrans9.ltrans.o
 .text.USART2_reconf.constprop.7
                0x080088a4       0x54 /tmp/ccSuWhpi.ltrans9.ltrans.o
 .text.vector_by_matrix.constprop.30
                0x080088f8       0x50 /tmp/ccSuWhpi.ltrans9.ltrans.o
                0x080088f8                vector_by_matrix.constprop.30
 .text.ads1298_wct_config.constprop.3
                0x08008948      0x134 /tmp/ccSuWhpi.ltrans9.ltrans.o
                0x08008948                ads1298_wct_config.constprop.3
 .text.unlikely.ads1298_setup.constprop.2
                0x08008a7c      0x398 /tmp/ccSuWhpi.ltrans9.ltrans.o
                0x08008a7c                ads1298_setup.constprop.2
 .text.Config_Gps
                0x08008e14      0x104 /tmp/ccSuWhpi.ltrans9.ltrans.o
                0x08008e14                Config_Gps
 .text.Gps_DMA_Process
                0x08008f18      0x304 /tmp/ccSuWhpi.ltrans9.ltrans.o
                0x08008f18                Gps_DMA_Process
 .text.check_lsm9ds1_functionality.part.0.lto_priv.66
                0x0800921c      0x194 /tmp/ccSuWhpi.ltrans9.ltrans.o
                0x0800921c                check_lsm9ds1_functionality.part.0.lto_priv.66
 .text.configure_i2c_buffers
                0x080093b0       0xdc /tmp/ccSuWhpi.ltrans9.ltrans.o
                0x080093b0                configure_i2c_buffers
 .text.EXTI9_5_IRQHandler
                0x0800948c       0x34 /tmp/ccSuWhpi.ltrans9.ltrans.o
                0x0800948c                EXTI9_5_IRQHandler
 .text.__usart_send_char
                0x080094c0       0x58 /tmp/ccSuWhpi.ltrans10.ltrans.o
                0x080094c0                __usart_send_char
 .text.__gps_send_char
                0x08009518       0x1c /tmp/ccSuWhpi.ltrans10.ltrans.o
 .text.__str_print_char
                0x08009534       0x30 /tmp/ccSuWhpi.ltrans10.ltrans.o
                0x08009534                __str_print_char
 .text.__fat_print_char
                0x08009564       0x20 /tmp/ccSuWhpi.ltrans10.ltrans.o
                0x08009564                __fat_print_char
 .text.__sp1ml_send_char
                0x08009584       0x38 /tmp/ccSuWhpi.ltrans10.ltrans.o
                0x08009584                __sp1ml_send_char
 .text.USART3_IRQHandler
                0x080095bc       0xb0 /tmp/ccSuWhpi.ltrans10.ltrans.o
                0x080095bc                USART3_IRQHandler
 .text.USART1_IRQHandler
                0x0800966c       0x90 /tmp/ccSuWhpi.ltrans10.ltrans.o
                0x0800966c                USART1_IRQHandler
 .text.Gps_Send_Str
                0x080096fc       0x16 /tmp/ccSuWhpi.ltrans10.ltrans.o
                0x080096fc                Gps_Send_Str
 .text.Gps_Send_Utf8
                0x08009712       0x1e /tmp/ccSuWhpi.ltrans10.ltrans.o
                0x08009712                Gps_Send_Utf8
 .text.Usart3_Send_Str
                0x08009730       0x28 /tmp/ccSuWhpi.ltrans10.ltrans.o
                0x08009730                Usart3_Send_Str
 .text.Usart_Send_Str
                0x08009758       0x16 /tmp/ccSuWhpi.ltrans10.ltrans.o
                0x08009758                Usart_Send_Str
 *fill*         0x0800976e        0x2 
 .text.shutdown_filesystem
                0x08009770      0x370 /tmp/ccSuWhpi.ltrans10.ltrans.o
                0x08009770                shutdown_filesystem
 .text.shutdown
                0x08009ae0       0x10 /tmp/ccSuWhpi.ltrans10.ltrans.o
                0x08009ae0                shutdown
 .text.file_preallocation_control
                0x08009af0       0x44 /tmp/ccSuWhpi.ltrans10.ltrans.o
                0x08009af0                file_preallocation_control
 .text          0x08009b34       0x3c lib/ARM-GCC/startup_ARMCM3.o
                0x08009b34                Reset_Handler
                0x08009b6e                EXTI2_IRQHandler
                0x08009b6e                DebugMon_Handler
                0x08009b6e                TIM1_CC_IRQHandler
                0x08009b6e                HardFault_Handler
                0x08009b6e                PVD_IRQHandler
                0x08009b6e                PendSV_Handler
                0x08009b6e                NMI_Handler
                0x08009b6e                EXTI3_IRQHandler
                0x08009b6e                I2C2_EV_IRQHandler
                0x08009b6e                UsageFault_Handler
                0x08009b6e                SPI1_IRQHandler
                0x08009b6e                TAMPER_IRQHandler
                0x08009b6e                RTC_IRQHandler
                0x08009b6e                DMA1_Channel7_IRQHandler
                0x08009b6e                CAN1_RX1_IRQHandler
                0x08009b6e                TIM4_IRQHandler
                0x08009b6e                DMA1_Channel6_IRQHandler
                0x08009b6e                TIM3_IRQHandler
                0x08009b6e                RCC_IRQHandler
                0x08009b6e                TIM1_TRG_COM_IRQHandler
                0x08009b6e                DMA1_Channel1_IRQHandler
                0x08009b6e                Default_Handler
                0x08009b6e                SPI2_IRQHandler
                0x08009b6e                MemManage_Handler
                0x08009b6e                SVC_Handler
                0x08009b6e                DMA1_Channel5_IRQHandler
                0x08009b6e                EXTI4_IRQHandler
                0x08009b6e                DMA1_Channel3_IRQHandler
                0x08009b6e                TIM1_UP_IRQHandler
                0x08009b6e                WWDG_IRQHandler
                0x08009b6e                TIM2_IRQHandler
                0x08009b6e                DEF_IRQHandler
                0x08009b6e                TIM1_BRK_IRQHandler
                0x08009b6e                EXTI1_IRQHandler
                0x08009b6e                RTCAlarm_IRQHandler
                0x08009b6e                USART2_IRQHandler
                0x08009b6e                I2C2_ER_IRQHandler
                0x08009b6e                DMA1_Channel2_IRQHandler
                0x08009b6e                CAN1_SCE_IRQHandler
                0x08009b6e                FLASH_IRQHandler
                0x08009b6e                BusFault_Handler
                0x08009b6e                USBWakeUp_IRQHandler
 .text.NVIC_PriorityGroupConfig
                0x08009b70       0x14 lib/STM32F10x_StdPeriph_Driver/libstm32fw.a(misc.o)
                0x08009b70                NVIC_PriorityGroupConfig
 .text.NVIC_Init
                0x08009b84       0x6c lib/STM32F10x_StdPeriph_Driver/libstm32fw.a(misc.o)
                0x08009b84                NVIC_Init
 .text.NVIC_SetVectorTable
                0x08009bf0       0x14 lib/STM32F10x_StdPeriph_Driver/libstm32fw.a(misc.o)
                0x08009bf0                NVIC_SetVectorTable
 .text.SysTick_CLKSourceConfig
                0x08009c04       0x18 lib/STM32F10x_StdPeriph_Driver/libstm32fw.a(misc.o)
                0x08009c04                SysTick_CLKSourceConfig
 .text.ADC_DeInit
                0x08009c1c       0x5c lib/STM32F10x_StdPeriph_Driver/libstm32fw.a(stm32f10x_adc.o)
                0x08009c1c                ADC_DeInit
 .text.ADC_Init
                0x08009c78       0x48 lib/STM32F10x_StdPeriph_Driver/libstm32fw.a(stm32f10x_adc.o)
                0x08009c78                ADC_Init
 .text.ADC_Cmd  0x08009cc0       0x12 lib/STM32F10x_StdPeriph_Driver/libstm32fw.a(stm32f10x_adc.o)
                0x08009cc0                ADC_Cmd
 .text.ADC_ITConfig
                0x08009cd2       0x12 lib/STM32F10x_StdPeriph_Driver/libstm32fw.a(stm32f10x_adc.o)
                0x08009cd2                ADC_ITConfig
 .text.ADC_ResetCalibration
                0x08009ce4        0xa lib/STM32F10x_StdPeriph_Driver/libstm32fw.a(stm32f10x_adc.o)
                0x08009ce4                ADC_ResetCalibration
 .text.ADC_GetResetCalibrationStatus
                0x08009cee        0x8 lib/STM32F10x_StdPeriph_Driver/libstm32fw.a(stm32f10x_adc.o)
                0x08009cee                ADC_GetResetCalibrationStatus
 .text.ADC_StartCalibration
                0x08009cf6        0xa lib/STM32F10x_StdPeriph_Driver/libstm32fw.a(stm32f10x_adc.o)
                0x08009cf6                ADC_StartCalibration
 .text.ADC_GetCalibrationStatus
                0x08009d00        0x8 lib/STM32F10x_StdPeriph_Driver/libstm32fw.a(stm32f10x_adc.o)
                0x08009d00                ADC_GetCalibrationStatus
 .text.ADC_SoftwareStartConvCmd
                0x08009d08       0x12 lib/STM32F10x_StdPeriph_Driver/libstm32fw.a(stm32f10x_adc.o)
                0x08009d08                ADC_SoftwareStartConvCmd
 .text.ADC_RegularChannelConfig
                0x08009d1a       0x84 lib/STM32F10x_StdPeriph_Driver/libstm32fw.a(stm32f10x_adc.o)
                0x08009d1a                ADC_RegularChannelConfig
 .text.ADC_GetConversionValue
                0x08009d9e        0x6 lib/STM32F10x_StdPeriph_Driver/libstm32fw.a(stm32f10x_adc.o)
                0x08009d9e                ADC_GetConversionValue
 .text.ADC_ExternalTrigInjectedConvConfig
                0x08009da4        0xc lib/STM32F10x_StdPeriph_Driver/libstm32fw.a(stm32f10x_adc.o)
                0x08009da4                ADC_ExternalTrigInjectedConvConfig
 .text.ADC_SoftwareStartInjectedConvCmd
                0x08009db0       0x12 lib/STM32F10x_StdPeriph_Driver/libstm32fw.a(stm32f10x_adc.o)
                0x08009db0                ADC_SoftwareStartInjectedConvCmd
 .text.ADC_InjectedChannelConfig
                0x08009dc2       0x54 lib/STM32F10x_StdPeriph_Driver/libstm32fw.a(stm32f10x_adc.o)
                0x08009dc2                ADC_InjectedChannelConfig
 .text.ADC_InjectedSequencerLengthConfig
                0x08009e16       0x10 lib/STM32F10x_StdPeriph_Driver/libstm32fw.a(stm32f10x_adc.o)
                0x08009e16                ADC_InjectedSequencerLengthConfig
 .text.ADC_GetInjectedConversionValue
                0x08009e26       0x1a lib/STM32F10x_StdPeriph_Driver/libstm32fw.a(stm32f10x_adc.o)
                0x08009e26                ADC_GetInjectedConversionValue
 .text.ADC_AnalogWatchdogCmd
                0x08009e40       0x10 lib/STM32F10x_StdPeriph_Driver/libstm32fw.a(stm32f10x_adc.o)
                0x08009e40                ADC_AnalogWatchdogCmd
 .text.ADC_AnalogWatchdogThresholdsConfig
                0x08009e50        0x6 lib/STM32F10x_StdPeriph_Driver/libstm32fw.a(stm32f10x_adc.o)
                0x08009e50                ADC_AnalogWatchdogThresholdsConfig
 .text.ADC_AnalogWatchdogSingleChannelConfig
                0x08009e56        0xc lib/STM32F10x_StdPeriph_Driver/libstm32fw.a(stm32f10x_adc.o)
                0x08009e56                ADC_AnalogWatchdogSingleChannelConfig
 .text.ADC_GetFlagStatus
                0x08009e62        0xc lib/STM32F10x_StdPeriph_Driver/libstm32fw.a(stm32f10x_adc.o)
                0x08009e62                ADC_GetFlagStatus
 .text.ADC_ClearFlag
                0x08009e6e        0x6 lib/STM32F10x_StdPeriph_Driver/libstm32fw.a(stm32f10x_adc.o)
                0x08009e6e                ADC_ClearFlag
 .text.ADC_GetITStatus
                0x08009e74       0x16 lib/STM32F10x_StdPeriph_Driver/libstm32fw.a(stm32f10x_adc.o)
                0x08009e74                ADC_GetITStatus
 .text.ADC_ClearITPendingBit
                0x08009e8a        0x8 lib/STM32F10x_StdPeriph_Driver/libstm32fw.a(stm32f10x_adc.o)
                0x08009e8a                ADC_ClearITPendingBit
 .text.BKP_DeInit
                0x08009e92       0x12 lib/STM32F10x_StdPeriph_Driver/libstm32fw.a(stm32f10x_bkp.o)
                0x08009e92                BKP_DeInit
 .text.BKP_RTCOutputConfig
                0x08009ea4       0x18 lib/STM32F10x_StdPeriph_Driver/libstm32fw.a(stm32f10x_bkp.o)
                0x08009ea4                BKP_RTCOutputConfig
 .text.BKP_SetRTCCalibrationValue
                0x08009ebc       0x18 lib/STM32F10x_StdPeriph_Driver/libstm32fw.a(stm32f10x_bkp.o)
                0x08009ebc                BKP_SetRTCCalibrationValue
 .text.BKP_WriteBackupRegister
                0x08009ed4       0x1c lib/STM32F10x_StdPeriph_Driver/libstm32fw.a(stm32f10x_bkp.o)
                0x08009ed4                BKP_WriteBackupRegister
 .text.BKP_ReadBackupRegister
                0x08009ef0       0x20 lib/STM32F10x_StdPeriph_Driver/libstm32fw.a(stm32f10x_bkp.o)
                0x08009ef0                BKP_ReadBackupRegister
 .text.DBGMCU_Config
                0x08009f10       0x18 lib/STM32F10x_StdPeriph_Driver/libstm32fw.a(stm32f10x_dbgmcu.o)
                0x08009f10                DBGMCU_Config
 .text.DMA_DeInit
                0x08009f28       0xf0 lib/STM32F10x_StdPeriph_Driver/libstm32fw.a(stm32f10x_dma.o)
                0x08009f28                DMA_DeInit
 .text.DMA_Init
                0x0800a018       0x3c lib/STM32F10x_StdPeriph_Driver/libstm32fw.a(stm32f10x_dma.o)
                0x0800a018                DMA_Init
 .text.DMA_Cmd  0x0800a054       0x12 lib/STM32F10x_StdPeriph_Driver/libstm32fw.a(stm32f10x_dma.o)
                0x0800a054                DMA_Cmd
 .text.DMA_ITConfig
                0x0800a066       0x10 lib/STM32F10x_StdPeriph_Driver/libstm32fw.a(stm32f10x_dma.o)
                0x0800a066                DMA_ITConfig
 .text.DMA_GetCurrDataCounter
                0x0800a076        0x6 lib/STM32F10x_StdPeriph_Driver/libstm32fw.a(stm32f10x_dma.o)
                0x0800a076                DMA_GetCurrDataCounter
 .text.DMA_GetFlagStatus
                0x0800a07c       0x1c lib/STM32F10x_StdPeriph_Driver/libstm32fw.a(stm32f10x_dma.o)
                0x0800a07c                DMA_GetFlagStatus
 .text.DMA_ClearFlag
                0x0800a098       0x14 lib/STM32F10x_StdPeriph_Driver/libstm32fw.a(stm32f10x_dma.o)
                0x0800a098                DMA_ClearFlag
 .text.DMA_GetITStatus
                0x0800a0ac       0x1c lib/STM32F10x_StdPeriph_Driver/libstm32fw.a(stm32f10x_dma.o)
                0x0800a0ac                DMA_GetITStatus
 .text.DMA_ClearITPendingBit
                0x0800a0c8       0x14 lib/STM32F10x_StdPeriph_Driver/libstm32fw.a(stm32f10x_dma.o)
                0x0800a0c8                DMA_ClearITPendingBit
 .text.EXTI_DeInit
                0x0800a0dc       0x1c lib/STM32F10x_StdPeriph_Driver/libstm32fw.a(stm32f10x_exti.o)
                0x0800a0dc                EXTI_DeInit
 .text.EXTI_Init
                0x0800a0f8       0x88 lib/STM32F10x_StdPeriph_Driver/libstm32fw.a(stm32f10x_exti.o)
                0x0800a0f8                EXTI_Init
 .text.EXTI_GenerateSWInterrupt
                0x0800a180       0x10 lib/STM32F10x_StdPeriph_Driver/libstm32fw.a(stm32f10x_exti.o)
                0x0800a180                EXTI_GenerateSWInterrupt
 .text.EXTI_GetITStatus
                0x0800a190       0x1c lib/STM32F10x_StdPeriph_Driver/libstm32fw.a(stm32f10x_exti.o)
                0x0800a190                EXTI_GetITStatus
 .text.EXTI_ClearITPendingBit
                0x0800a1ac        0xc lib/STM32F10x_StdPeriph_Driver/libstm32fw.a(stm32f10x_exti.o)
                0x0800a1ac                EXTI_ClearITPendingBit
 .text.GPIO_Init
                0x0800a1b8       0x90 lib/STM32F10x_StdPeriph_Driver/libstm32fw.a(stm32f10x_gpio.o)
                0x0800a1b8                GPIO_Init
 .text.GPIO_StructInit
                0x0800a248       0x10 lib/STM32F10x_StdPeriph_Driver/libstm32fw.a(stm32f10x_gpio.o)
                0x0800a248                GPIO_StructInit
 .text.GPIO_ReadInputDataBit
                0x0800a258        0xc lib/STM32F10x_StdPeriph_Driver/libstm32fw.a(stm32f10x_gpio.o)
                0x0800a258                GPIO_ReadInputDataBit
 .text.GPIO_SetBits
                0x0800a264        0x4 lib/STM32F10x_StdPeriph_Driver/libstm32fw.a(stm32f10x_gpio.o)
                0x0800a264                GPIO_SetBits
 .text.GPIO_ResetBits
                0x0800a268        0x4 lib/STM32F10x_StdPeriph_Driver/libstm32fw.a(stm32f10x_gpio.o)
                0x0800a268                GPIO_ResetBits
 .text.GPIO_WriteBit
                0x0800a26c        0xa lib/STM32F10x_StdPeriph_Driver/libstm32fw.a(stm32f10x_gpio.o)
                0x0800a26c                GPIO_WriteBit
 *fill*         0x0800a276        0x2 
 .text.GPIO_PinRemapConfig
                0x0800a278       0x54 lib/STM32F10x_StdPeriph_Driver/libstm32fw.a(stm32f10x_gpio.o)
                0x0800a278                GPIO_PinRemapConfig
 .text.GPIO_EXTILineConfig
                0x0800a2cc       0x2a lib/STM32F10x_StdPeriph_Driver/libstm32fw.a(stm32f10x_gpio.o)
                0x0800a2cc                GPIO_EXTILineConfig
 *fill*         0x0800a2f6        0x2 
 .text.I2C_DeInit
                0x0800a2f8       0x34 lib/STM32F10x_StdPeriph_Driver/libstm32fw.a(stm32f10x_i2c.o)
                0x0800a2f8                I2C_DeInit
 .text.I2C_Init
                0x0800a32c       0xd4 lib/STM32F10x_StdPeriph_Driver/libstm32fw.a(stm32f10x_i2c.o)
                0x0800a32c                I2C_Init
 .text.I2C_Cmd  0x0800a400       0x18 lib/STM32F10x_StdPeriph_Driver/libstm32fw.a(stm32f10x_i2c.o)
                0x0800a400                I2C_Cmd
 .text.I2C_GenerateSTART
                0x0800a418       0x18 lib/STM32F10x_StdPeriph_Driver/libstm32fw.a(stm32f10x_i2c.o)
                0x0800a418                I2C_GenerateSTART
 .text.I2C_GenerateSTOP
                0x0800a430       0x18 lib/STM32F10x_StdPeriph_Driver/libstm32fw.a(stm32f10x_i2c.o)
                0x0800a430                I2C_GenerateSTOP
 .text.I2C_AcknowledgeConfig
                0x0800a448       0x18 lib/STM32F10x_StdPeriph_Driver/libstm32fw.a(stm32f10x_i2c.o)
                0x0800a448                I2C_AcknowledgeConfig
 .text.I2C_ITConfig
                0x0800a460       0x12 lib/STM32F10x_StdPeriph_Driver/libstm32fw.a(stm32f10x_i2c.o)
                0x0800a460                I2C_ITConfig
 .text.I2C_SendData
                0x0800a472        0x4 lib/STM32F10x_StdPeriph_Driver/libstm32fw.a(stm32f10x_i2c.o)
                0x0800a472                I2C_SendData
 .text.I2C_ReceiveData
                0x0800a476        0x6 lib/STM32F10x_StdPeriph_Driver/libstm32fw.a(stm32f10x_i2c.o)
                0x0800a476                I2C_ReceiveData
 .text.I2C_Send7bitAddress
                0x0800a47c       0x12 lib/STM32F10x_StdPeriph_Driver/libstm32fw.a(stm32f10x_i2c.o)
                0x0800a47c                I2C_Send7bitAddress
 .text.I2C_SoftwareResetCmd
                0x0800a48e       0x18 lib/STM32F10x_StdPeriph_Driver/libstm32fw.a(stm32f10x_i2c.o)
                0x0800a48e                I2C_SoftwareResetCmd
 *fill*         0x0800a4a6        0x2 
 .text.IWDG_WriteAccessCmd
                0x0800a4a8        0xc lib/STM32F10x_StdPeriph_Driver/libstm32fw.a(stm32f10x_iwdg.o)
                0x0800a4a8                IWDG_WriteAccessCmd
 .text.IWDG_SetPrescaler
                0x0800a4b4        0xc lib/STM32F10x_StdPeriph_Driver/libstm32fw.a(stm32f10x_iwdg.o)
                0x0800a4b4                IWDG_SetPrescaler
 .text.IWDG_SetReload
                0x0800a4c0        0xc lib/STM32F10x_StdPeriph_Driver/libstm32fw.a(stm32f10x_iwdg.o)
                0x0800a4c0                IWDG_SetReload
 .text.IWDG_ReloadCounter
                0x0800a4cc       0x10 lib/STM32F10x_StdPeriph_Driver/libstm32fw.a(stm32f10x_iwdg.o)
                0x0800a4cc                IWDG_ReloadCounter
 .text.IWDG_Enable
                0x0800a4dc       0x10 lib/STM32F10x_StdPeriph_Driver/libstm32fw.a(stm32f10x_iwdg.o)
                0x0800a4dc                IWDG_Enable
 .text.PWR_DeInit
                0x0800a4ec       0x1a lib/STM32F10x_StdPeriph_Driver/libstm32fw.a(stm32f10x_pwr.o)
                0x0800a4ec                PWR_DeInit
 *fill*         0x0800a506        0x2 
 .text.PWR_BackupAccessCmd
                0x0800a508        0xc lib/STM32F10x_StdPeriph_Driver/libstm32fw.a(stm32f10x_pwr.o)
                0x0800a508                PWR_BackupAccessCmd
 .text.PWR_WakeUpPinCmd
                0x0800a514        0xc lib/STM32F10x_StdPeriph_Driver/libstm32fw.a(stm32f10x_pwr.o)
                0x0800a514                PWR_WakeUpPinCmd
 .text.PWR_EnterSTANDBYMode
                0x0800a520       0x28 lib/STM32F10x_StdPeriph_Driver/libstm32fw.a(stm32f10x_pwr.o)
                0x0800a520                PWR_EnterSTANDBYMode
 .text.RCC_HCLKConfig
                0x0800a548       0x14 lib/STM32F10x_StdPeriph_Driver/libstm32fw.a(stm32f10x_rcc.o)
                0x0800a548                RCC_HCLKConfig
 .text.RCC_USBCLKConfig
                0x0800a55c        0xc lib/STM32F10x_StdPeriph_Driver/libstm32fw.a(stm32f10x_rcc.o)
                0x0800a55c                RCC_USBCLKConfig
 .text.RCC_ADCCLKConfig
                0x0800a568       0x14 lib/STM32F10x_StdPeriph_Driver/libstm32fw.a(stm32f10x_rcc.o)
                0x0800a568                RCC_ADCCLKConfig
 .text.RCC_LSEConfig
                0x0800a57c       0x20 lib/STM32F10x_StdPeriph_Driver/libstm32fw.a(stm32f10x_rcc.o)
                0x0800a57c                RCC_LSEConfig
 .text.RCC_RTCCLKConfig
                0x0800a59c       0x10 lib/STM32F10x_StdPeriph_Driver/libstm32fw.a(stm32f10x_rcc.o)
                0x0800a59c                RCC_RTCCLKConfig
 .text.RCC_RTCCLKCmd
                0x0800a5ac        0xc lib/STM32F10x_StdPeriph_Driver/libstm32fw.a(stm32f10x_rcc.o)
                0x0800a5ac                RCC_RTCCLKCmd
 .text.RCC_GetClocksFreq
                0x0800a5b8       0x94 lib/STM32F10x_StdPeriph_Driver/libstm32fw.a(stm32f10x_rcc.o)
                0x0800a5b8                RCC_GetClocksFreq
 .text.RCC_AHBPeriphClockCmd
                0x0800a64c       0x18 lib/STM32F10x_StdPeriph_Driver/libstm32fw.a(stm32f10x_rcc.o)
                0x0800a64c                RCC_AHBPeriphClockCmd
 .text.RCC_APB2PeriphClockCmd
                0x0800a664       0x18 lib/STM32F10x_StdPeriph_Driver/libstm32fw.a(stm32f10x_rcc.o)
                0x0800a664                RCC_APB2PeriphClockCmd
 .text.RCC_APB1PeriphClockCmd
                0x0800a67c       0x18 lib/STM32F10x_StdPeriph_Driver/libstm32fw.a(stm32f10x_rcc.o)
                0x0800a67c                RCC_APB1PeriphClockCmd
 .text.RCC_APB2PeriphResetCmd
                0x0800a694       0x18 lib/STM32F10x_StdPeriph_Driver/libstm32fw.a(stm32f10x_rcc.o)
                0x0800a694                RCC_APB2PeriphResetCmd
 .text.RCC_APB1PeriphResetCmd
                0x0800a6ac       0x18 lib/STM32F10x_StdPeriph_Driver/libstm32fw.a(stm32f10x_rcc.o)
                0x0800a6ac                RCC_APB1PeriphResetCmd
 .text.RCC_BackupResetCmd
                0x0800a6c4        0xc lib/STM32F10x_StdPeriph_Driver/libstm32fw.a(stm32f10x_rcc.o)
                0x0800a6c4                RCC_BackupResetCmd
 .text.RCC_GetFlagStatus
                0x0800a6d0       0x28 lib/STM32F10x_StdPeriph_Driver/libstm32fw.a(stm32f10x_rcc.o)
                0x0800a6d0                RCC_GetFlagStatus
 .text.RTC_EnterConfigMode
                0x0800a6f8       0x14 lib/STM32F10x_StdPeriph_Driver/libstm32fw.a(stm32f10x_rtc.o)
                0x0800a6f8                RTC_EnterConfigMode
 .text.RTC_ExitConfigMode
                0x0800a70c       0x14 lib/STM32F10x_StdPeriph_Driver/libstm32fw.a(stm32f10x_rtc.o)
                0x0800a70c                RTC_ExitConfigMode
 .text.RTC_GetCounter
                0x0800a720       0x14 lib/STM32F10x_StdPeriph_Driver/libstm32fw.a(stm32f10x_rtc.o)
                0x0800a720                RTC_GetCounter
 .text.RTC_SetCounter
                0x0800a734       0x20 lib/STM32F10x_StdPeriph_Driver/libstm32fw.a(stm32f10x_rtc.o)
                0x0800a734                RTC_SetCounter
 .text.RTC_SetPrescaler
                0x0800a754       0x20 lib/STM32F10x_StdPeriph_Driver/libstm32fw.a(stm32f10x_rtc.o)
                0x0800a754                RTC_SetPrescaler
 .text.RTC_WaitForLastTask
                0x0800a774       0x10 lib/STM32F10x_StdPeriph_Driver/libstm32fw.a(stm32f10x_rtc.o)
                0x0800a774                RTC_WaitForLastTask
 .text.RTC_WaitForSynchro
                0x0800a784       0x1c lib/STM32F10x_StdPeriph_Driver/libstm32fw.a(stm32f10x_rtc.o)
                0x0800a784                RTC_WaitForSynchro
 .text.SPI_Init
                0x0800a7a0       0x3e lib/STM32F10x_StdPeriph_Driver/libstm32fw.a(stm32f10x_spi.o)
                0x0800a7a0                SPI_Init
 .text.SPI_StructInit
                0x0800a7de       0x18 lib/STM32F10x_StdPeriph_Driver/libstm32fw.a(stm32f10x_spi.o)
                0x0800a7de                SPI_StructInit
 .text.SPI_Cmd  0x0800a7f6       0x18 lib/STM32F10x_StdPeriph_Driver/libstm32fw.a(stm32f10x_spi.o)
                0x0800a7f6                SPI_Cmd
 .text.SPI_I2S_DMACmd
                0x0800a80e       0x12 lib/STM32F10x_StdPeriph_Driver/libstm32fw.a(stm32f10x_spi.o)
                0x0800a80e                SPI_I2S_DMACmd
 .text.SPI_I2S_SendData
                0x0800a820        0x4 lib/STM32F10x_StdPeriph_Driver/libstm32fw.a(stm32f10x_spi.o)
                0x0800a820                SPI_I2S_SendData
 .text.SPI_I2S_ReceiveData
                0x0800a824        0x6 lib/STM32F10x_StdPeriph_Driver/libstm32fw.a(stm32f10x_spi.o)
                0x0800a824                SPI_I2S_ReceiveData
 .text.SPI_CalculateCRC
                0x0800a82a       0x18 lib/STM32F10x_StdPeriph_Driver/libstm32fw.a(stm32f10x_spi.o)
                0x0800a82a                SPI_CalculateCRC
 .text.SPI_I2S_GetFlagStatus
                0x0800a842        0xc lib/STM32F10x_StdPeriph_Driver/libstm32fw.a(stm32f10x_spi.o)
                0x0800a842                SPI_I2S_GetFlagStatus
 *fill*         0x0800a84e        0x2 
 .text.TIM_DeInit
                0x0800a850       0xc8 lib/STM32F10x_StdPeriph_Driver/libstm32fw.a(stm32f10x_tim.o)
                0x0800a850                TIM_DeInit
 .text.TIM_TimeBaseInit
                0x0800a918       0x3c lib/STM32F10x_StdPeriph_Driver/libstm32fw.a(stm32f10x_tim.o)
                0x0800a918                TIM_TimeBaseInit
 .text.TIM_OC4Init
                0x0800a954       0x68 lib/STM32F10x_StdPeriph_Driver/libstm32fw.a(stm32f10x_tim.o)
                0x0800a954                TIM_OC4Init
 .text.TIM_Cmd  0x0800a9bc       0x18 lib/STM32F10x_StdPeriph_Driver/libstm32fw.a(stm32f10x_tim.o)
                0x0800a9bc                TIM_Cmd
 .text.TIM_OC4PreloadConfig
                0x0800a9d4       0x14 lib/STM32F10x_StdPeriph_Driver/libstm32fw.a(stm32f10x_tim.o)
                0x0800a9d4                TIM_OC4PreloadConfig
 .text.USART_DeInit
                0x0800a9e8       0x98 lib/STM32F10x_StdPeriph_Driver/libstm32fw.a(stm32f10x_usart.o)
                0x0800a9e8                USART_DeInit
 .text.USART_Init
                0x0800aa80       0x88 lib/STM32F10x_StdPeriph_Driver/libstm32fw.a(stm32f10x_usart.o)
                0x0800aa80                USART_Init
 .text.USART_Cmd
                0x0800ab08       0x18 lib/STM32F10x_StdPeriph_Driver/libstm32fw.a(stm32f10x_usart.o)
                0x0800ab08                USART_Cmd
 .text.USART_ITConfig
                0x0800ab20       0x32 lib/STM32F10x_StdPeriph_Driver/libstm32fw.a(stm32f10x_usart.o)
                0x0800ab20                USART_ITConfig
 .text.USART_DMACmd
                0x0800ab52       0x12 lib/STM32F10x_StdPeriph_Driver/libstm32fw.a(stm32f10x_usart.o)
                0x0800ab52                USART_DMACmd
 .text.USART_SendData
                0x0800ab64        0x8 lib/STM32F10x_StdPeriph_Driver/libstm32fw.a(stm32f10x_usart.o)
                0x0800ab64                USART_SendData
 .text.USART_ReceiveData
                0x0800ab6c        0x8 lib/STM32F10x_StdPeriph_Driver/libstm32fw.a(stm32f10x_usart.o)
                0x0800ab6c                USART_ReceiveData
 .text.USART_GetFlagStatus
                0x0800ab74        0xc lib/STM32F10x_StdPeriph_Driver/libstm32fw.a(stm32f10x_usart.o)
                0x0800ab74                USART_GetFlagStatus
 .text.USART_GetITStatus
                0x0800ab80       0x3e lib/STM32F10x_StdPeriph_Driver/libstm32fw.a(stm32f10x_usart.o)
                0x0800ab80                USART_GetITStatus
 .text.USART_ClearITPendingBit
                0x0800abbe        0xe lib/STM32F10x_StdPeriph_Driver/libstm32fw.a(stm32f10x_usart.o)
                0x0800abbe                USART_ClearITPendingBit
 .text.Standard_GetConfiguration
                0x0800abcc       0x24 lib/STM32_USB-FS-Device_Driver/libstm32usb.a(usb_core.o)
                0x0800abcc                Standard_GetConfiguration
 .text.Standard_GetInterface
                0x0800abf0       0x24 lib/STM32_USB-FS-Device_Driver/libstm32usb.a(usb_core.o)
                0x0800abf0                Standard_GetInterface
 .text.Standard_GetStatus
                0x0800ac14       0x90 lib/STM32_USB-FS-Device_Driver/libstm32usb.a(usb_core.o)
                0x0800ac14                Standard_GetStatus
 .text.DataStageIn
                0x0800aca4       0xac lib/STM32_USB-FS-Device_Driver/libstm32usb.a(usb_core.o)
 .text.Standard_SetConfiguration
                0x0800ad50       0x38 lib/STM32_USB-FS-Device_Driver/libstm32usb.a(usb_core.o)
                0x0800ad50                Standard_SetConfiguration
 .text.Standard_SetInterface
                0x0800ad88       0x48 lib/STM32_USB-FS-Device_Driver/libstm32usb.a(usb_core.o)
                0x0800ad88                Standard_SetInterface
 .text.Standard_ClearFeature
                0x0800add0       0xd8 lib/STM32_USB-FS-Device_Driver/libstm32usb.a(usb_core.o)
                0x0800add0                Standard_ClearFeature
 .text.Standard_SetEndPointFeature
                0x0800aea8       0x8c lib/STM32_USB-FS-Device_Driver/libstm32usb.a(usb_core.o)
                0x0800aea8                Standard_SetEndPointFeature
 .text.Standard_SetDeviceFeature
                0x0800af34       0x24 lib/STM32_USB-FS-Device_Driver/libstm32usb.a(usb_core.o)
                0x0800af34                Standard_SetDeviceFeature
 .text.Standard_GetDescriptorData
                0x0800af58       0x1c lib/STM32_USB-FS-Device_Driver/libstm32usb.a(usb_core.o)
                0x0800af58                Standard_GetDescriptorData
 .text.Post0_Process
                0x0800af74       0x44 lib/STM32_USB-FS-Device_Driver/libstm32usb.a(usb_core.o)
                0x0800af74                Post0_Process
 .text.Setup0_Process
                0x0800afb8      0x2dc lib/STM32_USB-FS-Device_Driver/libstm32usb.a(usb_core.o)
                0x0800afb8                Setup0_Process
 .text.Out0_Process
                0x0800b294       0xcc lib/STM32_USB-FS-Device_Driver/libstm32usb.a(usb_core.o)
                0x0800b294                Out0_Process
 .text.SetDeviceAddress
                0x0800b360       0x40 lib/STM32_USB-FS-Device_Driver/libstm32usb.a(usb_core.o)
                0x0800b360                SetDeviceAddress
 .text.In0_Process
                0x0800b3a0       0x5c lib/STM32_USB-FS-Device_Driver/libstm32usb.a(usb_core.o)
                0x0800b3a0                In0_Process
 .text.NOP_Process
                0x0800b3fc        0x2 lib/STM32_USB-FS-Device_Driver/libstm32usb.a(usb_core.o)
                0x0800b3fc                NOP_Process
 *fill*         0x0800b3fe        0x2 
 .text.USB_Init
                0x0800b400       0x34 lib/STM32_USB-FS-Device_Driver/libstm32usb.a(usb_init.o)
                0x0800b400                USB_Init
 .text.CTR_LP   0x0800b434      0x170 lib/STM32_USB-FS-Device_Driver/libstm32usb.a(usb_int.o)
                0x0800b434                CTR_LP
 .text.CTR_HP   0x0800b5a4       0x74 lib/STM32_USB-FS-Device_Driver/libstm32usb.a(usb_int.o)
                0x0800b5a4                CTR_HP
 .text.UserToPMABufferCopy
                0x0800b618       0x30 lib/STM32_USB-FS-Device_Driver/libstm32usb.a(usb_mem.o)
                0x0800b618                UserToPMABufferCopy
 .text.PMAToUserBufferCopy
                0x0800b648       0x24 lib/STM32_USB-FS-Device_Driver/libstm32usb.a(usb_mem.o)
                0x0800b648                PMAToUserBufferCopy
 .text.SetBTABLE
                0x0800b66c       0x10 lib/STM32_USB-FS-Device_Driver/libstm32usb.a(usb_regs.o)
                0x0800b66c                SetBTABLE
 .text.SetEPType
                0x0800b67c       0x1c lib/STM32_USB-FS-Device_Driver/libstm32usb.a(usb_regs.o)
                0x0800b67c                SetEPType
 .text.SetEPTxStatus
                0x0800b698       0x32 lib/STM32_USB-FS-Device_Driver/libstm32usb.a(usb_regs.o)
                0x0800b698                SetEPTxStatus
 .text.SetEPRxStatus
                0x0800b6ca       0x32 lib/STM32_USB-FS-Device_Driver/libstm32usb.a(usb_regs.o)
                0x0800b6ca                SetEPRxStatus
 .text.SetEPRxValid
                0x0800b6fc       0x26 lib/STM32_USB-FS-Device_Driver/libstm32usb.a(usb_regs.o)
                0x0800b6fc                SetEPRxValid
 .text.Clear_Status_Out
                0x0800b722       0x20 lib/STM32_USB-FS-Device_Driver/libstm32usb.a(usb_regs.o)
                0x0800b722                Clear_Status_Out
 .text.ClearDTOG_RX
                0x0800b742       0x26 lib/STM32_USB-FS-Device_Driver/libstm32usb.a(usb_regs.o)
                0x0800b742                ClearDTOG_RX
 .text.ClearDTOG_TX
                0x0800b768       0x26 lib/STM32_USB-FS-Device_Driver/libstm32usb.a(usb_regs.o)
                0x0800b768                ClearDTOG_TX
 *fill*         0x0800b78e        0x2 
 .text.SetEPTxAddr
                0x0800b790       0x20 lib/STM32_USB-FS-Device_Driver/libstm32usb.a(usb_regs.o)
                0x0800b790                SetEPTxAddr
 .text.SetEPRxAddr
                0x0800b7b0       0x20 lib/STM32_USB-FS-Device_Driver/libstm32usb.a(usb_regs.o)
                0x0800b7b0                SetEPRxAddr
 .text.GetEPTxAddr
                0x0800b7d0       0x20 lib/STM32_USB-FS-Device_Driver/libstm32usb.a(usb_regs.o)
                0x0800b7d0                GetEPTxAddr
 .text.GetEPRxAddr
                0x0800b7f0       0x20 lib/STM32_USB-FS-Device_Driver/libstm32usb.a(usb_regs.o)
                0x0800b7f0                GetEPRxAddr
 .text.SetEPTxCount
                0x0800b810       0x1c lib/STM32_USB-FS-Device_Driver/libstm32usb.a(usb_regs.o)
                0x0800b810                SetEPTxCount
 .text.SetEPRxCount
                0x0800b82c       0x40 lib/STM32_USB-FS-Device_Driver/libstm32usb.a(usb_regs.o)
                0x0800b82c                SetEPRxCount
 .text.GetEPRxCount
                0x0800b86c       0x20 lib/STM32_USB-FS-Device_Driver/libstm32usb.a(usb_regs.o)
                0x0800b86c                GetEPRxCount
 .text.ByteSwap
                0x0800b88c        0xa lib/STM32_USB-FS-Device_Driver/libstm32usb.a(usb_regs.o)
                0x0800b88c                ByteSwap
 *fill*         0x0800b896        0x2 
 .text.USB_SIL_Init
                0x0800b898       0x20 lib/STM32_USB-FS-Device_Driver/libstm32usb.a(usb_sil.o)
                0x0800b898                USB_SIL_Init
 .text.USB_SIL_Write
                0x0800b8b8       0x28 lib/STM32_USB-FS-Device_Driver/libstm32usb.a(usb_sil.o)
                0x0800b8b8                USB_SIL_Write
 .text.USB_SIL_Read
                0x0800b8e0       0x24 lib/STM32_USB-FS-Device_Driver/libstm32usb.a(usb_sil.o)
                0x0800b8e0                USB_SIL_Read
 .text.exit     0x0800b904       0x28 /home/laurence/ARM-GCC/gcc-arm-none-eabi-5_3-2016q1/bin/../lib/gcc/arm-none-eabi/5.3.1/../../../../arm-none-eabi/lib/armv7-m/libc_nano.a(lib_a-exit.o)
                0x0800b904                exit
 .text.__libc_init_array
                0x0800b92c       0x4c /home/laurence/ARM-GCC/gcc-arm-none-eabi-5_3-2016q1/bin/../lib/gcc/arm-none-eabi/5.3.1/../../../../arm-none-eabi/lib/armv7-m/libc_nano.a(lib_a-init.o)
                0x0800b92c                __libc_init_array
 .text.memset   0x0800b978       0x10 /home/laurence/ARM-GCC/gcc-arm-none-eabi-5_3-2016q1/bin/../lib/gcc/arm-none-eabi/5.3.1/../../../../arm-none-eabi/lib/armv7-m/libc_nano.a(lib_a-memset.o)
                0x0800b978                memset
 .text.srand    0x0800b988       0x50 /home/laurence/ARM-GCC/gcc-arm-none-eabi-5_3-2016q1/bin/../lib/gcc/arm-none-eabi/5.3.1/../../../../arm-none-eabi/lib/armv7-m/libc_nano.a(lib_a-rand.o)
                0x0800b988                srand
 .text.rand     0x0800b9d8       0x74 /home/laurence/ARM-GCC/gcc-arm-none-eabi-5_3-2016q1/bin/../lib/gcc/arm-none-eabi/5.3.1/../../../../arm-none-eabi/lib/armv7-m/libc_nano.a(lib_a-rand.o)
                0x0800b9d8                rand
 .text.malloc   0x0800ba4c       0x10 /home/laurence/ARM-GCC/gcc-arm-none-eabi-5_3-2016q1/bin/../lib/gcc/arm-none-eabi/5.3.1/../../../../arm-none-eabi/lib/armv7-m/libc_nano.a(lib_a-malloc.o)
                0x0800ba4c                malloc
 .text._malloc_r
                0x0800ba5c       0xa8 /home/laurence/ARM-GCC/gcc-arm-none-eabi-5_3-2016q1/bin/../lib/gcc/arm-none-eabi/5.3.1/../../../../arm-none-eabi/lib/armv7-m/libc_nano.a(lib_a-nano-mallocr.o)
                0x0800ba5c                _malloc_r
 .text._sbrk_r  0x0800bb04       0x20 /home/laurence/ARM-GCC/gcc-arm-none-eabi-5_3-2016q1/bin/../lib/gcc/arm-none-eabi/5.3.1/../../../../arm-none-eabi/lib/armv7-m/libc_nano.a(lib_a-sbrkr.o)
                0x0800bb04                _sbrk_r
 .text._sbrk    0x0800bb24       0x1c /home/laurence/ARM-GCC/gcc-arm-none-eabi-5_3-2016q1/bin/../lib/gcc/arm-none-eabi/5.3.1/../../../../arm-none-eabi/lib/armv7-m/libnosys.a(sbrk.o)
                0x0800bb24                _sbrk
 .text._exit    0x0800bb40        0x4 /home/laurence/ARM-GCC/gcc-arm-none-eabi-5_3-2016q1/bin/../lib/gcc/arm-none-eabi/5.3.1/../../../../arm-none-eabi/lib/armv7-m/libnosys.a(_exit.o)
                0x0800bb40                _exit
 .text.roundf   0x0800bb44       0x48 /home/laurence/ARM-GCC/gcc-arm-none-eabi-5_3-2016q1/bin/../lib/gcc/arm-none-eabi/5.3.1/../../../../arm-none-eabi/lib/armv7-m/libm.a(lib_a-sf_round.o)
                0x0800bb44                roundf
 .text.sinf     0x0800bb8c       0x7c /home/laurence/ARM-GCC/gcc-arm-none-eabi-5_3-2016q1/bin/../lib/gcc/arm-none-eabi/5.3.1/../../../../arm-none-eabi/lib/armv7-m/libm.a(lib_a-sf_sin.o)
                0x0800bb8c                sinf
 .text.atan2    0x0800bc08        0x4 /home/laurence/ARM-GCC/gcc-arm-none-eabi-5_3-2016q1/bin/../lib/gcc/arm-none-eabi/5.3.1/../../../../arm-none-eabi/lib/armv7-m/libm.a(lib_a-w_atan2.o)
                0x0800bc08                atan2
 .text.acosf    0x0800bc0c       0xa4 /home/laurence/ARM-GCC/gcc-arm-none-eabi-5_3-2016q1/bin/../lib/gcc/arm-none-eabi/5.3.1/../../../../arm-none-eabi/lib/armv7-m/libm.a(lib_a-wf_acos.o)
                0x0800bc0c                acosf
 .text.atan2f   0x0800bcb0        0x4 /home/laurence/ARM-GCC/gcc-arm-none-eabi-5_3-2016q1/bin/../lib/gcc/arm-none-eabi/5.3.1/../../../../arm-none-eabi/lib/armv7-m/libm.a(lib_a-wf_atan2.o)
                0x0800bcb0                atan2f
 .text.sqrtf    0x0800bcb4       0x9c /home/laurence/ARM-GCC/gcc-arm-none-eabi-5_3-2016q1/bin/../lib/gcc/arm-none-eabi/5.3.1/../../../../arm-none-eabi/lib/armv7-m/libm.a(lib_a-wf_sqrt.o)
                0x0800bcb4                sqrtf
 .text.__ieee754_atan2
                0x0800bd50      0x194 /home/laurence/ARM-GCC/gcc-arm-none-eabi-5_3-2016q1/bin/../lib/gcc/arm-none-eabi/5.3.1/../../../../arm-none-eabi/lib/armv7-m/libm.a(lib_a-e_atan2.o)
                0x0800bd50                __ieee754_atan2
 .text.__ieee754_acosf
                0x0800bee4      0x2c8 /home/laurence/ARM-GCC/gcc-arm-none-eabi-5_3-2016q1/bin/../lib/gcc/arm-none-eabi/5.3.1/../../../../arm-none-eabi/lib/armv7-m/libm.a(lib_a-ef_acos.o)
                0x0800bee4                __ieee754_acosf
 .text.__ieee754_atan2f
                0x0800c1ac      0x124 /home/laurence/ARM-GCC/gcc-arm-none-eabi-5_3-2016q1/bin/../lib/gcc/arm-none-eabi/5.3.1/../../../../arm-none-eabi/lib/armv7-m/libm.a(lib_a-ef_atan2.o)
                0x0800c1ac                __ieee754_atan2f
 .text.__ieee754_rem_pio2f
                0x0800c2d0      0x2e4 /home/laurence/ARM-GCC/gcc-arm-none-eabi-5_3-2016q1/bin/../lib/gcc/arm-none-eabi/5.3.1/../../../../arm-none-eabi/lib/armv7-m/libm.a(lib_a-ef_rem_pio2.o)
                0x0800c2d0                __ieee754_rem_pio2f
 .text.__ieee754_sqrtf
                0x0800c5b4       0xa8 /home/laurence/ARM-GCC/gcc-arm-none-eabi-5_3-2016q1/bin/../lib/gcc/arm-none-eabi/5.3.1/../../../../arm-none-eabi/lib/armv7-m/libm.a(lib_a-ef_sqrt.o)
                0x0800c5b4                __ieee754_sqrtf
 .text.__kernel_cosf
                0x0800c65c      0x188 /home/laurence/ARM-GCC/gcc-arm-none-eabi-5_3-2016q1/bin/../lib/gcc/arm-none-eabi/5.3.1/../../../../arm-none-eabi/lib/armv7-m/libm.a(lib_a-kf_cos.o)
                0x0800c65c                __kernel_cosf
 .text.__kernel_rem_pio2f
                0x0800c7e4      0x6a8 /home/laurence/ARM-GCC/gcc-arm-none-eabi-5_3-2016q1/bin/../lib/gcc/arm-none-eabi/5.3.1/../../../../arm-none-eabi/lib/armv7-m/libm.a(lib_a-kf_rem_pio2.o)
                0x0800c7e4                __kernel_rem_pio2f
 .text.__kernel_sinf
                0x0800ce8c       0xec /home/laurence/ARM-GCC/gcc-arm-none-eabi-5_3-2016q1/bin/../lib/gcc/arm-none-eabi/5.3.1/../../../../arm-none-eabi/lib/armv7-m/libm.a(lib_a-kf_sin.o)
                0x0800ce8c                __kernel_sinf
 .text.atan     0x0800cf78      0x33c /home/laurence/ARM-GCC/gcc-arm-none-eabi-5_3-2016q1/bin/../lib/gcc/arm-none-eabi/5.3.1/../../../../arm-none-eabi/lib/armv7-m/libm.a(lib_a-s_atan.o)
                0x0800cf78                atan
 .text.fabs     0x0800d2b4        0x8 /home/laurence/ARM-GCC/gcc-arm-none-eabi-5_3-2016q1/bin/../lib/gcc/arm-none-eabi/5.3.1/../../../../arm-none-eabi/lib/armv7-m/libm.a(lib_a-s_fabs.o)
                0x0800d2b4                fabs
 .text.matherr  0x0800d2bc        0x4 /home/laurence/ARM-GCC/gcc-arm-none-eabi-5_3-2016q1/bin/../lib/gcc/arm-none-eabi/5.3.1/../../../../arm-none-eabi/lib/armv7-m/libm.a(lib_a-s_matherr.o)
                0x0800d2bc                matherr
 .text.nan      0x0800d2c0        0xc /home/laurence/ARM-GCC/gcc-arm-none-eabi-5_3-2016q1/bin/../lib/gcc/arm-none-eabi/5.3.1/../../../../arm-none-eabi/lib/armv7-m/libm.a(lib_a-s_nan.o)
                0x0800d2c0                nan
 .text.atanf    0x0800d2cc      0x22c /home/laurence/ARM-GCC/gcc-arm-none-eabi-5_3-2016q1/bin/../lib/gcc/arm-none-eabi/5.3.1/../../../../arm-none-eabi/lib/armv7-m/libm.a(lib_a-sf_atan.o)
                0x0800d2cc                atanf
 .text.fabsf    0x0800d4f8        0x8 /home/laurence/ARM-GCC/gcc-arm-none-eabi-5_3-2016q1/bin/../lib/gcc/arm-none-eabi/5.3.1/../../../../arm-none-eabi/lib/armv7-m/libm.a(lib_a-sf_fabs.o)
                0x0800d4f8                fabsf
 .text.floorf   0x0800d500       0x8c /home/laurence/ARM-GCC/gcc-arm-none-eabi-5_3-2016q1/bin/../lib/gcc/arm-none-eabi/5.3.1/../../../../arm-none-eabi/lib/armv7-m/libm.a(lib_a-sf_floor.o)
                0x0800d500                floorf
 .text.scalbnf  0x0800d58c       0xb0 /home/laurence/ARM-GCC/gcc-arm-none-eabi-5_3-2016q1/bin/../lib/gcc/arm-none-eabi/5.3.1/../../../../arm-none-eabi/lib/armv7-m/libm.a(lib_a-sf_scalbn.o)
                0x0800d58c                scalbnf
 .text.copysignf
                0x0800d63c        0xc /home/laurence/ARM-GCC/gcc-arm-none-eabi-5_3-2016q1/bin/../lib/gcc/arm-none-eabi/5.3.1/../../../../arm-none-eabi/lib/armv7-m/libm.a(lib_a-sf_copysign.o)
                0x0800d63c                copysignf
 .text          0x0800d648      0x370 /home/laurence/ARM-GCC/gcc-arm-none-eabi-5_3-2016q1/bin/../lib/gcc/arm-none-eabi/5.3.1/armv7-m/libgcc.a(_arm_addsubdf3.o)
                0x0800d648                __aeabi_drsub
                0x0800d650                __aeabi_dsub
                0x0800d650                __subdf3
                0x0800d654                __adddf3
                0x0800d654                __aeabi_dadd
                0x0800d8cc                __aeabi_ui2d
                0x0800d8cc                __floatunsidf
                0x0800d8ec                __floatsidf
                0x0800d8ec                __aeabi_i2d
                0x0800d910                __extendsfdf2
                0x0800d910                __aeabi_f2d
                0x0800d94c                __aeabi_ul2d
                0x0800d94c                __floatundidf
                0x0800d95c                __floatdidf
                0x0800d95c                __aeabi_l2d
 .text          0x0800d9b8      0x424 /home/laurence/ARM-GCC/gcc-arm-none-eabi-5_3-2016q1/bin/../lib/gcc/arm-none-eabi/5.3.1/armv7-m/libgcc.a(_arm_muldivdf3.o)
                0x0800d9b8                __aeabi_dmul
                0x0800d9b8                __muldf3
                0x0800dc0c                __aeabi_ddiv
                0x0800dc0c                __divdf3
 .text          0x0800dddc      0x110 /home/laurence/ARM-GCC/gcc-arm-none-eabi-5_3-2016q1/bin/../lib/gcc/arm-none-eabi/5.3.1/armv7-m/libgcc.a(_arm_cmpdf2.o)
                0x0800dddc                __gtdf2
                0x0800dddc                __gedf2
                0x0800dde4                __ltdf2
                0x0800dde4                __ledf2
                0x0800ddec                __cmpdf2
                0x0800ddec                __eqdf2
                0x0800ddec                __nedf2
                0x0800de68                __aeabi_cdrcmple
                0x0800de78                __aeabi_cdcmple
                0x0800de78                __aeabi_cdcmpeq
                0x0800de88                __aeabi_dcmpeq
                0x0800de9c                __aeabi_dcmplt
                0x0800deb0                __aeabi_dcmple
                0x0800dec4                __aeabi_dcmpge
                0x0800ded8                __aeabi_dcmpgt
 .text          0x0800deec       0x50 /home/laurence/ARM-GCC/gcc-arm-none-eabi-5_3-2016q1/bin/../lib/gcc/arm-none-eabi/5.3.1/armv7-m/libgcc.a(_arm_fixdfsi.o)
                0x0800deec                __fixdfsi
                0x0800deec                __aeabi_d2iz
 .text          0x0800df3c       0x40 /home/laurence/ARM-GCC/gcc-arm-none-eabi-5_3-2016q1/bin/../lib/gcc/arm-none-eabi/5.3.1/armv7-m/libgcc.a(_arm_fixunsdfsi.o)
                0x0800df3c                __fixunsdfsi
                0x0800df3c                __aeabi_d2uiz
 .text          0x0800df7c       0xa0 /home/laurence/ARM-GCC/gcc-arm-none-eabi-5_3-2016q1/bin/../lib/gcc/arm-none-eabi/5.3.1/armv7-m/libgcc.a(_arm_truncdfsf2.o)
                0x0800df7c                __aeabi_d2f
                0x0800df7c                __truncdfsf2
 .text          0x0800e01c      0x21c /home/laurence/ARM-GCC/gcc-arm-none-eabi-5_3-2016q1/bin/../lib/gcc/arm-none-eabi/5.3.1/armv7-m/libgcc.a(_arm_addsubsf3.o)
                0x0800e01c                __aeabi_frsub
                0x0800e024                __subsf3
                0x0800e024                __aeabi_fsub
                0x0800e028                __aeabi_fadd
                0x0800e028                __addsf3
                0x0800e188                __aeabi_ui2f
                0x0800e188                __floatunsisf
                0x0800e190                __aeabi_i2f
                0x0800e190                __floatsisf
                0x0800e1ac                __floatundisf
                0x0800e1ac                __aeabi_ul2f
                0x0800e1bc                __floatdisf
                0x0800e1bc                __aeabi_l2f
 .text          0x0800e238      0x2a0 /home/laurence/ARM-GCC/gcc-arm-none-eabi-5_3-2016q1/bin/../lib/gcc/arm-none-eabi/5.3.1/armv7-m/libgcc.a(_arm_muldivsf3.o)
                0x0800e238                __mulsf3
                0x0800e238                __aeabi_fmul
                0x0800e3a0                __divsf3
                0x0800e3a0                __aeabi_fdiv
 .text          0x0800e4d8       0xec /home/laurence/ARM-GCC/gcc-arm-none-eabi-5_3-2016q1/bin/../lib/gcc/arm-none-eabi/5.3.1/armv7-m/libgcc.a(_arm_cmpsf2.o)
                0x0800e4d8                __gtsf2
                0x0800e4d8                __gesf2
                0x0800e4e0                __lesf2
                0x0800e4e0                __ltsf2
                0x0800e4e8                __nesf2
                0x0800e4e8                __eqsf2
                0x0800e4e8                __cmpsf2
                0x0800e548                __aeabi_cfrcmple
                0x0800e550                __aeabi_cfcmple
                0x0800e550                __aeabi_cfcmpeq
                0x0800e560                __aeabi_fcmpeq
                0x0800e574                __aeabi_fcmplt
                0x0800e588                __aeabi_fcmple
                0x0800e59c                __aeabi_fcmpge
                0x0800e5b0                __aeabi_fcmpgt
 .text          0x0800e5c4       0x2c /home/laurence/ARM-GCC/gcc-arm-none-eabi-5_3-2016q1/bin/../lib/gcc/arm-none-eabi/5.3.1/armv7-m/libgcc.a(_arm_unordsf2.o)
                0x0800e5c4                __aeabi_fcmpun
                0x0800e5c4                __unordsf2
 .text          0x0800e5f0       0x4c /home/laurence/ARM-GCC/gcc-arm-none-eabi-5_3-2016q1/bin/../lib/gcc/arm-none-eabi/5.3.1/armv7-m/libgcc.a(_arm_fixsfsi.o)
                0x0800e5f0                __fixsfsi
                0x0800e5f0                __aeabi_f2iz
 .text          0x0800e63c       0x40 /home/laurence/ARM-GCC/gcc-arm-none-eabi-5_3-2016q1/bin/../lib/gcc/arm-none-eabi/5.3.1/armv7-m/libgcc.a(_arm_fixunssfsi.o)
                0x0800e63c                __aeabi_f2uiz
                0x0800e63c                __fixunssfsi
 .text.__errno  0x0800e67c        0xc /home/laurence/ARM-GCC/gcc-arm-none-eabi-5_3-2016q1/bin/../lib/gcc/arm-none-eabi/5.3.1/../../../../arm-none-eabi/lib/armv7-m/libc_nano.a(lib_a-errno.o)
                0x0800e67c                __errno
 .text.memcmp   0x0800e688       0x1e /home/laurence/ARM-GCC/gcc-arm-none-eabi-5_3-2016q1/bin/../lib/gcc/arm-none-eabi/5.3.1/../../../../arm-none-eabi/lib/armv7-m/libc_nano.a(lib_a-memcmp.o)
                0x0800e688                memcmp
 .text.memcpy   0x0800e6a6       0x16 /home/laurence/ARM-GCC/gcc-arm-none-eabi-5_3-2016q1/bin/../lib/gcc/arm-none-eabi/5.3.1/../../../../arm-none-eabi/lib/armv7-m/libc_nano.a(lib_a-memcpy-stub.o)
                0x0800e6a6                memcpy
 .text.strcat   0x0800e6bc       0x1e /home/laurence/ARM-GCC/gcc-arm-none-eabi-5_3-2016q1/bin/../lib/gcc/arm-none-eabi/5.3.1/../../../../arm-none-eabi/lib/armv7-m/libc_nano.a(lib_a-strcat.o)
                0x0800e6bc                strcat
 .text.strcpy   0x0800e6da       0x10 /home/laurence/ARM-GCC/gcc-arm-none-eabi-5_3-2016q1/bin/../lib/gcc/arm-none-eabi/5.3.1/../../../../arm-none-eabi/lib/armv7-m/libc_nano.a(lib_a-strcpy.o)
                0x0800e6da                strcpy
 .text          0x0800e6ea       0x10 /home/laurence/ARM-GCC/gcc-arm-none-eabi-5_3-2016q1/bin/../lib/gcc/arm-none-eabi/5.3.1/../../../../arm-none-eabi/lib/armv7-m/libc_nano.a(lib_a-strlen.o)
                0x0800e6ea                strlen
 *(.init)
 *fill*         0x0800e6fa        0x2 
 .init          0x0800e6fc        0x4 /home/laurence/ARM-GCC/gcc-arm-none-eabi-5_3-2016q1/bin/../lib/gcc/arm-none-eabi/5.3.1/armv7-m/crti.o
                0x0800e6fc                _init
 .init          0x0800e700        0x8 /home/laurence/ARM-GCC/gcc-arm-none-eabi-5_3-2016q1/bin/../lib/gcc/arm-none-eabi/5.3.1/armv7-m/crtn.o
 *(.fini)
 .fini          0x0800e708        0x4 /home/laurence/ARM-GCC/gcc-arm-none-eabi-5_3-2016q1/bin/../lib/gcc/arm-none-eabi/5.3.1/armv7-m/crti.o
                0x0800e708                _fini
 .fini          0x0800e70c        0x8 /home/laurence/ARM-GCC/gcc-arm-none-eabi-5_3-2016q1/bin/../lib/gcc/arm-none-eabi/5.3.1/armv7-m/crtn.o
 *crtbegin.o(.ctors)
 *crtbegin?.o(.ctors)
 *(EXCLUDE_FILE(*crtend.o *crtend?.o) .ctors)
 *(SORT(.ctors.*))
 *(.ctors)
 *crtbegin.o(.dtors)
 *crtbegin?.o(.dtors)
 *(EXCLUDE_FILE(*crtend.o *crtend?.o) .dtors)
 *(SORT(.dtors.*))
 *(.dtors)
 *(.rodata*)
 .rodata        0x0800e714        0xc /tmp/ccSuWhpi.ltrans0.ltrans.o
                0x0800e714                DaysInMonth.lto_priv.77
 .rodata.str1.1
                0x0800e720      0x1ad /tmp/ccSuWhpi.ltrans0.ltrans.o
                                0x1b4 (size before relaxing)
 .rodata        0x0800e8cd       0xa6 /tmp/ccSuWhpi.ltrans1.ltrans.o
 .rodata.str1.1
                0x0800e973       0xde /tmp/ccSuWhpi.ltrans2.ltrans.o
                                 0xe7 (size before relaxing)
 *fill*         0x0800ea51        0x1 
 .rodata        0x0800ea52      0x3ce /tmp/ccSuWhpi.ltrans4.ltrans.o
                0x0800ea52                LfnOfs.lto_priv.82
 .rodata        0x0800ee20      0x180 /tmp/ccSuWhpi.ltrans7.ltrans.o
 .rodata.str1.1
                0x0800efa0       0x10 /tmp/ccSuWhpi.ltrans7.ltrans.o
 .rodata.str1.1
                0x0800efb0        0x6 /tmp/ccSuWhpi.ltrans8.ltrans.o
 *fill*         0x0800efb6        0x2 
 .rodata        0x0800efb8       0xc5 /tmp/ccSuWhpi.ltrans9.ltrans.o
 *fill*         0x0800f07d        0x3 
 .rodata.str1.4
                0x0800f080      0x152 /tmp/ccSuWhpi.ltrans9.ltrans.o
 .rodata.str1.1
                0x0800f1d2        0x2 /home/laurence/ARM-GCC/gcc-arm-none-eabi-5_3-2016q1/bin/../lib/gcc/arm-none-eabi/5.3.1/../../../../arm-none-eabi/lib/armv7-m/libc_nano.a(lib_a-impure.o)
 .rodata._global_impure_ptr
                0x0800f1d4        0x4 /home/laurence/ARM-GCC/gcc-arm-none-eabi-5_3-2016q1/bin/../lib/gcc/arm-none-eabi/5.3.1/../../../../arm-none-eabi/lib/armv7-m/libc_nano.a(lib_a-impure.o)
                0x0800f1d4                _global_impure_ptr
 .rodata.str1.4
                0x0800f1d8        0x6 /home/laurence/ARM-GCC/gcc-arm-none-eabi-5_3-2016q1/bin/../lib/gcc/arm-none-eabi/5.3.1/../../../../arm-none-eabi/lib/armv7-m/libm.a(lib_a-wf_acos.o)
                                  0x9 (size before relaxing)
 *fill*         0x0800f1de        0x2 
 .rodata.str1.4
                0x0800f1e0        0x8 /home/laurence/ARM-GCC/gcc-arm-none-eabi-5_3-2016q1/bin/../lib/gcc/arm-none-eabi/5.3.1/../../../../arm-none-eabi/lib/armv7-m/libm.a(lib_a-wf_sqrt.o)
                                  0x6 (size before relaxing)
 .rodata.npio2_hw
                0x0800f1e8       0x80 /home/laurence/ARM-GCC/gcc-arm-none-eabi-5_3-2016q1/bin/../lib/gcc/arm-none-eabi/5.3.1/../../../../arm-none-eabi/lib/armv7-m/libm.a(lib_a-ef_rem_pio2.o)
 .rodata.two_over_pi
                0x0800f268      0x318 /home/laurence/ARM-GCC/gcc-arm-none-eabi-5_3-2016q1/bin/../lib/gcc/arm-none-eabi/5.3.1/../../../../arm-none-eabi/lib/armv7-m/libm.a(lib_a-ef_rem_pio2.o)
 .rodata.init_jk
                0x0800f580        0xc /home/laurence/ARM-GCC/gcc-arm-none-eabi-5_3-2016q1/bin/../lib/gcc/arm-none-eabi/5.3.1/../../../../arm-none-eabi/lib/armv7-m/libm.a(lib_a-kf_rem_pio2.o)
 .rodata.PIo2   0x0800f58c       0x2c /home/laurence/ARM-GCC/gcc-arm-none-eabi-5_3-2016q1/bin/../lib/gcc/arm-none-eabi/5.3.1/../../../../arm-none-eabi/lib/armv7-m/libm.a(lib_a-kf_rem_pio2.o)
 .rodata.atanlo
                0x0800f5b8       0x20 /home/laurence/ARM-GCC/gcc-arm-none-eabi-5_3-2016q1/bin/../lib/gcc/arm-none-eabi/5.3.1/../../../../arm-none-eabi/lib/armv7-m/libm.a(lib_a-s_atan.o)
 .rodata.atanhi
                0x0800f5d8       0x20 /home/laurence/ARM-GCC/gcc-arm-none-eabi-5_3-2016q1/bin/../lib/gcc/arm-none-eabi/5.3.1/../../../../arm-none-eabi/lib/armv7-m/libm.a(lib_a-s_atan.o)
 .rodata.atanlo
                0x0800f5f8       0x10 /home/laurence/ARM-GCC/gcc-arm-none-eabi-5_3-2016q1/bin/../lib/gcc/arm-none-eabi/5.3.1/../../../../arm-none-eabi/lib/armv7-m/libm.a(lib_a-sf_atan.o)
 .rodata.atanhi
                0x0800f608       0x10 /home/laurence/ARM-GCC/gcc-arm-none-eabi-5_3-2016q1/bin/../lib/gcc/arm-none-eabi/5.3.1/../../../../arm-none-eabi/lib/armv7-m/libm.a(lib_a-sf_atan.o)
 *(.eh_frame*)
 .eh_frame      0x0800f618        0x0 /home/laurence/ARM-GCC/gcc-arm-none-eabi-5_3-2016q1/bin/../lib/gcc/arm-none-eabi/5.3.1/armv7-m/crtbegin.o
 .eh_frame      0x0800f618        0x4 /home/laurence/ARM-GCC/gcc-arm-none-eabi-5_3-2016q1/bin/../lib/gcc/arm-none-eabi/5.3.1/armv7-m/crtend.o

.glue_7         0x0800f61c        0x0
 .glue_7        0x0800f61c        0x0 linker stubs

.glue_7t        0x0800f61c        0x0
 .glue_7t       0x0800f61c        0x0 linker stubs

.vfp11_veneer   0x0800f61c        0x0
 .vfp11_veneer  0x0800f61c        0x0 linker stubs

.v4_bx          0x0800f61c        0x0
 .v4_bx         0x0800f61c        0x0 linker stubs

.iplt           0x0800f61c        0x0
 .iplt          0x0800f61c        0x0 /home/laurence/ARM-GCC/gcc-arm-none-eabi-5_3-2016q1/bin/../lib/gcc/arm-none-eabi/5.3.1/armv7-m/crtbegin.o

.ARM.extab
 *(.ARM.extab* .gnu.linkonce.armextab.*)
                0x0800f61c                __exidx_start = .

.ARM.exidx      0x0800f61c        0x8
 *(.ARM.exidx* .gnu.linkonce.armexidx.*)
 .ARM.exidx     0x0800f61c        0x8 /home/laurence/ARM-GCC/gcc-arm-none-eabi-5_3-2016q1/bin/../lib/gcc/arm-none-eabi/5.3.1/../../../../arm-none-eabi/lib/armv7-m/crt0.o
                0x0800f624                __exidx_end = .
                0x0800f624                __etext = .

.rel.dyn        0x0800f624        0x0
 .rel.iplt      0x0800f624        0x0 /home/laurence/ARM-GCC/gcc-arm-none-eabi-5_3-2016q1/bin/../lib/gcc/arm-none-eabi/5.3.1/armv7-m/crtbegin.o

.data           0x20000000      0x268 load address 0x0800f624
                0x20000000                __data_start__ = .
 *(vtable)
 *(.data*)
 .data          0x20000000        0x9 /tmp/ccSuWhpi.ltrans0.ltrans.o
                0x20000008                SP1ML_network_address
 *fill*         0x20000009        0x3 
 .data          0x2000000c      0x110 /tmp/ccSuWhpi.ltrans1.ltrans.o
                0x200000be                Device_Table
                0x200000c0                pEpInt_IN
                0x200000dc                pEpInt_OUT
                0x200000f8                User_Standard_Requests
 .data          0x2000011c       0x10 /tmp/ccSuWhpi.ltrans3.ltrans.o
                0x2000011c                RLD_replaced.lto_priv.62
 .data          0x2000012c       0x32 /tmp/ccSuWhpi.ltrans5.ltrans.o
                0x2000012c                Device_Property
                0x2000015d                Stat.lto_priv.72
 .data          0x2000015e       0x12 /tmp/ccSuWhpi.ltrans6.ltrans.o
                0x2000015e                Scsi_Sense_Data
 .data          0x20000170        0x2 /tmp/ccSuWhpi.ltrans8.ltrans.o
 *fill*         0x20000172        0x2 
 .data          0x20000174       0x69 /tmp/ccSuWhpi.ltrans9.ltrans.o
                0x20000174                DCM_glob
                0x20000198                I2C_jobs
 .data.ADCPrescTable
                0x200001dd        0x4 lib/STM32F10x_StdPeriph_Driver/libstm32fw.a(stm32f10x_rcc.o)
 .data.APBAHBPrescTable
                0x200001e1       0x10 lib/STM32F10x_StdPeriph_Driver/libstm32fw.a(stm32f10x_rcc.o)
 *fill*         0x200001f1        0x3 
 .data.impure_data
                0x200001f4       0x60 /home/laurence/ARM-GCC/gcc-arm-none-eabi-5_3-2016q1/bin/../lib/gcc/arm-none-eabi/5.3.1/../../../../arm-none-eabi/lib/armv7-m/libc_nano.a(lib_a-impure.o)
 .data._impure_ptr
                0x20000254        0x4 /home/laurence/ARM-GCC/gcc-arm-none-eabi-5_3-2016q1/bin/../lib/gcc/arm-none-eabi/5.3.1/../../../../arm-none-eabi/lib/armv7-m/libc_nano.a(lib_a-impure.o)
                0x20000254                _impure_ptr
 .data.__fdlib_version
                0x20000258        0x1 /home/laurence/ARM-GCC/gcc-arm-none-eabi-5_3-2016q1/bin/../lib/gcc/arm-none-eabi/5.3.1/../../../../arm-none-eabi/lib/armv7-m/libm.a(lib_a-s_lib_ver.o)
                0x20000258                __fdlib_version
                0x2000025c                . = ALIGN (0x4)
 *fill*         0x20000259        0x3 
                0x2000025c                PROVIDE (__preinit_array_start, .)
 *(.preinit_array)
                0x2000025c                PROVIDE (__preinit_array_end, .)
                0x2000025c                . = ALIGN (0x4)
                0x2000025c                PROVIDE (__init_array_start, .)
 *(SORT(.init_array.*))
 *(.init_array)
 .init_array    0x2000025c        0x4 /home/laurence/ARM-GCC/gcc-arm-none-eabi-5_3-2016q1/bin/../lib/gcc/arm-none-eabi/5.3.1/armv7-m/crtbegin.o
                0x20000260                PROVIDE (__init_array_end, .)
                0x20000260                . = ALIGN (0x4)
                [!provide]                PROVIDE (__fini_array_start, .)
 *(SORT(.fini_array.*))
 *(.fini_array)
 .fini_array    0x20000260        0x4 /home/laurence/ARM-GCC/gcc-arm-none-eabi-5_3-2016q1/bin/../lib/gcc/arm-none-eabi/5.3.1/armv7-m/crtbegin.o
                [!provide]                PROVIDE (__fini_array_end, .)
 *(.jcr*)
 .jcr           0x20000264        0x0 /home/laurence/ARM-GCC/gcc-arm-none-eabi-5_3-2016q1/bin/../lib/gcc/arm-none-eabi/5.3.1/armv7-m/crtbegin.o
 .jcr           0x20000264        0x4 /home/laurence/ARM-GCC/gcc-arm-none-eabi-5_3-2016q1/bin/../lib/gcc/arm-none-eabi/5.3.1/armv7-m/crtend.o
                0x20000268                . = ALIGN (0x4)
                0x20000268                __data_end__ = .

.igot.plt       0x20000268        0x0 load address 0x0800f88c
 .igot.plt      0x20000268        0x0 /home/laurence/ARM-GCC/gcc-arm-none-eabi-5_3-2016q1/bin/../lib/gcc/arm-none-eabi/5.3.1/armv7-m/crtbegin.o

.bss            0x20000268     0x1610 load address 0x0800f890
                0x20000268                . = ALIGN (0x4)
                0x20000268                __bss_start__ = .
 *(.bss*)
 .bss           0x20000268       0x1c /home/laurence/ARM-GCC/gcc-arm-none-eabi-5_3-2016q1/bin/../lib/gcc/arm-none-eabi/5.3.1/armv7-m/crtbegin.o
 *fill*         0x20000284        0x4 
 .bss           0x20000288      0x705 /tmp/ccSuWhpi.ltrans0.ltrans.o
                0x200006b0                bootsource
                0x200006b8                rputchar.lto_priv.71
                0x200006bc                Status
                0x200006c0                Data_Buffer
                0x200006c4                bDeviceState
                0x200006c8                Battery_Voltage
                0x200006cc                FatFs.lto_priv.79
                0x20000928                LSM9DS1_Mag_Offset
                0x20000942                file_opened
                0x20000944                PI_glob
                0x2000095c                I_limits
                0x20000968                flashCodeEnabled
                0x20000974                GPS_telem
                0x20000984                flashCode
                0x2000098b                System_state_Global
                0x2000098c                Shutdown_System
 *fill*         0x2000098d        0x3 
 .bss           0x20000990       0x30 /tmp/ccSuWhpi.ltrans1.ltrans.o
 .bss           0x200009c0        0xd /tmp/ccSuWhpi.ltrans2.ltrans.o
 *fill*         0x200009cd        0x3 
 .bss           0x200009d0      0x48c /tmp/ccSuWhpi.ltrans3.ltrans.o
                0x20000d44                rld_sense.lto_priv.64
                0x20000d4a                rld_replace_counter.lto_priv.63
                0x20000e14                Filtered_ECG
                0x20000e28                SP1ML_tx_rx_state
                0x20000e34                SP1ML_tx_sequence_number
                0x20000e38                Usart3_rx_buff
                0x20000e48                RN42_tx_sequence_number
                0x20000e4c                Usart1_rx_buff
 .bss           0x20000e5c        0x2 /tmp/ccSuWhpi.ltrans4.ltrans.o
 *fill*         0x20000e5e        0x2 
 .bss           0x20000e60       0x1d /tmp/ccSuWhpi.ltrans5.ltrans.o
                0x20000e60                wIstr
                0x20000e64                Timer1.lto_priv.73
                0x20000e68                Timer2.lto_priv.74
 *fill*         0x20000e7d        0x3 
 .bss           0x20000e80       0x9a /tmp/ccSuWhpi.ltrans6.ltrans.o
                0x20000e80                Mass_Block_Count
                0x20000e88                CBW
                0x20000ea8                Mass_Block_Size
                0x20000eb0                Bot_State
                0x20000eb2                Data_Len
                0x20000eb8                TransferState
                0x20000ec8                Bulk_Data_Buff
                0x20000f08                CSW
 .bss           0x20000f1a       0x82 /tmp/ccSuWhpi.ltrans8.ltrans.o
                0x20000f1a                Sd_Spi_Called_From_USB_MSC
                0x20000f9b                CardType.lto_priv.84
 .bss           0x20000f9c      0x1cd /tmp/ccSuWhpi.ltrans9.ltrans.o
                0x20000f9c                Gps_Buffer
                0x20000fa8                wct.lto_priv.42
                0x20000faa                channel_wct_conf.lto_priv.41
                0x20000fab                ADS1298_Error_Status
                0x20000fac                Enable.lto_priv.44
                0x20000fb0                ECG_buffers
                0x20001030                Gain.lto_priv.50
                0x20001031                Actual_gain.lto_priv.47
                0x20001032                Cap.lto_priv.46
                0x20001033                quality_mask.lto_priv.43
                0x20001034                qualityfilter.lto_priv.45
                0x20001054                old_wct.lto_priv.49
                0x20001058                Millis
                0x2000105c                old_quality_mask.lto_priv.48
                0x20001068                Gps
                0x2000109c                I2C1error
                0x2000109e                I2C_failure
                0x200010a0                Completed_Jobs
                0x200010a4                Jobs
                0x200010ac                LSM9DS1_Gyro_Buffer
                0x200010b8                LSM9DS1_Acc_Buffer
                0x200010c0                LSM9DS1_Mag_Buffer
                0x200010c8                IMU_buff
                0x20001168                read_transaction.lto_priv.40
 *fill*         0x20001169        0x3 
 .bss           0x2000116c      0x6bd /tmp/ccSuWhpi.ltrans10.ltrans.o
                0x2000116c                Usart1_tx_buff
                0x2000117c                print_string
                0x200011a4                FATFS_wavfile
                0x200013c8                Usart3_tx_buff
                0x200013d8                SP1ML_withold
                0x200013dc                SP1ML_tx_bytes
                0x200013e0                FATFS_wavfile_gps
                0x20001604                FATFS_wavfile_imu
                0x20001828                CurrVol.lto_priv.78
 .bss.Data_Mul_MaxPacketSize
                0x20001829        0x1 lib/STM32_USB-FS-Device_Driver/libstm32usb.a(usb_core.o)
                0x20001829                Data_Mul_MaxPacketSize
 *fill*         0x2000182a        0x2 
 .bss.__malloc_sbrk_start
                0x2000182c        0x4 /home/laurence/ARM-GCC/gcc-arm-none-eabi-5_3-2016q1/bin/../lib/gcc/arm-none-eabi/5.3.1/../../../../arm-none-eabi/lib/armv7-m/libc_nano.a(lib_a-nano-mallocr.o)
                0x2000182c                __malloc_sbrk_start
 .bss.__malloc_free_list
                0x20001830        0x4 /home/laurence/ARM-GCC/gcc-arm-none-eabi-5_3-2016q1/bin/../lib/gcc/arm-none-eabi/5.3.1/../../../../arm-none-eabi/lib/armv7-m/libc_nano.a(lib_a-nano-mallocr.o)
                0x20001830                __malloc_free_list
 .bss.heap_end.4167
                0x20001834        0x4 /home/laurence/ARM-GCC/gcc-arm-none-eabi-5_3-2016q1/bin/../lib/gcc/arm-none-eabi/5.3.1/../../../../arm-none-eabi/lib/armv7-m/libnosys.a(sbrk.o)
 *(COMMON)
 COMMON         0x20001838        0x2 lib/STM32_USB-FS-Device_Driver/libstm32usb.a(usb_core.o)
                0x20001838                StatusInfo
 *fill*         0x2000183a        0x2 
 COMMON         0x2000183c       0x32 lib/STM32_USB-FS-Device_Driver/libstm32usb.a(usb_init.o)
                0x2000183c                SaveState
                0x20001840                pProperty
                0x20001844                EPindex
                0x20001848                Device_Info
                0x20001864                pUser_Standard_Requests
                0x20001868                pInformation
                0x2000186c                wInterrupt_Mask
 COMMON         0x2000186e        0x4 lib/STM32_USB-FS-Device_Driver/libstm32usb.a(usb_int.o)
                0x2000186e                SaveRState
                0x20001870                SaveTState
 *fill*         0x20001872        0x2 
 COMMON         0x20001874        0x4 /home/laurence/ARM-GCC/gcc-arm-none-eabi-5_3-2016q1/bin/../lib/gcc/arm-none-eabi/5.3.1/../../../../arm-none-eabi/lib/armv7-m/libc_nano.a(lib_a-reent.o)
                0x20001874                errno
                0x20001878                . = ALIGN (0x4)
                0x20001878                __bss_end__ = .

.heap           0x20001878        0x0
                0x20001878                __end__ = .
                0x20001878                end = __end__
 *(.heap*)
 .heap          0x20001878        0x0 lib/ARM-GCC/startup_ARMCM3.o
                0x20001878                __HeapLimit = .

.stack_dummy    0x20001878      0xc00
 *(.stack*)
 .stack         0x20001878      0xc00 lib/ARM-GCC/startup_ARMCM3.o
                0x20005000                __StackTop = (ORIGIN (RAM) + LENGTH (RAM))
                0x20004400                __StackLimit = (__StackTop - SIZEOF (.stack_dummy))
                0x20005000                PROVIDE (__stack, __StackTop)
                0x00000001                ASSERT ((__StackLimit >= __HeapLimit), region RAM overflowed with stack)
OUTPUT(main.elf elf32-littlearm)

.ARM.attributes
                0x00000000       0x29
 .ARM.attributes
                0x00000000       0x1d /home/laurence/ARM-GCC/gcc-arm-none-eabi-5_3-2016q1/bin/../lib/gcc/arm-none-eabi/5.3.1/armv7-m/crti.o
 .ARM.attributes
                0x0000001d       0x2d /home/laurence/ARM-GCC/gcc-arm-none-eabi-5_3-2016q1/bin/../lib/gcc/arm-none-eabi/5.3.1/armv7-m/crtbegin.o
 .ARM.attributes
                0x0000004a       0x1b /home/laurence/ARM-GCC/gcc-arm-none-eabi-5_3-2016q1/bin/../lib/gcc/arm-none-eabi/5.3.1/../../../../arm-none-eabi/lib/armv7-m/crt0.o
 .ARM.attributes
                0x00000065       0x31 /tmp/ccSuWhpi.ltrans0.ltrans.o
 .ARM.attributes
                0x00000096       0x31 /tmp/ccSuWhpi.ltrans1.ltrans.o
 .ARM.attributes
                0x000000c7       0x31 /tmp/ccSuWhpi.ltrans2.ltrans.o
 .ARM.attributes
                0x000000f8       0x31 /tmp/ccSuWhpi.ltrans3.ltrans.o
 .ARM.attributes
                0x00000129       0x31 /tmp/ccSuWhpi.ltrans4.ltrans.o
 .ARM.attributes
                0x0000015a       0x31 /tmp/ccSuWhpi.ltrans5.ltrans.o
 .ARM.attributes
                0x0000018b       0x31 /tmp/ccSuWhpi.ltrans6.ltrans.o
 .ARM.attributes
                0x000001bc       0x31 /tmp/ccSuWhpi.ltrans7.ltrans.o
 .ARM.attributes
                0x000001ed       0x31 /tmp/ccSuWhpi.ltrans8.ltrans.o
 .ARM.attributes
                0x0000021e       0x31 /tmp/ccSuWhpi.ltrans9.ltrans.o
 .ARM.attributes
                0x0000024f       0x31 /tmp/ccSuWhpi.ltrans10.ltrans.o
 .ARM.attributes
                0x00000280       0x1b lib/ARM-GCC/startup_ARMCM3.o
 .ARM.attributes
                0x0000029b       0x33 lib/STM32F10x_StdPeriph_Driver/libstm32fw.a(misc.o)
 .ARM.attributes
                0x000002ce       0x33 lib/STM32F10x_StdPeriph_Driver/libstm32fw.a(stm32f10x_adc.o)
 .ARM.attributes
                0x00000301       0x33 lib/STM32F10x_StdPeriph_Driver/libstm32fw.a(stm32f10x_bkp.o)
 .ARM.attributes
                0x00000334       0x33 lib/STM32F10x_StdPeriph_Driver/libstm32fw.a(stm32f10x_dbgmcu.o)
 .ARM.attributes
                0x00000367       0x33 lib/STM32F10x_StdPeriph_Driver/libstm32fw.a(stm32f10x_dma.o)
 .ARM.attributes
                0x0000039a       0x33 lib/STM32F10x_StdPeriph_Driver/libstm32fw.a(stm32f10x_exti.o)
 .ARM.attributes
                0x000003cd       0x33 lib/STM32F10x_StdPeriph_Driver/libstm32fw.a(stm32f10x_gpio.o)
 .ARM.attributes
                0x00000400       0x33 lib/STM32F10x_StdPeriph_Driver/libstm32fw.a(stm32f10x_i2c.o)
 .ARM.attributes
                0x00000433       0x33 lib/STM32F10x_StdPeriph_Driver/libstm32fw.a(stm32f10x_iwdg.o)
 .ARM.attributes
                0x00000466       0x33 lib/STM32F10x_StdPeriph_Driver/libstm32fw.a(stm32f10x_pwr.o)
 .ARM.attributes
                0x00000499       0x33 lib/STM32F10x_StdPeriph_Driver/libstm32fw.a(stm32f10x_rcc.o)
 .ARM.attributes
                0x000004cc       0x33 lib/STM32F10x_StdPeriph_Driver/libstm32fw.a(stm32f10x_rtc.o)
 .ARM.attributes
                0x000004ff       0x33 lib/STM32F10x_StdPeriph_Driver/libstm32fw.a(stm32f10x_spi.o)
 .ARM.attributes
                0x00000532       0x33 lib/STM32F10x_StdPeriph_Driver/libstm32fw.a(stm32f10x_tim.o)
 .ARM.attributes
                0x00000565       0x33 lib/STM32F10x_StdPeriph_Driver/libstm32fw.a(stm32f10x_usart.o)
 .ARM.attributes
                0x00000598       0x33 lib/STM32_USB-FS-Device_Driver/libstm32usb.a(usb_core.o)
 .ARM.attributes
                0x000005cb       0x33 lib/STM32_USB-FS-Device_Driver/libstm32usb.a(usb_init.o)
 .ARM.attributes
                0x000005fe       0x33 lib/STM32_USB-FS-Device_Driver/libstm32usb.a(usb_int.o)
 .ARM.attributes
                0x00000631       0x33 lib/STM32_USB-FS-Device_Driver/libstm32usb.a(usb_mem.o)
 .ARM.attributes
                0x00000664       0x33 lib/STM32_USB-FS-Device_Driver/libstm32usb.a(usb_regs.o)
 .ARM.attributes
                0x00000697       0x33 lib/STM32_USB-FS-Device_Driver/libstm32usb.a(usb_sil.o)
 .ARM.attributes
                0x000006ca       0x2d /home/laurence/ARM-GCC/gcc-arm-none-eabi-5_3-2016q1/bin/../lib/gcc/arm-none-eabi/5.3.1/../../../../arm-none-eabi/lib/armv7-m/libc_nano.a(lib_a-exit.o)
 .ARM.attributes
                0x000006f7       0x2d /home/laurence/ARM-GCC/gcc-arm-none-eabi-5_3-2016q1/bin/../lib/gcc/arm-none-eabi/5.3.1/../../../../arm-none-eabi/lib/armv7-m/libc_nano.a(lib_a-impure.o)
 .ARM.attributes