Archive member included because of file (symbol)

lib/STM32F10x_StdPeriph_Driver/libstm32fw.a(misc.o)
                              interrupts.o (symbol from plugin) (NVIC_PriorityGroupConfig)
lib/STM32F10x_StdPeriph_Driver/libstm32fw.a(stm32f10x_adc.o)
                              adc.o (symbol from plugin) (ADC_DeInit)
lib/STM32F10x_StdPeriph_Driver/libstm32fw.a(stm32f10x_bkp.o)
                              Util/fat_fs/src/rtc.o (symbol from plugin) (BKP_DeInit)
lib/STM32F10x_StdPeriph_Driver/libstm32fw.a(stm32f10x_dbgmcu.o)
                              main.o (symbol from plugin) (DBGMCU_Config)
lib/STM32F10x_StdPeriph_Driver/libstm32fw.a(stm32f10x_dma.o)
                              Util/fat_fs/src/sd_spi_stm32.o (symbol from plugin) (DMA_DeInit)
lib/STM32F10x_StdPeriph_Driver/libstm32fw.a(stm32f10x_exti.o)
                              interrupts.o (symbol from plugin) (EXTI_DeInit)
lib/STM32F10x_StdPeriph_Driver/libstm32fw.a(stm32f10x_gpio.o)
                              Util/fat_fs/src/sd_spi_stm32.o (symbol from plugin) (GPIO_Init)
lib/STM32F10x_StdPeriph_Driver/libstm32fw.a(stm32f10x_i2c.o)
                              i2c_int.o (symbol from plugin) (I2C_DeInit)
lib/STM32F10x_StdPeriph_Driver/libstm32fw.a(stm32f10x_iwdg.o)
                              watchdog.o (symbol from plugin) (IWDG_WriteAccessCmd)
lib/STM32F10x_StdPeriph_Driver/libstm32fw.a(stm32f10x_pwr.o)
                              pwr.o (symbol from plugin) (PWR_DeInit)
lib/STM32F10x_StdPeriph_Driver/libstm32fw.a(stm32f10x_rcc.o)
                              interrupts.o (symbol from plugin) (RCC_HCLKConfig)
lib/STM32F10x_StdPeriph_Driver/libstm32fw.a(stm32f10x_rtc.o)
                              Util/fat_fs/src/rtc.o (symbol from plugin) (RTC_GetCounter)
lib/STM32F10x_StdPeriph_Driver/libstm32fw.a(stm32f10x_spi.o)
                              Util/fat_fs/src/sd_spi_stm32.o (symbol from plugin) (SPI_I2S_DeInit)
lib/STM32F10x_StdPeriph_Driver/libstm32fw.a(stm32f10x_tim.o)
                              timer.o (symbol from plugin) (TIM_DeInit)
lib/STM32F10x_StdPeriph_Driver/libstm32fw.a(stm32f10x_usart.o)
                              Util/rn42_command.o (symbol from plugin) (USART_DeInit)
lib/STM32_USB-FS-Device_Driver/libstm32usb.a(usb_core.o)
                              Util/USB/usb_prop.o (symbol from plugin) (Standard_GetDescriptorData)
lib/STM32_USB-FS-Device_Driver/libstm32usb.a(usb_init.o)
                              main.o (symbol from plugin) (USB_Init)
lib/STM32_USB-FS-Device_Driver/libstm32usb.a(usb_int.o)
                              Util/USB/usb_istr.o (symbol from plugin) (CTR_LP)
lib/STM32_USB-FS-Device_Driver/libstm32usb.a(usb_mem.o)
                              lib/STM32_USB-FS-Device_Driver/libstm32usb.a(usb_core.o) (UserToPMABufferCopy)
lib/STM32_USB-FS-Device_Driver/libstm32usb.a(usb_regs.o)
                              Util/USB/usb_prop.o (symbol from plugin) (SetBTABLE)
lib/STM32_USB-FS-Device_Driver/libstm32usb.a(usb_sil.o)
                              Util/USB/usb_prop.o (symbol from plugin) (USB_SIL_Init)
/home/laurence/ARM-GCC/bin/../lib/gcc/arm-none-eabi/4.7.4/../../../../arm-none-eabi/lib/armv7-m/libc.a(lib_a-__atexit.o)
                              /home/laurence/ARM-GCC/bin/../lib/gcc/arm-none-eabi/4.7.4/../../../../arm-none-eabi/lib/armv7-m/crt0.o (__register_exitproc)
/home/laurence/ARM-GCC/bin/../lib/gcc/arm-none-eabi/4.7.4/../../../../arm-none-eabi/lib/armv7-m/libc.a(lib_a-exit.o)
                              /home/laurence/ARM-GCC/bin/../lib/gcc/arm-none-eabi/4.7.4/../../../../arm-none-eabi/lib/armv7-m/crt0.o (exit)
/home/laurence/ARM-GCC/bin/../lib/gcc/arm-none-eabi/4.7.4/../../../../arm-none-eabi/lib/armv7-m/libc.a(lib_a-fini.o)
                              /home/laurence/ARM-GCC/bin/../lib/gcc/arm-none-eabi/4.7.4/../../../../arm-none-eabi/lib/armv7-m/crt0.o (__libc_fini_array)
/home/laurence/ARM-GCC/bin/../lib/gcc/arm-none-eabi/4.7.4/../../../../arm-none-eabi/lib/armv7-m/libc.a(lib_a-impure.o)
                              /home/laurence/ARM-GCC/bin/../lib/gcc/arm-none-eabi/4.7.4/../../../../arm-none-eabi/lib/armv7-m/libc.a(lib_a-__atexit.o) (_global_impure_ptr)
/home/laurence/ARM-GCC/bin/../lib/gcc/arm-none-eabi/4.7.4/../../../../arm-none-eabi/lib/armv7-m/libc.a(lib_a-init.o)
                              /home/laurence/ARM-GCC/bin/../lib/gcc/arm-none-eabi/4.7.4/../../../../arm-none-eabi/lib/armv7-m/crt0.o (__libc_init_array)
/home/laurence/ARM-GCC/bin/../lib/gcc/arm-none-eabi/4.7.4/../../../../arm-none-eabi/lib/armv7-m/libc.a(lib_a-memset.o)
                              /home/laurence/ARM-GCC/bin/../lib/gcc/arm-none-eabi/4.7.4/../../../../arm-none-eabi/lib/armv7-m/crt0.o (memset)
/home/laurence/ARM-GCC/bin/../lib/gcc/arm-none-eabi/4.7.4/../../../../arm-none-eabi/lib/armv7-m/libc.a(lib_a-rand.o)
                              Util/sp1ml_command.o (symbol from plugin) (srand)
[...]
Memory Configuration

Name             Origin             Length             Attributes
RAM              0x20000000         0x00005000         xrw
FLASH            0x08000000         0x00020000         xr
FLASHB1          0x00000000         0x00000000         xr
EXTMEMB0         0x00000000         0x00000000         xr
EXTMEMB1         0x00000000         0x00000000         xr
EXTMEMB2         0x00000000         0x00000000         xr
EXTMEMB3         0x00000000         0x00000000         xr
STARTFLASH       0x00000000         0xffffffff
CRPPATCH         0x00000000         0xffffffff
FLASHPATCH       0x00000000         0xffffffff
ENDFLASH         0x00000000         0xffffffff
*default*        0x00000000         0xffffffff

Linker script and memory map

LOAD /home/laurence/ARM-GCC/bin/../lib/gcc/arm-none-eabi/4.7.4/armv7-m/crti.o
LOAD /home/laurence/ARM-GCC/bin/../lib/gcc/arm-none-eabi/4.7.4/armv7-m/crtbegin.o
LOAD /home/laurence/ARM-GCC/bin/../lib/gcc/arm-none-eabi/4.7.4/../../../../arm-none-eabi/lib/armv7-m/crt0.o
LOAD Util/USB/hw_config.o
LOAD /tmp/cc7xbiNo.ltrans0.ltrans.o
LOAD /tmp/cc7xbiNo.ltrans1.ltrans.o
LOAD /tmp/cc7xbiNo.ltrans2.ltrans.o
LOAD /tmp/cc7xbiNo.ltrans3.ltrans.o
LOAD /tmp/cc7xbiNo.ltrans4.ltrans.o
LOAD /tmp/cc7xbiNo.ltrans5.ltrans.o
LOAD /tmp/cc7xbiNo.ltrans6.ltrans.o
LOAD /tmp/cc7xbiNo.ltrans7.ltrans.o
LOAD /tmp/cc7xbiNo.ltrans8.ltrans.o
LOAD /tmp/cc7xbiNo.ltrans9.ltrans.o
LOAD /tmp/cc7xbiNo.ltrans10.ltrans.o
LOAD /tmp/cc7xbiNo.ltrans11.ltrans.o
LOAD /home/laurence/ARM-GCC/bin/../lib/gcc/arm-none-eabi/4.7.4/armv7-m/libgcc.a
LOAD /home/laurence/ARM-GCC/bin/../lib/gcc/arm-none-eabi/4.7.4/../../../../arm-none-eabi/lib/armv7-m/libc.a
LOAD Util/USB/mass_mal.o
LOAD Util/USB/memory.o
LOAD Util/USB/scsi_data.o
LOAD Util/USB/usb_bot.o
LOAD Util/USB/usb_desc.o
LOAD Util/USB/usb_endp.o
LOAD Util/USB/usb_istr.o
LOAD Util/USB/usb_prop.o
LOAD Util/USB/usb_pwr.o
LOAD Util/USB/usb_scsi.o
LOAD Util/buffer.o
LOAD Util/data_alignment.o
LOAD Util/dcm_attitude.o
LOAD Util/delay.o
LOAD Util/fat_fs/option/ccsbcs.o
LOAD Util/fat_fs/src/fattime.o
LOAD Util/fat_fs/src/ff.o
LOAD Util/fat_fs/src/rtc.o
LOAD Util/fat_fs/src/sd_spi_stm32.o
LOAD Util/filter.o
LOAD Util/load_setting.o
LOAD Util/rn42_command.o
LOAD Util/rn42_conf.o
LOAD Util/rprintf.o
LOAD Util/rtc_correct.o
LOAD Util/sp1ml_command.o
LOAD Util/wave.o
LOAD adc.o
LOAD bootload.o
LOAD dma.o
LOAD gpio.o
LOAD i2c_int.o
LOAD interrupts.o
LOAD lib/CMSIS_CM3/core_cm3.o
LOAD lib/CMSIS_CM3/startup/gcc/startup_stm32f10x_md.o
LOAD lib/CMSIS_CM3/system_stm32f10x.o
LOAD main.o
LOAD pwr.o
LOAD timer.o
LOAD usart.o
LOAD watchdog.o
LOAD Sensors/ads1298.o
LOAD Sensors/lsm9ds1.o
LOAD Sensors/ubx.o
LOAD lib/STM32F10x_StdPeriph_Driver/libstm32fw.a
LOAD lib/STM32_USB-FS-Device_Driver/libstm32usb.a
LOAD /home/laurence/ARM-GCC/bin/../lib/gcc/arm-none-eabi/4.7.4/../../../../arm-none-eabi/lib/armv7-m/libm.a
LOAD /home/laurence/ARM-GCC/bin/../lib/gcc/arm-none-eabi/4.7.4/../../../../arm-none-eabi/lib/armv7-m/libnosys.a
START GROUP
LOAD /home/laurence/ARM-GCC/bin/../lib/gcc/arm-none-eabi/4.7.4/armv7-m/libgcc.a
LOAD /home/laurence/ARM-GCC/bin/../lib/gcc/arm-none-eabi/4.7.4/../../../../arm-none-eabi/lib/armv7-m/libc.a
END GROUP
LOAD /home/laurence/ARM-GCC/bin/../lib/gcc/arm-none-eabi/4.7.4/armv7-m/crtend.o
LOAD /home/laurence/ARM-GCC/bin/../lib/gcc/arm-none-eabi/4.7.4/armv7-m/crtn.o
                0x00002000                __Stack_Size = 0x2000
                0x00002000                PROVIDE (_Stack_Size, __Stack_Size)
                0x20003000                __Stack_Init = (_estack - __Stack_Size)
                0x20003000                PROVIDE (_Stack_Init, __Stack_Init)
                0x00002000                _Minimum_Stack_Size = 0x2000
                0x00000000                PROVIDE (Undefined_Handler, 0x0)
                0x00000000                PROVIDE (SWI_Handler, 0x0)
                0x00000000                PROVIDE (IRQ_Handler, 0x0)
                0x00000000                PROVIDE (Prefetch_Handler, 0x0)
                0x00000000                PROVIDE (Abort_Handler, 0x0)
                0x00000000                PROVIDE (FIQ_Handler, 0x0)
                0x00000000                PROVIDE (NMIException, 0x0)
                0x00000000                PROVIDE (NMI_Handler, 0x0)
                0x00000000                PROVIDE (HardFaultException, 0x0)
                0x00000000                PROVIDE (HardFault_Handler, 0x0)
                0x00000000                PROVIDE (MemManageException, 0x0)
                0x00000000                PROVIDE (MemManage_Handler, 0x0)
                0x00000000                PROVIDE (BusFaultException, 0x0)
                0x00000000                PROVIDE (BusFault_Handler, 0x0)
                0x00000000                PROVIDE (UsageFaultException, 0x0)
                0x00000000                PROVIDE (UsageFault_Handler, 0x0)
                0x00000000                PROVIDE (SVCHandler, 0x0)
                0x00000000                PROVIDE (SVC_Handler, 0x0)
                0x00000000                PROVIDE (DebugMonitor, 0x0)
                0x00000000                PROVIDE (DebugMon_Handler, 0x0)
                0x00000000                PROVIDE (PendSVC, 0x0)
                0x00000000                PROVIDE (PendSV_Handler, 0x0)
                0x00000000                PROVIDE (SysTickHandler, 0x0)
                0x00000000                PROVIDE (SysTick_Handler, 0x0)
                0x00000000                PROVIDE (WWDG_IRQHandler, 0x0)
                0x00000000                PROVIDE (PVD_IRQHandler, 0x0)
                0x00000000                PROVIDE (TAMPER_IRQHandler, 0x0)
                0x00000000                PROVIDE (RTC_IRQHandler, 0x0)
                0x00000000                PROVIDE (FLASH_IRQHandler, 0x0)
                0x00000000                PROVIDE (RCC_IRQHandler, 0x0)
                0x00000000                PROVIDE (EXTI0_IRQHandler, 0x0)
                0x00000000                PROVIDE (EXTI1_IRQHandler, 0x0)
                0x00000000                PROVIDE (EXTI2_IRQHandler, 0x0)
                0x00000000                PROVIDE (EXTI3_IRQHandler, 0x0)
                0x00000000                PROVIDE (EXTI4_IRQHandler, 0x0)
                0x00000000                PROVIDE (DMAChannel1_IRQHandler, 0x0)
                0x00000000                PROVIDE (DMAChannel2_IRQHandler, 0x0)
                0x00000000                PROVIDE (DMAChannel3_IRQHandler, 0x0)
                0x00000000                PROVIDE (DMAChannel4_IRQHandler, 0x0)
                0x00000000                PROVIDE (DMAChannel5_IRQHandler, 0x0)
                0x00000000                PROVIDE (DMAChannel6_IRQHandler, 0x0)
                0x00000000                PROVIDE (DMAChannel7_IRQHandler, 0x0)
                0x00000000                PROVIDE (DMA1_Channel1_IRQHandler, 0x0)
                0x00000000                PROVIDE (DMA1_Channel2_IRQHandler, 0x0)
                0x00000000                PROVIDE (DMA1_Channel3_IRQHandler, 0x0)
                0x00000000                PROVIDE (DMA1_Channel4_IRQHandler, 0x0)
                0x00000000                PROVIDE (DMA1_Channel5_IRQHandler, 0x0)
                0x00000000                PROVIDE (DMA1_Channel6_IRQHandler, 0x0)
                0x00000000                PROVIDE (DMA1_Channel7_IRQHandler, 0x0)
                0x00000000                PROVIDE (ADC_IRQHandler, 0x0)
                0x00000000                PROVIDE (ADC1_2_IRQHandler, 0x0)
                0x00000000                PROVIDE (USB_HP_CAN_TX_IRQHandler, 0x0)
                0x00000000                PROVIDE (USB_HP_CAN1_TX_IRQHandler, 0x0)
                0x00000000                PROVIDE (USB_LP_CAN_RX0_IRQHandler, 0x0)
                0x00000000                PROVIDE (USB_LP_CAN1_RX0_IRQHandler, 0x0)
                0x00000000                PROVIDE (CAN_RX1_IRQHandler, 0x0)
                0x00000000                PROVIDE (CAN1_RX1_IRQHandler, 0x0)
                0x00000000                PROVIDE (CAN_SCE_IRQHandler, 0x0)
                0x00000000                PROVIDE (CAN1_SCE_IRQHandler, 0x0)
                0x00000000                PROVIDE (EXTI9_5_IRQHandler, 0x0)
                0x00000000                PROVIDE (TIM1_BRK_IRQHandler, 0x0)
                0x00000000                PROVIDE (TIM1_UP_IRQHandler, 0x0)
                0x00000000                PROVIDE (TIM1_TRG_COM_IRQHandler, 0x0)
                0x00000000                PROVIDE (TIM1_CC_IRQHandler, 0x0)
                0x00000000                PROVIDE (TIM2_IRQHandler, 0x0)
                0x00000000                PROVIDE (TIM3_IRQHandler, 0x0)
                0x00000000                PROVIDE (TIM4_IRQHandler, 0x0)
                0x00000000                PROVIDE (I2C1_EV_IRQHandler, 0x0)
                0x00000000                PROVIDE (I2C1_ER_IRQHandler, 0x0)
                0x00000000                PROVIDE (I2C2_EV_IRQHandler, 0x0)
                0x00000000                PROVIDE (I2C2_ER_IRQHandler, 0x0)
                0x00000000                PROVIDE (SPI1_IRQHandler, 0x0)
                0x00000000                PROVIDE (SPI2_IRQHandler, 0x0)
                0x00000000                PROVIDE (USART1_IRQHandler, 0x0)
                0x00000000                PROVIDE (USART2_IRQHandler, 0x0)
                0x00000000                PROVIDE (USART3_IRQHandler, 0x0)
                0x00000000                PROVIDE (EXTI15_10_IRQHandler, 0x0)
                0x00000000                PROVIDE (RTCAlarm_IRQHandler, 0x0)
                0x00000000                PROVIDE (USBWakeUp_IRQHandler, 0x0)
                0x00000000                PROVIDE (TIM8_BRK_IRQHandler, 0x0)
                0x00000000                PROVIDE (TIM8_UP_IRQHandler, 0x0)
                0x00000000                PROVIDE (TIM8_TRG_COM_IRQHandler, 0x0)
                0x00000000                PROVIDE (TIM8_CC_IRQHandler, 0x0)
                0x00000000                PROVIDE (ADC3_IRQHandler, 0x0)
                0x00000000                PROVIDE (FSMC_IRQHandler, 0x0)
                0x00000000                PROVIDE (SDIO_IRQHandler, 0x0)
                0x00000000                PROVIDE (TIM5_IRQHandler, 0x0)
                0x00000000                PROVIDE (SPI3_IRQHandler, 0x0)
                0x00000000                PROVIDE (UART4_IRQHandler, 0x0)
                0x00000000                PROVIDE (UART5_IRQHandler, 0x0)
                0x00000000                PROVIDE (TIM6_IRQHandler, 0x0)
                0x00000000                PROVIDE (TIM7_IRQHandler, 0x0)
                0x00000000                PROVIDE (DMA2_Channel1_IRQHandler, 0x0)
                0x00000000                PROVIDE (DMA2_Channel2_IRQHandler, 0x0)
                0x00000000                PROVIDE (DMA2_Channel3_IRQHandler, 0x0)
                0x00000000                PROVIDE (DMA2_Channel4_5_IRQHandler, 0x0)
                0x42000000                PERIPH_BB_BASE = 0x42000000
                0x22000000                SRAM_BB_BASE = 0x22000000
                0x20000000                SRAM_BASE = 0x20000000
                0x40000000                PERIPH_BASE = 0x40000000
                0x40022000                PROVIDE (FLASH_BASE, 0x40022000)
                0x1ffff800                PROVIDE (OB_BASE, 0x1ffff800)
                0x40000000                APB1PERIPH_BASE = PERIPH_BASE
                0x40010000                APB2PERIPH_BASE = (PERIPH_BASE + 0x10000)
                0x40020000                AHBPERIPH_BASE = (PERIPH_BASE + 0x20000)
                0x40000000                PROVIDE (TIM2, (APB1PERIPH_BASE + 0x0))
                0x40000400                PROVIDE (TIM3, (APB1PERIPH_BASE + 0x400))
                0x40000800                PROVIDE (TIM4, (APB1PERIPH_BASE + 0x800))
                0x40002800                PROVIDE (RTC, (APB1PERIPH_BASE + 0x2800))
                0x40002c00                PROVIDE (WWDG, (APB1PERIPH_BASE + 0x2c00))
                0x40003000                PROVIDE (IWDG, (APB1PERIPH_BASE + 0x3000))
                0x40003800                PROVIDE (SPI2, (APB1PERIPH_BASE + 0x3800))
                0x40004400                PROVIDE (USART2, (APB1PERIPH_BASE + 0x4400))
                0x40004800                PROVIDE (USART3, (APB1PERIPH_BASE + 0x4800))
                0x40005400                PROVIDE (I2C1, (APB1PERIPH_BASE + 0x5400))
                0x40005800                PROVIDE (I2C2, (APB1PERIPH_BASE + 0x5800))
                0x40006400                PROVIDE (CAN, (APB1PERIPH_BASE + 0x6400))
                0x40006c00                PROVIDE (BKP, (APB1PERIPH_BASE + 0x6c00))
                0x40007000                PROVIDE (PWR, (APB1PERIPH_BASE + 0x7000))
                0x40010000                PROVIDE (AFIO, (APB2PERIPH_BASE + 0x0))
                0x40010400                PROVIDE (EXTI, (APB2PERIPH_BASE + 0x400))
                0x40010800                PROVIDE (GPIOA, (APB2PERIPH_BASE + 0x800))
                0x40010c00                PROVIDE (GPIOB, (APB2PERIPH_BASE + 0xc00))
                0x40011000                PROVIDE (GPIOC, (APB2PERIPH_BASE + 0x1000))
                0x40011400                PROVIDE (GPIOD, (APB2PERIPH_BASE + 0x1400))
                0x40011800                PROVIDE (GPIOE, (APB2PERIPH_BASE + 0x1800))
                0x40012400                PROVIDE (ADC1, (APB2PERIPH_BASE + 0x2400))
                0x40012800                PROVIDE (ADC2, (APB2PERIPH_BASE + 0x2800))
                0x40012c00                PROVIDE (TIM1, (APB2PERIPH_BASE + 0x2c00))
                0x40013000                PROVIDE (SPI1, (APB2PERIPH_BASE + 0x3000))
                0x40013800                PROVIDE (USART1, (APB2PERIPH_BASE + 0x3800))
                0x40020000                PROVIDE (DMA, (AHBPERIPH_BASE + 0x0))
                0x40020008                PROVIDE (DMA_Channel1, (AHBPERIPH_BASE + 0x8))
                0x4002001c                PROVIDE (DMA_Channel2, (AHBPERIPH_BASE + 0x1c))
                0x40020030                PROVIDE (DMA_Channel3, (AHBPERIPH_BASE + 0x30))
                0x40020044                PROVIDE (DMA_Channel4, (AHBPERIPH_BASE + 0x44))
                0x40020058                PROVIDE (DMA_Channel5, (AHBPERIPH_BASE + 0x58))
                0x4002006c                PROVIDE (DMA_Channel6, (AHBPERIPH_BASE + 0x6c))
                0x40020080                PROVIDE (DMA_Channel7, (AHBPERIPH_BASE + 0x80))
                0x40021000                PROVIDE (RCC, (AHBPERIPH_BASE + 0x1000))
                0xe000e000                SCS_BASE = 0xe000e000
                0xe000e010                PROVIDE (SysTick, (SCS_BASE + 0x10))
                0xe000e100                PROVIDE (NVIC, (SCS_BASE + 0x100))
                0xe000ed00                PROVIDE (SCB, (SCS_BASE + 0xd00))
                0x20005000                PROVIDE (_estack, (ORIGIN (RAM) + 0x5000))

.isr_vector     0x08000000      0x10c
                0x08000000                . = ALIGN (0x4)
 *(.isr_vector)
 .isr_vector    0x08000000      0x10c lib/CMSIS_CM3/startup/gcc/startup_stm32f10x_md.o
                0x08000000                g_pfnVectors
                0x0800010c                . = ALIGN (0x4)

.flash_start    0x00000000        0x0
                0x00000000                . = ALIGN (0x4)
 *(.flash_start)
 *(.flash_start.*)
                0x00000000                . = ALIGN (0x4)

.crp_patch      0x00000000        0x0
                0x00000000                . = ALIGN (0x4)
 *(.crp_patch)
                0x00000000                . = ALIGN (0x4)

.flashtext      0x0800010c        0x0
                0x0800010c                . = ALIGN (0x4)
 *(.flashtext)
                0x0800010c                . = ALIGN (0x4)

.text           0x08000110     0xf3c8
                0x08000110                . = ALIGN (0x4)
 *(.text)
 .text          0x08000110      0x370 /home/laurence/ARM-GCC/bin/../lib/gcc/arm-none-eabi/4.7.4/armv7-m/libgcc.a(_arm_addsubdf3.o)
                0x08000110                __aeabi_drsub
                0x08000118                __aeabi_dsub
                0x08000118                __subdf3
                0x0800011c                __adddf3
                0x0800011c                __aeabi_dadd
                0x08000394                __aeabi_ui2d
                0x08000394                __floatunsidf
                0x080003b4                __floatsidf
                0x080003b4                __aeabi_i2d
                0x080003d8                __extendsfdf2
                0x080003d8                __aeabi_f2d
                0x08000414                __aeabi_ul2d
                0x08000414                __floatundidf
                0x08000424                __floatdidf
                0x08000424                __aeabi_l2d
 .text          0x08000480      0x424 /home/laurence/ARM-GCC/bin/../lib/gcc/arm-none-eabi/4.7.4/armv7-m/libgcc.a(_arm_muldivdf3.o)
                0x08000480                __aeabi_dmul
                0x08000480                __muldf3
                0x080006d4                __aeabi_ddiv
                0x080006d4                __divdf3
 .text          0x080008a4      0x110 /home/laurence/ARM-GCC/bin/../lib/gcc/arm-none-eabi/4.7.4/armv7-m/libgcc.a(_arm_cmpdf2.o)
                0x080008a4                __gtdf2
                0x080008a4                __gedf2
                0x080008ac                __ltdf2
                0x080008ac                __ledf2
                0x080008b4                __cmpdf2
                0x080008b4                __eqdf2
                0x080008b4                __nedf2
                0x08000930                __aeabi_cdrcmple
                0x08000940                __aeabi_cdcmple
                0x08000940                __aeabi_cdcmpeq
                0x08000950                __aeabi_dcmpeq
                0x08000964                __aeabi_dcmplt
                0x08000978                __aeabi_dcmple
                0x0800098c                __aeabi_dcmpge
                0x080009a0                __aeabi_dcmpgt
 .text          0x080009b4       0x50 /home/laurence/ARM-GCC/bin/../lib/gcc/arm-none-eabi/4.7.4/armv7-m/libgcc.a(_arm_fixdfsi.o)
                0x080009b4                __fixdfsi
                0x080009b4                __aeabi_d2iz
 .text          0x08000a04       0xa0 /home/laurence/ARM-GCC/bin/../lib/gcc/arm-none-eabi/4.7.4/armv7-m/libgcc.a(_arm_truncdfsf2.o)
                0x08000a04                __aeabi_d2f
                0x08000a04                __truncdfsf2
 .text          0x08000aa4      0x21c /home/laurence/ARM-GCC/bin/../lib/gcc/arm-none-eabi/4.7.4/armv7-m/libgcc.a(_arm_addsubsf3.o)
                0x08000aa4                __aeabi_frsub
                0x08000aac                __subsf3
                0x08000aac                __aeabi_fsub
                0x08000ab0                __aeabi_fadd
                0x08000ab0                __addsf3
                0x08000c10                __aeabi_ui2f
                0x08000c10                __floatunsisf
                0x08000c18                __aeabi_i2f
                0x08000c18                __floatsisf
                0x08000c34                __floatundisf
                0x08000c34                __aeabi_ul2f
                0x08000c44                __floatdisf
                0x08000c44                __aeabi_l2f
 .text          0x08000cc0      0x2a0 /home/laurence/ARM-GCC/bin/../lib/gcc/arm-none-eabi/4.7.4/armv7-m/libgcc.a(_arm_muldivsf3.o)
                0x08000cc0                __mulsf3
                0x08000cc0                __aeabi_fmul
                0x08000e28                __divsf3
                0x08000e28                __aeabi_fdiv
 .text          0x08000f60       0xec /home/laurence/ARM-GCC/bin/../lib/gcc/arm-none-eabi/4.7.4/armv7-m/libgcc.a(_arm_cmpsf2.o)
                0x08000f60                __gtsf2
                0x08000f60                __gesf2
                0x08000f68                __lesf2
                0x08000f68                __ltsf2
                0x08000f70                __nesf2
                0x08000f70                __eqsf2
                0x08000f70                __cmpsf2
                0x08000fd0                __aeabi_cfrcmple
                0x08000fd8                __aeabi_cfcmple
                0x08000fd8                __aeabi_cfcmpeq
                0x08000fe8                __aeabi_fcmpeq
                0x08000ffc                __aeabi_fcmplt
                0x08001010                __aeabi_fcmple
                0x08001024                __aeabi_fcmpge
                0x08001038                __aeabi_fcmpgt
 .text          0x0800104c       0x4c /home/laurence/ARM-GCC/bin/../lib/gcc/arm-none-eabi/4.7.4/armv7-m/libgcc.a(_arm_fixsfsi.o)
                0x0800104c                __fixsfsi
                0x0800104c                __aeabi_f2iz
 .text          0x08001098       0x40 /home/laurence/ARM-GCC/bin/../lib/gcc/arm-none-eabi/4.7.4/armv7-m/libgcc.a(_arm_fixunssfsi.o)
                0x08001098                __aeabi_f2uiz
                0x08001098                __fixunssfsi
 *(.text.*)
 .text.startup.main
                0x080010d8     0x2168 /tmp/cc7xbiNo.ltrans0.ltrans.o
                0x080010d8                main
 .text.atoiRamRom.4160
                0x08003240       0x20 /tmp/cc7xbiNo.ltrans1.ltrans.o
 .text.rprintfChar.4163
                0x08003260       0x1c /tmp/cc7xbiNo.ltrans1.ltrans.o
 .text.Get_Max_Lun
                0x0800327c       0x18 /tmp/cc7xbiNo.ltrans1.ltrans.o
                0x0800327c                Get_Max_Lun
 .text.MASS_Get_Interface_Setting
                0x08003294        0xc /tmp/cc7xbiNo.ltrans1.ltrans.o
                0x08003294                MASS_Get_Interface_Setting
 .text.MASS_Status_Out
                0x080032a0        0x2 /tmp/cc7xbiNo.ltrans1.ltrans.o
                0x080032a0                MASS_Status_Out
 .text.MASS_Status_In
                0x080032a2        0x2 /tmp/cc7xbiNo.ltrans1.ltrans.o
                0x080032a2                MASS_Status_In
 .text.Mass_Storage_SetDeviceAddress
                0x080032a4        0xc /tmp/cc7xbiNo.ltrans1.ltrans.o
                0x080032a4                Mass_Storage_SetDeviceAddress
 .text.Resume_Init.4041
                0x080032b0       0x54 /tmp/cc7xbiNo.ltrans1.ltrans.o
 .text.MASS_Reset
                0x08003304       0xf0 /tmp/cc7xbiNo.ltrans1.ltrans.o
                0x08003304                MASS_Reset
 .text.__gps_send_char.4066
                0x080033f4       0x1c /tmp/cc7xbiNo.ltrans1.ltrans.o
 .text.Mass_Storage_SetConfiguration
                0x08003410       0x30 /tmp/cc7xbiNo.ltrans1.ltrans.o
                0x08003410                Mass_Storage_SetConfiguration
 .text.MASS_NoData_Setup
                0x08003440       0x4c /tmp/cc7xbiNo.ltrans1.ltrans.o
                0x08003440                MASS_NoData_Setup
 .text.MASS_GetDeviceDescriptor
                0x0800348c        0xc /tmp/cc7xbiNo.ltrans1.ltrans.o
                0x0800348c                MASS_GetDeviceDescriptor
 .text.MASS_GetConfigDescriptor
                0x08003498        0xc /tmp/cc7xbiNo.ltrans1.ltrans.o
                0x08003498                MASS_GetConfigDescriptor
 .text.MASS_GetStringDescriptor
                0x080034a4       0x20 /tmp/cc7xbiNo.ltrans1.ltrans.o
                0x080034a4                MASS_GetStringDescriptor
 .text.stm32_spi_rw.5379
                0x080034c4       0x24 /tmp/cc7xbiNo.ltrans1.ltrans.o
                0x080034c4                stm32_spi_rw.5379
 .text.rcvr_spi.5382
                0x080034e8        0x6 /tmp/cc7xbiNo.ltrans1.ltrans.o
                0x080034e8                rcvr_spi.5382
 *fill*         0x080034ee        0x2 00
 .text.EXTI_ONOFF_EN
                0x080034f0       0x54 /tmp/cc7xbiNo.ltrans1.ltrans.o
                0x080034f0                EXTI_ONOFF_EN
 .text.Resume   0x08003544       0x88 /tmp/cc7xbiNo.ltrans1.ltrans.o
                0x08003544                Resume
 .text.switch_leds_on
                0x080035cc       0x20 /tmp/cc7xbiNo.ltrans1.ltrans.o
                0x080035cc                switch_leds_on
 .text.switch_leds_off
                0x080035ec       0x20 /tmp/cc7xbiNo.ltrans1.ltrans.o
                0x080035ec                switch_leds_off
 .text.Gps_Send_Utf8
                0x0800360c       0x1a /tmp/cc7xbiNo.ltrans1.ltrans.o
                0x0800360c                Gps_Send_Utf8
 .text.Gps_Send_Str
                0x08003626       0x16 /tmp/cc7xbiNo.ltrans1.ltrans.o
                0x08003626                Gps_Send_Str
 .text.Usart3_Send_Str
                0x0800363c       0x28 /tmp/cc7xbiNo.ltrans1.ltrans.o
                0x0800363c                Usart3_Send_Str
 .text.SP1ML_assign_addr.part.1.5894
                0x08003664       0x38 /tmp/cc7xbiNo.ltrans1.ltrans.o
                0x08003664                SP1ML_assign_addr.part.1.5894
 .text.shutdown
                0x0800369c       0x10 /tmp/cc7xbiNo.ltrans1.ltrans.o
                0x0800369c                shutdown
 .text.set_rtc_correction
                0x080036ac       0x4c /tmp/cc7xbiNo.ltrans1.ltrans.o
                0x080036ac                set_rtc_correction
 .text.my_RTC_SetCounter
                0x080036f8       0x22 /tmp/cc7xbiNo.ltrans1.ltrans.o
                0x080036f8                my_RTC_SetCounter
 .text.update_rtc_timestamp
                0x0800371a       0x26 /tmp/cc7xbiNo.ltrans1.ltrans.o
                0x0800371a                update_rtc_timestamp
 .text.I2C1_Request_Job
                0x08003740       0x80 /tmp/cc7xbiNo.ltrans1.ltrans.o
                0x08003740                I2C1_Request_Job
 .text.hex_to_byte
                0x080037c0       0x1a /tmp/cc7xbiNo.ltrans1.ltrans.o
                0x080037c0                hex_to_byte
 *fill*         0x080037da        0x2 00
 .text.rprintf2RamRom
                0x080037dc      0x404 /tmp/cc7xbiNo.ltrans1.ltrans.o
                0x080037dc                rprintf2RamRom
 .text.validate.5021
                0x08003be0       0x2c /tmp/cc7xbiNo.ltrans1.ltrans.o
                0x08003be0                validate.5021
 .text.counter_to_struct.5293
                0x08003c0c       0xa8 /tmp/cc7xbiNo.ltrans1.ltrans.o
                0x08003c0c                counter_to_struct.5293
 .text.isDST.5275
                0x08003cb4       0x2a /tmp/cc7xbiNo.ltrans1.ltrans.o
                0x08003cb4                isDST.5275
 *fill*         0x08003cde        0x2 00
 .text.rtc_gettime
                0x08003ce0       0x74 /tmp/cc7xbiNo.ltrans1.ltrans.o
                0x08003ce0                rtc_gettime
 .text.get_fattime
                0x08003d54       0x40 /tmp/cc7xbiNo.ltrans1.ltrans.o
                0x08003d54                get_fattime
 .text.clust2sect
                0x08003d94       0x18 /tmp/cc7xbiNo.ltrans1.ltrans.o
                0x08003d94                clust2sect
 .text.sum_sfn.4982
                0x08003dac       0x1e /tmp/cc7xbiNo.ltrans1.ltrans.o
                0x08003dac                sum_sfn.4982
 .text.mem_cpy.4952
                0x08003dca       0x12 /tmp/cc7xbiNo.ltrans1.ltrans.o
                0x08003dca                mem_cpy.4952
 .text.ff_convert.part.0.4884
                0x08003ddc       0x24 /tmp/cc7xbiNo.ltrans1.ltrans.o
                0x08003ddc                ff_convert.part.0.4884
 .text.Delay    0x08003e00       0x18 /tmp/cc7xbiNo.ltrans1.ltrans.o
                0x08003e00                Delay
 .text.ads1298_busy_wait_command
                0x08003e18       0x4c /tmp/cc7xbiNo.ltrans1.ltrans.o
                0x08003e18                ads1298_busy_wait_command
 .text.ads1298_busy_wait_write
                0x08003e64       0x88 /tmp/cc7xbiNo.ltrans1.ltrans.o
                0x08003e64                ads1298_busy_wait_write
 .text.red_flash
                0x08003eec       0x2c /tmp/cc7xbiNo.ltrans1.ltrans.o
                0x08003eec                red_flash
 .text.normalize_vector
                0x08003f18       0x64 /tmp/cc7xbiNo.ltrans1.ltrans.o
                0x08003f18                normalize_vector
 .text.Add_To_Buffer
                0x08003f7c       0x4a /tmp/cc7xbiNo.ltrans1.ltrans.o
                0x08003f7c                Add_To_Buffer
 *fill*         0x08003fc6        0x2 00
 .text.__usart_send_char
                0x08003fc8       0x50 /tmp/cc7xbiNo.ltrans1.ltrans.o
                0x08003fc8                __usart_send_char
 .text.Usart_Send_Str
                0x08004018       0x16 /tmp/cc7xbiNo.ltrans1.ltrans.o
                0x08004018                Usart_Send_Str
 *fill*         0x0800402e        0x2 00
 .text.RN42_generate_packet
                0x08004030       0x64 /tmp/cc7xbiNo.ltrans1.ltrans.o
                0x08004030                RN42_generate_packet
 .text.__str_print_char
                0x08004094       0x2c /tmp/cc7xbiNo.ltrans1.ltrans.o
                0x08004094                __str_print_char
 .text.Get_From_Buffer
                0x080040c0       0x4a /tmp/cc7xbiNo.ltrans1.ltrans.o
                0x080040c0                Get_From_Buffer
 *fill*         0x0800410a        0x2 00
 .text.SP1ML_command
                0x0800410c       0xa4 /tmp/cc7xbiNo.ltrans1.ltrans.o
                0x0800410c                SP1ML_command
 .text.Bot_Abort.part.2.4258
                0x080041b0       0x18 /tmp/cc7xbiNo.ltrans1.ltrans.o
                0x080041b0                Bot_Abort.part.2.4258
 .text.Set_CSW  0x080041c8       0x3c /tmp/cc7xbiNo.ltrans1.ltrans.o
                0x080041c8                Set_CSW
 .text.Transfer_Data_Request
                0x08004204       0x34 /tmp/cc7xbiNo.ltrans1.ltrans.o
                0x08004204                Transfer_Data_Request
 .text.IntToUnicode.4023
                0x08004238       0x2a /tmp/cc7xbiNo.ltrans1.ltrans.o
                0x08004238                IntToUnicode.4023
 *fill*         0x08004262        0x2 00
 .text.disk_write
                0x08004264       0xcc /tmp/cc7xbiNo.ltrans2.ltrans.o
                0x08004264                disk_write
 .text.move_window.5011
                0x08004330       0x76 /tmp/cc7xbiNo.ltrans2.ltrans.o
                0x08004330                move_window.5011
 .text.put_fat  0x080043a6       0xf6 /tmp/cc7xbiNo.ltrans2.ltrans.o
                0x080043a6                put_fat
 .text.get_fat  0x0800449c       0xca /tmp/cc7xbiNo.ltrans2.ltrans.o
                0x0800449c                get_fat
 .text.remove_chain.5124
                0x08004566       0x54 /tmp/cc7xbiNo.ltrans2.ltrans.o
                0x08004566                remove_chain.5124
 .text.create_chain.5090
                0x080045ba       0x9a /tmp/cc7xbiNo.ltrans2.ltrans.o
                0x080045ba                create_chain.5090
 .text.dir_next.5094
                0x08004654       0xf4 /tmp/cc7xbiNo.ltrans2.ltrans.o
                0x08004654                dir_next.5094
 .text.f_lseek  0x08004748      0x140 /tmp/cc7xbiNo.ltrans2.ltrans.o
                0x08004748                f_lseek
 .text.f_write  0x08004888      0x19a /tmp/cc7xbiNo.ltrans2.ltrans.o
                0x08004888                f_write
 .text.write_wave_header
                0x08004a22       0xda /tmp/cc7xbiNo.ltrans2.ltrans.o
                0x08004a22                write_wave_header
 .text.write_wave_samples
                0x08004afc       0xaa /tmp/cc7xbiNo.ltrans2.ltrans.o
                0x08004afc                write_wave_samples
 *fill*         0x08004ba6        0x2 00
 .text.__fat_print_char
                0x08004ba8       0x1c /tmp/cc7xbiNo.ltrans2.ltrans.o
                0x08004ba8                __fat_print_char
 .text.dir_sdi.5058
                0x08004bc4       0x84 /tmp/cc7xbiNo.ltrans2.ltrans.o
                0x08004bc4                dir_sdi.5058
 .text.SCSI_Invalid_Cmd
                0x08004c48       0x3c /tmp/cc7xbiNo.ltrans2.ltrans.o
                0x08004c48                SCSI_Invalid_Cmd
 *fill*         0x08004c84        0x4 00
 .text.SP1ML_rx_tx_data_processor
                0x08004c88      0x810 /tmp/cc7xbiNo.ltrans3.ltrans.o
                0x08004c88                SP1ML_rx_tx_data_processor
 .text.dir_read.5111
                0x08005498      0x104 /tmp/cc7xbiNo.ltrans3.ltrans.o
                0x08005498                dir_read.5111
 .text.dir_find.part.4.5098
                0x0800559c      0x16c /tmp/cc7xbiNo.ltrans3.ltrans.o
                0x0800559c                dir_find.part.4.5098
 .text.dir_register.5134
                0x08005708      0x24c /tmp/cc7xbiNo.ltrans3.ltrans.o
                0x08005708                dir_register.5134
 .text.I2C1_EV_IRQHandler
                0x08005954      0x58c /tmp/cc7xbiNo.ltrans4.ltrans.o
                0x08005954                I2C1_EV_IRQHandler
 .text.file_preallocation_control
                0x08005ee0       0x44 /tmp/cc7xbiNo.ltrans4.ltrans.o
                0x08005ee0                file_preallocation_control
 .text.f_close  0x08005f24        0xe /tmp/cc7xbiNo.ltrans4.ltrans.o
                0x08005f24                f_close
 .text.wave_terminate.4094
                0x08005f32       0xe4 /tmp/cc7xbiNo.ltrans4.ltrans.o
 *fill*         0x08006016        0x2 00
 .text.shutdown_filesystem
                0x08006018      0x368 /tmp/cc7xbiNo.ltrans4.ltrans.o
                0x08006018                shutdown_filesystem
 .text.Mass_Storage_ClearFeature.4013
                0x08006380       0x18 /tmp/cc7xbiNo.ltrans5.ltrans.o
 .text.MASS_init
                0x08006398       0x70 /tmp/cc7xbiNo.ltrans5.ltrans.o
                0x08006398                MASS_init
 .text.__sp1ml_send_char.4091
                0x08006408       0x40 /tmp/cc7xbiNo.ltrans5.ltrans.o
 .text.SP1ML_generate_packet
                0x08006448       0xa8 /tmp/cc7xbiNo.ltrans5.ltrans.o
                0x08006448                SP1ML_generate_packet
 .text.stm32_dma_transfer.5386.4187
                0x080064f0       0xc8 /tmp/cc7xbiNo.ltrans5.ltrans.o
 .text.aligndata.constprop.32
                0x080065b8       0x44 /tmp/cc7xbiNo.ltrans5.ltrans.o
                0x080065b8                aligndata.constprop.32
 .text.vector_by_matrix.constprop.30
                0x080065fc       0x4c /tmp/cc7xbiNo.ltrans5.ltrans.o
                0x080065fc                vector_by_matrix.constprop.30
 .text.ADC_Configuration
                0x08006648      0x10c /tmp/cc7xbiNo.ltrans5.ltrans.o
                0x08006648                ADC_Configuration
 .text.USART2_reconf.constprop.8
                0x08006754       0x50 /tmp/cc7xbiNo.ltrans5.ltrans.o
                0x08006754                USART2_reconf.constprop.8
 .text.ads1298_wct_config.constprop.6
                0x080067a4       0xdc /tmp/cc7xbiNo.ltrans5.ltrans.o
                0x080067a4                ads1298_wct_config.constprop.6
 .text.ads1298_spi_dma_transaction
                0x08006880       0xe4 /tmp/cc7xbiNo.ltrans5.ltrans.o
                0x08006880                ads1298_spi_dma_transaction
 .text.rcvr_datablock
                0x08006964       0x54 /tmp/cc7xbiNo.ltrans5.ltrans.o
                0x08006964                rcvr_datablock
 .text.xmit_datablock.part.1.5391
                0x080069b8       0x30 /tmp/cc7xbiNo.ltrans5.ltrans.o
                0x080069b8                xmit_datablock.part.1.5391
 .text.power_on.5377
                0x080069e8       0xec /tmp/cc7xbiNo.ltrans5.ltrans.o
                0x080069e8                power_on.5377
 .text.release_spi
                0x08006ad4       0x18 /tmp/cc7xbiNo.ltrans5.ltrans.o
                0x08006ad4                release_spi
 .text.wait_ready.5384
                0x08006aec       0x24 /tmp/cc7xbiNo.ltrans5.ltrans.o
                0x08006aec                wait_ready.5384
 .text.send_cmd
                0x08006b10       0x8c /tmp/cc7xbiNo.ltrans5.ltrans.o
                0x08006b10                send_cmd
 .text.disk_read
                0x08006b9c       0xa0 /tmp/cc7xbiNo.ltrans5.ltrans.o
                0x08006b9c                disk_read
 .text.Read_Memory
                0x08006c3c      0x158 /tmp/cc7xbiNo.ltrans5.ltrans.o
                0x08006c3c                Read_Memory
 .text.check_fs.5028
                0x08006d94       0x88 /tmp/cc7xbiNo.ltrans5.ltrans.o
                0x08006d94                check_fs.5028
 .text.SCSI_Address_Management
                0x08006e1c       0x74 /tmp/cc7xbiNo.ltrans6.ltrans.o
                0x08006e1c                SCSI_Address_Management
 .text.SCSI_Read10_Cmd
                0x08006e90       0x6c /tmp/cc7xbiNo.ltrans6.ltrans.o
                0x08006e90                SCSI_Read10_Cmd
 .text.EP1_IN_Callback.4040
                0x08006efc       0x5c /tmp/cc7xbiNo.ltrans6.ltrans.o
 .text.disk_initialize
                0x08006f58      0x148 /tmp/cc7xbiNo.ltrans6.ltrans.o
                0x08006f58                disk_initialize
 .text.chk_mounted.5032
                0x080070a0      0x320 /tmp/cc7xbiNo.ltrans6.ltrans.o
                0x080070a0                chk_mounted.5032
 .text.Gps_DMA_Process
                0x080073c0      0x1e0 /tmp/cc7xbiNo.ltrans6.ltrans.o
                0x080073c0                Gps_DMA_Process
 .text.get_fileinfo.5003
                0x080075a0       0xf0 /tmp/cc7xbiNo.ltrans6.ltrans.o
                0x080075a0                get_fileinfo.5003
 .text.Get_UBX_Ack.constprop.9
                0x08007690       0xd0 /tmp/cc7xbiNo.ltrans6.ltrans.o
                0x08007690                Get_UBX_Ack.constprop.9
 .text.sync.5015
                0x08007760       0xd8 /tmp/cc7xbiNo.ltrans7.ltrans.o
                0x08007760                sync.5015
 .text.f_sync   0x08007838       0xac /tmp/cc7xbiNo.ltrans7.ltrans.o
                0x08007838                f_sync
 .text.follow_path.5104
                0x080078e4      0x2c8 /tmp/cc7xbiNo.ltrans7.ltrans.o
                0x080078e4                follow_path.5104
 .text.f_open   0x08007bac      0x158 /tmp/cc7xbiNo.ltrans7.ltrans.o
                0x08007bac                f_open
 .text.SCSI_Write10_Cmd.4071
                0x08007d04      0x14c /tmp/cc7xbiNo.ltrans8.ltrans.o
 .text.EP2_OUT_Callback.4009
                0x08007e50      0x30c /tmp/cc7xbiNo.ltrans8.ltrans.o
 .text.EXTI9_5_IRQHandler
                0x0800815c       0x2c /tmp/cc7xbiNo.ltrans9.ltrans.o
                0x0800815c                EXTI9_5_IRQHandler
 .text.DMA1_Channel4_IRQHandler
                0x08008188      0x988 /tmp/cc7xbiNo.ltrans9.ltrans.o
                0x08008188                DMA1_Channel4_IRQHandler
 .text.USART3_IRQHandler
                0x08008b10       0xbc /tmp/cc7xbiNo.ltrans9.ltrans.o
                0x08008b10                USART3_IRQHandler
 .text.USART1_IRQHandler
                0x08008bcc       0x90 /tmp/cc7xbiNo.ltrans9.ltrans.o
                0x08008bcc                USART1_IRQHandler
 .text.MASS_Data_Setup
                0x08008c5c       0x38 /tmp/cc7xbiNo.ltrans10.ltrans.o
                0x08008c5c                MASS_Data_Setup
 .text.ads1298_setup.constprop.5
                0x08008c94      0x370 /tmp/cc7xbiNo.ltrans10.ltrans.o
                0x08008c94                ads1298_setup.constprop.5
 .text.I2C_Config
                0x08009004      0x1f4 /tmp/cc7xbiNo.ltrans10.ltrans.o
                0x08009004                I2C_Config
 .text.MAL_GetStatus
                0x080091f8       0xdc /tmp/cc7xbiNo.ltrans10.ltrans.o
                0x080091f8                MAL_GetStatus
 .text.USB_LP_CAN1_RX0_IRQHandler
                0x080092d4      0x120 /tmp/cc7xbiNo.ltrans11.ltrans.o
                0x080092d4                USB_LP_CAN1_RX0_IRQHandler
 .text.USB_HP_CAN1_TX_IRQHandler
                0x080093f4        0x4 /tmp/cc7xbiNo.ltrans11.ltrans.o
                0x080093f4                USB_HP_CAN1_TX_IRQHandler
 .text.SysTick_Handler
                0x080093f8      0x180 /tmp/cc7xbiNo.ltrans11.ltrans.o
                0x080093f8                SysTick_Handler
 .text.EXTI15_10_IRQHandler
                0x08009578       0x64 /tmp/cc7xbiNo.ltrans11.ltrans.o
                0x08009578                EXTI15_10_IRQHandler
 .text.ADC1_2_IRQHandler
                0x080095dc       0x70 /tmp/cc7xbiNo.ltrans11.ltrans.o
                0x080095dc                ADC1_2_IRQHandler
 .text.EXTI0_IRQHandler
                0x0800964c       0x7c /tmp/cc7xbiNo.ltrans11.ltrans.o
                0x0800964c                EXTI0_IRQHandler
 .text.I2C1_ER_IRQHandler
                0x080096c8      0x13c /tmp/cc7xbiNo.ltrans11.ltrans.o
                0x080096c8                I2C1_ER_IRQHandler
 .text.malloc   0x08009804       0x10 /home/laurence/ARM-GCC/bin/../lib/gcc/arm-none-eabi/4.7.4/../../../../arm-none-eabi/lib/armv7-m/libc.a(lib_a-malloc.o)
                0x08009804                malloc
 .text._malloc_r
                0x08009814      0x530 /home/laurence/ARM-GCC/bin/../lib/gcc/arm-none-eabi/4.7.4/../../../../arm-none-eabi/lib/armv7-m/libc.a(lib_a-mallocr.o)
                0x08009814                _malloc_r
 .text.memcmp   0x08009d44       0xb8 /home/laurence/ARM-GCC/bin/../lib/gcc/arm-none-eabi/4.7.4/../../../../arm-none-eabi/lib/armv7-m/libc.a(lib_a-memcmp.o)
                0x08009d44                memcmp
 .text.memcpy   0x08009dfc      0x15c /home/laurence/ARM-GCC/bin/../lib/gcc/arm-none-eabi/4.7.4/../../../../arm-none-eabi/lib/armv7-m/libc.a(lib_a-memcpy.o)
                0x08009dfc                memcpy
 .text.__malloc_lock
                0x08009f58        0x4 /home/laurence/ARM-GCC/bin/../lib/gcc/arm-none-eabi/4.7.4/../../../../arm-none-eabi/lib/armv7-m/libc.a(lib_a-mlock.o)
                0x08009f58                __malloc_lock
 .text.__malloc_unlock
                0x08009f5c        0x4 /home/laurence/ARM-GCC/bin/../lib/gcc/arm-none-eabi/4.7.4/../../../../arm-none-eabi/lib/armv7-m/libc.a(lib_a-mlock.o)
                0x08009f5c                __malloc_unlock
 .text._sbrk_r  0x08009f60       0x24 /home/laurence/ARM-GCC/bin/../lib/gcc/arm-none-eabi/4.7.4/../../../../arm-none-eabi/lib/armv7-m/libc.a(lib_a-sbrkr.o)
                0x08009f60                _sbrk_r
 .text.strcat   0x08009f84       0x4c /home/laurence/ARM-GCC/bin/../lib/gcc/arm-none-eabi/4.7.4/../../../../arm-none-eabi/lib/armv7-m/libc.a(lib_a-strcat.o)
                0x08009f84                strcat
 .text.strcpy   0x08009fd0       0xbc /home/laurence/ARM-GCC/bin/../lib/gcc/arm-none-eabi/4.7.4/../../../../arm-none-eabi/lib/armv7-m/libc.a(lib_a-strcpy.o)
                0x08009fd0                strcpy
 .text.strlen   0x0800a08c       0x60 /home/laurence/ARM-GCC/bin/../lib/gcc/arm-none-eabi/4.7.4/../../../../arm-none-eabi/lib/armv7-m/libc.a(lib_a-strlen.o)
                0x0800a08c                strlen
 .text._malloc_trim_r
                0x0800a0ec       0x98 /home/laurence/ARM-GCC/bin/../lib/gcc/arm-none-eabi/4.7.4/../../../../arm-none-eabi/lib/armv7-m/libc.a(lib_a-freer.o)
                0x0800a0ec                _malloc_trim_r
 .text._free_r  0x0800a184      0x194 /home/laurence/ARM-GCC/bin/../lib/gcc/arm-none-eabi/4.7.4/../../../../arm-none-eabi/lib/armv7-m/libc.a(lib_a-freer.o)
                0x0800a184                _free_r
 .text.Reset_Handler
                0x0800a318       0x48 lib/CMSIS_CM3/startup/gcc/startup_stm32f10x_md.o
                0x0800a318                Reset_Handler
 .text.Default_Handler
                0x0800a360        0x4 lib/CMSIS_CM3/startup/gcc/startup_stm32f10x_md.o
                0x0800a360                EXTI2_IRQHandler
                0x0800a360                DebugMon_Handler
                0x0800a360                TIM1_CC_IRQHandler
                0x0800a360                HardFault_Handler
                0x0800a360                PVD_IRQHandler
                0x0800a360                PendSV_Handler
                0x0800a360                NMI_Handler
                0x0800a360                EXTI3_IRQHandler
                0x0800a360                I2C2_EV_IRQHandler
                0x0800a360                UsageFault_Handler
                0x0800a360                SPI1_IRQHandler
                0x0800a360                TAMPER_IRQHandler
                0x0800a360                RTC_IRQHandler
                0x0800a360                DMA1_Channel7_IRQHandler
                0x0800a360                CAN1_RX1_IRQHandler
                0x0800a360                TIM4_IRQHandler
                0x0800a360                DMA1_Channel6_IRQHandler
                0x0800a360                TIM3_IRQHandler
                0x0800a360                RCC_IRQHandler
                0x0800a360                TIM1_TRG_COM_IRQHandler
                0x0800a360                DMA1_Channel1_IRQHandler
                0x0800a360                Default_Handler
                0x0800a360                SPI2_IRQHandler
                0x0800a360                MemManage_Handler
                0x0800a360                SVC_Handler
                0x0800a360                DMA1_Channel5_IRQHandler
                0x0800a360                EXTI4_IRQHandler
                0x0800a360                DMA1_Channel3_IRQHandler
                0x0800a360                TIM1_UP_IRQHandler
                0x0800a360                WWDG_IRQHandler
                0x0800a360                TIM2_IRQHandler
                0x0800a360                TIM1_BRK_IRQHandler
                0x0800a360                EXTI1_IRQHandler
                0x0800a360                RTCAlarm_IRQHandler
                0x0800a360                USART2_IRQHandler
                0x0800a360                I2C2_ER_IRQHandler
                0x0800a360                DMA1_Channel2_IRQHandler
                0x0800a360                CAN1_SCE_IRQHandler
                0x0800a360                FLASH_IRQHandler
                0x0800a360                BusFault_Handler
                0x0800a360                USBWakeUp_IRQHandler
 .text.NVIC_PriorityGroupConfig
                0x0800a364       0x14 lib/STM32F10x_StdPeriph_Driver/libstm32fw.a(misc.o)
                0x0800a364                NVIC_PriorityGroupConfig
 .text.NVIC_Init
                0x0800a378       0x68 lib/STM32F10x_StdPeriph_Driver/libstm32fw.a(misc.o)
                0x0800a378                NVIC_Init
 .text.NVIC_SetVectorTable
                0x0800a3e0       0x14 lib/STM32F10x_StdPeriph_Driver/libstm32fw.a(misc.o)
                0x0800a3e0                NVIC_SetVectorTable
 .text.SysTick_CLKSourceConfig
                0x0800a3f4       0x18 lib/STM32F10x_StdPeriph_Driver/libstm32fw.a(misc.o)
                0x0800a3f4                SysTick_CLKSourceConfig
 .text.ADC_DeInit
                0x0800a40c       0x5c lib/STM32F10x_StdPeriph_Driver/libstm32fw.a(stm32f10x_adc.o)
                0x0800a40c                ADC_DeInit
 .text.ADC_Init
                0x0800a468       0x48 lib/STM32F10x_StdPeriph_Driver/libstm32fw.a(stm32f10x_adc.o)
                0x0800a468                ADC_Init
 .text.ADC_Cmd  0x0800a4b0       0x12 lib/STM32F10x_StdPeriph_Driver/libstm32fw.a(stm32f10x_adc.o)
                0x0800a4b0                ADC_Cmd
 .text.ADC_ITConfig
                0x0800a4c2       0x12 lib/STM32F10x_StdPeriph_Driver/libstm32fw.a(stm32f10x_adc.o)
                0x0800a4c2                ADC_ITConfig
 .text.ADC_ResetCalibration
                0x0800a4d4        0xa lib/STM32F10x_StdPeriph_Driver/libstm32fw.a(stm32f10x_adc.o)
                0x0800a4d4                ADC_ResetCalibration
 .text.ADC_GetResetCalibrationStatus
                0x0800a4de        0x8 lib/STM32F10x_StdPeriph_Driver/libstm32fw.a(stm32f10x_adc.o)
                0x0800a4de                ADC_GetResetCalibrationStatus
 .text.ADC_StartCalibration
                0x0800a4e6        0xa lib/STM32F10x_StdPeriph_Driver/libstm32fw.a(stm32f10x_adc.o)
                0x0800a4e6                ADC_StartCalibration
 .text.ADC_GetCalibrationStatus
                0x0800a4f0        0x8 lib/STM32F10x_StdPeriph_Driver/libstm32fw.a(stm32f10x_adc.o)
                0x0800a4f0                ADC_GetCalibrationStatus
 .text.ADC_SoftwareStartConvCmd
                0x0800a4f8       0x12 lib/STM32F10x_StdPeriph_Driver/libstm32fw.a(stm32f10x_adc.o)
                0x0800a4f8                ADC_SoftwareStartConvCmd
 .text.ADC_RegularChannelConfig
                0x0800a50a       0x9a lib/STM32F10x_StdPeriph_Driver/libstm32fw.a(stm32f10x_adc.o)
                0x0800a50a                ADC_RegularChannelConfig
 .text.ADC_GetConversionValue
                0x0800a5a4        0x6 lib/STM32F10x_StdPeriph_Driver/libstm32fw.a(stm32f10x_adc.o)
                0x0800a5a4                ADC_GetConversionValue
 .text.ADC_ExternalTrigInjectedConvConfig
                0x0800a5aa        0xc lib/STM32F10x_StdPeriph_Driver/libstm32fw.a(stm32f10x_adc.o)
                0x0800a5aa                ADC_ExternalTrigInjectedConvConfig
 .text.ADC_SoftwareStartInjectedConvCmd
                0x0800a5b6       0x12 lib/STM32F10x_StdPeriph_Driver/libstm32fw.a(stm32f10x_adc.o)
                0x0800a5b6                ADC_SoftwareStartInjectedConvCmd
 .text.ADC_InjectedChannelConfig
                0x0800a5c8       0x60 lib/STM32F10x_StdPeriph_Driver/libstm32fw.a(stm32f10x_adc.o)
                0x0800a5c8                ADC_InjectedChannelConfig
 .text.ADC_InjectedSequencerLengthConfig
                0x0800a628       0x10 lib/STM32F10x_StdPeriph_Driver/libstm32fw.a(stm32f10x_adc.o)
                0x0800a628                ADC_InjectedSequencerLengthConfig
 .text.ADC_GetInjectedConversionValue
                0x0800a638       0x1a lib/STM32F10x_StdPeriph_Driver/libstm32fw.a(stm32f10x_adc.o)
                0x0800a638                ADC_GetInjectedConversionValue
 .text.ADC_AnalogWatchdogCmd
                0x0800a652       0x10 lib/STM32F10x_StdPeriph_Driver/libstm32fw.a(stm32f10x_adc.o)
                0x0800a652                ADC_AnalogWatchdogCmd
 .text.ADC_AnalogWatchdogThresholdsConfig
                0x0800a662        0x6 lib/STM32F10x_StdPeriph_Driver/libstm32fw.a(stm32f10x_adc.o)
                0x0800a662                ADC_AnalogWatchdogThresholdsConfig
 .text.ADC_AnalogWatchdogSingleChannelConfig
                0x0800a668        0xc lib/STM32F10x_StdPeriph_Driver/libstm32fw.a(stm32f10x_adc.o)
                0x0800a668                ADC_AnalogWatchdogSingleChannelConfig
 .text.ADC_GetFlagStatus
                0x0800a674        0xc lib/STM32F10x_StdPeriph_Driver/libstm32fw.a(stm32f10x_adc.o)
                0x0800a674                ADC_GetFlagStatus
 .text.ADC_ClearFlag
                0x0800a680        0x6 lib/STM32F10x_StdPeriph_Driver/libstm32fw.a(stm32f10x_adc.o)
                0x0800a680                ADC_ClearFlag
 .text.ADC_GetITStatus
                0x0800a686       0x16 lib/STM32F10x_StdPeriph_Driver/libstm32fw.a(stm32f10x_adc.o)
                0x0800a686                ADC_GetITStatus
 .text.ADC_ClearITPendingBit
                0x0800a69c        0x8 lib/STM32F10x_StdPeriph_Driver/libstm32fw.a(stm32f10x_adc.o)
                0x0800a69c                ADC_ClearITPendingBit
 .text.BKP_DeInit
                0x0800a6a4       0x12 lib/STM32F10x_StdPeriph_Driver/libstm32fw.a(stm32f10x_bkp.o)
                0x0800a6a4                BKP_DeInit
 *fill*         0x0800a6b6        0x2 00
 .text.BKP_RTCOutputConfig
                0x0800a6b8       0x18 lib/STM32F10x_StdPeriph_Driver/libstm32fw.a(stm32f10x_bkp.o)
                0x0800a6b8                BKP_RTCOutputConfig
 .text.BKP_SetRTCCalibrationValue
                0x0800a6d0       0x18 lib/STM32F10x_StdPeriph_Driver/libstm32fw.a(stm32f10x_bkp.o)
                0x0800a6d0                BKP_SetRTCCalibrationValue
 .text.BKP_WriteBackupRegister
                0x0800a6e8       0x1c lib/STM32F10x_StdPeriph_Driver/libstm32fw.a(stm32f10x_bkp.o)
                0x0800a6e8                BKP_WriteBackupRegister
 .text.BKP_ReadBackupRegister
                0x0800a704       0x20 lib/STM32F10x_StdPeriph_Driver/libstm32fw.a(stm32f10x_bkp.o)
                0x0800a704                BKP_ReadBackupRegister
 .text.DBGMCU_Config
                0x0800a724       0x18 lib/STM32F10x_StdPeriph_Driver/libstm32fw.a(stm32f10x_dbgmcu.o)
                0x0800a724                DBGMCU_Config
 .text.DMA_DeInit
                0x0800a73c       0xec lib/STM32F10x_StdPeriph_Driver/libstm32fw.a(stm32f10x_dma.o)
                0x0800a73c                DMA_DeInit
 .text.DMA_Init
                0x0800a828       0x40 lib/STM32F10x_StdPeriph_Driver/libstm32fw.a(stm32f10x_dma.o)
                0x0800a828                DMA_Init
 .text.DMA_Cmd  0x0800a868       0x12 lib/STM32F10x_StdPeriph_Driver/libstm32fw.a(stm32f10x_dma.o)
                0x0800a868                DMA_Cmd
 .text.DMA_ITConfig
                0x0800a87a       0x10 lib/STM32F10x_StdPeriph_Driver/libstm32fw.a(stm32f10x_dma.o)
                0x0800a87a                DMA_ITConfig
 .text.DMA_GetCurrDataCounter
                0x0800a88a        0x6 lib/STM32F10x_StdPeriph_Driver/libstm32fw.a(stm32f10x_dma.o)
                0x0800a88a                DMA_GetCurrDataCounter
 .text.DMA_GetFlagStatus
                0x0800a890       0x1c lib/STM32F10x_StdPeriph_Driver/libstm32fw.a(stm32f10x_dma.o)
                0x0800a890                DMA_GetFlagStatus
 .text.DMA_ClearFlag
                0x0800a8ac       0x14 lib/STM32F10x_StdPeriph_Driver/libstm32fw.a(stm32f10x_dma.o)
                0x0800a8ac                DMA_ClearFlag
 .text.DMA_GetITStatus
                0x0800a8c0       0x1c lib/STM32F10x_StdPeriph_Driver/libstm32fw.a(stm32f10x_dma.o)
                0x0800a8c0                DMA_GetITStatus
 .text.DMA_ClearITPendingBit
                0x0800a8dc       0x14 lib/STM32F10x_StdPeriph_Driver/libstm32fw.a(stm32f10x_dma.o)
                0x0800a8dc                DMA_ClearITPendingBit
 .text.EXTI_DeInit
                0x0800a8f0       0x1c lib/STM32F10x_StdPeriph_Driver/libstm32fw.a(stm32f10x_exti.o)
                0x0800a8f0                EXTI_DeInit
 .text.EXTI_Init
                0x0800a90c       0x88 lib/STM32F10x_StdPeriph_Driver/libstm32fw.a(stm32f10x_exti.o)
                0x0800a90c                EXTI_Init
 .text.EXTI_GetITStatus
                0x0800a994       0x20 lib/STM32F10x_StdPeriph_Driver/libstm32fw.a(stm32f10x_exti.o)
                0x0800a994                EXTI_GetITStatus
 .text.EXTI_ClearITPendingBit
                0x0800a9b4        0xc lib/STM32F10x_StdPeriph_Driver/libstm32fw.a(stm32f10x_exti.o)
                0x0800a9b4                EXTI_ClearITPendingBit
 .text.GPIO_Init
                0x0800a9c0       0x9a lib/STM32F10x_StdPeriph_Driver/libstm32fw.a(stm32f10x_gpio.o)
                0x0800a9c0                GPIO_Init
 .text.GPIO_StructInit
                0x0800aa5a       0x10 lib/STM32F10x_StdPeriph_Driver/libstm32fw.a(stm32f10x_gpio.o)
                0x0800aa5a                GPIO_StructInit
 .text.GPIO_ReadInputDataBit
                0x0800aa6a        0xc lib/STM32F10x_StdPeriph_Driver/libstm32fw.a(stm32f10x_gpio.o)
                0x0800aa6a                GPIO_ReadInputDataBit
 .text.GPIO_SetBits
                0x0800aa76        0x4 lib/STM32F10x_StdPeriph_Driver/libstm32fw.a(stm32f10x_gpio.o)
                0x0800aa76                GPIO_SetBits
 .text.GPIO_ResetBits
                0x0800aa7a        0x4 lib/STM32F10x_StdPeriph_Driver/libstm32fw.a(stm32f10x_gpio.o)
                0x0800aa7a                GPIO_ResetBits
 .text.GPIO_WriteBit
                0x0800aa7e        0xa lib/STM32F10x_StdPeriph_Driver/libstm32fw.a(stm32f10x_gpio.o)
                0x0800aa7e                GPIO_WriteBit
 .text.GPIO_PinRemapConfig
                0x0800aa88       0x58 lib/STM32F10x_StdPeriph_Driver/libstm32fw.a(stm32f10x_gpio.o)
                0x0800aa88                GPIO_PinRemapConfig
 .text.GPIO_EXTILineConfig
                0x0800aae0       0x34 lib/STM32F10x_StdPeriph_Driver/libstm32fw.a(stm32f10x_gpio.o)
                0x0800aae0                GPIO_EXTILineConfig
 .text.I2C_DeInit
                0x0800ab14       0x34 lib/STM32F10x_StdPeriph_Driver/libstm32fw.a(stm32f10x_i2c.o)
                0x0800ab14                I2C_DeInit
 .text.I2C_Init
                0x0800ab48       0xd4 lib/STM32F10x_StdPeriph_Driver/libstm32fw.a(stm32f10x_i2c.o)
                0x0800ab48                I2C_Init
 .text.I2C_Cmd  0x0800ac1c       0x18 lib/STM32F10x_StdPeriph_Driver/libstm32fw.a(stm32f10x_i2c.o)
                0x0800ac1c                I2C_Cmd
 .text.I2C_GenerateSTART
                0x0800ac34       0x18 lib/STM32F10x_StdPeriph_Driver/libstm32fw.a(stm32f10x_i2c.o)
                0x0800ac34                I2C_GenerateSTART
 .text.I2C_GenerateSTOP
                0x0800ac4c       0x18 lib/STM32F10x_StdPeriph_Driver/libstm32fw.a(stm32f10x_i2c.o)
                0x0800ac4c                I2C_GenerateSTOP
 .text.I2C_AcknowledgeConfig
                0x0800ac64       0x18 lib/STM32F10x_StdPeriph_Driver/libstm32fw.a(stm32f10x_i2c.o)
                0x0800ac64                I2C_AcknowledgeConfig
 .text.I2C_ITConfig
                0x0800ac7c       0x12 lib/STM32F10x_StdPeriph_Driver/libstm32fw.a(stm32f10x_i2c.o)
                0x0800ac7c                I2C_ITConfig
 .text.I2C_SendData
                0x0800ac8e        0x4 lib/STM32F10x_StdPeriph_Driver/libstm32fw.a(stm32f10x_i2c.o)
                0x0800ac8e                I2C_SendData
 .text.I2C_ReceiveData
                0x0800ac92        0x6 lib/STM32F10x_StdPeriph_Driver/libstm32fw.a(stm32f10x_i2c.o)
                0x0800ac92                I2C_ReceiveData
 .text.I2C_Send7bitAddress
                0x0800ac98       0x10 lib/STM32F10x_StdPeriph_Driver/libstm32fw.a(stm32f10x_i2c.o)
                0x0800ac98                I2C_Send7bitAddress
 .text.I2C_SoftwareResetCmd
                0x0800aca8       0x18 lib/STM32F10x_StdPeriph_Driver/libstm32fw.a(stm32f10x_i2c.o)
                0x0800aca8                I2C_SoftwareResetCmd
 .text.IWDG_WriteAccessCmd
                0x0800acc0        0xc lib/STM32F10x_StdPeriph_Driver/libstm32fw.a(stm32f10x_iwdg.o)
                0x0800acc0                IWDG_WriteAccessCmd
 .text.IWDG_SetPrescaler
                0x0800accc        0xc lib/STM32F10x_StdPeriph_Driver/libstm32fw.a(stm32f10x_iwdg.o)
                0x0800accc                IWDG_SetPrescaler
 .text.IWDG_SetReload
                0x0800acd8        0xc lib/STM32F10x_StdPeriph_Driver/libstm32fw.a(stm32f10x_iwdg.o)
                0x0800acd8                IWDG_SetReload
 .text.IWDG_ReloadCounter
                0x0800ace4       0x10 lib/STM32F10x_StdPeriph_Driver/libstm32fw.a(stm32f10x_iwdg.o)
                0x0800ace4                IWDG_ReloadCounter
 .text.IWDG_Enable
                0x0800acf4       0x10 lib/STM32F10x_StdPeriph_Driver/libstm32fw.a(stm32f10x_iwdg.o)
                0x0800acf4                IWDG_Enable
 .text.PWR_DeInit
                0x0800ad04       0x1a lib/STM32F10x_StdPeriph_Driver/libstm32fw.a(stm32f10x_pwr.o)
                0x0800ad04                PWR_DeInit
 *fill*         0x0800ad1e        0x2 00
 .text.PWR_BackupAccessCmd
                0x0800ad20        0xc lib/STM32F10x_StdPeriph_Driver/libstm32fw.a(stm32f10x_pwr.o)
                0x0800ad20                PWR_BackupAccessCmd
 .text.PWR_WakeUpPinCmd
                0x0800ad2c        0xc lib/STM32F10x_StdPeriph_Driver/libstm32fw.a(stm32f10x_pwr.o)
                0x0800ad2c                PWR_WakeUpPinCmd
 .text.PWR_EnterSTANDBYMode
                0x0800ad38       0x28 lib/STM32F10x_StdPeriph_Driver/libstm32fw.a(stm32f10x_pwr.o)
                0x0800ad38                PWR_EnterSTANDBYMode
 .text.RCC_HCLKConfig
                0x0800ad60       0x14 lib/STM32F10x_StdPeriph_Driver/libstm32fw.a(stm32f10x_rcc.o)
                0x0800ad60                RCC_HCLKConfig
 .text.RCC_USBCLKConfig
                0x0800ad74        0xc lib/STM32F10x_StdPeriph_Driver/libstm32fw.a(stm32f10x_rcc.o)
                0x0800ad74                RCC_USBCLKConfig
 .text.RCC_ADCCLKConfig
                0x0800ad80       0x14 lib/STM32F10x_StdPeriph_Driver/libstm32fw.a(stm32f10x_rcc.o)
                0x0800ad80                RCC_ADCCLKConfig
 .text.RCC_LSEConfig
                0x0800ad94       0x20 lib/STM32F10x_StdPeriph_Driver/libstm32fw.a(stm32f10x_rcc.o)
                0x0800ad94                RCC_LSEConfig
 .text.RCC_RTCCLKConfig
                0x0800adb4       0x10 lib/STM32F10x_StdPeriph_Driver/libstm32fw.a(stm32f10x_rcc.o)
                0x0800adb4                RCC_RTCCLKConfig
 .text.RCC_RTCCLKCmd
                0x0800adc4        0xc lib/STM32F10x_StdPeriph_Driver/libstm32fw.a(stm32f10x_rcc.o)
                0x0800adc4                RCC_RTCCLKCmd
 .text.RCC_GetClocksFreq
                0x0800add0       0x9c lib/STM32F10x_StdPeriph_Driver/libstm32fw.a(stm32f10x_rcc.o)
                0x0800add0                RCC_GetClocksFreq
 .text.RCC_AHBPeriphClockCmd
                0x0800ae6c       0x18 lib/STM32F10x_StdPeriph_Driver/libstm32fw.a(stm32f10x_rcc.o)
                0x0800ae6c                RCC_AHBPeriphClockCmd
 .text.RCC_APB2PeriphClockCmd
                0x0800ae84       0x18 lib/STM32F10x_StdPeriph_Driver/libstm32fw.a(stm32f10x_rcc.o)
                0x0800ae84                RCC_APB2PeriphClockCmd
 .text.RCC_APB1PeriphClockCmd
                0x0800ae9c       0x18 lib/STM32F10x_StdPeriph_Driver/libstm32fw.a(stm32f10x_rcc.o)
                0x0800ae9c                RCC_APB1PeriphClockCmd
 .text.RCC_APB2PeriphResetCmd
                0x0800aeb4       0x18 lib/STM32F10x_StdPeriph_Driver/libstm32fw.a(stm32f10x_rcc.o)
                0x0800aeb4                RCC_APB2PeriphResetCmd
 .text.RCC_APB1PeriphResetCmd
                0x0800aecc       0x18 lib/STM32F10x_StdPeriph_Driver/libstm32fw.a(stm32f10x_rcc.o)
                0x0800aecc                RCC_APB1PeriphResetCmd
 .text.RCC_BackupResetCmd
                0x0800aee4        0xc lib/STM32F10x_StdPeriph_Driver/libstm32fw.a(stm32f10x_rcc.o)
                0x0800aee4                RCC_BackupResetCmd
 .text.RCC_GetFlagStatus
                0x0800aef0       0x28 lib/STM32F10x_StdPeriph_Driver/libstm32fw.a(stm32f10x_rcc.o)
                0x0800aef0                RCC_GetFlagStatus
 .text.RTC_EnterConfigMode
                0x0800af18       0x14 lib/STM32F10x_StdPeriph_Driver/libstm32fw.a(stm32f10x_rtc.o)
                0x0800af18                RTC_EnterConfigMode
 .text.RTC_ExitConfigMode
                0x0800af2c       0x14 lib/STM32F10x_StdPeriph_Driver/libstm32fw.a(stm32f10x_rtc.o)
                0x0800af2c                RTC_ExitConfigMode
 .text.RTC_GetCounter
                0x0800af40       0x14 lib/STM32F10x_StdPeriph_Driver/libstm32fw.a(stm32f10x_rtc.o)
                0x0800af40                RTC_GetCounter
 .text.RTC_SetCounter
                0x0800af54       0x20 lib/STM32F10x_StdPeriph_Driver/libstm32fw.a(stm32f10x_rtc.o)
                0x0800af54                RTC_SetCounter
 .text.RTC_SetPrescaler
                0x0800af74       0x20 lib/STM32F10x_StdPeriph_Driver/libstm32fw.a(stm32f10x_rtc.o)
                0x0800af74                RTC_SetPrescaler
 .text.RTC_WaitForLastTask
                0x0800af94       0x14 lib/STM32F10x_StdPeriph_Driver/libstm32fw.a(stm32f10x_rtc.o)
                0x0800af94                RTC_WaitForLastTask
 .text.RTC_WaitForSynchro
                0x0800afa8       0x24 lib/STM32F10x_StdPeriph_Driver/libstm32fw.a(stm32f10x_rtc.o)
                0x0800afa8                RTC_WaitForSynchro
 .text.SPI_Init
                0x0800afcc       0x3e lib/STM32F10x_StdPeriph_Driver/libstm32fw.a(stm32f10x_spi.o)
                0x0800afcc                SPI_Init
 .text.SPI_StructInit
                0x0800b00a       0x18 lib/STM32F10x_StdPeriph_Driver/libstm32fw.a(stm32f10x_spi.o)
                0x0800b00a                SPI_StructInit
 .text.SPI_Cmd  0x0800b022       0x18 lib/STM32F10x_StdPeriph_Driver/libstm32fw.a(stm32f10x_spi.o)
                0x0800b022                SPI_Cmd
 .text.SPI_I2S_DMACmd
                0x0800b03a       0x12 lib/STM32F10x_StdPeriph_Driver/libstm32fw.a(stm32f10x_spi.o)
                0x0800b03a                SPI_I2S_DMACmd
 .text.SPI_I2S_SendData
                0x0800b04c        0x4 lib/STM32F10x_StdPeriph_Driver/libstm32fw.a(stm32f10x_spi.o)
                0x0800b04c                SPI_I2S_SendData
 .text.SPI_I2S_ReceiveData
                0x0800b050        0x6 lib/STM32F10x_StdPeriph_Driver/libstm32fw.a(stm32f10x_spi.o)
                0x0800b050                SPI_I2S_ReceiveData
 .text.SPI_CalculateCRC
                0x0800b056       0x18 lib/STM32F10x_StdPeriph_Driver/libstm32fw.a(stm32f10x_spi.o)
                0x0800b056                SPI_CalculateCRC
 .text.SPI_I2S_GetFlagStatus
                0x0800b06e        0xc lib/STM32F10x_StdPeriph_Driver/libstm32fw.a(stm32f10x_spi.o)
                0x0800b06e                SPI_I2S_GetFlagStatus
 *fill*         0x0800b07a        0x2 00
 .text.TIM_DeInit
                0x0800b07c       0xc8 lib/STM32F10x_StdPeriph_Driver/libstm32fw.a(stm32f10x_tim.o)
                0x0800b07c                TIM_DeInit
 .text.TIM_TimeBaseInit
                0x0800b144       0x3c lib/STM32F10x_StdPeriph_Driver/libstm32fw.a(stm32f10x_tim.o)
                0x0800b144                TIM_TimeBaseInit
 .text.TIM_OC4Init
                0x0800b180       0x68 lib/STM32F10x_StdPeriph_Driver/libstm32fw.a(stm32f10x_tim.o)
                0x0800b180                TIM_OC4Init
 .text.TIM_Cmd  0x0800b1e8       0x18 lib/STM32F10x_StdPeriph_Driver/libstm32fw.a(stm32f10x_tim.o)
                0x0800b1e8                TIM_Cmd
 .text.TIM_OC4PreloadConfig
                0x0800b200       0x14 lib/STM32F10x_StdPeriph_Driver/libstm32fw.a(stm32f10x_tim.o)
                0x0800b200                TIM_OC4PreloadConfig
 .text.USART_DeInit
                0x0800b214       0x98 lib/STM32F10x_StdPeriph_Driver/libstm32fw.a(stm32f10x_usart.o)
                0x0800b214                USART_DeInit
 .text.USART_Init
                0x0800b2ac       0x88 lib/STM32F10x_StdPeriph_Driver/libstm32fw.a(stm32f10x_usart.o)
                0x0800b2ac                USART_Init
 .text.USART_Cmd
                0x0800b334       0x18 lib/STM32F10x_StdPeriph_Driver/libstm32fw.a(stm32f10x_usart.o)
                0x0800b334                USART_Cmd
 .text.USART_ITConfig
                0x0800b34c       0x34 lib/STM32F10x_StdPeriph_Driver/libstm32fw.a(stm32f10x_usart.o)
                0x0800b34c                USART_ITConfig
 .text.USART_DMACmd
                0x0800b380       0x12 lib/STM32F10x_StdPeriph_Driver/libstm32fw.a(stm32f10x_usart.o)
                0x0800b380                USART_DMACmd
 .text.USART_SendData
                0x0800b392        0x8 lib/STM32F10x_StdPeriph_Driver/libstm32fw.a(stm32f10x_usart.o)
                0x0800b392                USART_SendData
 .text.USART_ReceiveData
                0x0800b39a        0x8 lib/STM32F10x_StdPeriph_Driver/libstm32fw.a(stm32f10x_usart.o)
                0x0800b39a                USART_ReceiveData
 .text.USART_GetFlagStatus
                0x0800b3a2        0xc lib/STM32F10x_StdPeriph_Driver/libstm32fw.a(stm32f10x_usart.o)
                0x0800b3a2                USART_GetFlagStatus
 .text.USART_GetITStatus
                0x0800b3ae       0x40 lib/STM32F10x_StdPeriph_Driver/libstm32fw.a(stm32f10x_usart.o)
                0x0800b3ae                USART_GetITStatus
 .text.USART_ClearITPendingBit
                0x0800b3ee       0x10 lib/STM32F10x_StdPeriph_Driver/libstm32fw.a(stm32f10x_usart.o)
                0x0800b3ee                USART_ClearITPendingBit
 *fill*         0x0800b3fe        0x2 00
 .text.Standard_GetConfiguration
                0x0800b400       0x24 lib/STM32_USB-FS-Device_Driver/libstm32usb.a(usb_core.o)
                0x0800b400                Standard_GetConfiguration
 .text.Standard_GetInterface
                0x0800b424       0x24 lib/STM32_USB-FS-Device_Driver/libstm32usb.a(usb_core.o)
                0x0800b424                Standard_GetInterface
 .text.Standard_GetStatus
                0x0800b448       0x9c lib/STM32_USB-FS-Device_Driver/libstm32usb.a(usb_core.o)
                0x0800b448                Standard_GetStatus
 .text.DataStageIn
                0x0800b4e4       0xa4 lib/STM32_USB-FS-Device_Driver/libstm32usb.a(usb_core.o)
 .text.Standard_SetConfiguration
                0x0800b588       0x38 lib/STM32_USB-FS-Device_Driver/libstm32usb.a(usb_core.o)
                0x0800b588                Standard_SetConfiguration
 .text.Standard_SetInterface
                0x0800b5c0       0x48 lib/STM32_USB-FS-Device_Driver/libstm32usb.a(usb_core.o)
                0x0800b5c0                Standard_SetInterface
 .text.Standard_ClearFeature
                0x0800b608       0xdc lib/STM32_USB-FS-Device_Driver/libstm32usb.a(usb_core.o)
                0x0800b608                Standard_ClearFeature
 .text.Standard_SetEndPointFeature
                0x0800b6e4       0x8c lib/STM32_USB-FS-Device_Driver/libstm32usb.a(usb_core.o)
                0x0800b6e4                Standard_SetEndPointFeature
 .text.Standard_SetDeviceFeature
                0x0800b770       0x24 lib/STM32_USB-FS-Device_Driver/libstm32usb.a(usb_core.o)
                0x0800b770                Standard_SetDeviceFeature
 .text.Standard_GetDescriptorData
                0x0800b794       0x1c lib/STM32_USB-FS-Device_Driver/libstm32usb.a(usb_core.o)
                0x0800b794                Standard_GetDescriptorData
 .text.Post0_Process
                0x0800b7b0       0x40 lib/STM32_USB-FS-Device_Driver/libstm32usb.a(usb_core.o)
                0x0800b7b0                Post0_Process
 .text.Out0_Process
                0x0800b7f0       0xd4 lib/STM32_USB-FS-Device_Driver/libstm32usb.a(usb_core.o)
                0x0800b7f0                Out0_Process
 .text.Setup0_Process
                0x0800b8c4      0x2f8 lib/STM32_USB-FS-Device_Driver/libstm32usb.a(usb_core.o)
                0x0800b8c4                Setup0_Process
 .text.SetDeviceAddress
                0x0800bbbc       0x40 lib/STM32_USB-FS-Device_Driver/libstm32usb.a(usb_core.o)
                0x0800bbbc                SetDeviceAddress
 .text.In0_Process
                0x0800bbfc       0x60 lib/STM32_USB-FS-Device_Driver/libstm32usb.a(usb_core.o)
                0x0800bbfc                In0_Process
 .text.NOP_Process
                0x0800bc5c        0x2 lib/STM32_USB-FS-Device_Driver/libstm32usb.a(usb_core.o)
                0x0800bc5c                NOP_Process
 *fill*         0x0800bc5e        0x2 00
 .text.USB_Init
                0x0800bc60       0x38 lib/STM32_USB-FS-Device_Driver/libstm32usb.a(usb_init.o)
                0x0800bc60                USB_Init
 .text.CTR_LP   0x0800bc98      0x190 lib/STM32_USB-FS-Device_Driver/libstm32usb.a(usb_int.o)
                0x0800bc98                CTR_LP
 .text.CTR_HP   0x0800be28       0x74 lib/STM32_USB-FS-Device_Driver/libstm32usb.a(usb_int.o)
                0x0800be28                CTR_HP
 .text.UserToPMABufferCopy
                0x0800be9c       0x2e lib/STM32_USB-FS-Device_Driver/libstm32usb.a(usb_mem.o)
                0x0800be9c                UserToPMABufferCopy
 .text.PMAToUserBufferCopy
                0x0800beca       0x24 lib/STM32_USB-FS-Device_Driver/libstm32usb.a(usb_mem.o)
                0x0800beca                PMAToUserBufferCopy
 *fill*         0x0800beee        0x2 00
 .text.SetBTABLE
                0x0800bef0       0x10 lib/STM32_USB-FS-Device_Driver/libstm32usb.a(usb_regs.o)
                0x0800bef0                SetBTABLE
 .text.SetEPType
                0x0800bf00       0x18 lib/STM32_USB-FS-Device_Driver/libstm32usb.a(usb_regs.o)
                0x0800bf00                SetEPType
 .text.SetEPTxStatus
                0x0800bf18       0x3a lib/STM32_USB-FS-Device_Driver/libstm32usb.a(usb_regs.o)
                0x0800bf18                SetEPTxStatus
 .text.SetEPRxStatus
                0x0800bf52       0x3a lib/STM32_USB-FS-Device_Driver/libstm32usb.a(usb_regs.o)
                0x0800bf52                SetEPRxStatus
 .text.SetEPRxValid
                0x0800bf8c       0x22 lib/STM32_USB-FS-Device_Driver/libstm32usb.a(usb_regs.o)
                0x0800bf8c                SetEPRxValid
 .text.Clear_Status_Out
                0x0800bfae       0x1e lib/STM32_USB-FS-Device_Driver/libstm32usb.a(usb_regs.o)
                0x0800bfae                Clear_Status_Out
 .text.ClearDTOG_RX
                0x0800bfcc       0x24 lib/STM32_USB-FS-Device_Driver/libstm32usb.a(usb_regs.o)
                0x0800bfcc                ClearDTOG_RX
 .text.ClearDTOG_TX
                0x0800bff0       0x24 lib/STM32_USB-FS-Device_Driver/libstm32usb.a(usb_regs.o)
                0x0800bff0                ClearDTOG_TX
 .text.SetEPTxAddr
                0x0800c014       0x20 lib/STM32_USB-FS-Device_Driver/libstm32usb.a(usb_regs.o)
                0x0800c014                SetEPTxAddr
 .text.SetEPRxAddr
                0x0800c034       0x20 lib/STM32_USB-FS-Device_Driver/libstm32usb.a(usb_regs.o)
                0x0800c034                SetEPRxAddr
 .text.GetEPTxAddr
                0x0800c054       0x1c lib/STM32_USB-FS-Device_Driver/libstm32usb.a(usb_regs.o)
                0x0800c054                GetEPTxAddr
 .text.GetEPRxAddr
                0x0800c070       0x1c lib/STM32_USB-FS-Device_Driver/libstm32usb.a(usb_regs.o)
                0x0800c070                GetEPRxAddr
 .text.SetEPTxCount
                0x0800c08c       0x1c lib/STM32_USB-FS-Device_Driver/libstm32usb.a(usb_regs.o)
                0x0800c08c                SetEPTxCount
 .text.SetEPRxCount
                0x0800c0a8       0x3c lib/STM32_USB-FS-Device_Driver/libstm32usb.a(usb_regs.o)
                0x0800c0a8                SetEPRxCount
 .text.GetEPRxCount
                0x0800c0e4       0x20 lib/STM32_USB-FS-Device_Driver/libstm32usb.a(usb_regs.o)
                0x0800c0e4                GetEPRxCount
 .text.ByteSwap
                0x0800c104        0xa lib/STM32_USB-FS-Device_Driver/libstm32usb.a(usb_regs.o)
                0x0800c104                ByteSwap
 *fill*         0x0800c10e        0x2 00
 .text.USB_SIL_Init
                0x0800c110       0x20 lib/STM32_USB-FS-Device_Driver/libstm32usb.a(usb_sil.o)
                0x0800c110                USB_SIL_Init
 .text.USB_SIL_Write
                0x0800c130       0x28 lib/STM32_USB-FS-Device_Driver/libstm32usb.a(usb_sil.o)
                0x0800c130                USB_SIL_Write
 .text.USB_SIL_Read
                0x0800c158       0x24 lib/STM32_USB-FS-Device_Driver/libstm32usb.a(usb_sil.o)
                0x0800c158                USB_SIL_Read
 .text.memset   0x0800c17c      0x12c /home/laurence/ARM-GCC/bin/../lib/gcc/arm-none-eabi/4.7.4/../../../../arm-none-eabi/lib/armv7-m/libc.a(lib_a-memset.o)
                0x0800c17c                memset
 .text.srand    0x0800c2a8       0x18 /home/laurence/ARM-GCC/bin/../lib/gcc/arm-none-eabi/4.7.4/../../../../arm-none-eabi/lib/armv7-m/libc.a(lib_a-rand.o)
                0x0800c2a8                srand
 .text.rand     0x0800c2c0       0x48 /home/laurence/ARM-GCC/bin/../lib/gcc/arm-none-eabi/4.7.4/../../../../arm-none-eabi/lib/armv7-m/libc.a(lib_a-rand.o)
                0x0800c2c0                rand
 .text.sinf     0x0800c308       0x78 /home/laurence/ARM-GCC/bin/../lib/gcc/arm-none-eabi/4.7.4/../../../../arm-none-eabi/lib/armv7-m/libm.a(lib_a-sf_sin.o)
                0x0800c308                sinf
 .text.atan2    0x0800c380        0x4 /home/laurence/ARM-GCC/bin/../lib/gcc/arm-none-eabi/4.7.4/../../../../arm-none-eabi/lib/armv7-m/libm.a(lib_a-w_atan2.o)
                0x0800c380                atan2
 .text.acosf    0x0800c384       0xa0 /home/laurence/ARM-GCC/bin/../lib/gcc/arm-none-eabi/4.7.4/../../../../arm-none-eabi/lib/armv7-m/libm.a(lib_a-wf_acos.o)
                0x0800c384                acosf
 .text.atan2f   0x0800c424        0x4 /home/laurence/ARM-GCC/bin/../lib/gcc/arm-none-eabi/4.7.4/../../../../arm-none-eabi/lib/armv7-m/libm.a(lib_a-wf_atan2.o)
                0x0800c424                atan2f
 .text.sqrtf    0x0800c428       0x9c /home/laurence/ARM-GCC/bin/../lib/gcc/arm-none-eabi/4.7.4/../../../../arm-none-eabi/lib/armv7-m/libm.a(lib_a-wf_sqrt.o)
                0x0800c428                sqrtf
 *fill*         0x0800c4c4        0x4 00
 .text.__ieee754_atan2
                0x0800c4c8      0x218 /home/laurence/ARM-GCC/bin/../lib/gcc/arm-none-eabi/4.7.4/../../../../arm-none-eabi/lib/armv7-m/libm.a(lib_a-e_atan2.o)
                0x0800c4c8                __ieee754_atan2
 .text.__ieee754_acosf
                0x0800c6e0      0x368 /home/laurence/ARM-GCC/bin/../lib/gcc/arm-none-eabi/4.7.4/../../../../arm-none-eabi/lib/armv7-m/libm.a(lib_a-ef_acos.o)
                0x0800c6e0                __ieee754_acosf
 .text.__ieee754_atan2f
                0x0800ca48      0x14c /home/laurence/ARM-GCC/bin/../lib/gcc/arm-none-eabi/4.7.4/../../../../arm-none-eabi/lib/armv7-m/libm.a(lib_a-ef_atan2.o)
                0x0800ca48                __ieee754_atan2f
 .text.__ieee754_rem_pio2f
                0x0800cb94      0x358 /home/laurence/ARM-GCC/bin/../lib/gcc/arm-none-eabi/4.7.4/../../../../arm-none-eabi/lib/armv7-m/libm.a(lib_a-ef_rem_pio2.o)
                0x0800cb94                __ieee754_rem_pio2f
 .text.__ieee754_sqrtf
                0x0800ceec       0xd4 /home/laurence/ARM-GCC/bin/../lib/gcc/arm-none-eabi/4.7.4/../../../../arm-none-eabi/lib/armv7-m/libm.a(lib_a-ef_sqrt.o)
                0x0800ceec                __ieee754_sqrtf
 .text.__kernel_cosf
                0x0800cfc0      0x1b8 /home/laurence/ARM-GCC/bin/../lib/gcc/arm-none-eabi/4.7.4/../../../../arm-none-eabi/lib/armv7-m/libm.a(lib_a-kf_cos.o)
                0x0800cfc0                __kernel_cosf
 .text.__kernel_rem_pio2f
                0x0800d178      0xba0 /home/laurence/ARM-GCC/bin/../lib/gcc/arm-none-eabi/4.7.4/../../../../arm-none-eabi/lib/armv7-m/libm.a(lib_a-kf_rem_pio2.o)
                0x0800d178                __kernel_rem_pio2f
 .text.__kernel_sinf
                0x0800dd18      0x100 /home/laurence/ARM-GCC/bin/../lib/gcc/arm-none-eabi/4.7.4/../../../../arm-none-eabi/lib/armv7-m/libm.a(lib_a-kf_sin.o)
                0x0800dd18                __kernel_sinf
 .text.atan     0x0800de18      0x368 /home/laurence/ARM-GCC/bin/../lib/gcc/arm-none-eabi/4.7.4/../../../../arm-none-eabi/lib/armv7-m/libm.a(lib_a-s_atan.o)
                0x0800de18                atan
 .text.fabs     0x0800e180        0x8 /home/laurence/ARM-GCC/bin/../lib/gcc/arm-none-eabi/4.7.4/../../../../arm-none-eabi/lib/armv7-m/libm.a(lib_a-s_fabs.o)
                0x0800e180                fabs
 .text.matherr  0x0800e188        0x4 /home/laurence/ARM-GCC/bin/../lib/gcc/arm-none-eabi/4.7.4/../../../../arm-none-eabi/lib/armv7-m/libm.a(lib_a-s_matherr.o)
                0x0800e188                matherr
 .text.nan      0x0800e18c        0xc /home/laurence/ARM-GCC/bin/../lib/gcc/arm-none-eabi/4.7.4/../../../../arm-none-eabi/lib/armv7-m/libm.a(lib_a-s_nan.o)
                0x0800e18c                nan
 .text.atanf    0x0800e198      0x258 /home/laurence/ARM-GCC/bin/../lib/gcc/arm-none-eabi/4.7.4/../../../../arm-none-eabi/lib/armv7-m/libm.a(lib_a-sf_atan.o)
                0x0800e198                atanf
 .text.fabsf    0x0800e3f0        0x8 /home/laurence/ARM-GCC/bin/../lib/gcc/arm-none-eabi/4.7.4/../../../../arm-none-eabi/lib/armv7-m/libm.a(lib_a-sf_fabs.o)
                0x0800e3f0                fabsf
 .text.floorf   0x0800e3f8       0x94 /home/laurence/ARM-GCC/bin/../lib/gcc/arm-none-eabi/4.7.4/../../../../arm-none-eabi/lib/armv7-m/libm.a(lib_a-sf_floor.o)
                0x0800e3f8                floorf
 .text.__fpclassifyf
                0x0800e48c       0x58 /home/laurence/ARM-GCC/bin/../lib/gcc/arm-none-eabi/4.7.4/../../../../arm-none-eabi/lib/armv7-m/libm.a(lib_a-sf_fpclassify.o)
                0x0800e48c                __fpclassifyf
 .text.scalbnf  0x0800e4e4       0xc0 /home/laurence/ARM-GCC/bin/../lib/gcc/arm-none-eabi/4.7.4/../../../../arm-none-eabi/lib/armv7-m/libm.a(lib_a-sf_scalbn.o)
                0x0800e4e4                scalbnf
 .text.copysignf
                0x0800e5a4        0xc /home/laurence/ARM-GCC/bin/../lib/gcc/arm-none-eabi/4.7.4/../../../../arm-none-eabi/lib/armv7-m/libm.a(lib_a-sf_copysign.o)
                0x0800e5a4                copysignf
 .text._sbrk    0x0800e5b0       0x34 /home/laurence/ARM-GCC/bin/../lib/gcc/arm-none-eabi/4.7.4/../../../../arm-none-eabi/lib/armv7-m/libnosys.a(sbrk.o)
                0x0800e5b0                _sbrk
 .text.__errno  0x0800e5e4        0xc /home/laurence/ARM-GCC/bin/../lib/gcc/arm-none-eabi/4.7.4/../../../../arm-none-eabi/lib/armv7-m/libc.a(lib_a-errno.o)
                0x0800e5e4                __errno
 *(.rodata)
 .rodata        0x0800e5f0       0xb4 /tmp/cc7xbiNo.ltrans0.ltrans.o
                0x0800e695                DaysInMonth.5327
 .rodata        0x0800e6a4       0x32 /tmp/cc7xbiNo.ltrans1.ltrans.o
 .rodata        0x0800e6d6      0x3ce /tmp/cc7xbiNo.ltrans3.ltrans.o
 .rodata        0x0800eaa4       0x74 /tmp/cc7xbiNo.ltrans5.ltrans.o
 .rodata        0x0800eb18      0x180 /tmp/cc7xbiNo.ltrans7.ltrans.o
                0x0800eb18                Tbl.4894
 *(.rodata*)
 .rodata.str1.1
                0x0800ec98      0x3b6 /tmp/cc7xbiNo.ltrans0.ltrans.o
                                0x3bb (size before relaxing)
 .rodata.str1.1
                0x0800f04e       0x16 /tmp/cc7xbiNo.ltrans1.ltrans.o
                                 0x19 (size before relaxing)
 .rodata.str1.1
                0x0800f064       0x10 /tmp/cc7xbiNo.ltrans7.ltrans.o
 .rodata.str1.4
                0x0800f074        0x2 /home/laurence/ARM-GCC/bin/../lib/gcc/arm-none-eabi/4.7.4/../../../../arm-none-eabi/lib/armv7-m/libc.a(lib_a-impure.o)
                                  0x4 (size before relaxing)
 *fill*         0x0800f076        0x2 00
 .rodata.str1.4
                0x0800f078        0x9 /home/laurence/ARM-GCC/bin/../lib/gcc/arm-none-eabi/4.7.4/../../../../arm-none-eabi/lib/armv7-m/libm.a(lib_a-wf_acos.o)
                                  0xc (size before relaxing)
 *fill*         0x0800f081        0x3 00
 .rodata.str1.4
                0x0800f084        0x8 /home/laurence/ARM-GCC/bin/../lib/gcc/arm-none-eabi/4.7.4/../../../../arm-none-eabi/lib/armv7-m/libm.a(lib_a-wf_sqrt.o)
 .rodata.npio2_hw
                0x0800f08c       0x80 /home/laurence/ARM-GCC/bin/../lib/gcc/arm-none-eabi/4.7.4/../../../../arm-none-eabi/lib/armv7-m/libm.a(lib_a-ef_rem_pio2.o)
 .rodata.two_over_pi
                0x0800f10c      0x318 /home/laurence/ARM-GCC/bin/../lib/gcc/arm-none-eabi/4.7.4/../../../../arm-none-eabi/lib/armv7-m/libm.a(lib_a-ef_rem_pio2.o)
 .rodata.init_jk
                0x0800f424        0xc /home/laurence/ARM-GCC/bin/../lib/gcc/arm-none-eabi/4.7.4/../../../../arm-none-eabi/lib/armv7-m/libm.a(lib_a-kf_rem_pio2.o)
 .rodata.PIo2   0x0800f430       0x2c /home/laurence/ARM-GCC/bin/../lib/gcc/arm-none-eabi/4.7.4/../../../../arm-none-eabi/lib/armv7-m/libm.a(lib_a-kf_rem_pio2.o)
 *fill*         0x0800f45c        0x4 00
 .rodata.atanlo
                0x0800f460       0x20 /home/laurence/ARM-GCC/bin/../lib/gcc/arm-none-eabi/4.7.4/../../../../arm-none-eabi/lib/armv7-m/libm.a(lib_a-s_atan.o)
 .rodata.atanhi
                0x0800f480       0x20 /home/laurence/ARM-GCC/bin/../lib/gcc/arm-none-eabi/4.7.4/../../../../arm-none-eabi/lib/armv7-m/libm.a(lib_a-s_atan.o)
 .rodata.atanlo
                0x0800f4a0       0x10 /home/laurence/ARM-GCC/bin/../lib/gcc/arm-none-eabi/4.7.4/../../../../arm-none-eabi/lib/armv7-m/libm.a(lib_a-sf_atan.o)
 .rodata.atanhi
                0x0800f4b0       0x10 /home/laurence/ARM-GCC/bin/../lib/gcc/arm-none-eabi/4.7.4/../../../../arm-none-eabi/lib/armv7-m/libm.a(lib_a-sf_atan.o)
 *(.glue_7)
 .glue_7        0x00000000        0x0 linker stubs
 *(.glue_7t)
 .glue_7t       0x00000000        0x0 linker stubs
 *(.init)
 .init          0x0800f4c0        0x4 /home/laurence/ARM-GCC/bin/../lib/gcc/arm-none-eabi/4.7.4/armv7-m/crti.o
                0x0800f4c0                _init
 .init          0x0800f4c4        0x8 /home/laurence/ARM-GCC/bin/../lib/gcc/arm-none-eabi/4.7.4/armv7-m/crtn.o
 *(.fini)
 .fini          0x0800f4cc        0x4 /home/laurence/ARM-GCC/bin/../lib/gcc/arm-none-eabi/4.7.4/armv7-m/crti.o
                0x0800f4cc                _fini
 .fini          0x0800f4d0        0x8 /home/laurence/ARM-GCC/bin/../lib/gcc/arm-none-eabi/4.7.4/armv7-m/crtn.o
                0x0800f4d8                . = ALIGN (0x4)
                0x0800f4d8                _etext = .
                0x0800f4d8                _sidata = _etext

.vfp11_veneer   0x0800f4d8        0x0
 .vfp11_veneer  0x00000000        0x0 linker stubs

.v4_bx          0x0800f4d8        0x0
 .v4_bx         0x00000000        0x0 linker stubs

.iplt           0x0800f4d8        0x0
 .iplt          0x00000000        0x0 /home/laurence/ARM-GCC/bin/../lib/gcc/arm-none-eabi/4.7.4/armv7-m/crtbegin.o

.rel.dyn        0x0800f4d8        0x0
 .rel.iplt      0x00000000        0x0 /home/laurence/ARM-GCC/bin/../lib/gcc/arm-none-eabi/4.7.4/armv7-m/crtbegin.o

.flashpatch     0x00000000        0x0
                0x00000000                . = ALIGN (0x4)
 *(.flashpatch)
                0x00000000                . = ALIGN (0x4)

.endflash       0x00000000        0x0
                0x00000000                . = ALIGN (0x4)
 *(.endflash)
                0x00000000                . = ALIGN (0x4)
                0x00000000                _e_endflash = .

.data           0x20000000      0xa28 load address 0x0800f4d8
                0x20000000                . = ALIGN (0x4)
                0x20000000                _sdata = .
                0x20000000                _data = .
 *(.data)
 .data          0x20000000        0xc /tmp/cc7xbiNo.ltrans0.ltrans.o
                0x20000008                SP1ML_network_address
 .data          0x2000000c       0x14 /tmp/cc7xbiNo.ltrans1.ltrans.o
                0x2000001c                Device_Table
 .data          0x20000020       0x24 /tmp/cc7xbiNo.ltrans3.ltrans.o
                0x20000020                DCM_glob
 .data          0x20000044       0x40 /tmp/cc7xbiNo.ltrans4.ltrans.o
                0x20000044                I2C_jobs
 .data          0x20000084       0x68 /tmp/cc7xbiNo.ltrans5.ltrans.o
                0x200000a0                String_Descriptor
                0x200000c8                User_Standard_Requests
 .data          0x200000ec       0x1c /tmp/cc7xbiNo.ltrans6.ltrans.o
                0x200000ec                pEpInt_IN
 .data          0x20000108       0x90 /tmp/cc7xbiNo.ltrans8.ltrans.o
                0x20000108                Scsi_Sense_Data
                0x2000017c                pEpInt_OUT
 .data          0x20000198        0x1 /tmp/cc7xbiNo.ltrans9.ltrans.o
 *fill*         0x20000199        0x3 00
 .data          0x2000019c       0x34 /tmp/cc7xbiNo.ltrans11.ltrans.o
                0x2000019c                Device_Property
                0x200001cd                Stat.5521
 *(.data.*)
 .data.__malloc_av_
                0x200001d0      0x408 /home/laurence/ARM-GCC/bin/../lib/gcc/arm-none-eabi/4.7.4/../../../../arm-none-eabi/lib/armv7-m/libc.a(lib_a-mallocr.o)
                0x200001d0                __malloc_av_
 .data.__malloc_trim_threshold
                0x200005d8        0x4 /home/laurence/ARM-GCC/bin/../lib/gcc/arm-none-eabi/4.7.4/../../../../arm-none-eabi/lib/armv7-m/libc.a(lib_a-mallocr.o)
                0x200005d8                __malloc_trim_threshold
 .data.__malloc_sbrk_base
                0x200005dc        0x4 /home/laurence/ARM-GCC/bin/../lib/gcc/arm-none-eabi/4.7.4/../../../../arm-none-eabi/lib/armv7-m/libc.a(lib_a-mallocr.o)
                0x200005dc                __malloc_sbrk_base
 .data.ADCPrescTable
                0x200005e0        0x4 lib/STM32F10x_StdPeriph_Driver/libstm32fw.a(stm32f10x_rcc.o)
 .data.APBAHBPrescTable
                0x200005e4       0x10 lib/STM32F10x_StdPeriph_Driver/libstm32fw.a(stm32f10x_rcc.o)
 *fill*         0x200005f4        0x4 00
 .data.impure_data
                0x200005f8      0x428 /home/laurence/ARM-GCC/bin/../lib/gcc/arm-none-eabi/4.7.4/../../../../arm-none-eabi/lib/armv7-m/libc.a(lib_a-impure.o)
 .data._impure_ptr
                0x20000a20        0x4 /home/laurence/ARM-GCC/bin/../lib/gcc/arm-none-eabi/4.7.4/../../../../arm-none-eabi/lib/armv7-m/libc.a(lib_a-impure.o)
                0x20000a20                _impure_ptr
 .data.__fdlib_version
                0x20000a24        0x1 /home/laurence/ARM-GCC/bin/../lib/gcc/arm-none-eabi/4.7.4/../../../../arm-none-eabi/lib/armv7-m/libm.a(lib_a-s_lib_ver.o)
                0x20000a24                __fdlib_version
 *(.RAMtext)
                0x20000a28                . = ALIGN (0x4)
 *fill*         0x20000a25        0x3 00
                0x20000a28                _edata = .
                0x0800ff00                _eidata = (_sidata + (_edata - _sdata))
                0x08020000                _lastdataromaddress = (ORIGIN (FLASH) + 0x20000)
                0x00000000                toobig = (_eidata > _lastdataromaddress)?!!!!!!!!! FLASH IS FULL !!!!!!!!!:0x0

.igot.plt       0x20000a28        0x0 load address 0x0800ff00
 .igot.plt      0x00000000        0x0 /home/laurence/ARM-GCC/bin/../lib/gcc/arm-none-eabi/4.7.4/armv7-m/crtbegin.o

.bss            0x20000a28     0x1390 load address 0x0800ff00
                0x20000a28                . = ALIGN (0x4)
                0x20000a28                _sbss = .
                0x20000a28                _bss = .
 *(.bss)
 .bss           0x20000a28      0xdd8 /tmp/cc7xbiNo.ltrans0.ltrans.o
                0x20000e50                bootsource
                0x20000e54                Millis
                0x20000e5c                Gps_Buffer
                0x20000e68                rputchar.5805
                0x20000e6c                Status
                0x20000e70                Data_Buffer
                0x20000e74                bDeviceState
                0x20000e78                Battery_Voltage
                0x20000e7c                Jobs
                0x20000e80                FatFs.5248
                0x200010bc                FATFS_wavfile
                0x20001300                LSM9DS1_Mag_Offset
                0x2000131a                print_string
                0x20001334                FATFS_wavfile_gps
                0x20001558                FATFS_wavfile_imu
                0x2000177c                file_opened
                0x20001780                PI_glob
                0x20001798                I_limits
                0x200017a4                flashCodeEnabled
                0x200017a8                Gps
                0x200017e4                GPS_telem
                0x200017f0                flashCode
                0x200017f5                SP1ML_state
                0x200017f9                System_state_Global
                0x200017fa                Shutdown_System
 .bss           0x20001800       0x8c /tmp/cc7xbiNo.ltrans1.ltrans.o
 .bss           0x2000188c        0x4 /tmp/cc7xbiNo.ltrans2.ltrans.o
 .bss           0x20001890        0xc /tmp/cc7xbiNo.ltrans3.ltrans.o
 .bss           0x2000189c        0x4 /tmp/cc7xbiNo.ltrans4.ltrans.o
                0x2000189f                CurrVol.5247
 .bss           0x200018a0       0x2c /tmp/cc7xbiNo.ltrans5.ltrans.o
 .bss           0x200018cc        0xc /tmp/cc7xbiNo.ltrans6.ltrans.o
 .bss           0x200018d8        0x1 /tmp/cc7xbiNo.ltrans7.ltrans.o
                0x200018d8                CardType.5522
 *fill*         0x200018d9        0x3 00
 .bss           0x200018dc       0xb8 /tmp/cc7xbiNo.ltrans8.ltrans.o
                0x200018dc                Bot_State
                0x200018e0                CBW
                0x20001906                TransferState
                0x20001908                Mass_Block_Size
                0x2000195c                Sd_Spi_Called_From_USB_MSC
                0x20001960                CSW
                0x20001978                SCSI_LBA
                0x2000197c                SCSI_BlkLen
                0x20001980                Max_Lun
                0x20001984                Mass_Block_Count
 .bss           0x20001994      0x384 /tmp/cc7xbiNo.ltrans9.ltrans.o
                0x20001a18                raw_data.7594
                0x20001a34                channel_wct_conf.7605
                0x20001a38                wct.7592
                0x20001a3b                Enable.7607
                0x20001a3c                ECG_buffers
                0x20001afc                old_quality_mask.7609
                0x20001b00                old_wct.7608
                0x20001b05                ADS1298_Error_Status
                0x20001b0d                Gain.7604
                0x20001b10                Completed_Jobs
                0x20001b14                LSM9DS1_Gyro_Buffer
                0x20001b20                IMU_buff
                0x20001bc0                LSM9DS1_Acc_Buffer
                0x20001bc8                LSM9DS1_Mag_Buffer
                0x20001bd6                I2C1error
                0x20001bd8                I2C_failure
                0x20001c9c                Filtered_ECG
                0x20001cae                SP1ML_tx_rx_state
                0x20001cbc                Usart3_rx_buff
                0x20001ccc                SP1ML_tx_sequence_number
                0x20001cdc                Usart1_rx_buff
                0x20001cec                RN42_tx_sequence_number
                0x20001cf0                Usart3_tx_buff
                0x20001d00                SP1ML_tx_bytes
                0x20001d04                SP1ML_withold
                0x20001d08                Usart1_tx_buff
 .bss           0x20001d18        0x8 /tmp/cc7xbiNo.ltrans10.ltrans.o
 .bss           0x20001d20       0x1c /tmp/cc7xbiNo.ltrans11.ltrans.o
                0x20001d20                wIstr
                0x20001d24                Timer1.5516
                0x20001d28                Timer2.5517
                0x20001d39                job
 *(.bss.*)
 .bss.__malloc_max_total_mem
                0x20001d3c        0x4 /home/laurence/ARM-GCC/bin/../lib/gcc/arm-none-eabi/4.7.4/../../../../arm-none-eabi/lib/armv7-m/libc.a(lib_a-mallocr.o)
                0x20001d3c                __malloc_max_total_mem
 .bss.__malloc_max_sbrked_mem
                0x20001d40        0x4 /home/laurence/ARM-GCC/bin/../lib/gcc/arm-none-eabi/4.7.4/../../../../arm-none-eabi/lib/armv7-m/libc.a(lib_a-mallocr.o)
                0x20001d40                __malloc_max_sbrked_mem