Archive member included to satisfy reference by file (symbol)

lib/STM32F10x_StdPeriph_Driver/libstm32fw.a(misc.o)
                              interrupts.o (symbol from plugin) (NVIC_PriorityGroupConfig)
lib/STM32F10x_StdPeriph_Driver/libstm32fw.a(stm32f10x_adc.o)
                              adc.o (symbol from plugin) (ADC_DeInit)
lib/STM32F10x_StdPeriph_Driver/libstm32fw.a(stm32f10x_bkp.o)
                              Util/fat_fs/src/rtc.o (symbol from plugin) (BKP_DeInit)
lib/STM32F10x_StdPeriph_Driver/libstm32fw.a(stm32f10x_dbgmcu.o)
                              main.o (symbol from plugin) (DBGMCU_Config)
lib/STM32F10x_StdPeriph_Driver/libstm32fw.a(stm32f10x_dma.o)
                              Util/fat_fs/src/sd_spi_stm32.o (symbol from plugin) (DMA_DeInit)
lib/STM32F10x_StdPeriph_Driver/libstm32fw.a(stm32f10x_exti.o)
                              interrupts.o (symbol from plugin) (EXTI_DeInit)
lib/STM32F10x_StdPeriph_Driver/libstm32fw.a(stm32f10x_gpio.o)
                              Util/fat_fs/src/sd_spi_stm32.o (symbol from plugin) (GPIO_Init)
lib/STM32F10x_StdPeriph_Driver/libstm32fw.a(stm32f10x_i2c.o)
                              i2c_int.o (symbol from plugin) (I2C_DeInit)
lib/STM32F10x_StdPeriph_Driver/libstm32fw.a(stm32f10x_iwdg.o)
                              watchdog.o (symbol from plugin) (IWDG_WriteAccessCmd)
lib/STM32F10x_StdPeriph_Driver/libstm32fw.a(stm32f10x_pwr.o)
                              pwr.o (symbol from plugin) (PWR_DeInit)
lib/STM32F10x_StdPeriph_Driver/libstm32fw.a(stm32f10x_rcc.o)
                              interrupts.o (symbol from plugin) (RCC_HCLKConfig)
lib/STM32F10x_StdPeriph_Driver/libstm32fw.a(stm32f10x_rtc.o)
                              Util/fat_fs/src/rtc.o (symbol from plugin) (RTC_GetCounter)
lib/STM32F10x_StdPeriph_Driver/libstm32fw.a(stm32f10x_spi.o)
                              Util/fat_fs/src/sd_spi_stm32.o (symbol from plugin) (SPI_I2S_DeInit)
lib/STM32F10x_StdPeriph_Driver/libstm32fw.a(stm32f10x_tim.o)
                              timer.o (symbol from plugin) (TIM_DeInit)
lib/STM32F10x_StdPeriph_Driver/libstm32fw.a(stm32f10x_usart.o)
                              Util/rn42_command.o (symbol from plugin) (USART_DeInit)
lib/STM32_USB-FS-Device_Driver/libstm32usb.a(usb_core.o)
                              Util/USB/usb_prop.o (symbol from plugin) (Standard_GetDescriptorData)
lib/STM32_USB-FS-Device_Driver/libstm32usb.a(usb_init.o)
                              main.o (symbol from plugin) (USB_Init)
lib/STM32_USB-FS-Device_Driver/libstm32usb.a(usb_int.o)
                              Util/USB/usb_istr.o (symbol from plugin) (CTR_LP)
lib/STM32_USB-FS-Device_Driver/libstm32usb.a(usb_mem.o)
                              lib/STM32_USB-FS-Device_Driver/libstm32usb.a(usb_core.o) (UserToPMABufferCopy)
lib/STM32_USB-FS-Device_Driver/libstm32usb.a(usb_regs.o)
                              Util/USB/usb_prop.o (symbol from plugin) (SetBTABLE)
lib/STM32_USB-FS-Device_Driver/libstm32usb.a(usb_sil.o)
                              Util/USB/usb_prop.o (symbol from plugin) (USB_SIL_Init)
/home/laurence/ARM-GCC/gcc-arm-none-eabi-5_3-2016q1/bin/../lib/gcc/arm-none-eabi/5.3.1/../../../../arm-none-eabi/lib/armv7-m/libc_nano.a(lib_a-exit.o)
                              /home/laurence/ARM-GCC/gcc-arm-none-eabi-5_3-2016q1/bin/../lib/gcc/arm-none-eabi/5.3.1/../../../../arm-none-eabi/lib/armv7-m/crt0.o (exit)
/home/laurence/ARM-GCC/gcc-arm-none-eabi-5_3-2016q1/bin/../lib/gcc/arm-none-eabi/5.3.1/../../../../arm-none-eabi/lib/armv7-m/libc_nano.a(lib_a-impure.o)
                              /home/laurence/ARM-GCC/gcc-arm-none-eabi-5_3-2016q1/bin/../lib/gcc/arm-none-eabi/5.3.1/../../../../arm-none-eabi/lib/armv7-m/libc_nano.a(lib_a-exit.o) (_global_impure_ptr)
/home/laurence/ARM-GCC/gcc-arm-none-eabi-5_3-2016q1/bin/../lib/gcc/arm-none-eabi/5.3.1/../../../../arm-none-eabi/lib/armv7-m/libc_nano.a(lib_a-init.o)
                              /home/laurence/ARM-GCC/gcc-arm-none-eabi-5_3-2016q1/bin/../lib/gcc/arm-none-eabi/5.3.1/../../../../arm-none-eabi/lib/armv7-m/crt0.o (__libc_init_array)
/home/laurence/ARM-GCC/gcc-arm-none-eabi-5_3-2016q1/bin/../lib/gcc/arm-none-eabi/5.3.1/../../../../arm-none-eabi/lib/armv7-m/libc_nano.a(lib_a-memset.o)
                              /home/laurence/ARM-GCC/gcc-arm-none-eabi-5_3-2016q1/bin/../lib/gcc/arm-none-eabi/5.3.1/../../../../arm-none-eabi/lib/armv7-m/crt0.o (memset)
/home/laurence/ARM-GCC/gcc-arm-none-eabi-5_3-2016q1/bin/../lib/gcc/arm-none-eabi/5.3.1/../../../../arm-none-eabi/lib/armv7-m/libc_nano.a(lib_a-rand.o)
                              Util/sp1ml_command.o (symbol from plugin) (srand)
/home/laurence/ARM-GCC/gcc-arm-none-eabi-5_3-2016q1/bin/../lib/gcc/arm-none-eabi/5.3.1/../../../../arm-none-eabi/lib/armv7-m/libc_nano.a(lib_a-malloc.o)
                              /home/laurence/ARM-GCC/gcc-arm-none-eabi-5_3-2016q1/bin/../lib/gcc/arm-none-eabi/5.3.1/../../../../arm-none-eabi/lib/armv7-m/libc_nano.a(lib_a-rand.o) (malloc)
[...]
Memory Configuration

Name             Origin             Length             Attributes
RAM              0x20000000         0x00005000         xrw
FLASH            0x08000000         0x00020000         xr
*default*        0x00000000         0xffffffff

Linker script and memory map

LOAD /home/laurence/ARM-GCC/gcc-arm-none-eabi-5_3-2016q1/bin/../lib/gcc/arm-none-eabi/5.3.1/armv7-m/crti.o
LOAD /home/laurence/ARM-GCC/gcc-arm-none-eabi-5_3-2016q1/bin/../lib/gcc/arm-none-eabi/5.3.1/armv7-m/crtbegin.o
LOAD /home/laurence/ARM-GCC/gcc-arm-none-eabi-5_3-2016q1/bin/../lib/gcc/arm-none-eabi/5.3.1/../../../../arm-none-eabi/lib/armv7-m/crt0.o
LOAD Util/USB/hw_config.o
LOAD /tmp/ccU86ilF.ltrans0.ltrans.o
LOAD /tmp/ccU86ilF.ltrans1.ltrans.o
LOAD /tmp/ccU86ilF.ltrans2.ltrans.o
LOAD /tmp/ccU86ilF.ltrans3.ltrans.o
LOAD /tmp/ccU86ilF.ltrans4.ltrans.o
LOAD /tmp/ccU86ilF.ltrans5.ltrans.o
LOAD /tmp/ccU86ilF.ltrans6.ltrans.o
LOAD /tmp/ccU86ilF.ltrans7.ltrans.o
LOAD /tmp/ccU86ilF.ltrans8.ltrans.o
LOAD /tmp/ccU86ilF.ltrans9.ltrans.o
LOAD /tmp/ccU86ilF.ltrans10.ltrans.o
LOAD Util/USB/mass_mal.o
LOAD Util/USB/memory.o
LOAD Util/USB/scsi_data.o
LOAD Util/USB/usb_bot.o
LOAD Util/USB/usb_desc.o
LOAD Util/USB/usb_endp.o
LOAD Util/USB/usb_istr.o
LOAD Util/USB/usb_prop.o
LOAD Util/USB/usb_pwr.o
LOAD Util/USB/usb_scsi.o
LOAD Util/buffer.o
LOAD Util/data_alignment.o
LOAD Util/dcm_attitude.o
LOAD Util/delay.o
LOAD Util/fat_fs/option/ccsbcs.o
LOAD Util/fat_fs/src/fattime.o
LOAD Util/fat_fs/src/ff.o
LOAD Util/fat_fs/src/rtc.o
LOAD Util/fat_fs/src/sd_spi_stm32.o
LOAD Util/filter.o
LOAD Util/load_setting.o
LOAD Util/rn42_command.o
LOAD Util/rn42_conf.o
LOAD Util/rprintf.o
LOAD Util/rtc_correct.o
LOAD Util/sp1ml_command.o
LOAD Util/wave.o
LOAD adc.o
LOAD bootload.o
LOAD dma.o
LOAD gpio.o
LOAD i2c_int.o
LOAD interrupts.o
LOAD lib/ARM-GCC/startup_ARMCM3.o
LOAD lib/CMSIS_CM3/core_cm3.o
LOAD lib/CMSIS_CM3/system_stm32f10x.o
LOAD main.o
LOAD pwr.o
LOAD timer.o
LOAD usart.o
LOAD watchdog.o
LOAD Sensors/ads1298.o
LOAD Sensors/lsm9ds1.o
LOAD Sensors/ubx.o
LOAD lib/STM32F10x_StdPeriph_Driver/libstm32fw.a
LOAD lib/STM32_USB-FS-Device_Driver/libstm32usb.a
LOAD /home/laurence/ARM-GCC/gcc-arm-none-eabi-5_3-2016q1/bin/../lib/gcc/arm-none-eabi/5.3.1/../../../../arm-none-eabi/lib/armv7-m/libm.a
LOAD /home/laurence/ARM-GCC/gcc-arm-none-eabi-5_3-2016q1/bin/../lib/gcc/arm-none-eabi/5.3.1/../../../../arm-none-eabi/lib/armv7-m/libnosys.a
START GROUP
LOAD /home/laurence/ARM-GCC/gcc-arm-none-eabi-5_3-2016q1/bin/../lib/gcc/arm-none-eabi/5.3.1/armv7-m/libgcc.a
LOAD /home/laurence/ARM-GCC/gcc-arm-none-eabi-5_3-2016q1/bin/../lib/gcc/arm-none-eabi/5.3.1/../../../../arm-none-eabi/lib/armv7-m/libc_nano.a
END GROUP
START GROUP
LOAD /home/laurence/ARM-GCC/gcc-arm-none-eabi-5_3-2016q1/bin/../lib/gcc/arm-none-eabi/5.3.1/armv7-m/libgcc.a
LOAD /home/laurence/ARM-GCC/gcc-arm-none-eabi-5_3-2016q1/bin/../lib/gcc/arm-none-eabi/5.3.1/../../../../arm-none-eabi/lib/armv7-m/libc_nano.a
LOAD /home/laurence/ARM-GCC/gcc-arm-none-eabi-5_3-2016q1/bin/../lib/gcc/arm-none-eabi/5.3.1/../../../../arm-none-eabi/lib/armv7-m/libnosys.a
END GROUP
START GROUP
LOAD /home/laurence/ARM-GCC/gcc-arm-none-eabi-5_3-2016q1/bin/../lib/gcc/arm-none-eabi/5.3.1/armv7-m/libgcc.a
LOAD /home/laurence/ARM-GCC/gcc-arm-none-eabi-5_3-2016q1/bin/../lib/gcc/arm-none-eabi/5.3.1/../../../../arm-none-eabi/lib/armv7-m/libc_nano.a
LOAD /home/laurence/ARM-GCC/gcc-arm-none-eabi-5_3-2016q1/bin/../lib/gcc/arm-none-eabi/5.3.1/../../../../arm-none-eabi/lib/armv7-m/libnosys.a
END GROUP
LOAD /home/laurence/ARM-GCC/gcc-arm-none-eabi-5_3-2016q1/bin/../lib/gcc/arm-none-eabi/5.3.1/armv7-m/crtend.o
LOAD /home/laurence/ARM-GCC/gcc-arm-none-eabi-5_3-2016q1/bin/../lib/gcc/arm-none-eabi/5.3.1/armv7-m/crtn.o
                0x00002000                __HEAP_SIZE = 0x2000
                0x00000c00                __STACK_SIZE = 0xc00

.text           0x08000000     0xf6dc
 *(.isr_vector)
 .isr_vector    0x08000000      0x10c lib/ARM-GCC/startup_ARMCM3.o
                0x08000000                __isr_vector
 *(.text*)
 .text          0x0800010c       0x5c /home/laurence/ARM-GCC/gcc-arm-none-eabi-5_3-2016q1/bin/../lib/gcc/arm-none-eabi/5.3.1/armv7-m/crtbegin.o
 .text          0x08000168       0x74 /home/laurence/ARM-GCC/gcc-arm-none-eabi-5_3-2016q1/bin/../lib/gcc/arm-none-eabi/5.3.1/../../../../arm-none-eabi/lib/armv7-m/crt0.o
                0x08000168                _mainCRTStartup
                0x08000168                _start
 *fill*         0x080001dc        0x4 
 .text.startup.main
                0x080001e0     0x2200 /tmp/ccU86ilF.ltrans0.ltrans.o
                0x080001e0                main
 .text.Get_Max_Lun
                0x080023e0       0x18 /tmp/ccU86ilF.ltrans1.ltrans.o
 .text.MASS_Get_Interface_Setting
                0x080023f8       0x10 /tmp/ccU86ilF.ltrans1.ltrans.o
                0x080023f8                MASS_Get_Interface_Setting
 .text.MASS_Data_Setup
                0x08002408       0x3c /tmp/ccU86ilF.ltrans1.ltrans.o
                0x08002408                MASS_Data_Setup
 .text.MASS_Status_In
                0x08002444        0x2 /tmp/ccU86ilF.ltrans1.ltrans.o
                0x08002444                MASS_Status_In
 .text.MASS_Status_Out
                0x08002446        0x2 /tmp/ccU86ilF.ltrans1.ltrans.o
                0x08002446                MASS_Status_Out
 .text.Mass_Storage_SetDeviceAddress
                0x08002448        0xc /tmp/ccU86ilF.ltrans1.ltrans.o
 .text.IntToUnicode
                0x08002454       0x2a /tmp/ccU86ilF.ltrans1.ltrans.o
 *fill*         0x0800247e        0x2 
 .text.MASS_GetStringDescriptor
                0x08002480       0x20 /tmp/ccU86ilF.ltrans1.ltrans.o
                0x08002480                MASS_GetStringDescriptor
 .text.MASS_GetConfigDescriptor
                0x080024a0        0xc /tmp/ccU86ilF.ltrans1.ltrans.o
                0x080024a0                MASS_GetConfigDescriptor
 .text.MASS_GetDeviceDescriptor
                0x080024ac        0xc /tmp/ccU86ilF.ltrans1.ltrans.o
                0x080024ac                MASS_GetDeviceDescriptor
 .text.MASS_NoData_Setup
                0x080024b8       0x4c /tmp/ccU86ilF.ltrans1.ltrans.o
                0x080024b8                MASS_NoData_Setup
 .text.Mass_Storage_SetConfiguration
                0x08002504       0x30 /tmp/ccU86ilF.ltrans1.ltrans.o
 .text.MASS_Reset
                0x08002534       0xf0 /tmp/ccU86ilF.ltrans1.ltrans.o
                0x08002534                MASS_Reset
 .text.MASS_init
                0x08002624       0x70 /tmp/ccU86ilF.ltrans1.ltrans.o
                0x08002624                MASS_init
 .text.unlikely.Transfer_Data_Request
                0x08002694       0x34 /tmp/ccU86ilF.ltrans1.ltrans.o
 .text.unlikely.MAL_GetStatus
                0x080026c8       0xdc /tmp/ccU86ilF.ltrans1.ltrans.o
 .text.Resume_Init
                0x080027a4       0x54 /tmp/ccU86ilF.ltrans1.ltrans.o
                0x080027a4                Resume_Init
 .text.Bot_Abort.part.2.lto_priv.87
                0x080027f8       0x18 /tmp/ccU86ilF.ltrans1.ltrans.o
                0x080027f8                Bot_Abort.part.2.lto_priv.87
 .text.Mass_Storage_ClearFeature
                0x08002810       0x18 /tmp/ccU86ilF.ltrans1.ltrans.o
 .text.Set_CSW  0x08002828       0x3c /tmp/ccU86ilF.ltrans1.ltrans.o
                0x08002828                Set_CSW
 .text.EP2_OUT_Callback
                0x08002864      0x2f4 /tmp/ccU86ilF.ltrans1.ltrans.o
 .text.EP1_IN_Callback
                0x08002b58       0x58 /tmp/ccU86ilF.ltrans1.ltrans.o
 .text.Read_Memory
                0x08002bb0      0x160 /tmp/ccU86ilF.ltrans1.ltrans.o
                0x08002bb0                Read_Memory
 .text.ads1298_spi_dma_transaction
                0x08002d10       0xe8 /tmp/ccU86ilF.ltrans2.ltrans.o
                0x08002d10                ads1298_spi_dma_transaction
 .text.DMA1_Channel4_IRQHandler
                0x08002df8     0x1430 /tmp/ccU86ilF.ltrans2.ltrans.o
                0x08002df8                DMA1_Channel4_IRQHandler
 .text.ads1298_busy_wait_command
                0x08004228       0x4c /tmp/ccU86ilF.ltrans2.ltrans.o
                0x08004228                ads1298_busy_wait_command
 .text.stm32_spi_rw.lto_priv.76
                0x08004274       0x24 /tmp/ccU86ilF.ltrans3.ltrans.o
                0x08004274                stm32_spi_rw.lto_priv.76
 .text.rcvr_spi.lto_priv.77
                0x08004298        0x6 /tmp/ccU86ilF.ltrans3.ltrans.o
                0x08004298                rcvr_spi.lto_priv.77
 .text.my_RTC_SetCounter
                0x0800429e       0x22 /tmp/ccU86ilF.ltrans3.ltrans.o
                0x0800429e                my_RTC_SetCounter
 .text.counter_to_struct.lto_priv.71
                0x080042c0       0xc4 /tmp/ccU86ilF.ltrans3.ltrans.o
                0x080042c0                counter_to_struct.lto_priv.71
 .text.isDST.lto_priv.70
                0x08004384       0x2c /tmp/ccU86ilF.ltrans3.ltrans.o
                0x08004384                isDST.lto_priv.70
 .text.rtc_gettime
                0x080043b0       0x70 /tmp/ccU86ilF.ltrans3.ltrans.o
                0x080043b0                rtc_gettime
 .text.dir_find.part.4.lto_priv.84
                0x08004420      0x16c /tmp/ccU86ilF.ltrans3.ltrans.o
                0x08004420                dir_find.part.4.lto_priv.84
 .text.validate.lto_priv.62
                0x0800458c       0x30 /tmp/ccU86ilF.ltrans3.ltrans.o
                0x0800458c                validate.lto_priv.62
 .text.f_lseek  0x080045bc      0x144 /tmp/ccU86ilF.ltrans3.ltrans.o
                0x080045bc                f_lseek
 .text.f_sync   0x08004700       0xa8 /tmp/ccU86ilF.ltrans3.ltrans.o
                0x08004700                f_sync
 .text.f_close  0x080047a8        0xe /tmp/ccU86ilF.ltrans3.ltrans.o
                0x080047a8                f_close
 .text.f_write  0x080047b6      0x18c /tmp/ccU86ilF.ltrans3.ltrans.o
                0x080047b6                f_write
 *fill*         0x08004942        0x2 
 .text.chk_mounted.lto_priv.58
                0x08004944      0x240 /tmp/ccU86ilF.ltrans3.ltrans.o
                0x08004944                chk_mounted.lto_priv.58
 .text.f_open   0x08004b84      0x136 /tmp/ccU86ilF.ltrans3.ltrans.o
                0x08004b84                f_open
 .text.hex_to_byte
                0x08004cba       0x18 /tmp/ccU86ilF.ltrans4.ltrans.o
 *fill*         0x08004cd2        0x2 
 .text.SP1ML_generate_packet
                0x08004cd4      0x110 /tmp/ccU86ilF.ltrans4.ltrans.o
                0x08004cd4                SP1ML_generate_packet
 .text.ADC_Configuration
                0x08004de4      0x10c /tmp/ccU86ilF.ltrans4.ltrans.o
                0x08004de4                ADC_Configuration
 .text.wave_terminate
                0x08004ef0       0xde /tmp/ccU86ilF.ltrans4.ltrans.o
                0x08004ef0                wave_terminate
 .text.write_wave_samples
                0x08004fce       0xaa /tmp/ccU86ilF.ltrans4.ltrans.o
                0x08004fce                write_wave_samples
 .text.write_wave_header
                0x08005078       0xdc /tmp/ccU86ilF.ltrans4.ltrans.o
                0x08005078                write_wave_header
 *fill*         0x08005154        0x4 
 .text.SP1ML_rx_tx_data_processor.part.2.lto_priv.51
                0x08005158      0x830 /tmp/ccU86ilF.ltrans4.ltrans.o
                0x08005158                SP1ML_rx_tx_data_processor.part.2.lto_priv.51
 .text.SP1ML_configure.part.0.lto_priv.66
                0x08005988      0x1b8 /tmp/ccU86ilF.ltrans4.ltrans.o
                0x08005988                SP1ML_configure.part.0.lto_priv.66
 .text.SP1ML_assign_addr
                0x08005b40       0x68 /tmp/ccU86ilF.ltrans4.ltrans.o
                0x08005b40                SP1ML_assign_addr
 .text.SystemInit
                0x08005ba8       0xe8 /tmp/ccU86ilF.ltrans5.ltrans.o
                0x08005ba8                SystemInit
 .text.USB_LP_CAN1_RX0_IRQHandler
                0x08005c90       0xf0 /tmp/ccU86ilF.ltrans5.ltrans.o
                0x08005c90                USB_LP_CAN1_RX0_IRQHandler
 .text.USB_HP_CAN1_TX_IRQHandler
                0x08005d80        0x4 /tmp/ccU86ilF.ltrans5.ltrans.o
                0x08005d80                USB_HP_CAN1_TX_IRQHandler
 *fill*         0x08005d84        0x4 
 .text.SysTick_Handler
                0x08005d88      0x17c /tmp/ccU86ilF.ltrans5.ltrans.o
                0x08005d88                SysTick_Handler
 .text.EXTI15_10_IRQHandler
                0x08005f04       0x68 /tmp/ccU86ilF.ltrans5.ltrans.o
                0x08005f04                EXTI15_10_IRQHandler
 .text.ADC1_2_IRQHandler
                0x08005f6c       0x70 /tmp/ccU86ilF.ltrans5.ltrans.o
                0x08005f6c                ADC1_2_IRQHandler
 .text.EXTI_ONOFF_EN
                0x08005fdc       0x54 /tmp/ccU86ilF.ltrans5.ltrans.o
                0x08005fdc                EXTI_ONOFF_EN
 .text.I2C_Config
                0x08006030      0x1c8 /tmp/ccU86ilF.ltrans5.ltrans.o
                0x08006030                I2C_Config
 .text.I2C1_ER_IRQHandler
                0x080061f8      0x12c /tmp/ccU86ilF.ltrans5.ltrans.o
                0x080061f8                I2C1_ER_IRQHandler
 .text.I2C1_EV_IRQHandler
                0x08006324      0x590 /tmp/ccU86ilF.ltrans5.ltrans.o
                0x08006324                I2C1_EV_IRQHandler
 .text.red_flash
                0x080068b4       0x2c /tmp/ccU86ilF.ltrans5.ltrans.o
                0x080068b4                red_flash
 .text.EXTI0_IRQHandler
                0x080068e0       0x7c /tmp/ccU86ilF.ltrans5.ltrans.o
                0x080068e0                EXTI0_IRQHandler
 .text.switch_leds_off
                0x0800695c       0x1c /tmp/ccU86ilF.ltrans5.ltrans.o
                0x0800695c                switch_leds_off
 .text.switch_leds_on
                0x08006978       0x1c /tmp/ccU86ilF.ltrans5.ltrans.o
                0x08006978                switch_leds_on
 .text.SCSI_Address_Management
                0x08006994       0x6c /tmp/ccU86ilF.ltrans6.ltrans.o
 .text.clust2sect
                0x08006a00       0x16 /tmp/ccU86ilF.ltrans6.ltrans.o
                0x08006a00                clust2sect
 .text.move_window.lto_priv.60
                0x08006a16       0x76 /tmp/ccU86ilF.ltrans6.ltrans.o
                0x08006a16                move_window.lto_priv.60
 .text.put_fat  0x08006a8c       0xf6 /tmp/ccU86ilF.ltrans6.ltrans.o
                0x08006a8c                put_fat
 .text.get_fat  0x08006b82       0xcc /tmp/ccU86ilF.ltrans6.ltrans.o
                0x08006b82                get_fat
 *fill*         0x08006c4e        0x2 
 .text.sync.lto_priv.52
                0x08006c50       0xdc /tmp/ccU86ilF.ltrans6.ltrans.o
                0x08006c50                sync.lto_priv.52
 .text.mem_cpy.lto_priv.56
                0x08006d2c       0x14 /tmp/ccU86ilF.ltrans6.ltrans.o
                0x08006d2c                mem_cpy.lto_priv.56
 .text.get_fattime
                0x08006d40       0x42 /tmp/ccU86ilF.ltrans6.ltrans.o
                0x08006d40                get_fattime
 .text.Delay    0x08006d82       0x18 /tmp/ccU86ilF.ltrans6.ltrans.o
                0x08006d82                Delay
 .text.normalize_vector
                0x08006d9a       0x5e /tmp/ccU86ilF.ltrans6.ltrans.o
                0x08006d9a                normalize_vector
 .text.Get_From_Buffer
                0x08006df8       0x4a /tmp/ccU86ilF.ltrans6.ltrans.o
                0x08006df8                Get_From_Buffer
 .text.Add_To_Buffer
                0x08006e42       0x56 /tmp/ccU86ilF.ltrans6.ltrans.o
                0x08006e42                Add_To_Buffer
 .text.unlikely.SCSI_ReadFormatCapacity_Cmd.part.0.lto_priv.88
                0x08006e98       0x24 /tmp/ccU86ilF.ltrans6.ltrans.o
                0x08006e98                SCSI_ReadCapacity10_Cmd.part.1.lto_priv.89
                0x08006e98                SCSI_TestUnitReady_Cmd.part.4.lto_priv.90
                0x08006e98                SCSI_ReadFormatCapacity_Cmd.part.0.lto_priv.88
 .text.unlikely.SCSI_Invalid_Cmd
                0x08006ebc       0x3c /tmp/ccU86ilF.ltrans6.ltrans.o
                0x08006ebc                SCSI_Invalid_Cmd
 .text.SCSI_Write10_Cmd
                0x08006ef8      0x164 /tmp/ccU86ilF.ltrans6.ltrans.o
                0x08006ef8                SCSI_Write10_Cmd
 .text.SCSI_Read10_Cmd
                0x0800705c       0x68 /tmp/ccU86ilF.ltrans6.ltrans.o
                0x0800705c                SCSI_Read10_Cmd
 .text.Resume   0x080070c4       0xa4 /tmp/ccU86ilF.ltrans6.ltrans.o
                0x080070c4                Resume
 .text.check_fs.lto_priv.82
                0x08007168       0x54 /tmp/ccU86ilF.ltrans7.ltrans.o
                0x08007168                check_fs.lto_priv.82
 .text.get_fileinfo.lto_priv.61
                0x080071bc      0x10c /tmp/ccU86ilF.ltrans7.ltrans.o
                0x080071bc                get_fileinfo.lto_priv.61
 .text.sum_sfn.lto_priv.81
                0x080072c8       0x1e /tmp/ccU86ilF.ltrans7.ltrans.o
                0x080072c8                sum_sfn.lto_priv.81
 .text.dir_sdi.lto_priv.55
                0x080072e6       0x84 /tmp/ccU86ilF.ltrans7.ltrans.o
                0x080072e6                dir_sdi.lto_priv.55
 *fill*         0x0800736a        0x2 
 .text.follow_path.lto_priv.57
                0x0800736c      0x2e4 /tmp/ccU86ilF.ltrans7.ltrans.o
                0x0800736c                follow_path.lto_priv.57
 .text.create_chain.lto_priv.68
                0x08007650       0x9a /tmp/ccU86ilF.ltrans7.ltrans.o
                0x08007650                create_chain.lto_priv.68
 .text.dir_next.lto_priv.59
                0x080076ea      0x100 /tmp/ccU86ilF.ltrans7.ltrans.o
                0x080076ea                dir_next.lto_priv.59
 *fill*         0x080077ea        0x2 
 .text.dir_register.lto_priv.69
                0x080077ec      0x24c /tmp/ccU86ilF.ltrans7.ltrans.o
                0x080077ec                dir_register.lto_priv.69
 .text.dir_read.lto_priv.54
                0x08007a38       0xfc /tmp/ccU86ilF.ltrans7.ltrans.o
                0x08007a38                dir_read.lto_priv.54
 .text.remove_chain.lto_priv.53
                0x08007b34       0x54 /tmp/ccU86ilF.ltrans7.ltrans.o
                0x08007b34                remove_chain.lto_priv.53
 .text.atoiRamRom
                0x08007b88       0x24 /tmp/ccU86ilF.ltrans8.ltrans.o
 .text.rprintfChar
                0x08007bac       0x20 /tmp/ccU86ilF.ltrans8.ltrans.o
 .text.RN42_generate_packet
                0x08007bcc       0xbc /tmp/ccU86ilF.ltrans8.ltrans.o
                0x08007bcc                RN42_generate_packet
 .text.stm32_dma_transfer
                0x08007c88       0xc8 /tmp/ccU86ilF.ltrans8.ltrans.o
 .text.xmit_datablock.part.1
                0x08007d50       0x2c /tmp/ccU86ilF.ltrans8.ltrans.o
 .text.SP1ML_command
                0x08007d7c       0xb8 /tmp/ccU86ilF.ltrans8.ltrans.o
                0x08007d7c                SP1ML_command
 .text.update_rtc_timestamp
                0x08007e34       0x2a /tmp/ccU86ilF.ltrans8.ltrans.o
                0x08007e34                update_rtc_timestamp
 *fill*         0x08007e5e        0x2 
 .text.set_rtc_correction
                0x08007e60       0x50 /tmp/ccU86ilF.ltrans8.ltrans.o
                0x08007e60                set_rtc_correction
 .text.rprintf2RamRom
                0x08007eb0      0x414 /tmp/ccU86ilF.ltrans8.ltrans.o
                0x08007eb0                rprintf2RamRom
 .text.rcvr_datablock
                0x080082c4       0x54 /tmp/ccU86ilF.ltrans8.ltrans.o
                0x080082c4                rcvr_datablock
 .text.release_spi
                0x08008318       0x18 /tmp/ccU86ilF.ltrans8.ltrans.o
                0x08008318                release_spi
 .text.wait_ready.lto_priv.86
                0x08008330       0x20 /tmp/ccU86ilF.ltrans8.ltrans.o
                0x08008330                wait_ready.lto_priv.86
 .text.send_cmd
                0x08008350       0x94 /tmp/ccU86ilF.ltrans8.ltrans.o
                0x08008350                send_cmd
 .text.disk_write
                0x080083e4       0xc4 /tmp/ccU86ilF.ltrans8.ltrans.o
                0x080083e4                disk_write
 .text.disk_read
                0x080084a8       0x94 /tmp/ccU86ilF.ltrans8.ltrans.o
                0x080084a8                disk_read
 .text.disk_initialize
                0x0800853c      0x218 /tmp/ccU86ilF.ltrans8.ltrans.o
                0x0800853c                disk_initialize
 .text.Get_UBX_Ack.constprop.8
                0x08008754      0x180 /tmp/ccU86ilF.ltrans9.ltrans.o
 .text.USART2_reconf.constprop.7
                0x080088d4       0x54 /tmp/ccU86ilF.ltrans9.ltrans.o
 .text.vector_by_matrix.constprop.30
                0x08008928       0x50 /tmp/ccU86ilF.ltrans9.ltrans.o
                0x08008928                vector_by_matrix.constprop.30
 .text.ads1298_wct_config.constprop.3
                0x08008978      0x134 /tmp/ccU86ilF.ltrans9.ltrans.o
                0x08008978                ads1298_wct_config.constprop.3
 .text.unlikely.ads1298_setup.constprop.2
                0x08008aac      0x398 /tmp/ccU86ilF.ltrans9.ltrans.o
                0x08008aac                ads1298_setup.constprop.2
 .text.Config_Gps
                0x08008e44      0x104 /tmp/ccU86ilF.ltrans9.ltrans.o
                0x08008e44                Config_Gps
 .text.Gps_DMA_Process
                0x08008f48      0x304 /tmp/ccU86ilF.ltrans9.ltrans.o
                0x08008f48                Gps_DMA_Process
 .text.check_lsm9ds1_functionality.part.0.lto_priv.67
                0x0800924c      0x194 /tmp/ccU86ilF.ltrans9.ltrans.o
                0x0800924c                check_lsm9ds1_functionality.part.0.lto_priv.67
 .text.configure_i2c_buffers
                0x080093e0       0xdc /tmp/ccU86ilF.ltrans9.ltrans.o
                0x080093e0                configure_i2c_buffers
 .text.EXTI9_5_IRQHandler
                0x080094bc       0x34 /tmp/ccU86ilF.ltrans9.ltrans.o
                0x080094bc                EXTI9_5_IRQHandler
 .text.__usart_send_char
                0x080094f0       0x5c /tmp/ccU86ilF.ltrans10.ltrans.o
                0x080094f0                __usart_send_char
 .text.__gps_send_char
                0x0800954c       0x1c /tmp/ccU86ilF.ltrans10.ltrans.o
 .text.__str_print_char
                0x08009568       0x30 /tmp/ccU86ilF.ltrans10.ltrans.o
                0x08009568                __str_print_char
 .text.__fat_print_char
                0x08009598       0x20 /tmp/ccU86ilF.ltrans10.ltrans.o
                0x08009598                __fat_print_char
 .text.unlikely.ads1298_busy_wait_write
                0x080095b8       0x88 /tmp/ccU86ilF.ltrans10.ltrans.o
                0x080095b8                ads1298_busy_wait_write
 .text.__sp1ml_send_char
                0x08009640       0x38 /tmp/ccU86ilF.ltrans10.ltrans.o
                0x08009640                __sp1ml_send_char
 .text.USART3_IRQHandler
                0x08009678       0xb0 /tmp/ccU86ilF.ltrans10.ltrans.o
                0x08009678                USART3_IRQHandler
 .text.USART1_IRQHandler
                0x08009728       0x90 /tmp/ccU86ilF.ltrans10.ltrans.o
                0x08009728                USART1_IRQHandler
 .text.Gps_Send_Str
                0x080097b8       0x16 /tmp/ccU86ilF.ltrans10.ltrans.o
                0x080097b8                Gps_Send_Str
 .text.Gps_Send_Utf8
                0x080097ce       0x1e /tmp/ccU86ilF.ltrans10.ltrans.o
                0x080097ce                Gps_Send_Utf8
 .text.Usart3_Send_Str
                0x080097ec       0x28 /tmp/ccU86ilF.ltrans10.ltrans.o
                0x080097ec                Usart3_Send_Str
 .text.Usart_Send_Str
                0x08009814       0x16 /tmp/ccU86ilF.ltrans10.ltrans.o
                0x08009814                Usart_Send_Str
 *fill*         0x0800982a        0x2 
 .text.shutdown_filesystem
                0x0800982c      0x370 /tmp/ccU86ilF.ltrans10.ltrans.o
                0x0800982c                shutdown_filesystem
 .text.shutdown
                0x08009b9c       0x10 /tmp/ccU86ilF.ltrans10.ltrans.o
                0x08009b9c                shutdown
 .text.file_preallocation_control
                0x08009bac       0x44 /tmp/ccU86ilF.ltrans10.ltrans.o
                0x08009bac                file_preallocation_control
 .text          0x08009bf0       0x3c lib/ARM-GCC/startup_ARMCM3.o
                0x08009bf0                Reset_Handler
                0x08009c2a                EXTI2_IRQHandler
                0x08009c2a                DebugMon_Handler
                0x08009c2a                TIM1_CC_IRQHandler
                0x08009c2a                HardFault_Handler
                0x08009c2a                PVD_IRQHandler
                0x08009c2a                PendSV_Handler
                0x08009c2a                NMI_Handler
                0x08009c2a                EXTI3_IRQHandler
                0x08009c2a                I2C2_EV_IRQHandler
                0x08009c2a                UsageFault_Handler
                0x08009c2a                SPI1_IRQHandler
                0x08009c2a                TAMPER_IRQHandler
                0x08009c2a                RTC_IRQHandler
                0x08009c2a                DMA1_Channel7_IRQHandler
                0x08009c2a                CAN1_RX1_IRQHandler
                0x08009c2a                TIM4_IRQHandler
                0x08009c2a                DMA1_Channel6_IRQHandler
                0x08009c2a                TIM3_IRQHandler
                0x08009c2a                RCC_IRQHandler
                0x08009c2a                TIM1_TRG_COM_IRQHandler
                0x08009c2a                DMA1_Channel1_IRQHandler
                0x08009c2a                Default_Handler
                0x08009c2a                SPI2_IRQHandler
                0x08009c2a                MemManage_Handler
                0x08009c2a                SVC_Handler
                0x08009c2a                DMA1_Channel5_IRQHandler
                0x08009c2a                EXTI4_IRQHandler
                0x08009c2a                DMA1_Channel3_IRQHandler
                0x08009c2a                TIM1_UP_IRQHandler
                0x08009c2a                WWDG_IRQHandler
                0x08009c2a                TIM2_IRQHandler
                0x08009c2a                DEF_IRQHandler
                0x08009c2a                TIM1_BRK_IRQHandler
                0x08009c2a                EXTI1_IRQHandler
                0x08009c2a                RTCAlarm_IRQHandler
                0x08009c2a                USART2_IRQHandler
                0x08009c2a                I2C2_ER_IRQHandler
                0x08009c2a                DMA1_Channel2_IRQHandler
                0x08009c2a                CAN1_SCE_IRQHandler
                0x08009c2a                FLASH_IRQHandler
                0x08009c2a                BusFault_Handler
                0x08009c2a                USBWakeUp_IRQHandler
 .text.NVIC_PriorityGroupConfig
                0x08009c2c       0x14 lib/STM32F10x_StdPeriph_Driver/libstm32fw.a(misc.o)
                0x08009c2c                NVIC_PriorityGroupConfig
 .text.NVIC_Init
                0x08009c40       0x6c lib/STM32F10x_StdPeriph_Driver/libstm32fw.a(misc.o)
                0x08009c40                NVIC_Init
 .text.NVIC_SetVectorTable
                0x08009cac       0x14 lib/STM32F10x_StdPeriph_Driver/libstm32fw.a(misc.o)
                0x08009cac                NVIC_SetVectorTable
 .text.SysTick_CLKSourceConfig
                0x08009cc0       0x18 lib/STM32F10x_StdPeriph_Driver/libstm32fw.a(misc.o)
                0x08009cc0                SysTick_CLKSourceConfig
 .text.ADC_DeInit
                0x08009cd8       0x5c lib/STM32F10x_StdPeriph_Driver/libstm32fw.a(stm32f10x_adc.o)
                0x08009cd8                ADC_DeInit
 .text.ADC_Init
                0x08009d34       0x48 lib/STM32F10x_StdPeriph_Driver/libstm32fw.a(stm32f10x_adc.o)
                0x08009d34                ADC_Init
 .text.ADC_Cmd  0x08009d7c       0x12 lib/STM32F10x_StdPeriph_Driver/libstm32fw.a(stm32f10x_adc.o)
                0x08009d7c                ADC_Cmd
 .text.ADC_ITConfig
                0x08009d8e       0x12 lib/STM32F10x_StdPeriph_Driver/libstm32fw.a(stm32f10x_adc.o)
                0x08009d8e                ADC_ITConfig
 .text.ADC_ResetCalibration
                0x08009da0        0xa lib/STM32F10x_StdPeriph_Driver/libstm32fw.a(stm32f10x_adc.o)
                0x08009da0                ADC_ResetCalibration
 .text.ADC_GetResetCalibrationStatus
                0x08009daa        0x8 lib/STM32F10x_StdPeriph_Driver/libstm32fw.a(stm32f10x_adc.o)
                0x08009daa                ADC_GetResetCalibrationStatus
 .text.ADC_StartCalibration
                0x08009db2        0xa lib/STM32F10x_StdPeriph_Driver/libstm32fw.a(stm32f10x_adc.o)
                0x08009db2                ADC_StartCalibration
 .text.ADC_GetCalibrationStatus
                0x08009dbc        0x8 lib/STM32F10x_StdPeriph_Driver/libstm32fw.a(stm32f10x_adc.o)
                0x08009dbc                ADC_GetCalibrationStatus
 .text.ADC_SoftwareStartConvCmd
                0x08009dc4       0x12 lib/STM32F10x_StdPeriph_Driver/libstm32fw.a(stm32f10x_adc.o)
                0x08009dc4                ADC_SoftwareStartConvCmd
 .text.ADC_RegularChannelConfig
                0x08009dd6       0x84 lib/STM32F10x_StdPeriph_Driver/libstm32fw.a(stm32f10x_adc.o)
                0x08009dd6                ADC_RegularChannelConfig
 .text.ADC_GetConversionValue
                0x08009e5a        0x6 lib/STM32F10x_StdPeriph_Driver/libstm32fw.a(stm32f10x_adc.o)
                0x08009e5a                ADC_GetConversionValue
 .text.ADC_ExternalTrigInjectedConvConfig
                0x08009e60        0xc lib/STM32F10x_StdPeriph_Driver/libstm32fw.a(stm32f10x_adc.o)
                0x08009e60                ADC_ExternalTrigInjectedConvConfig
 .text.ADC_SoftwareStartInjectedConvCmd
                0x08009e6c       0x12 lib/STM32F10x_StdPeriph_Driver/libstm32fw.a(stm32f10x_adc.o)
                0x08009e6c                ADC_SoftwareStartInjectedConvCmd
 .text.ADC_InjectedChannelConfig
                0x08009e7e       0x54 lib/STM32F10x_StdPeriph_Driver/libstm32fw.a(stm32f10x_adc.o)
                0x08009e7e                ADC_InjectedChannelConfig
 .text.ADC_InjectedSequencerLengthConfig
                0x08009ed2       0x10 lib/STM32F10x_StdPeriph_Driver/libstm32fw.a(stm32f10x_adc.o)
                0x08009ed2                ADC_InjectedSequencerLengthConfig
 .text.ADC_GetInjectedConversionValue
                0x08009ee2       0x1a lib/STM32F10x_StdPeriph_Driver/libstm32fw.a(stm32f10x_adc.o)
                0x08009ee2                ADC_GetInjectedConversionValue
 .text.ADC_AnalogWatchdogCmd
                0x08009efc       0x10 lib/STM32F10x_StdPeriph_Driver/libstm32fw.a(stm32f10x_adc.o)
                0x08009efc                ADC_AnalogWatchdogCmd
 .text.ADC_AnalogWatchdogThresholdsConfig
                0x08009f0c        0x6 lib/STM32F10x_StdPeriph_Driver/libstm32fw.a(stm32f10x_adc.o)
                0x08009f0c                ADC_AnalogWatchdogThresholdsConfig
 .text.ADC_AnalogWatchdogSingleChannelConfig
                0x08009f12        0xc lib/STM32F10x_StdPeriph_Driver/libstm32fw.a(stm32f10x_adc.o)
                0x08009f12                ADC_AnalogWatchdogSingleChannelConfig
 .text.ADC_GetFlagStatus
                0x08009f1e        0xc lib/STM32F10x_StdPeriph_Driver/libstm32fw.a(stm32f10x_adc.o)
                0x08009f1e                ADC_GetFlagStatus
 .text.ADC_ClearFlag
                0x08009f2a        0x6 lib/STM32F10x_StdPeriph_Driver/libstm32fw.a(stm32f10x_adc.o)
                0x08009f2a                ADC_ClearFlag
 .text.ADC_GetITStatus
                0x08009f30       0x16 lib/STM32F10x_StdPeriph_Driver/libstm32fw.a(stm32f10x_adc.o)
                0x08009f30                ADC_GetITStatus
 .text.ADC_ClearITPendingBit
                0x08009f46        0x8 lib/STM32F10x_StdPeriph_Driver/libstm32fw.a(stm32f10x_adc.o)
                0x08009f46                ADC_ClearITPendingBit
 .text.BKP_DeInit
                0x08009f4e       0x12 lib/STM32F10x_StdPeriph_Driver/libstm32fw.a(stm32f10x_bkp.o)
                0x08009f4e                BKP_DeInit
 .text.BKP_RTCOutputConfig
                0x08009f60       0x18 lib/STM32F10x_StdPeriph_Driver/libstm32fw.a(stm32f10x_bkp.o)
                0x08009f60                BKP_RTCOutputConfig
 .text.BKP_SetRTCCalibrationValue
                0x08009f78       0x18 lib/STM32F10x_StdPeriph_Driver/libstm32fw.a(stm32f10x_bkp.o)
                0x08009f78                BKP_SetRTCCalibrationValue
 .text.BKP_WriteBackupRegister
                0x08009f90       0x1c lib/STM32F10x_StdPeriph_Driver/libstm32fw.a(stm32f10x_bkp.o)
                0x08009f90                BKP_WriteBackupRegister
 .text.BKP_ReadBackupRegister
                0x08009fac       0x20 lib/STM32F10x_StdPeriph_Driver/libstm32fw.a(stm32f10x_bkp.o)
                0x08009fac                BKP_ReadBackupRegister
 .text.DBGMCU_Config
                0x08009fcc       0x18 lib/STM32F10x_StdPeriph_Driver/libstm32fw.a(stm32f10x_dbgmcu.o)
                0x08009fcc                DBGMCU_Config
 .text.DMA_DeInit
                0x08009fe4       0xf0 lib/STM32F10x_StdPeriph_Driver/libstm32fw.a(stm32f10x_dma.o)
                0x08009fe4                DMA_DeInit
 .text.DMA_Init
                0x0800a0d4       0x3c lib/STM32F10x_StdPeriph_Driver/libstm32fw.a(stm32f10x_dma.o)
                0x0800a0d4                DMA_Init
 .text.DMA_Cmd  0x0800a110       0x12 lib/STM32F10x_StdPeriph_Driver/libstm32fw.a(stm32f10x_dma.o)
                0x0800a110                DMA_Cmd
 .text.DMA_ITConfig
                0x0800a122       0x10 lib/STM32F10x_StdPeriph_Driver/libstm32fw.a(stm32f10x_dma.o)
                0x0800a122                DMA_ITConfig
 .text.DMA_GetCurrDataCounter
                0x0800a132        0x6 lib/STM32F10x_StdPeriph_Driver/libstm32fw.a(stm32f10x_dma.o)
                0x0800a132                DMA_GetCurrDataCounter
 .text.DMA_GetFlagStatus
                0x0800a138       0x1c lib/STM32F10x_StdPeriph_Driver/libstm32fw.a(stm32f10x_dma.o)
                0x0800a138                DMA_GetFlagStatus
 .text.DMA_ClearFlag
                0x0800a154       0x14 lib/STM32F10x_StdPeriph_Driver/libstm32fw.a(stm32f10x_dma.o)
                0x0800a154                DMA_ClearFlag
 .text.DMA_GetITStatus
                0x0800a168       0x1c lib/STM32F10x_StdPeriph_Driver/libstm32fw.a(stm32f10x_dma.o)
                0x0800a168                DMA_GetITStatus
 .text.DMA_ClearITPendingBit
                0x0800a184       0x14 lib/STM32F10x_StdPeriph_Driver/libstm32fw.a(stm32f10x_dma.o)
                0x0800a184                DMA_ClearITPendingBit
 .text.EXTI_DeInit
                0x0800a198       0x1c lib/STM32F10x_StdPeriph_Driver/libstm32fw.a(stm32f10x_exti.o)
                0x0800a198                EXTI_DeInit
 .text.EXTI_Init
                0x0800a1b4       0x88 lib/STM32F10x_StdPeriph_Driver/libstm32fw.a(stm32f10x_exti.o)
                0x0800a1b4                EXTI_Init
 .text.EXTI_GenerateSWInterrupt
                0x0800a23c       0x10 lib/STM32F10x_StdPeriph_Driver/libstm32fw.a(stm32f10x_exti.o)
                0x0800a23c                EXTI_GenerateSWInterrupt
 .text.EXTI_GetITStatus
                0x0800a24c       0x1c lib/STM32F10x_StdPeriph_Driver/libstm32fw.a(stm32f10x_exti.o)
                0x0800a24c                EXTI_GetITStatus
 .text.EXTI_ClearITPendingBit
                0x0800a268        0xc lib/STM32F10x_StdPeriph_Driver/libstm32fw.a(stm32f10x_exti.o)
                0x0800a268                EXTI_ClearITPendingBit
 .text.GPIO_Init
                0x0800a274       0x90 lib/STM32F10x_StdPeriph_Driver/libstm32fw.a(stm32f10x_gpio.o)
                0x0800a274                GPIO_Init
 .text.GPIO_StructInit
                0x0800a304       0x10 lib/STM32F10x_StdPeriph_Driver/libstm32fw.a(stm32f10x_gpio.o)
                0x0800a304                GPIO_StructInit
 .text.GPIO_ReadInputDataBit
                0x0800a314        0xc lib/STM32F10x_StdPeriph_Driver/libstm32fw.a(stm32f10x_gpio.o)
                0x0800a314                GPIO_ReadInputDataBit
 .text.GPIO_SetBits
                0x0800a320        0x4 lib/STM32F10x_StdPeriph_Driver/libstm32fw.a(stm32f10x_gpio.o)
                0x0800a320                GPIO_SetBits
 .text.GPIO_ResetBits
                0x0800a324        0x4 lib/STM32F10x_StdPeriph_Driver/libstm32fw.a(stm32f10x_gpio.o)
                0x0800a324                GPIO_ResetBits
 .text.GPIO_WriteBit
                0x0800a328        0xa lib/STM32F10x_StdPeriph_Driver/libstm32fw.a(stm32f10x_gpio.o)
                0x0800a328                GPIO_WriteBit
 *fill*         0x0800a332        0x2 
 .text.GPIO_PinRemapConfig
                0x0800a334       0x54 lib/STM32F10x_StdPeriph_Driver/libstm32fw.a(stm32f10x_gpio.o)
                0x0800a334                GPIO_PinRemapConfig
 .text.GPIO_EXTILineConfig
                0x0800a388       0x2a lib/STM32F10x_StdPeriph_Driver/libstm32fw.a(stm32f10x_gpio.o)
                0x0800a388                GPIO_EXTILineConfig
 *fill*         0x0800a3b2        0x2 
 .text.I2C_DeInit
                0x0800a3b4       0x34 lib/STM32F10x_StdPeriph_Driver/libstm32fw.a(stm32f10x_i2c.o)
                0x0800a3b4                I2C_DeInit
 .text.I2C_Init
                0x0800a3e8       0xd4 lib/STM32F10x_StdPeriph_Driver/libstm32fw.a(stm32f10x_i2c.o)
                0x0800a3e8                I2C_Init
 .text.I2C_Cmd  0x0800a4bc       0x18 lib/STM32F10x_StdPeriph_Driver/libstm32fw.a(stm32f10x_i2c.o)
                0x0800a4bc                I2C_Cmd
 .text.I2C_GenerateSTART
                0x0800a4d4       0x18 lib/STM32F10x_StdPeriph_Driver/libstm32fw.a(stm32f10x_i2c.o)
                0x0800a4d4                I2C_GenerateSTART
 .text.I2C_GenerateSTOP
                0x0800a4ec       0x18 lib/STM32F10x_StdPeriph_Driver/libstm32fw.a(stm32f10x_i2c.o)
                0x0800a4ec                I2C_GenerateSTOP
 .text.I2C_AcknowledgeConfig
                0x0800a504       0x18 lib/STM32F10x_StdPeriph_Driver/libstm32fw.a(stm32f10x_i2c.o)
                0x0800a504                I2C_AcknowledgeConfig
 .text.I2C_ITConfig
                0x0800a51c       0x12 lib/STM32F10x_StdPeriph_Driver/libstm32fw.a(stm32f10x_i2c.o)
                0x0800a51c                I2C_ITConfig
 .text.I2C_SendData
                0x0800a52e        0x4 lib/STM32F10x_StdPeriph_Driver/libstm32fw.a(stm32f10x_i2c.o)
                0x0800a52e                I2C_SendData
 .text.I2C_ReceiveData
                0x0800a532        0x6 lib/STM32F10x_StdPeriph_Driver/libstm32fw.a(stm32f10x_i2c.o)
                0x0800a532                I2C_ReceiveData
 .text.I2C_Send7bitAddress
                0x0800a538       0x12 lib/STM32F10x_StdPeriph_Driver/libstm32fw.a(stm32f10x_i2c.o)
                0x0800a538                I2C_Send7bitAddress
 .text.I2C_SoftwareResetCmd
                0x0800a54a       0x18 lib/STM32F10x_StdPeriph_Driver/libstm32fw.a(stm32f10x_i2c.o)
                0x0800a54a                I2C_SoftwareResetCmd
 *fill*         0x0800a562        0x2 
 .text.IWDG_WriteAccessCmd
                0x0800a564        0xc lib/STM32F10x_StdPeriph_Driver/libstm32fw.a(stm32f10x_iwdg.o)
                0x0800a564                IWDG_WriteAccessCmd
 .text.IWDG_SetPrescaler
                0x0800a570        0xc lib/STM32F10x_StdPeriph_Driver/libstm32fw.a(stm32f10x_iwdg.o)
                0x0800a570                IWDG_SetPrescaler
 .text.IWDG_SetReload
                0x0800a57c        0xc lib/STM32F10x_StdPeriph_Driver/libstm32fw.a(stm32f10x_iwdg.o)
                0x0800a57c                IWDG_SetReload
 .text.IWDG_ReloadCounter
                0x0800a588       0x10 lib/STM32F10x_StdPeriph_Driver/libstm32fw.a(stm32f10x_iwdg.o)
                0x0800a588                IWDG_ReloadCounter
 .text.IWDG_Enable
                0x0800a598       0x10 lib/STM32F10x_StdPeriph_Driver/libstm32fw.a(stm32f10x_iwdg.o)
                0x0800a598                IWDG_Enable
 .text.PWR_DeInit
                0x0800a5a8       0x1a lib/STM32F10x_StdPeriph_Driver/libstm32fw.a(stm32f10x_pwr.o)
                0x0800a5a8                PWR_DeInit
 *fill*         0x0800a5c2        0x2 
 .text.PWR_BackupAccessCmd
                0x0800a5c4        0xc lib/STM32F10x_StdPeriph_Driver/libstm32fw.a(stm32f10x_pwr.o)
                0x0800a5c4                PWR_BackupAccessCmd
 .text.PWR_WakeUpPinCmd
                0x0800a5d0        0xc lib/STM32F10x_StdPeriph_Driver/libstm32fw.a(stm32f10x_pwr.o)
                0x0800a5d0                PWR_WakeUpPinCmd
 .text.PWR_EnterSTANDBYMode
                0x0800a5dc       0x28 lib/STM32F10x_StdPeriph_Driver/libstm32fw.a(stm32f10x_pwr.o)
                0x0800a5dc                PWR_EnterSTANDBYMode
 .text.RCC_HCLKConfig
                0x0800a604       0x14 lib/STM32F10x_StdPeriph_Driver/libstm32fw.a(stm32f10x_rcc.o)
                0x0800a604                RCC_HCLKConfig
 .text.RCC_USBCLKConfig
                0x0800a618        0xc lib/STM32F10x_StdPeriph_Driver/libstm32fw.a(stm32f10x_rcc.o)
                0x0800a618                RCC_USBCLKConfig
 .text.RCC_ADCCLKConfig
                0x0800a624       0x14 lib/STM32F10x_StdPeriph_Driver/libstm32fw.a(stm32f10x_rcc.o)
                0x0800a624                RCC_ADCCLKConfig
 .text.RCC_LSEConfig
                0x0800a638       0x20 lib/STM32F10x_StdPeriph_Driver/libstm32fw.a(stm32f10x_rcc.o)
                0x0800a638                RCC_LSEConfig
 .text.RCC_RTCCLKConfig
                0x0800a658       0x10 lib/STM32F10x_StdPeriph_Driver/libstm32fw.a(stm32f10x_rcc.o)
                0x0800a658                RCC_RTCCLKConfig
 .text.RCC_RTCCLKCmd
                0x0800a668        0xc lib/STM32F10x_StdPeriph_Driver/libstm32fw.a(stm32f10x_rcc.o)
                0x0800a668                RCC_RTCCLKCmd
 .text.RCC_GetClocksFreq
                0x0800a674       0x94 lib/STM32F10x_StdPeriph_Driver/libstm32fw.a(stm32f10x_rcc.o)
                0x0800a674                RCC_GetClocksFreq
 .text.RCC_AHBPeriphClockCmd
                0x0800a708       0x18 lib/STM32F10x_StdPeriph_Driver/libstm32fw.a(stm32f10x_rcc.o)
                0x0800a708                RCC_AHBPeriphClockCmd
 .text.RCC_APB2PeriphClockCmd
                0x0800a720       0x18 lib/STM32F10x_StdPeriph_Driver/libstm32fw.a(stm32f10x_rcc.o)
                0x0800a720                RCC_APB2PeriphClockCmd
 .text.RCC_APB1PeriphClockCmd
                0x0800a738       0x18 lib/STM32F10x_StdPeriph_Driver/libstm32fw.a(stm32f10x_rcc.o)
                0x0800a738                RCC_APB1PeriphClockCmd
 .text.RCC_APB2PeriphResetCmd
                0x0800a750       0x18 lib/STM32F10x_StdPeriph_Driver/libstm32fw.a(stm32f10x_rcc.o)
                0x0800a750                RCC_APB2PeriphResetCmd
 .text.RCC_APB1PeriphResetCmd
                0x0800a768       0x18 lib/STM32F10x_StdPeriph_Driver/libstm32fw.a(stm32f10x_rcc.o)
                0x0800a768                RCC_APB1PeriphResetCmd
 .text.RCC_BackupResetCmd
                0x0800a780        0xc lib/STM32F10x_StdPeriph_Driver/libstm32fw.a(stm32f10x_rcc.o)
                0x0800a780                RCC_BackupResetCmd
 .text.RCC_GetFlagStatus
                0x0800a78c       0x28 lib/STM32F10x_StdPeriph_Driver/libstm32fw.a(stm32f10x_rcc.o)
                0x0800a78c                RCC_GetFlagStatus
 .text.RTC_EnterConfigMode
                0x0800a7b4       0x14 lib/STM32F10x_StdPeriph_Driver/libstm32fw.a(stm32f10x_rtc.o)
                0x0800a7b4                RTC_EnterConfigMode
 .text.RTC_ExitConfigMode
                0x0800a7c8       0x14 lib/STM32F10x_StdPeriph_Driver/libstm32fw.a(stm32f10x_rtc.o)
                0x0800a7c8                RTC_ExitConfigMode
 .text.RTC_GetCounter
                0x0800a7dc       0x14 lib/STM32F10x_StdPeriph_Driver/libstm32fw.a(stm32f10x_rtc.o)
                0x0800a7dc                RTC_GetCounter
 .text.RTC_SetCounter
                0x0800a7f0       0x20 lib/STM32F10x_StdPeriph_Driver/libstm32fw.a(stm32f10x_rtc.o)
                0x0800a7f0                RTC_SetCounter
 .text.RTC_SetPrescaler
                0x0800a810       0x20 lib/STM32F10x_StdPeriph_Driver/libstm32fw.a(stm32f10x_rtc.o)
                0x0800a810                RTC_SetPrescaler
 .text.RTC_WaitForLastTask
                0x0800a830       0x10 lib/STM32F10x_StdPeriph_Driver/libstm32fw.a(stm32f10x_rtc.o)
                0x0800a830                RTC_WaitForLastTask
 .text.RTC_WaitForSynchro
                0x0800a840       0x1c lib/STM32F10x_StdPeriph_Driver/libstm32fw.a(stm32f10x_rtc.o)
                0x0800a840                RTC_WaitForSynchro
 .text.SPI_Init
                0x0800a85c       0x3e lib/STM32F10x_StdPeriph_Driver/libstm32fw.a(stm32f10x_spi.o)
                0x0800a85c                SPI_Init
 .text.SPI_StructInit
                0x0800a89a       0x18 lib/STM32F10x_StdPeriph_Driver/libstm32fw.a(stm32f10x_spi.o)
                0x0800a89a                SPI_StructInit
 .text.SPI_Cmd  0x0800a8b2       0x18 lib/STM32F10x_StdPeriph_Driver/libstm32fw.a(stm32f10x_spi.o)
                0x0800a8b2                SPI_Cmd
 .text.SPI_I2S_DMACmd
                0x0800a8ca       0x12 lib/STM32F10x_StdPeriph_Driver/libstm32fw.a(stm32f10x_spi.o)
                0x0800a8ca                SPI_I2S_DMACmd
 .text.SPI_I2S_SendData
                0x0800a8dc        0x4 lib/STM32F10x_StdPeriph_Driver/libstm32fw.a(stm32f10x_spi.o)
                0x0800a8dc                SPI_I2S_SendData
 .text.SPI_I2S_ReceiveData
                0x0800a8e0        0x6 lib/STM32F10x_StdPeriph_Driver/libstm32fw.a(stm32f10x_spi.o)
                0x0800a8e0                SPI_I2S_ReceiveData
 .text.SPI_CalculateCRC
                0x0800a8e6       0x18 lib/STM32F10x_StdPeriph_Driver/libstm32fw.a(stm32f10x_spi.o)
                0x0800a8e6                SPI_CalculateCRC
 .text.SPI_I2S_GetFlagStatus
                0x0800a8fe        0xc lib/STM32F10x_StdPeriph_Driver/libstm32fw.a(stm32f10x_spi.o)
                0x0800a8fe                SPI_I2S_GetFlagStatus
 *fill*         0x0800a90a        0x2 
 .text.TIM_DeInit
                0x0800a90c       0xc8 lib/STM32F10x_StdPeriph_Driver/libstm32fw.a(stm32f10x_tim.o)
                0x0800a90c                TIM_DeInit
 .text.TIM_TimeBaseInit
                0x0800a9d4       0x3c lib/STM32F10x_StdPeriph_Driver/libstm32fw.a(stm32f10x_tim.o)
                0x0800a9d4                TIM_TimeBaseInit
 .text.TIM_OC4Init
                0x0800aa10       0x68 lib/STM32F10x_StdPeriph_Driver/libstm32fw.a(stm32f10x_tim.o)
                0x0800aa10                TIM_OC4Init
 .text.TIM_Cmd  0x0800aa78       0x18 lib/STM32F10x_StdPeriph_Driver/libstm32fw.a(stm32f10x_tim.o)
                0x0800aa78                TIM_Cmd
 .text.TIM_OC4PreloadConfig
                0x0800aa90       0x14 lib/STM32F10x_StdPeriph_Driver/libstm32fw.a(stm32f10x_tim.o)
                0x0800aa90                TIM_OC4PreloadConfig
 .text.USART_DeInit
                0x0800aaa4       0x98 lib/STM32F10x_StdPeriph_Driver/libstm32fw.a(stm32f10x_usart.o)
                0x0800aaa4                USART_DeInit
 .text.USART_Init
                0x0800ab3c       0x88 lib/STM32F10x_StdPeriph_Driver/libstm32fw.a(stm32f10x_usart.o)
                0x0800ab3c                USART_Init
 .text.USART_Cmd
                0x0800abc4       0x18 lib/STM32F10x_StdPeriph_Driver/libstm32fw.a(stm32f10x_usart.o)
                0x0800abc4                USART_Cmd
 .text.USART_ITConfig
                0x0800abdc       0x32 lib/STM32F10x_StdPeriph_Driver/libstm32fw.a(stm32f10x_usart.o)
                0x0800abdc                USART_ITConfig
 .text.USART_DMACmd
                0x0800ac0e       0x12 lib/STM32F10x_StdPeriph_Driver/libstm32fw.a(stm32f10x_usart.o)
                0x0800ac0e                USART_DMACmd
 .text.USART_SendData
                0x0800ac20        0x8 lib/STM32F10x_StdPeriph_Driver/libstm32fw.a(stm32f10x_usart.o)
                0x0800ac20                USART_SendData
 .text.USART_ReceiveData
                0x0800ac28        0x8 lib/STM32F10x_StdPeriph_Driver/libstm32fw.a(stm32f10x_usart.o)
                0x0800ac28                USART_ReceiveData
 .text.USART_GetFlagStatus
                0x0800ac30        0xc lib/STM32F10x_StdPeriph_Driver/libstm32fw.a(stm32f10x_usart.o)
                0x0800ac30                USART_GetFlagStatus
 .text.USART_GetITStatus
                0x0800ac3c       0x3e lib/STM32F10x_StdPeriph_Driver/libstm32fw.a(stm32f10x_usart.o)
                0x0800ac3c                USART_GetITStatus
 .text.USART_ClearITPendingBit
                0x0800ac7a        0xe lib/STM32F10x_StdPeriph_Driver/libstm32fw.a(stm32f10x_usart.o)
                0x0800ac7a                USART_ClearITPendingBit
 .text.Standard_GetConfiguration
                0x0800ac88       0x24 lib/STM32_USB-FS-Device_Driver/libstm32usb.a(usb_core.o)
                0x0800ac88                Standard_GetConfiguration
 .text.Standard_GetInterface
                0x0800acac       0x24 lib/STM32_USB-FS-Device_Driver/libstm32usb.a(usb_core.o)
                0x0800acac                Standard_GetInterface
 .text.Standard_GetStatus
                0x0800acd0       0x90 lib/STM32_USB-FS-Device_Driver/libstm32usb.a(usb_core.o)
                0x0800acd0                Standard_GetStatus
 .text.DataStageIn
                0x0800ad60       0xac lib/STM32_USB-FS-Device_Driver/libstm32usb.a(usb_core.o)
 .text.Standard_SetConfiguration
                0x0800ae0c       0x38 lib/STM32_USB-FS-Device_Driver/libstm32usb.a(usb_core.o)
                0x0800ae0c                Standard_SetConfiguration
 .text.Standard_SetInterface
                0x0800ae44       0x48 lib/STM32_USB-FS-Device_Driver/libstm32usb.a(usb_core.o)
                0x0800ae44                Standard_SetInterface
 .text.Standard_ClearFeature
                0x0800ae8c       0xd8 lib/STM32_USB-FS-Device_Driver/libstm32usb.a(usb_core.o)
                0x0800ae8c                Standard_ClearFeature
 .text.Standard_SetEndPointFeature
                0x0800af64       0x8c lib/STM32_USB-FS-Device_Driver/libstm32usb.a(usb_core.o)
                0x0800af64                Standard_SetEndPointFeature
 .text.Standard_SetDeviceFeature
                0x0800aff0       0x24 lib/STM32_USB-FS-Device_Driver/libstm32usb.a(usb_core.o)
                0x0800aff0                Standard_SetDeviceFeature
 .text.Standard_GetDescriptorData
                0x0800b014       0x1c lib/STM32_USB-FS-Device_Driver/libstm32usb.a(usb_core.o)
                0x0800b014                Standard_GetDescriptorData
 .text.Post0_Process
                0x0800b030       0x44 lib/STM32_USB-FS-Device_Driver/libstm32usb.a(usb_core.o)
                0x0800b030                Post0_Process
 .text.Setup0_Process
                0x0800b074      0x2dc lib/STM32_USB-FS-Device_Driver/libstm32usb.a(usb_core.o)
                0x0800b074                Setup0_Process
 .text.Out0_Process
                0x0800b350       0xcc lib/STM32_USB-FS-Device_Driver/libstm32usb.a(usb_core.o)
                0x0800b350                Out0_Process
 .text.SetDeviceAddress
                0x0800b41c       0x40 lib/STM32_USB-FS-Device_Driver/libstm32usb.a(usb_core.o)
                0x0800b41c                SetDeviceAddress
 .text.In0_Process
                0x0800b45c       0x5c lib/STM32_USB-FS-Device_Driver/libstm32usb.a(usb_core.o)
                0x0800b45c                In0_Process
 .text.NOP_Process
                0x0800b4b8        0x2 lib/STM32_USB-FS-Device_Driver/libstm32usb.a(usb_core.o)
                0x0800b4b8                NOP_Process
 *fill*         0x0800b4ba        0x2 
 .text.USB_Init
                0x0800b4bc       0x34 lib/STM32_USB-FS-Device_Driver/libstm32usb.a(usb_init.o)
                0x0800b4bc                USB_Init
 .text.CTR_LP   0x0800b4f0      0x170 lib/STM32_USB-FS-Device_Driver/libstm32usb.a(usb_int.o)
                0x0800b4f0                CTR_LP
 .text.CTR_HP   0x0800b660       0x74 lib/STM32_USB-FS-Device_Driver/libstm32usb.a(usb_int.o)
                0x0800b660                CTR_HP
 .text.UserToPMABufferCopy
                0x0800b6d4       0x30 lib/STM32_USB-FS-Device_Driver/libstm32usb.a(usb_mem.o)
                0x0800b6d4                UserToPMABufferCopy
 .text.PMAToUserBufferCopy
                0x0800b704       0x24 lib/STM32_USB-FS-Device_Driver/libstm32usb.a(usb_mem.o)
                0x0800b704                PMAToUserBufferCopy
 .text.SetBTABLE
                0x0800b728       0x10 lib/STM32_USB-FS-Device_Driver/libstm32usb.a(usb_regs.o)
                0x0800b728                SetBTABLE
 .text.SetEPType
                0x0800b738       0x1c lib/STM32_USB-FS-Device_Driver/libstm32usb.a(usb_regs.o)
                0x0800b738                SetEPType
 .text.SetEPTxStatus
                0x0800b754       0x32 lib/STM32_USB-FS-Device_Driver/libstm32usb.a(usb_regs.o)
                0x0800b754                SetEPTxStatus
 .text.SetEPRxStatus
                0x0800b786       0x32 lib/STM32_USB-FS-Device_Driver/libstm32usb.a(usb_regs.o)
                0x0800b786                SetEPRxStatus
 .text.SetEPRxValid
                0x0800b7b8       0x26 lib/STM32_USB-FS-Device_Driver/libstm32usb.a(usb_regs.o)
                0x0800b7b8                SetEPRxValid
 .text.Clear_Status_Out
                0x0800b7de       0x20 lib/STM32_USB-FS-Device_Driver/libstm32usb.a(usb_regs.o)
                0x0800b7de                Clear_Status_Out
 .text.ClearDTOG_RX
                0x0800b7fe       0x26 lib/STM32_USB-FS-Device_Driver/libstm32usb.a(usb_regs.o)
                0x0800b7fe                ClearDTOG_RX
 .text.ClearDTOG_TX
                0x0800b824       0x26 lib/STM32_USB-FS-Device_Driver/libstm32usb.a(usb_regs.o)
                0x0800b824                ClearDTOG_TX
 *fill*         0x0800b84a        0x2 
 .text.SetEPTxAddr
                0x0800b84c       0x20 lib/STM32_USB-FS-Device_Driver/libstm32usb.a(usb_regs.o)
                0x0800b84c                SetEPTxAddr
 .text.SetEPRxAddr
                0x0800b86c       0x20 lib/STM32_USB-FS-Device_Driver/libstm32usb.a(usb_regs.o)
                0x0800b86c                SetEPRxAddr
 .text.GetEPTxAddr
                0x0800b88c       0x20 lib/STM32_USB-FS-Device_Driver/libstm32usb.a(usb_regs.o)
                0x0800b88c                GetEPTxAddr
 .text.GetEPRxAddr
                0x0800b8ac       0x20 lib/STM32_USB-FS-Device_Driver/libstm32usb.a(usb_regs.o)
                0x0800b8ac                GetEPRxAddr
 .text.SetEPTxCount
                0x0800b8cc       0x1c lib/STM32_USB-FS-Device_Driver/libstm32usb.a(usb_regs.o)
                0x0800b8cc                SetEPTxCount
 .text.SetEPRxCount
                0x0800b8e8       0x40 lib/STM32_USB-FS-Device_Driver/libstm32usb.a(usb_regs.o)
                0x0800b8e8                SetEPRxCount
 .text.GetEPRxCount
                0x0800b928       0x20 lib/STM32_USB-FS-Device_Driver/libstm32usb.a(usb_regs.o)
                0x0800b928                GetEPRxCount
 .text.ByteSwap
                0x0800b948        0xa lib/STM32_USB-FS-Device_Driver/libstm32usb.a(usb_regs.o)
                0x0800b948                ByteSwap
 *fill*         0x0800b952        0x2 
 .text.USB_SIL_Init
                0x0800b954       0x20 lib/STM32_USB-FS-Device_Driver/libstm32usb.a(usb_sil.o)
                0x0800b954                USB_SIL_Init
 .text.USB_SIL_Write
                0x0800b974       0x28 lib/STM32_USB-FS-Device_Driver/libstm32usb.a(usb_sil.o)
                0x0800b974                USB_SIL_Write
 .text.USB_SIL_Read
                0x0800b99c       0x24 lib/STM32_USB-FS-Device_Driver/libstm32usb.a(usb_sil.o)
                0x0800b99c                USB_SIL_Read
 .text.exit     0x0800b9c0       0x28 /home/laurence/ARM-GCC/gcc-arm-none-eabi-5_3-2016q1/bin/../lib/gcc/arm-none-eabi/5.3.1/../../../../arm-none-eabi/lib/armv7-m/libc_nano.a(lib_a-exit.o)
                0x0800b9c0                exit
 .text.__libc_init_array
                0x0800b9e8       0x4c /home/laurence/ARM-GCC/gcc-arm-none-eabi-5_3-2016q1/bin/../lib/gcc/arm-none-eabi/5.3.1/../../../../arm-none-eabi/lib/armv7-m/libc_nano.a(lib_a-init.o)
                0x0800b9e8                __libc_init_array
 .text.memset   0x0800ba34       0x10 /home/laurence/ARM-GCC/gcc-arm-none-eabi-5_3-2016q1/bin/../lib/gcc/arm-none-eabi/5.3.1/../../../../arm-none-eabi/lib/armv7-m/libc_nano.a(lib_a-memset.o)
                0x0800ba34                memset
 .text.srand    0x0800ba44       0x50 /home/laurence/ARM-GCC/gcc-arm-none-eabi-5_3-2016q1/bin/../lib/gcc/arm-none-eabi/5.3.1/../../../../arm-none-eabi/lib/armv7-m/libc_nano.a(lib_a-rand.o)
                0x0800ba44                srand
 .text.rand     0x0800ba94       0x74 /home/laurence/ARM-GCC/gcc-arm-none-eabi-5_3-2016q1/bin/../lib/gcc/arm-none-eabi/5.3.1/../../../../arm-none-eabi/lib/armv7-m/libc_nano.a(lib_a-rand.o)
                0x0800ba94                rand
 .text.malloc   0x0800bb08       0x10 /home/laurence/ARM-GCC/gcc-arm-none-eabi-5_3-2016q1/bin/../lib/gcc/arm-none-eabi/5.3.1/../../../../arm-none-eabi/lib/armv7-m/libc_nano.a(lib_a-malloc.o)
                0x0800bb08                malloc
 .text._malloc_r
                0x0800bb18       0xa8 /home/laurence/ARM-GCC/gcc-arm-none-eabi-5_3-2016q1/bin/../lib/gcc/arm-none-eabi/5.3.1/../../../../arm-none-eabi/lib/armv7-m/libc_nano.a(lib_a-nano-mallocr.o)
                0x0800bb18                _malloc_r
 .text._sbrk_r  0x0800bbc0       0x20 /home/laurence/ARM-GCC/gcc-arm-none-eabi-5_3-2016q1/bin/../lib/gcc/arm-none-eabi/5.3.1/../../../../arm-none-eabi/lib/armv7-m/libc_nano.a(lib_a-sbrkr.o)
                0x0800bbc0                _sbrk_r
 .text._sbrk    0x0800bbe0       0x1c /home/laurence/ARM-GCC/gcc-arm-none-eabi-5_3-2016q1/bin/../lib/gcc/arm-none-eabi/5.3.1/../../../../arm-none-eabi/lib/armv7-m/libnosys.a(sbrk.o)
                0x0800bbe0                _sbrk
 .text._exit    0x0800bbfc        0x4 /home/laurence/ARM-GCC/gcc-arm-none-eabi-5_3-2016q1/bin/../lib/gcc/arm-none-eabi/5.3.1/../../../../arm-none-eabi/lib/armv7-m/libnosys.a(_exit.o)
                0x0800bbfc                _exit
 .text.roundf   0x0800bc00       0x48 /home/laurence/ARM-GCC/gcc-arm-none-eabi-5_3-2016q1/bin/../lib/gcc/arm-none-eabi/5.3.1/../../../../arm-none-eabi/lib/armv7-m/libm.a(lib_a-sf_round.o)
                0x0800bc00                roundf
 .text.sinf     0x0800bc48       0x7c /home/laurence/ARM-GCC/gcc-arm-none-eabi-5_3-2016q1/bin/../lib/gcc/arm-none-eabi/5.3.1/../../../../arm-none-eabi/lib/armv7-m/libm.a(lib_a-sf_sin.o)
                0x0800bc48                sinf
 .text.atan2    0x0800bcc4        0x4 /home/laurence/ARM-GCC/gcc-arm-none-eabi-5_3-2016q1/bin/../lib/gcc/arm-none-eabi/5.3.1/../../../../arm-none-eabi/lib/armv7-m/libm.a(lib_a-w_atan2.o)
                0x0800bcc4                atan2
 .text.acosf    0x0800bcc8       0xa4 /home/laurence/ARM-GCC/gcc-arm-none-eabi-5_3-2016q1/bin/../lib/gcc/arm-none-eabi/5.3.1/../../../../arm-none-eabi/lib/armv7-m/libm.a(lib_a-wf_acos.o)
                0x0800bcc8                acosf
 .text.atan2f   0x0800bd6c        0x4 /home/laurence/ARM-GCC/gcc-arm-none-eabi-5_3-2016q1/bin/../lib/gcc/arm-none-eabi/5.3.1/../../../../arm-none-eabi/lib/armv7-m/libm.a(lib_a-wf_atan2.o)
                0x0800bd6c                atan2f
 .text.sqrtf    0x0800bd70       0x9c /home/laurence/ARM-GCC/gcc-arm-none-eabi-5_3-2016q1/bin/../lib/gcc/arm-none-eabi/5.3.1/../../../../arm-none-eabi/lib/armv7-m/libm.a(lib_a-wf_sqrt.o)
                0x0800bd70                sqrtf
 *fill*         0x0800be0c        0x4 
 .text.__ieee754_atan2
                0x0800be10      0x194 /home/laurence/ARM-GCC/gcc-arm-none-eabi-5_3-2016q1/bin/../lib/gcc/arm-none-eabi/5.3.1/../../../../arm-none-eabi/lib/armv7-m/libm.a(lib_a-e_atan2.o)
                0x0800be10                __ieee754_atan2
 .text.__ieee754_acosf
                0x0800bfa4      0x2c8 /home/laurence/ARM-GCC/gcc-arm-none-eabi-5_3-2016q1/bin/../lib/gcc/arm-none-eabi/5.3.1/../../../../arm-none-eabi/lib/armv7-m/libm.a(lib_a-ef_acos.o)
                0x0800bfa4                __ieee754_acosf
 .text.__ieee754_atan2f
                0x0800c26c      0x124 /home/laurence/ARM-GCC/gcc-arm-none-eabi-5_3-2016q1/bin/../lib/gcc/arm-none-eabi/5.3.1/../../../../arm-none-eabi/lib/armv7-m/libm.a(lib_a-ef_atan2.o)
                0x0800c26c                __ieee754_atan2f
 .text.__ieee754_rem_pio2f
                0x0800c390      0x2e4 /home/laurence/ARM-GCC/gcc-arm-none-eabi-5_3-2016q1/bin/../lib/gcc/arm-none-eabi/5.3.1/../../../../arm-none-eabi/lib/armv7-m/libm.a(lib_a-ef_rem_pio2.o)
                0x0800c390                __ieee754_rem_pio2f
 .text.__ieee754_sqrtf
                0x0800c674       0xa8 /home/laurence/ARM-GCC/gcc-arm-none-eabi-5_3-2016q1/bin/../lib/gcc/arm-none-eabi/5.3.1/../../../../arm-none-eabi/lib/armv7-m/libm.a(lib_a-ef_sqrt.o)
                0x0800c674                __ieee754_sqrtf
 .text.__kernel_cosf
                0x0800c71c      0x188 /home/laurence/ARM-GCC/gcc-arm-none-eabi-5_3-2016q1/bin/../lib/gcc/arm-none-eabi/5.3.1/../../../../arm-none-eabi/lib/armv7-m/libm.a(lib_a-kf_cos.o)
                0x0800c71c                __kernel_cosf
 .text.__kernel_rem_pio2f
                0x0800c8a4      0x6a8 /home/laurence/ARM-GCC/gcc-arm-none-eabi-5_3-2016q1/bin/../lib/gcc/arm-none-eabi/5.3.1/../../../../arm-none-eabi/lib/armv7-m/libm.a(lib_a-kf_rem_pio2.o)
                0x0800c8a4                __kernel_rem_pio2f
 .text.__kernel_sinf
                0x0800cf4c       0xec /home/laurence/ARM-GCC/gcc-arm-none-eabi-5_3-2016q1/bin/../lib/gcc/arm-none-eabi/5.3.1/../../../../arm-none-eabi/lib/armv7-m/libm.a(lib_a-kf_sin.o)
                0x0800cf4c                __kernel_sinf
 .text.atan     0x0800d038      0x33c /home/laurence/ARM-GCC/gcc-arm-none-eabi-5_3-2016q1/bin/../lib/gcc/arm-none-eabi/5.3.1/../../../../arm-none-eabi/lib/armv7-m/libm.a(lib_a-s_atan.o)
                0x0800d038                atan
 .text.fabs     0x0800d374        0x8 /home/laurence/ARM-GCC/gcc-arm-none-eabi-5_3-2016q1/bin/../lib/gcc/arm-none-eabi/5.3.1/../../../../arm-none-eabi/lib/armv7-m/libm.a(lib_a-s_fabs.o)
                0x0800d374                fabs
 .text.matherr  0x0800d37c        0x4 /home/laurence/ARM-GCC/gcc-arm-none-eabi-5_3-2016q1/bin/../lib/gcc/arm-none-eabi/5.3.1/../../../../arm-none-eabi/lib/armv7-m/libm.a(lib_a-s_matherr.o)
                0x0800d37c                matherr
 .text.nan      0x0800d380        0xc /home/laurence/ARM-GCC/gcc-arm-none-eabi-5_3-2016q1/bin/../lib/gcc/arm-none-eabi/5.3.1/../../../../arm-none-eabi/lib/armv7-m/libm.a(lib_a-s_nan.o)
                0x0800d380                nan
 .text.atanf    0x0800d38c      0x22c /home/laurence/ARM-GCC/gcc-arm-none-eabi-5_3-2016q1/bin/../lib/gcc/arm-none-eabi/5.3.1/../../../../arm-none-eabi/lib/armv7-m/libm.a(lib_a-sf_atan.o)
                0x0800d38c                atanf
 .text.fabsf    0x0800d5b8        0x8 /home/laurence/ARM-GCC/gcc-arm-none-eabi-5_3-2016q1/bin/../lib/gcc/arm-none-eabi/5.3.1/../../../../arm-none-eabi/lib/armv7-m/libm.a(lib_a-sf_fabs.o)
                0x0800d5b8                fabsf
 .text.floorf   0x0800d5c0       0x8c /home/laurence/ARM-GCC/gcc-arm-none-eabi-5_3-2016q1/bin/../lib/gcc/arm-none-eabi/5.3.1/../../../../arm-none-eabi/lib/armv7-m/libm.a(lib_a-sf_floor.o)
                0x0800d5c0                floorf
 .text.scalbnf  0x0800d64c       0xb0 /home/laurence/ARM-GCC/gcc-arm-none-eabi-5_3-2016q1/bin/../lib/gcc/arm-none-eabi/5.3.1/../../../../arm-none-eabi/lib/armv7-m/libm.a(lib_a-sf_scalbn.o)
                0x0800d64c                scalbnf
 .text.copysignf
                0x0800d6fc        0xc /home/laurence/ARM-GCC/gcc-arm-none-eabi-5_3-2016q1/bin/../lib/gcc/arm-none-eabi/5.3.1/../../../../arm-none-eabi/lib/armv7-m/libm.a(lib_a-sf_copysign.o)
                0x0800d6fc                copysignf
 .text          0x0800d708      0x370 /home/laurence/ARM-GCC/gcc-arm-none-eabi-5_3-2016q1/bin/../lib/gcc/arm-none-eabi/5.3.1/armv7-m/libgcc.a(_arm_addsubdf3.o)
                0x0800d708                __aeabi_drsub
                0x0800d710                __aeabi_dsub
                0x0800d710                __subdf3
                0x0800d714                __adddf3
                0x0800d714                __aeabi_dadd
                0x0800d98c                __aeabi_ui2d
                0x0800d98c                __floatunsidf
                0x0800d9ac                __floatsidf
                0x0800d9ac                __aeabi_i2d
                0x0800d9d0                __extendsfdf2
                0x0800d9d0                __aeabi_f2d
                0x0800da0c                __aeabi_ul2d
                0x0800da0c                __floatundidf
                0x0800da1c                __floatdidf
                0x0800da1c                __aeabi_l2d
 .text          0x0800da78      0x424 /home/laurence/ARM-GCC/gcc-arm-none-eabi-5_3-2016q1/bin/../lib/gcc/arm-none-eabi/5.3.1/armv7-m/libgcc.a(_arm_muldivdf3.o)
                0x0800da78                __aeabi_dmul
                0x0800da78                __muldf3
                0x0800dccc                __aeabi_ddiv
                0x0800dccc                __divdf3
 .text          0x0800de9c      0x110 /home/laurence/ARM-GCC/gcc-arm-none-eabi-5_3-2016q1/bin/../lib/gcc/arm-none-eabi/5.3.1/armv7-m/libgcc.a(_arm_cmpdf2.o)
                0x0800de9c                __gtdf2
                0x0800de9c                __gedf2
                0x0800dea4                __ltdf2
                0x0800dea4                __ledf2
                0x0800deac                __cmpdf2
                0x0800deac                __eqdf2
                0x0800deac                __nedf2
                0x0800df28                __aeabi_cdrcmple
                0x0800df38                __aeabi_cdcmple
                0x0800df38                __aeabi_cdcmpeq
                0x0800df48                __aeabi_dcmpeq
                0x0800df5c                __aeabi_dcmplt
                0x0800df70                __aeabi_dcmple
                0x0800df84                __aeabi_dcmpge
                0x0800df98                __aeabi_dcmpgt
 .text          0x0800dfac       0x50 /home/laurence/ARM-GCC/gcc-arm-none-eabi-5_3-2016q1/bin/../lib/gcc/arm-none-eabi/5.3.1/armv7-m/libgcc.a(_arm_fixdfsi.o)
                0x0800dfac                __fixdfsi
                0x0800dfac                __aeabi_d2iz
 .text          0x0800dffc       0x40 /home/laurence/ARM-GCC/gcc-arm-none-eabi-5_3-2016q1/bin/../lib/gcc/arm-none-eabi/5.3.1/armv7-m/libgcc.a(_arm_fixunsdfsi.o)
                0x0800dffc                __fixunsdfsi
                0x0800dffc                __aeabi_d2uiz
 .text          0x0800e03c       0xa0 /home/laurence/ARM-GCC/gcc-arm-none-eabi-5_3-2016q1/bin/../lib/gcc/arm-none-eabi/5.3.1/armv7-m/libgcc.a(_arm_truncdfsf2.o)
                0x0800e03c                __aeabi_d2f
                0x0800e03c                __truncdfsf2
 .text          0x0800e0dc      0x21c /home/laurence/ARM-GCC/gcc-arm-none-eabi-5_3-2016q1/bin/../lib/gcc/arm-none-eabi/5.3.1/armv7-m/libgcc.a(_arm_addsubsf3.o)
                0x0800e0dc                __aeabi_frsub
                0x0800e0e4                __subsf3
                0x0800e0e4                __aeabi_fsub
                0x0800e0e8                __aeabi_fadd
                0x0800e0e8                __addsf3
                0x0800e248                __aeabi_ui2f
                0x0800e248                __floatunsisf
                0x0800e250                __aeabi_i2f
                0x0800e250                __floatsisf
                0x0800e26c                __floatundisf
                0x0800e26c                __aeabi_ul2f
                0x0800e27c                __floatdisf
                0x0800e27c                __aeabi_l2f
 .text          0x0800e2f8      0x2a0 /home/laurence/ARM-GCC/gcc-arm-none-eabi-5_3-2016q1/bin/../lib/gcc/arm-none-eabi/5.3.1/armv7-m/libgcc.a(_arm_muldivsf3.o)
                0x0800e2f8                __mulsf3
                0x0800e2f8                __aeabi_fmul
                0x0800e460                __divsf3
                0x0800e460                __aeabi_fdiv
 .text          0x0800e598       0xec /home/laurence/ARM-GCC/gcc-arm-none-eabi-5_3-2016q1/bin/../lib/gcc/arm-none-eabi/5.3.1/armv7-m/libgcc.a(_arm_cmpsf2.o)
                0x0800e598                __gtsf2
                0x0800e598                __gesf2
                0x0800e5a0                __lesf2
                0x0800e5a0                __ltsf2
                0x0800e5a8                __nesf2
                0x0800e5a8                __eqsf2
                0x0800e5a8                __cmpsf2
                0x0800e608                __aeabi_cfrcmple
                0x0800e610                __aeabi_cfcmple
                0x0800e610                __aeabi_cfcmpeq
                0x0800e620                __aeabi_fcmpeq
                0x0800e634                __aeabi_fcmplt
                0x0800e648                __aeabi_fcmple
                0x0800e65c                __aeabi_fcmpge
                0x0800e670                __aeabi_fcmpgt
 .text          0x0800e684       0x2c /home/laurence/ARM-GCC/gcc-arm-none-eabi-5_3-2016q1/bin/../lib/gcc/arm-none-eabi/5.3.1/armv7-m/libgcc.a(_arm_unordsf2.o)
                0x0800e684                __aeabi_fcmpun
                0x0800e684                __unordsf2
 .text          0x0800e6b0       0x4c /home/laurence/ARM-GCC/gcc-arm-none-eabi-5_3-2016q1/bin/../lib/gcc/arm-none-eabi/5.3.1/armv7-m/libgcc.a(_arm_fixsfsi.o)
                0x0800e6b0                __fixsfsi
                0x0800e6b0                __aeabi_f2iz
 .text          0x0800e6fc       0x40 /home/laurence/ARM-GCC/gcc-arm-none-eabi-5_3-2016q1/bin/../lib/gcc/arm-none-eabi/5.3.1/armv7-m/libgcc.a(_arm_fixunssfsi.o)
                0x0800e6fc                __aeabi_f2uiz
                0x0800e6fc                __fixunssfsi
 .text.__errno  0x0800e73c        0xc /home/laurence/ARM-GCC/gcc-arm-none-eabi-5_3-2016q1/bin/../lib/gcc/arm-none-eabi/5.3.1/../../../../arm-none-eabi/lib/armv7-m/libc_nano.a(lib_a-errno.o)
                0x0800e73c                __errno
 .text.memcmp   0x0800e748       0x1e /home/laurence/ARM-GCC/gcc-arm-none-eabi-5_3-2016q1/bin/../lib/gcc/arm-none-eabi/5.3.1/../../../../arm-none-eabi/lib/armv7-m/libc_nano.a(lib_a-memcmp.o)
                0x0800e748                memcmp
 .text.memcpy   0x0800e766       0x16 /home/laurence/ARM-GCC/gcc-arm-none-eabi-5_3-2016q1/bin/../lib/gcc/arm-none-eabi/5.3.1/../../../../arm-none-eabi/lib/armv7-m/libc_nano.a(lib_a-memcpy-stub.o)
                0x0800e766                memcpy
 .text.strcat   0x0800e77c       0x1e /home/laurence/ARM-GCC/gcc-arm-none-eabi-5_3-2016q1/bin/../lib/gcc/arm-none-eabi/5.3.1/../../../../arm-none-eabi/lib/armv7-m/libc_nano.a(lib_a-strcat.o)
                0x0800e77c                strcat
 .text.strcpy   0x0800e79a       0x10 /home/laurence/ARM-GCC/gcc-arm-none-eabi-5_3-2016q1/bin/../lib/gcc/arm-none-eabi/5.3.1/../../../../arm-none-eabi/lib/armv7-m/libc_nano.a(lib_a-strcpy.o)
                0x0800e79a                strcpy
 .text          0x0800e7aa       0x10 /home/laurence/ARM-GCC/gcc-arm-none-eabi-5_3-2016q1/bin/../lib/gcc/arm-none-eabi/5.3.1/../../../../arm-none-eabi/lib/armv7-m/libc_nano.a(lib_a-strlen.o)
                0x0800e7aa                strlen
 *(.init)
 *fill*         0x0800e7ba        0x2 
 .init          0x0800e7bc        0x4 /home/laurence/ARM-GCC/gcc-arm-none-eabi-5_3-2016q1/bin/../lib/gcc/arm-none-eabi/5.3.1/armv7-m/crti.o
                0x0800e7bc                _init
 .init          0x0800e7c0        0x8 /home/laurence/ARM-GCC/gcc-arm-none-eabi-5_3-2016q1/bin/../lib/gcc/arm-none-eabi/5.3.1/armv7-m/crtn.o
 *(.fini)
 .fini          0x0800e7c8        0x4 /home/laurence/ARM-GCC/gcc-arm-none-eabi-5_3-2016q1/bin/../lib/gcc/arm-none-eabi/5.3.1/armv7-m/crti.o
                0x0800e7c8                _fini
 .fini          0x0800e7cc        0x8 /home/laurence/ARM-GCC/gcc-arm-none-eabi-5_3-2016q1/bin/../lib/gcc/arm-none-eabi/5.3.1/armv7-m/crtn.o
 *crtbegin.o(.ctors)
 *crtbegin?.o(.ctors)
 *(EXCLUDE_FILE(*crtend.o *crtend?.o) .ctors)
 *(SORT(.ctors.*))
 *(.ctors)
 *crtbegin.o(.dtors)
 *crtbegin?.o(.dtors)
 *(EXCLUDE_FILE(*crtend.o *crtend?.o) .dtors)
 *(SORT(.dtors.*))
 *(.dtors)
 *(.rodata*)
 .rodata        0x0800e7d4        0xc /tmp/ccU86ilF.ltrans0.ltrans.o
                0x0800e7d4                DaysInMonth.lto_priv.78
 .rodata.str1.1
                0x0800e7e0      0x1ad /tmp/ccU86ilF.ltrans0.ltrans.o
                                0x1b4 (size before relaxing)
 .rodata        0x0800e98d       0xa6 /tmp/ccU86ilF.ltrans1.ltrans.o
 *fill*         0x0800ea33        0x1 
 .rodata        0x0800ea34      0x3ce /tmp/ccU86ilF.ltrans3.ltrans.o
                0x0800ea34                LfnOfs.lto_priv.83
 .rodata.str1.1
                0x0800ee02       0xd5 /tmp/ccU86ilF.ltrans4.ltrans.o
                                 0xde (size before relaxing)
 *fill*         0x0800eed7        0x1 
 .rodata        0x0800eed8      0x180 /tmp/ccU86ilF.ltrans7.ltrans.o
 .rodata.str1.1
                0x0800f058       0x10 /tmp/ccU86ilF.ltrans7.ltrans.o
 .rodata.str1.1
                0x0800f068        0xf /tmp/ccU86ilF.ltrans8.ltrans.o
 *fill*         0x0800f077        0x1 
 .rodata        0x0800f078       0xc5 /tmp/ccU86ilF.ltrans9.ltrans.o
 *fill*         0x0800f13d        0x3 
 .rodata.str1.4
                0x0800f140      0x152 /tmp/ccU86ilF.ltrans9.ltrans.o
 .rodata.str1.1
                0x0800f292        0x2 /home/laurence/ARM-GCC/gcc-arm-none-eabi-5_3-2016q1/bin/../lib/gcc/arm-none-eabi/5.3.1/../../../../arm-none-eabi/lib/armv7-m/libc_nano.a(lib_a-impure.o)
 .rodata._global_impure_ptr
                0x0800f294        0x4 /home/laurence/ARM-GCC/gcc-arm-none-eabi-5_3-2016q1/bin/../lib/gcc/arm-none-eabi/5.3.1/../../../../arm-none-eabi/lib/armv7-m/libc_nano.a(lib_a-impure.o)
                0x0800f294                _global_impure_ptr
 .rodata.str1.4
                0x0800f298        0x6 /home/laurence/ARM-GCC/gcc-arm-none-eabi-5_3-2016q1/bin/../lib/gcc/arm-none-eabi/5.3.1/../../../../arm-none-eabi/lib/armv7-m/libm.a(lib_a-wf_acos.o)
                                  0x9 (size before relaxing)
 *fill*         0x0800f29e        0x2 
 .rodata.str1.4
                0x0800f2a0        0x8 /home/laurence/ARM-GCC/gcc-arm-none-eabi-5_3-2016q1/bin/../lib/gcc/arm-none-eabi/5.3.1/../../../../arm-none-eabi/lib/armv7-m/libm.a(lib_a-wf_sqrt.o)
                                  0x6 (size before relaxing)
 .rodata.npio2_hw
                0x0800f2a8       0x80 /home/laurence/ARM-GCC/gcc-arm-none-eabi-5_3-2016q1/bin/../lib/gcc/arm-none-eabi/5.3.1/../../../../arm-none-eabi/lib/armv7-m/libm.a(lib_a-ef_rem_pio2.o)
 .rodata.two_over_pi
                0x0800f328      0x318 /home/laurence/ARM-GCC/gcc-arm-none-eabi-5_3-2016q1/bin/../lib/gcc/arm-none-eabi/5.3.1/../../../../arm-none-eabi/lib/armv7-m/libm.a(lib_a-ef_rem_pio2.o)
 .rodata.init_jk
                0x0800f640        0xc /home/laurence/ARM-GCC/gcc-arm-none-eabi-5_3-2016q1/bin/../lib/gcc/arm-none-eabi/5.3.1/../../../../arm-none-eabi/lib/armv7-m/libm.a(lib_a-kf_rem_pio2.o)
 .rodata.PIo2   0x0800f64c       0x2c /home/laurence/ARM-GCC/gcc-arm-none-eabi-5_3-2016q1/bin/../lib/gcc/arm-none-eabi/5.3.1/../../../../arm-none-eabi/lib/armv7-m/libm.a(lib_a-kf_rem_pio2.o)
 .rodata.atanlo
                0x0800f678       0x20 /home/laurence/ARM-GCC/gcc-arm-none-eabi-5_3-2016q1/bin/../lib/gcc/arm-none-eabi/5.3.1/../../../../arm-none-eabi/lib/armv7-m/libm.a(lib_a-s_atan.o)
 .rodata.atanhi
                0x0800f698       0x20 /home/laurence/ARM-GCC/gcc-arm-none-eabi-5_3-2016q1/bin/../lib/gcc/arm-none-eabi/5.3.1/../../../../arm-none-eabi/lib/armv7-m/libm.a(lib_a-s_atan.o)
 .rodata.atanlo
                0x0800f6b8       0x10 /home/laurence/ARM-GCC/gcc-arm-none-eabi-5_3-2016q1/bin/../lib/gcc/arm-none-eabi/5.3.1/../../../../arm-none-eabi/lib/armv7-m/libm.a(lib_a-sf_atan.o)
 .rodata.atanhi
                0x0800f6c8       0x10 /home/laurence/ARM-GCC/gcc-arm-none-eabi-5_3-2016q1/bin/../lib/gcc/arm-none-eabi/5.3.1/../../../../arm-none-eabi/lib/armv7-m/libm.a(lib_a-sf_atan.o)
 *(.eh_frame*)
 .eh_frame      0x0800f6d8        0x0 /home/laurence/ARM-GCC/gcc-arm-none-eabi-5_3-2016q1/bin/../lib/gcc/arm-none-eabi/5.3.1/armv7-m/crtbegin.o
 .eh_frame      0x0800f6d8        0x4 /home/laurence/ARM-GCC/gcc-arm-none-eabi-5_3-2016q1/bin/../lib/gcc/arm-none-eabi/5.3.1/armv7-m/crtend.o

.glue_7         0x0800f6dc        0x0
 .glue_7        0x0800f6dc        0x0 linker stubs

.glue_7t        0x0800f6dc        0x0
 .glue_7t       0x0800f6dc        0x0 linker stubs

.vfp11_veneer   0x0800f6dc        0x0
 .vfp11_veneer  0x0800f6dc        0x0 linker stubs

.v4_bx          0x0800f6dc        0x0
 .v4_bx         0x0800f6dc        0x0 linker stubs

.iplt           0x0800f6dc        0x0
 .iplt          0x0800f6dc        0x0 /home/laurence/ARM-GCC/gcc-arm-none-eabi-5_3-2016q1/bin/../lib/gcc/arm-none-eabi/5.3.1/armv7-m/crtbegin.o

.ARM.extab
 *(.ARM.extab* .gnu.linkonce.armextab.*)
                0x0800f6dc                __exidx_start = .

.ARM.exidx      0x0800f6dc        0x8
 *(.ARM.exidx* .gnu.linkonce.armexidx.*)
 .ARM.exidx     0x0800f6dc        0x8 /home/laurence/ARM-GCC/gcc-arm-none-eabi-5_3-2016q1/bin/../lib/gcc/arm-none-eabi/5.3.1/../../../../arm-none-eabi/lib/armv7-m/crt0.o
                0x0800f6e4                __exidx_end = .
                0x0800f6e4                __etext = .

.rel.dyn        0x0800f6e4        0x0
 .rel.iplt      0x0800f6e4        0x0 /home/laurence/ARM-GCC/gcc-arm-none-eabi-5_3-2016q1/bin/../lib/gcc/arm-none-eabi/5.3.1/armv7-m/crtbegin.o

.data           0x20000000      0x26c load address 0x0800f6e4
                0x20000000                __data_start__ = .
 *(vtable)
 *(.data*)
 .data          0x20000000        0x9 /tmp/ccU86ilF.ltrans0.ltrans.o
                0x20000008                SP1ML_network_address
 *fill*         0x20000009        0x3 
 .data          0x2000000c      0x110 /tmp/ccU86ilF.ltrans1.ltrans.o
                0x200000be                Device_Table
                0x200000c0                pEpInt_IN
                0x200000dc                pEpInt_OUT
                0x200000f8                User_Standard_Requests
 .data          0x2000011c       0x12 /tmp/ccU86ilF.ltrans2.ltrans.o
                0x2000011c                RLD_replaced.lto_priv.63
 *fill*         0x2000012e        0x2 
 .data          0x20000130       0x32 /tmp/ccU86ilF.ltrans5.ltrans.o
                0x20000130                Device_Property
                0x20000161                Stat.lto_priv.73
 .data          0x20000162       0x12 /tmp/ccU86ilF.ltrans6.ltrans.o
                0x20000162                Scsi_Sense_Data
 .data          0x20000174        0x2 /tmp/ccU86ilF.ltrans8.ltrans.o
 *fill*         0x20000176        0x2 
 .data          0x20000178       0x69 /tmp/ccU86ilF.ltrans9.ltrans.o
                0x20000178                DCM_glob
                0x2000019c                I2C_jobs
 .data.ADCPrescTable
                0x200001e1        0x4 lib/STM32F10x_StdPeriph_Driver/libstm32fw.a(stm32f10x_rcc.o)
 .data.APBAHBPrescTable
                0x200001e5       0x10 lib/STM32F10x_StdPeriph_Driver/libstm32fw.a(stm32f10x_rcc.o)
 *fill*         0x200001f5        0x3 
 .data.impure_data
                0x200001f8       0x60 /home/laurence/ARM-GCC/gcc-arm-none-eabi-5_3-2016q1/bin/../lib/gcc/arm-none-eabi/5.3.1/../../../../arm-none-eabi/lib/armv7-m/libc_nano.a(lib_a-impure.o)
 .data._impure_ptr
                0x20000258        0x4 /home/laurence/ARM-GCC/gcc-arm-none-eabi-5_3-2016q1/bin/../lib/gcc/arm-none-eabi/5.3.1/../../../../arm-none-eabi/lib/armv7-m/libc_nano.a(lib_a-impure.o)
                0x20000258                _impure_ptr
 .data.__fdlib_version
                0x2000025c        0x1 /home/laurence/ARM-GCC/gcc-arm-none-eabi-5_3-2016q1/bin/../lib/gcc/arm-none-eabi/5.3.1/../../../../arm-none-eabi/lib/armv7-m/libm.a(lib_a-s_lib_ver.o)
                0x2000025c                __fdlib_version
                0x20000260                . = ALIGN (0x4)
 *fill*         0x2000025d        0x3 
                0x20000260                PROVIDE (__preinit_array_start, .)
 *(.preinit_array)
                0x20000260                PROVIDE (__preinit_array_end, .)
                0x20000260                . = ALIGN (0x4)
                0x20000260                PROVIDE (__init_array_start, .)
 *(SORT(.init_array.*))
 *(.init_array)
 .init_array    0x20000260        0x4 /home/laurence/ARM-GCC/gcc-arm-none-eabi-5_3-2016q1/bin/../lib/gcc/arm-none-eabi/5.3.1/armv7-m/crtbegin.o
                0x20000264                PROVIDE (__init_array_end, .)
                0x20000264                . = ALIGN (0x4)
                [!provide]                PROVIDE (__fini_array_start, .)
 *(SORT(.fini_array.*))
 *(.fini_array)
 .fini_array    0x20000264        0x4 /home/laurence/ARM-GCC/gcc-arm-none-eabi-5_3-2016q1/bin/../lib/gcc/arm-none-eabi/5.3.1/armv7-m/crtbegin.o
                [!provide]                PROVIDE (__fini_array_end, .)
 *(.jcr*)
 .jcr           0x20000268        0x0 /home/laurence/ARM-GCC/gcc-arm-none-eabi-5_3-2016q1/bin/../lib/gcc/arm-none-eabi/5.3.1/armv7-m/crtbegin.o
 .jcr           0x20000268        0x4 /home/laurence/ARM-GCC/gcc-arm-none-eabi-5_3-2016q1/bin/../lib/gcc/arm-none-eabi/5.3.1/armv7-m/crtend.o
                0x2000026c                . = ALIGN (0x4)
                0x2000026c                __data_end__ = .

.igot.plt       0x2000026c        0x0 load address 0x0800f950
 .igot.plt      0x2000026c        0x0 /home/laurence/ARM-GCC/gcc-arm-none-eabi-5_3-2016q1/bin/../lib/gcc/arm-none-eabi/5.3.1/armv7-m/crtbegin.o

.bss            0x20000270     0x1610 load address 0x0800f958
                0x20000270                . = ALIGN (0x4)
                0x20000270                __bss_start__ = .
 *(.bss*)
 .bss           0x20000270       0x1c /home/laurence/ARM-GCC/gcc-arm-none-eabi-5_3-2016q1/bin/../lib/gcc/arm-none-eabi/5.3.1/armv7-m/crtbegin.o
 *fill*         0x2000028c        0x4 
 .bss           0x20000290      0x705 /tmp/ccU86ilF.ltrans0.ltrans.o
                0x200006b8                bootsource
                0x200006c0                rputchar.lto_priv.72
                0x200006c4                Status
                0x200006c8                Data_Buffer
                0x200006cc                bDeviceState
                0x200006d0                Battery_Voltage
                0x200006d4                FatFs.lto_priv.80
                0x20000930                LSM9DS1_Mag_Offset
                0x2000094a                file_opened
                0x2000094c                PI_glob
                0x20000964                I_limits
                0x20000970                flashCodeEnabled
                0x2000097c                GPS_telem
                0x2000098c                flashCode
                0x20000993                System_state_Global
                0x20000994                Shutdown_System
 *fill*         0x20000995        0x3 
 .bss           0x20000998       0x30 /tmp/ccU86ilF.ltrans1.ltrans.o
 .bss           0x200009c8      0x48c /tmp/ccU86ilF.ltrans2.ltrans.o
                0x20000d3c                rld_sense.lto_priv.65
                0x20000d42                rld_replace_counter.lto_priv.64
                0x20000e0c                Filtered_ECG
                0x20000e20                SP1ML_tx_rx_state
                0x20000e2e                SP1ML_tx_sequence_number
                0x20000e30                Usart3_rx_buff
                0x20000e40                RN42_tx_sequence_number
                0x20000e44                Usart1_rx_buff
 .bss           0x20000e54        0x2 /tmp/ccU86ilF.ltrans3.ltrans.o
 *fill*         0x20000e56        0x2 
 .bss           0x20000e58        0xd /tmp/ccU86ilF.ltrans4.ltrans.o
 *fill*         0x20000e65        0x3 
 .bss           0x20000e68       0x1d /tmp/ccU86ilF.ltrans5.ltrans.o
                0x20000e68                wIstr
                0x20000e6c                Timer1.lto_priv.74
                0x20000e70                Timer2.lto_priv.75
 *fill*         0x20000e85        0x3 
 .bss           0x20000e88       0x9a /tmp/ccU86ilF.ltrans6.ltrans.o
                0x20000e88                Mass_Block_Count
                0x20000e90                CBW
                0x20000eb0                Mass_Block_Size
                0x20000eb8                Bot_State
                0x20000eba                Data_Len
                0x20000ec0                TransferState
                0x20000ed0                Bulk_Data_Buff
                0x20000f10                CSW
 .bss           0x20000f22       0x82 /tmp/ccU86ilF.ltrans8.ltrans.o
                0x20000f22                Sd_Spi_Called_From_USB_MSC
                0x20000fa3                CardType.lto_priv.85
 .bss           0x20000fa4      0x1cd /tmp/ccU86ilF.ltrans9.ltrans.o
                0x20000fa4                Gps_Buffer
                0x20000fb0                wct.lto_priv.42
                0x20000fb2                channel_wct_conf.lto_priv.41
                0x20000fb3                ADS1298_Error_Status
                0x20000fb4                Enable.lto_priv.44
                0x20000fb8                ECG_buffers
                0x20001038                Gain.lto_priv.50
                0x20001039                Actual_gain.lto_priv.47
                0x2000103a                Cap.lto_priv.46
                0x2000103b                quality_mask.lto_priv.43
                0x2000103c                qualityfilter.lto_priv.45
                0x2000105c                old_wct.lto_priv.49
                0x20001060                Millis
                0x20001064                old_quality_mask.lto_priv.48
                0x20001070                Gps
                0x200010a4                I2C1error
                0x200010a6                I2C_failure
                0x200010a8                Completed_Jobs
                0x200010ac                Jobs
                0x200010b4                LSM9DS1_Gyro_Buffer
                0x200010c0                LSM9DS1_Acc_Buffer
                0x200010c8                LSM9DS1_Mag_Buffer
                0x200010d0                IMU_buff
                0x20001170                read_transaction.lto_priv.40
 *fill*         0x20001171        0x3 
 .bss           0x20001174      0x6bd /tmp/ccU86ilF.ltrans10.ltrans.o
                0x20001174                Usart1_tx_buff
                0x20001184                print_string
                0x200011ac                FATFS_wavfile
                0x200013d0                Usart3_tx_buff
                0x200013e0                SP1ML_withold
                0x200013e4                SP1ML_tx_bytes
                0x200013e8                FATFS_wavfile_gps
                0x2000160c                FATFS_wavfile_imu
                0x20001830                CurrVol.lto_priv.79
 .bss.Data_Mul_MaxPacketSize
                0x20001831        0x1 lib/STM32_USB-FS-Device_Driver/libstm32usb.a(usb_core.o)
                0x20001831                Data_Mul_MaxPacketSize
 *fill*         0x20001832        0x2 
 .bss.__malloc_sbrk_start
                0x20001834        0x4 /home/laurence/ARM-GCC/gcc-arm-none-eabi-5_3-2016q1/bin/../lib/gcc/arm-none-eabi/5.3.1/../../../../arm-none-eabi/lib/armv7-m/libc_nano.a(lib_a-nano-mallocr.o)
                0x20001834                __malloc_sbrk_start
 .bss.__malloc_free_list
                0x20001838        0x4 /home/laurence/ARM-GCC/gcc-arm-none-eabi-5_3-2016q1/bin/../lib/gcc/arm-none-eabi/5.3.1/../../../../arm-none-eabi/lib/armv7-m/libc_nano.a(lib_a-nano-mallocr.o)
                0x20001838                __malloc_free_list
 .bss.heap_end.4167
                0x2000183c        0x4 /home/laurence/ARM-GCC/gcc-arm-none-eabi-5_3-2016q1/bin/../lib/gcc/arm-none-eabi/5.3.1/../../../../arm-none-eabi/lib/armv7-m/libnosys.a(sbrk.o)
 *(COMMON)
 COMMON         0x20001840        0x2 lib/STM32_USB-FS-Device_Driver/libstm32usb.a(usb_core.o)
                0x20001840                StatusInfo
 *fill*         0x20001842        0x2 
 COMMON         0x20001844       0x32 lib/STM32_USB-FS-Device_Driver/libstm32usb.a(usb_init.o)
                0x20001844                SaveState
                0x20001848                pProperty
                0x2000184c                EPindex
                0x20001850                Device_Info
                0x2000186c                pUser_Standard_Requests
                0x20001870                pInformation
                0x20001874                wInterrupt_Mask
 COMMON         0x20001876        0x4 lib/STM32_USB-FS-Device_Driver/libstm32usb.a(usb_int.o)
                0x20001876                SaveRState
                0x20001878                SaveTState
 *fill*         0x2000187a        0x2 
 COMMON         0x2000187c        0x4 /home/laurence/ARM-GCC/gcc-arm-none-eabi-5_3-2016q1/bin/../lib/gcc/arm-none-eabi/5.3.1/../../../../arm-none-eabi/lib/armv7-m/libc_nano.a(lib_a-reent.o)
                0x2000187c                errno
                0x20001880                . = ALIGN (0x4)
                0x20001880                __bss_end__ = .

.heap           0x20001880        0x0
                0x20001880                __end__ = .
                0x20001880                end = __end__
 *(.heap*)
 .heap          0x20001880        0x0 lib/ARM-GCC/startup_ARMCM3.o
                0x20001880                __HeapLimit = .

.stack_dummy    0x20001880      0xc00
 *(.stack*)
 .stack         0x20001880      0xc00 lib/ARM-GCC/startup_ARMCM3.o
                0x20005000                __StackTop = (ORIGIN (RAM) + LENGTH (RAM))
                0x20004400                __StackLimit = (__StackTop - SIZEOF (.stack_dummy))
                0x20005000                PROVIDE (__stack, __StackTop)
                0x00000001                ASSERT ((__StackLimit >= __HeapLimit), region RAM overflowed with stack)
OUTPUT(main.elf elf32-littlearm)

.ARM.attributes
                0x00000000       0x29
 .ARM.attributes
                0x00000000       0x1d /home/laurence/ARM-GCC/gcc-arm-none-eabi-5_3-2016q1/bin/../lib/gcc/arm-none-eabi/5.3.1/armv7-m/crti.o
 .ARM.attributes
                0x0000001d       0x2d /home/laurence/ARM-GCC/gcc-arm-none-eabi-5_3-2016q1/bin/../lib/gcc/arm-none-eabi/5.3.1/armv7-m/crtbegin.o
 .ARM.attributes
                0x0000004a       0x1b /home/laurence/ARM-GCC/gcc-arm-none-eabi-5_3-2016q1/bin/../lib/gcc/arm-none-eabi/5.3.1/../../../../arm-none-eabi/lib/armv7-m/crt0.o
 .ARM.attributes
                0x00000065       0x31 /tmp/ccU86ilF.ltrans0.ltrans.o
 .ARM.attributes
                0x00000096       0x31 /tmp/ccU86ilF.ltrans1.ltrans.o
 .ARM.attributes
                0x000000c7       0x31 /tmp/ccU86ilF.ltrans2.ltrans.o
 .ARM.attributes
                0x000000f8       0x31 /tmp/ccU86ilF.ltrans3.ltrans.o
 .ARM.attributes
                0x00000129       0x31 /tmp/ccU86ilF.ltrans4.ltrans.o
 .ARM.attributes
                0x0000015a       0x31 /tmp/ccU86ilF.ltrans5.ltrans.o
 .ARM.attributes
                0x0000018b       0x31 /tmp/ccU86ilF.ltrans6.ltrans.o
 .ARM.attributes
                0x000001bc       0x31 /tmp/ccU86ilF.ltrans7.ltrans.o
 .ARM.attributes
                0x000001ed       0x31 /tmp/ccU86ilF.ltrans8.ltrans.o
 .ARM.attributes
                0x0000021e       0x31 /tmp/ccU86ilF.ltrans9.ltrans.o
 .ARM.attributes
                0x0000024f       0x31 /tmp/ccU86ilF.ltrans10.ltrans.o
 .ARM.attributes
                0x00000280       0x1b lib/ARM-GCC/startup_ARMCM3.o
 .ARM.attributes
                0x0000029b       0x33 lib/STM32F10x_StdPeriph_Driver/libstm32fw.a(misc.o)
 .ARM.attributes
                0x000002ce       0x33 lib/STM32F10x_StdPeriph_Driver/libstm32fw.a(stm32f10x_adc.o)
 .ARM.attributes
                0x00000301       0x33 lib/STM32F10x_StdPeriph_Driver/libstm32fw.a(stm32f10x_bkp.o)
 .ARM.attributes
                0x00000334       0x33 lib/STM32F10x_StdPeriph_Driver/libstm32fw.a(stm32f10x_dbgmcu.o)
 .ARM.attributes
                0x00000367       0x33 lib/STM32F10x_StdPeriph_Driver/libstm32fw.a(stm32f10x_dma.o)
 .ARM.attributes
                0x0000039a       0x33 lib/STM32F10x_StdPeriph_Driver/libstm32fw.a(stm32f10x_exti.o)
 .ARM.attributes
                0x000003cd       0x33 lib/STM32F10x_StdPeriph_Driver/libstm32fw.a(stm32f10x_gpio.o)
 .ARM.attributes
                0x00000400       0x33 lib/STM32F10x_StdPeriph_Driver/libstm32fw.a(stm32f10x_i2c.o)
 .ARM.attributes
                0x00000433       0x33 lib/STM32F10x_StdPeriph_Driver/libstm32fw.a(stm32f10x_iwdg.o)
 .ARM.attributes
                0x00000466       0x33 lib/STM32F10x_StdPeriph_Driver/libstm32fw.a(stm32f10x_pwr.o)
 .ARM.attributes
                0x00000499       0x33 lib/STM32F10x_StdPeriph_Driver/libstm32fw.a(stm32f10x_rcc.o)
 .ARM.attributes
                0x000004cc       0x33 lib/STM32F10x_StdPeriph_Driver/libstm32fw.a(stm32f10x_rtc.o)
 .ARM.attributes
                0x000004ff       0x33 lib/STM32F10x_StdPeriph_Driver/libstm32fw.a(stm32f10x_spi.o)
 .ARM.attributes
                0x00000532       0x33 lib/STM32F10x_StdPeriph_Driver/libstm32fw.a(stm32f10x_tim.o)
 .ARM.attributes
                0x00000565       0x33 lib/STM32F10x_StdPeriph_Driver/libstm32fw.a(stm32f10x_usart.o)
 .ARM.attributes
                0x00000598       0x33 lib/STM32_USB-FS-Device_Driver/libstm32usb.a(usb_core.o)
 .ARM.attributes
                0x000005cb       0x33 lib/STM32_USB-FS-Device_Driver/libstm32usb.a(usb_init.o)
 .ARM.attributes
                0x000005fe       0x33 lib/STM32_USB-FS-Device_Driver/libstm32usb.a(usb_int.o)
 .ARM.attributes
                0x00000631       0x33 lib/STM32_USB-FS-Device_Driver/libstm32usb.a(usb_mem.o)
 .ARM.attributes
                0x00000664       0x33 lib/STM32_USB-FS-Device_Driver/libstm32usb.a(usb_regs.o)
 .ARM.attributes
                0x00000697       0x33 lib/STM32_USB-FS-Device_Driver/libstm32usb.a(usb_sil.o)
 .ARM.attributes
                0x000006ca       0x2d /home/laurence/ARM-GCC/gcc-arm-none-eabi-5_3-2016q1/bin/../lib/gcc/arm-none-eabi/5.3.1/../../../../arm-none-eabi/lib/armv7-m/libc_nano.a(lib_a-exit.o)
 .ARM.attributes