Archive member included because of file (symbol)

lib/STM32F10x_StdPeriph_Driver/libstm32fw.a(misc.o)
                              interrupts.o (symbol from plugin) (NVIC_PriorityGroupConfig)
lib/STM32F10x_StdPeriph_Driver/libstm32fw.a(stm32f10x_adc.o)
                              adc.o (symbol from plugin) (ADC_DeInit)
lib/STM32F10x_StdPeriph_Driver/libstm32fw.a(stm32f10x_bkp.o)
                              Util/fat_fs/src/rtc.o (symbol from plugin) (BKP_DeInit)
lib/STM32F10x_StdPeriph_Driver/libstm32fw.a(stm32f10x_dbgmcu.o)
                              main.o (symbol from plugin) (DBGMCU_Config)
lib/STM32F10x_StdPeriph_Driver/libstm32fw.a(stm32f10x_dma.o)
                              Util/fat_fs/src/sd_spi_stm32.o (symbol from plugin) (DMA_DeInit)
lib/STM32F10x_StdPeriph_Driver/libstm32fw.a(stm32f10x_exti.o)
                              interrupts.o (symbol from plugin) (EXTI_DeInit)
lib/STM32F10x_StdPeriph_Driver/libstm32fw.a(stm32f10x_gpio.o)
                              Util/fat_fs/src/sd_spi_stm32.o (symbol from plugin) (GPIO_Init)
lib/STM32F10x_StdPeriph_Driver/libstm32fw.a(stm32f10x_i2c.o)
                              i2c_int.o (symbol from plugin) (I2C_DeInit)
lib/STM32F10x_StdPeriph_Driver/libstm32fw.a(stm32f10x_iwdg.o)
                              watchdog.o (symbol from plugin) (IWDG_WriteAccessCmd)
lib/STM32F10x_StdPeriph_Driver/libstm32fw.a(stm32f10x_pwr.o)
                              pwr.o (symbol from plugin) (PWR_DeInit)
lib/STM32F10x_StdPeriph_Driver/libstm32fw.a(stm32f10x_rcc.o)
                              interrupts.o (symbol from plugin) (RCC_HCLKConfig)
lib/STM32F10x_StdPeriph_Driver/libstm32fw.a(stm32f10x_rtc.o)
                              Util/fat_fs/src/rtc.o (symbol from plugin) (RTC_GetCounter)
lib/STM32F10x_StdPeriph_Driver/libstm32fw.a(stm32f10x_spi.o)
                              Util/fat_fs/src/sd_spi_stm32.o (symbol from plugin) (SPI_I2S_DeInit)
lib/STM32F10x_StdPeriph_Driver/libstm32fw.a(stm32f10x_tim.o)
                              timer.o (symbol from plugin) (TIM_DeInit)
lib/STM32F10x_StdPeriph_Driver/libstm32fw.a(stm32f10x_usart.o)
                              Util/rn42_command.o (symbol from plugin) (USART_DeInit)
lib/STM32_USB-FS-Device_Driver/libstm32usb.a(usb_core.o)
                              Util/USB/usb_prop.o (symbol from plugin) (Standard_GetDescriptorData)
lib/STM32_USB-FS-Device_Driver/libstm32usb.a(usb_init.o)
                              main.o (symbol from plugin) (USB_Init)
lib/STM32_USB-FS-Device_Driver/libstm32usb.a(usb_int.o)
                              Util/USB/usb_istr.o (symbol from plugin) (CTR_LP)
lib/STM32_USB-FS-Device_Driver/libstm32usb.a(usb_mem.o)
                              lib/STM32_USB-FS-Device_Driver/libstm32usb.a(usb_core.o) (UserToPMABufferCopy)
lib/STM32_USB-FS-Device_Driver/libstm32usb.a(usb_regs.o)
                              Util/USB/usb_prop.o (symbol from plugin) (SetBTABLE)
lib/STM32_USB-FS-Device_Driver/libstm32usb.a(usb_sil.o)
                              Util/USB/usb_prop.o (symbol from plugin) (USB_SIL_Init)
/home/laurence/ARM-GCC/bin/../lib/gcc/arm-none-eabi/4.7.4/../../../../arm-none-eabi/lib/armv7-m/libc.a(lib_a-__atexit.o)
                              /home/laurence/ARM-GCC/bin/../lib/gcc/arm-none-eabi/4.7.4/../../../../arm-none-eabi/lib/armv7-m/crt0.o (__register_exitproc)
/home/laurence/ARM-GCC/bin/../lib/gcc/arm-none-eabi/4.7.4/../../../../arm-none-eabi/lib/armv7-m/libc.a(lib_a-exit.o)
                              /home/laurence/ARM-GCC/bin/../lib/gcc/arm-none-eabi/4.7.4/../../../../arm-none-eabi/lib/armv7-m/crt0.o (exit)
/home/laurence/ARM-GCC/bin/../lib/gcc/arm-none-eabi/4.7.4/../../../../arm-none-eabi/lib/armv7-m/libc.a(lib_a-fini.o)
                              /home/laurence/ARM-GCC/bin/../lib/gcc/arm-none-eabi/4.7.4/../../../../arm-none-eabi/lib/armv7-m/crt0.o (__libc_fini_array)
/home/laurence/ARM-GCC/bin/../lib/gcc/arm-none-eabi/4.7.4/../../../../arm-none-eabi/lib/armv7-m/libc.a(lib_a-impure.o)
                              /home/laurence/ARM-GCC/bin/../lib/gcc/arm-none-eabi/4.7.4/../../../../arm-none-eabi/lib/armv7-m/libc.a(lib_a-__atexit.o) (_global_impure_ptr)
/home/laurence/ARM-GCC/bin/../lib/gcc/arm-none-eabi/4.7.4/../../../../arm-none-eabi/lib/armv7-m/libc.a(lib_a-init.o)
                              /home/laurence/ARM-GCC/bin/../lib/gcc/arm-none-eabi/4.7.4/../../../../arm-none-eabi/lib/armv7-m/crt0.o (__libc_init_array)
/home/laurence/ARM-GCC/bin/../lib/gcc/arm-none-eabi/4.7.4/../../../../arm-none-eabi/lib/armv7-m/libc.a(lib_a-memset.o)
                              /home/laurence/ARM-GCC/bin/../lib/gcc/arm-none-eabi/4.7.4/../../../../arm-none-eabi/lib/armv7-m/crt0.o (memset)
/home/laurence/ARM-GCC/bin/../lib/gcc/arm-none-eabi/4.7.4/../../../../arm-none-eabi/lib/armv7-m/libc.a(lib_a-rand.o)
                              Util/sp1ml_command.o (symbol from plugin) (srand)
[...]
Memory Configuration

Name             Origin             Length             Attributes
RAM              0x20000000         0x00005000         xrw
FLASH            0x08000000         0x00020000         xr
FLASHB1          0x00000000         0x00000000         xr
EXTMEMB0         0x00000000         0x00000000         xr
EXTMEMB1         0x00000000         0x00000000         xr
EXTMEMB2         0x00000000         0x00000000         xr
EXTMEMB3         0x00000000         0x00000000         xr
STARTFLASH       0x00000000         0xffffffff
CRPPATCH         0x00000000         0xffffffff
FLASHPATCH       0x00000000         0xffffffff
ENDFLASH         0x00000000         0xffffffff
*default*        0x00000000         0xffffffff

Linker script and memory map

LOAD /home/laurence/ARM-GCC/bin/../lib/gcc/arm-none-eabi/4.7.4/armv7-m/crti.o
LOAD /home/laurence/ARM-GCC/bin/../lib/gcc/arm-none-eabi/4.7.4/armv7-m/crtbegin.o
LOAD /home/laurence/ARM-GCC/bin/../lib/gcc/arm-none-eabi/4.7.4/../../../../arm-none-eabi/lib/armv7-m/crt0.o
LOAD Util/USB/hw_config.o
LOAD /tmp/ccjcDTcj.ltrans0.ltrans.o
LOAD /tmp/ccjcDTcj.ltrans1.ltrans.o
LOAD /tmp/ccjcDTcj.ltrans2.ltrans.o
LOAD /tmp/ccjcDTcj.ltrans3.ltrans.o
LOAD /tmp/ccjcDTcj.ltrans4.ltrans.o
LOAD /tmp/ccjcDTcj.ltrans5.ltrans.o
LOAD /tmp/ccjcDTcj.ltrans6.ltrans.o
LOAD /tmp/ccjcDTcj.ltrans7.ltrans.o
LOAD /tmp/ccjcDTcj.ltrans8.ltrans.o
LOAD /tmp/ccjcDTcj.ltrans9.ltrans.o
LOAD /tmp/ccjcDTcj.ltrans10.ltrans.o
LOAD /home/laurence/ARM-GCC/bin/../lib/gcc/arm-none-eabi/4.7.4/armv7-m/libgcc.a
LOAD /home/laurence/ARM-GCC/bin/../lib/gcc/arm-none-eabi/4.7.4/../../../../arm-none-eabi/lib/armv7-m/libc.a
LOAD Util/USB/mass_mal.o
LOAD Util/USB/memory.o
LOAD Util/USB/scsi_data.o
LOAD Util/USB/usb_bot.o
LOAD Util/USB/usb_desc.o
LOAD Util/USB/usb_endp.o
LOAD Util/USB/usb_istr.o
LOAD Util/USB/usb_prop.o
LOAD Util/USB/usb_pwr.o
LOAD Util/USB/usb_scsi.o
LOAD Util/buffer.o
LOAD Util/data_alignment.o
LOAD Util/delay.o
LOAD Util/fat_fs/option/ccsbcs.o
LOAD Util/fat_fs/src/fattime.o
LOAD Util/fat_fs/src/ff.o
LOAD Util/fat_fs/src/rtc.o
LOAD Util/fat_fs/src/sd_spi_stm32.o
LOAD Util/filter.o
LOAD Util/load_setting.o
LOAD Util/rn42_command.o
LOAD Util/rn42_conf.o
LOAD Util/rprintf.o
LOAD Util/rtc_correct.o
LOAD Util/sp1ml_command.o
LOAD Util/wave.o
LOAD adc.o
LOAD bootload.o
LOAD dma.o
LOAD gpio.o
LOAD i2c_int.o
LOAD interrupts.o
LOAD lib/CMSIS_CM3/core_cm3.o
LOAD lib/CMSIS_CM3/startup/gcc/startup_stm32f10x_md.o
LOAD lib/CMSIS_CM3/system_stm32f10x.o
LOAD main.o
LOAD pwr.o
LOAD timer.o
LOAD usart.o
LOAD watchdog.o
LOAD Sensors/ads1298.o
LOAD Sensors/lsm9ds1.o
LOAD Sensors/ubx.o
LOAD lib/STM32F10x_StdPeriph_Driver/libstm32fw.a
LOAD lib/STM32_USB-FS-Device_Driver/libstm32usb.a
LOAD /home/laurence/ARM-GCC/bin/../lib/gcc/arm-none-eabi/4.7.4/../../../../arm-none-eabi/lib/armv7-m/libm.a
LOAD /home/laurence/ARM-GCC/bin/../lib/gcc/arm-none-eabi/4.7.4/../../../../arm-none-eabi/lib/armv7-m/libnosys.a
START GROUP
LOAD /home/laurence/ARM-GCC/bin/../lib/gcc/arm-none-eabi/4.7.4/armv7-m/libgcc.a
LOAD /home/laurence/ARM-GCC/bin/../lib/gcc/arm-none-eabi/4.7.4/../../../../arm-none-eabi/lib/armv7-m/libc.a
END GROUP
LOAD /home/laurence/ARM-GCC/bin/../lib/gcc/arm-none-eabi/4.7.4/armv7-m/crtend.o
LOAD /home/laurence/ARM-GCC/bin/../lib/gcc/arm-none-eabi/4.7.4/armv7-m/crtn.o
                0x00002000                __Stack_Size = 0x2000
                0x00002000                PROVIDE (_Stack_Size, __Stack_Size)
                0x20003000                __Stack_Init = (_estack - __Stack_Size)
                0x20003000                PROVIDE (_Stack_Init, __Stack_Init)
                0x00002000                _Minimum_Stack_Size = 0x2000
                0x00000000                PROVIDE (Undefined_Handler, 0x0)
                0x00000000                PROVIDE (SWI_Handler, 0x0)
                0x00000000                PROVIDE (IRQ_Handler, 0x0)
                0x00000000                PROVIDE (Prefetch_Handler, 0x0)
                0x00000000                PROVIDE (Abort_Handler, 0x0)
                0x00000000                PROVIDE (FIQ_Handler, 0x0)
                0x00000000                PROVIDE (NMIException, 0x0)
                0x00000000                PROVIDE (NMI_Handler, 0x0)
                0x00000000                PROVIDE (HardFaultException, 0x0)
                0x00000000                PROVIDE (HardFault_Handler, 0x0)
                0x00000000                PROVIDE (MemManageException, 0x0)
                0x00000000                PROVIDE (MemManage_Handler, 0x0)
                0x00000000                PROVIDE (BusFaultException, 0x0)
                0x00000000                PROVIDE (BusFault_Handler, 0x0)
                0x00000000                PROVIDE (UsageFaultException, 0x0)
                0x00000000                PROVIDE (UsageFault_Handler, 0x0)
                0x00000000                PROVIDE (SVCHandler, 0x0)
                0x00000000                PROVIDE (SVC_Handler, 0x0)
                0x00000000                PROVIDE (DebugMonitor, 0x0)
                0x00000000                PROVIDE (DebugMon_Handler, 0x0)
                0x00000000                PROVIDE (PendSVC, 0x0)
                0x00000000                PROVIDE (PendSV_Handler, 0x0)
                0x00000000                PROVIDE (SysTickHandler, 0x0)
                0x00000000                PROVIDE (SysTick_Handler, 0x0)
                0x00000000                PROVIDE (WWDG_IRQHandler, 0x0)
                0x00000000                PROVIDE (PVD_IRQHandler, 0x0)
                0x00000000                PROVIDE (TAMPER_IRQHandler, 0x0)
                0x00000000                PROVIDE (RTC_IRQHandler, 0x0)
                0x00000000                PROVIDE (FLASH_IRQHandler, 0x0)
                0x00000000                PROVIDE (RCC_IRQHandler, 0x0)
                0x00000000                PROVIDE (EXTI0_IRQHandler, 0x0)
                0x00000000                PROVIDE (EXTI1_IRQHandler, 0x0)
                0x00000000                PROVIDE (EXTI2_IRQHandler, 0x0)
                0x00000000                PROVIDE (EXTI3_IRQHandler, 0x0)
                0x00000000                PROVIDE (EXTI4_IRQHandler, 0x0)
                0x00000000                PROVIDE (DMAChannel1_IRQHandler, 0x0)
                0x00000000                PROVIDE (DMAChannel2_IRQHandler, 0x0)
                0x00000000                PROVIDE (DMAChannel3_IRQHandler, 0x0)
                0x00000000                PROVIDE (DMAChannel4_IRQHandler, 0x0)
                0x00000000                PROVIDE (DMAChannel5_IRQHandler, 0x0)
                0x00000000                PROVIDE (DMAChannel6_IRQHandler, 0x0)
                0x00000000                PROVIDE (DMAChannel7_IRQHandler, 0x0)
                0x00000000                PROVIDE (DMA1_Channel1_IRQHandler, 0x0)
                0x00000000                PROVIDE (DMA1_Channel2_IRQHandler, 0x0)
                0x00000000                PROVIDE (DMA1_Channel3_IRQHandler, 0x0)
                0x00000000                PROVIDE (DMA1_Channel4_IRQHandler, 0x0)
                0x00000000                PROVIDE (DMA1_Channel5_IRQHandler, 0x0)
                0x00000000                PROVIDE (DMA1_Channel6_IRQHandler, 0x0)
                0x00000000                PROVIDE (DMA1_Channel7_IRQHandler, 0x0)
                0x00000000                PROVIDE (ADC_IRQHandler, 0x0)
                0x00000000                PROVIDE (ADC1_2_IRQHandler, 0x0)
                0x00000000                PROVIDE (USB_HP_CAN_TX_IRQHandler, 0x0)
                0x00000000                PROVIDE (USB_HP_CAN1_TX_IRQHandler, 0x0)
                0x00000000                PROVIDE (USB_LP_CAN_RX0_IRQHandler, 0x0)
                0x00000000                PROVIDE (USB_LP_CAN1_RX0_IRQHandler, 0x0)
                0x00000000                PROVIDE (CAN_RX1_IRQHandler, 0x0)
                0x00000000                PROVIDE (CAN1_RX1_IRQHandler, 0x0)
                0x00000000                PROVIDE (CAN_SCE_IRQHandler, 0x0)
                0x00000000                PROVIDE (CAN1_SCE_IRQHandler, 0x0)
                0x00000000                PROVIDE (EXTI9_5_IRQHandler, 0x0)
                0x00000000                PROVIDE (TIM1_BRK_IRQHandler, 0x0)
                0x00000000                PROVIDE (TIM1_UP_IRQHandler, 0x0)
                0x00000000                PROVIDE (TIM1_TRG_COM_IRQHandler, 0x0)
                0x00000000                PROVIDE (TIM1_CC_IRQHandler, 0x0)
                0x00000000                PROVIDE (TIM2_IRQHandler, 0x0)
                0x00000000                PROVIDE (TIM3_IRQHandler, 0x0)
                0x00000000                PROVIDE (TIM4_IRQHandler, 0x0)
                0x00000000                PROVIDE (I2C1_EV_IRQHandler, 0x0)
                0x00000000                PROVIDE (I2C1_ER_IRQHandler, 0x0)
                0x00000000                PROVIDE (I2C2_EV_IRQHandler, 0x0)
                0x00000000                PROVIDE (I2C2_ER_IRQHandler, 0x0)
                0x00000000                PROVIDE (SPI1_IRQHandler, 0x0)
                0x00000000                PROVIDE (SPI2_IRQHandler, 0x0)
                0x00000000                PROVIDE (USART1_IRQHandler, 0x0)
                0x00000000                PROVIDE (USART2_IRQHandler, 0x0)
                0x00000000                PROVIDE (USART3_IRQHandler, 0x0)
                0x00000000                PROVIDE (EXTI15_10_IRQHandler, 0x0)
                0x00000000                PROVIDE (RTCAlarm_IRQHandler, 0x0)
                0x00000000                PROVIDE (USBWakeUp_IRQHandler, 0x0)
                0x00000000                PROVIDE (TIM8_BRK_IRQHandler, 0x0)
                0x00000000                PROVIDE (TIM8_UP_IRQHandler, 0x0)
                0x00000000                PROVIDE (TIM8_TRG_COM_IRQHandler, 0x0)
                0x00000000                PROVIDE (TIM8_CC_IRQHandler, 0x0)
                0x00000000                PROVIDE (ADC3_IRQHandler, 0x0)
                0x00000000                PROVIDE (FSMC_IRQHandler, 0x0)
                0x00000000                PROVIDE (SDIO_IRQHandler, 0x0)
                0x00000000                PROVIDE (TIM5_IRQHandler, 0x0)
                0x00000000                PROVIDE (SPI3_IRQHandler, 0x0)
                0x00000000                PROVIDE (UART4_IRQHandler, 0x0)
                0x00000000                PROVIDE (UART5_IRQHandler, 0x0)
                0x00000000                PROVIDE (TIM6_IRQHandler, 0x0)
                0x00000000                PROVIDE (TIM7_IRQHandler, 0x0)
                0x00000000                PROVIDE (DMA2_Channel1_IRQHandler, 0x0)
                0x00000000                PROVIDE (DMA2_Channel2_IRQHandler, 0x0)
                0x00000000                PROVIDE (DMA2_Channel3_IRQHandler, 0x0)
                0x00000000                PROVIDE (DMA2_Channel4_5_IRQHandler, 0x0)
                0x42000000                PERIPH_BB_BASE = 0x42000000
                0x22000000                SRAM_BB_BASE = 0x22000000
                0x20000000                SRAM_BASE = 0x20000000
                0x40000000                PERIPH_BASE = 0x40000000
                0x40022000                PROVIDE (FLASH_BASE, 0x40022000)
                0x1ffff800                PROVIDE (OB_BASE, 0x1ffff800)
                0x40000000                APB1PERIPH_BASE = PERIPH_BASE
                0x40010000                APB2PERIPH_BASE = (PERIPH_BASE + 0x10000)
                0x40020000                AHBPERIPH_BASE = (PERIPH_BASE + 0x20000)
                0x40000000                PROVIDE (TIM2, (APB1PERIPH_BASE + 0x0))
                0x40000400                PROVIDE (TIM3, (APB1PERIPH_BASE + 0x400))
                0x40000800                PROVIDE (TIM4, (APB1PERIPH_BASE + 0x800))
                0x40002800                PROVIDE (RTC, (APB1PERIPH_BASE + 0x2800))
                0x40002c00                PROVIDE (WWDG, (APB1PERIPH_BASE + 0x2c00))
                0x40003000                PROVIDE (IWDG, (APB1PERIPH_BASE + 0x3000))
                0x40003800                PROVIDE (SPI2, (APB1PERIPH_BASE + 0x3800))
                0x40004400                PROVIDE (USART2, (APB1PERIPH_BASE + 0x4400))
                0x40004800                PROVIDE (USART3, (APB1PERIPH_BASE + 0x4800))
                0x40005400                PROVIDE (I2C1, (APB1PERIPH_BASE + 0x5400))
                0x40005800                PROVIDE (I2C2, (APB1PERIPH_BASE + 0x5800))
                0x40006400                PROVIDE (CAN, (APB1PERIPH_BASE + 0x6400))
                0x40006c00                PROVIDE (BKP, (APB1PERIPH_BASE + 0x6c00))
                0x40007000                PROVIDE (PWR, (APB1PERIPH_BASE + 0x7000))
                0x40010000                PROVIDE (AFIO, (APB2PERIPH_BASE + 0x0))
                0x40010400                PROVIDE (EXTI, (APB2PERIPH_BASE + 0x400))
                0x40010800                PROVIDE (GPIOA, (APB2PERIPH_BASE + 0x800))
                0x40010c00                PROVIDE (GPIOB, (APB2PERIPH_BASE + 0xc00))
                0x40011000                PROVIDE (GPIOC, (APB2PERIPH_BASE + 0x1000))
                0x40011400                PROVIDE (GPIOD, (APB2PERIPH_BASE + 0x1400))
                0x40011800                PROVIDE (GPIOE, (APB2PERIPH_BASE + 0x1800))
                0x40012400                PROVIDE (ADC1, (APB2PERIPH_BASE + 0x2400))
                0x40012800                PROVIDE (ADC2, (APB2PERIPH_BASE + 0x2800))
                0x40012c00                PROVIDE (TIM1, (APB2PERIPH_BASE + 0x2c00))
                0x40013000                PROVIDE (SPI1, (APB2PERIPH_BASE + 0x3000))
                0x40013800                PROVIDE (USART1, (APB2PERIPH_BASE + 0x3800))
                0x40020000                PROVIDE (DMA, (AHBPERIPH_BASE + 0x0))
                0x40020008                PROVIDE (DMA_Channel1, (AHBPERIPH_BASE + 0x8))
                0x4002001c                PROVIDE (DMA_Channel2, (AHBPERIPH_BASE + 0x1c))
                0x40020030                PROVIDE (DMA_Channel3, (AHBPERIPH_BASE + 0x30))
                0x40020044                PROVIDE (DMA_Channel4, (AHBPERIPH_BASE + 0x44))
                0x40020058                PROVIDE (DMA_Channel5, (AHBPERIPH_BASE + 0x58))
                0x4002006c                PROVIDE (DMA_Channel6, (AHBPERIPH_BASE + 0x6c))
                0x40020080                PROVIDE (DMA_Channel7, (AHBPERIPH_BASE + 0x80))
                0x40021000                PROVIDE (RCC, (AHBPERIPH_BASE + 0x1000))
                0xe000e000                SCS_BASE = 0xe000e000
                0xe000e010                PROVIDE (SysTick, (SCS_BASE + 0x10))
                0xe000e100                PROVIDE (NVIC, (SCS_BASE + 0x100))
                0xe000ed00                PROVIDE (SCB, (SCS_BASE + 0xd00))
                0x20005000                PROVIDE (_estack, (ORIGIN (RAM) + 0x5000))

.isr_vector     0x08000000      0x10c
                0x08000000                . = ALIGN (0x4)
 *(.isr_vector)
 .isr_vector    0x08000000      0x10c lib/CMSIS_CM3/startup/gcc/startup_stm32f10x_md.o
                0x08000000                g_pfnVectors
                0x0800010c                . = ALIGN (0x4)

.flash_start    0x00000000        0x0
                0x00000000                . = ALIGN (0x4)
 *(.flash_start)
 *(.flash_start.*)
                0x00000000                . = ALIGN (0x4)

.crp_patch      0x00000000        0x0
                0x00000000                . = ALIGN (0x4)
 *(.crp_patch)
                0x00000000                . = ALIGN (0x4)

.flashtext      0x0800010c        0x0
                0x0800010c                . = ALIGN (0x4)
 *(.flashtext)
                0x0800010c                . = ALIGN (0x4)

.text           0x08000110     0xdb5c
                0x08000110                . = ALIGN (0x4)
 *(.text)
 .text          0x08000110      0x370 /home/laurence/ARM-GCC/bin/../lib/gcc/arm-none-eabi/4.7.4/armv7-m/libgcc.a(_arm_addsubdf3.o)
                0x08000110                __aeabi_drsub
                0x08000118                __aeabi_dsub
                0x08000118                __subdf3
                0x0800011c                __adddf3
                0x0800011c                __aeabi_dadd
                0x08000394                __aeabi_ui2d
                0x08000394                __floatunsidf
                0x080003b4                __floatsidf
                0x080003b4                __aeabi_i2d
                0x080003d8                __extendsfdf2
                0x080003d8                __aeabi_f2d
                0x08000414                __aeabi_ul2d
                0x08000414                __floatundidf
                0x08000424                __floatdidf
                0x08000424                __aeabi_l2d
 .text          0x08000480      0x424 /home/laurence/ARM-GCC/bin/../lib/gcc/arm-none-eabi/4.7.4/armv7-m/libgcc.a(_arm_muldivdf3.o)
                0x08000480                __aeabi_dmul
                0x08000480                __muldf3
                0x080006d4                __aeabi_ddiv
                0x080006d4                __divdf3
 .text          0x080008a4      0x110 /home/laurence/ARM-GCC/bin/../lib/gcc/arm-none-eabi/4.7.4/armv7-m/libgcc.a(_arm_cmpdf2.o)
                0x080008a4                __gtdf2
                0x080008a4                __gedf2
                0x080008ac                __ltdf2
                0x080008ac                __ledf2
                0x080008b4                __cmpdf2
                0x080008b4                __eqdf2
                0x080008b4                __nedf2
                0x08000930                __aeabi_cdrcmple
                0x08000940                __aeabi_cdcmple
                0x08000940                __aeabi_cdcmpeq
                0x08000950                __aeabi_dcmpeq
                0x08000964                __aeabi_dcmplt
                0x08000978                __aeabi_dcmple
                0x0800098c                __aeabi_dcmpge
                0x080009a0                __aeabi_dcmpgt
 .text          0x080009b4       0xa0 /home/laurence/ARM-GCC/bin/../lib/gcc/arm-none-eabi/4.7.4/armv7-m/libgcc.a(_arm_truncdfsf2.o)
                0x080009b4                __aeabi_d2f
                0x080009b4                __truncdfsf2
 .text          0x08000a54      0x21c /home/laurence/ARM-GCC/bin/../lib/gcc/arm-none-eabi/4.7.4/armv7-m/libgcc.a(_arm_addsubsf3.o)
                0x08000a54                __aeabi_frsub
                0x08000a5c                __subsf3
                0x08000a5c                __aeabi_fsub
                0x08000a60                __aeabi_fadd
                0x08000a60                __addsf3
                0x08000bc0                __aeabi_ui2f
                0x08000bc0                __floatunsisf
                0x08000bc8                __aeabi_i2f
                0x08000bc8                __floatsisf
                0x08000be4                __floatundisf
                0x08000be4                __aeabi_ul2f
                0x08000bf4                __floatdisf
                0x08000bf4                __aeabi_l2f
 .text          0x08000c70      0x2a0 /home/laurence/ARM-GCC/bin/../lib/gcc/arm-none-eabi/4.7.4/armv7-m/libgcc.a(_arm_muldivsf3.o)
                0x08000c70                __mulsf3
                0x08000c70                __aeabi_fmul
                0x08000dd8                __divsf3
                0x08000dd8                __aeabi_fdiv
 .text          0x08000f10       0xec /home/laurence/ARM-GCC/bin/../lib/gcc/arm-none-eabi/4.7.4/armv7-m/libgcc.a(_arm_cmpsf2.o)
                0x08000f10                __gtsf2
                0x08000f10                __gesf2
                0x08000f18                __lesf2
                0x08000f18                __ltsf2
                0x08000f20                __nesf2
                0x08000f20                __eqsf2
                0x08000f20                __cmpsf2
                0x08000f80                __aeabi_cfrcmple
                0x08000f88                __aeabi_cfcmple
                0x08000f88                __aeabi_cfcmpeq
                0x08000f98                __aeabi_fcmpeq
                0x08000fac                __aeabi_fcmplt
                0x08000fc0                __aeabi_fcmple
                0x08000fd4                __aeabi_fcmpge
                0x08000fe8                __aeabi_fcmpgt
 .text          0x08000ffc       0x4c /home/laurence/ARM-GCC/bin/../lib/gcc/arm-none-eabi/4.7.4/armv7-m/libgcc.a(_arm_fixsfsi.o)
                0x08000ffc                __fixsfsi
                0x08000ffc                __aeabi_f2iz
 .text          0x08001048       0x40 /home/laurence/ARM-GCC/bin/../lib/gcc/arm-none-eabi/4.7.4/armv7-m/libgcc.a(_arm_fixunssfsi.o)
                0x08001048                __aeabi_f2uiz
                0x08001048                __fixunssfsi
 *(.text.*)
 .text.startup.main
                0x08001088     0x1fc8 /tmp/ccjcDTcj.ltrans0.ltrans.o
                0x08001088                main
 .text.hex_to_byte.4131
                0x08003050       0x1a /tmp/ccjcDTcj.ltrans1.ltrans.o
 .text.atoiRamRom.4145
                0x0800306a       0x20 /tmp/ccjcDTcj.ltrans1.ltrans.o
 *fill*         0x0800308a        0x2 00
 .text.rprintfChar.4148
                0x0800308c       0x1c /tmp/ccjcDTcj.ltrans1.ltrans.o
 .text.Get_Max_Lun
                0x080030a8       0x18 /tmp/ccjcDTcj.ltrans1.ltrans.o
                0x080030a8                Get_Max_Lun
 .text.MASS_Get_Interface_Setting
                0x080030c0        0xc /tmp/ccjcDTcj.ltrans1.ltrans.o
                0x080030c0                MASS_Get_Interface_Setting
 .text.MASS_Status_Out
                0x080030cc        0x2 /tmp/ccjcDTcj.ltrans1.ltrans.o
                0x080030cc                MASS_Status_Out
 .text.MASS_Status_In
                0x080030ce        0x2 /tmp/ccjcDTcj.ltrans1.ltrans.o
                0x080030ce                MASS_Status_In
 .text.Mass_Storage_SetDeviceAddress
                0x080030d0        0xc /tmp/ccjcDTcj.ltrans1.ltrans.o
                0x080030d0                Mass_Storage_SetDeviceAddress
 .text.__gps_send_char.4020
                0x080030dc       0x1c /tmp/ccjcDTcj.ltrans1.ltrans.o
 .text.Mass_Storage_SetConfiguration
                0x080030f8       0x30 /tmp/ccjcDTcj.ltrans1.ltrans.o
                0x080030f8                Mass_Storage_SetConfiguration
 .text.MASS_NoData_Setup
                0x08003128       0x4c /tmp/ccjcDTcj.ltrans1.ltrans.o
                0x08003128                MASS_NoData_Setup
 .text.MASS_GetDeviceDescriptor
                0x08003174        0xc /tmp/ccjcDTcj.ltrans1.ltrans.o
                0x08003174                MASS_GetDeviceDescriptor
 .text.MASS_GetConfigDescriptor
                0x08003180        0xc /tmp/ccjcDTcj.ltrans1.ltrans.o
                0x08003180                MASS_GetConfigDescriptor
 .text.MASS_GetStringDescriptor
                0x0800318c       0x20 /tmp/ccjcDTcj.ltrans1.ltrans.o
                0x0800318c                MASS_GetStringDescriptor
 .text.Gps_Send_Utf8
                0x080031ac       0x1a /tmp/ccjcDTcj.ltrans1.ltrans.o
                0x080031ac                Gps_Send_Utf8
 .text.Gps_Send_Str
                0x080031c6       0x16 /tmp/ccjcDTcj.ltrans1.ltrans.o
                0x080031c6                Gps_Send_Str
 .text.Usart3_Send_Str
                0x080031dc       0x28 /tmp/ccjcDTcj.ltrans1.ltrans.o
                0x080031dc                Usart3_Send_Str
 .text.SP1ML_assign_addr.part.1.5811
                0x08003204       0x38 /tmp/ccjcDTcj.ltrans1.ltrans.o
                0x08003204                SP1ML_assign_addr.part.1.5811
 .text.shutdown
                0x0800323c       0x10 /tmp/ccjcDTcj.ltrans1.ltrans.o
                0x0800323c                shutdown
 .text.set_rtc_correction
                0x0800324c       0x4c /tmp/ccjcDTcj.ltrans1.ltrans.o
                0x0800324c                set_rtc_correction
 .text.my_RTC_SetCounter
                0x08003298       0x22 /tmp/ccjcDTcj.ltrans1.ltrans.o
                0x08003298                my_RTC_SetCounter
 .text.update_rtc_timestamp
                0x080032ba       0x26 /tmp/ccjcDTcj.ltrans1.ltrans.o
                0x080032ba                update_rtc_timestamp
 .text.I2C1_Request_Job
                0x080032e0       0x80 /tmp/ccjcDTcj.ltrans1.ltrans.o
                0x080032e0                I2C1_Request_Job
 .text.rprintf2RamRom
                0x08003360      0x404 /tmp/ccjcDTcj.ltrans1.ltrans.o
                0x08003360                rprintf2RamRom
 .text.validate.4943
                0x08003764       0x2c /tmp/ccjcDTcj.ltrans1.ltrans.o
                0x08003764                validate.4943
 .text.counter_to_struct.5215
                0x08003790       0xa8 /tmp/ccjcDTcj.ltrans1.ltrans.o
                0x08003790                counter_to_struct.5215
 .text.isDST.5197
                0x08003838       0x2a /tmp/ccjcDTcj.ltrans1.ltrans.o
                0x08003838                isDST.5197
 *fill*         0x08003862        0x2 00
 .text.rtc_gettime
                0x08003864       0x74 /tmp/ccjcDTcj.ltrans1.ltrans.o
                0x08003864                rtc_gettime
 .text.get_fattime
                0x080038d8       0x40 /tmp/ccjcDTcj.ltrans1.ltrans.o
                0x080038d8                get_fattime
 .text.clust2sect
                0x08003918       0x18 /tmp/ccjcDTcj.ltrans1.ltrans.o
                0x08003918                clust2sect
 .text.sum_sfn.4904
                0x08003930       0x1e /tmp/ccjcDTcj.ltrans1.ltrans.o
                0x08003930                sum_sfn.4904
 .text.mem_cpy.4874
                0x0800394e       0x12 /tmp/ccjcDTcj.ltrans1.ltrans.o
                0x0800394e                mem_cpy.4874
 .text.ff_convert.part.0.4806
                0x08003960       0x24 /tmp/ccjcDTcj.ltrans1.ltrans.o
                0x08003960                ff_convert.part.0.4806
 .text.Delay    0x08003984       0x18 /tmp/ccjcDTcj.ltrans1.ltrans.o
                0x08003984                Delay
 .text.red_flash
                0x0800399c       0x2c /tmp/ccjcDTcj.ltrans1.ltrans.o
                0x0800399c                red_flash
 .text.Add_To_Buffer
                0x080039c8       0x4a /tmp/ccjcDTcj.ltrans1.ltrans.o
                0x080039c8                Add_To_Buffer
 *fill*         0x08003a12        0x2 00
 .text.__usart_send_char
                0x08003a14       0x50 /tmp/ccjcDTcj.ltrans1.ltrans.o
                0x08003a14                __usart_send_char
 .text.Usart_Send_Str
                0x08003a64       0x16 /tmp/ccjcDTcj.ltrans1.ltrans.o
                0x08003a64                Usart_Send_Str
 *fill*         0x08003a7a        0x2 00
 .text.RN42_generate_packet
                0x08003a7c       0x64 /tmp/ccjcDTcj.ltrans1.ltrans.o
                0x08003a7c                RN42_generate_packet
 .text.__str_print_char
                0x08003ae0       0x2c /tmp/ccjcDTcj.ltrans1.ltrans.o
                0x08003ae0                __str_print_char
 .text.Get_From_Buffer
                0x08003b0c       0x4a /tmp/ccjcDTcj.ltrans1.ltrans.o
                0x08003b0c                Get_From_Buffer
 *fill*         0x08003b56        0x2 00
 .text.SP1ML_command
                0x08003b58       0xa4 /tmp/ccjcDTcj.ltrans1.ltrans.o
                0x08003b58                SP1ML_command
 .text.SP1ML_rx_tx_data_processor
                0x08003bfc      0x1d0 /tmp/ccjcDTcj.ltrans1.ltrans.o
                0x08003bfc                SP1ML_rx_tx_data_processor
 .text.Bot_Abort.part.2.4258
                0x08003dcc       0x18 /tmp/ccjcDTcj.ltrans1.ltrans.o
                0x08003dcc                Bot_Abort.part.2.4258
 .text.Set_CSW  0x08003de4       0x3c /tmp/ccjcDTcj.ltrans1.ltrans.o
                0x08003de4                Set_CSW
 .text.Transfer_Data_Request
                0x08003e20       0x34 /tmp/ccjcDTcj.ltrans1.ltrans.o
                0x08003e20                Transfer_Data_Request
 .text.IntToUnicode.4023
                0x08003e54       0x2a /tmp/ccjcDTcj.ltrans1.ltrans.o
                0x08003e54                IntToUnicode.4023
 *fill*         0x08003e7e        0x2 00
 .text.Mass_Storage_ClearFeature.4013
                0x08003e80       0x18 /tmp/ccjcDTcj.ltrans2.ltrans.o
 .text.MASS_init
                0x08003e98       0x70 /tmp/ccjcDTcj.ltrans2.ltrans.o
                0x08003e98                MASS_init
 .text.__sp1ml_send_char.4067
                0x08003f08       0x40 /tmp/ccjcDTcj.ltrans2.ltrans.o
 .text.SP1ML_generate_packet
                0x08003f48       0xa8 /tmp/ccjcDTcj.ltrans2.ltrans.o
                0x08003f48                SP1ML_generate_packet
 .text.Resume_Init.4207
                0x08003ff0       0x54 /tmp/ccjcDTcj.ltrans2.ltrans.o
 .text.stm32_dma_transfer.5308.4164
                0x08004044       0xc8 /tmp/ccjcDTcj.ltrans2.ltrans.o
 .text.MASS_Reset
                0x0800410c       0xf0 /tmp/ccjcDTcj.ltrans2.ltrans.o
                0x0800410c                MASS_Reset
 .text.aligndata.constprop.25
                0x080041fc       0x44 /tmp/ccjcDTcj.ltrans2.ltrans.o
                0x080041fc                aligndata.constprop.25
 .text.ADC_Configuration
                0x08004240      0x10c /tmp/ccjcDTcj.ltrans2.ltrans.o
                0x08004240                ADC_Configuration
 .text.ads1298_wct_config.constprop.6
                0x0800434c       0xdc /tmp/ccjcDTcj.ltrans2.ltrans.o
                0x0800434c                ads1298_wct_config.constprop.6
 .text.ads1298_spi_dma_transaction
                0x08004428       0xe4 /tmp/ccjcDTcj.ltrans2.ltrans.o
                0x08004428                ads1298_spi_dma_transaction
 .text.power_on.5299
                0x0800450c       0xec /tmp/ccjcDTcj.ltrans2.ltrans.o
                0x0800450c                power_on.5299
 .text.stm32_spi_rw.5301
                0x080045f8       0x24 /tmp/ccjcDTcj.ltrans2.ltrans.o
                0x080045f8                stm32_spi_rw.5301
 .text.rcvr_spi.5304
                0x0800461c        0x6 /tmp/ccjcDTcj.ltrans2.ltrans.o
                0x0800461c                rcvr_spi.5304
 *fill*         0x08004622        0x2 00
 .text.rcvr_datablock
                0x08004624       0x54 /tmp/ccjcDTcj.ltrans2.ltrans.o
                0x08004624                rcvr_datablock
 .text.xmit_datablock.part.1.5313
                0x08004678       0x30 /tmp/ccjcDTcj.ltrans2.ltrans.o
                0x08004678                xmit_datablock.part.1.5313
 .text.release_spi
                0x080046a8       0x18 /tmp/ccjcDTcj.ltrans2.ltrans.o
                0x080046a8                release_spi
 .text.wait_ready.5306
                0x080046c0       0x24 /tmp/ccjcDTcj.ltrans2.ltrans.o
                0x080046c0                wait_ready.5306
 .text.send_cmd
                0x080046e4       0x8c /tmp/ccjcDTcj.ltrans2.ltrans.o
                0x080046e4                send_cmd
 .text.disk_read
                0x08004770       0xa0 /tmp/ccjcDTcj.ltrans2.ltrans.o
                0x08004770                disk_read
 .text.Read_Memory
                0x08004810      0x158 /tmp/ccjcDTcj.ltrans2.ltrans.o
                0x08004810                Read_Memory
 .text.check_fs.4950
                0x08004968       0x88 /tmp/ccjcDTcj.ltrans2.ltrans.o
                0x08004968                check_fs.4950
 .text.EXTI_ONOFF_EN
                0x080049f0       0x54 /tmp/ccjcDTcj.ltrans2.ltrans.o
                0x080049f0                EXTI_ONOFF_EN
 .text.ads1298_busy_wait_command
                0x08004a44       0x4c /tmp/ccjcDTcj.ltrans2.ltrans.o
                0x08004a44                ads1298_busy_wait_command
 .text.ads1298_busy_wait_write
                0x08004a90       0x88 /tmp/ccjcDTcj.ltrans2.ltrans.o
                0x08004a90                ads1298_busy_wait_write
 .text.Resume   0x08004b18       0xa4 /tmp/ccjcDTcj.ltrans2.ltrans.o
                0x08004b18                Resume
 .text.switch_leds_on
                0x08004bbc       0x20 /tmp/ccjcDTcj.ltrans2.ltrans.o
                0x08004bbc                switch_leds_on
 .text.switch_leds_off
                0x08004bdc       0x20 /tmp/ccjcDTcj.ltrans2.ltrans.o
                0x08004bdc                switch_leds_off
 .text.SCSI_Write10_Cmd.4071
                0x08004bfc      0x14c /tmp/ccjcDTcj.ltrans3.ltrans.o
 .text.EP2_OUT_Callback.4009
                0x08004d48      0x30c /tmp/ccjcDTcj.ltrans3.ltrans.o
 .text.dir_register.5056
                0x08005054      0x24c /tmp/ccjcDTcj.ltrans3.ltrans.o
                0x08005054                dir_register.5056
 .text.dir_read.5033
                0x080052a0      0x104 /tmp/ccjcDTcj.ltrans3.ltrans.o
                0x080052a0                dir_read.5033
 .text.disk_write
                0x080053a4       0xcc /tmp/ccjcDTcj.ltrans4.ltrans.o
                0x080053a4                disk_write
 .text.move_window.4933
                0x08005470       0x76 /tmp/ccjcDTcj.ltrans4.ltrans.o
                0x08005470                move_window.4933
 .text.get_fat  0x080054e6       0xca /tmp/ccjcDTcj.ltrans4.ltrans.o
                0x080054e6                get_fat
 .text.SCSI_Invalid_Cmd
                0x080055b0       0x3c /tmp/ccjcDTcj.ltrans4.ltrans.o
                0x080055b0                SCSI_Invalid_Cmd
 .text.SCSI_Address_Management
                0x080055ec       0x74 /tmp/ccjcDTcj.ltrans4.ltrans.o
                0x080055ec                SCSI_Address_Management
 .text.SCSI_Read10_Cmd
                0x08005660       0x6c /tmp/ccjcDTcj.ltrans4.ltrans.o
                0x08005660                SCSI_Read10_Cmd
 .text.EP1_IN_Callback.4107
                0x080056cc       0x5c /tmp/ccjcDTcj.ltrans4.ltrans.o
 .text.USART2_reconf.constprop.8
                0x08005728       0x50 /tmp/ccjcDTcj.ltrans4.ltrans.o
                0x08005728                USART2_reconf.constprop.8
 .text.disk_initialize
                0x08005778      0x148 /tmp/ccjcDTcj.ltrans4.ltrans.o
                0x08005778                disk_initialize
 .text.chk_mounted.4954
                0x080058c0      0x320 /tmp/ccjcDTcj.ltrans4.ltrans.o
                0x080058c0                chk_mounted.4954
 .text.Gps_DMA_Process
                0x08005be0      0x1e0 /tmp/ccjcDTcj.ltrans4.ltrans.o
                0x08005be0                Gps_DMA_Process
 .text.I2C1_EV_IRQHandler
                0x08005dc0      0x58c /tmp/ccjcDTcj.ltrans5.ltrans.o
                0x08005dc0                I2C1_EV_IRQHandler
 .text.file_preallocation_control
                0x0800634c       0x44 /tmp/ccjcDTcj.ltrans5.ltrans.o
                0x0800634c                file_preallocation_control
 .text.f_close  0x08006390        0xe /tmp/ccjcDTcj.ltrans5.ltrans.o
                0x08006390                f_close
 .text.wave_terminate.4094
                0x0800639e       0xe4 /tmp/ccjcDTcj.ltrans5.ltrans.o
 *fill*         0x08006482        0x2 00
 .text.shutdown_filesystem
                0x08006484      0x368 /tmp/ccjcDTcj.ltrans5.ltrans.o
                0x08006484                shutdown_filesystem
 .text.put_fat  0x080067ec       0xf6 /tmp/ccjcDTcj.ltrans6.ltrans.o
                0x080067ec                put_fat
 .text.remove_chain.5046
                0x080068e2       0x54 /tmp/ccjcDTcj.ltrans6.ltrans.o
                0x080068e2                remove_chain.5046
 .text.create_chain.5012
                0x08006936       0x9a /tmp/ccjcDTcj.ltrans6.ltrans.o
                0x08006936                create_chain.5012
 .text.dir_next.5016
                0x080069d0       0xf4 /tmp/ccjcDTcj.ltrans6.ltrans.o
                0x080069d0                dir_next.5016
 .text.dir_find.part.4.5020
                0x08006ac4      0x164 /tmp/ccjcDTcj.ltrans6.ltrans.o
                0x08006ac4                dir_find.part.4.5020
 .text.f_lseek  0x08006c28      0x140 /tmp/ccjcDTcj.ltrans6.ltrans.o
                0x08006c28                f_lseek
 .text.f_write  0x08006d68      0x19a /tmp/ccjcDTcj.ltrans6.ltrans.o
                0x08006d68                f_write
 .text.write_wave_header
                0x08006f02       0xda /tmp/ccjcDTcj.ltrans6.ltrans.o
                0x08006f02                write_wave_header
 .text.write_wave_samples
                0x08006fdc       0xaa /tmp/ccjcDTcj.ltrans6.ltrans.o
                0x08006fdc                write_wave_samples
 *fill*         0x08007086        0x2 00
 .text.__fat_print_char
                0x08007088       0x1c /tmp/ccjcDTcj.ltrans6.ltrans.o
                0x08007088                __fat_print_char
 .text.dir_sdi.4980
                0x080070a4       0x84 /tmp/ccjcDTcj.ltrans6.ltrans.o
                0x080070a4                dir_sdi.4980
 .text.MASS_Data_Setup
                0x08007128       0x38 /tmp/ccjcDTcj.ltrans7.ltrans.o
                0x08007128                MASS_Data_Setup
 .text.get_fileinfo.4925
                0x08007160       0xf0 /tmp/ccjcDTcj.ltrans7.ltrans.o
                0x08007160                get_fileinfo.4925
 .text.Get_UBX_Ack.constprop.9
                0x08007250       0xd0 /tmp/ccjcDTcj.ltrans7.ltrans.o
                0x08007250                Get_UBX_Ack.constprop.9
 .text.ads1298_setup.constprop.5
                0x08007320      0x370 /tmp/ccjcDTcj.ltrans7.ltrans.o
                0x08007320                ads1298_setup.constprop.5
 .text.I2C_Config
                0x08007690      0x1f4 /tmp/ccjcDTcj.ltrans7.ltrans.o
                0x08007690                I2C_Config
 .text.MAL_GetStatus
                0x08007884       0xdc /tmp/ccjcDTcj.ltrans7.ltrans.o
                0x08007884                MAL_GetStatus
 .text.sync.4937
                0x08007960       0xd8 /tmp/ccjcDTcj.ltrans8.ltrans.o
                0x08007960                sync.4937
 .text.f_sync   0x08007a38       0xac /tmp/ccjcDTcj.ltrans8.ltrans.o
                0x08007a38                f_sync
 .text.follow_path.5026
                0x08007ae4      0x2c8 /tmp/ccjcDTcj.ltrans8.ltrans.o
                0x08007ae4                follow_path.5026
 .text.f_open   0x08007dac      0x158 /tmp/ccjcDTcj.ltrans8.ltrans.o
                0x08007dac                f_open
 .text.EXTI9_5_IRQHandler
                0x08007f04       0x2c /tmp/ccjcDTcj.ltrans9.ltrans.o
                0x08007f04                EXTI9_5_IRQHandler
 .text.DMA1_Channel4_IRQHandler
                0x08007f30      0x988 /tmp/ccjcDTcj.ltrans9.ltrans.o
                0x08007f30                DMA1_Channel4_IRQHandler
 .text.USART3_IRQHandler
                0x080088b8       0xbc /tmp/ccjcDTcj.ltrans9.ltrans.o
                0x080088b8                USART3_IRQHandler
 .text.USART1_IRQHandler
                0x08008974       0x90 /tmp/ccjcDTcj.ltrans9.ltrans.o
                0x08008974                USART1_IRQHandler
 .text.USB_LP_CAN1_RX0_IRQHandler
                0x08008a04      0x120 /tmp/ccjcDTcj.ltrans10.ltrans.o
                0x08008a04                USB_LP_CAN1_RX0_IRQHandler
 .text.USB_HP_CAN1_TX_IRQHandler
                0x08008b24        0x4 /tmp/ccjcDTcj.ltrans10.ltrans.o
                0x08008b24                USB_HP_CAN1_TX_IRQHandler
 .text.SysTick_Handler
                0x08008b28      0x180 /tmp/ccjcDTcj.ltrans10.ltrans.o
                0x08008b28                SysTick_Handler
 .text.EXTI15_10_IRQHandler
                0x08008ca8       0x64 /tmp/ccjcDTcj.ltrans10.ltrans.o
                0x08008ca8                EXTI15_10_IRQHandler
 .text.ADC1_2_IRQHandler
                0x08008d0c       0x70 /tmp/ccjcDTcj.ltrans10.ltrans.o
                0x08008d0c                ADC1_2_IRQHandler
 .text.EXTI0_IRQHandler
                0x08008d7c       0x7c /tmp/ccjcDTcj.ltrans10.ltrans.o
                0x08008d7c                EXTI0_IRQHandler
 .text.I2C1_ER_IRQHandler
                0x08008df8      0x13c /tmp/ccjcDTcj.ltrans10.ltrans.o
                0x08008df8                I2C1_ER_IRQHandler
 .text.malloc   0x08008f34       0x10 /home/laurence/ARM-GCC/bin/../lib/gcc/arm-none-eabi/4.7.4/../../../../arm-none-eabi/lib/armv7-m/libc.a(lib_a-malloc.o)
                0x08008f34                malloc
 .text._malloc_r
                0x08008f44      0x530 /home/laurence/ARM-GCC/bin/../lib/gcc/arm-none-eabi/4.7.4/../../../../arm-none-eabi/lib/armv7-m/libc.a(lib_a-mallocr.o)
                0x08008f44                _malloc_r
 .text.memcmp   0x08009474       0xb8 /home/laurence/ARM-GCC/bin/../lib/gcc/arm-none-eabi/4.7.4/../../../../arm-none-eabi/lib/armv7-m/libc.a(lib_a-memcmp.o)
                0x08009474                memcmp
 .text.memcpy   0x0800952c      0x15c /home/laurence/ARM-GCC/bin/../lib/gcc/arm-none-eabi/4.7.4/../../../../arm-none-eabi/lib/armv7-m/libc.a(lib_a-memcpy.o)
                0x0800952c                memcpy
 .text.__malloc_lock
                0x08009688        0x4 /home/laurence/ARM-GCC/bin/../lib/gcc/arm-none-eabi/4.7.4/../../../../arm-none-eabi/lib/armv7-m/libc.a(lib_a-mlock.o)
                0x08009688                __malloc_lock
 .text.__malloc_unlock
                0x0800968c        0x4 /home/laurence/ARM-GCC/bin/../lib/gcc/arm-none-eabi/4.7.4/../../../../arm-none-eabi/lib/armv7-m/libc.a(lib_a-mlock.o)
                0x0800968c                __malloc_unlock
 .text._sbrk_r  0x08009690       0x24 /home/laurence/ARM-GCC/bin/../lib/gcc/arm-none-eabi/4.7.4/../../../../arm-none-eabi/lib/armv7-m/libc.a(lib_a-sbrkr.o)
                0x08009690                _sbrk_r
 .text.strcat   0x080096b4       0x4c /home/laurence/ARM-GCC/bin/../lib/gcc/arm-none-eabi/4.7.4/../../../../arm-none-eabi/lib/armv7-m/libc.a(lib_a-strcat.o)
                0x080096b4                strcat
 .text.strcpy   0x08009700       0xbc /home/laurence/ARM-GCC/bin/../lib/gcc/arm-none-eabi/4.7.4/../../../../arm-none-eabi/lib/armv7-m/libc.a(lib_a-strcpy.o)
                0x08009700                strcpy
 .text.strlen   0x080097bc       0x60 /home/laurence/ARM-GCC/bin/../lib/gcc/arm-none-eabi/4.7.4/../../../../arm-none-eabi/lib/armv7-m/libc.a(lib_a-strlen.o)
                0x080097bc                strlen
 .text._malloc_trim_r
                0x0800981c       0x98 /home/laurence/ARM-GCC/bin/../lib/gcc/arm-none-eabi/4.7.4/../../../../arm-none-eabi/lib/armv7-m/libc.a(lib_a-freer.o)
                0x0800981c                _malloc_trim_r
 .text._free_r  0x080098b4      0x194 /home/laurence/ARM-GCC/bin/../lib/gcc/arm-none-eabi/4.7.4/../../../../arm-none-eabi/lib/armv7-m/libc.a(lib_a-freer.o)
                0x080098b4                _free_r
 .text.Reset_Handler
                0x08009a48       0x48 lib/CMSIS_CM3/startup/gcc/startup_stm32f10x_md.o
                0x08009a48                Reset_Handler
 .text.Default_Handler
                0x08009a90        0x4 lib/CMSIS_CM3/startup/gcc/startup_stm32f10x_md.o
                0x08009a90                EXTI2_IRQHandler
                0x08009a90                DebugMon_Handler
                0x08009a90                TIM1_CC_IRQHandler
                0x08009a90                HardFault_Handler
                0x08009a90                PVD_IRQHandler
                0x08009a90                PendSV_Handler
                0x08009a90                NMI_Handler
                0x08009a90                EXTI3_IRQHandler
                0x08009a90                I2C2_EV_IRQHandler
                0x08009a90                UsageFault_Handler
                0x08009a90                SPI1_IRQHandler
                0x08009a90                TAMPER_IRQHandler
                0x08009a90                RTC_IRQHandler
                0x08009a90                DMA1_Channel7_IRQHandler
                0x08009a90                CAN1_RX1_IRQHandler
                0x08009a90                TIM4_IRQHandler
                0x08009a90                DMA1_Channel6_IRQHandler
                0x08009a90                TIM3_IRQHandler
                0x08009a90                RCC_IRQHandler
                0x08009a90                TIM1_TRG_COM_IRQHandler
                0x08009a90                DMA1_Channel1_IRQHandler
                0x08009a90                Default_Handler
                0x08009a90                SPI2_IRQHandler
                0x08009a90                MemManage_Handler
                0x08009a90                SVC_Handler
                0x08009a90                DMA1_Channel5_IRQHandler
                0x08009a90                EXTI4_IRQHandler
                0x08009a90                DMA1_Channel3_IRQHandler
                0x08009a90                TIM1_UP_IRQHandler
                0x08009a90                WWDG_IRQHandler
                0x08009a90                TIM2_IRQHandler
                0x08009a90                TIM1_BRK_IRQHandler
                0x08009a90                EXTI1_IRQHandler
                0x08009a90                RTCAlarm_IRQHandler
                0x08009a90                USART2_IRQHandler
                0x08009a90                I2C2_ER_IRQHandler
                0x08009a90                DMA1_Channel2_IRQHandler
                0x08009a90                CAN1_SCE_IRQHandler
                0x08009a90                FLASH_IRQHandler
                0x08009a90                BusFault_Handler
                0x08009a90                USBWakeUp_IRQHandler
 .text.NVIC_PriorityGroupConfig
                0x08009a94       0x14 lib/STM32F10x_StdPeriph_Driver/libstm32fw.a(misc.o)
                0x08009a94                NVIC_PriorityGroupConfig
 .text.NVIC_Init
                0x08009aa8       0x68 lib/STM32F10x_StdPeriph_Driver/libstm32fw.a(misc.o)
                0x08009aa8                NVIC_Init
 .text.NVIC_SetVectorTable
                0x08009b10       0x14 lib/STM32F10x_StdPeriph_Driver/libstm32fw.a(misc.o)
                0x08009b10                NVIC_SetVectorTable
 .text.SysTick_CLKSourceConfig
                0x08009b24       0x18 lib/STM32F10x_StdPeriph_Driver/libstm32fw.a(misc.o)
                0x08009b24                SysTick_CLKSourceConfig
 .text.ADC_DeInit
                0x08009b3c       0x5c lib/STM32F10x_StdPeriph_Driver/libstm32fw.a(stm32f10x_adc.o)
                0x08009b3c                ADC_DeInit
 .text.ADC_Init
                0x08009b98       0x48 lib/STM32F10x_StdPeriph_Driver/libstm32fw.a(stm32f10x_adc.o)
                0x08009b98                ADC_Init
 .text.ADC_Cmd  0x08009be0       0x12 lib/STM32F10x_StdPeriph_Driver/libstm32fw.a(stm32f10x_adc.o)
                0x08009be0                ADC_Cmd
 .text.ADC_ITConfig
                0x08009bf2       0x12 lib/STM32F10x_StdPeriph_Driver/libstm32fw.a(stm32f10x_adc.o)
                0x08009bf2                ADC_ITConfig
 .text.ADC_ResetCalibration
                0x08009c04        0xa lib/STM32F10x_StdPeriph_Driver/libstm32fw.a(stm32f10x_adc.o)
                0x08009c04                ADC_ResetCalibration
 .text.ADC_GetResetCalibrationStatus
                0x08009c0e        0x8 lib/STM32F10x_StdPeriph_Driver/libstm32fw.a(stm32f10x_adc.o)
                0x08009c0e                ADC_GetResetCalibrationStatus
 .text.ADC_StartCalibration
                0x08009c16        0xa lib/STM32F10x_StdPeriph_Driver/libstm32fw.a(stm32f10x_adc.o)
                0x08009c16                ADC_StartCalibration
 .text.ADC_GetCalibrationStatus
                0x08009c20        0x8 lib/STM32F10x_StdPeriph_Driver/libstm32fw.a(stm32f10x_adc.o)
                0x08009c20                ADC_GetCalibrationStatus
 .text.ADC_SoftwareStartConvCmd
                0x08009c28       0x12 lib/STM32F10x_StdPeriph_Driver/libstm32fw.a(stm32f10x_adc.o)
                0x08009c28                ADC_SoftwareStartConvCmd
 .text.ADC_RegularChannelConfig
                0x08009c3a       0x9a lib/STM32F10x_StdPeriph_Driver/libstm32fw.a(stm32f10x_adc.o)
                0x08009c3a                ADC_RegularChannelConfig
 .text.ADC_GetConversionValue
                0x08009cd4        0x6 lib/STM32F10x_StdPeriph_Driver/libstm32fw.a(stm32f10x_adc.o)
                0x08009cd4                ADC_GetConversionValue
 .text.ADC_ExternalTrigInjectedConvConfig
                0x08009cda        0xc lib/STM32F10x_StdPeriph_Driver/libstm32fw.a(stm32f10x_adc.o)
                0x08009cda                ADC_ExternalTrigInjectedConvConfig
 .text.ADC_SoftwareStartInjectedConvCmd
                0x08009ce6       0x12 lib/STM32F10x_StdPeriph_Driver/libstm32fw.a(stm32f10x_adc.o)
                0x08009ce6                ADC_SoftwareStartInjectedConvCmd
 .text.ADC_InjectedChannelConfig
                0x08009cf8       0x60 lib/STM32F10x_StdPeriph_Driver/libstm32fw.a(stm32f10x_adc.o)
                0x08009cf8                ADC_InjectedChannelConfig
 .text.ADC_InjectedSequencerLengthConfig
                0x08009d58       0x10 lib/STM32F10x_StdPeriph_Driver/libstm32fw.a(stm32f10x_adc.o)
                0x08009d58                ADC_InjectedSequencerLengthConfig
 .text.ADC_GetInjectedConversionValue
                0x08009d68       0x1a lib/STM32F10x_StdPeriph_Driver/libstm32fw.a(stm32f10x_adc.o)
                0x08009d68                ADC_GetInjectedConversionValue
 .text.ADC_AnalogWatchdogCmd
                0x08009d82       0x10 lib/STM32F10x_StdPeriph_Driver/libstm32fw.a(stm32f10x_adc.o)
                0x08009d82                ADC_AnalogWatchdogCmd
 .text.ADC_AnalogWatchdogThresholdsConfig
                0x08009d92        0x6 lib/STM32F10x_StdPeriph_Driver/libstm32fw.a(stm32f10x_adc.o)
                0x08009d92                ADC_AnalogWatchdogThresholdsConfig
 .text.ADC_AnalogWatchdogSingleChannelConfig
                0x08009d98        0xc lib/STM32F10x_StdPeriph_Driver/libstm32fw.a(stm32f10x_adc.o)
                0x08009d98                ADC_AnalogWatchdogSingleChannelConfig
 .text.ADC_GetFlagStatus
                0x08009da4        0xc lib/STM32F10x_StdPeriph_Driver/libstm32fw.a(stm32f10x_adc.o)
                0x08009da4                ADC_GetFlagStatus
 .text.ADC_ClearFlag
                0x08009db0        0x6 lib/STM32F10x_StdPeriph_Driver/libstm32fw.a(stm32f10x_adc.o)
                0x08009db0                ADC_ClearFlag
 .text.ADC_GetITStatus
                0x08009db6       0x16 lib/STM32F10x_StdPeriph_Driver/libstm32fw.a(stm32f10x_adc.o)
                0x08009db6                ADC_GetITStatus
 .text.ADC_ClearITPendingBit
                0x08009dcc        0x8 lib/STM32F10x_StdPeriph_Driver/libstm32fw.a(stm32f10x_adc.o)
                0x08009dcc                ADC_ClearITPendingBit
 .text.BKP_DeInit
                0x08009dd4       0x12 lib/STM32F10x_StdPeriph_Driver/libstm32fw.a(stm32f10x_bkp.o)
                0x08009dd4                BKP_DeInit
 *fill*         0x08009de6        0x2 00
 .text.BKP_RTCOutputConfig
                0x08009de8       0x18 lib/STM32F10x_StdPeriph_Driver/libstm32fw.a(stm32f10x_bkp.o)
                0x08009de8                BKP_RTCOutputConfig
 .text.BKP_SetRTCCalibrationValue
                0x08009e00       0x18 lib/STM32F10x_StdPeriph_Driver/libstm32fw.a(stm32f10x_bkp.o)
                0x08009e00                BKP_SetRTCCalibrationValue
 .text.BKP_WriteBackupRegister
                0x08009e18       0x1c lib/STM32F10x_StdPeriph_Driver/libstm32fw.a(stm32f10x_bkp.o)
                0x08009e18                BKP_WriteBackupRegister
 .text.BKP_ReadBackupRegister
                0x08009e34       0x20 lib/STM32F10x_StdPeriph_Driver/libstm32fw.a(stm32f10x_bkp.o)
                0x08009e34                BKP_ReadBackupRegister
 .text.DBGMCU_Config
                0x08009e54       0x18 lib/STM32F10x_StdPeriph_Driver/libstm32fw.a(stm32f10x_dbgmcu.o)
                0x08009e54                DBGMCU_Config
 .text.DMA_DeInit
                0x08009e6c       0xec lib/STM32F10x_StdPeriph_Driver/libstm32fw.a(stm32f10x_dma.o)
                0x08009e6c                DMA_DeInit
 .text.DMA_Init
                0x08009f58       0x40 lib/STM32F10x_StdPeriph_Driver/libstm32fw.a(stm32f10x_dma.o)
                0x08009f58                DMA_Init
 .text.DMA_Cmd  0x08009f98       0x12 lib/STM32F10x_StdPeriph_Driver/libstm32fw.a(stm32f10x_dma.o)
                0x08009f98                DMA_Cmd
 .text.DMA_ITConfig
                0x08009faa       0x10 lib/STM32F10x_StdPeriph_Driver/libstm32fw.a(stm32f10x_dma.o)
                0x08009faa                DMA_ITConfig
 .text.DMA_GetCurrDataCounter
                0x08009fba        0x6 lib/STM32F10x_StdPeriph_Driver/libstm32fw.a(stm32f10x_dma.o)
                0x08009fba                DMA_GetCurrDataCounter
 .text.DMA_GetFlagStatus
                0x08009fc0       0x1c lib/STM32F10x_StdPeriph_Driver/libstm32fw.a(stm32f10x_dma.o)
                0x08009fc0                DMA_GetFlagStatus
 .text.DMA_ClearFlag
                0x08009fdc       0x14 lib/STM32F10x_StdPeriph_Driver/libstm32fw.a(stm32f10x_dma.o)
                0x08009fdc                DMA_ClearFlag
 .text.DMA_GetITStatus
                0x08009ff0       0x1c lib/STM32F10x_StdPeriph_Driver/libstm32fw.a(stm32f10x_dma.o)
                0x08009ff0                DMA_GetITStatus
 .text.DMA_ClearITPendingBit
                0x0800a00c       0x14 lib/STM32F10x_StdPeriph_Driver/libstm32fw.a(stm32f10x_dma.o)
                0x0800a00c                DMA_ClearITPendingBit
 .text.EXTI_DeInit
                0x0800a020       0x1c lib/STM32F10x_StdPeriph_Driver/libstm32fw.a(stm32f10x_exti.o)
                0x0800a020                EXTI_DeInit
 .text.EXTI_Init
                0x0800a03c       0x88 lib/STM32F10x_StdPeriph_Driver/libstm32fw.a(stm32f10x_exti.o)
                0x0800a03c                EXTI_Init
 .text.EXTI_GetITStatus
                0x0800a0c4       0x20 lib/STM32F10x_StdPeriph_Driver/libstm32fw.a(stm32f10x_exti.o)
                0x0800a0c4                EXTI_GetITStatus
 .text.EXTI_ClearITPendingBit
                0x0800a0e4        0xc lib/STM32F10x_StdPeriph_Driver/libstm32fw.a(stm32f10x_exti.o)
                0x0800a0e4                EXTI_ClearITPendingBit
 .text.GPIO_Init
                0x0800a0f0       0x9a lib/STM32F10x_StdPeriph_Driver/libstm32fw.a(stm32f10x_gpio.o)
                0x0800a0f0                GPIO_Init
 .text.GPIO_StructInit
                0x0800a18a       0x10 lib/STM32F10x_StdPeriph_Driver/libstm32fw.a(stm32f10x_gpio.o)
                0x0800a18a                GPIO_StructInit
 .text.GPIO_ReadInputDataBit
                0x0800a19a        0xc lib/STM32F10x_StdPeriph_Driver/libstm32fw.a(stm32f10x_gpio.o)
                0x0800a19a                GPIO_ReadInputDataBit
 .text.GPIO_SetBits
                0x0800a1a6        0x4 lib/STM32F10x_StdPeriph_Driver/libstm32fw.a(stm32f10x_gpio.o)
                0x0800a1a6                GPIO_SetBits
 .text.GPIO_ResetBits
                0x0800a1aa        0x4 lib/STM32F10x_StdPeriph_Driver/libstm32fw.a(stm32f10x_gpio.o)
                0x0800a1aa                GPIO_ResetBits
 .text.GPIO_WriteBit
                0x0800a1ae        0xa lib/STM32F10x_StdPeriph_Driver/libstm32fw.a(stm32f10x_gpio.o)
                0x0800a1ae                GPIO_WriteBit
 .text.GPIO_PinRemapConfig
                0x0800a1b8       0x58 lib/STM32F10x_StdPeriph_Driver/libstm32fw.a(stm32f10x_gpio.o)
                0x0800a1b8                GPIO_PinRemapConfig
 .text.GPIO_EXTILineConfig
                0x0800a210       0x34 lib/STM32F10x_StdPeriph_Driver/libstm32fw.a(stm32f10x_gpio.o)
                0x0800a210                GPIO_EXTILineConfig
 .text.I2C_DeInit
                0x0800a244       0x34 lib/STM32F10x_StdPeriph_Driver/libstm32fw.a(stm32f10x_i2c.o)
                0x0800a244                I2C_DeInit
 .text.I2C_Init
                0x0800a278       0xd4 lib/STM32F10x_StdPeriph_Driver/libstm32fw.a(stm32f10x_i2c.o)
                0x0800a278                I2C_Init
 .text.I2C_Cmd  0x0800a34c       0x18 lib/STM32F10x_StdPeriph_Driver/libstm32fw.a(stm32f10x_i2c.o)
                0x0800a34c                I2C_Cmd
 .text.I2C_GenerateSTART
                0x0800a364       0x18 lib/STM32F10x_StdPeriph_Driver/libstm32fw.a(stm32f10x_i2c.o)
                0x0800a364                I2C_GenerateSTART
 .text.I2C_GenerateSTOP
                0x0800a37c       0x18 lib/STM32F10x_StdPeriph_Driver/libstm32fw.a(stm32f10x_i2c.o)
                0x0800a37c                I2C_GenerateSTOP
 .text.I2C_AcknowledgeConfig
                0x0800a394       0x18 lib/STM32F10x_StdPeriph_Driver/libstm32fw.a(stm32f10x_i2c.o)
                0x0800a394                I2C_AcknowledgeConfig
 .text.I2C_ITConfig
                0x0800a3ac       0x12 lib/STM32F10x_StdPeriph_Driver/libstm32fw.a(stm32f10x_i2c.o)
                0x0800a3ac                I2C_ITConfig
 .text.I2C_SendData
                0x0800a3be        0x4 lib/STM32F10x_StdPeriph_Driver/libstm32fw.a(stm32f10x_i2c.o)
                0x0800a3be                I2C_SendData
 .text.I2C_ReceiveData
                0x0800a3c2        0x6 lib/STM32F10x_StdPeriph_Driver/libstm32fw.a(stm32f10x_i2c.o)
                0x0800a3c2                I2C_ReceiveData
 .text.I2C_Send7bitAddress
                0x0800a3c8       0x10 lib/STM32F10x_StdPeriph_Driver/libstm32fw.a(stm32f10x_i2c.o)
                0x0800a3c8                I2C_Send7bitAddress
 .text.I2C_SoftwareResetCmd
                0x0800a3d8       0x18 lib/STM32F10x_StdPeriph_Driver/libstm32fw.a(stm32f10x_i2c.o)
                0x0800a3d8                I2C_SoftwareResetCmd
 .text.IWDG_WriteAccessCmd
                0x0800a3f0        0xc lib/STM32F10x_StdPeriph_Driver/libstm32fw.a(stm32f10x_iwdg.o)
                0x0800a3f0                IWDG_WriteAccessCmd
 .text.IWDG_SetPrescaler
                0x0800a3fc        0xc lib/STM32F10x_StdPeriph_Driver/libstm32fw.a(stm32f10x_iwdg.o)
                0x0800a3fc                IWDG_SetPrescaler
 .text.IWDG_SetReload
                0x0800a408        0xc lib/STM32F10x_StdPeriph_Driver/libstm32fw.a(stm32f10x_iwdg.o)
                0x0800a408                IWDG_SetReload
 .text.IWDG_ReloadCounter
                0x0800a414       0x10 lib/STM32F10x_StdPeriph_Driver/libstm32fw.a(stm32f10x_iwdg.o)
                0x0800a414                IWDG_ReloadCounter
 .text.IWDG_Enable
                0x0800a424       0x10 lib/STM32F10x_StdPeriph_Driver/libstm32fw.a(stm32f10x_iwdg.o)
                0x0800a424                IWDG_Enable
 .text.PWR_DeInit
                0x0800a434       0x1a lib/STM32F10x_StdPeriph_Driver/libstm32fw.a(stm32f10x_pwr.o)
                0x0800a434                PWR_DeInit
 *fill*         0x0800a44e        0x2 00
 .text.PWR_BackupAccessCmd
                0x0800a450        0xc lib/STM32F10x_StdPeriph_Driver/libstm32fw.a(stm32f10x_pwr.o)
                0x0800a450                PWR_BackupAccessCmd
 .text.PWR_WakeUpPinCmd
                0x0800a45c        0xc lib/STM32F10x_StdPeriph_Driver/libstm32fw.a(stm32f10x_pwr.o)
                0x0800a45c                PWR_WakeUpPinCmd
 .text.PWR_EnterSTANDBYMode
                0x0800a468       0x28 lib/STM32F10x_StdPeriph_Driver/libstm32fw.a(stm32f10x_pwr.o)
                0x0800a468                PWR_EnterSTANDBYMode
 .text.RCC_HCLKConfig
                0x0800a490       0x14 lib/STM32F10x_StdPeriph_Driver/libstm32fw.a(stm32f10x_rcc.o)
                0x0800a490                RCC_HCLKConfig
 .text.RCC_USBCLKConfig
                0x0800a4a4        0xc lib/STM32F10x_StdPeriph_Driver/libstm32fw.a(stm32f10x_rcc.o)
                0x0800a4a4                RCC_USBCLKConfig
 .text.RCC_ADCCLKConfig
                0x0800a4b0       0x14 lib/STM32F10x_StdPeriph_Driver/libstm32fw.a(stm32f10x_rcc.o)
                0x0800a4b0                RCC_ADCCLKConfig
 .text.RCC_LSEConfig
                0x0800a4c4       0x20 lib/STM32F10x_StdPeriph_Driver/libstm32fw.a(stm32f10x_rcc.o)
                0x0800a4c4                RCC_LSEConfig
 .text.RCC_RTCCLKConfig
                0x0800a4e4       0x10 lib/STM32F10x_StdPeriph_Driver/libstm32fw.a(stm32f10x_rcc.o)
                0x0800a4e4                RCC_RTCCLKConfig
 .text.RCC_RTCCLKCmd
                0x0800a4f4        0xc lib/STM32F10x_StdPeriph_Driver/libstm32fw.a(stm32f10x_rcc.o)
                0x0800a4f4                RCC_RTCCLKCmd
 .text.RCC_GetClocksFreq
                0x0800a500       0x9c lib/STM32F10x_StdPeriph_Driver/libstm32fw.a(stm32f10x_rcc.o)
                0x0800a500                RCC_GetClocksFreq
 .text.RCC_AHBPeriphClockCmd
                0x0800a59c       0x18 lib/STM32F10x_StdPeriph_Driver/libstm32fw.a(stm32f10x_rcc.o)
                0x0800a59c                RCC_AHBPeriphClockCmd
 .text.RCC_APB2PeriphClockCmd
                0x0800a5b4       0x18 lib/STM32F10x_StdPeriph_Driver/libstm32fw.a(stm32f10x_rcc.o)
                0x0800a5b4                RCC_APB2PeriphClockCmd
 .text.RCC_APB1PeriphClockCmd
                0x0800a5cc       0x18 lib/STM32F10x_StdPeriph_Driver/libstm32fw.a(stm32f10x_rcc.o)
                0x0800a5cc                RCC_APB1PeriphClockCmd
 .text.RCC_APB2PeriphResetCmd
                0x0800a5e4       0x18 lib/STM32F10x_StdPeriph_Driver/libstm32fw.a(stm32f10x_rcc.o)
                0x0800a5e4                RCC_APB2PeriphResetCmd
 .text.RCC_APB1PeriphResetCmd
                0x0800a5fc       0x18 lib/STM32F10x_StdPeriph_Driver/libstm32fw.a(stm32f10x_rcc.o)
                0x0800a5fc                RCC_APB1PeriphResetCmd
 .text.RCC_BackupResetCmd
                0x0800a614        0xc lib/STM32F10x_StdPeriph_Driver/libstm32fw.a(stm32f10x_rcc.o)
                0x0800a614                RCC_BackupResetCmd
 .text.RCC_GetFlagStatus
                0x0800a620       0x28 lib/STM32F10x_StdPeriph_Driver/libstm32fw.a(stm32f10x_rcc.o)
                0x0800a620                RCC_GetFlagStatus
 .text.RTC_EnterConfigMode
                0x0800a648       0x14 lib/STM32F10x_StdPeriph_Driver/libstm32fw.a(stm32f10x_rtc.o)
                0x0800a648                RTC_EnterConfigMode
 .text.RTC_ExitConfigMode
                0x0800a65c       0x14 lib/STM32F10x_StdPeriph_Driver/libstm32fw.a(stm32f10x_rtc.o)
                0x0800a65c                RTC_ExitConfigMode
 .text.RTC_GetCounter
                0x0800a670       0x14 lib/STM32F10x_StdPeriph_Driver/libstm32fw.a(stm32f10x_rtc.o)
                0x0800a670                RTC_GetCounter
 .text.RTC_SetCounter
                0x0800a684       0x20 lib/STM32F10x_StdPeriph_Driver/libstm32fw.a(stm32f10x_rtc.o)
                0x0800a684                RTC_SetCounter
 .text.RTC_SetPrescaler
                0x0800a6a4       0x20 lib/STM32F10x_StdPeriph_Driver/libstm32fw.a(stm32f10x_rtc.o)
                0x0800a6a4                RTC_SetPrescaler
 .text.RTC_WaitForLastTask
                0x0800a6c4       0x14 lib/STM32F10x_StdPeriph_Driver/libstm32fw.a(stm32f10x_rtc.o)
                0x0800a6c4                RTC_WaitForLastTask
 .text.RTC_WaitForSynchro
                0x0800a6d8       0x24 lib/STM32F10x_StdPeriph_Driver/libstm32fw.a(stm32f10x_rtc.o)
                0x0800a6d8                RTC_WaitForSynchro
 .text.SPI_Init
                0x0800a6fc       0x3e lib/STM32F10x_StdPeriph_Driver/libstm32fw.a(stm32f10x_spi.o)
                0x0800a6fc                SPI_Init
 .text.SPI_StructInit
                0x0800a73a       0x18 lib/STM32F10x_StdPeriph_Driver/libstm32fw.a(stm32f10x_spi.o)
                0x0800a73a                SPI_StructInit
 .text.SPI_Cmd  0x0800a752       0x18 lib/STM32F10x_StdPeriph_Driver/libstm32fw.a(stm32f10x_spi.o)
                0x0800a752                SPI_Cmd
 .text.SPI_I2S_DMACmd
                0x0800a76a       0x12 lib/STM32F10x_StdPeriph_Driver/libstm32fw.a(stm32f10x_spi.o)
                0x0800a76a                SPI_I2S_DMACmd
 .text.SPI_I2S_SendData
                0x0800a77c        0x4 lib/STM32F10x_StdPeriph_Driver/libstm32fw.a(stm32f10x_spi.o)
                0x0800a77c                SPI_I2S_SendData
 .text.SPI_I2S_ReceiveData
                0x0800a780        0x6 lib/STM32F10x_StdPeriph_Driver/libstm32fw.a(stm32f10x_spi.o)
                0x0800a780                SPI_I2S_ReceiveData
 .text.SPI_CalculateCRC
                0x0800a786       0x18 lib/STM32F10x_StdPeriph_Driver/libstm32fw.a(stm32f10x_spi.o)
                0x0800a786                SPI_CalculateCRC
 .text.SPI_I2S_GetFlagStatus
                0x0800a79e        0xc lib/STM32F10x_StdPeriph_Driver/libstm32fw.a(stm32f10x_spi.o)
                0x0800a79e                SPI_I2S_GetFlagStatus
 *fill*         0x0800a7aa        0x2 00
 .text.TIM_DeInit
                0x0800a7ac       0xc8 lib/STM32F10x_StdPeriph_Driver/libstm32fw.a(stm32f10x_tim.o)
                0x0800a7ac                TIM_DeInit
 .text.TIM_TimeBaseInit
                0x0800a874       0x3c lib/STM32F10x_StdPeriph_Driver/libstm32fw.a(stm32f10x_tim.o)
                0x0800a874                TIM_TimeBaseInit
 .text.TIM_OC4Init
                0x0800a8b0       0x68 lib/STM32F10x_StdPeriph_Driver/libstm32fw.a(stm32f10x_tim.o)
                0x0800a8b0                TIM_OC4Init
 .text.TIM_Cmd  0x0800a918       0x18 lib/STM32F10x_StdPeriph_Driver/libstm32fw.a(stm32f10x_tim.o)
                0x0800a918                TIM_Cmd
 .text.TIM_OC4PreloadConfig
                0x0800a930       0x14 lib/STM32F10x_StdPeriph_Driver/libstm32fw.a(stm32f10x_tim.o)
                0x0800a930                TIM_OC4PreloadConfig
 .text.USART_DeInit
                0x0800a944       0x98 lib/STM32F10x_StdPeriph_Driver/libstm32fw.a(stm32f10x_usart.o)
                0x0800a944                USART_DeInit
 .text.USART_Init
                0x0800a9dc       0x88 lib/STM32F10x_StdPeriph_Driver/libstm32fw.a(stm32f10x_usart.o)
                0x0800a9dc                USART_Init
 .text.USART_Cmd
                0x0800aa64       0x18 lib/STM32F10x_StdPeriph_Driver/libstm32fw.a(stm32f10x_usart.o)
                0x0800aa64                USART_Cmd
 .text.USART_ITConfig
                0x0800aa7c       0x34 lib/STM32F10x_StdPeriph_Driver/libstm32fw.a(stm32f10x_usart.o)
                0x0800aa7c                USART_ITConfig
 .text.USART_DMACmd
                0x0800aab0       0x12 lib/STM32F10x_StdPeriph_Driver/libstm32fw.a(stm32f10x_usart.o)
                0x0800aab0                USART_DMACmd
 .text.USART_SendData
                0x0800aac2        0x8 lib/STM32F10x_StdPeriph_Driver/libstm32fw.a(stm32f10x_usart.o)
                0x0800aac2                USART_SendData
 .text.USART_ReceiveData
                0x0800aaca        0x8 lib/STM32F10x_StdPeriph_Driver/libstm32fw.a(stm32f10x_usart.o)
                0x0800aaca                USART_ReceiveData
 .text.USART_GetFlagStatus
                0x0800aad2        0xc lib/STM32F10x_StdPeriph_Driver/libstm32fw.a(stm32f10x_usart.o)
                0x0800aad2                USART_GetFlagStatus
 .text.USART_GetITStatus
                0x0800aade       0x40 lib/STM32F10x_StdPeriph_Driver/libstm32fw.a(stm32f10x_usart.o)
                0x0800aade                USART_GetITStatus
 .text.USART_ClearITPendingBit
                0x0800ab1e       0x10 lib/STM32F10x_StdPeriph_Driver/libstm32fw.a(stm32f10x_usart.o)
                0x0800ab1e                USART_ClearITPendingBit
 *fill*         0x0800ab2e        0x2 00
 .text.Standard_GetConfiguration
                0x0800ab30       0x24 lib/STM32_USB-FS-Device_Driver/libstm32usb.a(usb_core.o)
                0x0800ab30                Standard_GetConfiguration
 .text.Standard_GetInterface
                0x0800ab54       0x24 lib/STM32_USB-FS-Device_Driver/libstm32usb.a(usb_core.o)
                0x0800ab54                Standard_GetInterface
 .text.Standard_GetStatus
                0x0800ab78       0x9c lib/STM32_USB-FS-Device_Driver/libstm32usb.a(usb_core.o)
                0x0800ab78                Standard_GetStatus
 .text.DataStageIn
                0x0800ac14       0xa4 lib/STM32_USB-FS-Device_Driver/libstm32usb.a(usb_core.o)
 .text.Standard_SetConfiguration
                0x0800acb8       0x38 lib/STM32_USB-FS-Device_Driver/libstm32usb.a(usb_core.o)
                0x0800acb8                Standard_SetConfiguration
 .text.Standard_SetInterface
                0x0800acf0       0x48 lib/STM32_USB-FS-Device_Driver/libstm32usb.a(usb_core.o)
                0x0800acf0                Standard_SetInterface
 .text.Standard_ClearFeature
                0x0800ad38       0xdc lib/STM32_USB-FS-Device_Driver/libstm32usb.a(usb_core.o)
                0x0800ad38                Standard_ClearFeature
 .text.Standard_SetEndPointFeature
                0x0800ae14       0x8c lib/STM32_USB-FS-Device_Driver/libstm32usb.a(usb_core.o)
                0x0800ae14                Standard_SetEndPointFeature
 .text.Standard_SetDeviceFeature
                0x0800aea0       0x24 lib/STM32_USB-FS-Device_Driver/libstm32usb.a(usb_core.o)
                0x0800aea0                Standard_SetDeviceFeature
 .text.Standard_GetDescriptorData
                0x0800aec4       0x1c lib/STM32_USB-FS-Device_Driver/libstm32usb.a(usb_core.o)
                0x0800aec4                Standard_GetDescriptorData
 .text.Post0_Process
                0x0800aee0       0x40 lib/STM32_USB-FS-Device_Driver/libstm32usb.a(usb_core.o)
                0x0800aee0                Post0_Process
 .text.Out0_Process
                0x0800af20       0xd4 lib/STM32_USB-FS-Device_Driver/libstm32usb.a(usb_core.o)
                0x0800af20                Out0_Process
 .text.Setup0_Process
                0x0800aff4      0x2f8 lib/STM32_USB-FS-Device_Driver/libstm32usb.a(usb_core.o)
                0x0800aff4                Setup0_Process
 .text.SetDeviceAddress
                0x0800b2ec       0x40 lib/STM32_USB-FS-Device_Driver/libstm32usb.a(usb_core.o)
                0x0800b2ec                SetDeviceAddress
 .text.In0_Process
                0x0800b32c       0x60 lib/STM32_USB-FS-Device_Driver/libstm32usb.a(usb_core.o)
                0x0800b32c                In0_Process
 .text.NOP_Process
                0x0800b38c        0x2 lib/STM32_USB-FS-Device_Driver/libstm32usb.a(usb_core.o)
                0x0800b38c                NOP_Process
 *fill*         0x0800b38e        0x2 00
 .text.USB_Init
                0x0800b390       0x38 lib/STM32_USB-FS-Device_Driver/libstm32usb.a(usb_init.o)
                0x0800b390                USB_Init
 .text.CTR_LP   0x0800b3c8      0x190 lib/STM32_USB-FS-Device_Driver/libstm32usb.a(usb_int.o)
                0x0800b3c8                CTR_LP
 .text.CTR_HP   0x0800b558       0x74 lib/STM32_USB-FS-Device_Driver/libstm32usb.a(usb_int.o)
                0x0800b558                CTR_HP
 .text.UserToPMABufferCopy
                0x0800b5cc       0x2e lib/STM32_USB-FS-Device_Driver/libstm32usb.a(usb_mem.o)
                0x0800b5cc                UserToPMABufferCopy
 .text.PMAToUserBufferCopy
                0x0800b5fa       0x24 lib/STM32_USB-FS-Device_Driver/libstm32usb.a(usb_mem.o)
                0x0800b5fa                PMAToUserBufferCopy
 *fill*         0x0800b61e        0x2 00
 .text.SetBTABLE
                0x0800b620       0x10 lib/STM32_USB-FS-Device_Driver/libstm32usb.a(usb_regs.o)
                0x0800b620                SetBTABLE
 .text.SetEPType
                0x0800b630       0x18 lib/STM32_USB-FS-Device_Driver/libstm32usb.a(usb_regs.o)
                0x0800b630                SetEPType
 .text.SetEPTxStatus
                0x0800b648       0x3a lib/STM32_USB-FS-Device_Driver/libstm32usb.a(usb_regs.o)
                0x0800b648                SetEPTxStatus
 .text.SetEPRxStatus
                0x0800b682       0x3a lib/STM32_USB-FS-Device_Driver/libstm32usb.a(usb_regs.o)
                0x0800b682                SetEPRxStatus
 .text.SetEPRxValid
                0x0800b6bc       0x22 lib/STM32_USB-FS-Device_Driver/libstm32usb.a(usb_regs.o)
                0x0800b6bc                SetEPRxValid
 .text.Clear_Status_Out
                0x0800b6de       0x1e lib/STM32_USB-FS-Device_Driver/libstm32usb.a(usb_regs.o)
                0x0800b6de                Clear_Status_Out
 .text.ClearDTOG_RX
                0x0800b6fc       0x24 lib/STM32_USB-FS-Device_Driver/libstm32usb.a(usb_regs.o)
                0x0800b6fc                ClearDTOG_RX
 .text.ClearDTOG_TX
                0x0800b720       0x24 lib/STM32_USB-FS-Device_Driver/libstm32usb.a(usb_regs.o)
                0x0800b720                ClearDTOG_TX
 .text.SetEPTxAddr
                0x0800b744       0x20 lib/STM32_USB-FS-Device_Driver/libstm32usb.a(usb_regs.o)
                0x0800b744                SetEPTxAddr
 .text.SetEPRxAddr
                0x0800b764       0x20 lib/STM32_USB-FS-Device_Driver/libstm32usb.a(usb_regs.o)
                0x0800b764                SetEPRxAddr
 .text.GetEPTxAddr
                0x0800b784       0x1c lib/STM32_USB-FS-Device_Driver/libstm32usb.a(usb_regs.o)
                0x0800b784                GetEPTxAddr
 .text.GetEPRxAddr
                0x0800b7a0       0x1c lib/STM32_USB-FS-Device_Driver/libstm32usb.a(usb_regs.o)
                0x0800b7a0                GetEPRxAddr
 .text.SetEPTxCount
                0x0800b7bc       0x1c lib/STM32_USB-FS-Device_Driver/libstm32usb.a(usb_regs.o)
                0x0800b7bc                SetEPTxCount
 .text.SetEPRxCount
                0x0800b7d8       0x3c lib/STM32_USB-FS-Device_Driver/libstm32usb.a(usb_regs.o)
                0x0800b7d8                SetEPRxCount
 .text.GetEPRxCount
                0x0800b814       0x20 lib/STM32_USB-FS-Device_Driver/libstm32usb.a(usb_regs.o)
                0x0800b814                GetEPRxCount
 .text.ByteSwap
                0x0800b834        0xa lib/STM32_USB-FS-Device_Driver/libstm32usb.a(usb_regs.o)
                0x0800b834                ByteSwap
 *fill*         0x0800b83e        0x2 00
 .text.USB_SIL_Init
                0x0800b840       0x20 lib/STM32_USB-FS-Device_Driver/libstm32usb.a(usb_sil.o)
                0x0800b840                USB_SIL_Init
 .text.USB_SIL_Write
                0x0800b860       0x28 lib/STM32_USB-FS-Device_Driver/libstm32usb.a(usb_sil.o)
                0x0800b860                USB_SIL_Write
 .text.USB_SIL_Read
                0x0800b888       0x24 lib/STM32_USB-FS-Device_Driver/libstm32usb.a(usb_sil.o)
                0x0800b888                USB_SIL_Read
 .text.memset   0x0800b8ac      0x12c /home/laurence/ARM-GCC/bin/../lib/gcc/arm-none-eabi/4.7.4/../../../../arm-none-eabi/lib/armv7-m/libc.a(lib_a-memset.o)
                0x0800b8ac                memset
 .text.srand    0x0800b9d8       0x18 /home/laurence/ARM-GCC/bin/../lib/gcc/arm-none-eabi/4.7.4/../../../../arm-none-eabi/lib/armv7-m/libc.a(lib_a-rand.o)
                0x0800b9d8                srand
 .text.rand     0x0800b9f0       0x48 /home/laurence/ARM-GCC/bin/../lib/gcc/arm-none-eabi/4.7.4/../../../../arm-none-eabi/lib/armv7-m/libc.a(lib_a-rand.o)
                0x0800b9f0                rand
 .text.sinf     0x0800ba38       0x78 /home/laurence/ARM-GCC/bin/../lib/gcc/arm-none-eabi/4.7.4/../../../../arm-none-eabi/lib/armv7-m/libm.a(lib_a-sf_sin.o)
                0x0800ba38                sinf
 .text.__ieee754_rem_pio2f
                0x0800bab0      0x358 /home/laurence/ARM-GCC/bin/../lib/gcc/arm-none-eabi/4.7.4/../../../../arm-none-eabi/lib/armv7-m/libm.a(lib_a-ef_rem_pio2.o)
                0x0800bab0                __ieee754_rem_pio2f
 .text.__kernel_cosf
                0x0800be08      0x1b8 /home/laurence/ARM-GCC/bin/../lib/gcc/arm-none-eabi/4.7.4/../../../../arm-none-eabi/lib/armv7-m/libm.a(lib_a-kf_cos.o)
                0x0800be08                __kernel_cosf
 .text.__kernel_rem_pio2f
                0x0800bfc0      0xba0 /home/laurence/ARM-GCC/bin/../lib/gcc/arm-none-eabi/4.7.4/../../../../arm-none-eabi/lib/armv7-m/libm.a(lib_a-kf_rem_pio2.o)
                0x0800bfc0                __kernel_rem_pio2f
 .text.__kernel_sinf
                0x0800cb60      0x100 /home/laurence/ARM-GCC/bin/../lib/gcc/arm-none-eabi/4.7.4/../../../../arm-none-eabi/lib/armv7-m/libm.a(lib_a-kf_sin.o)
                0x0800cb60                __kernel_sinf
 .text.fabsf    0x0800cc60        0x8 /home/laurence/ARM-GCC/bin/../lib/gcc/arm-none-eabi/4.7.4/../../../../arm-none-eabi/lib/armv7-m/libm.a(lib_a-sf_fabs.o)
                0x0800cc60                fabsf
 .text.floorf   0x0800cc68       0x94 /home/laurence/ARM-GCC/bin/../lib/gcc/arm-none-eabi/4.7.4/../../../../arm-none-eabi/lib/armv7-m/libm.a(lib_a-sf_floor.o)
                0x0800cc68                floorf
 .text.scalbnf  0x0800ccfc       0xc0 /home/laurence/ARM-GCC/bin/../lib/gcc/arm-none-eabi/4.7.4/../../../../arm-none-eabi/lib/armv7-m/libm.a(lib_a-sf_scalbn.o)
                0x0800ccfc                scalbnf
 .text.copysignf
                0x0800cdbc        0xc /home/laurence/ARM-GCC/bin/../lib/gcc/arm-none-eabi/4.7.4/../../../../arm-none-eabi/lib/armv7-m/libm.a(lib_a-sf_copysign.o)
                0x0800cdbc                copysignf
 .text._sbrk    0x0800cdc8       0x34 /home/laurence/ARM-GCC/bin/../lib/gcc/arm-none-eabi/4.7.4/../../../../arm-none-eabi/lib/armv7-m/libnosys.a(sbrk.o)
                0x0800cdc8                _sbrk
 *(.rodata)
 .rodata        0x0800cdfc       0xb4 /tmp/ccjcDTcj.ltrans0.ltrans.o
                0x0800cea1                DaysInMonth.5249
 .rodata        0x0800ceb0       0x12 /tmp/ccjcDTcj.ltrans1.ltrans.o
 .rodata        0x0800cec2       0x94 /tmp/ccjcDTcj.ltrans2.ltrans.o
 .rodata        0x0800cf56        0xd /tmp/ccjcDTcj.ltrans3.ltrans.o
                0x0800cf56                LfnOfs.5167
 *fill*         0x0800cf63        0x1 00
 .rodata        0x0800cf64      0x3c0 /tmp/ccjcDTcj.ltrans6.ltrans.o
 .rodata        0x0800d324      0x180 /tmp/ccjcDTcj.ltrans8.ltrans.o
                0x0800d324                Tbl.4816
 *(.rodata*)
 .rodata.str1.1
                0x0800d4a4      0x3b6 /tmp/ccjcDTcj.ltrans0.ltrans.o
                                0x3bb (size before relaxing)
 .rodata.str1.1
                0x0800d85a       0x16 /tmp/ccjcDTcj.ltrans1.ltrans.o
                                 0x19 (size before relaxing)
 .rodata.str1.1
                0x0800d870       0x10 /tmp/ccjcDTcj.ltrans8.ltrans.o
 .rodata.str1.4
                0x0800d880        0x4 /home/laurence/ARM-GCC/bin/../lib/gcc/arm-none-eabi/4.7.4/../../../../arm-none-eabi/lib/armv7-m/libc.a(lib_a-impure.o)
 .rodata.npio2_hw
                0x0800d884       0x80 /home/laurence/ARM-GCC/bin/../lib/gcc/arm-none-eabi/4.7.4/../../../../arm-none-eabi/lib/armv7-m/libm.a(lib_a-ef_rem_pio2.o)
 .rodata.two_over_pi
                0x0800d904      0x318 /home/laurence/ARM-GCC/bin/../lib/gcc/arm-none-eabi/4.7.4/../../../../arm-none-eabi/lib/armv7-m/libm.a(lib_a-ef_rem_pio2.o)
 .rodata.init_jk
                0x0800dc1c        0xc /home/laurence/ARM-GCC/bin/../lib/gcc/arm-none-eabi/4.7.4/../../../../arm-none-eabi/lib/armv7-m/libm.a(lib_a-kf_rem_pio2.o)
 .rodata.PIo2   0x0800dc28       0x2c /home/laurence/ARM-GCC/bin/../lib/gcc/arm-none-eabi/4.7.4/../../../../arm-none-eabi/lib/armv7-m/libm.a(lib_a-kf_rem_pio2.o)
 *(.glue_7)
 .glue_7        0x00000000        0x0 linker stubs
 *(.glue_7t)
 .glue_7t       0x00000000        0x0 linker stubs
 *(.init)
 .init          0x0800dc54        0x4 /home/laurence/ARM-GCC/bin/../lib/gcc/arm-none-eabi/4.7.4/armv7-m/crti.o
                0x0800dc54                _init
 .init          0x0800dc58        0x8 /home/laurence/ARM-GCC/bin/../lib/gcc/arm-none-eabi/4.7.4/armv7-m/crtn.o
 *(.fini)
 .fini          0x0800dc60        0x4 /home/laurence/ARM-GCC/bin/../lib/gcc/arm-none-eabi/4.7.4/armv7-m/crti.o
                0x0800dc60                _fini
 .fini          0x0800dc64        0x8 /home/laurence/ARM-GCC/bin/../lib/gcc/arm-none-eabi/4.7.4/armv7-m/crtn.o
                0x0800dc6c                . = ALIGN (0x4)
                0x0800dc6c                _etext = .
                0x0800dc6c                _sidata = _etext

.vfp11_veneer   0x0800dc6c        0x0
 .vfp11_veneer  0x00000000        0x0 linker stubs

.v4_bx          0x0800dc6c        0x0
 .v4_bx         0x00000000        0x0 linker stubs

.iplt           0x0800dc6c        0x0
 .iplt          0x00000000        0x0 /home/laurence/ARM-GCC/bin/../lib/gcc/arm-none-eabi/4.7.4/armv7-m/crtbegin.o

.rel.dyn        0x0800dc6c        0x0
 .rel.iplt      0x00000000        0x0 /home/laurence/ARM-GCC/bin/../lib/gcc/arm-none-eabi/4.7.4/armv7-m/crtbegin.o

.flashpatch     0x00000000        0x0
                0x00000000                . = ALIGN (0x4)
 *(.flashpatch)
                0x00000000                . = ALIGN (0x4)

.endflash       0x00000000        0x0
                0x00000000                . = ALIGN (0x4)
 *(.endflash)
                0x00000000                . = ALIGN (0x4)
                0x00000000                _e_endflash = .

.data           0x20000000      0x9fc load address 0x0800dc6c
                0x20000000                . = ALIGN (0x4)
                0x20000000                _sdata = .
                0x20000000                _data = .
 *(.data)
 .data          0x20000000        0xc /tmp/ccjcDTcj.ltrans0.ltrans.o
                0x20000008                SP1ML_network_address
 .data          0x2000000c        0xc /tmp/ccjcDTcj.ltrans1.ltrans.o
                0x20000014                Device_Table
 .data          0x20000018       0x70 /tmp/ccjcDTcj.ltrans2.ltrans.o
                0x20000034                Config_Descriptor
                0x2000003c                String_Descriptor
                0x20000064                User_Standard_Requests
 .data          0x20000088       0x90 /tmp/ccjcDTcj.ltrans3.ltrans.o
                0x20000088                Scsi_Sense_Data
                0x200000fc                pEpInt_OUT
 .data          0x20000118       0x1c /tmp/ccjcDTcj.ltrans4.ltrans.o
                0x20000118                pEpInt_IN
 .data          0x20000134       0x40 /tmp/ccjcDTcj.ltrans5.ltrans.o
                0x20000134                I2C_jobs
 .data          0x20000174        0x1 /tmp/ccjcDTcj.ltrans9.ltrans.o
 *fill*         0x20000175        0x3 00
 .data          0x20000178       0x34 /tmp/ccjcDTcj.ltrans10.ltrans.o
                0x20000178                Device_Property
                0x200001a9                Stat.5443
 *(.data.*)
 .data.__malloc_av_
                0x200001ac      0x408 /home/laurence/ARM-GCC/bin/../lib/gcc/arm-none-eabi/4.7.4/../../../../arm-none-eabi/lib/armv7-m/libc.a(lib_a-mallocr.o)
                0x200001ac                __malloc_av_
 .data.__malloc_trim_threshold
                0x200005b4        0x4 /home/laurence/ARM-GCC/bin/../lib/gcc/arm-none-eabi/4.7.4/../../../../arm-none-eabi/lib/armv7-m/libc.a(lib_a-mallocr.o)
                0x200005b4                __malloc_trim_threshold
 .data.__malloc_sbrk_base
                0x200005b8        0x4 /home/laurence/ARM-GCC/bin/../lib/gcc/arm-none-eabi/4.7.4/../../../../arm-none-eabi/lib/armv7-m/libc.a(lib_a-mallocr.o)
                0x200005b8                __malloc_sbrk_base
 .data.ADCPrescTable
                0x200005bc        0x4 lib/STM32F10x_StdPeriph_Driver/libstm32fw.a(stm32f10x_rcc.o)
 .data.APBAHBPrescTable
                0x200005c0       0x10 lib/STM32F10x_StdPeriph_Driver/libstm32fw.a(stm32f10x_rcc.o)
 .data.impure_data
                0x200005d0      0x428 /home/laurence/ARM-GCC/bin/../lib/gcc/arm-none-eabi/4.7.4/../../../../arm-none-eabi/lib/armv7-m/libc.a(lib_a-impure.o)
 .data._impure_ptr
                0x200009f8        0x4 /home/laurence/ARM-GCC/bin/../lib/gcc/arm-none-eabi/4.7.4/../../../../arm-none-eabi/lib/armv7-m/libc.a(lib_a-impure.o)
                0x200009f8                _impure_ptr
 *(.RAMtext)
                0x200009fc                . = ALIGN (0x4)
                0x200009fc                _edata = .
                0x0800e668                _eidata = (_sidata + (_edata - _sdata))
                0x08020000                _lastdataromaddress = (ORIGIN (FLASH) + 0x20000)
                0x00000000                toobig = (_eidata > _lastdataromaddress)?!!!!!!!!! FLASH IS FULL !!!!!!!!!:0x0

.igot.plt       0x200009fc        0x0 load address 0x0800e668
 .igot.plt      0x00000000        0x0 /home/laurence/ARM-GCC/bin/../lib/gcc/arm-none-eabi/4.7.4/armv7-m/crtbegin.o

.bss            0x20000a00     0x134c load address 0x0800e670
                0x20000a00                . = ALIGN (0x4)
                0x20000a00                _sbss = .
                0x20000a00                _bss = .
 *(.bss)
 .bss           0x20000a00      0xda0 /tmp/ccjcDTcj.ltrans0.ltrans.o
                0x20000e28                bootsource
                0x20000e2c                Millis
                0x20000e34                Gps_Buffer
                0x20000e40                rputchar.5722
                0x20000e44                Status
                0x20000e48                Data_Buffer
                0x20000e4c                bDeviceState
                0x20000e50                Battery_Voltage
                0x20000e54                Jobs
                0x20000e58                FatFs.5170
                0x20001094                FATFS_wavfile
                0x200012ec                print_string
                0x20001308                FATFS_wavfile_gps
                0x2000152c                FATFS_wavfile_imu
                0x20001750                file_opened
                0x20001751                flashCodeEnabled
                0x20001754                Gps
                0x20001790                flashCode
                0x20001795                SP1ML_state
                0x20001799                System_state_Global
                0x2000179a                Shutdown_System
 .bss           0x200017a0       0x88 /tmp/ccjcDTcj.ltrans1.ltrans.o
 .bss           0x20001828       0x30 /tmp/ccjcDTcj.ltrans2.ltrans.o
 .bss           0x20001858       0xb8 /tmp/ccjcDTcj.ltrans3.ltrans.o
                0x20001858                Bot_State
                0x2000185c                CBW
                0x20001882                TransferState
                0x20001884                Mass_Block_Size
                0x200018d8                Sd_Spi_Called_From_USB_MSC
                0x200018dc                CSW
                0x200018f4                SCSI_LBA
                0x200018f8                SCSI_BlkLen
                0x200018fc                Max_Lun
                0x20001900                Mass_Block_Count
 .bss           0x20001910        0xc /tmp/ccjcDTcj.ltrans4.ltrans.o
 .bss           0x2000191c        0x4 /tmp/ccjcDTcj.ltrans5.ltrans.o
                0x2000191f                CurrVol.5169
 .bss           0x20001920        0x4 /tmp/ccjcDTcj.ltrans6.ltrans.o
 .bss           0x20001924        0x8 /tmp/ccjcDTcj.ltrans7.ltrans.o
 .bss           0x2000192c        0x1 /tmp/ccjcDTcj.ltrans8.ltrans.o
                0x2000192c                CardType.5444
 *fill*         0x2000192d        0x3 00
 .bss           0x20001930      0x384 /tmp/ccjcDTcj.ltrans9.ltrans.o
                0x200019b4                raw_data.7485
                0x200019d0                channel_wct_conf.7496
                0x200019d4                wct.7483
                0x200019d7                Enable.7498
                0x200019d8                ECG_buffers
                0x20001a98                old_quality_mask.7500
                0x20001a9c                old_wct.7499
                0x20001aa1                ADS1298_Error_Status
                0x20001aa9                Gain.7495
                0x20001aac                Completed_Jobs
                0x20001ab0                LSM9DS1_Gyro_Buffer
                0x20001abc                IMU_buff
                0x20001b5c                LSM9DS1_Acc_Buffer
                0x20001b64                LSM9DS1_Mag_Buffer
                0x20001b72                I2C1error
                0x20001b74                I2C_failure
                0x20001c38                Filtered_ECG
                0x20001c4a                SP1ML_tx_rx_state
                0x20001c58                Usart3_rx_buff
                0x20001c68                SP1ML_tx_sequence_number
                0x20001c78                Usart1_rx_buff
                0x20001c88                RN42_tx_sequence_number
                0x20001c8c                Usart3_tx_buff
                0x20001c9c                SP1ML_tx_bytes
                0x20001ca0                SP1ML_withold
                0x20001ca4                Usart1_tx_buff
 .bss           0x20001cb4       0x1c /tmp/ccjcDTcj.ltrans10.ltrans.o
                0x20001cb4                wIstr
                0x20001cb8                Timer1.5438
                0x20001cbc                Timer2.5439
                0x20001ccd                job
 *(.bss.*)
 .bss.__malloc_max_total_mem
                0x20001cd0        0x4 /home/laurence/ARM-GCC/bin/../lib/gcc/arm-none-eabi/4.7.4/../../../../arm-none-eabi/lib/armv7-m/libc.a(lib_a-mallocr.o)
                0x20001cd0                __malloc_max_total_mem
 .bss.__malloc_max_sbrked_mem
                0x20001cd4        0x4 /home/laurence/ARM-GCC/bin/../lib/gcc/arm-none-eabi/4.7.4/../../../../arm-none-eabi/lib/armv7-m/libc.a(lib_a-mallocr.o)
                0x20001cd4                __malloc_max_sbrked_mem
 .bss.__malloc_top_pad
                0x20001cd8        0x4 /home/laurence/ARM-GCC/bin/../lib/gcc/arm-none-eabi/4.7.4/../../../../arm-none-eabi/lib/armv7-m/libc.a(lib_a-mallocr.o)
                0x20001cd8                __malloc_top_pad
 .bss.__malloc_current_mallinfo
                0x20001cdc       0x28 /home/laurence/ARM-GCC/bin/../lib/gcc/arm-none-eabi/4.7.4/../../../../arm-none-eabi/lib/armv7-m/libc.a(lib_a-mallocr.o)
                0x20001cdc                __malloc_current_mallinfo
 .bss.Data_Mul_MaxPacketSize
                0x20001d04        0x1 lib/STM32_USB-FS-Device_Driver/libstm32usb.a(usb_core.o)
                0x20001d04                Data_Mul_MaxPacketSize
 *fill*         0x20001d05        0x3 00
 .bss.heap_end.4231
                0x20001d08        0x4 /home/laurence/ARM-GCC/bin/../lib/gcc/arm-none-eabi/4.7.4/../../../../arm-none-eabi/lib/armv7-m/libnosys.a(sbrk.o)
 *(COMMON)
 COMMON         0x20001d0c        0x4 /home/laurence/ARM-GCC/bin/../lib/gcc/arm-none-eabi/4.7.4/../../../../arm-none-eabi/lib/armv7-m/libc.a(lib_a-reent.o)
                0x20001d0c                errno
 COMMON         0x20001d10        0x2 lib/STM32_USB-FS-Device_Driver/libstm32usb.a(usb_core.o)
                0x20001d10                StatusInfo
 *fill*         0x20001d12        0x2 00
 COMMON         0x20001d14       0x32 lib/STM32_USB-FS-Device_Driver/libstm32usb.a(usb_init.o)
                0x20001d14                SaveState
                0x20001d18                pProperty
                0x20001d1c                EPindex
                0x20001d20                Device_Info
                0x20001d3c                pUser_Standard_Requests
                0x20001d40                pInformation
                0x20001d44                wInterrupt_Mask
 COMMON         0x20001d46        0x4 lib/STM32_USB-FS-Device_Driver/libstm32usb.a(usb_int.o)
                0x20001d46                SaveRState
                0x20001d48                SaveTState
                0x20001d4c                . = ALIGN (0x4)
 *fill*         0x20001d4a        0x2 00
                0x20001d4c                _ebss = .
                0x20001d4c                PROVIDE (end, _ebss)
                0x20001d4c                PROVIDE (_end, _ebss)

._usrstack      0x20001d4c     0x2000 load address 0x0800f9bc
                0x20001d4c                . = ALIGN (0x4)
                0x20001d4c                _susrstack = .
                0x20003d4c                . = (. + _Minimum_Stack_Size)
 *fill*         0x20001d4c     0x2000 00
                0x20003d4c                . = ALIGN (0x4)
                0x20003d4c                _eusrstack = .
                0x20005000                _lastramaddress = (ORIGIN (RAM) + 0x5000)
                0x00000000                toobig = (_eusrstack > _lastramaddress)?!!!!!!!!! RAM IS FULL !!!!!!!!!:0x0

.b1text
 *(.b1text)
 *(.b1rodata)
 *(.b1rodata*)

.eb0text
 *(.eb0text)
 *(.eb0rodata)
 *(.eb0rodata*)

.eb1text
 *(.eb1text)
 *(.eb1rodata)
 *(.eb1rodata*)

.eb2text
 *(.eb2text)
 *(.eb2rodata)
 *(.eb2rodata*)

.eb3text
 *(.eb3text)
 *(.eb3rodata)
 *(.eb3rodata*)
                0x20003d4c                __exidx_start = .
                0x20003d4c                __exidx_end = .

/DISCARD/
 libc.a(*)
 libm.a(*)
 libgcc.a(*)

.stab
 *(.stab)

.stabstr
 *(.stabstr)

.stab.excl
 *(.stab.excl)

.stab.exclstr
 *(.stab.exclstr)

.stab.index
 *(.stab.index)

.stab.indexstr
 *(.stab.indexstr)

.comment        0x00000000       0x70
 *(.comment)
 .comment       0x00000000       0x71 /tmp/ccjcDTcj.ltrans0.ltrans.o
 .comment       0x00000000       0x71 /tmp/ccjcDTcj.ltrans1.ltrans.o
 .comment       0x00000000       0x71 /tmp/ccjcDTcj.ltrans2.ltrans.o
 .comment       0x00000000       0x71 /tmp/ccjcDTcj.ltrans3.ltrans.o
 .comment       0x00000000       0x71 /tmp/ccjcDTcj.ltrans4.ltrans.o
 .comment       0x00000000       0x71 /tmp/ccjcDTcj.ltrans5.ltrans.o
 .comment       0x00000000       0x71 /tmp/ccjcDTcj.ltrans6.ltrans.o
 .comment       0x00000000       0x71 /tmp/ccjcDTcj.ltrans7.ltrans.o
 .comment       0x00000000       0x71 /tmp/ccjcDTcj.ltrans8.ltrans.o
 .comment       0x00000000       0x71 /tmp/ccjcDTcj.ltrans9.ltrans.o
 .comment       0x00000000       0x71 /tmp/ccjcDTcj.ltrans10.ltrans.o
 .comment       0x00000000       0x70 lib/STM32F10x_StdPeriph_Driver/libstm32fw.a(misc.o)
                                 0x71 (size before relaxing)
 .comment       0x00000000       0x71 lib/STM32F10x_StdPeriph_Driver/libstm32fw.a(stm32f10x_adc.o)
 .comment       0x00000000       0x71 lib/STM32F10x_StdPeriph_Driver/libstm32fw.a(stm32f10x_bkp.o)
 .comment       0x00000000       0x71 lib/STM32F10x_StdPeriph_Driver/libstm32fw.a(stm32f10x_dbgmcu.o)
 .comment       0x00000000       0x71 lib/STM32F10x_StdPeriph_Driver/libstm32fw.a(stm32f10x_dma.o)
 .comment       0x00000000       0x71 lib/STM32F10x_StdPeriph_Driver/libstm32fw.a(stm32f10x_exti.o)
 .comment       0x00000000       0x71 lib/STM32F10x_StdPeriph_Driver/libstm32fw.a(stm32f10x_gpio.o)
 .comment       0x00000000       0x71 lib/STM32F10x_StdPeriph_Driver/libstm32fw.a(stm32f10x_i2c.o)
 .comment       0x00000000       0x71 lib/STM32F10x_StdPeriph_Driver/libstm32fw.a(stm32f10x_iwdg.o)
 .comment       0x00000000       0x71 lib/STM32F10x_StdPeriph_Driver/libstm32fw.a(stm32f10x_pwr.o)
 .comment       0x00000000       0x71 lib/STM32F10x_StdPeriph_Driver/libstm32fw.a(stm32f10x_rcc.o)
 .comment       0x00000000       0x71 lib/STM32F10x_StdPeriph_Driver/libstm32fw.a(stm32f10x_rtc.o)
 .comment       0x00000000       0x71 lib/STM32F10x_StdPeriph_Driver/libstm32fw.a(stm32f10x_spi.o)
 .comment       0x00000000       0x71 lib/STM32F10x_StdPeriph_Driver/libstm32fw.a(stm32f10x_tim.o)