Archive member included because of file (symbol)

lib/STM32F10x_StdPeriph_Driver/libstm32fw.a(misc.o)
                              interrupts.o (symbol from plugin) (NVIC_PriorityGroupConfig)
lib/STM32F10x_StdPeriph_Driver/libstm32fw.a(stm32f10x_adc.o)
                              adc.o (symbol from plugin) (ADC_DeInit)
lib/STM32F10x_StdPeriph_Driver/libstm32fw.a(stm32f10x_bkp.o)
                              Util/fat_fs/src/rtc.o (symbol from plugin) (BKP_DeInit)
lib/STM32F10x_StdPeriph_Driver/libstm32fw.a(stm32f10x_dbgmcu.o)
                              main.o (symbol from plugin) (DBGMCU_Config)
lib/STM32F10x_StdPeriph_Driver/libstm32fw.a(stm32f10x_dma.o)
                              Util/fat_fs/src/sd_spi_stm32.o (symbol from plugin) (DMA_DeInit)
lib/STM32F10x_StdPeriph_Driver/libstm32fw.a(stm32f10x_exti.o)
                              interrupts.o (symbol from plugin) (EXTI_DeInit)
lib/STM32F10x_StdPeriph_Driver/libstm32fw.a(stm32f10x_gpio.o)
                              Util/fat_fs/src/sd_spi_stm32.o (symbol from plugin) (GPIO_Init)
lib/STM32F10x_StdPeriph_Driver/libstm32fw.a(stm32f10x_i2c.o)
                              i2c_int.o (symbol from plugin) (I2C_DeInit)
lib/STM32F10x_StdPeriph_Driver/libstm32fw.a(stm32f10x_iwdg.o)
                              watchdog.o (symbol from plugin) (IWDG_WriteAccessCmd)
lib/STM32F10x_StdPeriph_Driver/libstm32fw.a(stm32f10x_pwr.o)
                              pwr.o (symbol from plugin) (PWR_DeInit)
lib/STM32F10x_StdPeriph_Driver/libstm32fw.a(stm32f10x_rcc.o)
                              interrupts.o (symbol from plugin) (RCC_HCLKConfig)
lib/STM32F10x_StdPeriph_Driver/libstm32fw.a(stm32f10x_rtc.o)
                              Util/fat_fs/src/rtc.o (symbol from plugin) (RTC_GetCounter)
lib/STM32F10x_StdPeriph_Driver/libstm32fw.a(stm32f10x_spi.o)
                              Util/fat_fs/src/sd_spi_stm32.o (symbol from plugin) (SPI_I2S_DeInit)
lib/STM32F10x_StdPeriph_Driver/libstm32fw.a(stm32f10x_tim.o)
                              timer.o (symbol from plugin) (TIM_DeInit)
lib/STM32F10x_StdPeriph_Driver/libstm32fw.a(stm32f10x_usart.o)
                              Util/rn42_command.o (symbol from plugin) (USART_DeInit)
lib/STM32_USB-FS-Device_Driver/libstm32usb.a(usb_core.o)
                              Util/USB/usb_prop.o (symbol from plugin) (Standard_GetDescriptorData)
lib/STM32_USB-FS-Device_Driver/libstm32usb.a(usb_init.o)
                              main.o (symbol from plugin) (USB_Init)
lib/STM32_USB-FS-Device_Driver/libstm32usb.a(usb_int.o)
                              Util/USB/usb_istr.o (symbol from plugin) (CTR_LP)
lib/STM32_USB-FS-Device_Driver/libstm32usb.a(usb_mem.o)
                              lib/STM32_USB-FS-Device_Driver/libstm32usb.a(usb_core.o) (UserToPMABufferCopy)
lib/STM32_USB-FS-Device_Driver/libstm32usb.a(usb_regs.o)
                              Util/USB/usb_prop.o (symbol from plugin) (SetBTABLE)
lib/STM32_USB-FS-Device_Driver/libstm32usb.a(usb_sil.o)
                              Util/USB/usb_prop.o (symbol from plugin) (USB_SIL_Init)
/home/laurence/ARM-GCC/bin/../lib/gcc/arm-none-eabi/4.7.4/../../../../arm-none-eabi/lib/armv7-m/libc.a(lib_a-__atexit.o)
                              /home/laurence/ARM-GCC/bin/../lib/gcc/arm-none-eabi/4.7.4/../../../../arm-none-eabi/lib/armv7-m/crt0.o (__register_exitproc)
/home/laurence/ARM-GCC/bin/../lib/gcc/arm-none-eabi/4.7.4/../../../../arm-none-eabi/lib/armv7-m/libc.a(lib_a-exit.o)
                              /home/laurence/ARM-GCC/bin/../lib/gcc/arm-none-eabi/4.7.4/../../../../arm-none-eabi/lib/armv7-m/crt0.o (exit)
/home/laurence/ARM-GCC/bin/../lib/gcc/arm-none-eabi/4.7.4/../../../../arm-none-eabi/lib/armv7-m/libc.a(lib_a-fini.o)
                              /home/laurence/ARM-GCC/bin/../lib/gcc/arm-none-eabi/4.7.4/../../../../arm-none-eabi/lib/armv7-m/crt0.o (__libc_fini_array)
/home/laurence/ARM-GCC/bin/../lib/gcc/arm-none-eabi/4.7.4/../../../../arm-none-eabi/lib/armv7-m/libc.a(lib_a-impure.o)
                              /home/laurence/ARM-GCC/bin/../lib/gcc/arm-none-eabi/4.7.4/../../../../arm-none-eabi/lib/armv7-m/libc.a(lib_a-__atexit.o) (_global_impure_ptr)
/home/laurence/ARM-GCC/bin/../lib/gcc/arm-none-eabi/4.7.4/../../../../arm-none-eabi/lib/armv7-m/libc.a(lib_a-init.o)
                              /home/laurence/ARM-GCC/bin/../lib/gcc/arm-none-eabi/4.7.4/../../../../arm-none-eabi/lib/armv7-m/crt0.o (__libc_init_array)
/home/laurence/ARM-GCC/bin/../lib/gcc/arm-none-eabi/4.7.4/../../../../arm-none-eabi/lib/armv7-m/libc.a(lib_a-memset.o)
                              /home/laurence/ARM-GCC/bin/../lib/gcc/arm-none-eabi/4.7.4/../../../../arm-none-eabi/lib/armv7-m/crt0.o (memset)
/home/laurence/ARM-GCC/bin/../lib/gcc/arm-none-eabi/4.7.4/../../../../arm-none-eabi/lib/armv7-m/libc.a(lib_a-rand.o)
                              Util/sp1ml_command.o (symbol from plugin) (srand)
[...]
Memory Configuration

Name             Origin             Length             Attributes
RAM              0x20000000         0x00005000         xrw
FLASH            0x08000000         0x00020000         xr
FLASHB1          0x00000000         0x00000000         xr
EXTMEMB0         0x00000000         0x00000000         xr
EXTMEMB1         0x00000000         0x00000000         xr
EXTMEMB2         0x00000000         0x00000000         xr
EXTMEMB3         0x00000000         0x00000000         xr
STARTFLASH       0x00000000         0xffffffff
CRPPATCH         0x00000000         0xffffffff
FLASHPATCH       0x00000000         0xffffffff
ENDFLASH         0x00000000         0xffffffff
*default*        0x00000000         0xffffffff

Linker script and memory map

LOAD /home/laurence/ARM-GCC/bin/../lib/gcc/arm-none-eabi/4.7.4/armv7-m/crti.o
LOAD /home/laurence/ARM-GCC/bin/../lib/gcc/arm-none-eabi/4.7.4/armv7-m/crtbegin.o
LOAD /home/laurence/ARM-GCC/bin/../lib/gcc/arm-none-eabi/4.7.4/../../../../arm-none-eabi/lib/armv7-m/crt0.o
LOAD Util/USB/hw_config.o
LOAD /tmp/ccbRUwSo.ltrans0.ltrans.o
LOAD /tmp/ccbRUwSo.ltrans1.ltrans.o
LOAD /tmp/ccbRUwSo.ltrans2.ltrans.o
LOAD /tmp/ccbRUwSo.ltrans3.ltrans.o
LOAD /tmp/ccbRUwSo.ltrans4.ltrans.o
LOAD /tmp/ccbRUwSo.ltrans5.ltrans.o
LOAD /tmp/ccbRUwSo.ltrans6.ltrans.o
LOAD /tmp/ccbRUwSo.ltrans7.ltrans.o
LOAD /tmp/ccbRUwSo.ltrans8.ltrans.o
LOAD /tmp/ccbRUwSo.ltrans9.ltrans.o
LOAD /tmp/ccbRUwSo.ltrans10.ltrans.o
LOAD /tmp/ccbRUwSo.ltrans11.ltrans.o
LOAD /home/laurence/ARM-GCC/bin/../lib/gcc/arm-none-eabi/4.7.4/armv7-m/libgcc.a
LOAD /home/laurence/ARM-GCC/bin/../lib/gcc/arm-none-eabi/4.7.4/../../../../arm-none-eabi/lib/armv7-m/libc.a
LOAD Util/USB/mass_mal.o
LOAD Util/USB/memory.o
LOAD Util/USB/scsi_data.o
LOAD Util/USB/usb_bot.o
LOAD Util/USB/usb_desc.o
LOAD Util/USB/usb_endp.o
LOAD Util/USB/usb_istr.o
LOAD Util/USB/usb_prop.o
LOAD Util/USB/usb_pwr.o
LOAD Util/USB/usb_scsi.o
LOAD Util/buffer.o
LOAD Util/data_alignment.o
LOAD Util/dcm_attitude.o
LOAD Util/delay.o
LOAD Util/fat_fs/option/ccsbcs.o
LOAD Util/fat_fs/src/fattime.o
LOAD Util/fat_fs/src/ff.o
LOAD Util/fat_fs/src/rtc.o
LOAD Util/fat_fs/src/sd_spi_stm32.o
LOAD Util/filter.o
LOAD Util/load_setting.o
LOAD Util/rn42_command.o
LOAD Util/rn42_conf.o
LOAD Util/rprintf.o
LOAD Util/rtc_correct.o
LOAD Util/sp1ml_command.o
LOAD Util/wave.o
LOAD adc.o
LOAD bootload.o
LOAD dma.o
LOAD gpio.o
LOAD i2c_int.o
LOAD interrupts.o
LOAD lib/CMSIS_CM3/core_cm3.o
LOAD lib/CMSIS_CM3/startup/gcc/startup_stm32f10x_md.o
LOAD lib/CMSIS_CM3/system_stm32f10x.o
LOAD main.o
LOAD pwr.o
LOAD timer.o
LOAD usart.o
LOAD watchdog.o
LOAD Sensors/ads1298.o
LOAD Sensors/lsm9ds1.o
LOAD Sensors/ubx.o
LOAD lib/STM32F10x_StdPeriph_Driver/libstm32fw.a
LOAD lib/STM32_USB-FS-Device_Driver/libstm32usb.a
LOAD /home/laurence/ARM-GCC/bin/../lib/gcc/arm-none-eabi/4.7.4/../../../../arm-none-eabi/lib/armv7-m/libm.a
LOAD /home/laurence/ARM-GCC/bin/../lib/gcc/arm-none-eabi/4.7.4/../../../../arm-none-eabi/lib/armv7-m/libnosys.a
START GROUP
LOAD /home/laurence/ARM-GCC/bin/../lib/gcc/arm-none-eabi/4.7.4/armv7-m/libgcc.a
LOAD /home/laurence/ARM-GCC/bin/../lib/gcc/arm-none-eabi/4.7.4/../../../../arm-none-eabi/lib/armv7-m/libc.a
END GROUP
LOAD /home/laurence/ARM-GCC/bin/../lib/gcc/arm-none-eabi/4.7.4/armv7-m/crtend.o
LOAD /home/laurence/ARM-GCC/bin/../lib/gcc/arm-none-eabi/4.7.4/armv7-m/crtn.o
                0x00002000                __Stack_Size = 0x2000
                0x00002000                PROVIDE (_Stack_Size, __Stack_Size)
                0x20003000                __Stack_Init = (_estack - __Stack_Size)
                0x20003000                PROVIDE (_Stack_Init, __Stack_Init)
                0x00002000                _Minimum_Stack_Size = 0x2000
                0x00000000                PROVIDE (Undefined_Handler, 0x0)
                0x00000000                PROVIDE (SWI_Handler, 0x0)
                0x00000000                PROVIDE (IRQ_Handler, 0x0)
                0x00000000                PROVIDE (Prefetch_Handler, 0x0)
                0x00000000                PROVIDE (Abort_Handler, 0x0)
                0x00000000                PROVIDE (FIQ_Handler, 0x0)
                0x00000000                PROVIDE (NMIException, 0x0)
                0x00000000                PROVIDE (NMI_Handler, 0x0)
                0x00000000                PROVIDE (HardFaultException, 0x0)
                0x00000000                PROVIDE (HardFault_Handler, 0x0)
                0x00000000                PROVIDE (MemManageException, 0x0)
                0x00000000                PROVIDE (MemManage_Handler, 0x0)
                0x00000000                PROVIDE (BusFaultException, 0x0)
                0x00000000                PROVIDE (BusFault_Handler, 0x0)
                0x00000000                PROVIDE (UsageFaultException, 0x0)
                0x00000000                PROVIDE (UsageFault_Handler, 0x0)
                0x00000000                PROVIDE (SVCHandler, 0x0)
                0x00000000                PROVIDE (SVC_Handler, 0x0)
                0x00000000                PROVIDE (DebugMonitor, 0x0)
                0x00000000                PROVIDE (DebugMon_Handler, 0x0)
                0x00000000                PROVIDE (PendSVC, 0x0)
                0x00000000                PROVIDE (PendSV_Handler, 0x0)
                0x00000000                PROVIDE (SysTickHandler, 0x0)
                0x00000000                PROVIDE (SysTick_Handler, 0x0)
                0x00000000                PROVIDE (WWDG_IRQHandler, 0x0)
                0x00000000                PROVIDE (PVD_IRQHandler, 0x0)
                0x00000000                PROVIDE (TAMPER_IRQHandler, 0x0)
                0x00000000                PROVIDE (RTC_IRQHandler, 0x0)
                0x00000000                PROVIDE (FLASH_IRQHandler, 0x0)
                0x00000000                PROVIDE (RCC_IRQHandler, 0x0)
                0x00000000                PROVIDE (EXTI0_IRQHandler, 0x0)
                0x00000000                PROVIDE (EXTI1_IRQHandler, 0x0)
                0x00000000                PROVIDE (EXTI2_IRQHandler, 0x0)
                0x00000000                PROVIDE (EXTI3_IRQHandler, 0x0)
                0x00000000                PROVIDE (EXTI4_IRQHandler, 0x0)
                0x00000000                PROVIDE (DMAChannel1_IRQHandler, 0x0)
                0x00000000                PROVIDE (DMAChannel2_IRQHandler, 0x0)
                0x00000000                PROVIDE (DMAChannel3_IRQHandler, 0x0)
                0x00000000                PROVIDE (DMAChannel4_IRQHandler, 0x0)
                0x00000000                PROVIDE (DMAChannel5_IRQHandler, 0x0)
                0x00000000                PROVIDE (DMAChannel6_IRQHandler, 0x0)
                0x00000000                PROVIDE (DMAChannel7_IRQHandler, 0x0)
                0x00000000                PROVIDE (DMA1_Channel1_IRQHandler, 0x0)
                0x00000000                PROVIDE (DMA1_Channel2_IRQHandler, 0x0)
                0x00000000                PROVIDE (DMA1_Channel3_IRQHandler, 0x0)
                0x00000000                PROVIDE (DMA1_Channel4_IRQHandler, 0x0)
                0x00000000                PROVIDE (DMA1_Channel5_IRQHandler, 0x0)
                0x00000000                PROVIDE (DMA1_Channel6_IRQHandler, 0x0)
                0x00000000                PROVIDE (DMA1_Channel7_IRQHandler, 0x0)
                0x00000000                PROVIDE (ADC_IRQHandler, 0x0)
                0x00000000                PROVIDE (ADC1_2_IRQHandler, 0x0)
                0x00000000                PROVIDE (USB_HP_CAN_TX_IRQHandler, 0x0)
                0x00000000                PROVIDE (USB_HP_CAN1_TX_IRQHandler, 0x0)
                0x00000000                PROVIDE (USB_LP_CAN_RX0_IRQHandler, 0x0)
                0x00000000                PROVIDE (USB_LP_CAN1_RX0_IRQHandler, 0x0)
                0x00000000                PROVIDE (CAN_RX1_IRQHandler, 0x0)
                0x00000000                PROVIDE (CAN1_RX1_IRQHandler, 0x0)
                0x00000000                PROVIDE (CAN_SCE_IRQHandler, 0x0)
                0x00000000                PROVIDE (CAN1_SCE_IRQHandler, 0x0)
                0x00000000                PROVIDE (EXTI9_5_IRQHandler, 0x0)
                0x00000000                PROVIDE (TIM1_BRK_IRQHandler, 0x0)
                0x00000000                PROVIDE (TIM1_UP_IRQHandler, 0x0)
                0x00000000                PROVIDE (TIM1_TRG_COM_IRQHandler, 0x0)
                0x00000000                PROVIDE (TIM1_CC_IRQHandler, 0x0)
                0x00000000                PROVIDE (TIM2_IRQHandler, 0x0)
                0x00000000                PROVIDE (TIM3_IRQHandler, 0x0)
                0x00000000                PROVIDE (TIM4_IRQHandler, 0x0)
                0x00000000                PROVIDE (I2C1_EV_IRQHandler, 0x0)
                0x00000000                PROVIDE (I2C1_ER_IRQHandler, 0x0)
                0x00000000                PROVIDE (I2C2_EV_IRQHandler, 0x0)
                0x00000000                PROVIDE (I2C2_ER_IRQHandler, 0x0)
                0x00000000                PROVIDE (SPI1_IRQHandler, 0x0)
                0x00000000                PROVIDE (SPI2_IRQHandler, 0x0)
                0x00000000                PROVIDE (USART1_IRQHandler, 0x0)
                0x00000000                PROVIDE (USART2_IRQHandler, 0x0)
                0x00000000                PROVIDE (USART3_IRQHandler, 0x0)
                0x00000000                PROVIDE (EXTI15_10_IRQHandler, 0x0)
                0x00000000                PROVIDE (RTCAlarm_IRQHandler, 0x0)
                0x00000000                PROVIDE (USBWakeUp_IRQHandler, 0x0)
                0x00000000                PROVIDE (TIM8_BRK_IRQHandler, 0x0)
                0x00000000                PROVIDE (TIM8_UP_IRQHandler, 0x0)
                0x00000000                PROVIDE (TIM8_TRG_COM_IRQHandler, 0x0)
                0x00000000                PROVIDE (TIM8_CC_IRQHandler, 0x0)
                0x00000000                PROVIDE (ADC3_IRQHandler, 0x0)
                0x00000000                PROVIDE (FSMC_IRQHandler, 0x0)
                0x00000000                PROVIDE (SDIO_IRQHandler, 0x0)
                0x00000000                PROVIDE (TIM5_IRQHandler, 0x0)
                0x00000000                PROVIDE (SPI3_IRQHandler, 0x0)
                0x00000000                PROVIDE (UART4_IRQHandler, 0x0)
                0x00000000                PROVIDE (UART5_IRQHandler, 0x0)
                0x00000000                PROVIDE (TIM6_IRQHandler, 0x0)
                0x00000000                PROVIDE (TIM7_IRQHandler, 0x0)
                0x00000000                PROVIDE (DMA2_Channel1_IRQHandler, 0x0)
                0x00000000                PROVIDE (DMA2_Channel2_IRQHandler, 0x0)
                0x00000000                PROVIDE (DMA2_Channel3_IRQHandler, 0x0)
                0x00000000                PROVIDE (DMA2_Channel4_5_IRQHandler, 0x0)
                0x42000000                PERIPH_BB_BASE = 0x42000000
                0x22000000                SRAM_BB_BASE = 0x22000000
                0x20000000                SRAM_BASE = 0x20000000
                0x40000000                PERIPH_BASE = 0x40000000
                0x40022000                PROVIDE (FLASH_BASE, 0x40022000)
                0x1ffff800                PROVIDE (OB_BASE, 0x1ffff800)
                0x40000000                APB1PERIPH_BASE = PERIPH_BASE
                0x40010000                APB2PERIPH_BASE = (PERIPH_BASE + 0x10000)
                0x40020000                AHBPERIPH_BASE = (PERIPH_BASE + 0x20000)
                0x40000000                PROVIDE (TIM2, (APB1PERIPH_BASE + 0x0))
                0x40000400                PROVIDE (TIM3, (APB1PERIPH_BASE + 0x400))
                0x40000800                PROVIDE (TIM4, (APB1PERIPH_BASE + 0x800))
                0x40002800                PROVIDE (RTC, (APB1PERIPH_BASE + 0x2800))
                0x40002c00                PROVIDE (WWDG, (APB1PERIPH_BASE + 0x2c00))
                0x40003000                PROVIDE (IWDG, (APB1PERIPH_BASE + 0x3000))
                0x40003800                PROVIDE (SPI2, (APB1PERIPH_BASE + 0x3800))
                0x40004400                PROVIDE (USART2, (APB1PERIPH_BASE + 0x4400))
                0x40004800                PROVIDE (USART3, (APB1PERIPH_BASE + 0x4800))
                0x40005400                PROVIDE (I2C1, (APB1PERIPH_BASE + 0x5400))
                0x40005800                PROVIDE (I2C2, (APB1PERIPH_BASE + 0x5800))
                0x40006400                PROVIDE (CAN, (APB1PERIPH_BASE + 0x6400))
                0x40006c00                PROVIDE (BKP, (APB1PERIPH_BASE + 0x6c00))
                0x40007000                PROVIDE (PWR, (APB1PERIPH_BASE + 0x7000))
                0x40010000                PROVIDE (AFIO, (APB2PERIPH_BASE + 0x0))
                0x40010400                PROVIDE (EXTI, (APB2PERIPH_BASE + 0x400))
                0x40010800                PROVIDE (GPIOA, (APB2PERIPH_BASE + 0x800))
                0x40010c00                PROVIDE (GPIOB, (APB2PERIPH_BASE + 0xc00))
                0x40011000                PROVIDE (GPIOC, (APB2PERIPH_BASE + 0x1000))
                0x40011400                PROVIDE (GPIOD, (APB2PERIPH_BASE + 0x1400))
                0x40011800                PROVIDE (GPIOE, (APB2PERIPH_BASE + 0x1800))
                0x40012400                PROVIDE (ADC1, (APB2PERIPH_BASE + 0x2400))
                0x40012800                PROVIDE (ADC2, (APB2PERIPH_BASE + 0x2800))
                0x40012c00                PROVIDE (TIM1, (APB2PERIPH_BASE + 0x2c00))
                0x40013000                PROVIDE (SPI1, (APB2PERIPH_BASE + 0x3000))
                0x40013800                PROVIDE (USART1, (APB2PERIPH_BASE + 0x3800))
                0x40020000                PROVIDE (DMA, (AHBPERIPH_BASE + 0x0))
                0x40020008                PROVIDE (DMA_Channel1, (AHBPERIPH_BASE + 0x8))
                0x4002001c                PROVIDE (DMA_Channel2, (AHBPERIPH_BASE + 0x1c))
                0x40020030                PROVIDE (DMA_Channel3, (AHBPERIPH_BASE + 0x30))
                0x40020044                PROVIDE (DMA_Channel4, (AHBPERIPH_BASE + 0x44))
                0x40020058                PROVIDE (DMA_Channel5, (AHBPERIPH_BASE + 0x58))
                0x4002006c                PROVIDE (DMA_Channel6, (AHBPERIPH_BASE + 0x6c))
                0x40020080                PROVIDE (DMA_Channel7, (AHBPERIPH_BASE + 0x80))
                0x40021000                PROVIDE (RCC, (AHBPERIPH_BASE + 0x1000))
                0xe000e000                SCS_BASE = 0xe000e000
                0xe000e010                PROVIDE (SysTick, (SCS_BASE + 0x10))
                0xe000e100                PROVIDE (NVIC, (SCS_BASE + 0x100))
                0xe000ed00                PROVIDE (SCB, (SCS_BASE + 0xd00))
                0x20005000                PROVIDE (_estack, (ORIGIN (RAM) + 0x5000))

.isr_vector     0x08000000      0x10c
                0x08000000                . = ALIGN (0x4)
 *(.isr_vector)
 .isr_vector    0x08000000      0x10c lib/CMSIS_CM3/startup/gcc/startup_stm32f10x_md.o
                0x08000000                g_pfnVectors
                0x0800010c                . = ALIGN (0x4)

.flash_start    0x00000000        0x0
                0x00000000                . = ALIGN (0x4)
 *(.flash_start)
 *(.flash_start.*)
                0x00000000                . = ALIGN (0x4)

.crp_patch      0x00000000        0x0
                0x00000000                . = ALIGN (0x4)
 *(.crp_patch)
                0x00000000                . = ALIGN (0x4)

.flashtext      0x0800010c        0x0
                0x0800010c                . = ALIGN (0x4)
 *(.flashtext)
                0x0800010c                . = ALIGN (0x4)

.text           0x08000110     0xf1c0
                0x08000110                . = ALIGN (0x4)
 *(.text)
 .text          0x08000110      0x370 /home/laurence/ARM-GCC/bin/../lib/gcc/arm-none-eabi/4.7.4/armv7-m/libgcc.a(_arm_addsubdf3.o)
                0x08000110                __aeabi_drsub
                0x08000118                __aeabi_dsub
                0x08000118                __subdf3
                0x0800011c                __adddf3
                0x0800011c                __aeabi_dadd
                0x08000394                __aeabi_ui2d
                0x08000394                __floatunsidf
                0x080003b4                __floatsidf
                0x080003b4                __aeabi_i2d
                0x080003d8                __extendsfdf2
                0x080003d8                __aeabi_f2d
                0x08000414                __aeabi_ul2d
                0x08000414                __floatundidf
                0x08000424                __floatdidf
                0x08000424                __aeabi_l2d
 .text          0x08000480      0x424 /home/laurence/ARM-GCC/bin/../lib/gcc/arm-none-eabi/4.7.4/armv7-m/libgcc.a(_arm_muldivdf3.o)
                0x08000480                __aeabi_dmul
                0x08000480                __muldf3
                0x080006d4                __aeabi_ddiv
                0x080006d4                __divdf3
 .text          0x080008a4      0x110 /home/laurence/ARM-GCC/bin/../lib/gcc/arm-none-eabi/4.7.4/armv7-m/libgcc.a(_arm_cmpdf2.o)
                0x080008a4                __gtdf2
                0x080008a4                __gedf2
                0x080008ac                __ltdf2
                0x080008ac                __ledf2
                0x080008b4                __cmpdf2
                0x080008b4                __eqdf2
                0x080008b4                __nedf2
                0x08000930                __aeabi_cdrcmple
                0x08000940                __aeabi_cdcmple
                0x08000940                __aeabi_cdcmpeq
                0x08000950                __aeabi_dcmpeq
                0x08000964                __aeabi_dcmplt
                0x08000978                __aeabi_dcmple
                0x0800098c                __aeabi_dcmpge
                0x080009a0                __aeabi_dcmpgt
 .text          0x080009b4       0x50 /home/laurence/ARM-GCC/bin/../lib/gcc/arm-none-eabi/4.7.4/armv7-m/libgcc.a(_arm_fixdfsi.o)
                0x080009b4                __fixdfsi
                0x080009b4                __aeabi_d2iz
 .text          0x08000a04       0xa0 /home/laurence/ARM-GCC/bin/../lib/gcc/arm-none-eabi/4.7.4/armv7-m/libgcc.a(_arm_truncdfsf2.o)
                0x08000a04                __aeabi_d2f
                0x08000a04                __truncdfsf2
 .text          0x08000aa4      0x21c /home/laurence/ARM-GCC/bin/../lib/gcc/arm-none-eabi/4.7.4/armv7-m/libgcc.a(_arm_addsubsf3.o)
                0x08000aa4                __aeabi_frsub
                0x08000aac                __subsf3
                0x08000aac                __aeabi_fsub
                0x08000ab0                __aeabi_fadd
                0x08000ab0                __addsf3
                0x08000c10                __aeabi_ui2f
                0x08000c10                __floatunsisf
                0x08000c18                __aeabi_i2f
                0x08000c18                __floatsisf
                0x08000c34                __floatundisf
                0x08000c34                __aeabi_ul2f
                0x08000c44                __floatdisf
                0x08000c44                __aeabi_l2f
 .text          0x08000cc0      0x2a0 /home/laurence/ARM-GCC/bin/../lib/gcc/arm-none-eabi/4.7.4/armv7-m/libgcc.a(_arm_muldivsf3.o)
                0x08000cc0                __mulsf3
                0x08000cc0                __aeabi_fmul
                0x08000e28                __divsf3
                0x08000e28                __aeabi_fdiv
 .text          0x08000f60       0xec /home/laurence/ARM-GCC/bin/../lib/gcc/arm-none-eabi/4.7.4/armv7-m/libgcc.a(_arm_cmpsf2.o)
                0x08000f60                __gtsf2
                0x08000f60                __gesf2
                0x08000f68                __lesf2
                0x08000f68                __ltsf2
                0x08000f70                __nesf2
                0x08000f70                __eqsf2
                0x08000f70                __cmpsf2
                0x08000fd0                __aeabi_cfrcmple
                0x08000fd8                __aeabi_cfcmple
                0x08000fd8                __aeabi_cfcmpeq
                0x08000fe8                __aeabi_fcmpeq
                0x08000ffc                __aeabi_fcmplt
                0x08001010                __aeabi_fcmple
                0x08001024                __aeabi_fcmpge
                0x08001038                __aeabi_fcmpgt
 .text          0x0800104c       0x4c /home/laurence/ARM-GCC/bin/../lib/gcc/arm-none-eabi/4.7.4/armv7-m/libgcc.a(_arm_fixsfsi.o)
                0x0800104c                __fixsfsi
                0x0800104c                __aeabi_f2iz
 .text          0x08001098       0x40 /home/laurence/ARM-GCC/bin/../lib/gcc/arm-none-eabi/4.7.4/armv7-m/libgcc.a(_arm_fixunssfsi.o)
                0x08001098                __aeabi_f2uiz
                0x08001098                __fixunssfsi
 *(.text.*)
 .text.startup.main
                0x080010d8     0x2170 /tmp/ccbRUwSo.ltrans0.ltrans.o
                0x080010d8                main
 .text.atoiRamRom.4160
                0x08003248       0x20 /tmp/ccbRUwSo.ltrans1.ltrans.o
 .text.rprintfChar.4163
                0x08003268       0x1c /tmp/ccbRUwSo.ltrans1.ltrans.o
 .text.Get_Max_Lun
                0x08003284       0x18 /tmp/ccbRUwSo.ltrans1.ltrans.o
                0x08003284                Get_Max_Lun
 .text.MASS_Get_Interface_Setting
                0x0800329c        0xc /tmp/ccbRUwSo.ltrans1.ltrans.o
                0x0800329c                MASS_Get_Interface_Setting
 .text.MASS_Status_Out
                0x080032a8        0x2 /tmp/ccbRUwSo.ltrans1.ltrans.o
                0x080032a8                MASS_Status_Out
 .text.MASS_Status_In
                0x080032aa        0x2 /tmp/ccbRUwSo.ltrans1.ltrans.o
                0x080032aa                MASS_Status_In
 .text.Mass_Storage_SetDeviceAddress
                0x080032ac        0xc /tmp/ccbRUwSo.ltrans1.ltrans.o
                0x080032ac                Mass_Storage_SetDeviceAddress
 .text.Resume_Init.4041
                0x080032b8       0x54 /tmp/ccbRUwSo.ltrans1.ltrans.o
 .text.MASS_Reset
                0x0800330c       0xf0 /tmp/ccbRUwSo.ltrans1.ltrans.o
                0x0800330c                MASS_Reset
 .text.__gps_send_char.4066
                0x080033fc       0x1c /tmp/ccbRUwSo.ltrans1.ltrans.o
 .text.Mass_Storage_SetConfiguration
                0x08003418       0x30 /tmp/ccbRUwSo.ltrans1.ltrans.o
                0x08003418                Mass_Storage_SetConfiguration
 .text.MASS_NoData_Setup
                0x08003448       0x4c /tmp/ccbRUwSo.ltrans1.ltrans.o
                0x08003448                MASS_NoData_Setup
 .text.MASS_GetDeviceDescriptor
                0x08003494        0xc /tmp/ccbRUwSo.ltrans1.ltrans.o
                0x08003494                MASS_GetDeviceDescriptor
 .text.MASS_GetConfigDescriptor
                0x080034a0        0xc /tmp/ccbRUwSo.ltrans1.ltrans.o
                0x080034a0                MASS_GetConfigDescriptor
 .text.MASS_GetStringDescriptor
                0x080034ac       0x20 /tmp/ccbRUwSo.ltrans1.ltrans.o
                0x080034ac                MASS_GetStringDescriptor
 .text.stm32_spi_rw.5379
                0x080034cc       0x24 /tmp/ccbRUwSo.ltrans1.ltrans.o
                0x080034cc                stm32_spi_rw.5379
 .text.rcvr_spi.5382
                0x080034f0        0x6 /tmp/ccbRUwSo.ltrans1.ltrans.o
                0x080034f0                rcvr_spi.5382
 *fill*         0x080034f6        0x2 00
 .text.EXTI_ONOFF_EN
                0x080034f8       0x54 /tmp/ccbRUwSo.ltrans1.ltrans.o
                0x080034f8                EXTI_ONOFF_EN
 .text.Resume   0x0800354c       0x88 /tmp/ccbRUwSo.ltrans1.ltrans.o
                0x0800354c                Resume
 .text.switch_leds_on
                0x080035d4       0x20 /tmp/ccbRUwSo.ltrans1.ltrans.o
                0x080035d4                switch_leds_on
 .text.switch_leds_off
                0x080035f4       0x20 /tmp/ccbRUwSo.ltrans1.ltrans.o
                0x080035f4                switch_leds_off
 .text.Gps_Send_Utf8
                0x08003614       0x1a /tmp/ccbRUwSo.ltrans1.ltrans.o
                0x08003614                Gps_Send_Utf8
 .text.Gps_Send_Str
                0x0800362e       0x16 /tmp/ccbRUwSo.ltrans1.ltrans.o
                0x0800362e                Gps_Send_Str
 .text.Usart3_Send_Str
                0x08003644       0x28 /tmp/ccbRUwSo.ltrans1.ltrans.o
                0x08003644                Usart3_Send_Str
 .text.SP1ML_assign_addr.part.1.5894
                0x0800366c       0x38 /tmp/ccbRUwSo.ltrans1.ltrans.o
                0x0800366c                SP1ML_assign_addr.part.1.5894
 .text.shutdown
                0x080036a4       0x10 /tmp/ccbRUwSo.ltrans1.ltrans.o
                0x080036a4                shutdown
 .text.set_rtc_correction
                0x080036b4       0x4c /tmp/ccbRUwSo.ltrans1.ltrans.o
                0x080036b4                set_rtc_correction
 .text.my_RTC_SetCounter
                0x08003700       0x22 /tmp/ccbRUwSo.ltrans1.ltrans.o
                0x08003700                my_RTC_SetCounter
 .text.update_rtc_timestamp
                0x08003722       0x26 /tmp/ccbRUwSo.ltrans1.ltrans.o
                0x08003722                update_rtc_timestamp
 .text.I2C1_Request_Job
                0x08003748       0x80 /tmp/ccbRUwSo.ltrans1.ltrans.o
                0x08003748                I2C1_Request_Job
 .text.hex_to_byte
                0x080037c8       0x1a /tmp/ccbRUwSo.ltrans1.ltrans.o
                0x080037c8                hex_to_byte
 *fill*         0x080037e2        0x2 00
 .text.rprintf2RamRom
                0x080037e4      0x404 /tmp/ccbRUwSo.ltrans1.ltrans.o
                0x080037e4                rprintf2RamRom
 .text.validate.5021
                0x08003be8       0x2c /tmp/ccbRUwSo.ltrans1.ltrans.o
                0x08003be8                validate.5021
 .text.counter_to_struct.5293
                0x08003c14       0xa8 /tmp/ccbRUwSo.ltrans1.ltrans.o
                0x08003c14                counter_to_struct.5293
 .text.isDST.5275
                0x08003cbc       0x2a /tmp/ccbRUwSo.ltrans1.ltrans.o
                0x08003cbc                isDST.5275
 *fill*         0x08003ce6        0x2 00
 .text.rtc_gettime
                0x08003ce8       0x74 /tmp/ccbRUwSo.ltrans1.ltrans.o
                0x08003ce8                rtc_gettime
 .text.get_fattime
                0x08003d5c       0x40 /tmp/ccbRUwSo.ltrans1.ltrans.o
                0x08003d5c                get_fattime
 .text.clust2sect
                0x08003d9c       0x18 /tmp/ccbRUwSo.ltrans1.ltrans.o
                0x08003d9c                clust2sect
 .text.sum_sfn.4982
                0x08003db4       0x1e /tmp/ccbRUwSo.ltrans1.ltrans.o
                0x08003db4                sum_sfn.4982
 .text.mem_cpy.4952
                0x08003dd2       0x12 /tmp/ccbRUwSo.ltrans1.ltrans.o
                0x08003dd2                mem_cpy.4952
 .text.ff_convert.part.0.4884
                0x08003de4       0x24 /tmp/ccbRUwSo.ltrans1.ltrans.o
                0x08003de4                ff_convert.part.0.4884
 .text.Delay    0x08003e08       0x18 /tmp/ccbRUwSo.ltrans1.ltrans.o
                0x08003e08                Delay
 .text.ads1298_busy_wait_command
                0x08003e20       0x4c /tmp/ccbRUwSo.ltrans1.ltrans.o
                0x08003e20                ads1298_busy_wait_command
 .text.ads1298_busy_wait_write
                0x08003e6c       0x88 /tmp/ccbRUwSo.ltrans1.ltrans.o
                0x08003e6c                ads1298_busy_wait_write
 .text.red_flash
                0x08003ef4       0x2c /tmp/ccbRUwSo.ltrans1.ltrans.o
                0x08003ef4                red_flash
 .text.normalize_vector
                0x08003f20       0x64 /tmp/ccbRUwSo.ltrans1.ltrans.o
                0x08003f20                normalize_vector
 .text.Add_To_Buffer
                0x08003f84       0x4a /tmp/ccbRUwSo.ltrans1.ltrans.o
                0x08003f84                Add_To_Buffer
 *fill*         0x08003fce        0x2 00
 .text.__usart_send_char
                0x08003fd0       0x50 /tmp/ccbRUwSo.ltrans1.ltrans.o
                0x08003fd0                __usart_send_char
 .text.Usart_Send_Str
                0x08004020       0x16 /tmp/ccbRUwSo.ltrans1.ltrans.o
                0x08004020                Usart_Send_Str
 *fill*         0x08004036        0x2 00
 .text.RN42_generate_packet
                0x08004038       0x64 /tmp/ccbRUwSo.ltrans1.ltrans.o
                0x08004038                RN42_generate_packet
 .text.__str_print_char
                0x0800409c       0x2c /tmp/ccbRUwSo.ltrans1.ltrans.o
                0x0800409c                __str_print_char
 .text.Get_From_Buffer
                0x080040c8       0x4a /tmp/ccbRUwSo.ltrans1.ltrans.o
                0x080040c8                Get_From_Buffer
 *fill*         0x08004112        0x2 00
 .text.SP1ML_command
                0x08004114       0xa4 /tmp/ccbRUwSo.ltrans1.ltrans.o
                0x08004114                SP1ML_command
 .text.Bot_Abort.part.2.4258
                0x080041b8       0x18 /tmp/ccbRUwSo.ltrans1.ltrans.o
                0x080041b8                Bot_Abort.part.2.4258
 .text.Set_CSW  0x080041d0       0x3c /tmp/ccbRUwSo.ltrans1.ltrans.o
                0x080041d0                Set_CSW
 .text.Transfer_Data_Request
                0x0800420c       0x34 /tmp/ccbRUwSo.ltrans1.ltrans.o
                0x0800420c                Transfer_Data_Request
 .text.IntToUnicode.4023
                0x08004240       0x2a /tmp/ccbRUwSo.ltrans1.ltrans.o
                0x08004240                IntToUnicode.4023
 *fill*         0x0800426a        0x2 00
 .text.disk_write
                0x0800426c       0xcc /tmp/ccbRUwSo.ltrans2.ltrans.o
                0x0800426c                disk_write
 .text.move_window.5011
                0x08004338       0x76 /tmp/ccbRUwSo.ltrans2.ltrans.o
                0x08004338                move_window.5011
 .text.put_fat  0x080043ae       0xf6 /tmp/ccbRUwSo.ltrans2.ltrans.o
                0x080043ae                put_fat
 .text.get_fat  0x080044a4       0xca /tmp/ccbRUwSo.ltrans2.ltrans.o
                0x080044a4                get_fat
 .text.remove_chain.5124
                0x0800456e       0x54 /tmp/ccbRUwSo.ltrans2.ltrans.o
                0x0800456e                remove_chain.5124
 .text.create_chain.5090
                0x080045c2       0x9a /tmp/ccbRUwSo.ltrans2.ltrans.o
                0x080045c2                create_chain.5090
 .text.dir_next.5094
                0x0800465c       0xf4 /tmp/ccbRUwSo.ltrans2.ltrans.o
                0x0800465c                dir_next.5094
 .text.f_lseek  0x08004750      0x140 /tmp/ccbRUwSo.ltrans2.ltrans.o
                0x08004750                f_lseek
 .text.f_write  0x08004890      0x19a /tmp/ccbRUwSo.ltrans2.ltrans.o
                0x08004890                f_write
 .text.write_wave_header
                0x08004a2a       0xda /tmp/ccbRUwSo.ltrans2.ltrans.o
                0x08004a2a                write_wave_header
 .text.write_wave_samples
                0x08004b04       0xaa /tmp/ccbRUwSo.ltrans2.ltrans.o
                0x08004b04                write_wave_samples
 *fill*         0x08004bae        0x2 00
 .text.__fat_print_char
                0x08004bb0       0x1c /tmp/ccbRUwSo.ltrans2.ltrans.o
                0x08004bb0                __fat_print_char
 .text.dir_sdi.5058
                0x08004bcc       0x84 /tmp/ccbRUwSo.ltrans2.ltrans.o
                0x08004bcc                dir_sdi.5058
 .text.SCSI_Invalid_Cmd
                0x08004c50       0x3c /tmp/ccbRUwSo.ltrans2.ltrans.o
                0x08004c50                SCSI_Invalid_Cmd
 *fill*         0x08004c8c        0x4 00
 .text.SP1ML_rx_tx_data_processor
                0x08004c90      0x810 /tmp/ccbRUwSo.ltrans3.ltrans.o
                0x08004c90                SP1ML_rx_tx_data_processor
 .text.dir_read.5111
                0x080054a0      0x104 /tmp/ccbRUwSo.ltrans3.ltrans.o
                0x080054a0                dir_read.5111
 .text.dir_find.part.4.5098
                0x080055a4      0x16c /tmp/ccbRUwSo.ltrans3.ltrans.o
                0x080055a4                dir_find.part.4.5098
 .text.dir_register.5134
                0x08005710      0x24c /tmp/ccbRUwSo.ltrans3.ltrans.o
                0x08005710                dir_register.5134
 .text.I2C1_EV_IRQHandler
                0x0800595c      0x58c /tmp/ccbRUwSo.ltrans4.ltrans.o
                0x0800595c                I2C1_EV_IRQHandler
 .text.file_preallocation_control
                0x08005ee8       0x44 /tmp/ccbRUwSo.ltrans4.ltrans.o
                0x08005ee8                file_preallocation_control
 .text.f_close  0x08005f2c        0xe /tmp/ccbRUwSo.ltrans4.ltrans.o
                0x08005f2c                f_close
 .text.wave_terminate.4094
                0x08005f3a       0xe4 /tmp/ccbRUwSo.ltrans4.ltrans.o
 *fill*         0x0800601e        0x2 00
 .text.shutdown_filesystem
                0x08006020      0x368 /tmp/ccbRUwSo.ltrans4.ltrans.o
                0x08006020                shutdown_filesystem
 .text.Mass_Storage_ClearFeature.4013
                0x08006388       0x18 /tmp/ccbRUwSo.ltrans5.ltrans.o
 .text.MASS_init
                0x080063a0       0x70 /tmp/ccbRUwSo.ltrans5.ltrans.o
                0x080063a0                MASS_init
 .text.__sp1ml_send_char.4091
                0x08006410       0x40 /tmp/ccbRUwSo.ltrans5.ltrans.o
 .text.SP1ML_generate_packet
                0x08006450       0xa8 /tmp/ccbRUwSo.ltrans5.ltrans.o
                0x08006450                SP1ML_generate_packet
 .text.stm32_dma_transfer.5386.4187
                0x080064f8       0xc8 /tmp/ccbRUwSo.ltrans5.ltrans.o
 .text.aligndata.constprop.32
                0x080065c0       0x44 /tmp/ccbRUwSo.ltrans5.ltrans.o
                0x080065c0                aligndata.constprop.32
 .text.vector_by_matrix.constprop.30
                0x08006604       0x4c /tmp/ccbRUwSo.ltrans5.ltrans.o
                0x08006604                vector_by_matrix.constprop.30
 .text.ADC_Configuration
                0x08006650      0x10c /tmp/ccbRUwSo.ltrans5.ltrans.o
                0x08006650                ADC_Configuration
 .text.USART2_reconf.constprop.8
                0x0800675c       0x50 /tmp/ccbRUwSo.ltrans5.ltrans.o
                0x0800675c                USART2_reconf.constprop.8
 .text.ads1298_wct_config.constprop.6
                0x080067ac       0xdc /tmp/ccbRUwSo.ltrans5.ltrans.o
                0x080067ac                ads1298_wct_config.constprop.6
 .text.ads1298_spi_dma_transaction
                0x08006888       0xe4 /tmp/ccbRUwSo.ltrans5.ltrans.o
                0x08006888                ads1298_spi_dma_transaction
 .text.rcvr_datablock
                0x0800696c       0x54 /tmp/ccbRUwSo.ltrans5.ltrans.o
                0x0800696c                rcvr_datablock
 .text.xmit_datablock.part.1.5391
                0x080069c0       0x30 /tmp/ccbRUwSo.ltrans5.ltrans.o
                0x080069c0                xmit_datablock.part.1.5391
 .text.power_on.5377
                0x080069f0       0xec /tmp/ccbRUwSo.ltrans5.ltrans.o
                0x080069f0                power_on.5377
 .text.release_spi
                0x08006adc       0x18 /tmp/ccbRUwSo.ltrans5.ltrans.o
                0x08006adc                release_spi
 .text.wait_ready.5384
                0x08006af4       0x24 /tmp/ccbRUwSo.ltrans5.ltrans.o
                0x08006af4                wait_ready.5384
 .text.send_cmd
                0x08006b18       0x8c /tmp/ccbRUwSo.ltrans5.ltrans.o
                0x08006b18                send_cmd
 .text.disk_read
                0x08006ba4       0xa0 /tmp/ccbRUwSo.ltrans5.ltrans.o
                0x08006ba4                disk_read
 .text.Read_Memory
                0x08006c44      0x158 /tmp/ccbRUwSo.ltrans5.ltrans.o
                0x08006c44                Read_Memory
 .text.check_fs.5028
                0x08006d9c       0x88 /tmp/ccbRUwSo.ltrans5.ltrans.o
                0x08006d9c                check_fs.5028
 .text.SCSI_Address_Management
                0x08006e24       0x74 /tmp/ccbRUwSo.ltrans6.ltrans.o
                0x08006e24                SCSI_Address_Management
 .text.SCSI_Read10_Cmd
                0x08006e98       0x6c /tmp/ccbRUwSo.ltrans6.ltrans.o
                0x08006e98                SCSI_Read10_Cmd
 .text.EP1_IN_Callback.4040
                0x08006f04       0x5c /tmp/ccbRUwSo.ltrans6.ltrans.o
 .text.disk_initialize
                0x08006f60      0x148 /tmp/ccbRUwSo.ltrans6.ltrans.o
                0x08006f60                disk_initialize
 .text.chk_mounted.5032
                0x080070a8      0x320 /tmp/ccbRUwSo.ltrans6.ltrans.o
                0x080070a8                chk_mounted.5032
 .text.Gps_DMA_Process
                0x080073c8      0x1e0 /tmp/ccbRUwSo.ltrans6.ltrans.o
                0x080073c8                Gps_DMA_Process
 .text.get_fileinfo.5003
                0x080075a8       0xf0 /tmp/ccbRUwSo.ltrans6.ltrans.o
                0x080075a8                get_fileinfo.5003
 .text.Get_UBX_Ack.constprop.9
                0x08007698       0xd0 /tmp/ccbRUwSo.ltrans6.ltrans.o
                0x08007698                Get_UBX_Ack.constprop.9
 .text.sync.5015
                0x08007768       0xd8 /tmp/ccbRUwSo.ltrans7.ltrans.o
                0x08007768                sync.5015
 .text.f_sync   0x08007840       0xac /tmp/ccbRUwSo.ltrans7.ltrans.o
                0x08007840                f_sync
 .text.follow_path.5104
                0x080078ec      0x2c8 /tmp/ccbRUwSo.ltrans7.ltrans.o
                0x080078ec                follow_path.5104
 .text.f_open   0x08007bb4      0x158 /tmp/ccbRUwSo.ltrans7.ltrans.o
                0x08007bb4                f_open
 .text.SCSI_Write10_Cmd.4071
                0x08007d0c      0x14c /tmp/ccbRUwSo.ltrans8.ltrans.o
 .text.EP2_OUT_Callback.4009
                0x08007e58      0x30c /tmp/ccbRUwSo.ltrans8.ltrans.o
 .text.EXTI9_5_IRQHandler
                0x08008164       0x2c /tmp/ccbRUwSo.ltrans9.ltrans.o
                0x08008164                EXTI9_5_IRQHandler
 .text.DMA1_Channel4_IRQHandler
                0x08008190      0x988 /tmp/ccbRUwSo.ltrans9.ltrans.o
                0x08008190                DMA1_Channel4_IRQHandler
 .text.USART3_IRQHandler
                0x08008b18       0xbc /tmp/ccbRUwSo.ltrans9.ltrans.o
                0x08008b18                USART3_IRQHandler
 .text.USART1_IRQHandler
                0x08008bd4       0x90 /tmp/ccbRUwSo.ltrans9.ltrans.o
                0x08008bd4                USART1_IRQHandler
 .text.MASS_Data_Setup
                0x08008c64       0x38 /tmp/ccbRUwSo.ltrans10.ltrans.o
                0x08008c64                MASS_Data_Setup
 .text.ads1298_setup.constprop.5
                0x08008c9c      0x2f4 /tmp/ccbRUwSo.ltrans10.ltrans.o
                0x08008c9c                ads1298_setup.constprop.5
 .text.I2C_Config
                0x08008f90      0x1f4 /tmp/ccbRUwSo.ltrans10.ltrans.o
                0x08008f90                I2C_Config
 .text.MAL_GetStatus
                0x08009184       0xdc /tmp/ccbRUwSo.ltrans10.ltrans.o
                0x08009184                MAL_GetStatus
 .text.USB_LP_CAN1_RX0_IRQHandler
                0x08009260      0x120 /tmp/ccbRUwSo.ltrans11.ltrans.o
                0x08009260                USB_LP_CAN1_RX0_IRQHandler
 .text.USB_HP_CAN1_TX_IRQHandler
                0x08009380        0x4 /tmp/ccbRUwSo.ltrans11.ltrans.o
                0x08009380                USB_HP_CAN1_TX_IRQHandler
 *fill*         0x08009384        0x4 00
 .text.SysTick_Handler
                0x08009388      0x180 /tmp/ccbRUwSo.ltrans11.ltrans.o
                0x08009388                SysTick_Handler
 .text.EXTI15_10_IRQHandler
                0x08009508       0x64 /tmp/ccbRUwSo.ltrans11.ltrans.o
                0x08009508                EXTI15_10_IRQHandler
 .text.ADC1_2_IRQHandler
                0x0800956c       0x70 /tmp/ccbRUwSo.ltrans11.ltrans.o
                0x0800956c                ADC1_2_IRQHandler
 .text.EXTI0_IRQHandler
                0x080095dc       0x7c /tmp/ccbRUwSo.ltrans11.ltrans.o
                0x080095dc                EXTI0_IRQHandler
 .text.I2C1_ER_IRQHandler
                0x08009658      0x13c /tmp/ccbRUwSo.ltrans11.ltrans.o
                0x08009658                I2C1_ER_IRQHandler
 .text.malloc   0x08009794       0x10 /home/laurence/ARM-GCC/bin/../lib/gcc/arm-none-eabi/4.7.4/../../../../arm-none-eabi/lib/armv7-m/libc.a(lib_a-malloc.o)
                0x08009794                malloc
 .text._malloc_r
                0x080097a4      0x530 /home/laurence/ARM-GCC/bin/../lib/gcc/arm-none-eabi/4.7.4/../../../../arm-none-eabi/lib/armv7-m/libc.a(lib_a-mallocr.o)
                0x080097a4                _malloc_r
 .text.memcmp   0x08009cd4       0xb8 /home/laurence/ARM-GCC/bin/../lib/gcc/arm-none-eabi/4.7.4/../../../../arm-none-eabi/lib/armv7-m/libc.a(lib_a-memcmp.o)
                0x08009cd4                memcmp
 .text.memcpy   0x08009d8c      0x15c /home/laurence/ARM-GCC/bin/../lib/gcc/arm-none-eabi/4.7.4/../../../../arm-none-eabi/lib/armv7-m/libc.a(lib_a-memcpy.o)
                0x08009d8c                memcpy
 .text.__malloc_lock
                0x08009ee8        0x4 /home/laurence/ARM-GCC/bin/../lib/gcc/arm-none-eabi/4.7.4/../../../../arm-none-eabi/lib/armv7-m/libc.a(lib_a-mlock.o)
                0x08009ee8                __malloc_lock
 .text.__malloc_unlock
                0x08009eec        0x4 /home/laurence/ARM-GCC/bin/../lib/gcc/arm-none-eabi/4.7.4/../../../../arm-none-eabi/lib/armv7-m/libc.a(lib_a-mlock.o)
                0x08009eec                __malloc_unlock
 .text._sbrk_r  0x08009ef0       0x24 /home/laurence/ARM-GCC/bin/../lib/gcc/arm-none-eabi/4.7.4/../../../../arm-none-eabi/lib/armv7-m/libc.a(lib_a-sbrkr.o)
                0x08009ef0                _sbrk_r
 .text.strcat   0x08009f14       0x4c /home/laurence/ARM-GCC/bin/../lib/gcc/arm-none-eabi/4.7.4/../../../../arm-none-eabi/lib/armv7-m/libc.a(lib_a-strcat.o)
                0x08009f14                strcat
 .text.strcpy   0x08009f60       0xbc /home/laurence/ARM-GCC/bin/../lib/gcc/arm-none-eabi/4.7.4/../../../../arm-none-eabi/lib/armv7-m/libc.a(lib_a-strcpy.o)
                0x08009f60                strcpy
 .text.strlen   0x0800a01c       0x60 /home/laurence/ARM-GCC/bin/../lib/gcc/arm-none-eabi/4.7.4/../../../../arm-none-eabi/lib/armv7-m/libc.a(lib_a-strlen.o)
                0x0800a01c                strlen
 .text._malloc_trim_r
                0x0800a07c       0x98 /home/laurence/ARM-GCC/bin/../lib/gcc/arm-none-eabi/4.7.4/../../../../arm-none-eabi/lib/armv7-m/libc.a(lib_a-freer.o)
                0x0800a07c                _malloc_trim_r
 .text._free_r  0x0800a114      0x194 /home/laurence/ARM-GCC/bin/../lib/gcc/arm-none-eabi/4.7.4/../../../../arm-none-eabi/lib/armv7-m/libc.a(lib_a-freer.o)
                0x0800a114                _free_r
 .text.Reset_Handler
                0x0800a2a8       0x48 lib/CMSIS_CM3/startup/gcc/startup_stm32f10x_md.o
                0x0800a2a8                Reset_Handler
 .text.Default_Handler
                0x0800a2f0        0x4 lib/CMSIS_CM3/startup/gcc/startup_stm32f10x_md.o
                0x0800a2f0                EXTI2_IRQHandler
                0x0800a2f0                DebugMon_Handler
                0x0800a2f0                TIM1_CC_IRQHandler
                0x0800a2f0                HardFault_Handler
                0x0800a2f0                PVD_IRQHandler
                0x0800a2f0                PendSV_Handler
                0x0800a2f0                NMI_Handler
                0x0800a2f0                EXTI3_IRQHandler
                0x0800a2f0                I2C2_EV_IRQHandler
                0x0800a2f0                UsageFault_Handler
                0x0800a2f0                SPI1_IRQHandler
                0x0800a2f0                TAMPER_IRQHandler
                0x0800a2f0                RTC_IRQHandler
                0x0800a2f0                DMA1_Channel7_IRQHandler
                0x0800a2f0                CAN1_RX1_IRQHandler
                0x0800a2f0                TIM4_IRQHandler
                0x0800a2f0                DMA1_Channel6_IRQHandler
                0x0800a2f0                TIM3_IRQHandler
                0x0800a2f0                RCC_IRQHandler
                0x0800a2f0                TIM1_TRG_COM_IRQHandler
                0x0800a2f0                DMA1_Channel1_IRQHandler
                0x0800a2f0                Default_Handler
                0x0800a2f0                SPI2_IRQHandler
                0x0800a2f0                MemManage_Handler
                0x0800a2f0                SVC_Handler
                0x0800a2f0                DMA1_Channel5_IRQHandler
                0x0800a2f0                EXTI4_IRQHandler
                0x0800a2f0                DMA1_Channel3_IRQHandler
                0x0800a2f0                TIM1_UP_IRQHandler
                0x0800a2f0                WWDG_IRQHandler
                0x0800a2f0                TIM2_IRQHandler
                0x0800a2f0                TIM1_BRK_IRQHandler
                0x0800a2f0                EXTI1_IRQHandler
                0x0800a2f0                RTCAlarm_IRQHandler
                0x0800a2f0                USART2_IRQHandler
                0x0800a2f0                I2C2_ER_IRQHandler
                0x0800a2f0                DMA1_Channel2_IRQHandler
                0x0800a2f0                CAN1_SCE_IRQHandler
                0x0800a2f0                FLASH_IRQHandler
                0x0800a2f0                BusFault_Handler
                0x0800a2f0                USBWakeUp_IRQHandler
 .text.NVIC_PriorityGroupConfig
                0x0800a2f4       0x14 lib/STM32F10x_StdPeriph_Driver/libstm32fw.a(misc.o)
                0x0800a2f4                NVIC_PriorityGroupConfig
 .text.NVIC_Init
                0x0800a308       0x68 lib/STM32F10x_StdPeriph_Driver/libstm32fw.a(misc.o)
                0x0800a308                NVIC_Init
 .text.NVIC_SetVectorTable
                0x0800a370       0x14 lib/STM32F10x_StdPeriph_Driver/libstm32fw.a(misc.o)
                0x0800a370                NVIC_SetVectorTable
 .text.SysTick_CLKSourceConfig
                0x0800a384       0x18 lib/STM32F10x_StdPeriph_Driver/libstm32fw.a(misc.o)
                0x0800a384                SysTick_CLKSourceConfig
 .text.ADC_DeInit
                0x0800a39c       0x5c lib/STM32F10x_StdPeriph_Driver/libstm32fw.a(stm32f10x_adc.o)
                0x0800a39c                ADC_DeInit
 .text.ADC_Init
                0x0800a3f8       0x48 lib/STM32F10x_StdPeriph_Driver/libstm32fw.a(stm32f10x_adc.o)
                0x0800a3f8                ADC_Init
 .text.ADC_Cmd  0x0800a440       0x12 lib/STM32F10x_StdPeriph_Driver/libstm32fw.a(stm32f10x_adc.o)
                0x0800a440                ADC_Cmd
 .text.ADC_ITConfig
                0x0800a452       0x12 lib/STM32F10x_StdPeriph_Driver/libstm32fw.a(stm32f10x_adc.o)
                0x0800a452                ADC_ITConfig
 .text.ADC_ResetCalibration
                0x0800a464        0xa lib/STM32F10x_StdPeriph_Driver/libstm32fw.a(stm32f10x_adc.o)
                0x0800a464                ADC_ResetCalibration
 .text.ADC_GetResetCalibrationStatus
                0x0800a46e        0x8 lib/STM32F10x_StdPeriph_Driver/libstm32fw.a(stm32f10x_adc.o)
                0x0800a46e                ADC_GetResetCalibrationStatus
 .text.ADC_StartCalibration
                0x0800a476        0xa lib/STM32F10x_StdPeriph_Driver/libstm32fw.a(stm32f10x_adc.o)
                0x0800a476                ADC_StartCalibration
 .text.ADC_GetCalibrationStatus
                0x0800a480        0x8 lib/STM32F10x_StdPeriph_Driver/libstm32fw.a(stm32f10x_adc.o)
                0x0800a480                ADC_GetCalibrationStatus
 .text.ADC_SoftwareStartConvCmd
                0x0800a488       0x12 lib/STM32F10x_StdPeriph_Driver/libstm32fw.a(stm32f10x_adc.o)
                0x0800a488                ADC_SoftwareStartConvCmd
 .text.ADC_RegularChannelConfig
                0x0800a49a       0x9a lib/STM32F10x_StdPeriph_Driver/libstm32fw.a(stm32f10x_adc.o)
                0x0800a49a                ADC_RegularChannelConfig
 .text.ADC_GetConversionValue
                0x0800a534        0x6 lib/STM32F10x_StdPeriph_Driver/libstm32fw.a(stm32f10x_adc.o)
                0x0800a534                ADC_GetConversionValue
 .text.ADC_ExternalTrigInjectedConvConfig
                0x0800a53a        0xc lib/STM32F10x_StdPeriph_Driver/libstm32fw.a(stm32f10x_adc.o)
                0x0800a53a                ADC_ExternalTrigInjectedConvConfig
 .text.ADC_SoftwareStartInjectedConvCmd
                0x0800a546       0x12 lib/STM32F10x_StdPeriph_Driver/libstm32fw.a(stm32f10x_adc.o)
                0x0800a546                ADC_SoftwareStartInjectedConvCmd
 .text.ADC_InjectedChannelConfig
                0x0800a558       0x60 lib/STM32F10x_StdPeriph_Driver/libstm32fw.a(stm32f10x_adc.o)
                0x0800a558                ADC_InjectedChannelConfig
 .text.ADC_InjectedSequencerLengthConfig
                0x0800a5b8       0x10 lib/STM32F10x_StdPeriph_Driver/libstm32fw.a(stm32f10x_adc.o)
                0x0800a5b8                ADC_InjectedSequencerLengthConfig
 .text.ADC_GetInjectedConversionValue
                0x0800a5c8       0x1a lib/STM32F10x_StdPeriph_Driver/libstm32fw.a(stm32f10x_adc.o)
                0x0800a5c8                ADC_GetInjectedConversionValue
 .text.ADC_AnalogWatchdogCmd
                0x0800a5e2       0x10 lib/STM32F10x_StdPeriph_Driver/libstm32fw.a(stm32f10x_adc.o)
                0x0800a5e2                ADC_AnalogWatchdogCmd
 .text.ADC_AnalogWatchdogThresholdsConfig
                0x0800a5f2        0x6 lib/STM32F10x_StdPeriph_Driver/libstm32fw.a(stm32f10x_adc.o)
                0x0800a5f2                ADC_AnalogWatchdogThresholdsConfig
 .text.ADC_AnalogWatchdogSingleChannelConfig
                0x0800a5f8        0xc lib/STM32F10x_StdPeriph_Driver/libstm32fw.a(stm32f10x_adc.o)
                0x0800a5f8                ADC_AnalogWatchdogSingleChannelConfig
 .text.ADC_GetFlagStatus
                0x0800a604        0xc lib/STM32F10x_StdPeriph_Driver/libstm32fw.a(stm32f10x_adc.o)
                0x0800a604                ADC_GetFlagStatus
 .text.ADC_ClearFlag
                0x0800a610        0x6 lib/STM32F10x_StdPeriph_Driver/libstm32fw.a(stm32f10x_adc.o)
                0x0800a610                ADC_ClearFlag
 .text.ADC_GetITStatus
                0x0800a616       0x16 lib/STM32F10x_StdPeriph_Driver/libstm32fw.a(stm32f10x_adc.o)
                0x0800a616                ADC_GetITStatus
 .text.ADC_ClearITPendingBit
                0x0800a62c        0x8 lib/STM32F10x_StdPeriph_Driver/libstm32fw.a(stm32f10x_adc.o)
                0x0800a62c                ADC_ClearITPendingBit
 .text.BKP_DeInit
                0x0800a634       0x12 lib/STM32F10x_StdPeriph_Driver/libstm32fw.a(stm32f10x_bkp.o)
                0x0800a634                BKP_DeInit
 *fill*         0x0800a646        0x2 00
 .text.BKP_RTCOutputConfig
                0x0800a648       0x18 lib/STM32F10x_StdPeriph_Driver/libstm32fw.a(stm32f10x_bkp.o)
                0x0800a648                BKP_RTCOutputConfig
 .text.BKP_SetRTCCalibrationValue
                0x0800a660       0x18 lib/STM32F10x_StdPeriph_Driver/libstm32fw.a(stm32f10x_bkp.o)
                0x0800a660                BKP_SetRTCCalibrationValue
 .text.BKP_WriteBackupRegister
                0x0800a678       0x1c lib/STM32F10x_StdPeriph_Driver/libstm32fw.a(stm32f10x_bkp.o)
                0x0800a678                BKP_WriteBackupRegister
 .text.BKP_ReadBackupRegister
                0x0800a694       0x20 lib/STM32F10x_StdPeriph_Driver/libstm32fw.a(stm32f10x_bkp.o)
                0x0800a694                BKP_ReadBackupRegister
 .text.DBGMCU_Config
                0x0800a6b4       0x18 lib/STM32F10x_StdPeriph_Driver/libstm32fw.a(stm32f10x_dbgmcu.o)
                0x0800a6b4                DBGMCU_Config
 .text.DMA_DeInit
                0x0800a6cc       0xec lib/STM32F10x_StdPeriph_Driver/libstm32fw.a(stm32f10x_dma.o)
                0x0800a6cc                DMA_DeInit
 .text.DMA_Init
                0x0800a7b8       0x40 lib/STM32F10x_StdPeriph_Driver/libstm32fw.a(stm32f10x_dma.o)
                0x0800a7b8                DMA_Init
 .text.DMA_Cmd  0x0800a7f8       0x12 lib/STM32F10x_StdPeriph_Driver/libstm32fw.a(stm32f10x_dma.o)
                0x0800a7f8                DMA_Cmd
 .text.DMA_ITConfig
                0x0800a80a       0x10 lib/STM32F10x_StdPeriph_Driver/libstm32fw.a(stm32f10x_dma.o)
                0x0800a80a                DMA_ITConfig
 .text.DMA_GetCurrDataCounter
                0x0800a81a        0x6 lib/STM32F10x_StdPeriph_Driver/libstm32fw.a(stm32f10x_dma.o)
                0x0800a81a                DMA_GetCurrDataCounter
 .text.DMA_GetFlagStatus
                0x0800a820       0x1c lib/STM32F10x_StdPeriph_Driver/libstm32fw.a(stm32f10x_dma.o)
                0x0800a820                DMA_GetFlagStatus
 .text.DMA_ClearFlag
                0x0800a83c       0x14 lib/STM32F10x_StdPeriph_Driver/libstm32fw.a(stm32f10x_dma.o)
                0x0800a83c                DMA_ClearFlag
 .text.DMA_GetITStatus
                0x0800a850       0x1c lib/STM32F10x_StdPeriph_Driver/libstm32fw.a(stm32f10x_dma.o)
                0x0800a850                DMA_GetITStatus
 .text.DMA_ClearITPendingBit
                0x0800a86c       0x14 lib/STM32F10x_StdPeriph_Driver/libstm32fw.a(stm32f10x_dma.o)
                0x0800a86c                DMA_ClearITPendingBit
 .text.EXTI_DeInit
                0x0800a880       0x1c lib/STM32F10x_StdPeriph_Driver/libstm32fw.a(stm32f10x_exti.o)
                0x0800a880                EXTI_DeInit
 .text.EXTI_Init
                0x0800a89c       0x88 lib/STM32F10x_StdPeriph_Driver/libstm32fw.a(stm32f10x_exti.o)
                0x0800a89c                EXTI_Init
 .text.EXTI_GetITStatus
                0x0800a924       0x20 lib/STM32F10x_StdPeriph_Driver/libstm32fw.a(stm32f10x_exti.o)
                0x0800a924                EXTI_GetITStatus
 .text.EXTI_ClearITPendingBit
                0x0800a944        0xc lib/STM32F10x_StdPeriph_Driver/libstm32fw.a(stm32f10x_exti.o)
                0x0800a944                EXTI_ClearITPendingBit
 .text.GPIO_Init
                0x0800a950       0x9a lib/STM32F10x_StdPeriph_Driver/libstm32fw.a(stm32f10x_gpio.o)
                0x0800a950                GPIO_Init
 .text.GPIO_StructInit
                0x0800a9ea       0x10 lib/STM32F10x_StdPeriph_Driver/libstm32fw.a(stm32f10x_gpio.o)
                0x0800a9ea                GPIO_StructInit
 .text.GPIO_ReadInputDataBit
                0x0800a9fa        0xc lib/STM32F10x_StdPeriph_Driver/libstm32fw.a(stm32f10x_gpio.o)
                0x0800a9fa                GPIO_ReadInputDataBit
 .text.GPIO_SetBits
                0x0800aa06        0x4 lib/STM32F10x_StdPeriph_Driver/libstm32fw.a(stm32f10x_gpio.o)
                0x0800aa06                GPIO_SetBits
 .text.GPIO_ResetBits
                0x0800aa0a        0x4 lib/STM32F10x_StdPeriph_Driver/libstm32fw.a(stm32f10x_gpio.o)
                0x0800aa0a                GPIO_ResetBits
 .text.GPIO_WriteBit
                0x0800aa0e        0xa lib/STM32F10x_StdPeriph_Driver/libstm32fw.a(stm32f10x_gpio.o)
                0x0800aa0e                GPIO_WriteBit
 .text.GPIO_PinRemapConfig
                0x0800aa18       0x58 lib/STM32F10x_StdPeriph_Driver/libstm32fw.a(stm32f10x_gpio.o)
                0x0800aa18                GPIO_PinRemapConfig
 .text.GPIO_EXTILineConfig
                0x0800aa70       0x34 lib/STM32F10x_StdPeriph_Driver/libstm32fw.a(stm32f10x_gpio.o)
                0x0800aa70                GPIO_EXTILineConfig
 .text.I2C_DeInit
                0x0800aaa4       0x34 lib/STM32F10x_StdPeriph_Driver/libstm32fw.a(stm32f10x_i2c.o)
                0x0800aaa4                I2C_DeInit
 .text.I2C_Init
                0x0800aad8       0xd4 lib/STM32F10x_StdPeriph_Driver/libstm32fw.a(stm32f10x_i2c.o)
                0x0800aad8                I2C_Init
 .text.I2C_Cmd  0x0800abac       0x18 lib/STM32F10x_StdPeriph_Driver/libstm32fw.a(stm32f10x_i2c.o)
                0x0800abac                I2C_Cmd
 .text.I2C_GenerateSTART
                0x0800abc4       0x18 lib/STM32F10x_StdPeriph_Driver/libstm32fw.a(stm32f10x_i2c.o)
                0x0800abc4                I2C_GenerateSTART
 .text.I2C_GenerateSTOP
                0x0800abdc       0x18 lib/STM32F10x_StdPeriph_Driver/libstm32fw.a(stm32f10x_i2c.o)
                0x0800abdc                I2C_GenerateSTOP
 .text.I2C_AcknowledgeConfig
                0x0800abf4       0x18 lib/STM32F10x_StdPeriph_Driver/libstm32fw.a(stm32f10x_i2c.o)
                0x0800abf4                I2C_AcknowledgeConfig
 .text.I2C_ITConfig
                0x0800ac0c       0x12 lib/STM32F10x_StdPeriph_Driver/libstm32fw.a(stm32f10x_i2c.o)
                0x0800ac0c                I2C_ITConfig
 .text.I2C_SendData
                0x0800ac1e        0x4 lib/STM32F10x_StdPeriph_Driver/libstm32fw.a(stm32f10x_i2c.o)
                0x0800ac1e                I2C_SendData
 .text.I2C_ReceiveData
                0x0800ac22        0x6 lib/STM32F10x_StdPeriph_Driver/libstm32fw.a(stm32f10x_i2c.o)
                0x0800ac22                I2C_ReceiveData
 .text.I2C_Send7bitAddress
                0x0800ac28       0x10 lib/STM32F10x_StdPeriph_Driver/libstm32fw.a(stm32f10x_i2c.o)
                0x0800ac28                I2C_Send7bitAddress
 .text.I2C_SoftwareResetCmd
                0x0800ac38       0x18 lib/STM32F10x_StdPeriph_Driver/libstm32fw.a(stm32f10x_i2c.o)
                0x0800ac38                I2C_SoftwareResetCmd
 .text.IWDG_WriteAccessCmd
                0x0800ac50        0xc lib/STM32F10x_StdPeriph_Driver/libstm32fw.a(stm32f10x_iwdg.o)
                0x0800ac50                IWDG_WriteAccessCmd
 .text.IWDG_SetPrescaler
                0x0800ac5c        0xc lib/STM32F10x_StdPeriph_Driver/libstm32fw.a(stm32f10x_iwdg.o)
                0x0800ac5c                IWDG_SetPrescaler
 .text.IWDG_SetReload
                0x0800ac68        0xc lib/STM32F10x_StdPeriph_Driver/libstm32fw.a(stm32f10x_iwdg.o)
                0x0800ac68                IWDG_SetReload
 .text.IWDG_ReloadCounter
                0x0800ac74       0x10 lib/STM32F10x_StdPeriph_Driver/libstm32fw.a(stm32f10x_iwdg.o)
                0x0800ac74                IWDG_ReloadCounter
 .text.IWDG_Enable
                0x0800ac84       0x10 lib/STM32F10x_StdPeriph_Driver/libstm32fw.a(stm32f10x_iwdg.o)
                0x0800ac84                IWDG_Enable
 .text.PWR_DeInit
                0x0800ac94       0x1a lib/STM32F10x_StdPeriph_Driver/libstm32fw.a(stm32f10x_pwr.o)
                0x0800ac94                PWR_DeInit
 *fill*         0x0800acae        0x2 00
 .text.PWR_BackupAccessCmd
                0x0800acb0        0xc lib/STM32F10x_StdPeriph_Driver/libstm32fw.a(stm32f10x_pwr.o)
                0x0800acb0                PWR_BackupAccessCmd
 .text.PWR_WakeUpPinCmd
                0x0800acbc        0xc lib/STM32F10x_StdPeriph_Driver/libstm32fw.a(stm32f10x_pwr.o)
                0x0800acbc                PWR_WakeUpPinCmd
 .text.PWR_EnterSTANDBYMode
                0x0800acc8       0x28 lib/STM32F10x_StdPeriph_Driver/libstm32fw.a(stm32f10x_pwr.o)
                0x0800acc8                PWR_EnterSTANDBYMode
 .text.RCC_HCLKConfig
                0x0800acf0       0x14 lib/STM32F10x_StdPeriph_Driver/libstm32fw.a(stm32f10x_rcc.o)
                0x0800acf0                RCC_HCLKConfig
 .text.RCC_USBCLKConfig
                0x0800ad04        0xc lib/STM32F10x_StdPeriph_Driver/libstm32fw.a(stm32f10x_rcc.o)
                0x0800ad04                RCC_USBCLKConfig
 .text.RCC_ADCCLKConfig
                0x0800ad10       0x14 lib/STM32F10x_StdPeriph_Driver/libstm32fw.a(stm32f10x_rcc.o)
                0x0800ad10                RCC_ADCCLKConfig
 .text.RCC_LSEConfig
                0x0800ad24       0x20 lib/STM32F10x_StdPeriph_Driver/libstm32fw.a(stm32f10x_rcc.o)
                0x0800ad24                RCC_LSEConfig
 .text.RCC_RTCCLKConfig
                0x0800ad44       0x10 lib/STM32F10x_StdPeriph_Driver/libstm32fw.a(stm32f10x_rcc.o)
                0x0800ad44                RCC_RTCCLKConfig
 .text.RCC_RTCCLKCmd
                0x0800ad54        0xc lib/STM32F10x_StdPeriph_Driver/libstm32fw.a(stm32f10x_rcc.o)
                0x0800ad54                RCC_RTCCLKCmd
 .text.RCC_GetClocksFreq
                0x0800ad60       0x9c lib/STM32F10x_StdPeriph_Driver/libstm32fw.a(stm32f10x_rcc.o)
                0x0800ad60                RCC_GetClocksFreq
 .text.RCC_AHBPeriphClockCmd
                0x0800adfc       0x18 lib/STM32F10x_StdPeriph_Driver/libstm32fw.a(stm32f10x_rcc.o)
                0x0800adfc                RCC_AHBPeriphClockCmd
 .text.RCC_APB2PeriphClockCmd
                0x0800ae14       0x18 lib/STM32F10x_StdPeriph_Driver/libstm32fw.a(stm32f10x_rcc.o)
                0x0800ae14                RCC_APB2PeriphClockCmd
 .text.RCC_APB1PeriphClockCmd
                0x0800ae2c       0x18 lib/STM32F10x_StdPeriph_Driver/libstm32fw.a(stm32f10x_rcc.o)
                0x0800ae2c                RCC_APB1PeriphClockCmd
 .text.RCC_APB2PeriphResetCmd
                0x0800ae44       0x18 lib/STM32F10x_StdPeriph_Driver/libstm32fw.a(stm32f10x_rcc.o)
                0x0800ae44                RCC_APB2PeriphResetCmd
 .text.RCC_APB1PeriphResetCmd
                0x0800ae5c       0x18 lib/STM32F10x_StdPeriph_Driver/libstm32fw.a(stm32f10x_rcc.o)
                0x0800ae5c                RCC_APB1PeriphResetCmd
 .text.RCC_BackupResetCmd
                0x0800ae74        0xc lib/STM32F10x_StdPeriph_Driver/libstm32fw.a(stm32f10x_rcc.o)
                0x0800ae74                RCC_BackupResetCmd
 .text.RCC_GetFlagStatus
                0x0800ae80       0x28 lib/STM32F10x_StdPeriph_Driver/libstm32fw.a(stm32f10x_rcc.o)
                0x0800ae80                RCC_GetFlagStatus
 .text.RTC_EnterConfigMode
                0x0800aea8       0x14 lib/STM32F10x_StdPeriph_Driver/libstm32fw.a(stm32f10x_rtc.o)
                0x0800aea8                RTC_EnterConfigMode
 .text.RTC_ExitConfigMode
                0x0800aebc       0x14 lib/STM32F10x_StdPeriph_Driver/libstm32fw.a(stm32f10x_rtc.o)
                0x0800aebc                RTC_ExitConfigMode
 .text.RTC_GetCounter
                0x0800aed0       0x14 lib/STM32F10x_StdPeriph_Driver/libstm32fw.a(stm32f10x_rtc.o)
                0x0800aed0                RTC_GetCounter
 .text.RTC_SetCounter
                0x0800aee4       0x20 lib/STM32F10x_StdPeriph_Driver/libstm32fw.a(stm32f10x_rtc.o)
                0x0800aee4                RTC_SetCounter
 .text.RTC_SetPrescaler
                0x0800af04       0x20 lib/STM32F10x_StdPeriph_Driver/libstm32fw.a(stm32f10x_rtc.o)
                0x0800af04                RTC_SetPrescaler
 .text.RTC_WaitForLastTask
                0x0800af24       0x14 lib/STM32F10x_StdPeriph_Driver/libstm32fw.a(stm32f10x_rtc.o)
                0x0800af24                RTC_WaitForLastTask
 .text.RTC_WaitForSynchro
                0x0800af38       0x24 lib/STM32F10x_StdPeriph_Driver/libstm32fw.a(stm32f10x_rtc.o)
                0x0800af38                RTC_WaitForSynchro
 .text.SPI_Init
                0x0800af5c       0x3e lib/STM32F10x_StdPeriph_Driver/libstm32fw.a(stm32f10x_spi.o)
                0x0800af5c                SPI_Init
 .text.SPI_StructInit
                0x0800af9a       0x18 lib/STM32F10x_StdPeriph_Driver/libstm32fw.a(stm32f10x_spi.o)
                0x0800af9a                SPI_StructInit
 .text.SPI_Cmd  0x0800afb2       0x18 lib/STM32F10x_StdPeriph_Driver/libstm32fw.a(stm32f10x_spi.o)
                0x0800afb2                SPI_Cmd
 .text.SPI_I2S_DMACmd
                0x0800afca       0x12 lib/STM32F10x_StdPeriph_Driver/libstm32fw.a(stm32f10x_spi.o)
                0x0800afca                SPI_I2S_DMACmd
 .text.SPI_I2S_SendData
                0x0800afdc        0x4 lib/STM32F10x_StdPeriph_Driver/libstm32fw.a(stm32f10x_spi.o)
                0x0800afdc                SPI_I2S_SendData
 .text.SPI_I2S_ReceiveData
                0x0800afe0        0x6 lib/STM32F10x_StdPeriph_Driver/libstm32fw.a(stm32f10x_spi.o)
                0x0800afe0                SPI_I2S_ReceiveData
 .text.SPI_CalculateCRC
                0x0800afe6       0x18 lib/STM32F10x_StdPeriph_Driver/libstm32fw.a(stm32f10x_spi.o)
                0x0800afe6                SPI_CalculateCRC
 .text.SPI_I2S_GetFlagStatus
                0x0800affe        0xc lib/STM32F10x_StdPeriph_Driver/libstm32fw.a(stm32f10x_spi.o)
                0x0800affe                SPI_I2S_GetFlagStatus
 *fill*         0x0800b00a        0x2 00
 .text.USART_DeInit
                0x0800b00c       0x98 lib/STM32F10x_StdPeriph_Driver/libstm32fw.a(stm32f10x_usart.o)
                0x0800b00c                USART_DeInit
 .text.USART_Init
                0x0800b0a4       0x88 lib/STM32F10x_StdPeriph_Driver/libstm32fw.a(stm32f10x_usart.o)
                0x0800b0a4                USART_Init
 .text.USART_Cmd
                0x0800b12c       0x18 lib/STM32F10x_StdPeriph_Driver/libstm32fw.a(stm32f10x_usart.o)
                0x0800b12c                USART_Cmd
 .text.USART_ITConfig
                0x0800b144       0x34 lib/STM32F10x_StdPeriph_Driver/libstm32fw.a(stm32f10x_usart.o)
                0x0800b144                USART_ITConfig
 .text.USART_DMACmd
                0x0800b178       0x12 lib/STM32F10x_StdPeriph_Driver/libstm32fw.a(stm32f10x_usart.o)
                0x0800b178                USART_DMACmd
 .text.USART_SendData
                0x0800b18a        0x8 lib/STM32F10x_StdPeriph_Driver/libstm32fw.a(stm32f10x_usart.o)
                0x0800b18a                USART_SendData
 .text.USART_ReceiveData
                0x0800b192        0x8 lib/STM32F10x_StdPeriph_Driver/libstm32fw.a(stm32f10x_usart.o)
                0x0800b192                USART_ReceiveData
 .text.USART_GetFlagStatus
                0x0800b19a        0xc lib/STM32F10x_StdPeriph_Driver/libstm32fw.a(stm32f10x_usart.o)
                0x0800b19a                USART_GetFlagStatus
 .text.USART_GetITStatus
                0x0800b1a6       0x40 lib/STM32F10x_StdPeriph_Driver/libstm32fw.a(stm32f10x_usart.o)
                0x0800b1a6                USART_GetITStatus
 .text.USART_ClearITPendingBit
                0x0800b1e6       0x10 lib/STM32F10x_StdPeriph_Driver/libstm32fw.a(stm32f10x_usart.o)
                0x0800b1e6                USART_ClearITPendingBit
 *fill*         0x0800b1f6        0x2 00
 .text.Standard_GetConfiguration
                0x0800b1f8       0x24 lib/STM32_USB-FS-Device_Driver/libstm32usb.a(usb_core.o)
                0x0800b1f8                Standard_GetConfiguration
 .text.Standard_GetInterface
                0x0800b21c       0x24 lib/STM32_USB-FS-Device_Driver/libstm32usb.a(usb_core.o)
                0x0800b21c                Standard_GetInterface
 .text.Standard_GetStatus
                0x0800b240       0x9c lib/STM32_USB-FS-Device_Driver/libstm32usb.a(usb_core.o)
                0x0800b240                Standard_GetStatus
 .text.DataStageIn
                0x0800b2dc       0xa4 lib/STM32_USB-FS-Device_Driver/libstm32usb.a(usb_core.o)
 .text.Standard_SetConfiguration
                0x0800b380       0x38 lib/STM32_USB-FS-Device_Driver/libstm32usb.a(usb_core.o)
                0x0800b380                Standard_SetConfiguration
 .text.Standard_SetInterface
                0x0800b3b8       0x48 lib/STM32_USB-FS-Device_Driver/libstm32usb.a(usb_core.o)
                0x0800b3b8                Standard_SetInterface
 .text.Standard_ClearFeature
                0x0800b400       0xdc lib/STM32_USB-FS-Device_Driver/libstm32usb.a(usb_core.o)
                0x0800b400                Standard_ClearFeature
 .text.Standard_SetEndPointFeature
                0x0800b4dc       0x8c lib/STM32_USB-FS-Device_Driver/libstm32usb.a(usb_core.o)
                0x0800b4dc                Standard_SetEndPointFeature
 .text.Standard_SetDeviceFeature
                0x0800b568       0x24 lib/STM32_USB-FS-Device_Driver/libstm32usb.a(usb_core.o)
                0x0800b568                Standard_SetDeviceFeature
 .text.Standard_GetDescriptorData
                0x0800b58c       0x1c lib/STM32_USB-FS-Device_Driver/libstm32usb.a(usb_core.o)
                0x0800b58c                Standard_GetDescriptorData
 .text.Post0_Process
                0x0800b5a8       0x40 lib/STM32_USB-FS-Device_Driver/libstm32usb.a(usb_core.o)
                0x0800b5a8                Post0_Process
 .text.Out0_Process
                0x0800b5e8       0xd4 lib/STM32_USB-FS-Device_Driver/libstm32usb.a(usb_core.o)
                0x0800b5e8                Out0_Process
 .text.Setup0_Process
                0x0800b6bc      0x2f8 lib/STM32_USB-FS-Device_Driver/libstm32usb.a(usb_core.o)
                0x0800b6bc                Setup0_Process
 .text.SetDeviceAddress
                0x0800b9b4       0x40 lib/STM32_USB-FS-Device_Driver/libstm32usb.a(usb_core.o)
                0x0800b9b4                SetDeviceAddress
 .text.In0_Process
                0x0800b9f4       0x60 lib/STM32_USB-FS-Device_Driver/libstm32usb.a(usb_core.o)
                0x0800b9f4                In0_Process
 .text.NOP_Process
                0x0800ba54        0x2 lib/STM32_USB-FS-Device_Driver/libstm32usb.a(usb_core.o)
                0x0800ba54                NOP_Process
 *fill*         0x0800ba56        0x2 00
 .text.USB_Init
                0x0800ba58       0x38 lib/STM32_USB-FS-Device_Driver/libstm32usb.a(usb_init.o)
                0x0800ba58                USB_Init
 .text.CTR_LP   0x0800ba90      0x190 lib/STM32_USB-FS-Device_Driver/libstm32usb.a(usb_int.o)
                0x0800ba90                CTR_LP
 .text.CTR_HP   0x0800bc20       0x74 lib/STM32_USB-FS-Device_Driver/libstm32usb.a(usb_int.o)
                0x0800bc20                CTR_HP
 .text.UserToPMABufferCopy
                0x0800bc94       0x2e lib/STM32_USB-FS-Device_Driver/libstm32usb.a(usb_mem.o)
                0x0800bc94                UserToPMABufferCopy
 .text.PMAToUserBufferCopy
                0x0800bcc2       0x24 lib/STM32_USB-FS-Device_Driver/libstm32usb.a(usb_mem.o)
                0x0800bcc2                PMAToUserBufferCopy
 *fill*         0x0800bce6        0x2 00
 .text.SetBTABLE
                0x0800bce8       0x10 lib/STM32_USB-FS-Device_Driver/libstm32usb.a(usb_regs.o)
                0x0800bce8                SetBTABLE
 .text.SetEPType
                0x0800bcf8       0x18 lib/STM32_USB-FS-Device_Driver/libstm32usb.a(usb_regs.o)
                0x0800bcf8                SetEPType
 .text.SetEPTxStatus
                0x0800bd10       0x3a lib/STM32_USB-FS-Device_Driver/libstm32usb.a(usb_regs.o)
                0x0800bd10                SetEPTxStatus
 .text.SetEPRxStatus
                0x0800bd4a       0x3a lib/STM32_USB-FS-Device_Driver/libstm32usb.a(usb_regs.o)
                0x0800bd4a                SetEPRxStatus
 .text.SetEPRxValid
                0x0800bd84       0x22 lib/STM32_USB-FS-Device_Driver/libstm32usb.a(usb_regs.o)
                0x0800bd84                SetEPRxValid
 .text.Clear_Status_Out
                0x0800bda6       0x1e lib/STM32_USB-FS-Device_Driver/libstm32usb.a(usb_regs.o)
                0x0800bda6                Clear_Status_Out
 .text.ClearDTOG_RX
                0x0800bdc4       0x24 lib/STM32_USB-FS-Device_Driver/libstm32usb.a(usb_regs.o)
                0x0800bdc4                ClearDTOG_RX
 .text.ClearDTOG_TX
                0x0800bde8       0x24 lib/STM32_USB-FS-Device_Driver/libstm32usb.a(usb_regs.o)
                0x0800bde8                ClearDTOG_TX
 .text.SetEPTxAddr
                0x0800be0c       0x20 lib/STM32_USB-FS-Device_Driver/libstm32usb.a(usb_regs.o)
                0x0800be0c                SetEPTxAddr
 .text.SetEPRxAddr
                0x0800be2c       0x20 lib/STM32_USB-FS-Device_Driver/libstm32usb.a(usb_regs.o)
                0x0800be2c                SetEPRxAddr
 .text.GetEPTxAddr
                0x0800be4c       0x1c lib/STM32_USB-FS-Device_Driver/libstm32usb.a(usb_regs.o)
                0x0800be4c                GetEPTxAddr
 .text.GetEPRxAddr
                0x0800be68       0x1c lib/STM32_USB-FS-Device_Driver/libstm32usb.a(usb_regs.o)
                0x0800be68                GetEPRxAddr
 .text.SetEPTxCount
                0x0800be84       0x1c lib/STM32_USB-FS-Device_Driver/libstm32usb.a(usb_regs.o)
                0x0800be84                SetEPTxCount
 .text.SetEPRxCount
                0x0800bea0       0x3c lib/STM32_USB-FS-Device_Driver/libstm32usb.a(usb_regs.o)
                0x0800bea0                SetEPRxCount
 .text.GetEPRxCount
                0x0800bedc       0x20 lib/STM32_USB-FS-Device_Driver/libstm32usb.a(usb_regs.o)
                0x0800bedc                GetEPRxCount
 .text.ByteSwap
                0x0800befc        0xa lib/STM32_USB-FS-Device_Driver/libstm32usb.a(usb_regs.o)
                0x0800befc                ByteSwap
 *fill*         0x0800bf06        0x2 00
 .text.USB_SIL_Init
                0x0800bf08       0x20 lib/STM32_USB-FS-Device_Driver/libstm32usb.a(usb_sil.o)
                0x0800bf08                USB_SIL_Init
 .text.USB_SIL_Write
                0x0800bf28       0x28 lib/STM32_USB-FS-Device_Driver/libstm32usb.a(usb_sil.o)
                0x0800bf28                USB_SIL_Write
 .text.USB_SIL_Read
                0x0800bf50       0x24 lib/STM32_USB-FS-Device_Driver/libstm32usb.a(usb_sil.o)
                0x0800bf50                USB_SIL_Read
 .text.memset   0x0800bf74      0x12c /home/laurence/ARM-GCC/bin/../lib/gcc/arm-none-eabi/4.7.4/../../../../arm-none-eabi/lib/armv7-m/libc.a(lib_a-memset.o)
                0x0800bf74                memset
 .text.srand    0x0800c0a0       0x18 /home/laurence/ARM-GCC/bin/../lib/gcc/arm-none-eabi/4.7.4/../../../../arm-none-eabi/lib/armv7-m/libc.a(lib_a-rand.o)
                0x0800c0a0                srand
 .text.rand     0x0800c0b8       0x48 /home/laurence/ARM-GCC/bin/../lib/gcc/arm-none-eabi/4.7.4/../../../../arm-none-eabi/lib/armv7-m/libc.a(lib_a-rand.o)
                0x0800c0b8                rand
 .text.sinf     0x0800c100       0x78 /home/laurence/ARM-GCC/bin/../lib/gcc/arm-none-eabi/4.7.4/../../../../arm-none-eabi/lib/armv7-m/libm.a(lib_a-sf_sin.o)
                0x0800c100                sinf
 .text.atan2    0x0800c178        0x4 /home/laurence/ARM-GCC/bin/../lib/gcc/arm-none-eabi/4.7.4/../../../../arm-none-eabi/lib/armv7-m/libm.a(lib_a-w_atan2.o)
                0x0800c178                atan2
 .text.acosf    0x0800c17c       0xa0 /home/laurence/ARM-GCC/bin/../lib/gcc/arm-none-eabi/4.7.4/../../../../arm-none-eabi/lib/armv7-m/libm.a(lib_a-wf_acos.o)
                0x0800c17c                acosf
 .text.atan2f   0x0800c21c        0x4 /home/laurence/ARM-GCC/bin/../lib/gcc/arm-none-eabi/4.7.4/../../../../arm-none-eabi/lib/armv7-m/libm.a(lib_a-wf_atan2.o)
                0x0800c21c                atan2f
 .text.sqrtf    0x0800c220       0x9c /home/laurence/ARM-GCC/bin/../lib/gcc/arm-none-eabi/4.7.4/../../../../arm-none-eabi/lib/armv7-m/libm.a(lib_a-wf_sqrt.o)
                0x0800c220                sqrtf
 *fill*         0x0800c2bc        0x4 00
 .text.__ieee754_atan2
                0x0800c2c0      0x218 /home/laurence/ARM-GCC/bin/../lib/gcc/arm-none-eabi/4.7.4/../../../../arm-none-eabi/lib/armv7-m/libm.a(lib_a-e_atan2.o)
                0x0800c2c0                __ieee754_atan2
 .text.__ieee754_acosf
                0x0800c4d8      0x368 /home/laurence/ARM-GCC/bin/../lib/gcc/arm-none-eabi/4.7.4/../../../../arm-none-eabi/lib/armv7-m/libm.a(lib_a-ef_acos.o)
                0x0800c4d8                __ieee754_acosf
 .text.__ieee754_atan2f
                0x0800c840      0x14c /home/laurence/ARM-GCC/bin/../lib/gcc/arm-none-eabi/4.7.4/../../../../arm-none-eabi/lib/armv7-m/libm.a(lib_a-ef_atan2.o)
                0x0800c840                __ieee754_atan2f
 .text.__ieee754_rem_pio2f
                0x0800c98c      0x358 /home/laurence/ARM-GCC/bin/../lib/gcc/arm-none-eabi/4.7.4/../../../../arm-none-eabi/lib/armv7-m/libm.a(lib_a-ef_rem_pio2.o)
                0x0800c98c                __ieee754_rem_pio2f
 .text.__ieee754_sqrtf
                0x0800cce4       0xd4 /home/laurence/ARM-GCC/bin/../lib/gcc/arm-none-eabi/4.7.4/../../../../arm-none-eabi/lib/armv7-m/libm.a(lib_a-ef_sqrt.o)
                0x0800cce4                __ieee754_sqrtf
 .text.__kernel_cosf
                0x0800cdb8      0x1b8 /home/laurence/ARM-GCC/bin/../lib/gcc/arm-none-eabi/4.7.4/../../../../arm-none-eabi/lib/armv7-m/libm.a(lib_a-kf_cos.o)
                0x0800cdb8                __kernel_cosf
 .text.__kernel_rem_pio2f
                0x0800cf70      0xba0 /home/laurence/ARM-GCC/bin/../lib/gcc/arm-none-eabi/4.7.4/../../../../arm-none-eabi/lib/armv7-m/libm.a(lib_a-kf_rem_pio2.o)
                0x0800cf70                __kernel_rem_pio2f
 .text.__kernel_sinf
                0x0800db10      0x100 /home/laurence/ARM-GCC/bin/../lib/gcc/arm-none-eabi/4.7.4/../../../../arm-none-eabi/lib/armv7-m/libm.a(lib_a-kf_sin.o)
                0x0800db10                __kernel_sinf
 .text.atan     0x0800dc10      0x368 /home/laurence/ARM-GCC/bin/../lib/gcc/arm-none-eabi/4.7.4/../../../../arm-none-eabi/lib/armv7-m/libm.a(lib_a-s_atan.o)
                0x0800dc10                atan
 .text.fabs     0x0800df78        0x8 /home/laurence/ARM-GCC/bin/../lib/gcc/arm-none-eabi/4.7.4/../../../../arm-none-eabi/lib/armv7-m/libm.a(lib_a-s_fabs.o)
                0x0800df78                fabs
 .text.matherr  0x0800df80        0x4 /home/laurence/ARM-GCC/bin/../lib/gcc/arm-none-eabi/4.7.4/../../../../arm-none-eabi/lib/armv7-m/libm.a(lib_a-s_matherr.o)
                0x0800df80                matherr
 .text.nan      0x0800df84        0xc /home/laurence/ARM-GCC/bin/../lib/gcc/arm-none-eabi/4.7.4/../../../../arm-none-eabi/lib/armv7-m/libm.a(lib_a-s_nan.o)
                0x0800df84                nan
 .text.atanf    0x0800df90      0x258 /home/laurence/ARM-GCC/bin/../lib/gcc/arm-none-eabi/4.7.4/../../../../arm-none-eabi/lib/armv7-m/libm.a(lib_a-sf_atan.o)
                0x0800df90                atanf
 .text.fabsf    0x0800e1e8        0x8 /home/laurence/ARM-GCC/bin/../lib/gcc/arm-none-eabi/4.7.4/../../../../arm-none-eabi/lib/armv7-m/libm.a(lib_a-sf_fabs.o)
                0x0800e1e8                fabsf
 .text.floorf   0x0800e1f0       0x94 /home/laurence/ARM-GCC/bin/../lib/gcc/arm-none-eabi/4.7.4/../../../../arm-none-eabi/lib/armv7-m/libm.a(lib_a-sf_floor.o)
                0x0800e1f0                floorf
 .text.__fpclassifyf
                0x0800e284       0x58 /home/laurence/ARM-GCC/bin/../lib/gcc/arm-none-eabi/4.7.4/../../../../arm-none-eabi/lib/armv7-m/libm.a(lib_a-sf_fpclassify.o)
                0x0800e284                __fpclassifyf
 .text.scalbnf  0x0800e2dc       0xc0 /home/laurence/ARM-GCC/bin/../lib/gcc/arm-none-eabi/4.7.4/../../../../arm-none-eabi/lib/armv7-m/libm.a(lib_a-sf_scalbn.o)
                0x0800e2dc                scalbnf
 .text.copysignf
                0x0800e39c        0xc /home/laurence/ARM-GCC/bin/../lib/gcc/arm-none-eabi/4.7.4/../../../../arm-none-eabi/lib/armv7-m/libm.a(lib_a-sf_copysign.o)
                0x0800e39c                copysignf
 .text._sbrk    0x0800e3a8       0x34 /home/laurence/ARM-GCC/bin/../lib/gcc/arm-none-eabi/4.7.4/../../../../arm-none-eabi/lib/armv7-m/libnosys.a(sbrk.o)
                0x0800e3a8                _sbrk
 .text.__errno  0x0800e3dc        0xc /home/laurence/ARM-GCC/bin/../lib/gcc/arm-none-eabi/4.7.4/../../../../arm-none-eabi/lib/armv7-m/libc.a(lib_a-errno.o)
                0x0800e3dc                __errno
 *(.rodata)
 .rodata        0x0800e3e8       0xb4 /tmp/ccbRUwSo.ltrans0.ltrans.o
                0x0800e48d                DaysInMonth.5327
 .rodata        0x0800e49c       0x32 /tmp/ccbRUwSo.ltrans1.ltrans.o
 .rodata        0x0800e4ce      0x3ce /tmp/ccbRUwSo.ltrans3.ltrans.o
 .rodata        0x0800e89c       0x74 /tmp/ccbRUwSo.ltrans5.ltrans.o
 .rodata        0x0800e910      0x180 /tmp/ccbRUwSo.ltrans7.ltrans.o
                0x0800e910                Tbl.4894
 *(.rodata*)
 .rodata.str1.1
                0x0800ea90      0x3b6 /tmp/ccbRUwSo.ltrans0.ltrans.o
                                0x3bb (size before relaxing)
 .rodata.str1.1
                0x0800ee46       0x16 /tmp/ccbRUwSo.ltrans1.ltrans.o
                                 0x19 (size before relaxing)
 .rodata.str1.1
                0x0800ee5c       0x10 /tmp/ccbRUwSo.ltrans7.ltrans.o
 .rodata.str1.4
                0x0800ee6c        0x2 /home/laurence/ARM-GCC/bin/../lib/gcc/arm-none-eabi/4.7.4/../../../../arm-none-eabi/lib/armv7-m/libc.a(lib_a-impure.o)
                                  0x4 (size before relaxing)
 *fill*         0x0800ee6e        0x2 00
 .rodata.str1.4
                0x0800ee70        0x9 /home/laurence/ARM-GCC/bin/../lib/gcc/arm-none-eabi/4.7.4/../../../../arm-none-eabi/lib/armv7-m/libm.a(lib_a-wf_acos.o)
                                  0xc (size before relaxing)
 *fill*         0x0800ee79        0x3 00
 .rodata.str1.4
                0x0800ee7c        0x8 /home/laurence/ARM-GCC/bin/../lib/gcc/arm-none-eabi/4.7.4/../../../../arm-none-eabi/lib/armv7-m/libm.a(lib_a-wf_sqrt.o)
 .rodata.npio2_hw
                0x0800ee84       0x80 /home/laurence/ARM-GCC/bin/../lib/gcc/arm-none-eabi/4.7.4/../../../../arm-none-eabi/lib/armv7-m/libm.a(lib_a-ef_rem_pio2.o)
 .rodata.two_over_pi
                0x0800ef04      0x318 /home/laurence/ARM-GCC/bin/../lib/gcc/arm-none-eabi/4.7.4/../../../../arm-none-eabi/lib/armv7-m/libm.a(lib_a-ef_rem_pio2.o)
 .rodata.init_jk
                0x0800f21c        0xc /home/laurence/ARM-GCC/bin/../lib/gcc/arm-none-eabi/4.7.4/../../../../arm-none-eabi/lib/armv7-m/libm.a(lib_a-kf_rem_pio2.o)
 .rodata.PIo2   0x0800f228       0x2c /home/laurence/ARM-GCC/bin/../lib/gcc/arm-none-eabi/4.7.4/../../../../arm-none-eabi/lib/armv7-m/libm.a(lib_a-kf_rem_pio2.o)
 *fill*         0x0800f254        0x4 00
 .rodata.atanlo
                0x0800f258       0x20 /home/laurence/ARM-GCC/bin/../lib/gcc/arm-none-eabi/4.7.4/../../../../arm-none-eabi/lib/armv7-m/libm.a(lib_a-s_atan.o)
 .rodata.atanhi
                0x0800f278       0x20 /home/laurence/ARM-GCC/bin/../lib/gcc/arm-none-eabi/4.7.4/../../../../arm-none-eabi/lib/armv7-m/libm.a(lib_a-s_atan.o)
 .rodata.atanlo
                0x0800f298       0x10 /home/laurence/ARM-GCC/bin/../lib/gcc/arm-none-eabi/4.7.4/../../../../arm-none-eabi/lib/armv7-m/libm.a(lib_a-sf_atan.o)
 .rodata.atanhi
                0x0800f2a8       0x10 /home/laurence/ARM-GCC/bin/../lib/gcc/arm-none-eabi/4.7.4/../../../../arm-none-eabi/lib/armv7-m/libm.a(lib_a-sf_atan.o)
 *(.glue_7)
 .glue_7        0x00000000        0x0 linker stubs
 *(.glue_7t)
 .glue_7t       0x00000000        0x0 linker stubs
 *(.init)
 .init          0x0800f2b8        0x4 /home/laurence/ARM-GCC/bin/../lib/gcc/arm-none-eabi/4.7.4/armv7-m/crti.o
                0x0800f2b8                _init
 .init          0x0800f2bc        0x8 /home/laurence/ARM-GCC/bin/../lib/gcc/arm-none-eabi/4.7.4/armv7-m/crtn.o
 *(.fini)
 .fini          0x0800f2c4        0x4 /home/laurence/ARM-GCC/bin/../lib/gcc/arm-none-eabi/4.7.4/armv7-m/crti.o
                0x0800f2c4                _fini
 .fini          0x0800f2c8        0x8 /home/laurence/ARM-GCC/bin/../lib/gcc/arm-none-eabi/4.7.4/armv7-m/crtn.o
                0x0800f2d0                . = ALIGN (0x4)
                0x0800f2d0                _etext = .
                0x0800f2d0                _sidata = _etext

.vfp11_veneer   0x0800f2d0        0x0
 .vfp11_veneer  0x00000000        0x0 linker stubs

.v4_bx          0x0800f2d0        0x0
 .v4_bx         0x00000000        0x0 linker stubs

.iplt           0x0800f2d0        0x0
 .iplt          0x00000000        0x0 /home/laurence/ARM-GCC/bin/../lib/gcc/arm-none-eabi/4.7.4/armv7-m/crtbegin.o

.rel.dyn        0x0800f2d0        0x0
 .rel.iplt      0x00000000        0x0 /home/laurence/ARM-GCC/bin/../lib/gcc/arm-none-eabi/4.7.4/armv7-m/crtbegin.o

.flashpatch     0x00000000        0x0
                0x00000000                . = ALIGN (0x4)
 *(.flashpatch)
                0x00000000                . = ALIGN (0x4)

.endflash       0x00000000        0x0
                0x00000000                . = ALIGN (0x4)
 *(.endflash)
                0x00000000                . = ALIGN (0x4)
                0x00000000                _e_endflash = .

.data           0x20000000      0xa28 load address 0x0800f2d0
                0x20000000                . = ALIGN (0x4)
                0x20000000                _sdata = .
                0x20000000                _data = .
 *(.data)
 .data          0x20000000        0xc /tmp/ccbRUwSo.ltrans0.ltrans.o
                0x20000008                SP1ML_network_address
 .data          0x2000000c       0x14 /tmp/ccbRUwSo.ltrans1.ltrans.o
                0x2000001c                Device_Table
 .data          0x20000020       0x24 /tmp/ccbRUwSo.ltrans3.ltrans.o
                0x20000020                DCM_glob
 .data          0x20000044       0x40 /tmp/ccbRUwSo.ltrans4.ltrans.o
                0x20000044                I2C_jobs
 .data          0x20000084       0x68 /tmp/ccbRUwSo.ltrans5.ltrans.o
                0x200000a0                String_Descriptor
                0x200000c8                User_Standard_Requests
 .data          0x200000ec       0x1c /tmp/ccbRUwSo.ltrans6.ltrans.o
                0x200000ec                pEpInt_IN
 .data          0x20000108       0x90 /tmp/ccbRUwSo.ltrans8.ltrans.o
                0x20000108                Scsi_Sense_Data
                0x2000017c                pEpInt_OUT
 .data          0x20000198        0x1 /tmp/ccbRUwSo.ltrans9.ltrans.o
 *fill*         0x20000199        0x3 00
 .data          0x2000019c       0x34 /tmp/ccbRUwSo.ltrans11.ltrans.o
                0x2000019c                Device_Property
                0x200001cd                Stat.5521
 *(.data.*)
 .data.__malloc_av_
                0x200001d0      0x408 /home/laurence/ARM-GCC/bin/../lib/gcc/arm-none-eabi/4.7.4/../../../../arm-none-eabi/lib/armv7-m/libc.a(lib_a-mallocr.o)
                0x200001d0                __malloc_av_
 .data.__malloc_trim_threshold
                0x200005d8        0x4 /home/laurence/ARM-GCC/bin/../lib/gcc/arm-none-eabi/4.7.4/../../../../arm-none-eabi/lib/armv7-m/libc.a(lib_a-mallocr.o)
                0x200005d8                __malloc_trim_threshold
 .data.__malloc_sbrk_base
                0x200005dc        0x4 /home/laurence/ARM-GCC/bin/../lib/gcc/arm-none-eabi/4.7.4/../../../../arm-none-eabi/lib/armv7-m/libc.a(lib_a-mallocr.o)
                0x200005dc                __malloc_sbrk_base
 .data.ADCPrescTable
                0x200005e0        0x4 lib/STM32F10x_StdPeriph_Driver/libstm32fw.a(stm32f10x_rcc.o)
 .data.APBAHBPrescTable
                0x200005e4       0x10 lib/STM32F10x_StdPeriph_Driver/libstm32fw.a(stm32f10x_rcc.o)
 *fill*         0x200005f4        0x4 00
 .data.impure_data
                0x200005f8      0x428 /home/laurence/ARM-GCC/bin/../lib/gcc/arm-none-eabi/4.7.4/../../../../arm-none-eabi/lib/armv7-m/libc.a(lib_a-impure.o)
 .data._impure_ptr
                0x20000a20        0x4 /home/laurence/ARM-GCC/bin/../lib/gcc/arm-none-eabi/4.7.4/../../../../arm-none-eabi/lib/armv7-m/libc.a(lib_a-impure.o)
                0x20000a20                _impure_ptr
 .data.__fdlib_version
                0x20000a24        0x1 /home/laurence/ARM-GCC/bin/../lib/gcc/arm-none-eabi/4.7.4/../../../../arm-none-eabi/lib/armv7-m/libm.a(lib_a-s_lib_ver.o)
                0x20000a24                __fdlib_version
 *(.RAMtext)
                0x20000a28                . = ALIGN (0x4)
 *fill*         0x20000a25        0x3 00
                0x20000a28                _edata = .
                0x0800fcf8                _eidata = (_sidata + (_edata - _sdata))
                0x08020000                _lastdataromaddress = (ORIGIN (FLASH) + 0x20000)
                0x00000000                toobig = (_eidata > _lastdataromaddress)?!!!!!!!!! FLASH IS FULL !!!!!!!!!:0x0

.igot.plt       0x20000a28        0x0 load address 0x0800fcf8
 .igot.plt      0x00000000        0x0 /home/laurence/ARM-GCC/bin/../lib/gcc/arm-none-eabi/4.7.4/armv7-m/crtbegin.o

.bss            0x20000a28     0x1390 load address 0x0800fcf8
                0x20000a28                . = ALIGN (0x4)
                0x20000a28                _sbss = .
                0x20000a28                _bss = .
 *(.bss)
 .bss           0x20000a28      0xdd8 /tmp/ccbRUwSo.ltrans0.ltrans.o
                0x20000e50                bootsource
                0x20000e54                Millis
                0x20000e5c                Gps_Buffer
                0x20000e68                rputchar.5805
                0x20000e6c                Status
                0x20000e70                Data_Buffer
                0x20000e74                bDeviceState
                0x20000e78                Battery_Voltage
                0x20000e7c                Jobs
                0x20000e80                FatFs.5248
                0x200010bc                FATFS_wavfile
                0x20001300                LSM9DS1_Mag_Offset
                0x2000131a                print_string
                0x20001334                FATFS_wavfile_gps
                0x20001558                FATFS_wavfile_imu
                0x2000177c                file_opened
                0x20001780                PI_glob
                0x20001798                I_limits
                0x200017a4                flashCodeEnabled
                0x200017a8                Gps
                0x200017e4                GPS_telem
                0x200017f0                flashCode
                0x200017f5                SP1ML_state
                0x200017f9                System_state_Global
                0x200017fa                Shutdown_System
 .bss           0x20001800       0x8c /tmp/ccbRUwSo.ltrans1.ltrans.o
 .bss           0x2000188c        0x4 /tmp/ccbRUwSo.ltrans2.ltrans.o
 .bss           0x20001890        0xc /tmp/ccbRUwSo.ltrans3.ltrans.o
 .bss           0x2000189c        0x4 /tmp/ccbRUwSo.ltrans4.ltrans.o
                0x2000189f                CurrVol.5247
 .bss           0x200018a0       0x2c /tmp/ccbRUwSo.ltrans5.ltrans.o
 .bss           0x200018cc        0xc /tmp/ccbRUwSo.ltrans6.ltrans.o
 .bss           0x200018d8        0x1 /tmp/ccbRUwSo.ltrans7.ltrans.o
                0x200018d8                CardType.5522
 *fill*         0x200018d9        0x3 00
 .bss           0x200018dc       0xb8 /tmp/ccbRUwSo.ltrans8.ltrans.o
                0x200018dc                Bot_State
                0x200018e0                CBW
                0x20001906                TransferState
                0x20001908                Mass_Block_Size
                0x2000195c                Sd_Spi_Called_From_USB_MSC
                0x20001960                CSW
                0x20001978                SCSI_LBA
                0x2000197c                SCSI_BlkLen
                0x20001980                Max_Lun
                0x20001984                Mass_Block_Count
 .bss           0x20001994      0x384 /tmp/ccbRUwSo.ltrans9.ltrans.o
                0x20001a18                raw_data.7594
                0x20001a34                channel_wct_conf.7605
                0x20001a38                wct.7592
                0x20001a3b                Enable.7607
                0x20001a3c                ECG_buffers
                0x20001afc                old_quality_mask.7609
                0x20001b00                old_wct.7608
                0x20001b05                ADS1298_Error_Status
                0x20001b0d                Gain.7604
                0x20001b10                Completed_Jobs
                0x20001b14                LSM9DS1_Gyro_Buffer
                0x20001b20                IMU_buff
                0x20001bc0                LSM9DS1_Acc_Buffer
                0x20001bc8                LSM9DS1_Mag_Buffer
                0x20001bd6                I2C1error
                0x20001bd8                I2C_failure
                0x20001c9c                Filtered_ECG
                0x20001cae                SP1ML_tx_rx_state
                0x20001cbc                Usart3_rx_buff
                0x20001ccc                SP1ML_tx_sequence_number
                0x20001cdc                Usart1_rx_buff
                0x20001cec                RN42_tx_sequence_number
                0x20001cf0                Usart3_tx_buff
                0x20001d00                SP1ML_tx_bytes
                0x20001d04                SP1ML_withold
                0x20001d08                Usart1_tx_buff
 .bss           0x20001d18        0x8 /tmp/ccbRUwSo.ltrans10.ltrans.o
 .bss           0x20001d20       0x1c /tmp/ccbRUwSo.ltrans11.ltrans.o
                0x20001d20                wIstr
                0x20001d24                Timer1.5516
                0x20001d28                Timer2.5517
                0x20001d39                job
 *(.bss.*)
 .bss.__malloc_max_total_mem
                0x20001d3c        0x4 /home/laurence/ARM-GCC/bin/../lib/gcc/arm-none-eabi/4.7.4/../../../../arm-none-eabi/lib/armv7-m/libc.a(lib_a-mallocr.o)
                0x20001d3c                __malloc_max_total_mem
 .bss.__malloc_max_sbrked_mem
                0x20001d40        0x4 /home/laurence/ARM-GCC/bin/../lib/gcc/arm-none-eabi/4.7.4/../../../../arm-none-eabi/lib/armv7-m/libc.a(lib_a-mallocr.o)
                0x20001d40                __malloc_max_sbrked_mem
 .bss.__malloc_top_pad
                0x20001d44        0x4 /home/laurence/ARM-GCC/bin/../lib/gcc/arm-none-eabi/4.7.4/../../../../arm-none-eabi/lib/armv7-m/libc.a(lib_a-mallocr.o)
                0x20001d44                __malloc_top_pad
 .bss.__malloc_current_mallinfo
                0x20001d48       0x28 /home/laurence/ARM-GCC/bin/../lib/gcc/arm-none-eabi/4.7.4/../../../../arm-none-eabi/lib/armv7-m/libc.a(lib_a-mallocr.o)
                0x20001d48                __malloc_current_mallinfo
 .bss.Data_Mul_MaxPacketSize
                0x20001d70        0x1 lib/STM32_USB-FS-Device_Driver/libstm32usb.a(usb_core.o)
                0x20001d70                Data_Mul_MaxPacketSize
 *fill*         0x20001d71        0x3 00
 .bss.heap_end.4231