Archive member included to satisfy reference by file (symbol)

lib/STM32F10x_StdPeriph_Driver/libstm32fw.a(misc.o)
                              interrupts.o (symbol from plugin) (NVIC_PriorityGroupConfig)
lib/STM32F10x_StdPeriph_Driver/libstm32fw.a(stm32f10x_adc.o)
                              adc.o (symbol from plugin) (ADC_DeInit)
lib/STM32F10x_StdPeriph_Driver/libstm32fw.a(stm32f10x_bkp.o)
                              Util/fat_fs/src/rtc.o (symbol from plugin) (BKP_DeInit)
lib/STM32F10x_StdPeriph_Driver/libstm32fw.a(stm32f10x_dbgmcu.o)
                              main.o (symbol from plugin) (DBGMCU_Config)
lib/STM32F10x_StdPeriph_Driver/libstm32fw.a(stm32f10x_dma.o)
                              Util/fat_fs/src/sd_spi_stm32.o (symbol from plugin) (DMA_DeInit)
lib/STM32F10x_StdPeriph_Driver/libstm32fw.a(stm32f10x_exti.o)
                              interrupts.o (symbol from plugin) (EXTI_DeInit)
lib/STM32F10x_StdPeriph_Driver/libstm32fw.a(stm32f10x_gpio.o)
                              Util/fat_fs/src/sd_spi_stm32.o (symbol from plugin) (GPIO_Init)
lib/STM32F10x_StdPeriph_Driver/libstm32fw.a(stm32f10x_i2c.o)
                              i2c_int.o (symbol from plugin) (I2C_DeInit)
lib/STM32F10x_StdPeriph_Driver/libstm32fw.a(stm32f10x_iwdg.o)
                              watchdog.o (symbol from plugin) (IWDG_WriteAccessCmd)
lib/STM32F10x_StdPeriph_Driver/libstm32fw.a(stm32f10x_pwr.o)
                              pwr.o (symbol from plugin) (PWR_DeInit)
lib/STM32F10x_StdPeriph_Driver/libstm32fw.a(stm32f10x_rcc.o)
                              interrupts.o (symbol from plugin) (RCC_HCLKConfig)
lib/STM32F10x_StdPeriph_Driver/libstm32fw.a(stm32f10x_rtc.o)
                              Util/fat_fs/src/rtc.o (symbol from plugin) (RTC_GetCounter)
lib/STM32F10x_StdPeriph_Driver/libstm32fw.a(stm32f10x_spi.o)
                              Util/fat_fs/src/sd_spi_stm32.o (symbol from plugin) (SPI_I2S_DeInit)
lib/STM32F10x_StdPeriph_Driver/libstm32fw.a(stm32f10x_tim.o)
                              timer.o (symbol from plugin) (TIM_DeInit)
lib/STM32F10x_StdPeriph_Driver/libstm32fw.a(stm32f10x_usart.o)
                              Util/rn42_command.o (symbol from plugin) (USART_DeInit)
lib/STM32_USB-FS-Device_Driver/libstm32usb.a(usb_core.o)
                              Util/USB/usb_prop.o (symbol from plugin) (Standard_GetDescriptorData)
lib/STM32_USB-FS-Device_Driver/libstm32usb.a(usb_init.o)
                              Util/USB/hw_config.o (symbol from plugin) (Device_Info)
lib/STM32_USB-FS-Device_Driver/libstm32usb.a(usb_int.o)
                              Util/USB/usb_istr.o (symbol from plugin) (CTR_LP)
lib/STM32_USB-FS-Device_Driver/libstm32usb.a(usb_mem.o)
                              lib/STM32_USB-FS-Device_Driver/libstm32usb.a(usb_core.o) (UserToPMABufferCopy)
lib/STM32_USB-FS-Device_Driver/libstm32usb.a(usb_regs.o)
                              Util/USB/usb_prop.o (symbol from plugin) (SetBTABLE)
lib/STM32_USB-FS-Device_Driver/libstm32usb.a(usb_sil.o)
                              Util/USB/usb_prop.o (symbol from plugin) (USB_SIL_Init)
/home/laurence/ARM-GCC/gcc-arm-none-eabi-5_3-2016q1/bin/../lib/gcc/arm-none-eabi/5.3.1/../../../../arm-none-eabi/lib/armv7-m/libg.a(lib_a-exit.o)
                              /home/laurence/ARM-GCC/gcc-arm-none-eabi-5_3-2016q1/bin/../lib/gcc/arm-none-eabi/5.3.1/../../../../arm-none-eabi/lib/armv7-m/crt0.o (exit)
/home/laurence/ARM-GCC/gcc-arm-none-eabi-5_3-2016q1/bin/../lib/gcc/arm-none-eabi/5.3.1/../../../../arm-none-eabi/lib/armv7-m/libg.a(lib_a-impure.o)
                              /home/laurence/ARM-GCC/gcc-arm-none-eabi-5_3-2016q1/bin/../lib/gcc/arm-none-eabi/5.3.1/../../../../arm-none-eabi/lib/armv7-m/libg.a(lib_a-exit.o) (_global_impure_ptr)
/home/laurence/ARM-GCC/gcc-arm-none-eabi-5_3-2016q1/bin/../lib/gcc/arm-none-eabi/5.3.1/../../../../arm-none-eabi/lib/armv7-m/libg.a(lib_a-init.o)
                              /home/laurence/ARM-GCC/gcc-arm-none-eabi-5_3-2016q1/bin/../lib/gcc/arm-none-eabi/5.3.1/../../../../arm-none-eabi/lib/armv7-m/crt0.o (__libc_init_array)
/home/laurence/ARM-GCC/gcc-arm-none-eabi-5_3-2016q1/bin/../lib/gcc/arm-none-eabi/5.3.1/../../../../arm-none-eabi/lib/armv7-m/libg.a(lib_a-memset.o)
                              /home/laurence/ARM-GCC/gcc-arm-none-eabi-5_3-2016q1/bin/../lib/gcc/arm-none-eabi/5.3.1/../../../../arm-none-eabi/lib/armv7-m/crt0.o (memset)
/home/laurence/ARM-GCC/gcc-arm-none-eabi-5_3-2016q1/bin/../lib/gcc/arm-none-eabi/5.3.1/../../../../arm-none-eabi/lib/armv7-m/libg.a(lib_a-rand.o)
                              Util/sp1ml_command.o (symbol from plugin) (srand)
/home/laurence/ARM-GCC/gcc-arm-none-eabi-5_3-2016q1/bin/../lib/gcc/arm-none-eabi/5.3.1/../../../../arm-none-eabi/lib/armv7-m/libg.a(lib_a-__call_atexit.o)
                              /home/laurence/ARM-GCC/gcc-arm-none-eabi-5_3-2016q1/bin/../lib/gcc/arm-none-eabi/5.3.1/../../../../arm-none-eabi/lib/armv7-m/libg.a(lib_a-exit.o) (__call_exitprocs)
[...]
Memory Configuration

Name             Origin             Length             Attributes
RAM              0x20000000         0x00005000         xrw
FLASH            0x08000000         0x00020000         xr
FLASHB1          0x00000000         0x00000000         xr
EXTMEMB0         0x00000000         0x00000000         xr
EXTMEMB1         0x00000000         0x00000000         xr
EXTMEMB2         0x00000000         0x00000000         xr
EXTMEMB3         0x00000000         0x00000000         xr
STARTFLASH       0x00000000         0xffffffff
CRPPATCH         0x00000000         0xffffffff
FLASHPATCH       0x00000000         0xffffffff
ENDFLASH         0x00000000         0xffffffff
*default*        0x00000000         0xffffffff

Linker script and memory map

LOAD /home/laurence/ARM-GCC/gcc-arm-none-eabi-5_3-2016q1/bin/../lib/gcc/arm-none-eabi/5.3.1/armv7-m/crti.o
LOAD /home/laurence/ARM-GCC/gcc-arm-none-eabi-5_3-2016q1/bin/../lib/gcc/arm-none-eabi/5.3.1/armv7-m/crtbegin.o
LOAD /home/laurence/ARM-GCC/gcc-arm-none-eabi-5_3-2016q1/bin/../lib/gcc/arm-none-eabi/5.3.1/../../../../arm-none-eabi/lib/armv7-m/crt0.o
LOAD Util/USB/hw_config.o
LOAD /tmp/ccNn1gH6.ltrans0.ltrans.o
LOAD /tmp/ccNn1gH6.ltrans1.ltrans.o
LOAD /tmp/ccNn1gH6.ltrans2.ltrans.o
LOAD /tmp/ccNn1gH6.ltrans3.ltrans.o
LOAD /tmp/ccNn1gH6.ltrans4.ltrans.o
LOAD /tmp/ccNn1gH6.ltrans5.ltrans.o
LOAD /tmp/ccNn1gH6.ltrans6.ltrans.o
LOAD /tmp/ccNn1gH6.ltrans7.ltrans.o
LOAD /tmp/ccNn1gH6.ltrans8.ltrans.o
LOAD /tmp/ccNn1gH6.ltrans9.ltrans.o
LOAD /tmp/ccNn1gH6.ltrans10.ltrans.o
LOAD /tmp/ccNn1gH6.ltrans11.ltrans.o
LOAD /tmp/ccNn1gH6.ltrans12.ltrans.o
LOAD /tmp/ccNn1gH6.ltrans13.ltrans.o
LOAD /tmp/ccNn1gH6.ltrans14.ltrans.o
LOAD /tmp/ccNn1gH6.ltrans15.ltrans.o
LOAD /tmp/ccNn1gH6.ltrans16.ltrans.o
LOAD /tmp/ccNn1gH6.ltrans17.ltrans.o
LOAD Util/USB/mass_mal.o
LOAD Util/USB/memory.o
LOAD Util/USB/scsi_data.o
LOAD Util/USB/usb_bot.o
LOAD Util/USB/usb_desc.o
LOAD Util/USB/usb_endp.o
LOAD Util/USB/usb_istr.o
LOAD Util/USB/usb_prop.o
LOAD Util/USB/usb_pwr.o
LOAD Util/USB/usb_scsi.o
LOAD Util/buffer.o
LOAD Util/data_alignment.o
LOAD Util/dcm_attitude.o
LOAD Util/delay.o
LOAD Util/fat_fs/option/ccsbcs.o
LOAD Util/fat_fs/src/fattime.o
LOAD Util/fat_fs/src/ff.o
LOAD Util/fat_fs/src/rtc.o
LOAD Util/fat_fs/src/sd_spi_stm32.o
LOAD Util/filter.o
LOAD Util/load_setting.o
LOAD Util/rn42_command.o
LOAD Util/rn42_conf.o
LOAD Util/rprintf.o
LOAD Util/rtc_correct.o
LOAD Util/sp1ml_command.o
LOAD Util/wave.o
LOAD adc.o
LOAD bootload.o
LOAD dma.o
LOAD gpio.o
LOAD i2c_int.o
LOAD interrupts.o
LOAD lib/CMSIS_CM3/core_cm3.o
LOAD lib/CMSIS_CM3/startup/gcc/startup_stm32f10x_md.o
LOAD lib/CMSIS_CM3/system_stm32f10x.o
LOAD main.o
LOAD pwr.o
LOAD timer.o
LOAD usart.o
LOAD watchdog.o
LOAD Sensors/ads1298.o
LOAD Sensors/lsm9ds1.o
LOAD Sensors/ubx.o
LOAD lib/STM32F10x_StdPeriph_Driver/libstm32fw.a
LOAD lib/STM32_USB-FS-Device_Driver/libstm32usb.a
LOAD /home/laurence/ARM-GCC/gcc-arm-none-eabi-5_3-2016q1/bin/../lib/gcc/arm-none-eabi/5.3.1/../../../../arm-none-eabi/lib/armv7-m/libm.a
LOAD /home/laurence/ARM-GCC/gcc-arm-none-eabi-5_3-2016q1/bin/../lib/gcc/arm-none-eabi/5.3.1/../../../../arm-none-eabi/lib/armv7-m/libnosys.a
START GROUP
LOAD /home/laurence/ARM-GCC/gcc-arm-none-eabi-5_3-2016q1/bin/../lib/gcc/arm-none-eabi/5.3.1/armv7-m/libgcc.a
LOAD /home/laurence/ARM-GCC/gcc-arm-none-eabi-5_3-2016q1/bin/../lib/gcc/arm-none-eabi/5.3.1/../../../../arm-none-eabi/lib/armv7-m/libg.a
LOAD /home/laurence/ARM-GCC/gcc-arm-none-eabi-5_3-2016q1/bin/../lib/gcc/arm-none-eabi/5.3.1/../../../../arm-none-eabi/lib/armv7-m/libc.a
END GROUP
START GROUP
LOAD /home/laurence/ARM-GCC/gcc-arm-none-eabi-5_3-2016q1/bin/../lib/gcc/arm-none-eabi/5.3.1/armv7-m/libgcc.a
LOAD /home/laurence/ARM-GCC/gcc-arm-none-eabi-5_3-2016q1/bin/../lib/gcc/arm-none-eabi/5.3.1/../../../../arm-none-eabi/lib/armv7-m/libc.a
LOAD /home/laurence/ARM-GCC/gcc-arm-none-eabi-5_3-2016q1/bin/../lib/gcc/arm-none-eabi/5.3.1/../../../../arm-none-eabi/lib/armv7-m/libnosys.a
END GROUP
LOAD /home/laurence/ARM-GCC/gcc-arm-none-eabi-5_3-2016q1/bin/../lib/gcc/arm-none-eabi/5.3.1/armv7-m/crtend.o
LOAD /home/laurence/ARM-GCC/gcc-arm-none-eabi-5_3-2016q1/bin/../lib/gcc/arm-none-eabi/5.3.1/armv7-m/crtn.o
                0x00002000                __Stack_Size = 0x2000
                [!provide]                PROVIDE (_Stack_Size, __Stack_Size)
                0x20003000                __Stack_Init = (_estack - __Stack_Size)
                [!provide]                PROVIDE (_Stack_Init, __Stack_Init)
                0x00002000                _Minimum_Stack_Size = 0x2000
                [!provide]                PROVIDE (Undefined_Handler, 0x0)
                [!provide]                PROVIDE (SWI_Handler, 0x0)
                [!provide]                PROVIDE (IRQ_Handler, 0x0)
                [!provide]                PROVIDE (Prefetch_Handler, 0x0)
                [!provide]                PROVIDE (Abort_Handler, 0x0)
                [!provide]                PROVIDE (FIQ_Handler, 0x0)
                [!provide]                PROVIDE (NMIException, 0x0)
                [!provide]                PROVIDE (NMI_Handler, 0x0)
                [!provide]                PROVIDE (HardFaultException, 0x0)
                [!provide]                PROVIDE (HardFault_Handler, 0x0)
                [!provide]                PROVIDE (MemManageException, 0x0)
                [!provide]                PROVIDE (MemManage_Handler, 0x0)
                [!provide]                PROVIDE (BusFaultException, 0x0)
                [!provide]                PROVIDE (BusFault_Handler, 0x0)
                [!provide]                PROVIDE (UsageFaultException, 0x0)
                [!provide]                PROVIDE (UsageFault_Handler, 0x0)
                [!provide]                PROVIDE (SVCHandler, 0x0)
                [!provide]                PROVIDE (SVC_Handler, 0x0)
                [!provide]                PROVIDE (DebugMonitor, 0x0)
                [!provide]                PROVIDE (DebugMon_Handler, 0x0)
                [!provide]                PROVIDE (PendSVC, 0x0)
                [!provide]                PROVIDE (PendSV_Handler, 0x0)
                [!provide]                PROVIDE (SysTickHandler, 0x0)
                [!provide]                PROVIDE (SysTick_Handler, 0x0)
                [!provide]                PROVIDE (WWDG_IRQHandler, 0x0)
                [!provide]                PROVIDE (PVD_IRQHandler, 0x0)
                [!provide]                PROVIDE (TAMPER_IRQHandler, 0x0)
                [!provide]                PROVIDE (RTC_IRQHandler, 0x0)
                [!provide]                PROVIDE (FLASH_IRQHandler, 0x0)
                [!provide]                PROVIDE (RCC_IRQHandler, 0x0)
                [!provide]                PROVIDE (EXTI0_IRQHandler, 0x0)
                [!provide]                PROVIDE (EXTI1_IRQHandler, 0x0)
                [!provide]                PROVIDE (EXTI2_IRQHandler, 0x0)
                [!provide]                PROVIDE (EXTI3_IRQHandler, 0x0)
                [!provide]                PROVIDE (EXTI4_IRQHandler, 0x0)
                [!provide]                PROVIDE (DMAChannel1_IRQHandler, 0x0)
                [!provide]                PROVIDE (DMAChannel2_IRQHandler, 0x0)
                [!provide]                PROVIDE (DMAChannel3_IRQHandler, 0x0)
                [!provide]                PROVIDE (DMAChannel4_IRQHandler, 0x0)
                [!provide]                PROVIDE (DMAChannel5_IRQHandler, 0x0)
                [!provide]                PROVIDE (DMAChannel6_IRQHandler, 0x0)
                [!provide]                PROVIDE (DMAChannel7_IRQHandler, 0x0)
                [!provide]                PROVIDE (DMA1_Channel1_IRQHandler, 0x0)
                [!provide]                PROVIDE (DMA1_Channel2_IRQHandler, 0x0)
                [!provide]                PROVIDE (DMA1_Channel3_IRQHandler, 0x0)
                [!provide]                PROVIDE (DMA1_Channel4_IRQHandler, 0x0)
                [!provide]                PROVIDE (DMA1_Channel5_IRQHandler, 0x0)
                [!provide]                PROVIDE (DMA1_Channel6_IRQHandler, 0x0)
                [!provide]                PROVIDE (DMA1_Channel7_IRQHandler, 0x0)
                [!provide]                PROVIDE (ADC_IRQHandler, 0x0)
                [!provide]                PROVIDE (ADC1_2_IRQHandler, 0x0)
                [!provide]                PROVIDE (USB_HP_CAN_TX_IRQHandler, 0x0)
                [!provide]                PROVIDE (USB_HP_CAN1_TX_IRQHandler, 0x0)
                [!provide]                PROVIDE (USB_LP_CAN_RX0_IRQHandler, 0x0)
                [!provide]                PROVIDE (USB_LP_CAN1_RX0_IRQHandler, 0x0)
                [!provide]                PROVIDE (CAN_RX1_IRQHandler, 0x0)
                [!provide]                PROVIDE (CAN1_RX1_IRQHandler, 0x0)
                [!provide]                PROVIDE (CAN_SCE_IRQHandler, 0x0)
                [!provide]                PROVIDE (CAN1_SCE_IRQHandler, 0x0)
                [!provide]                PROVIDE (EXTI9_5_IRQHandler, 0x0)
                [!provide]                PROVIDE (TIM1_BRK_IRQHandler, 0x0)
                [!provide]                PROVIDE (TIM1_UP_IRQHandler, 0x0)
                [!provide]                PROVIDE (TIM1_TRG_COM_IRQHandler, 0x0)
                [!provide]                PROVIDE (TIM1_CC_IRQHandler, 0x0)
                [!provide]                PROVIDE (TIM2_IRQHandler, 0x0)
                [!provide]                PROVIDE (TIM3_IRQHandler, 0x0)
                [!provide]                PROVIDE (TIM4_IRQHandler, 0x0)
                [!provide]                PROVIDE (I2C1_EV_IRQHandler, 0x0)
                [!provide]                PROVIDE (I2C1_ER_IRQHandler, 0x0)
                [!provide]                PROVIDE (I2C2_EV_IRQHandler, 0x0)
                [!provide]                PROVIDE (I2C2_ER_IRQHandler, 0x0)
                [!provide]                PROVIDE (SPI1_IRQHandler, 0x0)
                [!provide]                PROVIDE (SPI2_IRQHandler, 0x0)
                [!provide]                PROVIDE (USART1_IRQHandler, 0x0)
                [!provide]                PROVIDE (USART2_IRQHandler, 0x0)
                [!provide]                PROVIDE (USART3_IRQHandler, 0x0)
                [!provide]                PROVIDE (EXTI15_10_IRQHandler, 0x0)
                [!provide]                PROVIDE (RTCAlarm_IRQHandler, 0x0)
                [!provide]                PROVIDE (USBWakeUp_IRQHandler, 0x0)
                [!provide]                PROVIDE (TIM8_BRK_IRQHandler, 0x0)
                [!provide]                PROVIDE (TIM8_UP_IRQHandler, 0x0)
                [!provide]                PROVIDE (TIM8_TRG_COM_IRQHandler, 0x0)
                [!provide]                PROVIDE (TIM8_CC_IRQHandler, 0x0)
                [!provide]                PROVIDE (ADC3_IRQHandler, 0x0)
                [!provide]                PROVIDE (FSMC_IRQHandler, 0x0)
                [!provide]                PROVIDE (SDIO_IRQHandler, 0x0)
                [!provide]                PROVIDE (TIM5_IRQHandler, 0x0)
                [!provide]                PROVIDE (SPI3_IRQHandler, 0x0)
                [!provide]                PROVIDE (UART4_IRQHandler, 0x0)
                [!provide]                PROVIDE (UART5_IRQHandler, 0x0)
                [!provide]                PROVIDE (TIM6_IRQHandler, 0x0)
                [!provide]                PROVIDE (TIM7_IRQHandler, 0x0)
                [!provide]                PROVIDE (DMA2_Channel1_IRQHandler, 0x0)
                [!provide]                PROVIDE (DMA2_Channel2_IRQHandler, 0x0)
                [!provide]                PROVIDE (DMA2_Channel3_IRQHandler, 0x0)
                [!provide]                PROVIDE (DMA2_Channel4_5_IRQHandler, 0x0)
                0x42000000                PERIPH_BB_BASE = 0x42000000
                0x22000000                SRAM_BB_BASE = 0x22000000
                0x20000000                SRAM_BASE = 0x20000000
                0x40000000                PERIPH_BASE = 0x40000000
                [!provide]                PROVIDE (FLASH_BASE, 0x40022000)
                [!provide]                PROVIDE (OB_BASE, 0x1ffff800)
                0x40000000                APB1PERIPH_BASE = PERIPH_BASE
                0x40010000                APB2PERIPH_BASE = (PERIPH_BASE + 0x10000)
                0x40020000                AHBPERIPH_BASE = (PERIPH_BASE + 0x20000)
                [!provide]                PROVIDE (TIM2, (APB1PERIPH_BASE + 0x0))
                [!provide]                PROVIDE (TIM3, (APB1PERIPH_BASE + 0x400))
                [!provide]                PROVIDE (TIM4, (APB1PERIPH_BASE + 0x800))
                [!provide]                PROVIDE (RTC, (APB1PERIPH_BASE + 0x2800))
                [!provide]                PROVIDE (WWDG, (APB1PERIPH_BASE + 0x2c00))
                [!provide]                PROVIDE (IWDG, (APB1PERIPH_BASE + 0x3000))
                [!provide]                PROVIDE (SPI2, (APB1PERIPH_BASE + 0x3800))
                [!provide]                PROVIDE (USART2, (APB1PERIPH_BASE + 0x4400))
                [!provide]                PROVIDE (USART3, (APB1PERIPH_BASE + 0x4800))
                [!provide]                PROVIDE (I2C1, (APB1PERIPH_BASE + 0x5400))
                [!provide]                PROVIDE (I2C2, (APB1PERIPH_BASE + 0x5800))
                [!provide]                PROVIDE (CAN, (APB1PERIPH_BASE + 0x6400))
                [!provide]                PROVIDE (BKP, (APB1PERIPH_BASE + 0x6c00))
                [!provide]                PROVIDE (PWR, (APB1PERIPH_BASE + 0x7000))
                [!provide]                PROVIDE (AFIO, (APB2PERIPH_BASE + 0x0))
                [!provide]                PROVIDE (EXTI, (APB2PERIPH_BASE + 0x400))
                [!provide]                PROVIDE (GPIOA, (APB2PERIPH_BASE + 0x800))
                [!provide]                PROVIDE (GPIOB, (APB2PERIPH_BASE + 0xc00))
                [!provide]                PROVIDE (GPIOC, (APB2PERIPH_BASE + 0x1000))
                [!provide]                PROVIDE (GPIOD, (APB2PERIPH_BASE + 0x1400))
                [!provide]                PROVIDE (GPIOE, (APB2PERIPH_BASE + 0x1800))
                [!provide]                PROVIDE (ADC1, (APB2PERIPH_BASE + 0x2400))
                [!provide]                PROVIDE (ADC2, (APB2PERIPH_BASE + 0x2800))
                [!provide]                PROVIDE (TIM1, (APB2PERIPH_BASE + 0x2c00))
                [!provide]                PROVIDE (SPI1, (APB2PERIPH_BASE + 0x3000))
                [!provide]                PROVIDE (USART1, (APB2PERIPH_BASE + 0x3800))
                [!provide]                PROVIDE (DMA, (AHBPERIPH_BASE + 0x0))
                [!provide]                PROVIDE (DMA_Channel1, (AHBPERIPH_BASE + 0x8))
                [!provide]                PROVIDE (DMA_Channel2, (AHBPERIPH_BASE + 0x1c))
                [!provide]                PROVIDE (DMA_Channel3, (AHBPERIPH_BASE + 0x30))
                [!provide]                PROVIDE (DMA_Channel4, (AHBPERIPH_BASE + 0x44))
                [!provide]                PROVIDE (DMA_Channel5, (AHBPERIPH_BASE + 0x58))
                [!provide]                PROVIDE (DMA_Channel6, (AHBPERIPH_BASE + 0x6c))
                [!provide]                PROVIDE (DMA_Channel7, (AHBPERIPH_BASE + 0x80))
                [!provide]                PROVIDE (RCC, (AHBPERIPH_BASE + 0x1000))
                0xe000e000                SCS_BASE = 0xe000e000
                [!provide]                PROVIDE (SysTick, (SCS_BASE + 0x10))
                [!provide]                PROVIDE (NVIC, (SCS_BASE + 0x100))
                [!provide]                PROVIDE (SCB, (SCS_BASE + 0xd00))
                0x20005000                PROVIDE (_estack, (ORIGIN (RAM) + LENGTH (RAM)))

.isr_vector     0x08000000      0x10c
                0x08000000                . = ALIGN (0x4)
 *(.isr_vector)
 .isr_vector    0x08000000      0x10c lib/CMSIS_CM3/startup/gcc/startup_stm32f10x_md.o
                0x08000000                g_pfnVectors
                0x0800010c                . = ALIGN (0x4)

.flash_start    0x00000000        0x0
                0x00000000                . = ALIGN (0x4)
 *(.flash_start)
 *(.flash_start.*)
                0x00000000                . = ALIGN (0x4)

.crp_patch      0x00000000        0x0
                0x00000000                . = ALIGN (0x4)
 *(.crp_patch)
                0x00000000                . = ALIGN (0x4)

.flashtext      0x0800010c        0x0
                0x0800010c                . = ALIGN (0x4)
 *(.flashtext)
                0x0800010c                . = ALIGN (0x4)

.text           0x08000110    0x135d0
                0x08000110                . = ALIGN (0x4)
 *(.text)
 .text          0x08000110      0x370 /home/laurence/ARM-GCC/gcc-arm-none-eabi-5_3-2016q1/bin/../lib/gcc/arm-none-eabi/5.3.1/armv7-m/libgcc.a(_arm_addsubdf3.o)
                0x08000110                __aeabi_drsub
                0x08000118                __aeabi_dsub
                0x08000118                __subdf3
                0x0800011c                __adddf3
                0x0800011c                __aeabi_dadd
                0x08000394                __aeabi_ui2d
                0x08000394                __floatunsidf
                0x080003b4                __floatsidf
                0x080003b4                __aeabi_i2d
                0x080003d8                __extendsfdf2
                0x080003d8                __aeabi_f2d
                0x08000414                __aeabi_ul2d
                0x08000414                __floatundidf
                0x08000424                __floatdidf
                0x08000424                __aeabi_l2d
 .text          0x08000480      0x424 /home/laurence/ARM-GCC/gcc-arm-none-eabi-5_3-2016q1/bin/../lib/gcc/arm-none-eabi/5.3.1/armv7-m/libgcc.a(_arm_muldivdf3.o)
                0x08000480                __aeabi_dmul
                0x08000480                __muldf3
                0x080006d4                __aeabi_ddiv
                0x080006d4                __divdf3
 .text          0x080008a4      0x110 /home/laurence/ARM-GCC/gcc-arm-none-eabi-5_3-2016q1/bin/../lib/gcc/arm-none-eabi/5.3.1/armv7-m/libgcc.a(_arm_cmpdf2.o)
                0x080008a4                __gtdf2
                0x080008a4                __gedf2
                0x080008ac                __ltdf2
                0x080008ac                __ledf2
                0x080008b4                __cmpdf2
                0x080008b4                __eqdf2
                0x080008b4                __nedf2
                0x08000930                __aeabi_cdrcmple
                0x08000940                __aeabi_cdcmple
                0x08000940                __aeabi_cdcmpeq
                0x08000950                __aeabi_dcmpeq
                0x08000964                __aeabi_dcmplt
                0x08000978                __aeabi_dcmple
                0x0800098c                __aeabi_dcmpge
                0x080009a0                __aeabi_dcmpgt
 .text          0x080009b4       0x50 /home/laurence/ARM-GCC/gcc-arm-none-eabi-5_3-2016q1/bin/../lib/gcc/arm-none-eabi/5.3.1/armv7-m/libgcc.a(_arm_fixdfsi.o)
                0x080009b4                __fixdfsi
                0x080009b4                __aeabi_d2iz
 .text          0x08000a04       0x40 /home/laurence/ARM-GCC/gcc-arm-none-eabi-5_3-2016q1/bin/../lib/gcc/arm-none-eabi/5.3.1/armv7-m/libgcc.a(_arm_fixunsdfsi.o)
                0x08000a04                __fixunsdfsi
                0x08000a04                __aeabi_d2uiz
 .text          0x08000a44       0xa0 /home/laurence/ARM-GCC/gcc-arm-none-eabi-5_3-2016q1/bin/../lib/gcc/arm-none-eabi/5.3.1/armv7-m/libgcc.a(_arm_truncdfsf2.o)
                0x08000a44                __aeabi_d2f
                0x08000a44                __truncdfsf2
 .text          0x08000ae4      0x21c /home/laurence/ARM-GCC/gcc-arm-none-eabi-5_3-2016q1/bin/../lib/gcc/arm-none-eabi/5.3.1/armv7-m/libgcc.a(_arm_addsubsf3.o)
                0x08000ae4                __aeabi_frsub
                0x08000aec                __subsf3
                0x08000aec                __aeabi_fsub
                0x08000af0                __aeabi_fadd
                0x08000af0                __addsf3
                0x08000c50                __aeabi_ui2f
                0x08000c50                __floatunsisf
                0x08000c58                __aeabi_i2f
                0x08000c58                __floatsisf
                0x08000c74                __floatundisf
                0x08000c74                __aeabi_ul2f
                0x08000c84                __floatdisf
                0x08000c84                __aeabi_l2f
 .text          0x08000d00      0x2a0 /home/laurence/ARM-GCC/gcc-arm-none-eabi-5_3-2016q1/bin/../lib/gcc/arm-none-eabi/5.3.1/armv7-m/libgcc.a(_arm_muldivsf3.o)
                0x08000d00                __mulsf3
                0x08000d00                __aeabi_fmul
                0x08000e68                __divsf3
                0x08000e68                __aeabi_fdiv
 .text          0x08000fa0       0xec /home/laurence/ARM-GCC/gcc-arm-none-eabi-5_3-2016q1/bin/../lib/gcc/arm-none-eabi/5.3.1/armv7-m/libgcc.a(_arm_cmpsf2.o)
                0x08000fa0                __gtsf2
                0x08000fa0                __gesf2
                0x08000fa8                __lesf2
                0x08000fa8                __ltsf2
                0x08000fb0                __nesf2
                0x08000fb0                __eqsf2
                0x08000fb0                __cmpsf2
                0x08001010                __aeabi_cfrcmple
                0x08001018                __aeabi_cfcmple
                0x08001018                __aeabi_cfcmpeq
                0x08001028                __aeabi_fcmpeq
                0x0800103c                __aeabi_fcmplt
                0x08001050                __aeabi_fcmple
                0x08001064                __aeabi_fcmpge
                0x08001078                __aeabi_fcmpgt
 .text          0x0800108c       0x2c /home/laurence/ARM-GCC/gcc-arm-none-eabi-5_3-2016q1/bin/../lib/gcc/arm-none-eabi/5.3.1/armv7-m/libgcc.a(_arm_unordsf2.o)
                0x0800108c                __aeabi_fcmpun
                0x0800108c                __unordsf2
 .text          0x080010b8       0x4c /home/laurence/ARM-GCC/gcc-arm-none-eabi-5_3-2016q1/bin/../lib/gcc/arm-none-eabi/5.3.1/armv7-m/libgcc.a(_arm_fixsfsi.o)
                0x080010b8                __fixsfsi
                0x080010b8                __aeabi_f2iz
 .text          0x08001104       0x40 /home/laurence/ARM-GCC/gcc-arm-none-eabi-5_3-2016q1/bin/../lib/gcc/arm-none-eabi/5.3.1/armv7-m/libgcc.a(_arm_fixunssfsi.o)
                0x08001104                __aeabi_f2uiz
                0x08001104                __fixunssfsi
 .text          0x08001144       0xec /home/laurence/ARM-GCC/gcc-arm-none-eabi-5_3-2016q1/bin/../lib/gcc/arm-none-eabi/5.3.1/../../../../arm-none-eabi/lib/armv7-m/libg.a(lib_a-memcpy.o)
                0x08001144                memcpy
 *(.text.*)
 .text.startup.main
                0x08001230     0x2dbc /tmp/ccNn1gH6.ltrans0.ltrans.o
                0x08001230                main
 .text.EP2_OUT_Callback
                0x08003fec      0x9e8 /tmp/ccNn1gH6.ltrans1.ltrans.o
 .text.dir_read.lto_priv.71
                0x080049d4      0x614 /tmp/ccNn1gH6.ltrans2.ltrans.o
                0x080049d4                dir_read.lto_priv.71
 .text.dir_sdi.lto_priv.72
                0x08004fe8       0xa8 /tmp/ccNn1gH6.ltrans2.ltrans.o
                0x08004fe8                dir_sdi.lto_priv.72
 .text.create_chain.lto_priv.84
                0x08005090      0x190 /tmp/ccNn1gH6.ltrans2.ltrans.o
                0x08005090                create_chain.lto_priv.84
 .text.sync.lto_priv.69
                0x08005220       0xf8 /tmp/ccNn1gH6.ltrans2.ltrans.o
                0x08005220                sync.lto_priv.69
 .text.__usart_send_char
                0x08005318       0x9c /tmp/ccNn1gH6.ltrans3.ltrans.o
                0x08005318                __usart_send_char
 .text.ads1298_spi_dma_transaction
                0x080053b4       0xe8 /tmp/ccNn1gH6.ltrans3.ltrans.o
                0x080053b4                ads1298_spi_dma_transaction
 *fill*         0x0800549c        0x4 
 .text.DMA1_Channel4_IRQHandler
                0x080054a0      0xc28 /tmp/ccNn1gH6.ltrans3.ltrans.o
                0x080054a0                DMA1_Channel4_IRQHandler
 .text.ads1298_busy_wait_command
                0x080060c8       0x4c /tmp/ccNn1gH6.ltrans3.ltrans.o
                0x080060c8                ads1298_busy_wait_command
 .text.ads1298_busy_wait_write
                0x08006114       0x8c /tmp/ccNn1gH6.ltrans3.ltrans.o
                0x08006114                ads1298_busy_wait_write
 .text.USART3_IRQHandler
                0x080061a0      0x178 /tmp/ccNn1gH6.ltrans3.ltrans.o
                0x080061a0                USART3_IRQHandler
 .text.USART1_IRQHandler
                0x08006318      0x12c /tmp/ccNn1gH6.ltrans3.ltrans.o
                0x08006318                USART1_IRQHandler
 .text.Gps_Send_Str
                0x08006444       0x2c /tmp/ccNn1gH6.ltrans3.ltrans.o
                0x08006444                Gps_Send_Str
 .text.Gps_Send_Utf8
                0x08006470       0x30 /tmp/ccNn1gH6.ltrans3.ltrans.o
                0x08006470                Gps_Send_Utf8
 .text.Usart3_Send_Str
                0x080064a0       0x2c /tmp/ccNn1gH6.ltrans3.ltrans.o
                0x080064a0                Usart3_Send_Str
 .text.RN42_generate_packet
                0x080064cc      0x38c /tmp/ccNn1gH6.ltrans4.ltrans.o
                0x080064cc                RN42_generate_packet
 .text.rprintf2RamRom
                0x08006858      0x7d4 /tmp/ccNn1gH6.ltrans4.ltrans.o
                0x08006858                rprintf2RamRom
 .text.disk_write.part.5.lto_priv.59
                0x0800702c      0x258 /tmp/ccNn1gH6.ltrans4.ltrans.o
                0x0800702c                disk_write.part.5.lto_priv.59
 .text.disk_read.part.4.lto_priv.64
                0x08007284      0x13c /tmp/ccNn1gH6.ltrans4.ltrans.o
                0x08007284                disk_read.part.4.lto_priv.64
 .text.move_window.lto_priv.75
                0x080073c0      0x1a8 /tmp/ccNn1gH6.ltrans5.ltrans.o
                0x080073c0                move_window.lto_priv.75
 .text.get_fattime
                0x08007568       0x44 /tmp/ccNn1gH6.ltrans5.ltrans.o
                0x08007568                get_fattime
 .text.Delay    0x080075ac       0x20 /tmp/ccNn1gH6.ltrans5.ltrans.o
                0x080075ac                Delay
 .text.Add_To_Buffer
                0x080075cc       0x4c /tmp/ccNn1gH6.ltrans5.ltrans.o
                0x080075cc                Add_To_Buffer
 .text.unlikely.SCSI_Invalid_Cmd
                0x08007618       0x6c /tmp/ccNn1gH6.ltrans5.ltrans.o
                0x08007618                SCSI_Invalid_Cmd
 .text.SCSI_Write10_Cmd
                0x08007684      0x200 /tmp/ccNn1gH6.ltrans5.ltrans.o
                0x08007684                SCSI_Write10_Cmd
 .text.SCSI_Read10_Cmd
                0x08007884       0xe4 /tmp/ccNn1gH6.ltrans5.ltrans.o
                0x08007884                SCSI_Read10_Cmd
 .text.put_fat.part.4.lto_priv.88
                0x08007968      0x128 /tmp/ccNn1gH6.ltrans6.ltrans.o
                0x08007968                put_fat.part.4.lto_priv.88
 .text.get_fat.part.3.lto_priv.62
                0x08007a90       0xc0 /tmp/ccNn1gH6.ltrans6.ltrans.o
                0x08007a90                get_fat.part.3.lto_priv.62
 .text.dir_find.part.5.lto_priv.96
                0x08007b50      0x4b0 /tmp/ccNn1gH6.ltrans6.ltrans.o
                0x08007b50                dir_find.part.5.lto_priv.96
 .text.f_lseek  0x08008000      0x204 /tmp/ccNn1gH6.ltrans6.ltrans.o
                0x08008000                f_lseek
 .text.f_close  0x08008204       0x10 /tmp/ccNn1gH6.ltrans6.ltrans.o
                0x08008204                f_close
 .text.SP1ML_generate_packet
                0x08008214      0x3b8 /tmp/ccNn1gH6.ltrans7.ltrans.o
                0x08008214                SP1ML_generate_packet
 .text.SP1ML_command
                0x080085cc      0x148 /tmp/ccNn1gH6.ltrans7.ltrans.o
                0x080085cc                SP1ML_command
 *fill*         0x08008714        0x4 
 .text.SP1ML_rx_tx_data_processor
                0x08008718      0xe00 /tmp/ccNn1gH6.ltrans7.ltrans.o
                0x08008718                SP1ML_rx_tx_data_processor
 .text.set_rtc_correction
                0x08009518       0x5c /tmp/ccNn1gH6.ltrans7.ltrans.o
                0x08009518                set_rtc_correction
 .text.I2C1_ER_IRQHandler
                0x08009574      0x150 /tmp/ccNn1gH6.ltrans8.ltrans.o
                0x08009574                I2C1_ER_IRQHandler
 .text.I2C1_EV_IRQHandler
                0x080096c4      0x604 /tmp/ccNn1gH6.ltrans8.ltrans.o
                0x080096c4                I2C1_EV_IRQHandler
 .text.wave_terminate
                0x08009cc8      0x1c0 /tmp/ccNn1gH6.ltrans8.ltrans.o
                0x08009cc8                wave_terminate
 .text.write_wave_header
                0x08009e88       0xf0 /tmp/ccNn1gH6.ltrans8.ltrans.o
                0x08009e88                write_wave_header
 .text.SP1ML_assign_addr.part.1.lto_priv.78
                0x08009f78       0xa4 /tmp/ccNn1gH6.ltrans8.ltrans.o
                0x08009f78                SP1ML_assign_addr.part.1.lto_priv.78
 .text.check_fs.lto_priv.94
                0x0800a01c       0xac /tmp/ccNn1gH6.ltrans9.ltrans.o
                0x0800a01c                check_fs.lto_priv.94
 .text.follow_path.lto_priv.73
                0x0800a0c8      0x3b8 /tmp/ccNn1gH6.ltrans9.ltrans.o
                0x0800a0c8                follow_path.lto_priv.73
 .text.get_fileinfo.lto_priv.76
                0x0800a480      0x2c8 /tmp/ccNn1gH6.ltrans9.ltrans.o
                0x0800a480                get_fileinfo.lto_priv.76
 .text.dir_register.lto_priv.85
                0x0800a748      0x6f0 /tmp/ccNn1gH6.ltrans9.ltrans.o
                0x0800a748                dir_register.lto_priv.85
 .text.send_cmd
                0x0800ae38      0x16c /tmp/ccNn1gH6.ltrans10.ltrans.o
                0x0800ae38                send_cmd
 .text.unlikely.stm32_spi_rw.lto_priv.58
                0x0800afa4       0x24 /tmp/ccNn1gH6.ltrans10.ltrans.o
                0x0800afa4                stm32_spi_rw.lto_priv.58
 .text.wait_ready.lto_priv.60
                0x0800afc8       0x54 /tmp/ccNn1gH6.ltrans10.ltrans.o
                0x0800afc8                wait_ready.lto_priv.60
 .text.stm32_dma_transfer.lto_priv.61
                0x0800b01c       0xd4 /tmp/ccNn1gH6.ltrans10.ltrans.o
                0x0800b01c                stm32_dma_transfer.lto_priv.61
 .text.rcvr_datablock
                0x0800b0f0       0x9c /tmp/ccNn1gH6.ltrans10.ltrans.o
                0x0800b0f0                rcvr_datablock
 .text.counter_to_struct.lto_priv.86
                0x0800b18c      0x128 /tmp/ccNn1gH6.ltrans10.ltrans.o
                0x0800b18c                counter_to_struct.lto_priv.86
 .text.rtc_gettime
                0x0800b2b4       0x84 /tmp/ccNn1gH6.ltrans10.ltrans.o
                0x0800b2b4                rtc_gettime
 .text.f_write.part.9.lto_priv.77
                0x0800b338      0x350 /tmp/ccNn1gH6.ltrans10.ltrans.o
                0x0800b338                f_write.part.9.lto_priv.77
 .text.remove_chain.part.6.lto_priv.70
                0x0800b688      0x110 /tmp/ccNn1gH6.ltrans10.ltrans.o
                0x0800b688                remove_chain.part.6.lto_priv.70
 .text.f_sync   0x0800b798      0x108 /tmp/ccNn1gH6.ltrans11.ltrans.o
                0x0800b798                f_sync
 .text.f_write  0x0800b8a0       0x4c /tmp/ccNn1gH6.ltrans11.ltrans.o
                0x0800b8a0                f_write
 .text.chk_mounted.lto_priv.74
                0x0800b8ec      0x544 /tmp/ccNn1gH6.ltrans11.ltrans.o
                0x0800b8ec                chk_mounted.lto_priv.74
 .text.f_open   0x0800be30      0x14c /tmp/ccNn1gH6.ltrans11.ltrans.o
                0x0800be30                f_open
 .text.read_config_file.constprop.21
                0x0800bf7c      0x8c8 /tmp/ccNn1gH6.ltrans12.ltrans.o
                0x0800bf7c                read_config_file.constprop.21
 .text.I2C1_Request_Job.constprop.12
                0x0800c844       0x70 /tmp/ccNn1gH6.ltrans12.ltrans.o
                0x0800c844                I2C1_Request_Job.constprop.12
 .text.Get_UBX_Ack.constprop.8
                0x0800c8b4       0xcc /tmp/ccNn1gH6.ltrans12.ltrans.o
                0x0800c8b4                Get_UBX_Ack.constprop.8
 .text.USART2_reconf.constprop.7
                0x0800c980       0x54 /tmp/ccNn1gH6.ltrans12.ltrans.o
                0x0800c980                USART2_reconf.constprop.7
 .text.ads1298_wct_config.constprop.3
                0x0800c9d4      0x1a8 /tmp/ccNn1gH6.ltrans12.ltrans.o
                0x0800c9d4                ads1298_wct_config.constprop.3
 .text.Gps_DMA_Process
                0x0800cb7c      0x318 /tmp/ccNn1gH6.ltrans12.ltrans.o
                0x0800cb7c                Gps_DMA_Process
 .text.EXTI9_5_IRQHandler
                0x0800ce94       0x34 /tmp/ccNn1gH6.ltrans12.ltrans.o
                0x0800ce94                EXTI9_5_IRQHandler
 .text.USB_LP_CAN1_RX0_IRQHandler
                0x0800cec8      0x114 /tmp/ccNn1gH6.ltrans13.ltrans.o
                0x0800cec8                USB_LP_CAN1_RX0_IRQHandler
 .text.USB_HP_CAN1_TX_IRQHandler
                0x0800cfdc        0x4 /tmp/ccNn1gH6.ltrans13.ltrans.o
                0x0800cfdc                USB_HP_CAN1_TX_IRQHandler
 .text.SysTick_Handler
                0x0800cfe0      0x190 /tmp/ccNn1gH6.ltrans13.ltrans.o
                0x0800cfe0                SysTick_Handler
 .text.EXTI15_10_IRQHandler
                0x0800d170       0x68 /tmp/ccNn1gH6.ltrans13.ltrans.o
                0x0800d170                EXTI15_10_IRQHandler
 .text.ADC1_2_IRQHandler
                0x0800d1d8       0x70 /tmp/ccNn1gH6.ltrans13.ltrans.o
                0x0800d1d8                ADC1_2_IRQHandler
 .text.EXTI0_IRQHandler
                0x0800d248       0x98 /tmp/ccNn1gH6.ltrans13.ltrans.o
                0x0800d248                EXTI0_IRQHandler
 .text.I2C_Config
                0x0800d2e0      0x224 /tmp/ccNn1gH6.ltrans13.ltrans.o
                0x0800d2e0                I2C_Config
 .text.I2C1_Request_Job
                0x0800d504       0x74 /tmp/ccNn1gH6.ltrans13.ltrans.o
                0x0800d504                I2C1_Request_Job
 .text.__str_print_char
                0x0800d578       0xe8 /tmp/ccNn1gH6.ltrans14.ltrans.o
                0x0800d578                __str_print_char
 .text.__fat_print_char
                0x0800d660       0x5c /tmp/ccNn1gH6.ltrans14.ltrans.o
                0x0800d660                __fat_print_char
 .text.Usart_Send_Str
                0x0800d6bc       0xe4 /tmp/ccNn1gH6.ltrans14.ltrans.o
                0x0800d6bc                Usart_Send_Str
 .text.shutdown_filesystem
                0x0800d7a0      0x464 /tmp/ccNn1gH6.ltrans14.ltrans.o
                0x0800d7a0                shutdown_filesystem
 .text.file_preallocation_control.part.1.lto_priv.79
                0x0800dc04       0x30 /tmp/ccNn1gH6.ltrans14.ltrans.o
                0x0800dc04                file_preallocation_control.part.1.lto_priv.79
 .text.Get_Max_Lun
                0x0800dc34       0x18 /tmp/ccNn1gH6.ltrans15.ltrans.o
 .text.MASS_Get_Interface_Setting
                0x0800dc4c       0x10 /tmp/ccNn1gH6.ltrans15.ltrans.o
                0x0800dc4c                MASS_Get_Interface_Setting
 .text.MASS_Data_Setup
                0x0800dc5c       0x38 /tmp/ccNn1gH6.ltrans15.ltrans.o
                0x0800dc5c                MASS_Data_Setup
 .text.MASS_Status_In
                0x0800dc94        0x4 /tmp/ccNn1gH6.ltrans15.ltrans.o
                0x0800dc94                MASS_Status_In
 .text.MASS_Status_Out
                0x0800dc98        0x4 /tmp/ccNn1gH6.ltrans15.ltrans.o
                0x0800dc98                MASS_Status_Out
 .text.Mass_Storage_SetDeviceAddress
                0x0800dc9c        0xc /tmp/ccNn1gH6.ltrans15.ltrans.o
 .text.MASS_GetStringDescriptor
                0x0800dca8       0x20 /tmp/ccNn1gH6.ltrans15.ltrans.o
                0x0800dca8                MASS_GetStringDescriptor
 .text.MASS_GetConfigDescriptor
                0x0800dcc8        0xc /tmp/ccNn1gH6.ltrans15.ltrans.o
                0x0800dcc8                MASS_GetConfigDescriptor
 .text.MASS_GetDeviceDescriptor
                0x0800dcd4        0xc /tmp/ccNn1gH6.ltrans15.ltrans.o
                0x0800dcd4                MASS_GetDeviceDescriptor
 .text.MASS_NoData_Setup
                0x0800dce0       0x50 /tmp/ccNn1gH6.ltrans15.ltrans.o
                0x0800dce0                MASS_NoData_Setup
 .text.Mass_Storage_SetConfiguration
                0x0800dd30       0x30 /tmp/ccNn1gH6.ltrans15.ltrans.o
 .text.Mass_Storage_ClearFeature
                0x0800dd60       0x2c /tmp/ccNn1gH6.ltrans15.ltrans.o
 .text.MASS_Reset
                0x0800dd8c       0xf0 /tmp/ccNn1gH6.ltrans15.ltrans.o
                0x0800dd8c                MASS_Reset
 .text.MASS_init
                0x0800de7c      0x17c /tmp/ccNn1gH6.ltrans15.ltrans.o
                0x0800de7c                MASS_init
 .text.Resume   0x0800dff8      0x118 /tmp/ccNn1gH6.ltrans15.ltrans.o
                0x0800dff8                Resume
 .text.stm32_spi_rw.constprop.54
                0x0800e110       0x24 /tmp/ccNn1gH6.ltrans16.ltrans.o
                0x0800e110                stm32_spi_rw.constprop.54
 .text.disk_write.constprop.53
                0x0800e134       0x84 /tmp/ccNn1gH6.ltrans16.ltrans.o
                0x0800e134                disk_write.constprop.53
 .text.unlikely.Set_CSW.constprop.50
                0x0800e1b8       0x2c /tmp/ccNn1gH6.ltrans16.ltrans.o
                0x0800e1b8                Set_CSW.constprop.50
 .text.aligndata.constprop.38
                0x0800e1e4       0x48 /tmp/ccNn1gH6.ltrans16.ltrans.o
                0x0800e1e4                aligndata.constprop.38
 .text.dir_next.constprop.30
                0x0800e22c       0x88 /tmp/ccNn1gH6.ltrans16.ltrans.o
                0x0800e22c                dir_next.constprop.30
 .text.EP1_IN_Callback
                0x0800e2b4       0x88 /tmp/ccNn1gH6.ltrans17.ltrans.o
 .text.unlikely.Transfer_Data_Request
                0x0800e33c       0x34 /tmp/ccNn1gH6.ltrans17.ltrans.o
                0x0800e33c                Transfer_Data_Request
 .text.Read_Memory
                0x0800e370      0x1b8 /tmp/ccNn1gH6.ltrans17.ltrans.o
                0x0800e370                Read_Memory
 .text.Reset_Handler
                0x0800e528       0x40 lib/CMSIS_CM3/startup/gcc/startup_stm32f10x_md.o
                0x0800e528                Reset_Handler
 .text.Default_Handler
                0x0800e568        0x2 lib/CMSIS_CM3/startup/gcc/startup_stm32f10x_md.o
                0x0800e568                EXTI2_IRQHandler
                0x0800e568                DebugMon_Handler
                0x0800e568                TIM1_CC_IRQHandler
                0x0800e568                HardFault_Handler
                0x0800e568                PVD_IRQHandler
                0x0800e568                PendSV_Handler
                0x0800e568                NMI_Handler
                0x0800e568                EXTI3_IRQHandler
                0x0800e568                I2C2_EV_IRQHandler
                0x0800e568                UsageFault_Handler
                0x0800e568                SPI1_IRQHandler
                0x0800e568                TAMPER_IRQHandler
                0x0800e568                RTC_IRQHandler
                0x0800e568                DMA1_Channel7_IRQHandler
                0x0800e568                CAN1_RX1_IRQHandler
                0x0800e568                TIM4_IRQHandler
                0x0800e568                DMA1_Channel6_IRQHandler
                0x0800e568                TIM3_IRQHandler
                0x0800e568                RCC_IRQHandler
                0x0800e568                TIM1_TRG_COM_IRQHandler
                0x0800e568                DMA1_Channel1_IRQHandler
                0x0800e568                Default_Handler
                0x0800e568                SPI2_IRQHandler
                0x0800e568                MemManage_Handler
                0x0800e568                SVC_Handler
                0x0800e568                DMA1_Channel5_IRQHandler
                0x0800e568                EXTI4_IRQHandler
                0x0800e568                DMA1_Channel3_IRQHandler
                0x0800e568                TIM1_UP_IRQHandler
                0x0800e568                WWDG_IRQHandler
                0x0800e568                TIM2_IRQHandler
                0x0800e568                TIM1_BRK_IRQHandler
                0x0800e568                EXTI1_IRQHandler
                0x0800e568                RTCAlarm_IRQHandler
                0x0800e568                USART2_IRQHandler
                0x0800e568                I2C2_ER_IRQHandler
                0x0800e568                DMA1_Channel2_IRQHandler
                0x0800e568                CAN1_SCE_IRQHandler
                0x0800e568                FLASH_IRQHandler
                0x0800e568                BusFault_Handler
                0x0800e568                USBWakeUp_IRQHandler
 *fill*         0x0800e56a        0x2 
 .text.NVIC_PriorityGroupConfig
                0x0800e56c       0x14 lib/STM32F10x_StdPeriph_Driver/libstm32fw.a(misc.o)
                0x0800e56c                NVIC_PriorityGroupConfig
 .text.NVIC_Init
                0x0800e580       0x6c lib/STM32F10x_StdPeriph_Driver/libstm32fw.a(misc.o)
                0x0800e580                NVIC_Init
 .text.NVIC_SetVectorTable
                0x0800e5ec       0x14 lib/STM32F10x_StdPeriph_Driver/libstm32fw.a(misc.o)
                0x0800e5ec                NVIC_SetVectorTable
 .text.SysTick_CLKSourceConfig
                0x0800e600       0x18 lib/STM32F10x_StdPeriph_Driver/libstm32fw.a(misc.o)
                0x0800e600                SysTick_CLKSourceConfig
 .text.ADC_DeInit
                0x0800e618       0x5c lib/STM32F10x_StdPeriph_Driver/libstm32fw.a(stm32f10x_adc.o)
                0x0800e618                ADC_DeInit
 .text.ADC_Init
                0x0800e674       0x48 lib/STM32F10x_StdPeriph_Driver/libstm32fw.a(stm32f10x_adc.o)
                0x0800e674                ADC_Init
 .text.ADC_Cmd  0x0800e6bc       0x12 lib/STM32F10x_StdPeriph_Driver/libstm32fw.a(stm32f10x_adc.o)
                0x0800e6bc                ADC_Cmd
 .text.ADC_ITConfig
                0x0800e6ce       0x12 lib/STM32F10x_StdPeriph_Driver/libstm32fw.a(stm32f10x_adc.o)
                0x0800e6ce                ADC_ITConfig
 .text.ADC_ResetCalibration
                0x0800e6e0        0xa lib/STM32F10x_StdPeriph_Driver/libstm32fw.a(stm32f10x_adc.o)
                0x0800e6e0                ADC_ResetCalibration
 .text.ADC_GetResetCalibrationStatus
                0x0800e6ea        0x8 lib/STM32F10x_StdPeriph_Driver/libstm32fw.a(stm32f10x_adc.o)
                0x0800e6ea                ADC_GetResetCalibrationStatus
 .text.ADC_StartCalibration
                0x0800e6f2        0xa lib/STM32F10x_StdPeriph_Driver/libstm32fw.a(stm32f10x_adc.o)
                0x0800e6f2                ADC_StartCalibration
 .text.ADC_GetCalibrationStatus
                0x0800e6fc        0x8 lib/STM32F10x_StdPeriph_Driver/libstm32fw.a(stm32f10x_adc.o)
                0x0800e6fc                ADC_GetCalibrationStatus
 .text.ADC_SoftwareStartConvCmd
                0x0800e704       0x12 lib/STM32F10x_StdPeriph_Driver/libstm32fw.a(stm32f10x_adc.o)
                0x0800e704                ADC_SoftwareStartConvCmd
 .text.ADC_RegularChannelConfig
                0x0800e716       0x84 lib/STM32F10x_StdPeriph_Driver/libstm32fw.a(stm32f10x_adc.o)
                0x0800e716                ADC_RegularChannelConfig
 .text.ADC_GetConversionValue
                0x0800e79a        0x6 lib/STM32F10x_StdPeriph_Driver/libstm32fw.a(stm32f10x_adc.o)
                0x0800e79a                ADC_GetConversionValue
 .text.ADC_ExternalTrigInjectedConvConfig
                0x0800e7a0        0xc lib/STM32F10x_StdPeriph_Driver/libstm32fw.a(stm32f10x_adc.o)
                0x0800e7a0                ADC_ExternalTrigInjectedConvConfig
 .text.ADC_SoftwareStartInjectedConvCmd
                0x0800e7ac       0x12 lib/STM32F10x_StdPeriph_Driver/libstm32fw.a(stm32f10x_adc.o)
                0x0800e7ac                ADC_SoftwareStartInjectedConvCmd
 .text.ADC_InjectedChannelConfig
                0x0800e7be       0x54 lib/STM32F10x_StdPeriph_Driver/libstm32fw.a(stm32f10x_adc.o)
                0x0800e7be                ADC_InjectedChannelConfig
 .text.ADC_InjectedSequencerLengthConfig
                0x0800e812       0x10 lib/STM32F10x_StdPeriph_Driver/libstm32fw.a(stm32f10x_adc.o)
                0x0800e812                ADC_InjectedSequencerLengthConfig
 .text.ADC_GetInjectedConversionValue
                0x0800e822       0x1a lib/STM32F10x_StdPeriph_Driver/libstm32fw.a(stm32f10x_adc.o)
                0x0800e822                ADC_GetInjectedConversionValue
 .text.ADC_AnalogWatchdogCmd
                0x0800e83c       0x10 lib/STM32F10x_StdPeriph_Driver/libstm32fw.a(stm32f10x_adc.o)
                0x0800e83c                ADC_AnalogWatchdogCmd
 .text.ADC_AnalogWatchdogThresholdsConfig
                0x0800e84c        0x6 lib/STM32F10x_StdPeriph_Driver/libstm32fw.a(stm32f10x_adc.o)
                0x0800e84c                ADC_AnalogWatchdogThresholdsConfig
 .text.ADC_AnalogWatchdogSingleChannelConfig
                0x0800e852        0xc lib/STM32F10x_StdPeriph_Driver/libstm32fw.a(stm32f10x_adc.o)
                0x0800e852                ADC_AnalogWatchdogSingleChannelConfig
 .text.ADC_GetFlagStatus
                0x0800e85e        0xc lib/STM32F10x_StdPeriph_Driver/libstm32fw.a(stm32f10x_adc.o)
                0x0800e85e                ADC_GetFlagStatus
 .text.ADC_ClearFlag
                0x0800e86a        0x6 lib/STM32F10x_StdPeriph_Driver/libstm32fw.a(stm32f10x_adc.o)
                0x0800e86a                ADC_ClearFlag
 .text.ADC_GetITStatus
                0x0800e870       0x16 lib/STM32F10x_StdPeriph_Driver/libstm32fw.a(stm32f10x_adc.o)
                0x0800e870                ADC_GetITStatus
 .text.ADC_ClearITPendingBit
                0x0800e886        0x8 lib/STM32F10x_StdPeriph_Driver/libstm32fw.a(stm32f10x_adc.o)
                0x0800e886                ADC_ClearITPendingBit
 .text.BKP_DeInit
                0x0800e88e       0x12 lib/STM32F10x_StdPeriph_Driver/libstm32fw.a(stm32f10x_bkp.o)
                0x0800e88e                BKP_DeInit
 .text.BKP_RTCOutputConfig
                0x0800e8a0       0x18 lib/STM32F10x_StdPeriph_Driver/libstm32fw.a(stm32f10x_bkp.o)
                0x0800e8a0                BKP_RTCOutputConfig
 .text.BKP_SetRTCCalibrationValue
                0x0800e8b8       0x18 lib/STM32F10x_StdPeriph_Driver/libstm32fw.a(stm32f10x_bkp.o)
                0x0800e8b8                BKP_SetRTCCalibrationValue
 .text.BKP_WriteBackupRegister
                0x0800e8d0       0x1c lib/STM32F10x_StdPeriph_Driver/libstm32fw.a(stm32f10x_bkp.o)
                0x0800e8d0                BKP_WriteBackupRegister
 .text.BKP_ReadBackupRegister
                0x0800e8ec       0x20 lib/STM32F10x_StdPeriph_Driver/libstm32fw.a(stm32f10x_bkp.o)
                0x0800e8ec                BKP_ReadBackupRegister
 .text.DBGMCU_Config
                0x0800e90c       0x18 lib/STM32F10x_StdPeriph_Driver/libstm32fw.a(stm32f10x_dbgmcu.o)
                0x0800e90c                DBGMCU_Config
 .text.DMA_DeInit
                0x0800e924       0xf0 lib/STM32F10x_StdPeriph_Driver/libstm32fw.a(stm32f10x_dma.o)
                0x0800e924                DMA_DeInit
 .text.DMA_Init
                0x0800ea14       0x3c lib/STM32F10x_StdPeriph_Driver/libstm32fw.a(stm32f10x_dma.o)
                0x0800ea14                DMA_Init
 .text.DMA_Cmd  0x0800ea50       0x12 lib/STM32F10x_StdPeriph_Driver/libstm32fw.a(stm32f10x_dma.o)
                0x0800ea50                DMA_Cmd
 .text.DMA_ITConfig
                0x0800ea62       0x10 lib/STM32F10x_StdPeriph_Driver/libstm32fw.a(stm32f10x_dma.o)
                0x0800ea62                DMA_ITConfig
 .text.DMA_GetCurrDataCounter
                0x0800ea72        0x6 lib/STM32F10x_StdPeriph_Driver/libstm32fw.a(stm32f10x_dma.o)
                0x0800ea72                DMA_GetCurrDataCounter
 .text.DMA_GetFlagStatus
                0x0800ea78       0x1c lib/STM32F10x_StdPeriph_Driver/libstm32fw.a(stm32f10x_dma.o)
                0x0800ea78                DMA_GetFlagStatus
 .text.DMA_ClearFlag
                0x0800ea94       0x14 lib/STM32F10x_StdPeriph_Driver/libstm32fw.a(stm32f10x_dma.o)
                0x0800ea94                DMA_ClearFlag
 .text.DMA_GetITStatus
                0x0800eaa8       0x1c lib/STM32F10x_StdPeriph_Driver/libstm32fw.a(stm32f10x_dma.o)
                0x0800eaa8                DMA_GetITStatus
 .text.DMA_ClearITPendingBit
                0x0800eac4       0x14 lib/STM32F10x_StdPeriph_Driver/libstm32fw.a(stm32f10x_dma.o)
                0x0800eac4                DMA_ClearITPendingBit
 .text.EXTI_DeInit
                0x0800ead8       0x1c lib/STM32F10x_StdPeriph_Driver/libstm32fw.a(stm32f10x_exti.o)
                0x0800ead8                EXTI_DeInit
 .text.EXTI_Init
                0x0800eaf4       0x88 lib/STM32F10x_StdPeriph_Driver/libstm32fw.a(stm32f10x_exti.o)
                0x0800eaf4                EXTI_Init
 .text.EXTI_GetITStatus
                0x0800eb7c       0x1c lib/STM32F10x_StdPeriph_Driver/libstm32fw.a(stm32f10x_exti.o)
                0x0800eb7c                EXTI_GetITStatus
 .text.EXTI_ClearITPendingBit
                0x0800eb98        0xc lib/STM32F10x_StdPeriph_Driver/libstm32fw.a(stm32f10x_exti.o)
                0x0800eb98                EXTI_ClearITPendingBit
 .text.GPIO_Init
                0x0800eba4       0x90 lib/STM32F10x_StdPeriph_Driver/libstm32fw.a(stm32f10x_gpio.o)
                0x0800eba4                GPIO_Init
 .text.GPIO_StructInit
                0x0800ec34       0x10 lib/STM32F10x_StdPeriph_Driver/libstm32fw.a(stm32f10x_gpio.o)
                0x0800ec34                GPIO_StructInit
 .text.GPIO_ReadInputDataBit
                0x0800ec44        0xc lib/STM32F10x_StdPeriph_Driver/libstm32fw.a(stm32f10x_gpio.o)
                0x0800ec44                GPIO_ReadInputDataBit
 .text.GPIO_SetBits
                0x0800ec50        0x4 lib/STM32F10x_StdPeriph_Driver/libstm32fw.a(stm32f10x_gpio.o)
                0x0800ec50                GPIO_SetBits
 .text.GPIO_ResetBits
                0x0800ec54        0x4 lib/STM32F10x_StdPeriph_Driver/libstm32fw.a(stm32f10x_gpio.o)
                0x0800ec54                GPIO_ResetBits
 .text.GPIO_WriteBit
                0x0800ec58        0xa lib/STM32F10x_StdPeriph_Driver/libstm32fw.a(stm32f10x_gpio.o)
                0x0800ec58                GPIO_WriteBit
 *fill*         0x0800ec62        0x2 
 .text.GPIO_PinRemapConfig
                0x0800ec64       0x54 lib/STM32F10x_StdPeriph_Driver/libstm32fw.a(stm32f10x_gpio.o)
                0x0800ec64                GPIO_PinRemapConfig
 .text.GPIO_EXTILineConfig
                0x0800ecb8       0x2a lib/STM32F10x_StdPeriph_Driver/libstm32fw.a(stm32f10x_gpio.o)
                0x0800ecb8                GPIO_EXTILineConfig
 *fill*         0x0800ece2        0x2 
 .text.I2C_DeInit
                0x0800ece4       0x34 lib/STM32F10x_StdPeriph_Driver/libstm32fw.a(stm32f10x_i2c.o)
                0x0800ece4                I2C_DeInit
 .text.I2C_Init
                0x0800ed18       0xd4 lib/STM32F10x_StdPeriph_Driver/libstm32fw.a(stm32f10x_i2c.o)
                0x0800ed18                I2C_Init
 .text.I2C_Cmd  0x0800edec       0x18 lib/STM32F10x_StdPeriph_Driver/libstm32fw.a(stm32f10x_i2c.o)
                0x0800edec                I2C_Cmd
 .text.I2C_GenerateSTART
                0x0800ee04       0x18 lib/STM32F10x_StdPeriph_Driver/libstm32fw.a(stm32f10x_i2c.o)
                0x0800ee04                I2C_GenerateSTART
 .text.I2C_GenerateSTOP
                0x0800ee1c       0x18 lib/STM32F10x_StdPeriph_Driver/libstm32fw.a(stm32f10x_i2c.o)
                0x0800ee1c                I2C_GenerateSTOP
 .text.I2C_AcknowledgeConfig
                0x0800ee34       0x18 lib/STM32F10x_StdPeriph_Driver/libstm32fw.a(stm32f10x_i2c.o)
                0x0800ee34                I2C_AcknowledgeConfig
 .text.I2C_ITConfig
                0x0800ee4c       0x12 lib/STM32F10x_StdPeriph_Driver/libstm32fw.a(stm32f10x_i2c.o)
                0x0800ee4c                I2C_ITConfig
 .text.I2C_SendData
                0x0800ee5e        0x4 lib/STM32F10x_StdPeriph_Driver/libstm32fw.a(stm32f10x_i2c.o)
                0x0800ee5e                I2C_SendData
 .text.I2C_ReceiveData
                0x0800ee62        0x6 lib/STM32F10x_StdPeriph_Driver/libstm32fw.a(stm32f10x_i2c.o)
                0x0800ee62                I2C_ReceiveData
 .text.I2C_Send7bitAddress
                0x0800ee68       0x12 lib/STM32F10x_StdPeriph_Driver/libstm32fw.a(stm32f10x_i2c.o)
                0x0800ee68                I2C_Send7bitAddress
 .text.I2C_SoftwareResetCmd
                0x0800ee7a       0x18 lib/STM32F10x_StdPeriph_Driver/libstm32fw.a(stm32f10x_i2c.o)
                0x0800ee7a                I2C_SoftwareResetCmd
 *fill*         0x0800ee92        0x2 
 .text.IWDG_WriteAccessCmd
                0x0800ee94        0xc lib/STM32F10x_StdPeriph_Driver/libstm32fw.a(stm32f10x_iwdg.o)
                0x0800ee94                IWDG_WriteAccessCmd
 .text.IWDG_SetPrescaler
                0x0800eea0        0xc lib/STM32F10x_StdPeriph_Driver/libstm32fw.a(stm32f10x_iwdg.o)
                0x0800eea0                IWDG_SetPrescaler
 .text.IWDG_SetReload
                0x0800eeac        0xc lib/STM32F10x_StdPeriph_Driver/libstm32fw.a(stm32f10x_iwdg.o)
                0x0800eeac                IWDG_SetReload
 .text.IWDG_ReloadCounter
                0x0800eeb8       0x10 lib/STM32F10x_StdPeriph_Driver/libstm32fw.a(stm32f10x_iwdg.o)
                0x0800eeb8                IWDG_ReloadCounter
 .text.IWDG_Enable
                0x0800eec8       0x10 lib/STM32F10x_StdPeriph_Driver/libstm32fw.a(stm32f10x_iwdg.o)
                0x0800eec8                IWDG_Enable
 .text.PWR_DeInit
                0x0800eed8       0x1a lib/STM32F10x_StdPeriph_Driver/libstm32fw.a(stm32f10x_pwr.o)
                0x0800eed8                PWR_DeInit
 *fill*         0x0800eef2        0x2 
 .text.PWR_BackupAccessCmd
                0x0800eef4        0xc lib/STM32F10x_StdPeriph_Driver/libstm32fw.a(stm32f10x_pwr.o)
                0x0800eef4                PWR_BackupAccessCmd
 .text.PWR_WakeUpPinCmd
                0x0800ef00        0xc lib/STM32F10x_StdPeriph_Driver/libstm32fw.a(stm32f10x_pwr.o)
                0x0800ef00                PWR_WakeUpPinCmd
 .text.PWR_EnterSTANDBYMode
                0x0800ef0c       0x28 lib/STM32F10x_StdPeriph_Driver/libstm32fw.a(stm32f10x_pwr.o)
                0x0800ef0c                PWR_EnterSTANDBYMode
 .text.RCC_HCLKConfig
                0x0800ef34       0x14 lib/STM32F10x_StdPeriph_Driver/libstm32fw.a(stm32f10x_rcc.o)
                0x0800ef34                RCC_HCLKConfig
 .text.RCC_ADCCLKConfig
                0x0800ef48       0x14 lib/STM32F10x_StdPeriph_Driver/libstm32fw.a(stm32f10x_rcc.o)
                0x0800ef48                RCC_ADCCLKConfig
 .text.RCC_LSEConfig
                0x0800ef5c       0x20 lib/STM32F10x_StdPeriph_Driver/libstm32fw.a(stm32f10x_rcc.o)
                0x0800ef5c                RCC_LSEConfig
 .text.RCC_RTCCLKConfig
                0x0800ef7c       0x10 lib/STM32F10x_StdPeriph_Driver/libstm32fw.a(stm32f10x_rcc.o)
                0x0800ef7c                RCC_RTCCLKConfig
 .text.RCC_RTCCLKCmd
                0x0800ef8c        0xc lib/STM32F10x_StdPeriph_Driver/libstm32fw.a(stm32f10x_rcc.o)
                0x0800ef8c                RCC_RTCCLKCmd
 .text.RCC_GetClocksFreq
                0x0800ef98       0x94 lib/STM32F10x_StdPeriph_Driver/libstm32fw.a(stm32f10x_rcc.o)
                0x0800ef98                RCC_GetClocksFreq
 .text.RCC_AHBPeriphClockCmd
                0x0800f02c       0x18 lib/STM32F10x_StdPeriph_Driver/libstm32fw.a(stm32f10x_rcc.o)
                0x0800f02c                RCC_AHBPeriphClockCmd
 .text.RCC_APB2PeriphClockCmd
                0x0800f044       0x18 lib/STM32F10x_StdPeriph_Driver/libstm32fw.a(stm32f10x_rcc.o)
                0x0800f044                RCC_APB2PeriphClockCmd
 .text.RCC_APB1PeriphClockCmd
                0x0800f05c       0x18 lib/STM32F10x_StdPeriph_Driver/libstm32fw.a(stm32f10x_rcc.o)
                0x0800f05c                RCC_APB1PeriphClockCmd
 .text.RCC_APB2PeriphResetCmd
                0x0800f074       0x18 lib/STM32F10x_StdPeriph_Driver/libstm32fw.a(stm32f10x_rcc.o)
                0x0800f074                RCC_APB2PeriphResetCmd
 .text.RCC_APB1PeriphResetCmd
                0x0800f08c       0x18 lib/STM32F10x_StdPeriph_Driver/libstm32fw.a(stm32f10x_rcc.o)
                0x0800f08c                RCC_APB1PeriphResetCmd
 .text.RCC_BackupResetCmd
                0x0800f0a4        0xc lib/STM32F10x_StdPeriph_Driver/libstm32fw.a(stm32f10x_rcc.o)
                0x0800f0a4                RCC_BackupResetCmd
 .text.RCC_GetFlagStatus
                0x0800f0b0       0x28 lib/STM32F10x_StdPeriph_Driver/libstm32fw.a(stm32f10x_rcc.o)
                0x0800f0b0                RCC_GetFlagStatus
 .text.RTC_EnterConfigMode
                0x0800f0d8       0x14 lib/STM32F10x_StdPeriph_Driver/libstm32fw.a(stm32f10x_rtc.o)
                0x0800f0d8                RTC_EnterConfigMode
 .text.RTC_ExitConfigMode
                0x0800f0ec       0x14 lib/STM32F10x_StdPeriph_Driver/libstm32fw.a(stm32f10x_rtc.o)
                0x0800f0ec                RTC_ExitConfigMode
 .text.RTC_GetCounter
                0x0800f100       0x14 lib/STM32F10x_StdPeriph_Driver/libstm32fw.a(stm32f10x_rtc.o)
                0x0800f100                RTC_GetCounter
 .text.RTC_SetCounter
                0x0800f114       0x20 lib/STM32F10x_StdPeriph_Driver/libstm32fw.a(stm32f10x_rtc.o)
                0x0800f114                RTC_SetCounter
 .text.RTC_SetPrescaler
                0x0800f134       0x20 lib/STM32F10x_StdPeriph_Driver/libstm32fw.a(stm32f10x_rtc.o)
                0x0800f134                RTC_SetPrescaler
 .text.RTC_WaitForLastTask
                0x0800f154       0x10 lib/STM32F10x_StdPeriph_Driver/libstm32fw.a(stm32f10x_rtc.o)
                0x0800f154                RTC_WaitForLastTask
 .text.RTC_WaitForSynchro
                0x0800f164       0x1c lib/STM32F10x_StdPeriph_Driver/libstm32fw.a(stm32f10x_rtc.o)
                0x0800f164                RTC_WaitForSynchro
 .text.SPI_Init
                0x0800f180       0x3e lib/STM32F10x_StdPeriph_Driver/libstm32fw.a(stm32f10x_spi.o)
                0x0800f180                SPI_Init
 .text.SPI_StructInit
                0x0800f1be       0x18 lib/STM32F10x_StdPeriph_Driver/libstm32fw.a(stm32f10x_spi.o)
                0x0800f1be                SPI_StructInit
 .text.SPI_Cmd  0x0800f1d6       0x18 lib/STM32F10x_StdPeriph_Driver/libstm32fw.a(stm32f10x_spi.o)
                0x0800f1d6                SPI_Cmd
 .text.SPI_I2S_DMACmd
                0x0800f1ee       0x12 lib/STM32F10x_StdPeriph_Driver/libstm32fw.a(stm32f10x_spi.o)
                0x0800f1ee                SPI_I2S_DMACmd
 .text.SPI_I2S_SendData
                0x0800f200        0x4 lib/STM32F10x_StdPeriph_Driver/libstm32fw.a(stm32f10x_spi.o)
                0x0800f200                SPI_I2S_SendData
 .text.SPI_I2S_ReceiveData
                0x0800f204        0x6 lib/STM32F10x_StdPeriph_Driver/libstm32fw.a(stm32f10x_spi.o)
                0x0800f204                SPI_I2S_ReceiveData
 .text.SPI_CalculateCRC
                0x0800f20a       0x18 lib/STM32F10x_StdPeriph_Driver/libstm32fw.a(stm32f10x_spi.o)
                0x0800f20a                SPI_CalculateCRC
 .text.SPI_I2S_GetFlagStatus
                0x0800f222        0xc lib/STM32F10x_StdPeriph_Driver/libstm32fw.a(stm32f10x_spi.o)
                0x0800f222                SPI_I2S_GetFlagStatus
 *fill*         0x0800f22e        0x2 
 .text.TIM_DeInit
                0x0800f230       0xc8 lib/STM32F10x_StdPeriph_Driver/libstm32fw.a(stm32f10x_tim.o)
                0x0800f230                TIM_DeInit
 .text.TIM_TimeBaseInit
                0x0800f2f8       0x3c lib/STM32F10x_StdPeriph_Driver/libstm32fw.a(stm32f10x_tim.o)
                0x0800f2f8                TIM_TimeBaseInit
 .text.TIM_OC4Init
                0x0800f334       0x68 lib/STM32F10x_StdPeriph_Driver/libstm32fw.a(stm32f10x_tim.o)
                0x0800f334                TIM_OC4Init
 .text.TIM_Cmd  0x0800f39c       0x18 lib/STM32F10x_StdPeriph_Driver/libstm32fw.a(stm32f10x_tim.o)
                0x0800f39c                TIM_Cmd
 .text.TIM_OC4PreloadConfig
                0x0800f3b4       0x14 lib/STM32F10x_StdPeriph_Driver/libstm32fw.a(stm32f10x_tim.o)
                0x0800f3b4                TIM_OC4PreloadConfig
 .text.USART_DeInit
                0x0800f3c8       0x98 lib/STM32F10x_StdPeriph_Driver/libstm32fw.a(stm32f10x_usart.o)
                0x0800f3c8                USART_DeInit
 .text.USART_Init
                0x0800f460       0x88 lib/STM32F10x_StdPeriph_Driver/libstm32fw.a(stm32f10x_usart.o)
                0x0800f460                USART_Init
 .text.USART_Cmd
                0x0800f4e8       0x18 lib/STM32F10x_StdPeriph_Driver/libstm32fw.a(stm32f10x_usart.o)
                0x0800f4e8                USART_Cmd
 .text.USART_ITConfig
                0x0800f500       0x32 lib/STM32F10x_StdPeriph_Driver/libstm32fw.a(stm32f10x_usart.o)
                0x0800f500                USART_ITConfig
 .text.USART_DMACmd
                0x0800f532       0x12 lib/STM32F10x_StdPeriph_Driver/libstm32fw.a(stm32f10x_usart.o)
                0x0800f532                USART_DMACmd
 .text.USART_SendData
                0x0800f544        0x8 lib/STM32F10x_StdPeriph_Driver/libstm32fw.a(stm32f10x_usart.o)
                0x0800f544                USART_SendData
 .text.USART_ReceiveData
                0x0800f54c        0x8 lib/STM32F10x_StdPeriph_Driver/libstm32fw.a(stm32f10x_usart.o)
                0x0800f54c                USART_ReceiveData
 .text.USART_GetFlagStatus
                0x0800f554        0xc lib/STM32F10x_StdPeriph_Driver/libstm32fw.a(stm32f10x_usart.o)
                0x0800f554                USART_GetFlagStatus
 .text.USART_GetITStatus
                0x0800f560       0x3e lib/STM32F10x_StdPeriph_Driver/libstm32fw.a(stm32f10x_usart.o)
                0x0800f560                USART_GetITStatus
 .text.USART_ClearITPendingBit
                0x0800f59e        0xe lib/STM32F10x_StdPeriph_Driver/libstm32fw.a(stm32f10x_usart.o)
                0x0800f59e                USART_ClearITPendingBit
 .text.Standard_GetConfiguration
                0x0800f5ac       0x24 lib/STM32_USB-FS-Device_Driver/libstm32usb.a(usb_core.o)
                0x0800f5ac                Standard_GetConfiguration
 .text.Standard_GetInterface
                0x0800f5d0       0x24 lib/STM32_USB-FS-Device_Driver/libstm32usb.a(usb_core.o)
                0x0800f5d0                Standard_GetInterface
 .text.Standard_GetStatus
                0x0800f5f4       0x90 lib/STM32_USB-FS-Device_Driver/libstm32usb.a(usb_core.o)
                0x0800f5f4                Standard_GetStatus
 .text.DataStageIn
                0x0800f684       0xac lib/STM32_USB-FS-Device_Driver/libstm32usb.a(usb_core.o)
 .text.Standard_SetConfiguration
                0x0800f730       0x38 lib/STM32_USB-FS-Device_Driver/libstm32usb.a(usb_core.o)
                0x0800f730                Standard_SetConfiguration
 .text.Standard_SetInterface
                0x0800f768       0x48 lib/STM32_USB-FS-Device_Driver/libstm32usb.a(usb_core.o)
                0x0800f768                Standard_SetInterface
 .text.Standard_ClearFeature
                0x0800f7b0       0xd8 lib/STM32_USB-FS-Device_Driver/libstm32usb.a(usb_core.o)
                0x0800f7b0                Standard_ClearFeature
 .text.Standard_SetEndPointFeature
                0x0800f888       0x8c lib/STM32_USB-FS-Device_Driver/libstm32usb.a(usb_core.o)
                0x0800f888                Standard_SetEndPointFeature
 .text.Standard_SetDeviceFeature
                0x0800f914       0x24 lib/STM32_USB-FS-Device_Driver/libstm32usb.a(usb_core.o)
                0x0800f914                Standard_SetDeviceFeature
 .text.Standard_GetDescriptorData
                0x0800f938       0x1c lib/STM32_USB-FS-Device_Driver/libstm32usb.a(usb_core.o)
                0x0800f938                Standard_GetDescriptorData
 .text.Post0_Process
                0x0800f954       0x44 lib/STM32_USB-FS-Device_Driver/libstm32usb.a(usb_core.o)
                0x0800f954                Post0_Process
 .text.Setup0_Process
                0x0800f998      0x2dc lib/STM32_USB-FS-Device_Driver/libstm32usb.a(usb_core.o)
                0x0800f998                Setup0_Process
 .text.Out0_Process
                0x0800fc74       0xcc lib/STM32_USB-FS-Device_Driver/libstm32usb.a(usb_core.o)
                0x0800fc74                Out0_Process
 .text.SetDeviceAddress
                0x0800fd40       0x40 lib/STM32_USB-FS-Device_Driver/libstm32usb.a(usb_core.o)
                0x0800fd40                SetDeviceAddress
 .text.In0_Process
                0x0800fd80       0x5c lib/STM32_USB-FS-Device_Driver/libstm32usb.a(usb_core.o)
                0x0800fd80                In0_Process
 .text.NOP_Process
                0x0800fddc        0x2 lib/STM32_USB-FS-Device_Driver/libstm32usb.a(usb_core.o)
                0x0800fddc                NOP_Process
 *fill*         0x0800fdde        0x2 
 .text.CTR_LP   0x0800fde0      0x170 lib/STM32_USB-FS-Device_Driver/libstm32usb.a(usb_int.o)
                0x0800fde0                CTR_LP
 .text.CTR_HP   0x0800ff50       0x74 lib/STM32_USB-FS-Device_Driver/libstm32usb.a(usb_int.o)
                0x0800ff50                CTR_HP
 .text.UserToPMABufferCopy
                0x0800ffc4       0x30 lib/STM32_USB-FS-Device_Driver/libstm32usb.a(usb_mem.o)
                0x0800ffc4                UserToPMABufferCopy
 .text.PMAToUserBufferCopy
                0x0800fff4       0x24 lib/STM32_USB-FS-Device_Driver/libstm32usb.a(usb_mem.o)
                0x0800fff4                PMAToUserBufferCopy
 .text.SetBTABLE
                0x08010018       0x10 lib/STM32_USB-FS-Device_Driver/libstm32usb.a(usb_regs.o)
                0x08010018                SetBTABLE
 .text.SetEPType
                0x08010028       0x1c lib/STM32_USB-FS-Device_Driver/libstm32usb.a(usb_regs.o)
                0x08010028                SetEPType
 .text.SetEPTxStatus
                0x08010044       0x32 lib/STM32_USB-FS-Device_Driver/libstm32usb.a(usb_regs.o)
                0x08010044                SetEPTxStatus
 .text.SetEPRxStatus
                0x08010076       0x32 lib/STM32_USB-FS-Device_Driver/libstm32usb.a(usb_regs.o)
                0x08010076                SetEPRxStatus
 .text.SetEPRxValid
                0x080100a8       0x26 lib/STM32_USB-FS-Device_Driver/libstm32usb.a(usb_regs.o)
                0x080100a8                SetEPRxValid
 .text.Clear_Status_Out
                0x080100ce       0x20 lib/STM32_USB-FS-Device_Driver/libstm32usb.a(usb_regs.o)
                0x080100ce                Clear_Status_Out
 .text.ClearDTOG_RX
                0x080100ee       0x26 lib/STM32_USB-FS-Device_Driver/libstm32usb.a(usb_regs.o)
                0x080100ee                ClearDTOG_RX
 .text.ClearDTOG_TX
                0x08010114       0x26 lib/STM32_USB-FS-Device_Driver/libstm32usb.a(usb_regs.o)
                0x08010114                ClearDTOG_TX
 *fill*         0x0801013a        0x2 
 .text.SetEPTxAddr
                0x0801013c       0x20 lib/STM32_USB-FS-Device_Driver/libstm32usb.a(usb_regs.o)
                0x0801013c                SetEPTxAddr
 .text.SetEPRxAddr
                0x0801015c       0x20 lib/STM32_USB-FS-Device_Driver/libstm32usb.a(usb_regs.o)
                0x0801015c                SetEPRxAddr
 .text.GetEPTxAddr
                0x0801017c       0x20 lib/STM32_USB-FS-Device_Driver/libstm32usb.a(usb_regs.o)
                0x0801017c                GetEPTxAddr
 .text.GetEPRxAddr
                0x0801019c       0x20 lib/STM32_USB-FS-Device_Driver/libstm32usb.a(usb_regs.o)
                0x0801019c                GetEPRxAddr
 .text.SetEPTxCount
                0x080101bc       0x1c lib/STM32_USB-FS-Device_Driver/libstm32usb.a(usb_regs.o)
                0x080101bc                SetEPTxCount
 .text.SetEPRxCount
                0x080101d8       0x40 lib/STM32_USB-FS-Device_Driver/libstm32usb.a(usb_regs.o)
                0x080101d8                SetEPRxCount
 .text.GetEPRxCount
                0x08010218       0x20 lib/STM32_USB-FS-Device_Driver/libstm32usb.a(usb_regs.o)
                0x08010218                GetEPRxCount
 .text.ByteSwap
                0x08010238        0xa lib/STM32_USB-FS-Device_Driver/libstm32usb.a(usb_regs.o)
                0x08010238                ByteSwap
 *fill*         0x08010242        0x2 
 .text.USB_SIL_Init
                0x08010244       0x20 lib/STM32_USB-FS-Device_Driver/libstm32usb.a(usb_sil.o)
                0x08010244                USB_SIL_Init
 .text.USB_SIL_Write
                0x08010264       0x28 lib/STM32_USB-FS-Device_Driver/libstm32usb.a(usb_sil.o)
                0x08010264                USB_SIL_Write
 .text.USB_SIL_Read
                0x0801028c       0x24 lib/STM32_USB-FS-Device_Driver/libstm32usb.a(usb_sil.o)
                0x0801028c                USB_SIL_Read
 .text.memset   0x080102b0       0x9c /home/laurence/ARM-GCC/gcc-arm-none-eabi-5_3-2016q1/bin/../lib/gcc/arm-none-eabi/5.3.1/../../../../arm-none-eabi/lib/armv7-m/libg.a(lib_a-memset.o)
                0x080102b0                memset
 .text.srand    0x0801034c       0x14 /home/laurence/ARM-GCC/gcc-arm-none-eabi-5_3-2016q1/bin/../lib/gcc/arm-none-eabi/5.3.1/../../../../arm-none-eabi/lib/armv7-m/libg.a(lib_a-rand.o)
                0x0801034c                srand
 .text.rand     0x08010360       0x40 /home/laurence/ARM-GCC/gcc-arm-none-eabi-5_3-2016q1/bin/../lib/gcc/arm-none-eabi/5.3.1/../../../../arm-none-eabi/lib/armv7-m/libg.a(lib_a-rand.o)
                0x08010360                rand
 .text.roundf   0x080103a0       0x48 /home/laurence/ARM-GCC/gcc-arm-none-eabi-5_3-2016q1/bin/../lib/gcc/arm-none-eabi/5.3.1/../../../../arm-none-eabi/lib/armv7-m/libm.a(lib_a-sf_round.o)
                0x080103a0                roundf
 .text.sinf     0x080103e8       0x7c /home/laurence/ARM-GCC/gcc-arm-none-eabi-5_3-2016q1/bin/../lib/gcc/arm-none-eabi/5.3.1/../../../../arm-none-eabi/lib/armv7-m/libm.a(lib_a-sf_sin.o)
                0x080103e8                sinf
 .text.atan2    0x08010464        0x4 /home/laurence/ARM-GCC/gcc-arm-none-eabi-5_3-2016q1/bin/../lib/gcc/arm-none-eabi/5.3.1/../../../../arm-none-eabi/lib/armv7-m/libm.a(lib_a-w_atan2.o)
                0x08010464                atan2
 .text.acosf    0x08010468       0xa4 /home/laurence/ARM-GCC/gcc-arm-none-eabi-5_3-2016q1/bin/../lib/gcc/arm-none-eabi/5.3.1/../../../../arm-none-eabi/lib/armv7-m/libm.a(lib_a-wf_acos.o)
                0x08010468                acosf
 .text.atan2f   0x0801050c        0x4 /home/laurence/ARM-GCC/gcc-arm-none-eabi-5_3-2016q1/bin/../lib/gcc/arm-none-eabi/5.3.1/../../../../arm-none-eabi/lib/armv7-m/libm.a(lib_a-wf_atan2.o)
                0x0801050c                atan2f
 .text.sqrtf    0x08010510       0x9c /home/laurence/ARM-GCC/gcc-arm-none-eabi-5_3-2016q1/bin/../lib/gcc/arm-none-eabi/5.3.1/../../../../arm-none-eabi/lib/armv7-m/libm.a(lib_a-wf_sqrt.o)
                0x08010510                sqrtf
 *fill*         0x080105ac        0x4 
 .text.__ieee754_atan2
                0x080105b0      0x194 /home/laurence/ARM-GCC/gcc-arm-none-eabi-5_3-2016q1/bin/../lib/gcc/arm-none-eabi/5.3.1/../../../../arm-none-eabi/lib/armv7-m/libm.a(lib_a-e_atan2.o)
                0x080105b0                __ieee754_atan2
 .text.__ieee754_acosf
                0x08010744      0x2c8 /home/laurence/ARM-GCC/gcc-arm-none-eabi-5_3-2016q1/bin/../lib/gcc/arm-none-eabi/5.3.1/../../../../arm-none-eabi/lib/armv7-m/libm.a(lib_a-ef_acos.o)
                0x08010744                __ieee754_acosf
 .text.__ieee754_atan2f
                0x08010a0c      0x124 /home/laurence/ARM-GCC/gcc-arm-none-eabi-5_3-2016q1/bin/../lib/gcc/arm-none-eabi/5.3.1/../../../../arm-none-eabi/lib/armv7-m/libm.a(lib_a-ef_atan2.o)
                0x08010a0c                __ieee754_atan2f
 .text.__ieee754_rem_pio2f
                0x08010b30      0x2e4 /home/laurence/ARM-GCC/gcc-arm-none-eabi-5_3-2016q1/bin/../lib/gcc/arm-none-eabi/5.3.1/../../../../arm-none-eabi/lib/armv7-m/libm.a(lib_a-ef_rem_pio2.o)
                0x08010b30                __ieee754_rem_pio2f
 .text.__ieee754_sqrtf
                0x08010e14       0xa8 /home/laurence/ARM-GCC/gcc-arm-none-eabi-5_3-2016q1/bin/../lib/gcc/arm-none-eabi/5.3.1/../../../../arm-none-eabi/lib/armv7-m/libm.a(lib_a-ef_sqrt.o)
                0x08010e14                __ieee754_sqrtf
 .text.__kernel_cosf
                0x08010ebc      0x188 /home/laurence/ARM-GCC/gcc-arm-none-eabi-5_3-2016q1/bin/../lib/gcc/arm-none-eabi/5.3.1/../../../../arm-none-eabi/lib/armv7-m/libm.a(lib_a-kf_cos.o)
                0x08010ebc                __kernel_cosf
 .text.__kernel_rem_pio2f
                0x08011044      0x6a8 /home/laurence/ARM-GCC/gcc-arm-none-eabi-5_3-2016q1/bin/../lib/gcc/arm-none-eabi/5.3.1/../../../../arm-none-eabi/lib/armv7-m/libm.a(lib_a-kf_rem_pio2.o)
                0x08011044                __kernel_rem_pio2f
 .text.__kernel_sinf
                0x080116ec       0xec /home/laurence/ARM-GCC/gcc-arm-none-eabi-5_3-2016q1/bin/../lib/gcc/arm-none-eabi/5.3.1/../../../../arm-none-eabi/lib/armv7-m/libm.a(lib_a-kf_sin.o)
                0x080116ec                __kernel_sinf
 .text.atan     0x080117d8      0x33c /home/laurence/ARM-GCC/gcc-arm-none-eabi-5_3-2016q1/bin/../lib/gcc/arm-none-eabi/5.3.1/../../../../arm-none-eabi/lib/armv7-m/libm.a(lib_a-s_atan.o)
                0x080117d8                atan
 .text.fabs     0x08011b14        0x8 /home/laurence/ARM-GCC/gcc-arm-none-eabi-5_3-2016q1/bin/../lib/gcc/arm-none-eabi/5.3.1/../../../../arm-none-eabi/lib/armv7-m/libm.a(lib_a-s_fabs.o)
                0x08011b14                fabs
 .text.matherr  0x08011b1c        0x4 /home/laurence/ARM-GCC/gcc-arm-none-eabi-5_3-2016q1/bin/../lib/gcc/arm-none-eabi/5.3.1/../../../../arm-none-eabi/lib/armv7-m/libm.a(lib_a-s_matherr.o)
                0x08011b1c                matherr
 .text.nan      0x08011b20        0xc /home/laurence/ARM-GCC/gcc-arm-none-eabi-5_3-2016q1/bin/../lib/gcc/arm-none-eabi/5.3.1/../../../../arm-none-eabi/lib/armv7-m/libm.a(lib_a-s_nan.o)
                0x08011b20                nan
 .text.atanf    0x08011b2c      0x22c /home/laurence/ARM-GCC/gcc-arm-none-eabi-5_3-2016q1/bin/../lib/gcc/arm-none-eabi/5.3.1/../../../../arm-none-eabi/lib/armv7-m/libm.a(lib_a-sf_atan.o)
                0x08011b2c                atanf
 .text.fabsf    0x08011d58        0x8 /home/laurence/ARM-GCC/gcc-arm-none-eabi-5_3-2016q1/bin/../lib/gcc/arm-none-eabi/5.3.1/../../../../arm-none-eabi/lib/armv7-m/libm.a(lib_a-sf_fabs.o)
                0x08011d58                fabsf
 .text.floorf   0x08011d60       0x8c /home/laurence/ARM-GCC/gcc-arm-none-eabi-5_3-2016q1/bin/../lib/gcc/arm-none-eabi/5.3.1/../../../../arm-none-eabi/lib/armv7-m/libm.a(lib_a-sf_floor.o)
                0x08011d60                floorf
 .text.scalbnf  0x08011dec       0xb0 /home/laurence/ARM-GCC/gcc-arm-none-eabi-5_3-2016q1/bin/../lib/gcc/arm-none-eabi/5.3.1/../../../../arm-none-eabi/lib/armv7-m/libm.a(lib_a-sf_scalbn.o)
                0x08011dec                scalbnf
 .text.copysignf
                0x08011e9c        0xc /home/laurence/ARM-GCC/gcc-arm-none-eabi-5_3-2016q1/bin/../lib/gcc/arm-none-eabi/5.3.1/../../../../arm-none-eabi/lib/armv7-m/libm.a(lib_a-sf_copysign.o)
                0x08011e9c                copysignf
 .text.__errno  0x08011ea8        0xc /home/laurence/ARM-GCC/gcc-arm-none-eabi-5_3-2016q1/bin/../lib/gcc/arm-none-eabi/5.3.1/../../../../arm-none-eabi/lib/armv7-m/libg.a(lib_a-errno.o)
                0x08011ea8                __errno
 .text.malloc   0x08011eb4       0x10 /home/laurence/ARM-GCC/gcc-arm-none-eabi-5_3-2016q1/bin/../lib/gcc/arm-none-eabi/5.3.1/../../../../arm-none-eabi/lib/armv7-m/libg.a(lib_a-malloc.o)
                0x08011eb4                malloc
 .text._malloc_r
                0x08011ec4      0x558 /home/laurence/ARM-GCC/gcc-arm-none-eabi-5_3-2016q1/bin/../lib/gcc/arm-none-eabi/5.3.1/../../../../arm-none-eabi/lib/armv7-m/libg.a(lib_a-mallocr.o)
                0x08011ec4                _malloc_r
 .text.memcmp   0x0801241c       0x64 /home/laurence/ARM-GCC/gcc-arm-none-eabi-5_3-2016q1/bin/../lib/gcc/arm-none-eabi/5.3.1/../../../../arm-none-eabi/lib/armv7-m/libg.a(lib_a-memcmp.o)
                0x0801241c                memcmp
 .text.__malloc_lock
                0x08012480        0x4 /home/laurence/ARM-GCC/gcc-arm-none-eabi-5_3-2016q1/bin/../lib/gcc/arm-none-eabi/5.3.1/../../../../arm-none-eabi/lib/armv7-m/libg.a(lib_a-mlock.o)
                0x08012480                __malloc_lock
 .text.__malloc_unlock
                0x08012484        0x4 /home/laurence/ARM-GCC/gcc-arm-none-eabi-5_3-2016q1/bin/../lib/gcc/arm-none-eabi/5.3.1/../../../../arm-none-eabi/lib/armv7-m/libg.a(lib_a-mlock.o)
                0x08012484                __malloc_unlock
 .text._sbrk_r  0x08012488       0x24 /home/laurence/ARM-GCC/gcc-arm-none-eabi-5_3-2016q1/bin/../lib/gcc/arm-none-eabi/5.3.1/../../../../arm-none-eabi/lib/armv7-m/libg.a(lib_a-sbrkr.o)
                0x08012488                _sbrk_r
 .text.strlen   0x080124ac       0x5c /home/laurence/ARM-GCC/gcc-arm-none-eabi-5_3-2016q1/bin/../lib/gcc/arm-none-eabi/5.3.1/../../../../arm-none-eabi/lib/armv7-m/libg.a(lib_a-strlen-stub.o)
                0x080124ac                strlen
 .text._malloc_trim_r
                0x08012508       0x9c /home/laurence/ARM-GCC/gcc-arm-none-eabi-5_3-2016q1/bin/../lib/gcc/arm-none-eabi/5.3.1/../../../../arm-none-eabi/lib/armv7-m/libg.a(lib_a-freer.o)
                0x08012508                _malloc_trim_r
 .text._free_r  0x080125a4      0x1d0 /home/laurence/ARM-GCC/gcc-arm-none-eabi-5_3-2016q1/bin/../lib/gcc/arm-none-eabi/5.3.1/../../../../arm-none-eabi/lib/armv7-m/libg.a(lib_a-freer.o)
                0x080125a4                _free_r
 .text._sbrk    0x08012774       0x1c /home/laurence/ARM-GCC/gcc-arm-none-eabi-5_3-2016q1/bin/../lib/gcc/arm-none-eabi/5.3.1/../../../../arm-none-eabi/lib/armv7-m/libnosys.a(sbrk.o)
                0x08012774                _sbrk
 *(.rodata)
 .rodata        0x08012790       0xb4 /tmp/ccNn1gH6.ltrans0.ltrans.o
                0x08012838                DaysInMonth.lto_priv.91
 .rodata        0x08012844      0x3d0 /tmp/ccNn1gH6.ltrans6.ltrans.o
                0x08012844                LfnOfs.lto_priv.95
 .rodata        0x08012c14      0x180 /tmp/ccNn1gH6.ltrans9.ltrans.o
 .rodata        0x08012d94       0xac /tmp/ccNn1gH6.ltrans15.ltrans.o
 *(.rodata*)
 .rodata.str1.4
                0x08012e40      0x41a /tmp/ccNn1gH6.ltrans0.ltrans.o
                                0x42a (size before relaxing)
 *fill*         0x0801325a        0x2 
 .rodata.str1.4
                0x0801325c        0x6 /tmp/ccNn1gH6.ltrans4.ltrans.o
 *fill*         0x08013262        0x2 
 .rodata.str1.4
                0x08013264        0x9 /tmp/ccNn1gH6.ltrans7.ltrans.o
 .rodata.str1.4
                0x0801326d        0xb /tmp/ccNn1gH6.ltrans8.ltrans.o
 *fill*         0x0801326d        0x3 
 .rodata.str1.4
                0x08013270       0x13 /tmp/ccNn1gH6.ltrans9.ltrans.o
 *fill*         0x08013283        0x1 
 .rodata.str1.4
                0x08013284        0x2 /home/laurence/ARM-GCC/gcc-arm-none-eabi-5_3-2016q1/bin/../lib/gcc/arm-none-eabi/5.3.1/../../../../arm-none-eabi/lib/armv7-m/libg.a(lib_a-impure.o)
 *fill*         0x08013286        0x2 
 .rodata.str1.4
                0x08013288        0x6 /home/laurence/ARM-GCC/gcc-arm-none-eabi-5_3-2016q1/bin/../lib/gcc/arm-none-eabi/5.3.1/../../../../arm-none-eabi/lib/armv7-m/libm.a(lib_a-wf_acos.o)
                                  0x9 (size before relaxing)
 *fill*         0x0801328e        0x2 
 .rodata.str1.4
                0x08013290        0x8 /home/laurence/ARM-GCC/gcc-arm-none-eabi-5_3-2016q1/bin/../lib/gcc/arm-none-eabi/5.3.1/../../../../arm-none-eabi/lib/armv7-m/libm.a(lib_a-wf_sqrt.o)
                                  0x6 (size before relaxing)
 .rodata.npio2_hw
                0x08013298       0x80 /home/laurence/ARM-GCC/gcc-arm-none-eabi-5_3-2016q1/bin/../lib/gcc/arm-none-eabi/5.3.1/../../../../arm-none-eabi/lib/armv7-m/libm.a(lib_a-ef_rem_pio2.o)
 .rodata.two_over_pi
                0x08013318      0x318 /home/laurence/ARM-GCC/gcc-arm-none-eabi-5_3-2016q1/bin/../lib/gcc/arm-none-eabi/5.3.1/../../../../arm-none-eabi/lib/armv7-m/libm.a(lib_a-ef_rem_pio2.o)
 .rodata.init_jk
                0x08013630        0xc /home/laurence/ARM-GCC/gcc-arm-none-eabi-5_3-2016q1/bin/../lib/gcc/arm-none-eabi/5.3.1/../../../../arm-none-eabi/lib/armv7-m/libm.a(lib_a-kf_rem_pio2.o)
 .rodata.PIo2   0x0801363c       0x2c /home/laurence/ARM-GCC/gcc-arm-none-eabi-5_3-2016q1/bin/../lib/gcc/arm-none-eabi/5.3.1/../../../../arm-none-eabi/lib/armv7-m/libm.a(lib_a-kf_rem_pio2.o)
 .rodata.atanlo
                0x08013668       0x20 /home/laurence/ARM-GCC/gcc-arm-none-eabi-5_3-2016q1/bin/../lib/gcc/arm-none-eabi/5.3.1/../../../../arm-none-eabi/lib/armv7-m/libm.a(lib_a-s_atan.o)
 .rodata.atanhi
                0x08013688       0x20 /home/laurence/ARM-GCC/gcc-arm-none-eabi-5_3-2016q1/bin/../lib/gcc/arm-none-eabi/5.3.1/../../../../arm-none-eabi/lib/armv7-m/libm.a(lib_a-s_atan.o)
 .rodata.atanlo
                0x080136a8       0x10 /home/laurence/ARM-GCC/gcc-arm-none-eabi-5_3-2016q1/bin/../lib/gcc/arm-none-eabi/5.3.1/../../../../arm-none-eabi/lib/armv7-m/libm.a(lib_a-sf_atan.o)
 .rodata.atanhi
                0x080136b8       0x10 /home/laurence/ARM-GCC/gcc-arm-none-eabi-5_3-2016q1/bin/../lib/gcc/arm-none-eabi/5.3.1/../../../../arm-none-eabi/lib/armv7-m/libm.a(lib_a-sf_atan.o)
 *(.glue_7)
 .glue_7        0x080136c8        0x0 linker stubs
 *(.glue_7t)
 .glue_7t       0x080136c8        0x0 linker stubs
 *(.init)
 .init          0x080136c8        0x4 /home/laurence/ARM-GCC/gcc-arm-none-eabi-5_3-2016q1/bin/../lib/gcc/arm-none-eabi/5.3.1/armv7-m/crti.o
                0x080136c8                _init
 .init          0x080136cc        0x8 /home/laurence/ARM-GCC/gcc-arm-none-eabi-5_3-2016q1/bin/../lib/gcc/arm-none-eabi/5.3.1/armv7-m/crtn.o
 *(.fini)
 .fini          0x080136d4        0x4 /home/laurence/ARM-GCC/gcc-arm-none-eabi-5_3-2016q1/bin/../lib/gcc/arm-none-eabi/5.3.1/armv7-m/crti.o
                0x080136d4                _fini
 .fini          0x080136d8        0x8 /home/laurence/ARM-GCC/gcc-arm-none-eabi-5_3-2016q1/bin/../lib/gcc/arm-none-eabi/5.3.1/armv7-m/crtn.o
                0x080136e0                . = ALIGN (0x4)
                0x080136e0                _etext = .
                0x080136e0                _sidata = _etext

.vfp11_veneer   0x080136e0        0x0
 .vfp11_veneer  0x080136e0        0x0 linker stubs

.v4_bx          0x080136e0        0x0
 .v4_bx         0x080136e0        0x0 linker stubs

.iplt           0x080136e0        0x0
 .iplt          0x080136e0        0x0 /home/laurence/ARM-GCC/gcc-arm-none-eabi-5_3-2016q1/bin/../lib/gcc/arm-none-eabi/5.3.1/armv7-m/crtbegin.o

.rel.dyn        0x080136e0        0x0
 .rel.iplt      0x080136e0        0x0 /home/laurence/ARM-GCC/gcc-arm-none-eabi-5_3-2016q1/bin/../lib/gcc/arm-none-eabi/5.3.1/armv7-m/crtbegin.o

.flashpatch     0x00000000        0x0
                0x00000000                . = ALIGN (0x4)
 *(.flashpatch)
                0x00000000                . = ALIGN (0x4)

.endflash       0x00000000        0x0
                0x00000000                . = ALIGN (0x4)
 *(.endflash)
                0x00000000                . = ALIGN (0x4)
                0x00000000                _e_endflash = .

.data           0x20000000      0xa30 load address 0x080136e0
                0x20000000                . = ALIGN (0x4)
                0x20000000                _sdata = .
                0x20000000                _data = .
 *(.data)
 .data          0x20000000        0x9 /tmp/ccNn1gH6.ltrans0.ltrans.o
                0x20000008                SP1ML_network_address
 *fill*         0x20000009        0x3 
 .data          0x2000000c       0x7c /tmp/ccNn1gH6.ltrans1.ltrans.o
                0x2000006c                pEpInt_OUT
 .data          0x20000088        0x1 /tmp/ccNn1gH6.ltrans3.ltrans.o
 *fill*         0x20000089        0x3 
 .data          0x2000008c       0x12 /tmp/ccNn1gH6.ltrans5.ltrans.o
                0x2000008c                Scsi_Sense_Data
 *fill*         0x2000009e        0x2 
 .data          0x200000a0       0x24 /tmp/ccNn1gH6.ltrans7.ltrans.o
 .data          0x200000c4        0x2 /tmp/ccNn1gH6.ltrans10.ltrans.o
 .data          0x200000c6        0x1 /tmp/ccNn1gH6.ltrans12.ltrans.o
                0x200000c6                rtc_correction
 *fill*         0x200000c7        0x1 
 .data          0x200000c8       0x76 /tmp/ccNn1gH6.ltrans13.ltrans.o
                0x200000c8                Device_Property
                0x200000fc                I2C_jobs
 *fill*         0x2000013e        0x2 
 .data          0x20000140       0x78 /tmp/ccNn1gH6.ltrans15.ltrans.o
                0x20000194                User_Standard_Requests
 .data          0x200001b8        0x1 /tmp/ccNn1gH6.ltrans16.ltrans.o
                0x200001b8                Stat.lto_priv.63
 *fill*         0x200001b9        0x3 
 .data          0x200001bc       0x20 /tmp/ccNn1gH6.ltrans17.ltrans.o
                0x200001bc                Device_Table
                0x200001c0                pEpInt_IN
 *(.data.*)
 .data.ADCPrescTable
                0x200001dc        0x4 lib/STM32F10x_StdPeriph_Driver/libstm32fw.a(stm32f10x_rcc.o)
 .data.APBAHBPrescTable
                0x200001e0       0x10 lib/STM32F10x_StdPeriph_Driver/libstm32fw.a(stm32f10x_rcc.o)
 .data.impure_data
                0x200001f0      0x428 /home/laurence/ARM-GCC/gcc-arm-none-eabi-5_3-2016q1/bin/../lib/gcc/arm-none-eabi/5.3.1/../../../../arm-none-eabi/lib/armv7-m/libg.a(lib_a-impure.o)
 .data._impure_ptr
                0x20000618        0x4 /home/laurence/ARM-GCC/gcc-arm-none-eabi-5_3-2016q1/bin/../lib/gcc/arm-none-eabi/5.3.1/../../../../arm-none-eabi/lib/armv7-m/libg.a(lib_a-impure.o)
                0x20000618                _impure_ptr
 .data.__fdlib_version
                0x2000061c        0x1 /home/laurence/ARM-GCC/gcc-arm-none-eabi-5_3-2016q1/bin/../lib/gcc/arm-none-eabi/5.3.1/../../../../arm-none-eabi/lib/armv7-m/libm.a(lib_a-s_lib_ver.o)
                0x2000061c                __fdlib_version
 *fill*         0x2000061d        0x3 
 .data.__malloc_av_
                0x20000620      0x408 /home/laurence/ARM-GCC/gcc-arm-none-eabi-5_3-2016q1/bin/../lib/gcc/arm-none-eabi/5.3.1/../../../../arm-none-eabi/lib/armv7-m/libg.a(lib_a-mallocr.o)
                0x20000620                __malloc_av_
 .data.__malloc_trim_threshold
                0x20000a28        0x4 /home/laurence/ARM-GCC/gcc-arm-none-eabi-5_3-2016q1/bin/../lib/gcc/arm-none-eabi/5.3.1/../../../../arm-none-eabi/lib/armv7-m/libg.a(lib_a-mallocr.o)
                0x20000a28                __malloc_trim_threshold
 .data.__malloc_sbrk_base
                0x20000a2c        0x4 /home/laurence/ARM-GCC/gcc-arm-none-eabi-5_3-2016q1/bin/../lib/gcc/arm-none-eabi/5.3.1/../../../../arm-none-eabi/lib/armv7-m/libg.a(lib_a-mallocr.o)
                0x20000a2c                __malloc_sbrk_base
 *(.RAMtext)
                0x20000a30                . = ALIGN (0x4)
                0x20000a30                _edata = .
                0x08014110                _eidata = (_sidata + (_edata - _sdata))
                0x08020000                _lastdataromaddress = (ORIGIN (FLASH) + LENGTH (FLASH))
                0x00000000                toobig = (_eidata > _lastdataromaddress)?!!!!!!!!! FLASH IS FULL !!!!!!!!!:0x0

.igot.plt       0x20000a30        0x0 load address 0x08014110
 .igot.plt      0x20000a30        0x0 /home/laurence/ARM-GCC/gcc-arm-none-eabi-5_3-2016q1/bin/../lib/gcc/arm-none-eabi/5.3.1/armv7-m/crtbegin.o

.bss            0x20000a30     0x1390 load address 0x08014110
                0x20000a30                . = ALIGN (0x4)
                0x20000a30                _sbss = .
                0x20000a30                _bss = .
 *(.bss)
 .bss           0x20000a30      0x6f8 /tmp/ccNn1gH6.ltrans0.ltrans.o
                0x20000e58                bootsource
                0x20000e5c                Millis
                0x20000e64                rputchar.lto_priv.89
                0x20000e68                Battery_Voltage
                0x20000ea4                file_opened
                0x20000ea8                PI_glob
                0x20000ec0                I_limits
                0x20000ecc                flashCodeEnabled
                0x20000ed8                GPS_telem
                0x20000ee4                flashCode
                0x20000ee9                SP1ML_state
                0x20000eed                System_state_Global
                0x20000eee                Shutdown_System
                0x20001124                FatFs.lto_priv.93
 .bss           0x20001128       0x18 /tmp/ccNn1gH6.ltrans1.ltrans.o
                0x20001130                SCSI_LBA
                0x20001134                SCSI_BlkLen
 .bss           0x20001140      0x391 /tmp/ccNn1gH6.ltrans3.ltrans.o
                0x20001140                Usart1_tx_buff
                0x2000120c                ECG_buffers
                0x2000128f                Enable.lto_priv.81
                0x200012d0                old_quality_mask.lto_priv.83
                0x200012d4                old_wct.lto_priv.82
                0x200012df                Gain.lto_priv.80
                0x200012e0                Completed_Jobs
                0x200012e4                IMU_buff
                0x20001384                LSM9DS1_Gyro_Buffer
                0x20001390                LSM9DS1_Acc_Buffer
                0x20001398                LSM9DS1_Mag_Buffer
                0x200013a6                I2C_failure
                0x20001468                Filtered_ECG
                0x2000147c                SP1ML_tx_rx_state
                0x20001488                SP1ML_tx_sequence_number
                0x2000148c                Usart3_rx_buff
                0x2000149c                RN42_tx_sequence_number
                0x200014a0                Usart1_rx_buff
                0x200014bc                Usart3_tx_buff
                0x200014cc                SP1ML_tx_bytes
                0x200014d0                SP1ML_withold
 *fill*         0x200014d1        0x3 
 .bss           0x200014d4       0x80 /tmp/ccNn1gH6.ltrans4.ltrans.o
 .bss           0x20001554       0x90 /tmp/ccNn1gH6.ltrans5.ltrans.o
                0x20001554                CBW
                0x20001574                Mass_Block_Count
                0x2000157c                Mass_Block_Size
                0x20001584                Data_Len
                0x2000158c                TransferState
                0x2000159c                Bulk_Data_Buff
                0x200015dc                Status
                0x200015e0                Data_Buffer
 .bss           0x200015e4        0xc /tmp/ccNn1gH6.ltrans7.ltrans.o
 .bss           0x200015f0        0x4 /tmp/ccNn1gH6.ltrans8.ltrans.o
 .bss           0x200015f4        0x2 /tmp/ccNn1gH6.ltrans11.ltrans.o
 *fill*         0x200015f6        0x2 
 .bss           0x200015f8      0x284 /tmp/ccNn1gH6.ltrans12.ltrans.o
                0x200015f8                FATFS_wavfile
                0x2000181c                Sd_Spi_Called_From_USB_MSC
                0x20001820                LSM9DS1_Mag_Offset
                0x20001828                Jobs
                0x2000182c                I2C1error
                0x20001830                Gps_Buffer
                0x2000183c                wct.lto_priv.68
                0x2000183e                channel_wct_conf.lto_priv.67
                0x2000183f                ADS1298_Error_Status
                0x20001848                Gps
                0x2000187b                read_transaction.lto_priv.66
 .bss           0x2000187c       0x1d /tmp/ccNn1gH6.ltrans13.ltrans.o
                0x2000187c                wIstr
                0x20001880                bDeviceState
                0x20001888                Timer1.lto_priv.90
 *fill*         0x20001899        0x3 
 .bss           0x2000189c      0x469 /tmp/ccNn1gH6.ltrans14.ltrans.o
                0x2000189c                print_string
                0x200018bc                FATFS_wavfile_gps
                0x20001ae0                FATFS_wavfile_imu
                0x20001d04                CurrVol.lto_priv.92
 *fill*         0x20001d05        0x3 
 .bss           0x20001d08        0x6 /tmp/ccNn1gH6.ltrans15.ltrans.o
                0x20001d08                Max_Lun
 *fill*         0x20001d0e        0x2 
 .bss           0x20001d10       0x20 /tmp/ccNn1gH6.ltrans16.ltrans.o
                0x20001d10                CardType.lto_priv.65
                0x20001d14                CSW
                0x20001d24                Bot_State
                0x20001d2c                Timer2.lto_priv.87
 .bss           0x20001d30       0x14 /tmp/ccNn1gH6.ltrans17.ltrans.o
 *(.bss.*)
 .bss.Data_Mul_MaxPacketSize
                0x20001d44        0x1 lib/STM32_USB-FS-Device_Driver/libstm32usb.a(usb_core.o)
                0x20001d44                Data_Mul_MaxPacketSize
 *fill*         0x20001d45        0x3 
 .bss.__malloc_max_total_mem
                0x20001d48        0x4 /home/laurence/ARM-GCC/gcc-arm-none-eabi-5_3-2016q1/bin/../lib/gcc/arm-none-eabi/5.3.1/../../../../arm-none-eabi/lib/armv7-m/libg.a(lib_a-mallocr.o)
                0x20001d48                __malloc_max_total_mem
 .bss.__malloc_max_sbrked_mem