Archive member included because of file (symbol)

lib/STM32F10x_StdPeriph_Driver/libstm32fw.a(misc.o)
                              interrupts.o (symbol from plugin) (NVIC_PriorityGroupConfig)
lib/STM32F10x_StdPeriph_Driver/libstm32fw.a(stm32f10x_adc.o)
                              adc.o (symbol from plugin) (ADC_DeInit)
lib/STM32F10x_StdPeriph_Driver/libstm32fw.a(stm32f10x_bkp.o)
                              Util/fat_fs/src/rtc.o (symbol from plugin) (BKP_DeInit)
lib/STM32F10x_StdPeriph_Driver/libstm32fw.a(stm32f10x_dbgmcu.o)
                              main.o (symbol from plugin) (DBGMCU_Config)
lib/STM32F10x_StdPeriph_Driver/libstm32fw.a(stm32f10x_dma.o)
                              Util/fat_fs/src/sd_spi_stm32.o (symbol from plugin) (DMA_DeInit)
lib/STM32F10x_StdPeriph_Driver/libstm32fw.a(stm32f10x_exti.o)
                              interrupts.o (symbol from plugin) (EXTI_DeInit)
lib/STM32F10x_StdPeriph_Driver/libstm32fw.a(stm32f10x_gpio.o)
                              Util/fat_fs/src/sd_spi_stm32.o (symbol from plugin) (GPIO_Init)
lib/STM32F10x_StdPeriph_Driver/libstm32fw.a(stm32f10x_i2c.o)
                              i2c_int.o (symbol from plugin) (I2C_DeInit)
lib/STM32F10x_StdPeriph_Driver/libstm32fw.a(stm32f10x_iwdg.o)
                              watchdog.o (symbol from plugin) (IWDG_WriteAccessCmd)
lib/STM32F10x_StdPeriph_Driver/libstm32fw.a(stm32f10x_pwr.o)
                              pwr.o (symbol from plugin) (PWR_DeInit)
lib/STM32F10x_StdPeriph_Driver/libstm32fw.a(stm32f10x_rcc.o)
                              interrupts.o (symbol from plugin) (RCC_HCLKConfig)
lib/STM32F10x_StdPeriph_Driver/libstm32fw.a(stm32f10x_rtc.o)
                              Util/fat_fs/src/rtc.o (symbol from plugin) (RTC_GetCounter)
lib/STM32F10x_StdPeriph_Driver/libstm32fw.a(stm32f10x_spi.o)
                              Util/fat_fs/src/sd_spi_stm32.o (symbol from plugin) (SPI_I2S_DeInit)
lib/STM32F10x_StdPeriph_Driver/libstm32fw.a(stm32f10x_tim.o)
                              timer.o (symbol from plugin) (TIM_DeInit)
lib/STM32F10x_StdPeriph_Driver/libstm32fw.a(stm32f10x_usart.o)
                              Util/rn42_command.o (symbol from plugin) (USART_DeInit)
lib/STM32_USB-FS-Device_Driver/libstm32usb.a(usb_core.o)
                              Util/USB/usb_prop.o (symbol from plugin) (Standard_GetDescriptorData)
lib/STM32_USB-FS-Device_Driver/libstm32usb.a(usb_init.o)
                              main.o (symbol from plugin) (USB_Init)
lib/STM32_USB-FS-Device_Driver/libstm32usb.a(usb_int.o)
                              Util/USB/usb_istr.o (symbol from plugin) (CTR_LP)
lib/STM32_USB-FS-Device_Driver/libstm32usb.a(usb_mem.o)
                              lib/STM32_USB-FS-Device_Driver/libstm32usb.a(usb_core.o) (UserToPMABufferCopy)
lib/STM32_USB-FS-Device_Driver/libstm32usb.a(usb_regs.o)
                              Util/USB/usb_prop.o (symbol from plugin) (SetBTABLE)
lib/STM32_USB-FS-Device_Driver/libstm32usb.a(usb_sil.o)
                              Util/USB/usb_prop.o (symbol from plugin) (USB_SIL_Init)
/home/laurence/ARM-GCC/bin/../lib/gcc/arm-none-eabi/4.7.4/../../../../arm-none-eabi/lib/armv7-m/libc.a(lib_a-__atexit.o)
                              /home/laurence/ARM-GCC/bin/../lib/gcc/arm-none-eabi/4.7.4/../../../../arm-none-eabi/lib/armv7-m/crt0.o (__register_exitproc)
/home/laurence/ARM-GCC/bin/../lib/gcc/arm-none-eabi/4.7.4/../../../../arm-none-eabi/lib/armv7-m/libc.a(lib_a-exit.o)
                              /home/laurence/ARM-GCC/bin/../lib/gcc/arm-none-eabi/4.7.4/../../../../arm-none-eabi/lib/armv7-m/crt0.o (exit)
/home/laurence/ARM-GCC/bin/../lib/gcc/arm-none-eabi/4.7.4/../../../../arm-none-eabi/lib/armv7-m/libc.a(lib_a-fini.o)
                              /home/laurence/ARM-GCC/bin/../lib/gcc/arm-none-eabi/4.7.4/../../../../arm-none-eabi/lib/armv7-m/crt0.o (__libc_fini_array)
/home/laurence/ARM-GCC/bin/../lib/gcc/arm-none-eabi/4.7.4/../../../../arm-none-eabi/lib/armv7-m/libc.a(lib_a-impure.o)
                              /home/laurence/ARM-GCC/bin/../lib/gcc/arm-none-eabi/4.7.4/../../../../arm-none-eabi/lib/armv7-m/libc.a(lib_a-__atexit.o) (_global_impure_ptr)
/home/laurence/ARM-GCC/bin/../lib/gcc/arm-none-eabi/4.7.4/../../../../arm-none-eabi/lib/armv7-m/libc.a(lib_a-init.o)
                              /home/laurence/ARM-GCC/bin/../lib/gcc/arm-none-eabi/4.7.4/../../../../arm-none-eabi/lib/armv7-m/crt0.o (__libc_init_array)
/home/laurence/ARM-GCC/bin/../lib/gcc/arm-none-eabi/4.7.4/../../../../arm-none-eabi/lib/armv7-m/libc.a(lib_a-memset.o)
                              /home/laurence/ARM-GCC/bin/../lib/gcc/arm-none-eabi/4.7.4/../../../../arm-none-eabi/lib/armv7-m/crt0.o (memset)
/home/laurence/ARM-GCC/bin/../lib/gcc/arm-none-eabi/4.7.4/../../../../arm-none-eabi/lib/armv7-m/libc.a(lib_a-rand.o)
                              Util/sp1ml_command.o (symbol from plugin) (srand)
[...]
Memory Configuration

Name             Origin             Length             Attributes
RAM              0x20000000         0x00005000         xrw
FLASH            0x08000000         0x00020000         xr
FLASHB1          0x00000000         0x00000000         xr
EXTMEMB0         0x00000000         0x00000000         xr
EXTMEMB1         0x00000000         0x00000000         xr
EXTMEMB2         0x00000000         0x00000000         xr
EXTMEMB3         0x00000000         0x00000000         xr
STARTFLASH       0x00000000         0xffffffff
CRPPATCH         0x00000000         0xffffffff
FLASHPATCH       0x00000000         0xffffffff
ENDFLASH         0x00000000         0xffffffff
*default*        0x00000000         0xffffffff

Linker script and memory map

LOAD /home/laurence/ARM-GCC/bin/../lib/gcc/arm-none-eabi/4.7.4/armv7-m/crti.o
LOAD /home/laurence/ARM-GCC/bin/../lib/gcc/arm-none-eabi/4.7.4/armv7-m/crtbegin.o
LOAD /home/laurence/ARM-GCC/bin/../lib/gcc/arm-none-eabi/4.7.4/../../../../arm-none-eabi/lib/armv7-m/crt0.o
LOAD Util/USB/hw_config.o
LOAD /tmp/ccWTX9NF.ltrans0.ltrans.o
LOAD /tmp/ccWTX9NF.ltrans1.ltrans.o
LOAD /tmp/ccWTX9NF.ltrans2.ltrans.o
LOAD /tmp/ccWTX9NF.ltrans3.ltrans.o
LOAD /tmp/ccWTX9NF.ltrans4.ltrans.o
LOAD /tmp/ccWTX9NF.ltrans5.ltrans.o
LOAD /tmp/ccWTX9NF.ltrans6.ltrans.o
LOAD /tmp/ccWTX9NF.ltrans7.ltrans.o
LOAD /tmp/ccWTX9NF.ltrans8.ltrans.o
LOAD /tmp/ccWTX9NF.ltrans9.ltrans.o
LOAD /tmp/ccWTX9NF.ltrans10.ltrans.o
LOAD /home/laurence/ARM-GCC/bin/../lib/gcc/arm-none-eabi/4.7.4/armv7-m/libgcc.a
LOAD /home/laurence/ARM-GCC/bin/../lib/gcc/arm-none-eabi/4.7.4/../../../../arm-none-eabi/lib/armv7-m/libc.a
LOAD Util/USB/mass_mal.o
LOAD Util/USB/memory.o
LOAD Util/USB/scsi_data.o
LOAD Util/USB/usb_bot.o
LOAD Util/USB/usb_desc.o
LOAD Util/USB/usb_endp.o
LOAD Util/USB/usb_istr.o
LOAD Util/USB/usb_prop.o
LOAD Util/USB/usb_pwr.o
LOAD Util/USB/usb_scsi.o
LOAD Util/buffer.o
LOAD Util/data_alignment.o
LOAD Util/dcm_attitude.o
LOAD Util/delay.o
LOAD Util/fat_fs/option/ccsbcs.o
LOAD Util/fat_fs/src/fattime.o
LOAD Util/fat_fs/src/ff.o
LOAD Util/fat_fs/src/rtc.o
LOAD Util/fat_fs/src/sd_spi_stm32.o
LOAD Util/filter.o
LOAD Util/load_setting.o
LOAD Util/rn42_command.o
LOAD Util/rn42_conf.o
LOAD Util/rprintf.o
LOAD Util/rtc_correct.o
LOAD Util/sp1ml_command.o
LOAD Util/wave.o
LOAD adc.o
LOAD bootload.o
LOAD dma.o
LOAD gpio.o
LOAD i2c_int.o
LOAD interrupts.o
LOAD lib/CMSIS_CM3/core_cm3.o
LOAD lib/CMSIS_CM3/startup/gcc/startup_stm32f10x_md.o
LOAD lib/CMSIS_CM3/system_stm32f10x.o
LOAD main.o
LOAD pwr.o
LOAD timer.o
LOAD usart.o
LOAD watchdog.o
LOAD Sensors/ads1298.o
LOAD Sensors/lsm9ds1.o
LOAD Sensors/ubx.o
LOAD lib/STM32F10x_StdPeriph_Driver/libstm32fw.a
LOAD lib/STM32_USB-FS-Device_Driver/libstm32usb.a
LOAD /home/laurence/ARM-GCC/bin/../lib/gcc/arm-none-eabi/4.7.4/../../../../arm-none-eabi/lib/armv7-m/libm.a
LOAD /home/laurence/ARM-GCC/bin/../lib/gcc/arm-none-eabi/4.7.4/../../../../arm-none-eabi/lib/armv7-m/libnosys.a
START GROUP
LOAD /home/laurence/ARM-GCC/bin/../lib/gcc/arm-none-eabi/4.7.4/armv7-m/libgcc.a
LOAD /home/laurence/ARM-GCC/bin/../lib/gcc/arm-none-eabi/4.7.4/../../../../arm-none-eabi/lib/armv7-m/libc.a
END GROUP
LOAD /home/laurence/ARM-GCC/bin/../lib/gcc/arm-none-eabi/4.7.4/armv7-m/crtend.o
LOAD /home/laurence/ARM-GCC/bin/../lib/gcc/arm-none-eabi/4.7.4/armv7-m/crtn.o
                0x00002000                __Stack_Size = 0x2000
                0x00002000                PROVIDE (_Stack_Size, __Stack_Size)
                0x20003000                __Stack_Init = (_estack - __Stack_Size)
                0x20003000                PROVIDE (_Stack_Init, __Stack_Init)
                0x00002000                _Minimum_Stack_Size = 0x2000
                0x00000000                PROVIDE (Undefined_Handler, 0x0)
                0x00000000                PROVIDE (SWI_Handler, 0x0)
                0x00000000                PROVIDE (IRQ_Handler, 0x0)
                0x00000000                PROVIDE (Prefetch_Handler, 0x0)
                0x00000000                PROVIDE (Abort_Handler, 0x0)
                0x00000000                PROVIDE (FIQ_Handler, 0x0)
                0x00000000                PROVIDE (NMIException, 0x0)
                0x00000000                PROVIDE (NMI_Handler, 0x0)
                0x00000000                PROVIDE (HardFaultException, 0x0)
                0x00000000                PROVIDE (HardFault_Handler, 0x0)
                0x00000000                PROVIDE (MemManageException, 0x0)
                0x00000000                PROVIDE (MemManage_Handler, 0x0)
                0x00000000                PROVIDE (BusFaultException, 0x0)
                0x00000000                PROVIDE (BusFault_Handler, 0x0)
                0x00000000                PROVIDE (UsageFaultException, 0x0)
                0x00000000                PROVIDE (UsageFault_Handler, 0x0)
                0x00000000                PROVIDE (SVCHandler, 0x0)
                0x00000000                PROVIDE (SVC_Handler, 0x0)
                0x00000000                PROVIDE (DebugMonitor, 0x0)
                0x00000000                PROVIDE (DebugMon_Handler, 0x0)
                0x00000000                PROVIDE (PendSVC, 0x0)
                0x00000000                PROVIDE (PendSV_Handler, 0x0)
                0x00000000                PROVIDE (SysTickHandler, 0x0)
                0x00000000                PROVIDE (SysTick_Handler, 0x0)
                0x00000000                PROVIDE (WWDG_IRQHandler, 0x0)
                0x00000000                PROVIDE (PVD_IRQHandler, 0x0)
                0x00000000                PROVIDE (TAMPER_IRQHandler, 0x0)
                0x00000000                PROVIDE (RTC_IRQHandler, 0x0)
                0x00000000                PROVIDE (FLASH_IRQHandler, 0x0)
                0x00000000                PROVIDE (RCC_IRQHandler, 0x0)
                0x00000000                PROVIDE (EXTI0_IRQHandler, 0x0)
                0x00000000                PROVIDE (EXTI1_IRQHandler, 0x0)
                0x00000000                PROVIDE (EXTI2_IRQHandler, 0x0)
                0x00000000                PROVIDE (EXTI3_IRQHandler, 0x0)
                0x00000000                PROVIDE (EXTI4_IRQHandler, 0x0)
                0x00000000                PROVIDE (DMAChannel1_IRQHandler, 0x0)
                0x00000000                PROVIDE (DMAChannel2_IRQHandler, 0x0)
                0x00000000                PROVIDE (DMAChannel3_IRQHandler, 0x0)
                0x00000000                PROVIDE (DMAChannel4_IRQHandler, 0x0)
                0x00000000                PROVIDE (DMAChannel5_IRQHandler, 0x0)
                0x00000000                PROVIDE (DMAChannel6_IRQHandler, 0x0)
                0x00000000                PROVIDE (DMAChannel7_IRQHandler, 0x0)
                0x00000000                PROVIDE (DMA1_Channel1_IRQHandler, 0x0)
                0x00000000                PROVIDE (DMA1_Channel2_IRQHandler, 0x0)
                0x00000000                PROVIDE (DMA1_Channel3_IRQHandler, 0x0)
                0x00000000                PROVIDE (DMA1_Channel4_IRQHandler, 0x0)
                0x00000000                PROVIDE (DMA1_Channel5_IRQHandler, 0x0)
                0x00000000                PROVIDE (DMA1_Channel6_IRQHandler, 0x0)
                0x00000000                PROVIDE (DMA1_Channel7_IRQHandler, 0x0)
                0x00000000                PROVIDE (ADC_IRQHandler, 0x0)
                0x00000000                PROVIDE (ADC1_2_IRQHandler, 0x0)
                0x00000000                PROVIDE (USB_HP_CAN_TX_IRQHandler, 0x0)
                0x00000000                PROVIDE (USB_HP_CAN1_TX_IRQHandler, 0x0)
                0x00000000                PROVIDE (USB_LP_CAN_RX0_IRQHandler, 0x0)
                0x00000000                PROVIDE (USB_LP_CAN1_RX0_IRQHandler, 0x0)
                0x00000000                PROVIDE (CAN_RX1_IRQHandler, 0x0)
                0x00000000                PROVIDE (CAN1_RX1_IRQHandler, 0x0)
                0x00000000                PROVIDE (CAN_SCE_IRQHandler, 0x0)
                0x00000000                PROVIDE (CAN1_SCE_IRQHandler, 0x0)
                0x00000000                PROVIDE (EXTI9_5_IRQHandler, 0x0)
                0x00000000                PROVIDE (TIM1_BRK_IRQHandler, 0x0)
                0x00000000                PROVIDE (TIM1_UP_IRQHandler, 0x0)
                0x00000000                PROVIDE (TIM1_TRG_COM_IRQHandler, 0x0)
                0x00000000                PROVIDE (TIM1_CC_IRQHandler, 0x0)
                0x00000000                PROVIDE (TIM2_IRQHandler, 0x0)
                0x00000000                PROVIDE (TIM3_IRQHandler, 0x0)
                0x00000000                PROVIDE (TIM4_IRQHandler, 0x0)
                0x00000000                PROVIDE (I2C1_EV_IRQHandler, 0x0)
                0x00000000                PROVIDE (I2C1_ER_IRQHandler, 0x0)
                0x00000000                PROVIDE (I2C2_EV_IRQHandler, 0x0)
                0x00000000                PROVIDE (I2C2_ER_IRQHandler, 0x0)
                0x00000000                PROVIDE (SPI1_IRQHandler, 0x0)
                0x00000000                PROVIDE (SPI2_IRQHandler, 0x0)
                0x00000000                PROVIDE (USART1_IRQHandler, 0x0)
                0x00000000                PROVIDE (USART2_IRQHandler, 0x0)
                0x00000000                PROVIDE (USART3_IRQHandler, 0x0)
                0x00000000                PROVIDE (EXTI15_10_IRQHandler, 0x0)
                0x00000000                PROVIDE (RTCAlarm_IRQHandler, 0x0)
                0x00000000                PROVIDE (USBWakeUp_IRQHandler, 0x0)
                0x00000000                PROVIDE (TIM8_BRK_IRQHandler, 0x0)
                0x00000000                PROVIDE (TIM8_UP_IRQHandler, 0x0)
                0x00000000                PROVIDE (TIM8_TRG_COM_IRQHandler, 0x0)
                0x00000000                PROVIDE (TIM8_CC_IRQHandler, 0x0)
                0x00000000                PROVIDE (ADC3_IRQHandler, 0x0)
                0x00000000                PROVIDE (FSMC_IRQHandler, 0x0)
                0x00000000                PROVIDE (SDIO_IRQHandler, 0x0)
                0x00000000                PROVIDE (TIM5_IRQHandler, 0x0)
                0x00000000                PROVIDE (SPI3_IRQHandler, 0x0)
                0x00000000                PROVIDE (UART4_IRQHandler, 0x0)
                0x00000000                PROVIDE (UART5_IRQHandler, 0x0)
                0x00000000                PROVIDE (TIM6_IRQHandler, 0x0)
                0x00000000                PROVIDE (TIM7_IRQHandler, 0x0)
                0x00000000                PROVIDE (DMA2_Channel1_IRQHandler, 0x0)
                0x00000000                PROVIDE (DMA2_Channel2_IRQHandler, 0x0)
                0x00000000                PROVIDE (DMA2_Channel3_IRQHandler, 0x0)
                0x00000000                PROVIDE (DMA2_Channel4_5_IRQHandler, 0x0)
                0x42000000                PERIPH_BB_BASE = 0x42000000
                0x22000000                SRAM_BB_BASE = 0x22000000
                0x20000000                SRAM_BASE = 0x20000000
                0x40000000                PERIPH_BASE = 0x40000000
                0x40022000                PROVIDE (FLASH_BASE, 0x40022000)
                0x1ffff800                PROVIDE (OB_BASE, 0x1ffff800)
                0x40000000                APB1PERIPH_BASE = PERIPH_BASE
                0x40010000                APB2PERIPH_BASE = (PERIPH_BASE + 0x10000)
                0x40020000                AHBPERIPH_BASE = (PERIPH_BASE + 0x20000)
                0x40000000                PROVIDE (TIM2, (APB1PERIPH_BASE + 0x0))
                0x40000400                PROVIDE (TIM3, (APB1PERIPH_BASE + 0x400))
                0x40000800                PROVIDE (TIM4, (APB1PERIPH_BASE + 0x800))
                0x40002800                PROVIDE (RTC, (APB1PERIPH_BASE + 0x2800))
                0x40002c00                PROVIDE (WWDG, (APB1PERIPH_BASE + 0x2c00))
                0x40003000                PROVIDE (IWDG, (APB1PERIPH_BASE + 0x3000))
                0x40003800                PROVIDE (SPI2, (APB1PERIPH_BASE + 0x3800))
                0x40004400                PROVIDE (USART2, (APB1PERIPH_BASE + 0x4400))
                0x40004800                PROVIDE (USART3, (APB1PERIPH_BASE + 0x4800))
                0x40005400                PROVIDE (I2C1, (APB1PERIPH_BASE + 0x5400))
                0x40005800                PROVIDE (I2C2, (APB1PERIPH_BASE + 0x5800))
                0x40006400                PROVIDE (CAN, (APB1PERIPH_BASE + 0x6400))
                0x40006c00                PROVIDE (BKP, (APB1PERIPH_BASE + 0x6c00))
                0x40007000                PROVIDE (PWR, (APB1PERIPH_BASE + 0x7000))
                0x40010000                PROVIDE (AFIO, (APB2PERIPH_BASE + 0x0))
                0x40010400                PROVIDE (EXTI, (APB2PERIPH_BASE + 0x400))
                0x40010800                PROVIDE (GPIOA, (APB2PERIPH_BASE + 0x800))
                0x40010c00                PROVIDE (GPIOB, (APB2PERIPH_BASE + 0xc00))
                0x40011000                PROVIDE (GPIOC, (APB2PERIPH_BASE + 0x1000))
                0x40011400                PROVIDE (GPIOD, (APB2PERIPH_BASE + 0x1400))
                0x40011800                PROVIDE (GPIOE, (APB2PERIPH_BASE + 0x1800))
                0x40012400                PROVIDE (ADC1, (APB2PERIPH_BASE + 0x2400))
                0x40012800                PROVIDE (ADC2, (APB2PERIPH_BASE + 0x2800))
                0x40012c00                PROVIDE (TIM1, (APB2PERIPH_BASE + 0x2c00))
                0x40013000                PROVIDE (SPI1, (APB2PERIPH_BASE + 0x3000))
                0x40013800                PROVIDE (USART1, (APB2PERIPH_BASE + 0x3800))
                0x40020000                PROVIDE (DMA, (AHBPERIPH_BASE + 0x0))
                0x40020008                PROVIDE (DMA_Channel1, (AHBPERIPH_BASE + 0x8))
                0x4002001c                PROVIDE (DMA_Channel2, (AHBPERIPH_BASE + 0x1c))
                0x40020030                PROVIDE (DMA_Channel3, (AHBPERIPH_BASE + 0x30))
                0x40020044                PROVIDE (DMA_Channel4, (AHBPERIPH_BASE + 0x44))
                0x40020058                PROVIDE (DMA_Channel5, (AHBPERIPH_BASE + 0x58))
                0x4002006c                PROVIDE (DMA_Channel6, (AHBPERIPH_BASE + 0x6c))
                0x40020080                PROVIDE (DMA_Channel7, (AHBPERIPH_BASE + 0x80))
                0x40021000                PROVIDE (RCC, (AHBPERIPH_BASE + 0x1000))
                0xe000e000                SCS_BASE = 0xe000e000
                0xe000e010                PROVIDE (SysTick, (SCS_BASE + 0x10))
                0xe000e100                PROVIDE (NVIC, (SCS_BASE + 0x100))
                0xe000ed00                PROVIDE (SCB, (SCS_BASE + 0xd00))
                0x20005000                PROVIDE (_estack, (ORIGIN (RAM) + 0x5000))

.isr_vector     0x08000000      0x10c
                0x08000000                . = ALIGN (0x4)
 *(.isr_vector)
 .isr_vector    0x08000000      0x10c lib/CMSIS_CM3/startup/gcc/startup_stm32f10x_md.o
                0x08000000                g_pfnVectors
                0x0800010c                . = ALIGN (0x4)

.flash_start    0x00000000        0x0
                0x00000000                . = ALIGN (0x4)
 *(.flash_start)
 *(.flash_start.*)
                0x00000000                . = ALIGN (0x4)

.crp_patch      0x00000000        0x0
                0x00000000                . = ALIGN (0x4)
 *(.crp_patch)
                0x00000000                . = ALIGN (0x4)

.flashtext      0x0800010c        0x0
                0x0800010c                . = ALIGN (0x4)
 *(.flashtext)
                0x0800010c                . = ALIGN (0x4)

.text           0x08000110     0xf2f0
                0x08000110                . = ALIGN (0x4)
 *(.text)
 .text          0x08000110      0x370 /home/laurence/ARM-GCC/bin/../lib/gcc/arm-none-eabi/4.7.4/armv7-m/libgcc.a(_arm_addsubdf3.o)
                0x08000110                __aeabi_drsub
                0x08000118                __aeabi_dsub
                0x08000118                __subdf3
                0x0800011c                __adddf3
                0x0800011c                __aeabi_dadd
                0x08000394                __aeabi_ui2d
                0x08000394                __floatunsidf
                0x080003b4                __floatsidf
                0x080003b4                __aeabi_i2d
                0x080003d8                __extendsfdf2
                0x080003d8                __aeabi_f2d
                0x08000414                __aeabi_ul2d
                0x08000414                __floatundidf
                0x08000424                __floatdidf
                0x08000424                __aeabi_l2d
 .text          0x08000480      0x424 /home/laurence/ARM-GCC/bin/../lib/gcc/arm-none-eabi/4.7.4/armv7-m/libgcc.a(_arm_muldivdf3.o)
                0x08000480                __aeabi_dmul
                0x08000480                __muldf3
                0x080006d4                __aeabi_ddiv
                0x080006d4                __divdf3
 .text          0x080008a4      0x110 /home/laurence/ARM-GCC/bin/../lib/gcc/arm-none-eabi/4.7.4/armv7-m/libgcc.a(_arm_cmpdf2.o)
                0x080008a4                __gtdf2
                0x080008a4                __gedf2
                0x080008ac                __ltdf2
                0x080008ac                __ledf2
                0x080008b4                __cmpdf2
                0x080008b4                __eqdf2
                0x080008b4                __nedf2
                0x08000930                __aeabi_cdrcmple
                0x08000940                __aeabi_cdcmple
                0x08000940                __aeabi_cdcmpeq
                0x08000950                __aeabi_dcmpeq
                0x08000964                __aeabi_dcmplt
                0x08000978                __aeabi_dcmple
                0x0800098c                __aeabi_dcmpge
                0x080009a0                __aeabi_dcmpgt
 .text          0x080009b4       0x50 /home/laurence/ARM-GCC/bin/../lib/gcc/arm-none-eabi/4.7.4/armv7-m/libgcc.a(_arm_fixdfsi.o)
                0x080009b4                __fixdfsi
                0x080009b4                __aeabi_d2iz
 .text          0x08000a04       0xa0 /home/laurence/ARM-GCC/bin/../lib/gcc/arm-none-eabi/4.7.4/armv7-m/libgcc.a(_arm_truncdfsf2.o)
                0x08000a04                __aeabi_d2f
                0x08000a04                __truncdfsf2
 .text          0x08000aa4      0x21c /home/laurence/ARM-GCC/bin/../lib/gcc/arm-none-eabi/4.7.4/armv7-m/libgcc.a(_arm_addsubsf3.o)
                0x08000aa4                __aeabi_frsub
                0x08000aac                __subsf3
                0x08000aac                __aeabi_fsub
                0x08000ab0                __aeabi_fadd
                0x08000ab0                __addsf3
                0x08000c10                __aeabi_ui2f
                0x08000c10                __floatunsisf
                0x08000c18                __aeabi_i2f
                0x08000c18                __floatsisf
                0x08000c34                __floatundisf
                0x08000c34                __aeabi_ul2f
                0x08000c44                __floatdisf
                0x08000c44                __aeabi_l2f
 .text          0x08000cc0      0x2a0 /home/laurence/ARM-GCC/bin/../lib/gcc/arm-none-eabi/4.7.4/armv7-m/libgcc.a(_arm_muldivsf3.o)
                0x08000cc0                __mulsf3
                0x08000cc0                __aeabi_fmul
                0x08000e28                __divsf3
                0x08000e28                __aeabi_fdiv
 .text          0x08000f60       0xec /home/laurence/ARM-GCC/bin/../lib/gcc/arm-none-eabi/4.7.4/armv7-m/libgcc.a(_arm_cmpsf2.o)
                0x08000f60                __gtsf2
                0x08000f60                __gesf2
                0x08000f68                __lesf2
                0x08000f68                __ltsf2
                0x08000f70                __nesf2
                0x08000f70                __eqsf2
                0x08000f70                __cmpsf2
                0x08000fd0                __aeabi_cfrcmple
                0x08000fd8                __aeabi_cfcmple
                0x08000fd8                __aeabi_cfcmpeq
                0x08000fe8                __aeabi_fcmpeq
                0x08000ffc                __aeabi_fcmplt
                0x08001010                __aeabi_fcmple
                0x08001024                __aeabi_fcmpge
                0x08001038                __aeabi_fcmpgt
 .text          0x0800104c       0x4c /home/laurence/ARM-GCC/bin/../lib/gcc/arm-none-eabi/4.7.4/armv7-m/libgcc.a(_arm_fixsfsi.o)
                0x0800104c                __fixsfsi
                0x0800104c                __aeabi_f2iz
 .text          0x08001098       0x40 /home/laurence/ARM-GCC/bin/../lib/gcc/arm-none-eabi/4.7.4/armv7-m/libgcc.a(_arm_fixunssfsi.o)
                0x08001098                __aeabi_f2uiz
                0x08001098                __fixunssfsi
 *(.text.*)
 .text.startup.main
                0x080010d8     0x2098 /tmp/ccWTX9NF.ltrans0.ltrans.o
                0x080010d8                main
 .text.atoiRamRom.4245
                0x08003170       0x20 /tmp/ccWTX9NF.ltrans1.ltrans.o
 .text.rprintfChar.4248
                0x08003190       0x1c /tmp/ccWTX9NF.ltrans1.ltrans.o
 .text.Get_Max_Lun
                0x080031ac       0x18 /tmp/ccWTX9NF.ltrans1.ltrans.o
                0x080031ac                Get_Max_Lun
 .text.MASS_Get_Interface_Setting
                0x080031c4        0xc /tmp/ccWTX9NF.ltrans1.ltrans.o
                0x080031c4                MASS_Get_Interface_Setting
 .text.MASS_Status_Out
                0x080031d0        0x2 /tmp/ccWTX9NF.ltrans1.ltrans.o
                0x080031d0                MASS_Status_Out
 .text.MASS_Status_In
                0x080031d2        0x2 /tmp/ccWTX9NF.ltrans1.ltrans.o
                0x080031d2                MASS_Status_In
 .text.Mass_Storage_SetDeviceAddress
                0x080031d4        0xc /tmp/ccWTX9NF.ltrans1.ltrans.o
                0x080031d4                Mass_Storage_SetDeviceAddress
 .text.Resume_Init.4130
                0x080031e0       0x54 /tmp/ccWTX9NF.ltrans1.ltrans.o
 .text.stm32_dma_transfer.5386.4084
                0x08003234       0xc8 /tmp/ccWTX9NF.ltrans1.ltrans.o
 .text.MASS_Reset
                0x080032fc       0xf0 /tmp/ccWTX9NF.ltrans1.ltrans.o
                0x080032fc                MASS_Reset
 .text.__gps_send_char.4152
                0x080033ec       0x1c /tmp/ccWTX9NF.ltrans1.ltrans.o
 .text.Mass_Storage_SetConfiguration
                0x08003408       0x30 /tmp/ccWTX9NF.ltrans1.ltrans.o
                0x08003408                Mass_Storage_SetConfiguration
 .text.MASS_NoData_Setup
                0x08003438       0x4c /tmp/ccWTX9NF.ltrans1.ltrans.o
                0x08003438                MASS_NoData_Setup
 .text.MASS_GetDeviceDescriptor
                0x08003484        0xc /tmp/ccWTX9NF.ltrans1.ltrans.o
                0x08003484                MASS_GetDeviceDescriptor
 .text.MASS_GetConfigDescriptor
                0x08003490        0xc /tmp/ccWTX9NF.ltrans1.ltrans.o
                0x08003490                MASS_GetConfigDescriptor
 .text.MASS_GetStringDescriptor
                0x0800349c       0x20 /tmp/ccWTX9NF.ltrans1.ltrans.o
                0x0800349c                MASS_GetStringDescriptor
 .text.ads1298_spi_dma_transaction
                0x080034bc       0xe4 /tmp/ccWTX9NF.ltrans1.ltrans.o
                0x080034bc                ads1298_spi_dma_transaction
 .text.power_on.5377
                0x080035a0       0xec /tmp/ccWTX9NF.ltrans1.ltrans.o
                0x080035a0                power_on.5377
 .text.stm32_spi_rw.5379
                0x0800368c       0x24 /tmp/ccWTX9NF.ltrans1.ltrans.o
                0x0800368c                stm32_spi_rw.5379
 .text.rcvr_spi.5382
                0x080036b0        0x6 /tmp/ccWTX9NF.ltrans1.ltrans.o
                0x080036b0                rcvr_spi.5382
 *fill*         0x080036b6        0x2 00
 .text.rcvr_datablock
                0x080036b8       0x54 /tmp/ccWTX9NF.ltrans1.ltrans.o
                0x080036b8                rcvr_datablock
 .text.xmit_datablock.part.1.5391
                0x0800370c       0x2c /tmp/ccWTX9NF.ltrans1.ltrans.o
                0x0800370c                xmit_datablock.part.1.5391
 .text.release_spi
                0x08003738       0x18 /tmp/ccWTX9NF.ltrans1.ltrans.o
                0x08003738                release_spi
 .text.wait_ready.5384
                0x08003750       0x24 /tmp/ccWTX9NF.ltrans1.ltrans.o
                0x08003750                wait_ready.5384
 .text.send_cmd
                0x08003774       0x8c /tmp/ccWTX9NF.ltrans1.ltrans.o
                0x08003774                send_cmd
 .text.disk_read
                0x08003800       0xa0 /tmp/ccWTX9NF.ltrans1.ltrans.o
                0x08003800                disk_read
 .text.check_fs.5028
                0x080038a0       0x88 /tmp/ccWTX9NF.ltrans1.ltrans.o
                0x080038a0                check_fs.5028
 .text.EXTI_ONOFF_EN
                0x08003928       0x54 /tmp/ccWTX9NF.ltrans1.ltrans.o
                0x08003928                EXTI_ONOFF_EN
 .text.Resume   0x0800397c       0x88 /tmp/ccWTX9NF.ltrans1.ltrans.o
                0x0800397c                Resume
 .text.switch_leds_on
                0x08003a04       0x20 /tmp/ccWTX9NF.ltrans1.ltrans.o
                0x08003a04                switch_leds_on
 .text.switch_leds_off
                0x08003a24       0x20 /tmp/ccWTX9NF.ltrans1.ltrans.o
                0x08003a24                switch_leds_off
 .text.Gps_Send_Utf8
                0x08003a44       0x1a /tmp/ccWTX9NF.ltrans1.ltrans.o
                0x08003a44                Gps_Send_Utf8
 .text.Gps_Send_Str
                0x08003a5e       0x16 /tmp/ccWTX9NF.ltrans1.ltrans.o
                0x08003a5e                Gps_Send_Str
 .text.Usart3_Send_Str
                0x08003a74       0x28 /tmp/ccWTX9NF.ltrans1.ltrans.o
                0x08003a74                Usart3_Send_Str
 .text.SP1ML_assign_addr.part.1.5889
                0x08003a9c       0x38 /tmp/ccWTX9NF.ltrans1.ltrans.o
                0x08003a9c                SP1ML_assign_addr.part.1.5889
 .text.shutdown
                0x08003ad4       0x10 /tmp/ccWTX9NF.ltrans1.ltrans.o
                0x08003ad4                shutdown
 .text.set_rtc_correction
                0x08003ae4       0x4c /tmp/ccWTX9NF.ltrans1.ltrans.o
                0x08003ae4                set_rtc_correction
 .text.my_RTC_SetCounter
                0x08003b30       0x22 /tmp/ccWTX9NF.ltrans1.ltrans.o
                0x08003b30                my_RTC_SetCounter
 .text.update_rtc_timestamp
                0x08003b52       0x26 /tmp/ccWTX9NF.ltrans1.ltrans.o
                0x08003b52                update_rtc_timestamp
 .text.I2C1_Request_Job
                0x08003b78       0x80 /tmp/ccWTX9NF.ltrans1.ltrans.o
                0x08003b78                I2C1_Request_Job
 .text.hex_to_byte
                0x08003bf8       0x1a /tmp/ccWTX9NF.ltrans1.ltrans.o
                0x08003bf8                hex_to_byte
 *fill*         0x08003c12        0x2 00
 .text.rprintf2RamRom
                0x08003c14      0x404 /tmp/ccWTX9NF.ltrans1.ltrans.o
                0x08003c14                rprintf2RamRom
 .text.validate.5021
                0x08004018       0x2c /tmp/ccWTX9NF.ltrans1.ltrans.o
                0x08004018                validate.5021
 .text.counter_to_struct.5293
                0x08004044       0xa8 /tmp/ccWTX9NF.ltrans1.ltrans.o
                0x08004044                counter_to_struct.5293
 .text.isDST.5275
                0x080040ec       0x2a /tmp/ccWTX9NF.ltrans1.ltrans.o
                0x080040ec                isDST.5275
 *fill*         0x08004116        0x2 00
 .text.rtc_gettime
                0x08004118       0x74 /tmp/ccWTX9NF.ltrans1.ltrans.o
                0x08004118                rtc_gettime
 .text.get_fattime
                0x0800418c       0x40 /tmp/ccWTX9NF.ltrans1.ltrans.o
                0x0800418c                get_fattime
 .text.clust2sect
                0x080041cc       0x18 /tmp/ccWTX9NF.ltrans1.ltrans.o
                0x080041cc                clust2sect
 .text.sum_sfn.4982
                0x080041e4       0x1e /tmp/ccWTX9NF.ltrans1.ltrans.o
                0x080041e4                sum_sfn.4982
 .text.mem_cpy.4952
                0x08004202       0x12 /tmp/ccWTX9NF.ltrans1.ltrans.o
                0x08004202                mem_cpy.4952
 .text.ff_convert.part.0.4884
                0x08004214       0x24 /tmp/ccWTX9NF.ltrans1.ltrans.o
                0x08004214                ff_convert.part.0.4884
 .text.Delay    0x08004238       0x18 /tmp/ccWTX9NF.ltrans1.ltrans.o
                0x08004238                Delay
 .text.ads1298_busy_wait_command
                0x08004250       0x4c /tmp/ccWTX9NF.ltrans1.ltrans.o
                0x08004250                ads1298_busy_wait_command
 .text.ads1298_busy_wait_write
                0x0800429c       0x88 /tmp/ccWTX9NF.ltrans1.ltrans.o
                0x0800429c                ads1298_busy_wait_write
 .text.red_flash
                0x08004324       0x2c /tmp/ccWTX9NF.ltrans1.ltrans.o
                0x08004324                red_flash
 .text.normalize_vector
                0x08004350       0x64 /tmp/ccWTX9NF.ltrans1.ltrans.o
                0x08004350                normalize_vector
 .text.Add_To_Buffer
                0x080043b4       0x4a /tmp/ccWTX9NF.ltrans1.ltrans.o
                0x080043b4                Add_To_Buffer
 *fill*         0x080043fe        0x2 00
 .text.__sp1ml_send_char
                0x08004400       0x40 /tmp/ccWTX9NF.ltrans1.ltrans.o
                0x08004400                __sp1ml_send_char
 .text.__usart_send_char
                0x08004440       0x50 /tmp/ccWTX9NF.ltrans1.ltrans.o
                0x08004440                __usart_send_char
 .text.Usart_Send_Str
                0x08004490       0x16 /tmp/ccWTX9NF.ltrans1.ltrans.o
                0x08004490                Usart_Send_Str
 *fill*         0x080044a6        0x2 00
 .text.RN42_generate_packet
                0x080044a8       0x64 /tmp/ccWTX9NF.ltrans1.ltrans.o
                0x080044a8                RN42_generate_packet
 .text.__str_print_char
                0x0800450c       0x2c /tmp/ccWTX9NF.ltrans1.ltrans.o
                0x0800450c                __str_print_char
 .text.Get_From_Buffer
                0x08004538       0x4a /tmp/ccWTX9NF.ltrans1.ltrans.o
                0x08004538                Get_From_Buffer
 *fill*         0x08004582        0x2 00
 .text.SP1ML_command
                0x08004584       0xa4 /tmp/ccWTX9NF.ltrans1.ltrans.o
                0x08004584                SP1ML_command
 .text.Bot_Abort.part.2.4258
                0x08004628       0x18 /tmp/ccWTX9NF.ltrans1.ltrans.o
                0x08004628                Bot_Abort.part.2.4258
 .text.Set_CSW  0x08004640       0x3c /tmp/ccWTX9NF.ltrans1.ltrans.o
                0x08004640                Set_CSW
 .text.Transfer_Data_Request
                0x0800467c       0x34 /tmp/ccWTX9NF.ltrans1.ltrans.o
                0x0800467c                Transfer_Data_Request
 .text.IntToUnicode.4023
                0x080046b0       0x2a /tmp/ccWTX9NF.ltrans1.ltrans.o
                0x080046b0                IntToUnicode.4023
 *fill*         0x080046da        0x2 00
 .text.SCSI_Write10_Cmd
                0x080046dc      0x174 /tmp/ccWTX9NF.ltrans2.ltrans.o
                0x080046dc                SCSI_Write10_Cmd
 .text.move_window.5011
                0x08004850       0x76 /tmp/ccWTX9NF.ltrans2.ltrans.o
                0x08004850                move_window.5011
 .text.put_fat  0x080048c6       0xf6 /tmp/ccWTX9NF.ltrans2.ltrans.o
                0x080048c6                put_fat
 .text.get_fat  0x080049bc       0xca /tmp/ccWTX9NF.ltrans2.ltrans.o
                0x080049bc                get_fat
 .text.remove_chain.5124
                0x08004a86       0x54 /tmp/ccWTX9NF.ltrans2.ltrans.o
                0x08004a86                remove_chain.5124
 .text.create_chain.5090
                0x08004ada       0x9a /tmp/ccWTX9NF.ltrans2.ltrans.o
                0x08004ada                create_chain.5090
 .text.dir_next.5094
                0x08004b74       0xf4 /tmp/ccWTX9NF.ltrans2.ltrans.o
                0x08004b74                dir_next.5094
 .text.f_lseek  0x08004c68      0x140 /tmp/ccWTX9NF.ltrans2.ltrans.o
                0x08004c68                f_lseek
 .text.f_write  0x08004da8      0x19a /tmp/ccWTX9NF.ltrans2.ltrans.o
                0x08004da8                f_write
 .text.write_wave_header
                0x08004f42       0xda /tmp/ccWTX9NF.ltrans2.ltrans.o
                0x08004f42                write_wave_header
 .text.write_wave_samples
                0x0800501c       0xaa /tmp/ccWTX9NF.ltrans2.ltrans.o
                0x0800501c                write_wave_samples
 *fill*         0x080050c6        0x2 00
 .text.__fat_print_char
                0x080050c8       0x1c /tmp/ccWTX9NF.ltrans2.ltrans.o
                0x080050c8                __fat_print_char
 .text.dir_sdi.5058
                0x080050e4       0x84 /tmp/ccWTX9NF.ltrans2.ltrans.o
                0x080050e4                dir_sdi.5058
 .text.SP1ML_rx_tx_data_processor
                0x08005168      0x800 /tmp/ccWTX9NF.ltrans3.ltrans.o
                0x08005168                SP1ML_rx_tx_data_processor
 .text.dir_read.5111
                0x08005968      0x104 /tmp/ccWTX9NF.ltrans3.ltrans.o
                0x08005968                dir_read.5111
 .text.dir_find.part.4.5098
                0x08005a6c      0x16c /tmp/ccWTX9NF.ltrans3.ltrans.o
                0x08005a6c                dir_find.part.4.5098
 .text.dir_register.5134
                0x08005bd8      0x24c /tmp/ccWTX9NF.ltrans3.ltrans.o
                0x08005bd8                dir_register.5134
 .text.MASS_Data_Setup
                0x08005e24       0x38 /tmp/ccWTX9NF.ltrans4.ltrans.o
                0x08005e24                MASS_Data_Setup
 .text.Mass_Storage_ClearFeature.4088
                0x08005e5c       0x18 /tmp/ccWTX9NF.ltrans4.ltrans.o
 .text.MASS_init
                0x08005e74       0x70 /tmp/ccWTX9NF.ltrans4.ltrans.o
                0x08005e74                MASS_init
 .text.SP1ML_generate_packet
                0x08005ee4       0xa8 /tmp/ccWTX9NF.ltrans4.ltrans.o
                0x08005ee4                SP1ML_generate_packet
 .text.I2C_Config
                0x08005f8c      0x1f4 /tmp/ccWTX9NF.ltrans4.ltrans.o
                0x08005f8c                I2C_Config
 .text.MAL_GetStatus
                0x08006180       0xdc /tmp/ccWTX9NF.ltrans4.ltrans.o
                0x08006180                MAL_GetStatus
 .text.aligndata.constprop.32
                0x0800625c       0x44 /tmp/ccWTX9NF.ltrans4.ltrans.o
                0x0800625c                aligndata.constprop.32
 .text.vector_by_matrix.constprop.30
                0x080062a0       0x4c /tmp/ccWTX9NF.ltrans4.ltrans.o
                0x080062a0                vector_by_matrix.constprop.30
 .text.ADC_Configuration
                0x080062ec      0x10c /tmp/ccWTX9NF.ltrans4.ltrans.o
                0x080062ec                ADC_Configuration
 .text.USART2_reconf.constprop.8
                0x080063f8       0x50 /tmp/ccWTX9NF.ltrans4.ltrans.o
                0x080063f8                USART2_reconf.constprop.8
 .text.ads1298_wct_config.constprop.6
                0x08006448       0xdc /tmp/ccWTX9NF.ltrans4.ltrans.o
                0x08006448                ads1298_wct_config.constprop.6
 .text.ads1298_setup.constprop.5
                0x08006524      0x374 /tmp/ccWTX9NF.ltrans4.ltrans.o
                0x08006524                ads1298_setup.constprop.5
 .text.disk_write
                0x08006898       0xcc /tmp/ccWTX9NF.ltrans5.ltrans.o
                0x08006898                disk_write
 .text.SCSI_Invalid_Cmd
                0x08006964       0x3c /tmp/ccWTX9NF.ltrans5.ltrans.o
                0x08006964                SCSI_Invalid_Cmd
 .text.SCSI_Address_Management
                0x080069a0       0x74 /tmp/ccWTX9NF.ltrans5.ltrans.o
                0x080069a0                SCSI_Address_Management
 .text.disk_initialize
                0x08006a14      0x148 /tmp/ccWTX9NF.ltrans5.ltrans.o
                0x08006a14                disk_initialize
 .text.chk_mounted.5032
                0x08006b5c      0x320 /tmp/ccWTX9NF.ltrans5.ltrans.o
                0x08006b5c                chk_mounted.5032
 .text.Gps_DMA_Process
                0x08006e7c      0x1e0 /tmp/ccWTX9NF.ltrans5.ltrans.o
                0x08006e7c                Gps_DMA_Process
 .text.get_fileinfo.5003
                0x0800705c       0xf0 /tmp/ccWTX9NF.ltrans5.ltrans.o
                0x0800705c                get_fileinfo.5003
 .text.Get_UBX_Ack.constprop.9
                0x0800714c       0xd0 /tmp/ccWTX9NF.ltrans5.ltrans.o
                0x0800714c                Get_UBX_Ack.constprop.9
 .text.I2C1_EV_IRQHandler
                0x0800721c      0x58c /tmp/ccWTX9NF.ltrans6.ltrans.o
                0x0800721c                I2C1_EV_IRQHandler
 .text.file_preallocation_control
                0x080077a8       0x44 /tmp/ccWTX9NF.ltrans6.ltrans.o
                0x080077a8                file_preallocation_control
 .text.f_close  0x080077ec        0xe /tmp/ccWTX9NF.ltrans6.ltrans.o
                0x080077ec                f_close
 .text.wave_terminate.4094
                0x080077fa       0xe4 /tmp/ccWTX9NF.ltrans6.ltrans.o
 *fill*         0x080078de        0x2 00
 .text.shutdown_filesystem
                0x080078e0      0x368 /tmp/ccWTX9NF.ltrans6.ltrans.o
                0x080078e0                shutdown_filesystem
 .text.Read_Memory.4085
                0x08007c48      0x134 /tmp/ccWTX9NF.ltrans7.ltrans.o
 .text.SCSI_Read10_Cmd.4077
                0x08007d7c       0x68 /tmp/ccWTX9NF.ltrans7.ltrans.o
 .text.EP1_IN_Callback.4009
                0x08007de4       0x54 /tmp/ccWTX9NF.ltrans7.ltrans.o
 .text.EP2_OUT_Callback.4017
                0x08007e38      0x31c /tmp/ccWTX9NF.ltrans7.ltrans.o
 .text.sync.5015
                0x08008154       0xd8 /tmp/ccWTX9NF.ltrans8.ltrans.o
                0x08008154                sync.5015
 .text.f_sync   0x0800822c       0xac /tmp/ccWTX9NF.ltrans8.ltrans.o
                0x0800822c                f_sync
 .text.follow_path.5104
                0x080082d8      0x2c8 /tmp/ccWTX9NF.ltrans8.ltrans.o
                0x080082d8                follow_path.5104
 .text.f_open   0x080085a0      0x158 /tmp/ccWTX9NF.ltrans8.ltrans.o
                0x080085a0                f_open
 .text.EXTI9_5_IRQHandler
                0x080086f8       0x2c /tmp/ccWTX9NF.ltrans9.ltrans.o
                0x080086f8                EXTI9_5_IRQHandler
 *fill*         0x08008724        0x4 00
 .text.DMA1_Channel4_IRQHandler
                0x08008728      0x988 /tmp/ccWTX9NF.ltrans9.ltrans.o
                0x08008728                DMA1_Channel4_IRQHandler
 .text.USART3_IRQHandler
                0x080090b0       0xbc /tmp/ccWTX9NF.ltrans9.ltrans.o
                0x080090b0                USART3_IRQHandler
 .text.USART1_IRQHandler
                0x0800916c       0x90 /tmp/ccWTX9NF.ltrans9.ltrans.o
                0x0800916c                USART1_IRQHandler
 .text.USB_LP_CAN1_RX0_IRQHandler
                0x080091fc      0x120 /tmp/ccWTX9NF.ltrans10.ltrans.o
                0x080091fc                USB_LP_CAN1_RX0_IRQHandler
 .text.USB_HP_CAN1_TX_IRQHandler
                0x0800931c        0x4 /tmp/ccWTX9NF.ltrans10.ltrans.o
                0x0800931c                USB_HP_CAN1_TX_IRQHandler
 .text.SysTick_Handler
                0x08009320      0x180 /tmp/ccWTX9NF.ltrans10.ltrans.o
                0x08009320                SysTick_Handler
 .text.EXTI15_10_IRQHandler
                0x080094a0       0x64 /tmp/ccWTX9NF.ltrans10.ltrans.o
                0x080094a0                EXTI15_10_IRQHandler
 .text.ADC1_2_IRQHandler
                0x08009504       0x70 /tmp/ccWTX9NF.ltrans10.ltrans.o
                0x08009504                ADC1_2_IRQHandler
 .text.EXTI0_IRQHandler
                0x08009574       0x7c /tmp/ccWTX9NF.ltrans10.ltrans.o
                0x08009574                EXTI0_IRQHandler
 .text.I2C1_ER_IRQHandler
                0x080095f0      0x13c /tmp/ccWTX9NF.ltrans10.ltrans.o
                0x080095f0                I2C1_ER_IRQHandler
 .text.malloc   0x0800972c       0x10 /home/laurence/ARM-GCC/bin/../lib/gcc/arm-none-eabi/4.7.4/../../../../arm-none-eabi/lib/armv7-m/libc.a(lib_a-malloc.o)
                0x0800972c                malloc
 .text._malloc_r
                0x0800973c      0x530 /home/laurence/ARM-GCC/bin/../lib/gcc/arm-none-eabi/4.7.4/../../../../arm-none-eabi/lib/armv7-m/libc.a(lib_a-mallocr.o)
                0x0800973c                _malloc_r
 .text.memcmp   0x08009c6c       0xb8 /home/laurence/ARM-GCC/bin/../lib/gcc/arm-none-eabi/4.7.4/../../../../arm-none-eabi/lib/armv7-m/libc.a(lib_a-memcmp.o)
                0x08009c6c                memcmp
 .text.memcpy   0x08009d24      0x15c /home/laurence/ARM-GCC/bin/../lib/gcc/arm-none-eabi/4.7.4/../../../../arm-none-eabi/lib/armv7-m/libc.a(lib_a-memcpy.o)
                0x08009d24                memcpy
 .text.__malloc_lock
                0x08009e80        0x4 /home/laurence/ARM-GCC/bin/../lib/gcc/arm-none-eabi/4.7.4/../../../../arm-none-eabi/lib/armv7-m/libc.a(lib_a-mlock.o)
                0x08009e80                __malloc_lock
 .text.__malloc_unlock
                0x08009e84        0x4 /home/laurence/ARM-GCC/bin/../lib/gcc/arm-none-eabi/4.7.4/../../../../arm-none-eabi/lib/armv7-m/libc.a(lib_a-mlock.o)
                0x08009e84                __malloc_unlock
 .text._sbrk_r  0x08009e88       0x24 /home/laurence/ARM-GCC/bin/../lib/gcc/arm-none-eabi/4.7.4/../../../../arm-none-eabi/lib/armv7-m/libc.a(lib_a-sbrkr.o)
                0x08009e88                _sbrk_r
 .text.strcat   0x08009eac       0x4c /home/laurence/ARM-GCC/bin/../lib/gcc/arm-none-eabi/4.7.4/../../../../arm-none-eabi/lib/armv7-m/libc.a(lib_a-strcat.o)
                0x08009eac                strcat
 .text.strcpy   0x08009ef8       0xbc /home/laurence/ARM-GCC/bin/../lib/gcc/arm-none-eabi/4.7.4/../../../../arm-none-eabi/lib/armv7-m/libc.a(lib_a-strcpy.o)
                0x08009ef8                strcpy
 .text.strlen   0x08009fb4       0x60 /home/laurence/ARM-GCC/bin/../lib/gcc/arm-none-eabi/4.7.4/../../../../arm-none-eabi/lib/armv7-m/libc.a(lib_a-strlen.o)
                0x08009fb4                strlen
 .text._malloc_trim_r
                0x0800a014       0x98 /home/laurence/ARM-GCC/bin/../lib/gcc/arm-none-eabi/4.7.4/../../../../arm-none-eabi/lib/armv7-m/libc.a(lib_a-freer.o)
                0x0800a014                _malloc_trim_r
 .text._free_r  0x0800a0ac      0x194 /home/laurence/ARM-GCC/bin/../lib/gcc/arm-none-eabi/4.7.4/../../../../arm-none-eabi/lib/armv7-m/libc.a(lib_a-freer.o)
                0x0800a0ac                _free_r
 .text.Reset_Handler
                0x0800a240       0x48 lib/CMSIS_CM3/startup/gcc/startup_stm32f10x_md.o
                0x0800a240                Reset_Handler
 .text.Default_Handler
                0x0800a288        0x4 lib/CMSIS_CM3/startup/gcc/startup_stm32f10x_md.o
                0x0800a288                EXTI2_IRQHandler
                0x0800a288                DebugMon_Handler
                0x0800a288                TIM1_CC_IRQHandler
                0x0800a288                HardFault_Handler
                0x0800a288                PVD_IRQHandler
                0x0800a288                PendSV_Handler
                0x0800a288                NMI_Handler
                0x0800a288                EXTI3_IRQHandler
                0x0800a288                I2C2_EV_IRQHandler
                0x0800a288                UsageFault_Handler
                0x0800a288                SPI1_IRQHandler
                0x0800a288                TAMPER_IRQHandler
                0x0800a288                RTC_IRQHandler
                0x0800a288                DMA1_Channel7_IRQHandler
                0x0800a288                CAN1_RX1_IRQHandler
                0x0800a288                TIM4_IRQHandler
                0x0800a288                DMA1_Channel6_IRQHandler
                0x0800a288                TIM3_IRQHandler
                0x0800a288                RCC_IRQHandler
                0x0800a288                TIM1_TRG_COM_IRQHandler
                0x0800a288                DMA1_Channel1_IRQHandler
                0x0800a288                Default_Handler
                0x0800a288                SPI2_IRQHandler
                0x0800a288                MemManage_Handler
                0x0800a288                SVC_Handler
                0x0800a288                DMA1_Channel5_IRQHandler
                0x0800a288                EXTI4_IRQHandler
                0x0800a288                DMA1_Channel3_IRQHandler
                0x0800a288                TIM1_UP_IRQHandler
                0x0800a288                WWDG_IRQHandler
                0x0800a288                TIM2_IRQHandler
                0x0800a288                TIM1_BRK_IRQHandler
                0x0800a288                EXTI1_IRQHandler
                0x0800a288                RTCAlarm_IRQHandler
                0x0800a288                USART2_IRQHandler
                0x0800a288                I2C2_ER_IRQHandler
                0x0800a288                DMA1_Channel2_IRQHandler
                0x0800a288                CAN1_SCE_IRQHandler
                0x0800a288                FLASH_IRQHandler
                0x0800a288                BusFault_Handler
                0x0800a288                USBWakeUp_IRQHandler
 .text.NVIC_PriorityGroupConfig
                0x0800a28c       0x14 lib/STM32F10x_StdPeriph_Driver/libstm32fw.a(misc.o)
                0x0800a28c                NVIC_PriorityGroupConfig
 .text.NVIC_Init
                0x0800a2a0       0x68 lib/STM32F10x_StdPeriph_Driver/libstm32fw.a(misc.o)
                0x0800a2a0                NVIC_Init
 .text.NVIC_SetVectorTable
                0x0800a308       0x14 lib/STM32F10x_StdPeriph_Driver/libstm32fw.a(misc.o)
                0x0800a308                NVIC_SetVectorTable
 .text.SysTick_CLKSourceConfig
                0x0800a31c       0x18 lib/STM32F10x_StdPeriph_Driver/libstm32fw.a(misc.o)
                0x0800a31c                SysTick_CLKSourceConfig
 .text.ADC_DeInit
                0x0800a334       0x5c lib/STM32F10x_StdPeriph_Driver/libstm32fw.a(stm32f10x_adc.o)
                0x0800a334                ADC_DeInit
 .text.ADC_Init
                0x0800a390       0x48 lib/STM32F10x_StdPeriph_Driver/libstm32fw.a(stm32f10x_adc.o)
                0x0800a390                ADC_Init
 .text.ADC_Cmd  0x0800a3d8       0x12 lib/STM32F10x_StdPeriph_Driver/libstm32fw.a(stm32f10x_adc.o)
                0x0800a3d8                ADC_Cmd
 .text.ADC_ITConfig
                0x0800a3ea       0x12 lib/STM32F10x_StdPeriph_Driver/libstm32fw.a(stm32f10x_adc.o)
                0x0800a3ea                ADC_ITConfig
 .text.ADC_ResetCalibration
                0x0800a3fc        0xa lib/STM32F10x_StdPeriph_Driver/libstm32fw.a(stm32f10x_adc.o)
                0x0800a3fc                ADC_ResetCalibration
 .text.ADC_GetResetCalibrationStatus
                0x0800a406        0x8 lib/STM32F10x_StdPeriph_Driver/libstm32fw.a(stm32f10x_adc.o)
                0x0800a406                ADC_GetResetCalibrationStatus
 .text.ADC_StartCalibration
                0x0800a40e        0xa lib/STM32F10x_StdPeriph_Driver/libstm32fw.a(stm32f10x_adc.o)
                0x0800a40e                ADC_StartCalibration
 .text.ADC_GetCalibrationStatus
                0x0800a418        0x8 lib/STM32F10x_StdPeriph_Driver/libstm32fw.a(stm32f10x_adc.o)
                0x0800a418                ADC_GetCalibrationStatus
 .text.ADC_SoftwareStartConvCmd
                0x0800a420       0x12 lib/STM32F10x_StdPeriph_Driver/libstm32fw.a(stm32f10x_adc.o)
                0x0800a420                ADC_SoftwareStartConvCmd
 .text.ADC_RegularChannelConfig
                0x0800a432       0x9a lib/STM32F10x_StdPeriph_Driver/libstm32fw.a(stm32f10x_adc.o)
                0x0800a432                ADC_RegularChannelConfig
 .text.ADC_GetConversionValue
                0x0800a4cc        0x6 lib/STM32F10x_StdPeriph_Driver/libstm32fw.a(stm32f10x_adc.o)
                0x0800a4cc                ADC_GetConversionValue
 .text.ADC_ExternalTrigInjectedConvConfig
                0x0800a4d2        0xc lib/STM32F10x_StdPeriph_Driver/libstm32fw.a(stm32f10x_adc.o)
                0x0800a4d2                ADC_ExternalTrigInjectedConvConfig
 .text.ADC_SoftwareStartInjectedConvCmd
                0x0800a4de       0x12 lib/STM32F10x_StdPeriph_Driver/libstm32fw.a(stm32f10x_adc.o)
                0x0800a4de                ADC_SoftwareStartInjectedConvCmd
 .text.ADC_InjectedChannelConfig
                0x0800a4f0       0x60 lib/STM32F10x_StdPeriph_Driver/libstm32fw.a(stm32f10x_adc.o)
                0x0800a4f0                ADC_InjectedChannelConfig
 .text.ADC_InjectedSequencerLengthConfig
                0x0800a550       0x10 lib/STM32F10x_StdPeriph_Driver/libstm32fw.a(stm32f10x_adc.o)
                0x0800a550                ADC_InjectedSequencerLengthConfig
 .text.ADC_GetInjectedConversionValue
                0x0800a560       0x1a lib/STM32F10x_StdPeriph_Driver/libstm32fw.a(stm32f10x_adc.o)
                0x0800a560                ADC_GetInjectedConversionValue
 .text.ADC_AnalogWatchdogCmd
                0x0800a57a       0x10 lib/STM32F10x_StdPeriph_Driver/libstm32fw.a(stm32f10x_adc.o)
                0x0800a57a                ADC_AnalogWatchdogCmd
 .text.ADC_AnalogWatchdogThresholdsConfig
                0x0800a58a        0x6 lib/STM32F10x_StdPeriph_Driver/libstm32fw.a(stm32f10x_adc.o)
                0x0800a58a                ADC_AnalogWatchdogThresholdsConfig
 .text.ADC_AnalogWatchdogSingleChannelConfig
                0x0800a590        0xc lib/STM32F10x_StdPeriph_Driver/libstm32fw.a(stm32f10x_adc.o)
                0x0800a590                ADC_AnalogWatchdogSingleChannelConfig
 .text.ADC_GetFlagStatus
                0x0800a59c        0xc lib/STM32F10x_StdPeriph_Driver/libstm32fw.a(stm32f10x_adc.o)
                0x0800a59c                ADC_GetFlagStatus
 .text.ADC_ClearFlag
                0x0800a5a8        0x6 lib/STM32F10x_StdPeriph_Driver/libstm32fw.a(stm32f10x_adc.o)
                0x0800a5a8                ADC_ClearFlag
 .text.ADC_GetITStatus
                0x0800a5ae       0x16 lib/STM32F10x_StdPeriph_Driver/libstm32fw.a(stm32f10x_adc.o)
                0x0800a5ae                ADC_GetITStatus
 .text.ADC_ClearITPendingBit
                0x0800a5c4        0x8 lib/STM32F10x_StdPeriph_Driver/libstm32fw.a(stm32f10x_adc.o)
                0x0800a5c4                ADC_ClearITPendingBit
 .text.BKP_DeInit
                0x0800a5cc       0x12 lib/STM32F10x_StdPeriph_Driver/libstm32fw.a(stm32f10x_bkp.o)
                0x0800a5cc                BKP_DeInit
 *fill*         0x0800a5de        0x2 00
 .text.BKP_RTCOutputConfig
                0x0800a5e0       0x18 lib/STM32F10x_StdPeriph_Driver/libstm32fw.a(stm32f10x_bkp.o)
                0x0800a5e0                BKP_RTCOutputConfig
 .text.BKP_SetRTCCalibrationValue
                0x0800a5f8       0x18 lib/STM32F10x_StdPeriph_Driver/libstm32fw.a(stm32f10x_bkp.o)
                0x0800a5f8                BKP_SetRTCCalibrationValue
 .text.BKP_WriteBackupRegister
                0x0800a610       0x1c lib/STM32F10x_StdPeriph_Driver/libstm32fw.a(stm32f10x_bkp.o)
                0x0800a610                BKP_WriteBackupRegister
 .text.BKP_ReadBackupRegister
                0x0800a62c       0x20 lib/STM32F10x_StdPeriph_Driver/libstm32fw.a(stm32f10x_bkp.o)
                0x0800a62c                BKP_ReadBackupRegister
 .text.DBGMCU_Config
                0x0800a64c       0x18 lib/STM32F10x_StdPeriph_Driver/libstm32fw.a(stm32f10x_dbgmcu.o)
                0x0800a64c                DBGMCU_Config
 .text.DMA_DeInit
                0x0800a664       0xec lib/STM32F10x_StdPeriph_Driver/libstm32fw.a(stm32f10x_dma.o)
                0x0800a664                DMA_DeInit
 .text.DMA_Init
                0x0800a750       0x40 lib/STM32F10x_StdPeriph_Driver/libstm32fw.a(stm32f10x_dma.o)
                0x0800a750                DMA_Init
 .text.DMA_Cmd  0x0800a790       0x12 lib/STM32F10x_StdPeriph_Driver/libstm32fw.a(stm32f10x_dma.o)
                0x0800a790                DMA_Cmd
 .text.DMA_ITConfig
                0x0800a7a2       0x10 lib/STM32F10x_StdPeriph_Driver/libstm32fw.a(stm32f10x_dma.o)
                0x0800a7a2                DMA_ITConfig
 .text.DMA_GetCurrDataCounter
                0x0800a7b2        0x6 lib/STM32F10x_StdPeriph_Driver/libstm32fw.a(stm32f10x_dma.o)
                0x0800a7b2                DMA_GetCurrDataCounter
 .text.DMA_GetFlagStatus
                0x0800a7b8       0x1c lib/STM32F10x_StdPeriph_Driver/libstm32fw.a(stm32f10x_dma.o)
                0x0800a7b8                DMA_GetFlagStatus
 .text.DMA_ClearFlag
                0x0800a7d4       0x14 lib/STM32F10x_StdPeriph_Driver/libstm32fw.a(stm32f10x_dma.o)
                0x0800a7d4                DMA_ClearFlag
 .text.DMA_GetITStatus
                0x0800a7e8       0x1c lib/STM32F10x_StdPeriph_Driver/libstm32fw.a(stm32f10x_dma.o)
                0x0800a7e8                DMA_GetITStatus
 .text.DMA_ClearITPendingBit
                0x0800a804       0x14 lib/STM32F10x_StdPeriph_Driver/libstm32fw.a(stm32f10x_dma.o)
                0x0800a804                DMA_ClearITPendingBit
 .text.EXTI_DeInit
                0x0800a818       0x1c lib/STM32F10x_StdPeriph_Driver/libstm32fw.a(stm32f10x_exti.o)
                0x0800a818                EXTI_DeInit
 .text.EXTI_Init
                0x0800a834       0x88 lib/STM32F10x_StdPeriph_Driver/libstm32fw.a(stm32f10x_exti.o)
                0x0800a834                EXTI_Init
 .text.EXTI_GetITStatus
                0x0800a8bc       0x20 lib/STM32F10x_StdPeriph_Driver/libstm32fw.a(stm32f10x_exti.o)
                0x0800a8bc                EXTI_GetITStatus
 .text.EXTI_ClearITPendingBit
                0x0800a8dc        0xc lib/STM32F10x_StdPeriph_Driver/libstm32fw.a(stm32f10x_exti.o)
                0x0800a8dc                EXTI_ClearITPendingBit
 .text.GPIO_Init
                0x0800a8e8       0x9a lib/STM32F10x_StdPeriph_Driver/libstm32fw.a(stm32f10x_gpio.o)
                0x0800a8e8                GPIO_Init
 .text.GPIO_StructInit
                0x0800a982       0x10 lib/STM32F10x_StdPeriph_Driver/libstm32fw.a(stm32f10x_gpio.o)
                0x0800a982                GPIO_StructInit
 .text.GPIO_ReadInputDataBit
                0x0800a992        0xc lib/STM32F10x_StdPeriph_Driver/libstm32fw.a(stm32f10x_gpio.o)
                0x0800a992                GPIO_ReadInputDataBit
 .text.GPIO_SetBits
                0x0800a99e        0x4 lib/STM32F10x_StdPeriph_Driver/libstm32fw.a(stm32f10x_gpio.o)
                0x0800a99e                GPIO_SetBits
 .text.GPIO_ResetBits
                0x0800a9a2        0x4 lib/STM32F10x_StdPeriph_Driver/libstm32fw.a(stm32f10x_gpio.o)
                0x0800a9a2                GPIO_ResetBits
 .text.GPIO_WriteBit
                0x0800a9a6        0xa lib/STM32F10x_StdPeriph_Driver/libstm32fw.a(stm32f10x_gpio.o)
                0x0800a9a6                GPIO_WriteBit
 .text.GPIO_PinRemapConfig
                0x0800a9b0       0x58 lib/STM32F10x_StdPeriph_Driver/libstm32fw.a(stm32f10x_gpio.o)
                0x0800a9b0                GPIO_PinRemapConfig
 .text.GPIO_EXTILineConfig
                0x0800aa08       0x34 lib/STM32F10x_StdPeriph_Driver/libstm32fw.a(stm32f10x_gpio.o)
                0x0800aa08                GPIO_EXTILineConfig
 .text.I2C_DeInit
                0x0800aa3c       0x34 lib/STM32F10x_StdPeriph_Driver/libstm32fw.a(stm32f10x_i2c.o)
                0x0800aa3c                I2C_DeInit
 .text.I2C_Init
                0x0800aa70       0xd4 lib/STM32F10x_StdPeriph_Driver/libstm32fw.a(stm32f10x_i2c.o)
                0x0800aa70                I2C_Init
 .text.I2C_Cmd  0x0800ab44       0x18 lib/STM32F10x_StdPeriph_Driver/libstm32fw.a(stm32f10x_i2c.o)
                0x0800ab44                I2C_Cmd
 .text.I2C_GenerateSTART
                0x0800ab5c       0x18 lib/STM32F10x_StdPeriph_Driver/libstm32fw.a(stm32f10x_i2c.o)
                0x0800ab5c                I2C_GenerateSTART
 .text.I2C_GenerateSTOP
                0x0800ab74       0x18 lib/STM32F10x_StdPeriph_Driver/libstm32fw.a(stm32f10x_i2c.o)
                0x0800ab74                I2C_GenerateSTOP
 .text.I2C_AcknowledgeConfig
                0x0800ab8c       0x18 lib/STM32F10x_StdPeriph_Driver/libstm32fw.a(stm32f10x_i2c.o)
                0x0800ab8c                I2C_AcknowledgeConfig
 .text.I2C_ITConfig
                0x0800aba4       0x12 lib/STM32F10x_StdPeriph_Driver/libstm32fw.a(stm32f10x_i2c.o)
                0x0800aba4                I2C_ITConfig
 .text.I2C_SendData
                0x0800abb6        0x4 lib/STM32F10x_StdPeriph_Driver/libstm32fw.a(stm32f10x_i2c.o)
                0x0800abb6                I2C_SendData
 .text.I2C_ReceiveData
                0x0800abba        0x6 lib/STM32F10x_StdPeriph_Driver/libstm32fw.a(stm32f10x_i2c.o)
                0x0800abba                I2C_ReceiveData
 .text.I2C_Send7bitAddress
                0x0800abc0       0x10 lib/STM32F10x_StdPeriph_Driver/libstm32fw.a(stm32f10x_i2c.o)
                0x0800abc0                I2C_Send7bitAddress
 .text.I2C_SoftwareResetCmd
                0x0800abd0       0x18 lib/STM32F10x_StdPeriph_Driver/libstm32fw.a(stm32f10x_i2c.o)
                0x0800abd0                I2C_SoftwareResetCmd
 .text.IWDG_WriteAccessCmd
                0x0800abe8        0xc lib/STM32F10x_StdPeriph_Driver/libstm32fw.a(stm32f10x_iwdg.o)
                0x0800abe8                IWDG_WriteAccessCmd
 .text.IWDG_SetPrescaler
                0x0800abf4        0xc lib/STM32F10x_StdPeriph_Driver/libstm32fw.a(stm32f10x_iwdg.o)
                0x0800abf4                IWDG_SetPrescaler
 .text.IWDG_SetReload
                0x0800ac00        0xc lib/STM32F10x_StdPeriph_Driver/libstm32fw.a(stm32f10x_iwdg.o)
                0x0800ac00                IWDG_SetReload
 .text.IWDG_ReloadCounter
                0x0800ac0c       0x10 lib/STM32F10x_StdPeriph_Driver/libstm32fw.a(stm32f10x_iwdg.o)
                0x0800ac0c                IWDG_ReloadCounter
 .text.IWDG_Enable
                0x0800ac1c       0x10 lib/STM32F10x_StdPeriph_Driver/libstm32fw.a(stm32f10x_iwdg.o)
                0x0800ac1c                IWDG_Enable
 .text.PWR_DeInit
                0x0800ac2c       0x1a lib/STM32F10x_StdPeriph_Driver/libstm32fw.a(stm32f10x_pwr.o)
                0x0800ac2c                PWR_DeInit
 *fill*         0x0800ac46        0x2 00
 .text.PWR_BackupAccessCmd
                0x0800ac48        0xc lib/STM32F10x_StdPeriph_Driver/libstm32fw.a(stm32f10x_pwr.o)
                0x0800ac48                PWR_BackupAccessCmd
 .text.PWR_WakeUpPinCmd
                0x0800ac54        0xc lib/STM32F10x_StdPeriph_Driver/libstm32fw.a(stm32f10x_pwr.o)
                0x0800ac54                PWR_WakeUpPinCmd
 .text.PWR_EnterSTANDBYMode
                0x0800ac60       0x28 lib/STM32F10x_StdPeriph_Driver/libstm32fw.a(stm32f10x_pwr.o)
                0x0800ac60                PWR_EnterSTANDBYMode
 .text.RCC_HCLKConfig
                0x0800ac88       0x14 lib/STM32F10x_StdPeriph_Driver/libstm32fw.a(stm32f10x_rcc.o)
                0x0800ac88                RCC_HCLKConfig
 .text.RCC_USBCLKConfig
                0x0800ac9c        0xc lib/STM32F10x_StdPeriph_Driver/libstm32fw.a(stm32f10x_rcc.o)
                0x0800ac9c                RCC_USBCLKConfig
 .text.RCC_ADCCLKConfig
                0x0800aca8       0x14 lib/STM32F10x_StdPeriph_Driver/libstm32fw.a(stm32f10x_rcc.o)
                0x0800aca8                RCC_ADCCLKConfig
 .text.RCC_LSEConfig
                0x0800acbc       0x20 lib/STM32F10x_StdPeriph_Driver/libstm32fw.a(stm32f10x_rcc.o)
                0x0800acbc                RCC_LSEConfig
 .text.RCC_RTCCLKConfig
                0x0800acdc       0x10 lib/STM32F10x_StdPeriph_Driver/libstm32fw.a(stm32f10x_rcc.o)
                0x0800acdc                RCC_RTCCLKConfig
 .text.RCC_RTCCLKCmd
                0x0800acec        0xc lib/STM32F10x_StdPeriph_Driver/libstm32fw.a(stm32f10x_rcc.o)
                0x0800acec                RCC_RTCCLKCmd
 .text.RCC_GetClocksFreq
                0x0800acf8       0x9c lib/STM32F10x_StdPeriph_Driver/libstm32fw.a(stm32f10x_rcc.o)
                0x0800acf8                RCC_GetClocksFreq
 .text.RCC_AHBPeriphClockCmd
                0x0800ad94       0x18 lib/STM32F10x_StdPeriph_Driver/libstm32fw.a(stm32f10x_rcc.o)
                0x0800ad94                RCC_AHBPeriphClockCmd
 .text.RCC_APB2PeriphClockCmd
                0x0800adac       0x18 lib/STM32F10x_StdPeriph_Driver/libstm32fw.a(stm32f10x_rcc.o)
                0x0800adac                RCC_APB2PeriphClockCmd
 .text.RCC_APB1PeriphClockCmd
                0x0800adc4       0x18 lib/STM32F10x_StdPeriph_Driver/libstm32fw.a(stm32f10x_rcc.o)
                0x0800adc4                RCC_APB1PeriphClockCmd
 .text.RCC_APB2PeriphResetCmd
                0x0800addc       0x18 lib/STM32F10x_StdPeriph_Driver/libstm32fw.a(stm32f10x_rcc.o)
                0x0800addc                RCC_APB2PeriphResetCmd
 .text.RCC_APB1PeriphResetCmd
                0x0800adf4       0x18 lib/STM32F10x_StdPeriph_Driver/libstm32fw.a(stm32f10x_rcc.o)
                0x0800adf4                RCC_APB1PeriphResetCmd
 .text.RCC_BackupResetCmd
                0x0800ae0c        0xc lib/STM32F10x_StdPeriph_Driver/libstm32fw.a(stm32f10x_rcc.o)
                0x0800ae0c                RCC_BackupResetCmd
 .text.RCC_GetFlagStatus
                0x0800ae18       0x28 lib/STM32F10x_StdPeriph_Driver/libstm32fw.a(stm32f10x_rcc.o)
                0x0800ae18                RCC_GetFlagStatus
 .text.RTC_EnterConfigMode
                0x0800ae40       0x14 lib/STM32F10x_StdPeriph_Driver/libstm32fw.a(stm32f10x_rtc.o)
                0x0800ae40                RTC_EnterConfigMode
 .text.RTC_ExitConfigMode
                0x0800ae54       0x14 lib/STM32F10x_StdPeriph_Driver/libstm32fw.a(stm32f10x_rtc.o)
                0x0800ae54                RTC_ExitConfigMode
 .text.RTC_GetCounter
                0x0800ae68       0x14 lib/STM32F10x_StdPeriph_Driver/libstm32fw.a(stm32f10x_rtc.o)
                0x0800ae68                RTC_GetCounter
 .text.RTC_SetCounter
                0x0800ae7c       0x20 lib/STM32F10x_StdPeriph_Driver/libstm32fw.a(stm32f10x_rtc.o)
                0x0800ae7c                RTC_SetCounter
 .text.RTC_SetPrescaler
                0x0800ae9c       0x20 lib/STM32F10x_StdPeriph_Driver/libstm32fw.a(stm32f10x_rtc.o)
                0x0800ae9c                RTC_SetPrescaler
 .text.RTC_WaitForLastTask
                0x0800aebc       0x14 lib/STM32F10x_StdPeriph_Driver/libstm32fw.a(stm32f10x_rtc.o)
                0x0800aebc                RTC_WaitForLastTask
 .text.RTC_WaitForSynchro
                0x0800aed0       0x24 lib/STM32F10x_StdPeriph_Driver/libstm32fw.a(stm32f10x_rtc.o)
                0x0800aed0                RTC_WaitForSynchro
 .text.SPI_Init
                0x0800aef4       0x3e lib/STM32F10x_StdPeriph_Driver/libstm32fw.a(stm32f10x_spi.o)
                0x0800aef4                SPI_Init
 .text.SPI_StructInit
                0x0800af32       0x18 lib/STM32F10x_StdPeriph_Driver/libstm32fw.a(stm32f10x_spi.o)
                0x0800af32                SPI_StructInit
 .text.SPI_Cmd  0x0800af4a       0x18 lib/STM32F10x_StdPeriph_Driver/libstm32fw.a(stm32f10x_spi.o)
                0x0800af4a                SPI_Cmd
 .text.SPI_I2S_DMACmd
                0x0800af62       0x12 lib/STM32F10x_StdPeriph_Driver/libstm32fw.a(stm32f10x_spi.o)
                0x0800af62                SPI_I2S_DMACmd
 .text.SPI_I2S_SendData
                0x0800af74        0x4 lib/STM32F10x_StdPeriph_Driver/libstm32fw.a(stm32f10x_spi.o)
                0x0800af74                SPI_I2S_SendData
 .text.SPI_I2S_ReceiveData
                0x0800af78        0x6 lib/STM32F10x_StdPeriph_Driver/libstm32fw.a(stm32f10x_spi.o)
                0x0800af78                SPI_I2S_ReceiveData
 .text.SPI_CalculateCRC
                0x0800af7e       0x18 lib/STM32F10x_StdPeriph_Driver/libstm32fw.a(stm32f10x_spi.o)
                0x0800af7e                SPI_CalculateCRC
 .text.SPI_I2S_GetFlagStatus
                0x0800af96        0xc lib/STM32F10x_StdPeriph_Driver/libstm32fw.a(stm32f10x_spi.o)
                0x0800af96                SPI_I2S_GetFlagStatus
 *fill*         0x0800afa2        0x2 00
 .text.TIM_DeInit
                0x0800afa4       0xc8 lib/STM32F10x_StdPeriph_Driver/libstm32fw.a(stm32f10x_tim.o)
                0x0800afa4                TIM_DeInit
 .text.TIM_TimeBaseInit
                0x0800b06c       0x3c lib/STM32F10x_StdPeriph_Driver/libstm32fw.a(stm32f10x_tim.o)
                0x0800b06c                TIM_TimeBaseInit
 .text.TIM_OC4Init
                0x0800b0a8       0x68 lib/STM32F10x_StdPeriph_Driver/libstm32fw.a(stm32f10x_tim.o)
                0x0800b0a8                TIM_OC4Init
 .text.TIM_Cmd  0x0800b110       0x18 lib/STM32F10x_StdPeriph_Driver/libstm32fw.a(stm32f10x_tim.o)
                0x0800b110                TIM_Cmd
 .text.TIM_OC4PreloadConfig
                0x0800b128       0x14 lib/STM32F10x_StdPeriph_Driver/libstm32fw.a(stm32f10x_tim.o)
                0x0800b128                TIM_OC4PreloadConfig
 .text.USART_DeInit
                0x0800b13c       0x98 lib/STM32F10x_StdPeriph_Driver/libstm32fw.a(stm32f10x_usart.o)
                0x0800b13c                USART_DeInit
 .text.USART_Init
                0x0800b1d4       0x88 lib/STM32F10x_StdPeriph_Driver/libstm32fw.a(stm32f10x_usart.o)
                0x0800b1d4                USART_Init
 .text.USART_Cmd
                0x0800b25c       0x18 lib/STM32F10x_StdPeriph_Driver/libstm32fw.a(stm32f10x_usart.o)
                0x0800b25c                USART_Cmd
 .text.USART_ITConfig
                0x0800b274       0x34 lib/STM32F10x_StdPeriph_Driver/libstm32fw.a(stm32f10x_usart.o)
                0x0800b274                USART_ITConfig
 .text.USART_DMACmd
                0x0800b2a8       0x12 lib/STM32F10x_StdPeriph_Driver/libstm32fw.a(stm32f10x_usart.o)
                0x0800b2a8                USART_DMACmd
 .text.USART_SendData
                0x0800b2ba        0x8 lib/STM32F10x_StdPeriph_Driver/libstm32fw.a(stm32f10x_usart.o)
                0x0800b2ba                USART_SendData
 .text.USART_ReceiveData
                0x0800b2c2        0x8 lib/STM32F10x_StdPeriph_Driver/libstm32fw.a(stm32f10x_usart.o)
                0x0800b2c2                USART_ReceiveData
 .text.USART_GetFlagStatus
                0x0800b2ca        0xc lib/STM32F10x_StdPeriph_Driver/libstm32fw.a(stm32f10x_usart.o)
                0x0800b2ca                USART_GetFlagStatus
 .text.USART_GetITStatus
                0x0800b2d6       0x40 lib/STM32F10x_StdPeriph_Driver/libstm32fw.a(stm32f10x_usart.o)
                0x0800b2d6                USART_GetITStatus
 .text.USART_ClearITPendingBit
                0x0800b316       0x10 lib/STM32F10x_StdPeriph_Driver/libstm32fw.a(stm32f10x_usart.o)
                0x0800b316                USART_ClearITPendingBit
 *fill*         0x0800b326        0x2 00
 .text.Standard_GetConfiguration
                0x0800b328       0x24 lib/STM32_USB-FS-Device_Driver/libstm32usb.a(usb_core.o)
                0x0800b328                Standard_GetConfiguration
 .text.Standard_GetInterface
                0x0800b34c       0x24 lib/STM32_USB-FS-Device_Driver/libstm32usb.a(usb_core.o)
                0x0800b34c                Standard_GetInterface
 .text.Standard_GetStatus
                0x0800b370       0x9c lib/STM32_USB-FS-Device_Driver/libstm32usb.a(usb_core.o)
                0x0800b370                Standard_GetStatus
 .text.DataStageIn
                0x0800b40c       0xa4 lib/STM32_USB-FS-Device_Driver/libstm32usb.a(usb_core.o)
 .text.Standard_SetConfiguration
                0x0800b4b0       0x38 lib/STM32_USB-FS-Device_Driver/libstm32usb.a(usb_core.o)
                0x0800b4b0                Standard_SetConfiguration
 .text.Standard_SetInterface
                0x0800b4e8       0x48 lib/STM32_USB-FS-Device_Driver/libstm32usb.a(usb_core.o)
                0x0800b4e8                Standard_SetInterface
 .text.Standard_ClearFeature
                0x0800b530       0xdc lib/STM32_USB-FS-Device_Driver/libstm32usb.a(usb_core.o)
                0x0800b530                Standard_ClearFeature
 .text.Standard_SetEndPointFeature
                0x0800b60c       0x8c lib/STM32_USB-FS-Device_Driver/libstm32usb.a(usb_core.o)
                0x0800b60c                Standard_SetEndPointFeature
 .text.Standard_SetDeviceFeature
                0x0800b698       0x24 lib/STM32_USB-FS-Device_Driver/libstm32usb.a(usb_core.o)
                0x0800b698                Standard_SetDeviceFeature
 .text.Standard_GetDescriptorData
                0x0800b6bc       0x1c lib/STM32_USB-FS-Device_Driver/libstm32usb.a(usb_core.o)
                0x0800b6bc                Standard_GetDescriptorData
 .text.Post0_Process
                0x0800b6d8       0x40 lib/STM32_USB-FS-Device_Driver/libstm32usb.a(usb_core.o)
                0x0800b6d8                Post0_Process
 .text.Out0_Process
                0x0800b718       0xd4 lib/STM32_USB-FS-Device_Driver/libstm32usb.a(usb_core.o)
                0x0800b718                Out0_Process
 .text.Setup0_Process
                0x0800b7ec      0x2f8 lib/STM32_USB-FS-Device_Driver/libstm32usb.a(usb_core.o)
                0x0800b7ec                Setup0_Process
 .text.SetDeviceAddress
                0x0800bae4       0x40 lib/STM32_USB-FS-Device_Driver/libstm32usb.a(usb_core.o)
                0x0800bae4                SetDeviceAddress
 .text.In0_Process
                0x0800bb24       0x60 lib/STM32_USB-FS-Device_Driver/libstm32usb.a(usb_core.o)
                0x0800bb24                In0_Process
 .text.NOP_Process
                0x0800bb84        0x2 lib/STM32_USB-FS-Device_Driver/libstm32usb.a(usb_core.o)
                0x0800bb84                NOP_Process
 *fill*         0x0800bb86        0x2 00
 .text.USB_Init
                0x0800bb88       0x38 lib/STM32_USB-FS-Device_Driver/libstm32usb.a(usb_init.o)
                0x0800bb88                USB_Init
 .text.CTR_LP   0x0800bbc0      0x190 lib/STM32_USB-FS-Device_Driver/libstm32usb.a(usb_int.o)
                0x0800bbc0                CTR_LP
 .text.CTR_HP   0x0800bd50       0x74 lib/STM32_USB-FS-Device_Driver/libstm32usb.a(usb_int.o)
                0x0800bd50                CTR_HP
 .text.UserToPMABufferCopy
                0x0800bdc4       0x2e lib/STM32_USB-FS-Device_Driver/libstm32usb.a(usb_mem.o)
                0x0800bdc4                UserToPMABufferCopy
 .text.PMAToUserBufferCopy
                0x0800bdf2       0x24 lib/STM32_USB-FS-Device_Driver/libstm32usb.a(usb_mem.o)
                0x0800bdf2                PMAToUserBufferCopy
 *fill*         0x0800be16        0x2 00
 .text.SetBTABLE
                0x0800be18       0x10 lib/STM32_USB-FS-Device_Driver/libstm32usb.a(usb_regs.o)
                0x0800be18                SetBTABLE
 .text.SetEPType
                0x0800be28       0x18 lib/STM32_USB-FS-Device_Driver/libstm32usb.a(usb_regs.o)
                0x0800be28                SetEPType
 .text.SetEPTxStatus
                0x0800be40       0x3a lib/STM32_USB-FS-Device_Driver/libstm32usb.a(usb_regs.o)
                0x0800be40                SetEPTxStatus
 .text.SetEPRxStatus
                0x0800be7a       0x3a lib/STM32_USB-FS-Device_Driver/libstm32usb.a(usb_regs.o)
                0x0800be7a                SetEPRxStatus
 .text.SetEPRxValid
                0x0800beb4       0x22 lib/STM32_USB-FS-Device_Driver/libstm32usb.a(usb_regs.o)
                0x0800beb4                SetEPRxValid
 .text.Clear_Status_Out
                0x0800bed6       0x1e lib/STM32_USB-FS-Device_Driver/libstm32usb.a(usb_regs.o)
                0x0800bed6                Clear_Status_Out
 .text.ClearDTOG_RX
                0x0800bef4       0x24 lib/STM32_USB-FS-Device_Driver/libstm32usb.a(usb_regs.o)
                0x0800bef4                ClearDTOG_RX
 .text.ClearDTOG_TX
                0x0800bf18       0x24 lib/STM32_USB-FS-Device_Driver/libstm32usb.a(usb_regs.o)
                0x0800bf18                ClearDTOG_TX
 .text.SetEPTxAddr
                0x0800bf3c       0x20 lib/STM32_USB-FS-Device_Driver/libstm32usb.a(usb_regs.o)
                0x0800bf3c                SetEPTxAddr
 .text.SetEPRxAddr
                0x0800bf5c       0x20 lib/STM32_USB-FS-Device_Driver/libstm32usb.a(usb_regs.o)
                0x0800bf5c                SetEPRxAddr
 .text.GetEPTxAddr
                0x0800bf7c       0x1c lib/STM32_USB-FS-Device_Driver/libstm32usb.a(usb_regs.o)
                0x0800bf7c                GetEPTxAddr
 .text.GetEPRxAddr
                0x0800bf98       0x1c lib/STM32_USB-FS-Device_Driver/libstm32usb.a(usb_regs.o)
                0x0800bf98                GetEPRxAddr
 .text.SetEPTxCount
                0x0800bfb4       0x1c lib/STM32_USB-FS-Device_Driver/libstm32usb.a(usb_regs.o)
                0x0800bfb4                SetEPTxCount
 .text.SetEPRxCount
                0x0800bfd0       0x3c lib/STM32_USB-FS-Device_Driver/libstm32usb.a(usb_regs.o)
                0x0800bfd0                SetEPRxCount
 .text.GetEPRxCount
                0x0800c00c       0x20 lib/STM32_USB-FS-Device_Driver/libstm32usb.a(usb_regs.o)
                0x0800c00c                GetEPRxCount
 .text.ByteSwap
                0x0800c02c        0xa lib/STM32_USB-FS-Device_Driver/libstm32usb.a(usb_regs.o)
                0x0800c02c                ByteSwap
 *fill*         0x0800c036        0x2 00
 .text.USB_SIL_Init
                0x0800c038       0x20 lib/STM32_USB-FS-Device_Driver/libstm32usb.a(usb_sil.o)
                0x0800c038                USB_SIL_Init
 .text.USB_SIL_Write
                0x0800c058       0x28 lib/STM32_USB-FS-Device_Driver/libstm32usb.a(usb_sil.o)
                0x0800c058                USB_SIL_Write
 .text.USB_SIL_Read
                0x0800c080       0x24 lib/STM32_USB-FS-Device_Driver/libstm32usb.a(usb_sil.o)
                0x0800c080                USB_SIL_Read
 .text.memset   0x0800c0a4      0x12c /home/laurence/ARM-GCC/bin/../lib/gcc/arm-none-eabi/4.7.4/../../../../arm-none-eabi/lib/armv7-m/libc.a(lib_a-memset.o)
                0x0800c0a4                memset
 .text.srand    0x0800c1d0       0x18 /home/laurence/ARM-GCC/bin/../lib/gcc/arm-none-eabi/4.7.4/../../../../arm-none-eabi/lib/armv7-m/libc.a(lib_a-rand.o)
                0x0800c1d0                srand
 .text.rand     0x0800c1e8       0x48 /home/laurence/ARM-GCC/bin/../lib/gcc/arm-none-eabi/4.7.4/../../../../arm-none-eabi/lib/armv7-m/libc.a(lib_a-rand.o)
                0x0800c1e8                rand
 .text.sinf     0x0800c230       0x78 /home/laurence/ARM-GCC/bin/../lib/gcc/arm-none-eabi/4.7.4/../../../../arm-none-eabi/lib/armv7-m/libm.a(lib_a-sf_sin.o)
                0x0800c230                sinf
 .text.atan2    0x0800c2a8        0x4 /home/laurence/ARM-GCC/bin/../lib/gcc/arm-none-eabi/4.7.4/../../../../arm-none-eabi/lib/armv7-m/libm.a(lib_a-w_atan2.o)
                0x0800c2a8                atan2
 .text.acosf    0x0800c2ac       0xa0 /home/laurence/ARM-GCC/bin/../lib/gcc/arm-none-eabi/4.7.4/../../../../arm-none-eabi/lib/armv7-m/libm.a(lib_a-wf_acos.o)
                0x0800c2ac                acosf
 .text.atan2f   0x0800c34c        0x4 /home/laurence/ARM-GCC/bin/../lib/gcc/arm-none-eabi/4.7.4/../../../../arm-none-eabi/lib/armv7-m/libm.a(lib_a-wf_atan2.o)
                0x0800c34c                atan2f
 .text.sqrtf    0x0800c350       0x9c /home/laurence/ARM-GCC/bin/../lib/gcc/arm-none-eabi/4.7.4/../../../../arm-none-eabi/lib/armv7-m/libm.a(lib_a-wf_sqrt.o)
                0x0800c350                sqrtf
 *fill*         0x0800c3ec        0x4 00
 .text.__ieee754_atan2
                0x0800c3f0      0x218 /home/laurence/ARM-GCC/bin/../lib/gcc/arm-none-eabi/4.7.4/../../../../arm-none-eabi/lib/armv7-m/libm.a(lib_a-e_atan2.o)
                0x0800c3f0                __ieee754_atan2
 .text.__ieee754_acosf
                0x0800c608      0x368 /home/laurence/ARM-GCC/bin/../lib/gcc/arm-none-eabi/4.7.4/../../../../arm-none-eabi/lib/armv7-m/libm.a(lib_a-ef_acos.o)
                0x0800c608                __ieee754_acosf
 .text.__ieee754_atan2f
                0x0800c970      0x14c /home/laurence/ARM-GCC/bin/../lib/gcc/arm-none-eabi/4.7.4/../../../../arm-none-eabi/lib/armv7-m/libm.a(lib_a-ef_atan2.o)
                0x0800c970                __ieee754_atan2f
 .text.__ieee754_rem_pio2f
                0x0800cabc      0x358 /home/laurence/ARM-GCC/bin/../lib/gcc/arm-none-eabi/4.7.4/../../../../arm-none-eabi/lib/armv7-m/libm.a(lib_a-ef_rem_pio2.o)
                0x0800cabc                __ieee754_rem_pio2f
 .text.__ieee754_sqrtf
                0x0800ce14       0xd4 /home/laurence/ARM-GCC/bin/../lib/gcc/arm-none-eabi/4.7.4/../../../../arm-none-eabi/lib/armv7-m/libm.a(lib_a-ef_sqrt.o)
                0x0800ce14                __ieee754_sqrtf
 .text.__kernel_cosf
                0x0800cee8      0x1b8 /home/laurence/ARM-GCC/bin/../lib/gcc/arm-none-eabi/4.7.4/../../../../arm-none-eabi/lib/armv7-m/libm.a(lib_a-kf_cos.o)
                0x0800cee8                __kernel_cosf
 .text.__kernel_rem_pio2f
                0x0800d0a0      0xba0 /home/laurence/ARM-GCC/bin/../lib/gcc/arm-none-eabi/4.7.4/../../../../arm-none-eabi/lib/armv7-m/libm.a(lib_a-kf_rem_pio2.o)
                0x0800d0a0                __kernel_rem_pio2f
 .text.__kernel_sinf
                0x0800dc40      0x100 /home/laurence/ARM-GCC/bin/../lib/gcc/arm-none-eabi/4.7.4/../../../../arm-none-eabi/lib/armv7-m/libm.a(lib_a-kf_sin.o)
                0x0800dc40                __kernel_sinf
 .text.atan     0x0800dd40      0x368 /home/laurence/ARM-GCC/bin/../lib/gcc/arm-none-eabi/4.7.4/../../../../arm-none-eabi/lib/armv7-m/libm.a(lib_a-s_atan.o)
                0x0800dd40                atan
 .text.fabs     0x0800e0a8        0x8 /home/laurence/ARM-GCC/bin/../lib/gcc/arm-none-eabi/4.7.4/../../../../arm-none-eabi/lib/armv7-m/libm.a(lib_a-s_fabs.o)
                0x0800e0a8                fabs
 .text.matherr  0x0800e0b0        0x4 /home/laurence/ARM-GCC/bin/../lib/gcc/arm-none-eabi/4.7.4/../../../../arm-none-eabi/lib/armv7-m/libm.a(lib_a-s_matherr.o)
                0x0800e0b0                matherr
 .text.nan      0x0800e0b4        0xc /home/laurence/ARM-GCC/bin/../lib/gcc/arm-none-eabi/4.7.4/../../../../arm-none-eabi/lib/armv7-m/libm.a(lib_a-s_nan.o)
                0x0800e0b4                nan
 .text.atanf    0x0800e0c0      0x258 /home/laurence/ARM-GCC/bin/../lib/gcc/arm-none-eabi/4.7.4/../../../../arm-none-eabi/lib/armv7-m/libm.a(lib_a-sf_atan.o)
                0x0800e0c0                atanf
 .text.fabsf    0x0800e318        0x8 /home/laurence/ARM-GCC/bin/../lib/gcc/arm-none-eabi/4.7.4/../../../../arm-none-eabi/lib/armv7-m/libm.a(lib_a-sf_fabs.o)
                0x0800e318                fabsf
 .text.floorf   0x0800e320       0x94 /home/laurence/ARM-GCC/bin/../lib/gcc/arm-none-eabi/4.7.4/../../../../arm-none-eabi/lib/armv7-m/libm.a(lib_a-sf_floor.o)
                0x0800e320                floorf
 .text.__fpclassifyf
                0x0800e3b4       0x58 /home/laurence/ARM-GCC/bin/../lib/gcc/arm-none-eabi/4.7.4/../../../../arm-none-eabi/lib/armv7-m/libm.a(lib_a-sf_fpclassify.o)
                0x0800e3b4                __fpclassifyf
 .text.scalbnf  0x0800e40c       0xc0 /home/laurence/ARM-GCC/bin/../lib/gcc/arm-none-eabi/4.7.4/../../../../arm-none-eabi/lib/armv7-m/libm.a(lib_a-sf_scalbn.o)
                0x0800e40c                scalbnf
 .text.copysignf
                0x0800e4cc        0xc /home/laurence/ARM-GCC/bin/../lib/gcc/arm-none-eabi/4.7.4/../../../../arm-none-eabi/lib/armv7-m/libm.a(lib_a-sf_copysign.o)
                0x0800e4cc                copysignf
 .text._sbrk    0x0800e4d8       0x34 /home/laurence/ARM-GCC/bin/../lib/gcc/arm-none-eabi/4.7.4/../../../../arm-none-eabi/lib/armv7-m/libnosys.a(sbrk.o)
                0x0800e4d8                _sbrk
 .text.__errno  0x0800e50c        0xc /home/laurence/ARM-GCC/bin/../lib/gcc/arm-none-eabi/4.7.4/../../../../arm-none-eabi/lib/armv7-m/libc.a(lib_a-errno.o)
                0x0800e50c                __errno
 *(.rodata)
 .rodata        0x0800e518       0xb4 /tmp/ccWTX9NF.ltrans0.ltrans.o
                0x0800e5bd                DaysInMonth.5327
 .rodata        0x0800e5cc       0x32 /tmp/ccWTX9NF.ltrans1.ltrans.o
 .rodata        0x0800e5fe      0x3ce /tmp/ccWTX9NF.ltrans3.ltrans.o
 .rodata        0x0800e9cc       0x74 /tmp/ccWTX9NF.ltrans4.ltrans.o
 .rodata        0x0800ea40      0x180 /tmp/ccWTX9NF.ltrans8.ltrans.o
                0x0800ea40                Tbl.4894
 *(.rodata*)
 .rodata.str1.1
                0x0800ebc0      0x3b6 /tmp/ccWTX9NF.ltrans0.ltrans.o
                                0x3bb (size before relaxing)
 .rodata.str1.1
                0x0800ef76       0x16 /tmp/ccWTX9NF.ltrans1.ltrans.o
                                 0x19 (size before relaxing)
 .rodata.str1.1
                0x0800ef8c       0x10 /tmp/ccWTX9NF.ltrans8.ltrans.o
 .rodata.str1.4
                0x0800ef9c        0x2 /home/laurence/ARM-GCC/bin/../lib/gcc/arm-none-eabi/4.7.4/../../../../arm-none-eabi/lib/armv7-m/libc.a(lib_a-impure.o)
                                  0x4 (size before relaxing)
 *fill*         0x0800ef9e        0x2 00
 .rodata.str1.4
                0x0800efa0        0x9 /home/laurence/ARM-GCC/bin/../lib/gcc/arm-none-eabi/4.7.4/../../../../arm-none-eabi/lib/armv7-m/libm.a(lib_a-wf_acos.o)
                                  0xc (size before relaxing)
 *fill*         0x0800efa9        0x3 00
 .rodata.str1.4
                0x0800efac        0x8 /home/laurence/ARM-GCC/bin/../lib/gcc/arm-none-eabi/4.7.4/../../../../arm-none-eabi/lib/armv7-m/libm.a(lib_a-wf_sqrt.o)
 .rodata.npio2_hw
                0x0800efb4       0x80 /home/laurence/ARM-GCC/bin/../lib/gcc/arm-none-eabi/4.7.4/../../../../arm-none-eabi/lib/armv7-m/libm.a(lib_a-ef_rem_pio2.o)
 .rodata.two_over_pi
                0x0800f034      0x318 /home/laurence/ARM-GCC/bin/../lib/gcc/arm-none-eabi/4.7.4/../../../../arm-none-eabi/lib/armv7-m/libm.a(lib_a-ef_rem_pio2.o)
 .rodata.init_jk
                0x0800f34c        0xc /home/laurence/ARM-GCC/bin/../lib/gcc/arm-none-eabi/4.7.4/../../../../arm-none-eabi/lib/armv7-m/libm.a(lib_a-kf_rem_pio2.o)
 .rodata.PIo2   0x0800f358       0x2c /home/laurence/ARM-GCC/bin/../lib/gcc/arm-none-eabi/4.7.4/../../../../arm-none-eabi/lib/armv7-m/libm.a(lib_a-kf_rem_pio2.o)
 *fill*         0x0800f384        0x4 00
 .rodata.atanlo
                0x0800f388       0x20 /home/laurence/ARM-GCC/bin/../lib/gcc/arm-none-eabi/4.7.4/../../../../arm-none-eabi/lib/armv7-m/libm.a(lib_a-s_atan.o)
 .rodata.atanhi
                0x0800f3a8       0x20 /home/laurence/ARM-GCC/bin/../lib/gcc/arm-none-eabi/4.7.4/../../../../arm-none-eabi/lib/armv7-m/libm.a(lib_a-s_atan.o)
 .rodata.atanlo
                0x0800f3c8       0x10 /home/laurence/ARM-GCC/bin/../lib/gcc/arm-none-eabi/4.7.4/../../../../arm-none-eabi/lib/armv7-m/libm.a(lib_a-sf_atan.o)
 .rodata.atanhi
                0x0800f3d8       0x10 /home/laurence/ARM-GCC/bin/../lib/gcc/arm-none-eabi/4.7.4/../../../../arm-none-eabi/lib/armv7-m/libm.a(lib_a-sf_atan.o)
 *(.glue_7)
 .glue_7        0x00000000        0x0 linker stubs
 *(.glue_7t)
 .glue_7t       0x00000000        0x0 linker stubs
 *(.init)
 .init          0x0800f3e8        0x4 /home/laurence/ARM-GCC/bin/../lib/gcc/arm-none-eabi/4.7.4/armv7-m/crti.o
                0x0800f3e8                _init
 .init          0x0800f3ec        0x8 /home/laurence/ARM-GCC/bin/../lib/gcc/arm-none-eabi/4.7.4/armv7-m/crtn.o
 *(.fini)
 .fini          0x0800f3f4        0x4 /home/laurence/ARM-GCC/bin/../lib/gcc/arm-none-eabi/4.7.4/armv7-m/crti.o
                0x0800f3f4                _fini
 .fini          0x0800f3f8        0x8 /home/laurence/ARM-GCC/bin/../lib/gcc/arm-none-eabi/4.7.4/armv7-m/crtn.o
                0x0800f400                . = ALIGN (0x4)
                0x0800f400                _etext = .
                0x0800f400                _sidata = _etext

.vfp11_veneer   0x0800f400        0x0
 .vfp11_veneer  0x00000000        0x0 linker stubs

.v4_bx          0x0800f400        0x0
 .v4_bx         0x00000000        0x0 linker stubs

.iplt           0x0800f400        0x0
 .iplt          0x00000000        0x0 /home/laurence/ARM-GCC/bin/../lib/gcc/arm-none-eabi/4.7.4/armv7-m/crtbegin.o

.rel.dyn        0x0800f400        0x0
 .rel.iplt      0x00000000        0x0 /home/laurence/ARM-GCC/bin/../lib/gcc/arm-none-eabi/4.7.4/armv7-m/crtbegin.o

.flashpatch     0x00000000        0x0
                0x00000000                . = ALIGN (0x4)
 *(.flashpatch)
                0x00000000                . = ALIGN (0x4)

.endflash       0x00000000        0x0
                0x00000000                . = ALIGN (0x4)
 *(.endflash)
                0x00000000                . = ALIGN (0x4)
                0x00000000                _e_endflash = .

.data           0x20000000      0xa28 load address 0x0800f400
                0x20000000                . = ALIGN (0x4)
                0x20000000                _sdata = .
                0x20000000                _data = .
 *(.data)
 .data          0x20000000        0xc /tmp/ccWTX9NF.ltrans0.ltrans.o
                0x20000008                SP1ML_network_address
 .data          0x2000000c       0x18 /tmp/ccWTX9NF.ltrans1.ltrans.o
                0x20000020                Device_Table
 .data          0x20000024       0x24 /tmp/ccWTX9NF.ltrans3.ltrans.o
                0x20000024                DCM_glob
 .data          0x20000048       0x68 /tmp/ccWTX9NF.ltrans4.ltrans.o
                0x20000064                String_Descriptor
                0x2000008c                User_Standard_Requests
 .data          0x200000b0       0x40 /tmp/ccWTX9NF.ltrans6.ltrans.o
                0x200000b0                I2C_jobs
 .data          0x200000f0       0xac /tmp/ccWTX9NF.ltrans7.ltrans.o
                0x200000f0                Scsi_Sense_Data
                0x20000164                pEpInt_OUT
                0x20000180                pEpInt_IN
 .data          0x2000019c        0x1 /tmp/ccWTX9NF.ltrans9.ltrans.o
 *fill*         0x2000019d        0x3 00
 .data          0x200001a0       0x34 /tmp/ccWTX9NF.ltrans10.ltrans.o
                0x200001a0                Device_Property
                0x200001d1                Stat.5521
 *(.data.*)
 .data.__malloc_av_
                0x200001d4      0x408 /home/laurence/ARM-GCC/bin/../lib/gcc/arm-none-eabi/4.7.4/../../../../arm-none-eabi/lib/armv7-m/libc.a(lib_a-mallocr.o)
                0x200001d4                __malloc_av_
 .data.__malloc_trim_threshold
                0x200005dc        0x4 /home/laurence/ARM-GCC/bin/../lib/gcc/arm-none-eabi/4.7.4/../../../../arm-none-eabi/lib/armv7-m/libc.a(lib_a-mallocr.o)
                0x200005dc                __malloc_trim_threshold
 .data.__malloc_sbrk_base
                0x200005e0        0x4 /home/laurence/ARM-GCC/bin/../lib/gcc/arm-none-eabi/4.7.4/../../../../arm-none-eabi/lib/armv7-m/libc.a(lib_a-mallocr.o)
                0x200005e0                __malloc_sbrk_base
 .data.ADCPrescTable
                0x200005e4        0x4 lib/STM32F10x_StdPeriph_Driver/libstm32fw.a(stm32f10x_rcc.o)
 .data.APBAHBPrescTable
                0x200005e8       0x10 lib/STM32F10x_StdPeriph_Driver/libstm32fw.a(stm32f10x_rcc.o)
 .data.impure_data
                0x200005f8      0x428 /home/laurence/ARM-GCC/bin/../lib/gcc/arm-none-eabi/4.7.4/../../../../arm-none-eabi/lib/armv7-m/libc.a(lib_a-impure.o)
 .data._impure_ptr
                0x20000a20        0x4 /home/laurence/ARM-GCC/bin/../lib/gcc/arm-none-eabi/4.7.4/../../../../arm-none-eabi/lib/armv7-m/libc.a(lib_a-impure.o)
                0x20000a20                _impure_ptr
 .data.__fdlib_version
                0x20000a24        0x1 /home/laurence/ARM-GCC/bin/../lib/gcc/arm-none-eabi/4.7.4/../../../../arm-none-eabi/lib/armv7-m/libm.a(lib_a-s_lib_ver.o)
                0x20000a24                __fdlib_version
 *(.RAMtext)
                0x20000a28                . = ALIGN (0x4)
 *fill*         0x20000a25        0x3 00
                0x20000a28                _edata = .
                0x0800fe28                _eidata = (_sidata + (_edata - _sdata))
                0x08020000                _lastdataromaddress = (ORIGIN (FLASH) + 0x20000)
                0x00000000                toobig = (_eidata > _lastdataromaddress)?!!!!!!!!! FLASH IS FULL !!!!!!!!!:0x0

.igot.plt       0x20000a28        0x0 load address 0x0800fe28
 .igot.plt      0x00000000        0x0 /home/laurence/ARM-GCC/bin/../lib/gcc/arm-none-eabi/4.7.4/armv7-m/crtbegin.o

.bss            0x20000a28     0x1380 load address 0x0800fe28
                0x20000a28                . = ALIGN (0x4)
                0x20000a28                _sbss = .
                0x20000a28                _bss = .
 *(.bss)
 .bss           0x20000a28      0xda8 /tmp/ccWTX9NF.ltrans0.ltrans.o
                0x20000e50                bootsource
                0x20000e54                Millis
                0x20000e5c                Gps_Buffer
                0x20000e68                rputchar.5800
                0x20000e6c                Status
                0x20000e70                Data_Buffer
                0x20000e74                bDeviceState
                0x20000e78                Battery_Voltage
                0x20000e7c                Jobs
                0x20000e80                FatFs.5248
                0x200010bc                FATFS_wavfile
                0x20001314                print_string
                0x20001330                FATFS_wavfile_gps
                0x20001554                FATFS_wavfile_imu
                0x20001778                file_opened
                0x20001779                flashCodeEnabled
                0x2000177c                Gps
                0x200017b8                GPS_telem
                0x200017c4                flashCode
                0x200017c9                SP1ML_state
                0x200017cd                System_state_Global
                0x200017ce                Shutdown_System
 .bss           0x200017d0       0xa8 /tmp/ccWTX9NF.ltrans1.ltrans.o
 .bss           0x20001878       0x14 /tmp/ccWTX9NF.ltrans2.ltrans.o
 .bss           0x2000188c       0x30 /tmp/ccWTX9NF.ltrans3.ltrans.o
 .bss           0x200018bc        0xc /tmp/ccWTX9NF.ltrans4.ltrans.o
 .bss           0x200018c8        0xc /tmp/ccWTX9NF.ltrans5.ltrans.o
 .bss           0x200018d4        0x4 /tmp/ccWTX9NF.ltrans6.ltrans.o
                0x200018d7                CurrVol.5247
 .bss           0x200018d8       0xb0 /tmp/ccWTX9NF.ltrans7.ltrans.o
                0x200018d8                TransferState
                0x200018dc                Mass_Block_Size
                0x200018e8                Sd_Spi_Called_From_USB_MSC
                0x200018f0                CSW
                0x20001900                Bot_State
                0x20001904                CBW
                0x20001931                Bulk_Data_Buff
                0x20001972                Data_Len
                0x20001974                Max_Lun
                0x20001978                Mass_Block_Count
 .bss           0x20001988        0x1 /tmp/ccWTX9NF.ltrans8.ltrans.o
                0x20001988                CardType.5522
 *fill*         0x20001989        0x3 00
 .bss           0x2000198c      0x384 /tmp/ccWTX9NF.ltrans9.ltrans.o
                0x20001a10                raw_data.7585
                0x20001a2c                channel_wct_conf.7596
                0x20001a30                wct.7583
                0x20001a33                Enable.7598
                0x20001a34                ECG_buffers
                0x20001af4                old_quality_mask.7600
                0x20001af8                old_wct.7599
                0x20001afd                ADS1298_Error_Status
                0x20001b05                Gain.7595
                0x20001b08                Completed_Jobs
                0x20001b0c                LSM9DS1_Gyro_Buffer
                0x20001b18                IMU_buff
                0x20001bb8                LSM9DS1_Acc_Buffer
                0x20001bc0                LSM9DS1_Mag_Buffer
                0x20001bce                I2C1error
                0x20001bd0                I2C_failure
                0x20001c94                Filtered_ECG
                0x20001ca6                SP1ML_tx_rx_state
                0x20001cb4                Usart3_rx_buff
                0x20001cc4                SP1ML_tx_sequence_number
                0x20001cd4                Usart1_rx_buff
                0x20001ce4                RN42_tx_sequence_number
                0x20001ce8                Usart3_tx_buff
                0x20001cf8                SP1ML_tx_bytes
                0x20001cfc                SP1ML_withold
                0x20001d00                Usart1_tx_buff
 .bss           0x20001d10       0x1c /tmp/ccWTX9NF.ltrans10.ltrans.o
                0x20001d10                wIstr
                0x20001d14                Timer1.5516
                0x20001d18                Timer2.5517
                0x20001d29                job
 *(.bss.*)
 .bss.__malloc_max_total_mem
                0x20001d2c        0x4 /home/laurence/ARM-GCC/bin/../lib/gcc/arm-none-eabi/4.7.4/../../../../arm-none-eabi/lib/armv7-m/libc.a(lib_a-mallocr.o)
                0x20001d2c                __malloc_max_total_mem
 .bss.__malloc_max_sbrked_mem
                0x20001d30        0x4 /home/laurence/ARM-GCC/bin/../lib/gcc/arm-none-eabi/4.7.4/../../../../arm-none-eabi/lib/armv7-m/libc.a(lib_a-mallocr.o)
                0x20001d30                __malloc_max_sbrked_mem
 .bss.__malloc_top_pad
                0x20001d34        0x4 /home/laurence/ARM-GCC/bin/../lib/gcc/arm-none-eabi/4.7.4/../../../../arm-none-eabi/lib/armv7-m/libc.a(lib_a-mallocr.o)
                0x20001d34                __malloc_top_pad
 .bss.__malloc_current_mallinfo