Archive member included to satisfy reference by file (symbol)

lib/STM32F10x_StdPeriph_Driver/libstm32fw.a(misc.o)
                              interrupts.o (symbol from plugin) (NVIC_PriorityGroupConfig)
lib/STM32F10x_StdPeriph_Driver/libstm32fw.a(stm32f10x_adc.o)
                              adc.o (symbol from plugin) (ADC_DeInit)
lib/STM32F10x_StdPeriph_Driver/libstm32fw.a(stm32f10x_bkp.o)
                              Util/fat_fs/src/rtc.o (symbol from plugin) (BKP_DeInit)
lib/STM32F10x_StdPeriph_Driver/libstm32fw.a(stm32f10x_dbgmcu.o)
                              main.o (symbol from plugin) (DBGMCU_Config)
lib/STM32F10x_StdPeriph_Driver/libstm32fw.a(stm32f10x_dma.o)
                              Util/fat_fs/src/sd_spi_stm32.o (symbol from plugin) (DMA_DeInit)
lib/STM32F10x_StdPeriph_Driver/libstm32fw.a(stm32f10x_exti.o)
                              interrupts.o (symbol from plugin) (EXTI_DeInit)
lib/STM32F10x_StdPeriph_Driver/libstm32fw.a(stm32f10x_gpio.o)
                              Util/fat_fs/src/sd_spi_stm32.o (symbol from plugin) (GPIO_Init)
lib/STM32F10x_StdPeriph_Driver/libstm32fw.a(stm32f10x_i2c.o)
                              i2c_int.o (symbol from plugin) (I2C_DeInit)
lib/STM32F10x_StdPeriph_Driver/libstm32fw.a(stm32f10x_iwdg.o)
                              watchdog.o (symbol from plugin) (IWDG_WriteAccessCmd)
lib/STM32F10x_StdPeriph_Driver/libstm32fw.a(stm32f10x_pwr.o)
                              pwr.o (symbol from plugin) (PWR_DeInit)
lib/STM32F10x_StdPeriph_Driver/libstm32fw.a(stm32f10x_rcc.o)
                              interrupts.o (symbol from plugin) (RCC_HCLKConfig)
lib/STM32F10x_StdPeriph_Driver/libstm32fw.a(stm32f10x_rtc.o)
                              Util/fat_fs/src/rtc.o (symbol from plugin) (RTC_GetCounter)
lib/STM32F10x_StdPeriph_Driver/libstm32fw.a(stm32f10x_spi.o)
                              Util/fat_fs/src/sd_spi_stm32.o (symbol from plugin) (SPI_I2S_DeInit)
lib/STM32F10x_StdPeriph_Driver/libstm32fw.a(stm32f10x_tim.o)
                              timer.o (symbol from plugin) (TIM_DeInit)
lib/STM32F10x_StdPeriph_Driver/libstm32fw.a(stm32f10x_usart.o)
                              Util/rn42_command.o (symbol from plugin) (USART_DeInit)
lib/STM32_USB-FS-Device_Driver/libstm32usb.a(usb_core.o)
                              Util/USB/usb_prop.o (symbol from plugin) (Standard_GetDescriptorData)
lib/STM32_USB-FS-Device_Driver/libstm32usb.a(usb_init.o)
                              main.o (symbol from plugin) (USB_Init)
lib/STM32_USB-FS-Device_Driver/libstm32usb.a(usb_int.o)
                              Util/USB/usb_istr.o (symbol from plugin) (CTR_LP)
lib/STM32_USB-FS-Device_Driver/libstm32usb.a(usb_mem.o)
                              lib/STM32_USB-FS-Device_Driver/libstm32usb.a(usb_core.o) (UserToPMABufferCopy)
lib/STM32_USB-FS-Device_Driver/libstm32usb.a(usb_regs.o)
                              Util/USB/usb_prop.o (symbol from plugin) (SetBTABLE)
lib/STM32_USB-FS-Device_Driver/libstm32usb.a(usb_sil.o)
                              Util/USB/usb_prop.o (symbol from plugin) (USB_SIL_Init)
/home/laurence/ARM-GCC/gcc-arm-none-eabi-5_3-2016q1/bin/../lib/gcc/arm-none-eabi/5.3.1/../../../../arm-none-eabi/lib/armv7-m/libg_nano.a(lib_a-exit.o)
                              /home/laurence/ARM-GCC/gcc-arm-none-eabi-5_3-2016q1/bin/../lib/gcc/arm-none-eabi/5.3.1/../../../../arm-none-eabi/lib/armv7-m/crt0.o (exit)
/home/laurence/ARM-GCC/gcc-arm-none-eabi-5_3-2016q1/bin/../lib/gcc/arm-none-eabi/5.3.1/../../../../arm-none-eabi/lib/armv7-m/libg_nano.a(lib_a-impure.o)
                              /home/laurence/ARM-GCC/gcc-arm-none-eabi-5_3-2016q1/bin/../lib/gcc/arm-none-eabi/5.3.1/../../../../arm-none-eabi/lib/armv7-m/libg_nano.a(lib_a-exit.o) (_global_impure_ptr)
/home/laurence/ARM-GCC/gcc-arm-none-eabi-5_3-2016q1/bin/../lib/gcc/arm-none-eabi/5.3.1/../../../../arm-none-eabi/lib/armv7-m/libg_nano.a(lib_a-init.o)
                              /home/laurence/ARM-GCC/gcc-arm-none-eabi-5_3-2016q1/bin/../lib/gcc/arm-none-eabi/5.3.1/../../../../arm-none-eabi/lib/armv7-m/crt0.o (__libc_init_array)
/home/laurence/ARM-GCC/gcc-arm-none-eabi-5_3-2016q1/bin/../lib/gcc/arm-none-eabi/5.3.1/../../../../arm-none-eabi/lib/armv7-m/libg_nano.a(lib_a-memset.o)
                              /home/laurence/ARM-GCC/gcc-arm-none-eabi-5_3-2016q1/bin/../lib/gcc/arm-none-eabi/5.3.1/../../../../arm-none-eabi/lib/armv7-m/crt0.o (memset)
/home/laurence/ARM-GCC/gcc-arm-none-eabi-5_3-2016q1/bin/../lib/gcc/arm-none-eabi/5.3.1/../../../../arm-none-eabi/lib/armv7-m/libg_nano.a(lib_a-rand.o)
                              Util/sp1ml_command.o (symbol from plugin) (srand)
/home/laurence/ARM-GCC/gcc-arm-none-eabi-5_3-2016q1/bin/../lib/gcc/arm-none-eabi/5.3.1/../../../../arm-none-eabi/lib/armv7-m/libg_nano.a(lib_a-malloc.o)
                              /home/laurence/ARM-GCC/gcc-arm-none-eabi-5_3-2016q1/bin/../lib/gcc/arm-none-eabi/5.3.1/../../../../arm-none-eabi/lib/armv7-m/libg_nano.a(lib_a-rand.o) (malloc)
[...]
Memory Configuration

Name             Origin             Length             Attributes
RAM              0x20000000         0x00005000         xrw
FLASH            0x08000000         0x00020000         xr
*default*        0x00000000         0xffffffff

Linker script and memory map

LOAD /home/laurence/ARM-GCC/gcc-arm-none-eabi-5_3-2016q1/bin/../lib/gcc/arm-none-eabi/5.3.1/armv7-m/crti.o
LOAD /home/laurence/ARM-GCC/gcc-arm-none-eabi-5_3-2016q1/bin/../lib/gcc/arm-none-eabi/5.3.1/armv7-m/crtbegin.o
LOAD /home/laurence/ARM-GCC/gcc-arm-none-eabi-5_3-2016q1/bin/../lib/gcc/arm-none-eabi/5.3.1/../../../../arm-none-eabi/lib/armv7-m/crt0.o
LOAD Util/USB/hw_config.o
LOAD /tmp/ccAdx7OJ.ltrans0.ltrans.o
LOAD /tmp/ccAdx7OJ.ltrans1.ltrans.o
LOAD /tmp/ccAdx7OJ.ltrans2.ltrans.o
LOAD /tmp/ccAdx7OJ.ltrans3.ltrans.o
LOAD /tmp/ccAdx7OJ.ltrans4.ltrans.o
LOAD /tmp/ccAdx7OJ.ltrans5.ltrans.o
LOAD /tmp/ccAdx7OJ.ltrans6.ltrans.o
LOAD /tmp/ccAdx7OJ.ltrans7.ltrans.o
LOAD /tmp/ccAdx7OJ.ltrans8.ltrans.o
LOAD /tmp/ccAdx7OJ.ltrans9.ltrans.o
LOAD /tmp/ccAdx7OJ.ltrans10.ltrans.o
LOAD /tmp/ccAdx7OJ.ltrans11.ltrans.o
LOAD /tmp/ccAdx7OJ.ltrans12.ltrans.o
LOAD /tmp/ccAdx7OJ.ltrans13.ltrans.o
LOAD /tmp/ccAdx7OJ.ltrans14.ltrans.o
LOAD /tmp/ccAdx7OJ.ltrans15.ltrans.o
LOAD /tmp/ccAdx7OJ.ltrans16.ltrans.o
LOAD Util/USB/mass_mal.o
LOAD Util/USB/memory.o
LOAD Util/USB/scsi_data.o
LOAD Util/USB/usb_bot.o
LOAD Util/USB/usb_desc.o
LOAD Util/USB/usb_endp.o
LOAD Util/USB/usb_istr.o
LOAD Util/USB/usb_prop.o
LOAD Util/USB/usb_pwr.o
LOAD Util/USB/usb_scsi.o
LOAD Util/buffer.o
LOAD Util/data_alignment.o
LOAD Util/dcm_attitude.o
LOAD Util/delay.o
LOAD Util/fat_fs/option/ccsbcs.o
LOAD Util/fat_fs/src/fattime.o
LOAD Util/fat_fs/src/ff.o
LOAD Util/fat_fs/src/rtc.o
LOAD Util/fat_fs/src/sd_spi_stm32.o
LOAD Util/filter.o
LOAD Util/load_setting.o
LOAD Util/rn42_command.o
LOAD Util/rn42_conf.o
LOAD Util/rprintf.o
LOAD Util/rtc_correct.o
LOAD Util/sp1ml_command.o
LOAD Util/wave.o
LOAD adc.o
LOAD bootload.o
LOAD dma.o
LOAD gpio.o
LOAD i2c_int.o
LOAD interrupts.o
LOAD lib/ARM-GCC/startup_ARMCM3.o
LOAD lib/CMSIS_CM3/core_cm3.o
LOAD lib/CMSIS_CM3/system_stm32f10x.o
LOAD main.o
LOAD pwr.o
LOAD timer.o
LOAD usart.o
LOAD watchdog.o
LOAD Sensors/ads1298.o
LOAD Sensors/lsm9ds1.o
LOAD Sensors/ubx.o
LOAD lib/STM32F10x_StdPeriph_Driver/libstm32fw.a
LOAD lib/STM32_USB-FS-Device_Driver/libstm32usb.a
LOAD /home/laurence/ARM-GCC/gcc-arm-none-eabi-5_3-2016q1/bin/../lib/gcc/arm-none-eabi/5.3.1/../../../../arm-none-eabi/lib/armv7-m/libm.a
LOAD /home/laurence/ARM-GCC/gcc-arm-none-eabi-5_3-2016q1/bin/../lib/gcc/arm-none-eabi/5.3.1/../../../../arm-none-eabi/lib/armv7-m/libnosys.a
START GROUP
LOAD /home/laurence/ARM-GCC/gcc-arm-none-eabi-5_3-2016q1/bin/../lib/gcc/arm-none-eabi/5.3.1/armv7-m/libgcc.a
LOAD /home/laurence/ARM-GCC/gcc-arm-none-eabi-5_3-2016q1/bin/../lib/gcc/arm-none-eabi/5.3.1/../../../../arm-none-eabi/lib/armv7-m/libg_nano.a
LOAD /home/laurence/ARM-GCC/gcc-arm-none-eabi-5_3-2016q1/bin/../lib/gcc/arm-none-eabi/5.3.1/../../../../arm-none-eabi/lib/armv7-m/libc_nano.a
END GROUP
START GROUP
LOAD /home/laurence/ARM-GCC/gcc-arm-none-eabi-5_3-2016q1/bin/../lib/gcc/arm-none-eabi/5.3.1/armv7-m/libgcc.a
LOAD /home/laurence/ARM-GCC/gcc-arm-none-eabi-5_3-2016q1/bin/../lib/gcc/arm-none-eabi/5.3.1/../../../../arm-none-eabi/lib/armv7-m/libc_nano.a
LOAD /home/laurence/ARM-GCC/gcc-arm-none-eabi-5_3-2016q1/bin/../lib/gcc/arm-none-eabi/5.3.1/../../../../arm-none-eabi/lib/armv7-m/libnosys.a
END GROUP
START GROUP
LOAD /home/laurence/ARM-GCC/gcc-arm-none-eabi-5_3-2016q1/bin/../lib/gcc/arm-none-eabi/5.3.1/armv7-m/libgcc.a
LOAD /home/laurence/ARM-GCC/gcc-arm-none-eabi-5_3-2016q1/bin/../lib/gcc/arm-none-eabi/5.3.1/../../../../arm-none-eabi/lib/armv7-m/libc_nano.a
LOAD /home/laurence/ARM-GCC/gcc-arm-none-eabi-5_3-2016q1/bin/../lib/gcc/arm-none-eabi/5.3.1/../../../../arm-none-eabi/lib/armv7-m/libnosys.a
END GROUP
LOAD /home/laurence/ARM-GCC/gcc-arm-none-eabi-5_3-2016q1/bin/../lib/gcc/arm-none-eabi/5.3.1/armv7-m/crtend.o
LOAD /home/laurence/ARM-GCC/gcc-arm-none-eabi-5_3-2016q1/bin/../lib/gcc/arm-none-eabi/5.3.1/armv7-m/crtn.o
                0x00002000                __HEAP_SIZE = 0x2000
                0x00000c00                __STACK_SIZE = 0xc00

.text           0x08000000    0x13aac
 *(.isr_vector)
 .isr_vector    0x08000000      0x10c lib/ARM-GCC/startup_ARMCM3.o
                0x08000000                __isr_vector
 *(.text*)
 .text          0x0800010c       0x5c /home/laurence/ARM-GCC/gcc-arm-none-eabi-5_3-2016q1/bin/../lib/gcc/arm-none-eabi/5.3.1/armv7-m/crtbegin.o
 .text          0x08000168       0x74 /home/laurence/ARM-GCC/gcc-arm-none-eabi-5_3-2016q1/bin/../lib/gcc/arm-none-eabi/5.3.1/../../../../arm-none-eabi/lib/armv7-m/crt0.o
                0x08000168                _mainCRTStartup
                0x08000168                _start
 *fill*         0x080001dc        0x4 
 .text.startup.main
                0x080001e0     0x2d68 /tmp/ccAdx7OJ.ltrans0.ltrans.o
                0x080001e0                main
 .text.EP2_OUT_Callback
                0x08002f48      0x974 /tmp/ccAdx7OJ.ltrans1.ltrans.o
 *fill*         0x080038bc        0x4 
 .text.DMA1_Channel4_IRQHandler
                0x080038c0     0x2284 /tmp/ccAdx7OJ.ltrans2.ltrans.o
                0x080038c0                DMA1_Channel4_IRQHandler
 .text.__usart_send_char
                0x08005b44       0xa0 /tmp/ccAdx7OJ.ltrans3.ltrans.o
                0x08005b44                __usart_send_char
 .text.__str_print_char
                0x08005be4       0xfc /tmp/ccAdx7OJ.ltrans3.ltrans.o
                0x08005be4                __str_print_char
 .text.__fat_print_char
                0x08005ce0       0x5c /tmp/ccAdx7OJ.ltrans3.ltrans.o
                0x08005ce0                __fat_print_char
 .text.ads1298_spi_dma_transaction
                0x08005d3c       0xec /tmp/ccAdx7OJ.ltrans3.ltrans.o
                0x08005d3c                ads1298_spi_dma_transaction
 .text.ads1298_busy_wait_command
                0x08005e28       0x4c /tmp/ccAdx7OJ.ltrans3.ltrans.o
                0x08005e28                ads1298_busy_wait_command
 .text.unlikely.ads1298_busy_wait_write
                0x08005e74       0x88 /tmp/ccAdx7OJ.ltrans3.ltrans.o
                0x08005e74                ads1298_busy_wait_write
 .text.USART3_IRQHandler
                0x08005efc      0x134 /tmp/ccAdx7OJ.ltrans3.ltrans.o
                0x08005efc                USART3_IRQHandler
 .text.USART1_IRQHandler
                0x08006030       0xd4 /tmp/ccAdx7OJ.ltrans3.ltrans.o
                0x08006030                USART1_IRQHandler
 .text.Gps_Send_Str
                0x08006104       0x2c /tmp/ccAdx7OJ.ltrans3.ltrans.o
                0x08006104                Gps_Send_Str
 .text.Gps_Send_Utf8
                0x08006130       0x30 /tmp/ccAdx7OJ.ltrans3.ltrans.o
                0x08006130                Gps_Send_Utf8
 .text.Usart3_Send_Str
                0x08006160       0x2c /tmp/ccAdx7OJ.ltrans3.ltrans.o
                0x08006160                Usart3_Send_Str
 .text.Usart_Send_Str
                0x0800618c       0xf8 /tmp/ccAdx7OJ.ltrans3.ltrans.o
                0x0800618c                Usart_Send_Str
 .text.setup_pwm
                0x08006284       0x88 /tmp/ccAdx7OJ.ltrans3.ltrans.o
                0x08006284                setup_pwm
 .text.shutdown_filesystem
                0x0800630c      0x464 /tmp/ccAdx7OJ.ltrans3.ltrans.o
                0x0800630c                shutdown_filesystem
 .text.check_fs.lto_priv.106
                0x08006770       0xac /tmp/ccAdx7OJ.ltrans4.ltrans.o
                0x08006770                check_fs.lto_priv.106
 .text.follow_path.lto_priv.86
                0x0800681c      0x3b8 /tmp/ccAdx7OJ.ltrans4.ltrans.o
                0x0800681c                follow_path.lto_priv.86
 .text.get_fileinfo.lto_priv.89
                0x08006bd4      0x2c8 /tmp/ccAdx7OJ.ltrans4.ltrans.o
                0x08006bd4                get_fileinfo.lto_priv.89
 .text.dir_register.lto_priv.96
                0x08006e9c      0x6f0 /tmp/ccAdx7OJ.ltrans4.ltrans.o
                0x08006e9c                dir_register.lto_priv.96
 .text.dir_read.lto_priv.84
                0x0800758c      0x434 /tmp/ccAdx7OJ.ltrans4.ltrans.o
                0x0800758c                dir_read.lto_priv.84
 .text.send_cmd
                0x080079c0      0x16c /tmp/ccAdx7OJ.ltrans5.ltrans.o
                0x080079c0                send_cmd
 .text.stm32_spi_rw.lto_priv.63
                0x08007b2c       0x24 /tmp/ccAdx7OJ.ltrans5.ltrans.o
                0x08007b2c                stm32_spi_rw.lto_priv.63
 .text.wait_ready.lto_priv.65
                0x08007b50       0x54 /tmp/ccAdx7OJ.ltrans5.ltrans.o
                0x08007b50                wait_ready.lto_priv.65
 .text.stm32_dma_transfer.lto_priv.67
                0x08007ba4       0xd4 /tmp/ccAdx7OJ.ltrans5.ltrans.o
                0x08007ba4                stm32_dma_transfer.lto_priv.67
 .text.rcvr_datablock
                0x08007c78       0x70 /tmp/ccAdx7OJ.ltrans5.ltrans.o
                0x08007c78                rcvr_datablock
 .text.counter_to_struct.lto_priv.97
                0x08007ce8      0x128 /tmp/ccAdx7OJ.ltrans5.ltrans.o
                0x08007ce8                counter_to_struct.lto_priv.97
 .text.rtc_gettime
                0x08007e10       0x84 /tmp/ccAdx7OJ.ltrans5.ltrans.o
                0x08007e10                rtc_gettime
 .text.f_write.part.9.lto_priv.90
                0x08007e94      0x350 /tmp/ccAdx7OJ.ltrans5.ltrans.o
                0x08007e94                f_write.part.9.lto_priv.90
 .text.remove_chain.part.6.lto_priv.83
                0x080081e4      0x110 /tmp/ccAdx7OJ.ltrans5.ltrans.o
                0x080081e4                remove_chain.part.6.lto_priv.83
 .text.dir_find.part.5.lto_priv.108
                0x080082f4      0x2e4 /tmp/ccAdx7OJ.ltrans5.ltrans.o
                0x080082f4                dir_find.part.5.lto_priv.108
 .text.dir_sdi.lto_priv.85
                0x080085d8       0xa8 /tmp/ccAdx7OJ.ltrans6.ltrans.o
                0x080085d8                dir_sdi.lto_priv.85
 .text.move_window.lto_priv.88
                0x08008680      0x1a8 /tmp/ccAdx7OJ.ltrans6.ltrans.o
                0x08008680                move_window.lto_priv.88
 .text.create_chain.lto_priv.95
                0x08008828      0x190 /tmp/ccAdx7OJ.ltrans6.ltrans.o
                0x08008828                create_chain.lto_priv.95
 .text.sync.lto_priv.82
                0x080089b8       0xe0 /tmp/ccAdx7OJ.ltrans6.ltrans.o
                0x080089b8                sync.lto_priv.82
 .text.get_fattime
                0x08008a98       0x44 /tmp/ccAdx7OJ.ltrans6.ltrans.o
                0x08008a98                get_fattime
 .text.Delay    0x08008adc       0x20 /tmp/ccAdx7OJ.ltrans6.ltrans.o
                0x08008adc                Delay
 .text.Add_To_Buffer
                0x08008afc       0x50 /tmp/ccAdx7OJ.ltrans6.ltrans.o
                0x08008afc                Add_To_Buffer
 .text.unlikely.SCSI_Invalid_Cmd
                0x08008b4c       0x6c /tmp/ccAdx7OJ.ltrans6.ltrans.o
                0x08008b4c                SCSI_Invalid_Cmd
 .text.rprintf2RamRom
                0x08008bb8      0x7d4 /tmp/ccAdx7OJ.ltrans7.ltrans.o
                0x08008bb8                rprintf2RamRom
 .text.disk_write.part.5.lto_priv.64
                0x0800938c      0x218 /tmp/ccAdx7OJ.ltrans7.ltrans.o
                0x0800938c                disk_write.part.5.lto_priv.64
 .text.disk_read.part.4.lto_priv.66
                0x080095a4      0x124 /tmp/ccAdx7OJ.ltrans7.ltrans.o
                0x080095a4                disk_read.part.4.lto_priv.66
 .text.disk_initialize
                0x080096c8      0x248 /tmp/ccAdx7OJ.ltrans7.ltrans.o
                0x080096c8                disk_initialize
 .text.put_fat.part.4.lto_priv.99
                0x08009910      0x128 /tmp/ccAdx7OJ.ltrans8.ltrans.o
                0x08009910                put_fat.part.4.lto_priv.99
 .text.get_fat.part.3.lto_priv.68
                0x08009a38       0xc0 /tmp/ccAdx7OJ.ltrans8.ltrans.o
                0x08009a38                get_fat.part.3.lto_priv.68
 .text.f_lseek  0x08009af8      0x204 /tmp/ccAdx7OJ.ltrans8.ltrans.o
                0x08009af8                f_lseek
 .text.f_sync   0x08009cfc      0x108 /tmp/ccAdx7OJ.ltrans8.ltrans.o
                0x08009cfc                f_sync
 .text.unlikely.f_close
                0x08009e04       0x10 /tmp/ccAdx7OJ.ltrans8.ltrans.o
                0x08009e04                f_close
 .text.f_write  0x08009e14       0x4c /tmp/ccAdx7OJ.ltrans8.ltrans.o
                0x08009e14                f_write
 .text.chk_mounted.lto_priv.87
                0x08009e60      0x264 /tmp/ccAdx7OJ.ltrans8.ltrans.o
                0x08009e60                chk_mounted.lto_priv.87
 .text.f_open   0x0800a0c4      0x14c /tmp/ccAdx7OJ.ltrans8.ltrans.o
                0x0800a0c4                f_open
 .text.unlikely.read_config_file.constprop.24
                0x0800a210      0x48c /tmp/ccAdx7OJ.ltrans9.ltrans.o
                0x0800a210                read_config_file.constprop.24
 .text.Get_UBX_Ack.constprop.8
                0x0800a69c       0xcc /tmp/ccAdx7OJ.ltrans9.ltrans.o
                0x0800a69c                Get_UBX_Ack.constprop.8
 .text.USART2_reconf.constprop.7
                0x0800a768       0x54 /tmp/ccAdx7OJ.ltrans9.ltrans.o
                0x0800a768                USART2_reconf.constprop.7
 .text.ads1298_wct_config.constprop.3
                0x0800a7bc      0x158 /tmp/ccAdx7OJ.ltrans9.ltrans.o
                0x0800a7bc                ads1298_wct_config.constprop.3
 .text.unlikely.ads1298_setup.constprop.2
                0x0800a914      0x398 /tmp/ccAdx7OJ.ltrans9.ltrans.o
                0x0800a914                ads1298_setup.constprop.2
 .text.Gps_DMA_Process
                0x0800acac      0x318 /tmp/ccAdx7OJ.ltrans9.ltrans.o
                0x0800acac                Gps_DMA_Process
 .text.EXTI9_5_IRQHandler
                0x0800afc4       0x34 /tmp/ccAdx7OJ.ltrans9.ltrans.o
                0x0800afc4                EXTI9_5_IRQHandler
 .text.I2C1_ER_IRQHandler
                0x0800aff8      0x150 /tmp/ccAdx7OJ.ltrans10.ltrans.o
                0x0800aff8                I2C1_ER_IRQHandler
 .text.I2C1_EV_IRQHandler
                0x0800b148      0x608 /tmp/ccAdx7OJ.ltrans10.ltrans.o
                0x0800b148                I2C1_EV_IRQHandler
 .text.ADC_Configuration
                0x0800b750      0x10c /tmp/ccAdx7OJ.ltrans10.ltrans.o
                0x0800b750                ADC_Configuration
 .text.wave_terminate
                0x0800b85c      0x194 /tmp/ccAdx7OJ.ltrans10.ltrans.o
                0x0800b85c                wave_terminate
 .text.write_wave_header
                0x0800b9f0       0xf0 /tmp/ccAdx7OJ.ltrans10.ltrans.o
                0x0800b9f0                write_wave_header
 .text.Get_Max_Lun
                0x0800bae0       0x18 /tmp/ccAdx7OJ.ltrans11.ltrans.o
 .text.MASS_Get_Interface_Setting
                0x0800baf8       0x10 /tmp/ccAdx7OJ.ltrans11.ltrans.o
                0x0800baf8                MASS_Get_Interface_Setting
 .text.MASS_Data_Setup
                0x0800bb08       0x38 /tmp/ccAdx7OJ.ltrans11.ltrans.o
                0x0800bb08                MASS_Data_Setup
 .text.MASS_Status_In
                0x0800bb40        0x4 /tmp/ccAdx7OJ.ltrans11.ltrans.o
                0x0800bb40                MASS_Status_In
 .text.MASS_Status_Out
                0x0800bb44        0x4 /tmp/ccAdx7OJ.ltrans11.ltrans.o
                0x0800bb44                MASS_Status_Out
 .text.Mass_Storage_SetDeviceAddress
                0x0800bb48        0xc /tmp/ccAdx7OJ.ltrans11.ltrans.o
 .text.Mass_Storage_ClearFeature
                0x0800bb54       0x2c /tmp/ccAdx7OJ.ltrans11.ltrans.o
 .text.MASS_GetStringDescriptor
                0x0800bb80       0x20 /tmp/ccAdx7OJ.ltrans11.ltrans.o
                0x0800bb80                MASS_GetStringDescriptor
 .text.MASS_GetConfigDescriptor
                0x0800bba0        0xc /tmp/ccAdx7OJ.ltrans11.ltrans.o
                0x0800bba0                MASS_GetConfigDescriptor
 .text.MASS_GetDeviceDescriptor
                0x0800bbac        0xc /tmp/ccAdx7OJ.ltrans11.ltrans.o
                0x0800bbac                MASS_GetDeviceDescriptor
 .text.MASS_NoData_Setup
                0x0800bbb8       0x50 /tmp/ccAdx7OJ.ltrans11.ltrans.o
                0x0800bbb8                MASS_NoData_Setup
 .text.Mass_Storage_SetConfiguration
                0x0800bc08       0x30 /tmp/ccAdx7OJ.ltrans11.ltrans.o
 .text.MASS_Reset
                0x0800bc38       0xf0 /tmp/ccAdx7OJ.ltrans11.ltrans.o
                0x0800bc38                MASS_Reset
 .text.SCSI_Write10_Cmd
                0x0800bd28      0x214 /tmp/ccAdx7OJ.ltrans11.ltrans.o
                0x0800bd28                SCSI_Write10_Cmd
 .text.SCSI_Read10_Cmd
                0x0800bf3c       0xf0 /tmp/ccAdx7OJ.ltrans11.ltrans.o
                0x0800bf3c                SCSI_Read10_Cmd
 .text.Resume   0x0800c02c      0x138 /tmp/ccAdx7OJ.ltrans11.ltrans.o
                0x0800c02c                Resume
 .text.SP1ML_configure.part.0.lto_priv.94
                0x0800c164      0x3a0 /tmp/ccAdx7OJ.ltrans12.ltrans.o
                0x0800c164                SP1ML_configure.part.0.lto_priv.94
 .text.SP1ML_generate_packet
                0x0800c504      0x344 /tmp/ccAdx7OJ.ltrans12.ltrans.o
                0x0800c504                SP1ML_generate_packet
 .text.SP1ML_command
                0x0800c848      0x148 /tmp/ccAdx7OJ.ltrans12.ltrans.o
                0x0800c848                SP1ML_command
 .text.set_rtc_correction
                0x0800c990       0x5c /tmp/ccAdx7OJ.ltrans12.ltrans.o
                0x0800c990                set_rtc_correction
 .text.SystemInit
                0x0800c9ec       0xf8 /tmp/ccAdx7OJ.ltrans13.ltrans.o
                0x0800c9ec                SystemInit
 .text.USB_LP_CAN1_RX0_IRQHandler
                0x0800cae4      0x118 /tmp/ccAdx7OJ.ltrans13.ltrans.o
                0x0800cae4                USB_LP_CAN1_RX0_IRQHandler
 .text.USB_HP_CAN1_TX_IRQHandler
                0x0800cbfc        0x4 /tmp/ccAdx7OJ.ltrans13.ltrans.o
                0x0800cbfc                USB_HP_CAN1_TX_IRQHandler
 .text.SysTick_Handler
                0x0800cc00      0x17c /tmp/ccAdx7OJ.ltrans13.ltrans.o
                0x0800cc00                SysTick_Handler
 .text.EXTI15_10_IRQHandler
                0x0800cd7c       0x68 /tmp/ccAdx7OJ.ltrans13.ltrans.o
                0x0800cd7c                EXTI15_10_IRQHandler
 .text.ADC1_2_IRQHandler
                0x0800cde4       0x70 /tmp/ccAdx7OJ.ltrans13.ltrans.o
                0x0800cde4                ADC1_2_IRQHandler
 .text.EXTI0_IRQHandler
                0x0800ce54       0x9c /tmp/ccAdx7OJ.ltrans13.ltrans.o
                0x0800ce54                EXTI0_IRQHandler
 .text.EXTI_ONOFF_EN
                0x0800cef0       0x54 /tmp/ccAdx7OJ.ltrans13.ltrans.o
                0x0800cef0                EXTI_ONOFF_EN
 .text.I2C_Config
                0x0800cf44      0x23c /tmp/ccAdx7OJ.ltrans13.ltrans.o
                0x0800cf44                I2C_Config
 .text.I2C1_Request_Job
                0x0800d180       0x78 /tmp/ccAdx7OJ.ltrans13.ltrans.o
                0x0800d180                I2C1_Request_Job
 .text.stm32_spi_rw.constprop.60
                0x0800d1f8       0x24 /tmp/ccAdx7OJ.ltrans14.ltrans.o
                0x0800d1f8                stm32_spi_rw.constprop.60
 .text.disk_write.constprop.57
                0x0800d21c       0x84 /tmp/ccAdx7OJ.ltrans14.ltrans.o
                0x0800d21c                disk_write.constprop.57
 .text.unlikely.disk_read.constprop.56
                0x0800d2a0       0x60 /tmp/ccAdx7OJ.ltrans14.ltrans.o
                0x0800d2a0                disk_read.constprop.56
 .text.unlikely.Set_CSW.constprop.54
                0x0800d300       0x2c /tmp/ccAdx7OJ.ltrans14.ltrans.o
                0x0800d300                Set_CSW.constprop.54
 .text.Add_To_Buffer.constprop.49
                0x0800d32c       0x5c /tmp/ccAdx7OJ.ltrans14.ltrans.o
                0x0800d32c                Add_To_Buffer.constprop.49
 .text.main_filter.constprop.36
                0x0800d388      0x788 /tmp/ccAdx7OJ.ltrans14.ltrans.o
                0x0800d388                main_filter.constprop.36
 .text.dir_next.constprop.33
                0x0800db10       0x88 /tmp/ccAdx7OJ.ltrans14.ltrans.o
                0x0800db10                dir_next.constprop.33
 .text.EP1_IN_Callback
                0x0800db98       0x88 /tmp/ccAdx7OJ.ltrans15.ltrans.o
 .text.unlikely.Transfer_Data_Request
                0x0800dc20       0x34 /tmp/ccAdx7OJ.ltrans15.ltrans.o
                0x0800dc20                Transfer_Data_Request
 .text.Read_Memory
                0x0800dc54      0x19c /tmp/ccAdx7OJ.ltrans15.ltrans.o
                0x0800dc54                Read_Memory
 .text.MASS_init
                0x0800ddf0      0x14c /tmp/ccAdx7OJ.ltrans16.ltrans.o
                0x0800ddf0                MASS_init
 .text          0x0800df3c       0x3c lib/ARM-GCC/startup_ARMCM3.o
                0x0800df3c                Reset_Handler
                0x0800df76                EXTI2_IRQHandler
                0x0800df76                DebugMon_Handler
                0x0800df76                TIM1_CC_IRQHandler
                0x0800df76                HardFault_Handler
                0x0800df76                PVD_IRQHandler
                0x0800df76                PendSV_Handler
                0x0800df76                NMI_Handler
                0x0800df76                EXTI3_IRQHandler
                0x0800df76                I2C2_EV_IRQHandler
                0x0800df76                UsageFault_Handler
                0x0800df76                SPI1_IRQHandler
                0x0800df76                TAMPER_IRQHandler
                0x0800df76                RTC_IRQHandler
                0x0800df76                DMA1_Channel7_IRQHandler
                0x0800df76                CAN1_RX1_IRQHandler
                0x0800df76                TIM4_IRQHandler
                0x0800df76                DMA1_Channel6_IRQHandler
                0x0800df76                TIM3_IRQHandler
                0x0800df76                RCC_IRQHandler
                0x0800df76                TIM1_TRG_COM_IRQHandler
                0x0800df76                DMA1_Channel1_IRQHandler
                0x0800df76                Default_Handler
                0x0800df76                SPI2_IRQHandler
                0x0800df76                MemManage_Handler
                0x0800df76                SVC_Handler
                0x0800df76                DMA1_Channel5_IRQHandler
                0x0800df76                EXTI4_IRQHandler
                0x0800df76                DMA1_Channel3_IRQHandler
                0x0800df76                TIM1_UP_IRQHandler
                0x0800df76                WWDG_IRQHandler
                0x0800df76                TIM2_IRQHandler
                0x0800df76                DEF_IRQHandler
                0x0800df76                TIM1_BRK_IRQHandler
                0x0800df76                EXTI1_IRQHandler
                0x0800df76                RTCAlarm_IRQHandler
                0x0800df76                USART2_IRQHandler
                0x0800df76                I2C2_ER_IRQHandler
                0x0800df76                DMA1_Channel2_IRQHandler
                0x0800df76                CAN1_SCE_IRQHandler
                0x0800df76                FLASH_IRQHandler
                0x0800df76                BusFault_Handler
                0x0800df76                USBWakeUp_IRQHandler
 .text.NVIC_PriorityGroupConfig
                0x0800df78       0x14 lib/STM32F10x_StdPeriph_Driver/libstm32fw.a(misc.o)
                0x0800df78                NVIC_PriorityGroupConfig
 .text.NVIC_Init
                0x0800df8c       0x6c lib/STM32F10x_StdPeriph_Driver/libstm32fw.a(misc.o)
                0x0800df8c                NVIC_Init
 .text.NVIC_SetVectorTable
                0x0800dff8       0x14 lib/STM32F10x_StdPeriph_Driver/libstm32fw.a(misc.o)
                0x0800dff8                NVIC_SetVectorTable
 .text.SysTick_CLKSourceConfig
                0x0800e00c       0x18 lib/STM32F10x_StdPeriph_Driver/libstm32fw.a(misc.o)
                0x0800e00c                SysTick_CLKSourceConfig
 .text.ADC_DeInit
                0x0800e024       0x60 lib/STM32F10x_StdPeriph_Driver/libstm32fw.a(stm32f10x_adc.o)
                0x0800e024                ADC_DeInit
 .text.ADC_Init
                0x0800e084       0x48 lib/STM32F10x_StdPeriph_Driver/libstm32fw.a(stm32f10x_adc.o)
                0x0800e084                ADC_Init
 .text.ADC_Cmd  0x0800e0cc       0x12 lib/STM32F10x_StdPeriph_Driver/libstm32fw.a(stm32f10x_adc.o)
                0x0800e0cc                ADC_Cmd
 .text.ADC_ITConfig
                0x0800e0de       0x12 lib/STM32F10x_StdPeriph_Driver/libstm32fw.a(stm32f10x_adc.o)
                0x0800e0de                ADC_ITConfig
 .text.ADC_ResetCalibration
                0x0800e0f0        0xa lib/STM32F10x_StdPeriph_Driver/libstm32fw.a(stm32f10x_adc.o)
                0x0800e0f0                ADC_ResetCalibration
 .text.ADC_GetResetCalibrationStatus
                0x0800e0fa        0x8 lib/STM32F10x_StdPeriph_Driver/libstm32fw.a(stm32f10x_adc.o)
                0x0800e0fa                ADC_GetResetCalibrationStatus
 .text.ADC_StartCalibration
                0x0800e102        0xa lib/STM32F10x_StdPeriph_Driver/libstm32fw.a(stm32f10x_adc.o)
                0x0800e102                ADC_StartCalibration
 .text.ADC_GetCalibrationStatus
                0x0800e10c        0x8 lib/STM32F10x_StdPeriph_Driver/libstm32fw.a(stm32f10x_adc.o)
                0x0800e10c                ADC_GetCalibrationStatus
 .text.ADC_SoftwareStartConvCmd
                0x0800e114       0x12 lib/STM32F10x_StdPeriph_Driver/libstm32fw.a(stm32f10x_adc.o)
                0x0800e114                ADC_SoftwareStartConvCmd
 .text.ADC_RegularChannelConfig
                0x0800e126       0x8e lib/STM32F10x_StdPeriph_Driver/libstm32fw.a(stm32f10x_adc.o)
                0x0800e126                ADC_RegularChannelConfig
 .text.ADC_GetConversionValue
                0x0800e1b4        0x6 lib/STM32F10x_StdPeriph_Driver/libstm32fw.a(stm32f10x_adc.o)
                0x0800e1b4                ADC_GetConversionValue
 .text.ADC_ExternalTrigInjectedConvConfig
                0x0800e1ba        0xc lib/STM32F10x_StdPeriph_Driver/libstm32fw.a(stm32f10x_adc.o)
                0x0800e1ba                ADC_ExternalTrigInjectedConvConfig
 .text.ADC_SoftwareStartInjectedConvCmd
                0x0800e1c6       0x12 lib/STM32F10x_StdPeriph_Driver/libstm32fw.a(stm32f10x_adc.o)
                0x0800e1c6                ADC_SoftwareStartInjectedConvCmd
 .text.ADC_InjectedChannelConfig
                0x0800e1d8       0x58 lib/STM32F10x_StdPeriph_Driver/libstm32fw.a(stm32f10x_adc.o)
                0x0800e1d8                ADC_InjectedChannelConfig
 .text.ADC_InjectedSequencerLengthConfig
                0x0800e230       0x10 lib/STM32F10x_StdPeriph_Driver/libstm32fw.a(stm32f10x_adc.o)
                0x0800e230                ADC_InjectedSequencerLengthConfig
 .text.ADC_GetInjectedConversionValue
                0x0800e240       0x1a lib/STM32F10x_StdPeriph_Driver/libstm32fw.a(stm32f10x_adc.o)
                0x0800e240                ADC_GetInjectedConversionValue
 .text.ADC_AnalogWatchdogCmd
                0x0800e25a       0x10 lib/STM32F10x_StdPeriph_Driver/libstm32fw.a(stm32f10x_adc.o)
                0x0800e25a                ADC_AnalogWatchdogCmd
 .text.ADC_AnalogWatchdogThresholdsConfig
                0x0800e26a        0x6 lib/STM32F10x_StdPeriph_Driver/libstm32fw.a(stm32f10x_adc.o)
                0x0800e26a                ADC_AnalogWatchdogThresholdsConfig
 .text.ADC_AnalogWatchdogSingleChannelConfig
                0x0800e270        0xc lib/STM32F10x_StdPeriph_Driver/libstm32fw.a(stm32f10x_adc.o)
                0x0800e270                ADC_AnalogWatchdogSingleChannelConfig
 .text.ADC_GetFlagStatus
                0x0800e27c        0xc lib/STM32F10x_StdPeriph_Driver/libstm32fw.a(stm32f10x_adc.o)
                0x0800e27c                ADC_GetFlagStatus
 .text.ADC_ClearFlag
                0x0800e288        0x6 lib/STM32F10x_StdPeriph_Driver/libstm32fw.a(stm32f10x_adc.o)
                0x0800e288                ADC_ClearFlag
 .text.ADC_GetITStatus
                0x0800e28e       0x16 lib/STM32F10x_StdPeriph_Driver/libstm32fw.a(stm32f10x_adc.o)
                0x0800e28e                ADC_GetITStatus
 .text.ADC_ClearITPendingBit
                0x0800e2a4        0x8 lib/STM32F10x_StdPeriph_Driver/libstm32fw.a(stm32f10x_adc.o)
                0x0800e2a4                ADC_ClearITPendingBit
 .text.BKP_DeInit
                0x0800e2ac       0x12 lib/STM32F10x_StdPeriph_Driver/libstm32fw.a(stm32f10x_bkp.o)
                0x0800e2ac                BKP_DeInit
 *fill*         0x0800e2be        0x2 
 .text.BKP_RTCOutputConfig
                0x0800e2c0       0x18 lib/STM32F10x_StdPeriph_Driver/libstm32fw.a(stm32f10x_bkp.o)
                0x0800e2c0                BKP_RTCOutputConfig
 .text.BKP_SetRTCCalibrationValue
                0x0800e2d8       0x18 lib/STM32F10x_StdPeriph_Driver/libstm32fw.a(stm32f10x_bkp.o)
                0x0800e2d8                BKP_SetRTCCalibrationValue
 .text.BKP_WriteBackupRegister
                0x0800e2f0       0x1c lib/STM32F10x_StdPeriph_Driver/libstm32fw.a(stm32f10x_bkp.o)
                0x0800e2f0                BKP_WriteBackupRegister
 .text.BKP_ReadBackupRegister
                0x0800e30c       0x20 lib/STM32F10x_StdPeriph_Driver/libstm32fw.a(stm32f10x_bkp.o)
                0x0800e30c                BKP_ReadBackupRegister
 .text.DBGMCU_Config
                0x0800e32c       0x18 lib/STM32F10x_StdPeriph_Driver/libstm32fw.a(stm32f10x_dbgmcu.o)
                0x0800e32c                DBGMCU_Config
 .text.DMA_DeInit
                0x0800e344       0xf0 lib/STM32F10x_StdPeriph_Driver/libstm32fw.a(stm32f10x_dma.o)
                0x0800e344                DMA_DeInit
 .text.DMA_Init
                0x0800e434       0x3c lib/STM32F10x_StdPeriph_Driver/libstm32fw.a(stm32f10x_dma.o)
                0x0800e434                DMA_Init
 .text.DMA_Cmd  0x0800e470       0x12 lib/STM32F10x_StdPeriph_Driver/libstm32fw.a(stm32f10x_dma.o)
                0x0800e470                DMA_Cmd
 .text.DMA_ITConfig
                0x0800e482       0x10 lib/STM32F10x_StdPeriph_Driver/libstm32fw.a(stm32f10x_dma.o)
                0x0800e482                DMA_ITConfig
 .text.DMA_GetCurrDataCounter
                0x0800e492        0x6 lib/STM32F10x_StdPeriph_Driver/libstm32fw.a(stm32f10x_dma.o)
                0x0800e492                DMA_GetCurrDataCounter
 .text.DMA_GetITStatus
                0x0800e498       0x1c lib/STM32F10x_StdPeriph_Driver/libstm32fw.a(stm32f10x_dma.o)
                0x0800e498                DMA_GetITStatus
 .text.DMA_GetFlagStatus
                0x0800e4b4        0x4 lib/STM32F10x_StdPeriph_Driver/libstm32fw.a(stm32f10x_dma.o)
                0x0800e4b4                DMA_GetFlagStatus
 .text.DMA_ClearITPendingBit
                0x0800e4b8       0x14 lib/STM32F10x_StdPeriph_Driver/libstm32fw.a(stm32f10x_dma.o)
                0x0800e4b8                DMA_ClearITPendingBit
 .text.DMA_ClearFlag
                0x0800e4cc        0x4 lib/STM32F10x_StdPeriph_Driver/libstm32fw.a(stm32f10x_dma.o)
                0x0800e4cc                DMA_ClearFlag
 .text.EXTI_DeInit
                0x0800e4d0       0x1c lib/STM32F10x_StdPeriph_Driver/libstm32fw.a(stm32f10x_exti.o)
                0x0800e4d0                EXTI_DeInit
 .text.EXTI_Init
                0x0800e4ec       0x84 lib/STM32F10x_StdPeriph_Driver/libstm32fw.a(stm32f10x_exti.o)
                0x0800e4ec                EXTI_Init
 .text.EXTI_GenerateSWInterrupt
                0x0800e570       0x10 lib/STM32F10x_StdPeriph_Driver/libstm32fw.a(stm32f10x_exti.o)
                0x0800e570                EXTI_GenerateSWInterrupt
 .text.EXTI_GetITStatus
                0x0800e580       0x1c lib/STM32F10x_StdPeriph_Driver/libstm32fw.a(stm32f10x_exti.o)
                0x0800e580                EXTI_GetITStatus
 .text.EXTI_ClearITPendingBit
                0x0800e59c        0xc lib/STM32F10x_StdPeriph_Driver/libstm32fw.a(stm32f10x_exti.o)
                0x0800e59c                EXTI_ClearITPendingBit
 .text.GPIO_Init
                0x0800e5a8       0x9c lib/STM32F10x_StdPeriph_Driver/libstm32fw.a(stm32f10x_gpio.o)
                0x0800e5a8                GPIO_Init
 .text.GPIO_StructInit
                0x0800e644       0x10 lib/STM32F10x_StdPeriph_Driver/libstm32fw.a(stm32f10x_gpio.o)
                0x0800e644                GPIO_StructInit
 .text.GPIO_ReadInputDataBit
                0x0800e654        0xc lib/STM32F10x_StdPeriph_Driver/libstm32fw.a(stm32f10x_gpio.o)
                0x0800e654                GPIO_ReadInputDataBit
 .text.GPIO_SetBits
                0x0800e660        0x4 lib/STM32F10x_StdPeriph_Driver/libstm32fw.a(stm32f10x_gpio.o)
                0x0800e660                GPIO_SetBits
 .text.GPIO_ResetBits
                0x0800e664        0x4 lib/STM32F10x_StdPeriph_Driver/libstm32fw.a(stm32f10x_gpio.o)
                0x0800e664                GPIO_ResetBits
 .text.GPIO_WriteBit
                0x0800e668        0xa lib/STM32F10x_StdPeriph_Driver/libstm32fw.a(stm32f10x_gpio.o)
                0x0800e668                GPIO_WriteBit
 *fill*         0x0800e672        0x2 
 .text.GPIO_PinRemapConfig
                0x0800e674       0x54 lib/STM32F10x_StdPeriph_Driver/libstm32fw.a(stm32f10x_gpio.o)
                0x0800e674                GPIO_PinRemapConfig
 .text.GPIO_EXTILineConfig
                0x0800e6c8       0x2a lib/STM32F10x_StdPeriph_Driver/libstm32fw.a(stm32f10x_gpio.o)
                0x0800e6c8                GPIO_EXTILineConfig
 *fill*         0x0800e6f2        0x2 
 .text.I2C_DeInit
                0x0800e6f4       0x34 lib/STM32F10x_StdPeriph_Driver/libstm32fw.a(stm32f10x_i2c.o)
                0x0800e6f4                I2C_DeInit
 .text.I2C_Init
                0x0800e728       0xd4 lib/STM32F10x_StdPeriph_Driver/libstm32fw.a(stm32f10x_i2c.o)
                0x0800e728                I2C_Init
 .text.I2C_Cmd  0x0800e7fc       0x18 lib/STM32F10x_StdPeriph_Driver/libstm32fw.a(stm32f10x_i2c.o)
                0x0800e7fc                I2C_Cmd
 .text.I2C_GenerateSTART
                0x0800e814       0x18 lib/STM32F10x_StdPeriph_Driver/libstm32fw.a(stm32f10x_i2c.o)
                0x0800e814                I2C_GenerateSTART
 .text.I2C_GenerateSTOP
                0x0800e82c       0x18 lib/STM32F10x_StdPeriph_Driver/libstm32fw.a(stm32f10x_i2c.o)
                0x0800e82c                I2C_GenerateSTOP
 .text.I2C_AcknowledgeConfig
                0x0800e844       0x18 lib/STM32F10x_StdPeriph_Driver/libstm32fw.a(stm32f10x_i2c.o)
                0x0800e844                I2C_AcknowledgeConfig
 .text.I2C_ITConfig
                0x0800e85c       0x12 lib/STM32F10x_StdPeriph_Driver/libstm32fw.a(stm32f10x_i2c.o)
                0x0800e85c                I2C_ITConfig
 .text.I2C_SendData
                0x0800e86e        0x4 lib/STM32F10x_StdPeriph_Driver/libstm32fw.a(stm32f10x_i2c.o)
                0x0800e86e                I2C_SendData
 .text.I2C_ReceiveData
                0x0800e872        0x6 lib/STM32F10x_StdPeriph_Driver/libstm32fw.a(stm32f10x_i2c.o)
                0x0800e872                I2C_ReceiveData
 .text.I2C_Send7bitAddress
                0x0800e878       0x12 lib/STM32F10x_StdPeriph_Driver/libstm32fw.a(stm32f10x_i2c.o)
                0x0800e878                I2C_Send7bitAddress
 .text.I2C_SoftwareResetCmd
                0x0800e88a       0x18 lib/STM32F10x_StdPeriph_Driver/libstm32fw.a(stm32f10x_i2c.o)
                0x0800e88a                I2C_SoftwareResetCmd
 *fill*         0x0800e8a2        0x2 
 .text.IWDG_WriteAccessCmd
                0x0800e8a4        0xc lib/STM32F10x_StdPeriph_Driver/libstm32fw.a(stm32f10x_iwdg.o)
                0x0800e8a4                IWDG_WriteAccessCmd
 .text.IWDG_SetPrescaler
                0x0800e8b0        0xc lib/STM32F10x_StdPeriph_Driver/libstm32fw.a(stm32f10x_iwdg.o)
                0x0800e8b0                IWDG_SetPrescaler
 .text.IWDG_SetReload
                0x0800e8bc        0xc lib/STM32F10x_StdPeriph_Driver/libstm32fw.a(stm32f10x_iwdg.o)
                0x0800e8bc                IWDG_SetReload
 .text.IWDG_ReloadCounter
                0x0800e8c8       0x10 lib/STM32F10x_StdPeriph_Driver/libstm32fw.a(stm32f10x_iwdg.o)
                0x0800e8c8                IWDG_ReloadCounter
 .text.IWDG_Enable
                0x0800e8d8       0x10 lib/STM32F10x_StdPeriph_Driver/libstm32fw.a(stm32f10x_iwdg.o)
                0x0800e8d8                IWDG_Enable
 .text.PWR_DeInit
                0x0800e8e8       0x1a lib/STM32F10x_StdPeriph_Driver/libstm32fw.a(stm32f10x_pwr.o)
                0x0800e8e8                PWR_DeInit
 *fill*         0x0800e902        0x2 
 .text.PWR_BackupAccessCmd
                0x0800e904        0xc lib/STM32F10x_StdPeriph_Driver/libstm32fw.a(stm32f10x_pwr.o)
                0x0800e904                PWR_BackupAccessCmd
 .text.PWR_WakeUpPinCmd
                0x0800e910        0xc lib/STM32F10x_StdPeriph_Driver/libstm32fw.a(stm32f10x_pwr.o)
                0x0800e910                PWR_WakeUpPinCmd
 .text.PWR_EnterSTANDBYMode
                0x0800e91c       0x28 lib/STM32F10x_StdPeriph_Driver/libstm32fw.a(stm32f10x_pwr.o)
                0x0800e91c                PWR_EnterSTANDBYMode
 .text.RCC_HCLKConfig
                0x0800e944       0x14 lib/STM32F10x_StdPeriph_Driver/libstm32fw.a(stm32f10x_rcc.o)
                0x0800e944                RCC_HCLKConfig
 .text.RCC_USBCLKConfig
                0x0800e958        0xc lib/STM32F10x_StdPeriph_Driver/libstm32fw.a(stm32f10x_rcc.o)
                0x0800e958                RCC_USBCLKConfig
 .text.RCC_ADCCLKConfig
                0x0800e964       0x14 lib/STM32F10x_StdPeriph_Driver/libstm32fw.a(stm32f10x_rcc.o)
                0x0800e964                RCC_ADCCLKConfig
 .text.RCC_LSEConfig
                0x0800e978       0x20 lib/STM32F10x_StdPeriph_Driver/libstm32fw.a(stm32f10x_rcc.o)
                0x0800e978                RCC_LSEConfig
 .text.RCC_RTCCLKConfig
                0x0800e998       0x10 lib/STM32F10x_StdPeriph_Driver/libstm32fw.a(stm32f10x_rcc.o)
                0x0800e998                RCC_RTCCLKConfig
 .text.RCC_RTCCLKCmd
                0x0800e9a8        0xc lib/STM32F10x_StdPeriph_Driver/libstm32fw.a(stm32f10x_rcc.o)
                0x0800e9a8                RCC_RTCCLKCmd
 .text.RCC_GetClocksFreq
                0x0800e9b4       0x94 lib/STM32F10x_StdPeriph_Driver/libstm32fw.a(stm32f10x_rcc.o)
                0x0800e9b4                RCC_GetClocksFreq
 .text.RCC_AHBPeriphClockCmd
                0x0800ea48       0x18 lib/STM32F10x_StdPeriph_Driver/libstm32fw.a(stm32f10x_rcc.o)
                0x0800ea48                RCC_AHBPeriphClockCmd
 .text.RCC_APB2PeriphClockCmd
                0x0800ea60       0x18 lib/STM32F10x_StdPeriph_Driver/libstm32fw.a(stm32f10x_rcc.o)
                0x0800ea60                RCC_APB2PeriphClockCmd
 .text.RCC_APB1PeriphClockCmd
                0x0800ea78       0x18 lib/STM32F10x_StdPeriph_Driver/libstm32fw.a(stm32f10x_rcc.o)
                0x0800ea78                RCC_APB1PeriphClockCmd
 .text.RCC_APB2PeriphResetCmd
                0x0800ea90       0x18 lib/STM32F10x_StdPeriph_Driver/libstm32fw.a(stm32f10x_rcc.o)
                0x0800ea90                RCC_APB2PeriphResetCmd
 .text.RCC_APB1PeriphResetCmd
                0x0800eaa8       0x18 lib/STM32F10x_StdPeriph_Driver/libstm32fw.a(stm32f10x_rcc.o)
                0x0800eaa8                RCC_APB1PeriphResetCmd
 .text.RCC_BackupResetCmd
                0x0800eac0        0xc lib/STM32F10x_StdPeriph_Driver/libstm32fw.a(stm32f10x_rcc.o)
                0x0800eac0                RCC_BackupResetCmd
 .text.RCC_GetFlagStatus
                0x0800eacc       0x28 lib/STM32F10x_StdPeriph_Driver/libstm32fw.a(stm32f10x_rcc.o)
                0x0800eacc                RCC_GetFlagStatus
 .text.RTC_EnterConfigMode
                0x0800eaf4       0x14 lib/STM32F10x_StdPeriph_Driver/libstm32fw.a(stm32f10x_rtc.o)
                0x0800eaf4                RTC_EnterConfigMode
 .text.RTC_ExitConfigMode
                0x0800eb08       0x14 lib/STM32F10x_StdPeriph_Driver/libstm32fw.a(stm32f10x_rtc.o)
                0x0800eb08                RTC_ExitConfigMode
 .text.RTC_GetCounter
                0x0800eb1c       0x14 lib/STM32F10x_StdPeriph_Driver/libstm32fw.a(stm32f10x_rtc.o)
                0x0800eb1c                RTC_GetCounter
 .text.RTC_SetCounter
                0x0800eb30       0x1c lib/STM32F10x_StdPeriph_Driver/libstm32fw.a(stm32f10x_rtc.o)
                0x0800eb30                RTC_SetCounter
 .text.RTC_SetPrescaler
                0x0800eb4c       0x20 lib/STM32F10x_StdPeriph_Driver/libstm32fw.a(stm32f10x_rtc.o)
                0x0800eb4c                RTC_SetPrescaler
 .text.RTC_WaitForLastTask
                0x0800eb6c       0x10 lib/STM32F10x_StdPeriph_Driver/libstm32fw.a(stm32f10x_rtc.o)
                0x0800eb6c                RTC_WaitForLastTask
 .text.RTC_WaitForSynchro
                0x0800eb7c       0x1c lib/STM32F10x_StdPeriph_Driver/libstm32fw.a(stm32f10x_rtc.o)
                0x0800eb7c                RTC_WaitForSynchro
 .text.SPI_Init
                0x0800eb98       0x3e lib/STM32F10x_StdPeriph_Driver/libstm32fw.a(stm32f10x_spi.o)
                0x0800eb98                SPI_Init
 .text.SPI_StructInit
                0x0800ebd6       0x18 lib/STM32F10x_StdPeriph_Driver/libstm32fw.a(stm32f10x_spi.o)
                0x0800ebd6                SPI_StructInit
 .text.SPI_Cmd  0x0800ebee       0x18 lib/STM32F10x_StdPeriph_Driver/libstm32fw.a(stm32f10x_spi.o)
                0x0800ebee                SPI_Cmd
 .text.SPI_I2S_DMACmd
                0x0800ec06       0x12 lib/STM32F10x_StdPeriph_Driver/libstm32fw.a(stm32f10x_spi.o)
                0x0800ec06                SPI_I2S_DMACmd
 .text.SPI_I2S_SendData
                0x0800ec18        0x4 lib/STM32F10x_StdPeriph_Driver/libstm32fw.a(stm32f10x_spi.o)
                0x0800ec18                SPI_I2S_SendData
 .text.SPI_I2S_ReceiveData
                0x0800ec1c        0x6 lib/STM32F10x_StdPeriph_Driver/libstm32fw.a(stm32f10x_spi.o)
                0x0800ec1c                SPI_I2S_ReceiveData
 .text.SPI_CalculateCRC
                0x0800ec22       0x18 lib/STM32F10x_StdPeriph_Driver/libstm32fw.a(stm32f10x_spi.o)
                0x0800ec22                SPI_CalculateCRC
 .text.SPI_I2S_GetFlagStatus
                0x0800ec3a        0xc lib/STM32F10x_StdPeriph_Driver/libstm32fw.a(stm32f10x_spi.o)
                0x0800ec3a                SPI_I2S_GetFlagStatus
 *fill*         0x0800ec46        0x2 
 .text.TIM_DeInit
                0x0800ec48       0xd4 lib/STM32F10x_StdPeriph_Driver/libstm32fw.a(stm32f10x_tim.o)
                0x0800ec48                TIM_DeInit
 .text.TIM_TimeBaseInit
                0x0800ed1c       0x3c lib/STM32F10x_StdPeriph_Driver/libstm32fw.a(stm32f10x_tim.o)
                0x0800ed1c                TIM_TimeBaseInit
 .text.TIM_OC4Init
                0x0800ed58       0x68 lib/STM32F10x_StdPeriph_Driver/libstm32fw.a(stm32f10x_tim.o)
                0x0800ed58                TIM_OC4Init
 .text.TIM_Cmd  0x0800edc0       0x18 lib/STM32F10x_StdPeriph_Driver/libstm32fw.a(stm32f10x_tim.o)
                0x0800edc0                TIM_Cmd
 .text.TIM_OC4PreloadConfig
                0x0800edd8       0x14 lib/STM32F10x_StdPeriph_Driver/libstm32fw.a(stm32f10x_tim.o)
                0x0800edd8                TIM_OC4PreloadConfig
 .text.USART_DeInit
                0x0800edec       0x9c lib/STM32F10x_StdPeriph_Driver/libstm32fw.a(stm32f10x_usart.o)
                0x0800edec                USART_DeInit
 .text.USART_Init
                0x0800ee88       0x88 lib/STM32F10x_StdPeriph_Driver/libstm32fw.a(stm32f10x_usart.o)
                0x0800ee88                USART_Init
 .text.USART_Cmd
                0x0800ef10       0x18 lib/STM32F10x_StdPeriph_Driver/libstm32fw.a(stm32f10x_usart.o)
                0x0800ef10                USART_Cmd
 .text.USART_ITConfig
                0x0800ef28       0x30 lib/STM32F10x_StdPeriph_Driver/libstm32fw.a(stm32f10x_usart.o)
                0x0800ef28                USART_ITConfig
 .text.USART_DMACmd
                0x0800ef58       0x12 lib/STM32F10x_StdPeriph_Driver/libstm32fw.a(stm32f10x_usart.o)
                0x0800ef58                USART_DMACmd
 .text.USART_SendData
                0x0800ef6a        0x8 lib/STM32F10x_StdPeriph_Driver/libstm32fw.a(stm32f10x_usart.o)
                0x0800ef6a                USART_SendData
 .text.USART_ReceiveData
                0x0800ef72        0x8 lib/STM32F10x_StdPeriph_Driver/libstm32fw.a(stm32f10x_usart.o)
                0x0800ef72                USART_ReceiveData
 .text.USART_GetFlagStatus
                0x0800ef7a        0xc lib/STM32F10x_StdPeriph_Driver/libstm32fw.a(stm32f10x_usart.o)
                0x0800ef7a                USART_GetFlagStatus
 .text.USART_GetITStatus
                0x0800ef86       0x40 lib/STM32F10x_StdPeriph_Driver/libstm32fw.a(stm32f10x_usart.o)
                0x0800ef86                USART_GetITStatus
 .text.USART_ClearITPendingBit
                0x0800efc6       0x10 lib/STM32F10x_StdPeriph_Driver/libstm32fw.a(stm32f10x_usart.o)
                0x0800efc6                USART_ClearITPendingBit
 *fill*         0x0800efd6        0x2 
 .text.Standard_GetConfiguration
                0x0800efd8       0x24 lib/STM32_USB-FS-Device_Driver/libstm32usb.a(usb_core.o)
                0x0800efd8                Standard_GetConfiguration
 .text.Standard_GetInterface
                0x0800effc       0x24 lib/STM32_USB-FS-Device_Driver/libstm32usb.a(usb_core.o)
                0x0800effc                Standard_GetInterface
 .text.Standard_GetStatus
                0x0800f020       0x90 lib/STM32_USB-FS-Device_Driver/libstm32usb.a(usb_core.o)
                0x0800f020                Standard_GetStatus
 .text.DataStageIn
                0x0800f0b0       0xac lib/STM32_USB-FS-Device_Driver/libstm32usb.a(usb_core.o)
 .text.Standard_SetConfiguration
                0x0800f15c       0x38 lib/STM32_USB-FS-Device_Driver/libstm32usb.a(usb_core.o)
                0x0800f15c                Standard_SetConfiguration
 .text.Standard_SetInterface
                0x0800f194       0x48 lib/STM32_USB-FS-Device_Driver/libstm32usb.a(usb_core.o)
                0x0800f194                Standard_SetInterface
 .text.Standard_ClearFeature
                0x0800f1dc       0xd8 lib/STM32_USB-FS-Device_Driver/libstm32usb.a(usb_core.o)
                0x0800f1dc                Standard_ClearFeature
 .text.Standard_SetEndPointFeature
                0x0800f2b4       0x8c lib/STM32_USB-FS-Device_Driver/libstm32usb.a(usb_core.o)
                0x0800f2b4                Standard_SetEndPointFeature
 .text.Standard_SetDeviceFeature
                0x0800f340       0x24 lib/STM32_USB-FS-Device_Driver/libstm32usb.a(usb_core.o)
                0x0800f340                Standard_SetDeviceFeature
 .text.Standard_GetDescriptorData
                0x0800f364       0x1c lib/STM32_USB-FS-Device_Driver/libstm32usb.a(usb_core.o)
                0x0800f364                Standard_GetDescriptorData
 .text.Post0_Process
                0x0800f380       0x44 lib/STM32_USB-FS-Device_Driver/libstm32usb.a(usb_core.o)
                0x0800f380                Post0_Process
 .text.Setup0_Process
                0x0800f3c4      0x2dc lib/STM32_USB-FS-Device_Driver/libstm32usb.a(usb_core.o)
                0x0800f3c4                Setup0_Process
 .text.Out0_Process
                0x0800f6a0       0xcc lib/STM32_USB-FS-Device_Driver/libstm32usb.a(usb_core.o)
                0x0800f6a0                Out0_Process
 .text.SetDeviceAddress
                0x0800f76c       0x40 lib/STM32_USB-FS-Device_Driver/libstm32usb.a(usb_core.o)
                0x0800f76c                SetDeviceAddress
 .text.In0_Process
                0x0800f7ac       0x5c lib/STM32_USB-FS-Device_Driver/libstm32usb.a(usb_core.o)
                0x0800f7ac                In0_Process
 .text.NOP_Process
                0x0800f808        0x2 lib/STM32_USB-FS-Device_Driver/libstm32usb.a(usb_core.o)
                0x0800f808                NOP_Process
 *fill*         0x0800f80a        0x2 
 .text.USB_Init
                0x0800f80c       0x34 lib/STM32_USB-FS-Device_Driver/libstm32usb.a(usb_init.o)
                0x0800f80c                USB_Init
 .text.CTR_LP   0x0800f840      0x170 lib/STM32_USB-FS-Device_Driver/libstm32usb.a(usb_int.o)
                0x0800f840                CTR_LP
 .text.CTR_HP   0x0800f9b0       0x74 lib/STM32_USB-FS-Device_Driver/libstm32usb.a(usb_int.o)
                0x0800f9b0                CTR_HP
 .text.UserToPMABufferCopy
                0x0800fa24       0x30 lib/STM32_USB-FS-Device_Driver/libstm32usb.a(usb_mem.o)
                0x0800fa24                UserToPMABufferCopy
 .text.PMAToUserBufferCopy
                0x0800fa54       0x24 lib/STM32_USB-FS-Device_Driver/libstm32usb.a(usb_mem.o)
                0x0800fa54                PMAToUserBufferCopy
 .text.SetBTABLE
                0x0800fa78       0x10 lib/STM32_USB-FS-Device_Driver/libstm32usb.a(usb_regs.o)
                0x0800fa78                SetBTABLE
 .text.SetEPType
                0x0800fa88       0x1c lib/STM32_USB-FS-Device_Driver/libstm32usb.a(usb_regs.o)
                0x0800fa88                SetEPType
 .text.SetEPTxStatus
                0x0800faa4       0x32 lib/STM32_USB-FS-Device_Driver/libstm32usb.a(usb_regs.o)
                0x0800faa4                SetEPTxStatus
 .text.SetEPRxStatus
                0x0800fad6       0x32 lib/STM32_USB-FS-Device_Driver/libstm32usb.a(usb_regs.o)
                0x0800fad6                SetEPRxStatus
 .text.SetEPRxValid
                0x0800fb08       0x26 lib/STM32_USB-FS-Device_Driver/libstm32usb.a(usb_regs.o)
                0x0800fb08                SetEPRxValid
 .text.Clear_Status_Out
                0x0800fb2e       0x20 lib/STM32_USB-FS-Device_Driver/libstm32usb.a(usb_regs.o)
                0x0800fb2e                Clear_Status_Out
 .text.ClearDTOG_RX
                0x0800fb4e       0x26 lib/STM32_USB-FS-Device_Driver/libstm32usb.a(usb_regs.o)
                0x0800fb4e                ClearDTOG_RX
 .text.ClearDTOG_TX
                0x0800fb74       0x26 lib/STM32_USB-FS-Device_Driver/libstm32usb.a(usb_regs.o)
                0x0800fb74                ClearDTOG_TX
 *fill*         0x0800fb9a        0x2 
 .text.SetEPTxAddr
                0x0800fb9c       0x20 lib/STM32_USB-FS-Device_Driver/libstm32usb.a(usb_regs.o)
                0x0800fb9c                SetEPTxAddr
 .text.SetEPRxAddr
                0x0800fbbc       0x20 lib/STM32_USB-FS-Device_Driver/libstm32usb.a(usb_regs.o)
                0x0800fbbc                SetEPRxAddr
 .text.GetEPTxAddr
                0x0800fbdc       0x20 lib/STM32_USB-FS-Device_Driver/libstm32usb.a(usb_regs.o)
                0x0800fbdc                GetEPTxAddr
 .text.GetEPRxAddr
                0x0800fbfc       0x20 lib/STM32_USB-FS-Device_Driver/libstm32usb.a(usb_regs.o)
                0x0800fbfc                GetEPRxAddr
 .text.SetEPTxCount
                0x0800fc1c       0x1c lib/STM32_USB-FS-Device_Driver/libstm32usb.a(usb_regs.o)
                0x0800fc1c                SetEPTxCount
 .text.SetEPRxCount
                0x0800fc38       0x40 lib/STM32_USB-FS-Device_Driver/libstm32usb.a(usb_regs.o)
                0x0800fc38                SetEPRxCount
 .text.GetEPRxCount
                0x0800fc78       0x20 lib/STM32_USB-FS-Device_Driver/libstm32usb.a(usb_regs.o)
                0x0800fc78                GetEPRxCount
 .text.ByteSwap
                0x0800fc98        0xa lib/STM32_USB-FS-Device_Driver/libstm32usb.a(usb_regs.o)
                0x0800fc98                ByteSwap
 *fill*         0x0800fca2        0x2 
 .text.USB_SIL_Init
                0x0800fca4       0x20 lib/STM32_USB-FS-Device_Driver/libstm32usb.a(usb_sil.o)
                0x0800fca4                USB_SIL_Init
 .text.USB_SIL_Write
                0x0800fcc4       0x28 lib/STM32_USB-FS-Device_Driver/libstm32usb.a(usb_sil.o)
                0x0800fcc4                USB_SIL_Write
 .text.USB_SIL_Read
                0x0800fcec       0x24 lib/STM32_USB-FS-Device_Driver/libstm32usb.a(usb_sil.o)
                0x0800fcec                USB_SIL_Read
 .text.exit     0x0800fd10       0x28 /home/laurence/ARM-GCC/gcc-arm-none-eabi-5_3-2016q1/bin/../lib/gcc/arm-none-eabi/5.3.1/../../../../arm-none-eabi/lib/armv7-m/libg_nano.a(lib_a-exit.o)
                0x0800fd10                exit
 .text.__libc_init_array
                0x0800fd38       0x4c /home/laurence/ARM-GCC/gcc-arm-none-eabi-5_3-2016q1/bin/../lib/gcc/arm-none-eabi/5.3.1/../../../../arm-none-eabi/lib/armv7-m/libg_nano.a(lib_a-init.o)
                0x0800fd38                __libc_init_array
 .text.memset   0x0800fd84       0x10 /home/laurence/ARM-GCC/gcc-arm-none-eabi-5_3-2016q1/bin/../lib/gcc/arm-none-eabi/5.3.1/../../../../arm-none-eabi/lib/armv7-m/libg_nano.a(lib_a-memset.o)
                0x0800fd84                memset
 .text.srand    0x0800fd94       0x50 /home/laurence/ARM-GCC/gcc-arm-none-eabi-5_3-2016q1/bin/../lib/gcc/arm-none-eabi/5.3.1/../../../../arm-none-eabi/lib/armv7-m/libg_nano.a(lib_a-rand.o)
                0x0800fd94                srand
 .text.rand     0x0800fde4       0x74 /home/laurence/ARM-GCC/gcc-arm-none-eabi-5_3-2016q1/bin/../lib/gcc/arm-none-eabi/5.3.1/../../../../arm-none-eabi/lib/armv7-m/libg_nano.a(lib_a-rand.o)
                0x0800fde4                rand
 .text.malloc   0x0800fe58       0x10 /home/laurence/ARM-GCC/gcc-arm-none-eabi-5_3-2016q1/bin/../lib/gcc/arm-none-eabi/5.3.1/../../../../arm-none-eabi/lib/armv7-m/libg_nano.a(lib_a-malloc.o)
                0x0800fe58                malloc
 .text._malloc_r
                0x0800fe68       0xa8 /home/laurence/ARM-GCC/gcc-arm-none-eabi-5_3-2016q1/bin/../lib/gcc/arm-none-eabi/5.3.1/../../../../arm-none-eabi/lib/armv7-m/libg_nano.a(lib_a-nano-mallocr.o)
                0x0800fe68                _malloc_r
 .text._sbrk_r  0x0800ff10       0x20 /home/laurence/ARM-GCC/gcc-arm-none-eabi-5_3-2016q1/bin/../lib/gcc/arm-none-eabi/5.3.1/../../../../arm-none-eabi/lib/armv7-m/libg_nano.a(lib_a-sbrkr.o)
                0x0800ff10                _sbrk_r
 .text._sbrk    0x0800ff30       0x1c /home/laurence/ARM-GCC/gcc-arm-none-eabi-5_3-2016q1/bin/../lib/gcc/arm-none-eabi/5.3.1/../../../../arm-none-eabi/lib/armv7-m/libnosys.a(sbrk.o)
                0x0800ff30                _sbrk
 .text._exit    0x0800ff4c        0x4 /home/laurence/ARM-GCC/gcc-arm-none-eabi-5_3-2016q1/bin/../lib/gcc/arm-none-eabi/5.3.1/../../../../arm-none-eabi/lib/armv7-m/libnosys.a(_exit.o)
                0x0800ff4c                _exit
 .text.roundf   0x0800ff50       0x48 /home/laurence/ARM-GCC/gcc-arm-none-eabi-5_3-2016q1/bin/../lib/gcc/arm-none-eabi/5.3.1/../../../../arm-none-eabi/lib/armv7-m/libm.a(lib_a-sf_round.o)
                0x0800ff50                roundf
 .text.sinf     0x0800ff98       0x7c /home/laurence/ARM-GCC/gcc-arm-none-eabi-5_3-2016q1/bin/../lib/gcc/arm-none-eabi/5.3.1/../../../../arm-none-eabi/lib/armv7-m/libm.a(lib_a-sf_sin.o)
                0x0800ff98                sinf
 .text.atan2    0x08010014        0x4 /home/laurence/ARM-GCC/gcc-arm-none-eabi-5_3-2016q1/bin/../lib/gcc/arm-none-eabi/5.3.1/../../../../arm-none-eabi/lib/armv7-m/libm.a(lib_a-w_atan2.o)
                0x08010014                atan2
 .text.acosf    0x08010018       0xa4 /home/laurence/ARM-GCC/gcc-arm-none-eabi-5_3-2016q1/bin/../lib/gcc/arm-none-eabi/5.3.1/../../../../arm-none-eabi/lib/armv7-m/libm.a(lib_a-wf_acos.o)
                0x08010018                acosf
 .text.atan2f   0x080100bc        0x4 /home/laurence/ARM-GCC/gcc-arm-none-eabi-5_3-2016q1/bin/../lib/gcc/arm-none-eabi/5.3.1/../../../../arm-none-eabi/lib/armv7-m/libm.a(lib_a-wf_atan2.o)
                0x080100bc                atan2f
 .text.sqrtf    0x080100c0       0x9c /home/laurence/ARM-GCC/gcc-arm-none-eabi-5_3-2016q1/bin/../lib/gcc/arm-none-eabi/5.3.1/../../../../arm-none-eabi/lib/armv7-m/libm.a(lib_a-wf_sqrt.o)
                0x080100c0                sqrtf
 *fill*         0x0801015c        0x4 
 .text.__ieee754_atan2
                0x08010160      0x194 /home/laurence/ARM-GCC/gcc-arm-none-eabi-5_3-2016q1/bin/../lib/gcc/arm-none-eabi/5.3.1/../../../../arm-none-eabi/lib/armv7-m/libm.a(lib_a-e_atan2.o)
                0x08010160                __ieee754_atan2
 .text.__ieee754_acosf
                0x080102f4      0x2c8 /home/laurence/ARM-GCC/gcc-arm-none-eabi-5_3-2016q1/bin/../lib/gcc/arm-none-eabi/5.3.1/../../../../arm-none-eabi/lib/armv7-m/libm.a(lib_a-ef_acos.o)
                0x080102f4                __ieee754_acosf
 .text.__ieee754_atan2f
                0x080105bc      0x124 /home/laurence/ARM-GCC/gcc-arm-none-eabi-5_3-2016q1/bin/../lib/gcc/arm-none-eabi/5.3.1/../../../../arm-none-eabi/lib/armv7-m/libm.a(lib_a-ef_atan2.o)
                0x080105bc                __ieee754_atan2f
 .text.__ieee754_rem_pio2f
                0x080106e0      0x2e4 /home/laurence/ARM-GCC/gcc-arm-none-eabi-5_3-2016q1/bin/../lib/gcc/arm-none-eabi/5.3.1/../../../../arm-none-eabi/lib/armv7-m/libm.a(lib_a-ef_rem_pio2.o)
                0x080106e0                __ieee754_rem_pio2f
 .text.__ieee754_sqrtf
                0x080109c4       0xa8 /home/laurence/ARM-GCC/gcc-arm-none-eabi-5_3-2016q1/bin/../lib/gcc/arm-none-eabi/5.3.1/../../../../arm-none-eabi/lib/armv7-m/libm.a(lib_a-ef_sqrt.o)
                0x080109c4                __ieee754_sqrtf
 .text.__kernel_cosf
                0x08010a6c      0x188 /home/laurence/ARM-GCC/gcc-arm-none-eabi-5_3-2016q1/bin/../lib/gcc/arm-none-eabi/5.3.1/../../../../arm-none-eabi/lib/armv7-m/libm.a(lib_a-kf_cos.o)
                0x08010a6c                __kernel_cosf
 .text.__kernel_rem_pio2f
                0x08010bf4      0x6a8 /home/laurence/ARM-GCC/gcc-arm-none-eabi-5_3-2016q1/bin/../lib/gcc/arm-none-eabi/5.3.1/../../../../arm-none-eabi/lib/armv7-m/libm.a(lib_a-kf_rem_pio2.o)
                0x08010bf4                __kernel_rem_pio2f
 .text.__kernel_sinf
                0x0801129c       0xec /home/laurence/ARM-GCC/gcc-arm-none-eabi-5_3-2016q1/bin/../lib/gcc/arm-none-eabi/5.3.1/../../../../arm-none-eabi/lib/armv7-m/libm.a(lib_a-kf_sin.o)
                0x0801129c                __kernel_sinf
 .text.atan     0x08011388      0x33c /home/laurence/ARM-GCC/gcc-arm-none-eabi-5_3-2016q1/bin/../lib/gcc/arm-none-eabi/5.3.1/../../../../arm-none-eabi/lib/armv7-m/libm.a(lib_a-s_atan.o)
                0x08011388                atan
 .text.fabs     0x080116c4        0x8 /home/laurence/ARM-GCC/gcc-arm-none-eabi-5_3-2016q1/bin/../lib/gcc/arm-none-eabi/5.3.1/../../../../arm-none-eabi/lib/armv7-m/libm.a(lib_a-s_fabs.o)
                0x080116c4                fabs
 .text.matherr  0x080116cc        0x4 /home/laurence/ARM-GCC/gcc-arm-none-eabi-5_3-2016q1/bin/../lib/gcc/arm-none-eabi/5.3.1/../../../../arm-none-eabi/lib/armv7-m/libm.a(lib_a-s_matherr.o)
                0x080116cc                matherr
 .text.nan      0x080116d0        0xc /home/laurence/ARM-GCC/gcc-arm-none-eabi-5_3-2016q1/bin/../lib/gcc/arm-none-eabi/5.3.1/../../../../arm-none-eabi/lib/armv7-m/libm.a(lib_a-s_nan.o)
                0x080116d0                nan
 .text.atanf    0x080116dc      0x22c /home/laurence/ARM-GCC/gcc-arm-none-eabi-5_3-2016q1/bin/../lib/gcc/arm-none-eabi/5.3.1/../../../../arm-none-eabi/lib/armv7-m/libm.a(lib_a-sf_atan.o)
                0x080116dc                atanf
 .text.fabsf    0x08011908        0x8 /home/laurence/ARM-GCC/gcc-arm-none-eabi-5_3-2016q1/bin/../lib/gcc/arm-none-eabi/5.3.1/../../../../arm-none-eabi/lib/armv7-m/libm.a(lib_a-sf_fabs.o)
                0x08011908                fabsf
 .text.floorf   0x08011910       0x8c /home/laurence/ARM-GCC/gcc-arm-none-eabi-5_3-2016q1/bin/../lib/gcc/arm-none-eabi/5.3.1/../../../../arm-none-eabi/lib/armv7-m/libm.a(lib_a-sf_floor.o)
                0x08011910                floorf
 .text.scalbnf  0x0801199c       0xb0 /home/laurence/ARM-GCC/gcc-arm-none-eabi-5_3-2016q1/bin/../lib/gcc/arm-none-eabi/5.3.1/../../../../arm-none-eabi/lib/armv7-m/libm.a(lib_a-sf_scalbn.o)
                0x0801199c                scalbnf
 .text.copysignf
                0x08011a4c        0xc /home/laurence/ARM-GCC/gcc-arm-none-eabi-5_3-2016q1/bin/../lib/gcc/arm-none-eabi/5.3.1/../../../../arm-none-eabi/lib/armv7-m/libm.a(lib_a-sf_copysign.o)
                0x08011a4c                copysignf
 .text          0x08011a58      0x370 /home/laurence/ARM-GCC/gcc-arm-none-eabi-5_3-2016q1/bin/../lib/gcc/arm-none-eabi/5.3.1/armv7-m/libgcc.a(_arm_addsubdf3.o)
                0x08011a58                __aeabi_drsub
                0x08011a60                __aeabi_dsub
                0x08011a60                __subdf3
                0x08011a64                __adddf3
                0x08011a64                __aeabi_dadd
                0x08011cdc                __aeabi_ui2d
                0x08011cdc                __floatunsidf
                0x08011cfc                __floatsidf
                0x08011cfc                __aeabi_i2d
                0x08011d20                __extendsfdf2
                0x08011d20                __aeabi_f2d
                0x08011d5c                __aeabi_ul2d
                0x08011d5c                __floatundidf
                0x08011d6c                __floatdidf
                0x08011d6c                __aeabi_l2d
 .text          0x08011dc8      0x424 /home/laurence/ARM-GCC/gcc-arm-none-eabi-5_3-2016q1/bin/../lib/gcc/arm-none-eabi/5.3.1/armv7-m/libgcc.a(_arm_muldivdf3.o)
                0x08011dc8                __aeabi_dmul
                0x08011dc8                __muldf3
                0x0801201c                __aeabi_ddiv
                0x0801201c                __divdf3
 .text          0x080121ec      0x110 /home/laurence/ARM-GCC/gcc-arm-none-eabi-5_3-2016q1/bin/../lib/gcc/arm-none-eabi/5.3.1/armv7-m/libgcc.a(_arm_cmpdf2.o)
                0x080121ec                __gtdf2
                0x080121ec                __gedf2
                0x080121f4                __ltdf2
                0x080121f4                __ledf2
                0x080121fc                __cmpdf2
                0x080121fc                __eqdf2
                0x080121fc                __nedf2
                0x08012278                __aeabi_cdrcmple
                0x08012288                __aeabi_cdcmple
                0x08012288                __aeabi_cdcmpeq
                0x08012298                __aeabi_dcmpeq
                0x080122ac                __aeabi_dcmplt
                0x080122c0                __aeabi_dcmple
                0x080122d4                __aeabi_dcmpge
                0x080122e8                __aeabi_dcmpgt
 .text          0x080122fc       0x50 /home/laurence/ARM-GCC/gcc-arm-none-eabi-5_3-2016q1/bin/../lib/gcc/arm-none-eabi/5.3.1/armv7-m/libgcc.a(_arm_fixdfsi.o)
                0x080122fc                __fixdfsi
                0x080122fc                __aeabi_d2iz
 .text          0x0801234c       0x40 /home/laurence/ARM-GCC/gcc-arm-none-eabi-5_3-2016q1/bin/../lib/gcc/arm-none-eabi/5.3.1/armv7-m/libgcc.a(_arm_fixunsdfsi.o)
                0x0801234c                __fixunsdfsi
                0x0801234c                __aeabi_d2uiz
 .text          0x0801238c       0xa0 /home/laurence/ARM-GCC/gcc-arm-none-eabi-5_3-2016q1/bin/../lib/gcc/arm-none-eabi/5.3.1/armv7-m/libgcc.a(_arm_truncdfsf2.o)
                0x0801238c                __aeabi_d2f
                0x0801238c                __truncdfsf2
 .text          0x0801242c      0x21c /home/laurence/ARM-GCC/gcc-arm-none-eabi-5_3-2016q1/bin/../lib/gcc/arm-none-eabi/5.3.1/armv7-m/libgcc.a(_arm_addsubsf3.o)
                0x0801242c                __aeabi_frsub
                0x08012434                __subsf3
                0x08012434                __aeabi_fsub
                0x08012438                __aeabi_fadd
                0x08012438                __addsf3
                0x08012598                __aeabi_ui2f
                0x08012598                __floatunsisf
                0x080125a0                __aeabi_i2f
                0x080125a0                __floatsisf
                0x080125bc                __floatundisf
                0x080125bc                __aeabi_ul2f
                0x080125cc                __floatdisf
                0x080125cc                __aeabi_l2f
 .text          0x08012648      0x2a0 /home/laurence/ARM-GCC/gcc-arm-none-eabi-5_3-2016q1/bin/../lib/gcc/arm-none-eabi/5.3.1/armv7-m/libgcc.a(_arm_muldivsf3.o)
                0x08012648                __mulsf3
                0x08012648                __aeabi_fmul
                0x080127b0                __divsf3
                0x080127b0                __aeabi_fdiv
 .text          0x080128e8       0xec /home/laurence/ARM-GCC/gcc-arm-none-eabi-5_3-2016q1/bin/../lib/gcc/arm-none-eabi/5.3.1/armv7-m/libgcc.a(_arm_cmpsf2.o)
                0x080128e8                __gtsf2
                0x080128e8                __gesf2
                0x080128f0                __lesf2
                0x080128f0                __ltsf2
                0x080128f8                __nesf2
                0x080128f8                __eqsf2
                0x080128f8                __cmpsf2
                0x08012958                __aeabi_cfrcmple
                0x08012960                __aeabi_cfcmple
                0x08012960                __aeabi_cfcmpeq
                0x08012970                __aeabi_fcmpeq
                0x08012984                __aeabi_fcmplt
                0x08012998                __aeabi_fcmple
                0x080129ac                __aeabi_fcmpge
                0x080129c0                __aeabi_fcmpgt
 .text          0x080129d4       0x2c /home/laurence/ARM-GCC/gcc-arm-none-eabi-5_3-2016q1/bin/../lib/gcc/arm-none-eabi/5.3.1/armv7-m/libgcc.a(_arm_unordsf2.o)
                0x080129d4                __aeabi_fcmpun
                0x080129d4                __unordsf2
 .text          0x08012a00       0x4c /home/laurence/ARM-GCC/gcc-arm-none-eabi-5_3-2016q1/bin/../lib/gcc/arm-none-eabi/5.3.1/armv7-m/libgcc.a(_arm_fixsfsi.o)
                0x08012a00                __fixsfsi
                0x08012a00                __aeabi_f2iz
 .text          0x08012a4c       0x40 /home/laurence/ARM-GCC/gcc-arm-none-eabi-5_3-2016q1/bin/../lib/gcc/arm-none-eabi/5.3.1/armv7-m/libgcc.a(_arm_fixunssfsi.o)
                0x08012a4c                __aeabi_f2uiz
                0x08012a4c                __fixunssfsi
 .text.__errno  0x08012a8c        0xc /home/laurence/ARM-GCC/gcc-arm-none-eabi-5_3-2016q1/bin/../lib/gcc/arm-none-eabi/5.3.1/../../../../arm-none-eabi/lib/armv7-m/libg_nano.a(lib_a-errno.o)
                0x08012a8c                __errno
 .text.memcmp   0x08012a98       0x1e /home/laurence/ARM-GCC/gcc-arm-none-eabi-5_3-2016q1/bin/../lib/gcc/arm-none-eabi/5.3.1/../../../../arm-none-eabi/lib/armv7-m/libg_nano.a(lib_a-memcmp.o)
                0x08012a98                memcmp
 .text.memcpy   0x08012ab6       0x16 /home/laurence/ARM-GCC/gcc-arm-none-eabi-5_3-2016q1/bin/../lib/gcc/arm-none-eabi/5.3.1/../../../../arm-none-eabi/lib/armv7-m/libg_nano.a(lib_a-memcpy-stub.o)
                0x08012ab6                memcpy
 .text          0x08012acc       0x10 /home/laurence/ARM-GCC/gcc-arm-none-eabi-5_3-2016q1/bin/../lib/gcc/arm-none-eabi/5.3.1/../../../../arm-none-eabi/lib/armv7-m/libg_nano.a(lib_a-strlen.o)
                0x08012acc                strlen
 *(.init)
 .init          0x08012adc        0x4 /home/laurence/ARM-GCC/gcc-arm-none-eabi-5_3-2016q1/bin/../lib/gcc/arm-none-eabi/5.3.1/armv7-m/crti.o
                0x08012adc                _init
 .init          0x08012ae0        0x8 /home/laurence/ARM-GCC/gcc-arm-none-eabi-5_3-2016q1/bin/../lib/gcc/arm-none-eabi/5.3.1/armv7-m/crtn.o
 *(.fini)
 .fini          0x08012ae8        0x4 /home/laurence/ARM-GCC/gcc-arm-none-eabi-5_3-2016q1/bin/../lib/gcc/arm-none-eabi/5.3.1/armv7-m/crti.o
                0x08012ae8                _fini
 .fini          0x08012aec        0x8 /home/laurence/ARM-GCC/gcc-arm-none-eabi-5_3-2016q1/bin/../lib/gcc/arm-none-eabi/5.3.1/armv7-m/crtn.o
 *crtbegin.o(.ctors)
 *crtbegin?.o(.ctors)
 *(EXCLUDE_FILE(*crtend.o *crtend?.o) .ctors)
 *(SORT(.ctors.*))
 *(.ctors)
 *crtbegin.o(.dtors)
 *crtbegin?.o(.dtors)
 *(EXCLUDE_FILE(*crtend.o *crtend?.o) .dtors)
 *(SORT(.dtors.*))
 *(.dtors)
 *(.rodata*)
 .rodata        0x08012af4       0xd8 /tmp/ccAdx7OJ.ltrans0.ltrans.o
                0x08012bbc                DaysInMonth.lto_priv.103
                0x08012bc8                SystemFrequency
 .rodata.str1.4
                0x08012bcc      0x382 /tmp/ccAdx7OJ.ltrans0.ltrans.o
                                0x38e (size before relaxing)
 *fill*         0x08012f4e        0x2 
 .rodata        0x08012f50      0x180 /tmp/ccAdx7OJ.ltrans4.ltrans.o
 .rodata.str1.4
                0x080130d0       0x13 /tmp/ccAdx7OJ.ltrans4.ltrans.o
 *fill*         0x080130e3        0x1 
 .rodata        0x080130e4      0x3d0 /tmp/ccAdx7OJ.ltrans5.ltrans.o
                0x080130e4                LfnOfs.lto_priv.107
 .rodata.str1.4
                0x080134b4        0x6 /tmp/ccAdx7OJ.ltrans7.ltrans.o
 *fill*         0x080134ba        0x2 
 .rodata        0x080134bc       0xac /tmp/ccAdx7OJ.ltrans11.ltrans.o
 .rodata.str1.4
                0x08013568       0xf5 /tmp/ccAdx7OJ.ltrans12.ltrans.o
                                 0xfd (size before relaxing)
 .rodata.str1.1
                0x0801365d        0x2 /home/laurence/ARM-GCC/gcc-arm-none-eabi-5_3-2016q1/bin/../lib/gcc/arm-none-eabi/5.3.1/../../../../arm-none-eabi/lib/armv7-m/libg_nano.a(lib_a-impure.o)
 *fill*         0x0801365f        0x1 
 .rodata._global_impure_ptr
                0x08013660        0x4 /home/laurence/ARM-GCC/gcc-arm-none-eabi-5_3-2016q1/bin/../lib/gcc/arm-none-eabi/5.3.1/../../../../arm-none-eabi/lib/armv7-m/libg_nano.a(lib_a-impure.o)
                0x08013660                _global_impure_ptr
 .rodata.str1.4
                0x08013664        0x6 /home/laurence/ARM-GCC/gcc-arm-none-eabi-5_3-2016q1/bin/../lib/gcc/arm-none-eabi/5.3.1/../../../../arm-none-eabi/lib/armv7-m/libm.a(lib_a-wf_acos.o)
                                  0x9 (size before relaxing)
 *fill*         0x0801366a        0x2 
 .rodata.str1.4
                0x0801366c        0x8 /home/laurence/ARM-GCC/gcc-arm-none-eabi-5_3-2016q1/bin/../lib/gcc/arm-none-eabi/5.3.1/../../../../arm-none-eabi/lib/armv7-m/libm.a(lib_a-wf_sqrt.o)
                                  0x6 (size before relaxing)
 .rodata.npio2_hw
                0x08013674       0x80 /home/laurence/ARM-GCC/gcc-arm-none-eabi-5_3-2016q1/bin/../lib/gcc/arm-none-eabi/5.3.1/../../../../arm-none-eabi/lib/armv7-m/libm.a(lib_a-ef_rem_pio2.o)
 .rodata.two_over_pi
                0x080136f4      0x318 /home/laurence/ARM-GCC/gcc-arm-none-eabi-5_3-2016q1/bin/../lib/gcc/arm-none-eabi/5.3.1/../../../../arm-none-eabi/lib/armv7-m/libm.a(lib_a-ef_rem_pio2.o)
 .rodata.init_jk
                0x08013a0c        0xc /home/laurence/ARM-GCC/gcc-arm-none-eabi-5_3-2016q1/bin/../lib/gcc/arm-none-eabi/5.3.1/../../../../arm-none-eabi/lib/armv7-m/libm.a(lib_a-kf_rem_pio2.o)
 .rodata.PIo2   0x08013a18       0x2c /home/laurence/ARM-GCC/gcc-arm-none-eabi-5_3-2016q1/bin/../lib/gcc/arm-none-eabi/5.3.1/../../../../arm-none-eabi/lib/armv7-m/libm.a(lib_a-kf_rem_pio2.o)
 *fill*         0x08013a44        0x4 
 .rodata.atanlo
                0x08013a48       0x20 /home/laurence/ARM-GCC/gcc-arm-none-eabi-5_3-2016q1/bin/../lib/gcc/arm-none-eabi/5.3.1/../../../../arm-none-eabi/lib/armv7-m/libm.a(lib_a-s_atan.o)
 .rodata.atanhi
                0x08013a68       0x20 /home/laurence/ARM-GCC/gcc-arm-none-eabi-5_3-2016q1/bin/../lib/gcc/arm-none-eabi/5.3.1/../../../../arm-none-eabi/lib/armv7-m/libm.a(lib_a-s_atan.o)
 .rodata.atanlo
                0x08013a88       0x10 /home/laurence/ARM-GCC/gcc-arm-none-eabi-5_3-2016q1/bin/../lib/gcc/arm-none-eabi/5.3.1/../../../../arm-none-eabi/lib/armv7-m/libm.a(lib_a-sf_atan.o)
 .rodata.atanhi
                0x08013a98       0x10 /home/laurence/ARM-GCC/gcc-arm-none-eabi-5_3-2016q1/bin/../lib/gcc/arm-none-eabi/5.3.1/../../../../arm-none-eabi/lib/armv7-m/libm.a(lib_a-sf_atan.o)
 *(.eh_frame*)
 .eh_frame      0x08013aa8        0x0 /home/laurence/ARM-GCC/gcc-arm-none-eabi-5_3-2016q1/bin/../lib/gcc/arm-none-eabi/5.3.1/armv7-m/crtbegin.o
 .eh_frame      0x08013aa8        0x4 /home/laurence/ARM-GCC/gcc-arm-none-eabi-5_3-2016q1/bin/../lib/gcc/arm-none-eabi/5.3.1/armv7-m/crtend.o

.glue_7         0x08013aac        0x0
 .glue_7        0x08013aac        0x0 linker stubs

.glue_7t        0x08013aac        0x0
 .glue_7t       0x08013aac        0x0 linker stubs

.vfp11_veneer   0x08013aac        0x0
 .vfp11_veneer  0x08013aac        0x0 linker stubs

.v4_bx          0x08013aac        0x0
 .v4_bx         0x08013aac        0x0 linker stubs

.iplt           0x08013aac        0x0
 .iplt          0x08013aac        0x0 /home/laurence/ARM-GCC/gcc-arm-none-eabi-5_3-2016q1/bin/../lib/gcc/arm-none-eabi/5.3.1/armv7-m/crtbegin.o

.ARM.extab
 *(.ARM.extab* .gnu.linkonce.armextab.*)
                0x08013aac                __exidx_start = .

.ARM.exidx      0x08013aac        0x8
 *(.ARM.exidx* .gnu.linkonce.armexidx.*)
 .ARM.exidx     0x08013aac        0x8 /home/laurence/ARM-GCC/gcc-arm-none-eabi-5_3-2016q1/bin/../lib/gcc/arm-none-eabi/5.3.1/../../../../arm-none-eabi/lib/armv7-m/crt0.o
                0x08013ab4                __exidx_end = .
                0x08013ab4                __etext = .

.rel.dyn        0x08013ab4        0x0
 .rel.iplt      0x08013ab4        0x0 /home/laurence/ARM-GCC/gcc-arm-none-eabi-5_3-2016q1/bin/../lib/gcc/arm-none-eabi/5.3.1/armv7-m/crtbegin.o

.data           0x20000000      0x278 load address 0x08013ab4
                0x20000000                __data_start__ = .
 *(vtable)
 *(.data*)
 .data          0x20000000        0x8 /tmp/ccAdx7OJ.ltrans0.ltrans.o
 .data          0x20000008       0x7c /tmp/ccAdx7OJ.ltrans1.ltrans.o
                0x20000068                pEpInt_OUT
 .data          0x20000084       0x12 /tmp/ccAdx7OJ.ltrans2.ltrans.o
                0x20000084                RLD_replaced.lto_priv.91
                0x20000087                SP1ML_network_address
 *fill*         0x20000096        0x2 
 .data          0x20000098        0x2 /tmp/ccAdx7OJ.ltrans5.ltrans.o
 *fill*         0x2000009a        0x2 
 .data          0x2000009c       0x12 /tmp/ccAdx7OJ.ltrans6.ltrans.o
                0x2000009c                Scsi_Sense_Data
 .data          0x200000ae        0x1 /tmp/ccAdx7OJ.ltrans9.ltrans.o
                0x200000ae                rtc_correction
 *fill*         0x200000af        0x1 
 .data          0x200000b0       0x76 /tmp/ccAdx7OJ.ltrans11.ltrans.o
                0x200000e8                User_Standard_Requests
                0x2000010c                MASS_StringSerial
 *fill*         0x20000126        0x2 
 .data          0x20000128       0x7d /tmp/ccAdx7OJ.ltrans13.ltrans.o
                0x20000128                Device_Property
                0x2000015c                I2C_jobs
 *fill*         0x200001a5        0x3 
 .data          0x200001a8       0x28 /tmp/ccAdx7OJ.ltrans14.ltrans.o
                0x200001a8                Stat.lto_priv.69
                0x200001ac                DCM_glob
 .data          0x200001d0       0x20 /tmp/ccAdx7OJ.ltrans15.ltrans.o
                0x200001d0                Device_Table
                0x200001d4                pEpInt_IN
 .data.ADCPrescTable
                0x200001f0        0x4 lib/STM32F10x_StdPeriph_Driver/libstm32fw.a(stm32f10x_rcc.o)
 .data.APBAHBPrescTable
                0x200001f4       0x10 lib/STM32F10x_StdPeriph_Driver/libstm32fw.a(stm32f10x_rcc.o)
 .data.impure_data
                0x20000204       0x60 /home/laurence/ARM-GCC/gcc-arm-none-eabi-5_3-2016q1/bin/../lib/gcc/arm-none-eabi/5.3.1/../../../../arm-none-eabi/lib/armv7-m/libg_nano.a(lib_a-impure.o)
 .data._impure_ptr
                0x20000264        0x4 /home/laurence/ARM-GCC/gcc-arm-none-eabi-5_3-2016q1/bin/../lib/gcc/arm-none-eabi/5.3.1/../../../../arm-none-eabi/lib/armv7-m/libg_nano.a(lib_a-impure.o)
                0x20000264                _impure_ptr
 .data.__fdlib_version
                0x20000268        0x1 /home/laurence/ARM-GCC/gcc-arm-none-eabi-5_3-2016q1/bin/../lib/gcc/arm-none-eabi/5.3.1/../../../../arm-none-eabi/lib/armv7-m/libm.a(lib_a-s_lib_ver.o)
                0x20000268                __fdlib_version
                0x2000026c                . = ALIGN (0x4)
 *fill*         0x20000269        0x3 
                0x2000026c                PROVIDE (__preinit_array_start, .)
 *(.preinit_array)
                0x2000026c                PROVIDE (__preinit_array_end, .)
                0x2000026c                . = ALIGN (0x4)
                0x2000026c                PROVIDE (__init_array_start, .)
 *(SORT(.init_array.*))
 *(.init_array)
 .init_array    0x2000026c        0x4 /home/laurence/ARM-GCC/gcc-arm-none-eabi-5_3-2016q1/bin/../lib/gcc/arm-none-eabi/5.3.1/armv7-m/crtbegin.o
                0x20000270                PROVIDE (__init_array_end, .)
                0x20000270                . = ALIGN (0x4)
                [!provide]                PROVIDE (__fini_array_start, .)
 *(SORT(.fini_array.*))
 *(.fini_array)
 .fini_array    0x20000270        0x4 /home/laurence/ARM-GCC/gcc-arm-none-eabi-5_3-2016q1/bin/../lib/gcc/arm-none-eabi/5.3.1/armv7-m/crtbegin.o
                [!provide]                PROVIDE (__fini_array_end, .)
 *(.jcr*)
 .jcr           0x20000274        0x0 /home/laurence/ARM-GCC/gcc-arm-none-eabi-5_3-2016q1/bin/../lib/gcc/arm-none-eabi/5.3.1/armv7-m/crtbegin.o
 .jcr           0x20000274        0x4 /home/laurence/ARM-GCC/gcc-arm-none-eabi-5_3-2016q1/bin/../lib/gcc/arm-none-eabi/5.3.1/armv7-m/crtend.o
                0x20000278                . = ALIGN (0x4)
                0x20000278                __data_end__ = .

.igot.plt       0x20000278        0x0 load address 0x08013d2c
 .igot.plt      0x20000278        0x0 /home/laurence/ARM-GCC/gcc-arm-none-eabi-5_3-2016q1/bin/../lib/gcc/arm-none-eabi/5.3.1/armv7-m/crtbegin.o

.bss            0x20000278     0x1614 load address 0x08013d30
                0x20000278                . = ALIGN (0x4)
                0x20000278                __bss_start__ = .
 *(.bss*)
 .bss           0x20000278       0x1c /home/laurence/ARM-GCC/gcc-arm-none-eabi-5_3-2016q1/bin/../lib/gcc/arm-none-eabi/5.3.1/armv7-m/crtbegin.o
 *fill*         0x20000294        0x4 
 .bss           0x20000298      0x6d8 /tmp/ccAdx7OJ.ltrans0.ltrans.o
                0x200006c0                bootsource
                0x200006c8                rputchar.lto_priv.100
                0x200006cc                Status
                0x200006d0                Data_Buffer
                0x200006d4                bDeviceState
                0x200006d8                Battery_Voltage
                0x200006dc                Jobs
                0x20000718                file_opened
                0x20000719                flashCodeEnabled
                0x2000072c                flashCode
                0x20000734                System_state_Global
                0x20000735                Shutdown_System
                0x2000096c                FatFs.lto_priv.105
 .bss           0x20000970       0x18 /tmp/ccAdx7OJ.ltrans1.ltrans.o
                0x20000978                SCSI_LBA
                0x2000097c                SCSI_BlkLen
 .bss           0x20000988      0x551 /tmp/ccAdx7OJ.ltrans2.ltrans.o
                0x2000098c                raw_data.lto_priv.81
                0x20000cdc                rld_sense.lto_priv.93
                0x20000ce2                rld_replace_counter.lto_priv.92
                0x20000ce8                Completed_Jobs
                0x20000cec                IMU_buff
                0x20000d8c                LSM9DS1_Gyro_Buffer
                0x20000d98                LSM9DS1_Acc_Buffer
                0x20000da0                LSM9DS1_Mag_Buffer
                0x20000da8                I2C1error
                0x20000db2                I2C_failure
                0x20000e88                SP1ML_tx_rx_state
                0x20000e98                Usart3_rx_buff
                0x20000ea8                SP1ML_withold
                0x20000eac                GPS_telem
                0x20000eb6                SP1ML_tx_sequence_number
                0x20000eb8                Usart1_rx_buff
                0x20000ec8                Usart1_tx_buff
                0x20000ed8                RN42_tx_sequence_number
 *fill*         0x20000ed9        0x3 
 .bss           0x20000edc      0x491 /tmp/ccAdx7OJ.ltrans3.ltrans.o
                0x20000edc                print_string
                0x20000f20                SP1ML_tx_bytes
                0x20000f24                FATFS_wavfile_gps
                0x20001148                FATFS_wavfile_imu
                0x2000136c                CurrVol.lto_priv.104
 *fill*         0x2000136d        0x3 
 .bss           0x20001370       0x20 /tmp/ccAdx7OJ.ltrans6.ltrans.o
                0x20001370                CBW
 .bss           0x20001390       0x80 /tmp/ccAdx7OJ.ltrans7.ltrans.o
 .bss           0x20001410        0x2 /tmp/ccAdx7OJ.ltrans8.ltrans.o
 *fill*         0x20001412        0x2 
 .bss           0x20001414      0x32c /tmp/ccAdx7OJ.ltrans9.ltrans.o
                0x20001414                FATFS_wavfile
                0x20001638                LSM9DS1_Mag_Offset
                0x20001640                Gps_Buffer
                0x2000164c                wct.lto_priv.77
                0x2000164e                ADS1298_Error_Status
                0x2000164f                Enable.lto_priv.72
                0x20001650                ECG_buffers
                0x200016d0                Gain.lto_priv.80
                0x200016d1                Actual_gain.lto_priv.75
                0x200016d2                Cap.lto_priv.74
                0x200016d3                quality_mask.lto_priv.71
                0x200016d4                qualityfilter.lto_priv.73
                0x200016f4                channel_wct_conf.lto_priv.79
                0x200016f8                old_wct.lto_priv.78
                0x200016fc                Millis
                0x20001700                old_quality_mask.lto_priv.76
                0x2000170c                Gps
                0x2000173f                read_transaction.lto_priv.70
 .bss           0x20001740        0x4 /tmp/ccAdx7OJ.ltrans10.ltrans.o
 .bss           0x20001744       0x6e /tmp/ccAdx7OJ.ltrans11.ltrans.o
                0x20001744                Max_Lun
                0x20001748                Mass_Block_Count
                0x20001750                Mass_Block_Size
                0x20001758                Data_Len
                0x20001760                TransferState
                0x20001770                Bulk_Data_Buff
 *fill*         0x200017b2        0x2 
 .bss           0x200017b4       0x15 /tmp/ccAdx7OJ.ltrans13.ltrans.o
                0x200017b4                wIstr
                0x200017b8                Timer1.lto_priv.102
 *fill*         0x200017c9        0x3 
 .bss           0x200017cc       0x5c /tmp/ccAdx7OJ.ltrans14.ltrans.o
                0x200017cc                CardType.lto_priv.101
                0x200017cd                Sd_Spi_Called_From_USB_MSC
                0x200017d0                CSW
                0x200017e0                Bot_State
                0x200017e4                Usart3_tx_buff
                0x20001800                I_limits
                0x2000180c                PI_glob
                0x20001824                Timer2.lto_priv.98
 .bss           0x20001828       0x14 /tmp/ccAdx7OJ.ltrans15.ltrans.o
 .bss.Data_Mul_MaxPacketSize
                0x2000183c        0x1 lib/STM32_USB-FS-Device_Driver/libstm32usb.a(usb_core.o)
                0x2000183c                Data_Mul_MaxPacketSize
 *fill*         0x2000183d        0x3 
 .bss.__malloc_sbrk_start
                0x20001840        0x4 /home/laurence/ARM-GCC/gcc-arm-none-eabi-5_3-2016q1/bin/../lib/gcc/arm-none-eabi/5.3.1/../../../../arm-none-eabi/lib/armv7-m/libg_nano.a(lib_a-nano-mallocr.o)
                0x20001840                __malloc_sbrk_start
 .bss.__malloc_free_list
                0x20001844        0x4 /home/laurence/ARM-GCC/gcc-arm-none-eabi-5_3-2016q1/bin/../lib/gcc/arm-none-eabi/5.3.1/../../../../arm-none-eabi/lib/armv7-m/libg_nano.a(lib_a-nano-mallocr.o)
                0x20001844                __malloc_free_list
 .bss.heap_end.4167
                0x20001848        0x4 /home/laurence/ARM-GCC/gcc-arm-none-eabi-5_3-2016q1/bin/../lib/gcc/arm-none-eabi/5.3.1/../../../../arm-none-eabi/lib/armv7-m/libnosys.a(sbrk.o)
 *(COMMON)
 COMMON         0x2000184c        0x2 lib/STM32_USB-FS-Device_Driver/libstm32usb.a(usb_core.o)
                0x2000184c                StatusInfo
 *fill*         0x2000184e        0x2 
 COMMON         0x20001850       0x32 lib/STM32_USB-FS-Device_Driver/libstm32usb.a(usb_init.o)
                0x20001850                SaveState
                0x20001854                pProperty
                0x20001858                EPindex
                0x2000185c                Device_Info
                0x20001878                pUser_Standard_Requests
                0x2000187c                pInformation
                0x20001880                wInterrupt_Mask
 COMMON         0x20001882        0x4 lib/STM32_USB-FS-Device_Driver/libstm32usb.a(usb_int.o)
                0x20001882                SaveRState
                0x20001884                SaveTState
 *fill*         0x20001886        0x2 
 COMMON         0x20001888        0x4 /home/laurence/ARM-GCC/gcc-arm-none-eabi-5_3-2016q1/bin/../lib/gcc/arm-none-eabi/5.3.1/../../../../arm-none-eabi/lib/armv7-m/libg_nano.a(lib_a-reent.o)
                0x20001888                errno
                0x2000188c                . = ALIGN (0x4)
                0x2000188c                __bss_end__ = .

.heap           0x20001890        0x0
                0x20001890                __end__ = .
                0x20001890                end = __end__
 *(.heap*)
 .heap          0x20001890        0x0 lib/ARM-GCC/startup_ARMCM3.o
                0x20001890                __HeapLimit = .

.stack_dummy    0x20001890      0xc00
 *(.stack*)
 .stack         0x20001890      0xc00 lib/ARM-GCC/startup_ARMCM3.o
                0x20005000                __StackTop = (ORIGIN (RAM) + LENGTH (RAM))
                0x20004400                __StackLimit = (__StackTop - SIZEOF (.stack_dummy))
                0x20005000                PROVIDE (__stack, __StackTop)
                0x00000001                ASSERT ((__StackLimit >= __HeapLimit), region RAM overflowed with stack)
OUTPUT(main.elf elf32-littlearm)

.ARM.attributes
                0x00000000       0x29
 .ARM.attributes
                0x00000000       0x1d /home/laurence/ARM-GCC/gcc-arm-none-eabi-5_3-2016q1/bin/../lib/gcc/arm-none-eabi/5.3.1/armv7-m/crti.o
 .ARM.attributes
                0x0000001d       0x2d /home/laurence/ARM-GCC/gcc-arm-none-eabi-5_3-2016q1/bin/../lib/gcc/arm-none-eabi/5.3.1/armv7-m/crtbegin.o
 .ARM.attributes
                0x0000004a       0x1b /home/laurence/ARM-GCC/gcc-arm-none-eabi-5_3-2016q1/bin/../lib/gcc/arm-none-eabi/5.3.1/../../../../arm-none-eabi/lib/armv7-m/crt0.o
 .ARM.attributes
                0x00000065       0x31 /tmp/ccAdx7OJ.ltrans0.ltrans.o
 .ARM.attributes
                0x00000096       0x31 /tmp/ccAdx7OJ.ltrans1.ltrans.o
 .ARM.attributes
                0x000000c7       0x31 /tmp/ccAdx7OJ.ltrans2.ltrans.o
 .ARM.attributes
                0x000000f8       0x31 /tmp/ccAdx7OJ.ltrans3.ltrans.o
 .ARM.attributes
                0x00000129       0x31 /tmp/ccAdx7OJ.ltrans4.ltrans.o
 .ARM.attributes
                0x0000015a       0x31 /tmp/ccAdx7OJ.ltrans5.ltrans.o
 .ARM.attributes
                0x0000018b       0x31 /tmp/ccAdx7OJ.ltrans6.ltrans.o
 .ARM.attributes
                0x000001bc       0x31 /tmp/ccAdx7OJ.ltrans7.ltrans.o
 .ARM.attributes
                0x000001ed       0x31 /tmp/ccAdx7OJ.ltrans8.ltrans.o
 .ARM.attributes
                0x0000021e       0x31 /tmp/ccAdx7OJ.ltrans9.ltrans.o
 .ARM.attributes
                0x0000024f       0x31 /tmp/ccAdx7OJ.ltrans10.ltrans.o
 .ARM.attributes
                0x00000280       0x31 /tmp/ccAdx7OJ.ltrans11.ltrans.o
 .ARM.attributes
                0x000002b1       0x31 /tmp/ccAdx7OJ.ltrans12.ltrans.o
 .ARM.attributes
                0x000002e2       0x31 /tmp/ccAdx7OJ.ltrans13.ltrans.o
 .ARM.attributes
                0x00000313       0x31 /tmp/ccAdx7OJ.ltrans14.ltrans.o
 .ARM.attributes
                0x00000344       0x31 /tmp/ccAdx7OJ.ltrans15.ltrans.o
 .ARM.attributes
                0x00000375       0x31 /tmp/ccAdx7OJ.ltrans16.ltrans.o
 .ARM.attributes
                0x000003a6       0x1b lib/ARM-GCC/startup_ARMCM3.o
 .ARM.attributes
                0x000003c1       0x33 lib/STM32F10x_StdPeriph_Driver/libstm32fw.a(misc.o)
 .ARM.attributes
                0x000003f4       0x33 lib/STM32F10x_StdPeriph_Driver/libstm32fw.a(stm32f10x_adc.o)
 .ARM.attributes
                0x00000427       0x33 lib/STM32F10x_StdPeriph_Driver/libstm32fw.a(stm32f10x_bkp.o)
 .ARM.attributes
                0x0000045a       0x33 lib/STM32F10x_StdPeriph_Driver/libstm32fw.a(stm32f10x_dbgmcu.o)
 .ARM.attributes
                0x0000048d       0x33 lib/STM32F10x_StdPeriph_Driver/libstm32fw.a(stm32f10x_dma.o)
 .ARM.attributes
                0x000004c0       0x33 lib/STM32F10x_StdPeriph_Driver/libstm32fw.a(stm32f10x_exti.o)
 .ARM.attributes
                0x000004f3       0x33 lib/STM32F10x_StdPeriph_Driver/libstm32fw.a(stm32f10x_gpio.o)
 .ARM.attributes
                0x00000526       0x33 lib/STM32F10x_StdPeriph_Driver/libstm32fw.a(stm32f10x_i2c.o)
 .ARM.attributes
                0x00000559       0x33 lib/STM32F10x_StdPeriph_Driver/libstm32fw.a(stm32f10x_iwdg.o)
 .ARM.attributes
                0x0000058c       0x33 lib/STM32F10x_StdPeriph_Driver/libstm32fw.a(stm32f10x_pwr.o)
 .ARM.attributes
                0x000005bf       0x33 lib/STM32F10x_StdPeriph_Driver/libstm32fw.a(stm32f10x_rcc.o)
 .ARM.attributes
                0x000005f2       0x33 lib/STM32F10x_StdPeriph_Driver/libstm32fw.a(stm32f10x_rtc.o)
 .ARM.attributes
                0x00000625       0x33 lib/STM32F10x_StdPeriph_Driver/libstm32fw.a(stm32f10x_spi.o)
 .ARM.attributes
                0x00000658       0x33 lib/STM32F10x_StdPeriph_Driver/libstm32fw.a(stm32f10x_tim.o)
 .ARM.attributes
                0x0000068b       0x33 lib/STM32F10x_StdPeriph_Driver/libstm32fw.a(stm32f10x_usart.o)
 .ARM.attributes
                0x000006be       0x33 lib/STM32_USB-FS-Device_Driver/libstm32usb.a(usb_core.o)
 .ARM.attributes
                0x000006f1       0x33 lib/STM32_USB-FS-Device_Driver/libstm32usb.a(usb_init.o)
 .ARM.attributes
                0x00000724       0x33 lib/STM32_USB-FS-Device_Driver/libstm32usb.a(usb_int.o)
 .ARM.attributes
                0x00000757       0x33 lib/STM32_USB-FS-Device_Driver/libstm32usb.a(usb_mem.o)
 .ARM.attributes
                0x0000078a       0x33 lib/STM32_USB-FS-Device_Driver/libstm32usb.a(usb_regs.o)
 .ARM.attributes
                0x000007bd       0x33 lib/STM32_USB-FS-Device_Driver/libstm32usb.a(usb_sil.o)
 .ARM.attributes
                0x000007f0       0x2d /home/laurence/ARM-GCC/gcc-arm-none-eabi-5_3-2016q1/bin/../lib/gcc/arm-none-eabi/5.3.1/../../../../arm-none-eabi/lib/armv7-m/libg_nano.a(lib_a-exit.o)
 .ARM.attributes
                0x0000081d       0x2d /home/laurence/ARM-GCC/gcc-arm-none-eabi-5_3-2016q1/bin/../lib/gcc/arm-none-eabi/5.3.1/../../../../arm-none-eabi/lib/armv7-m/libg_nano.a(lib_a-impure.o)
 .ARM.attributes
                0x0000084a       0x2d /home/laurence/ARM-GCC/gcc-arm-none-eabi-5_3-2016q1/bin/../lib/gcc/arm-none-eabi/5.3.1/../../../../arm-none-eabi/lib/armv7-m/libg_nano.a(lib_a-init.o)
 .ARM.attributes
                0x00000877       0x2d /home/laurence/ARM-GCC/gcc-arm-none-eabi-5_3-2016q1/bin/../lib/gcc/arm-none-eabi/5.3.1/../../../../arm-none-eabi/lib/armv7-m/libg_nano.a(lib_a-memset.o)
 .ARM.attributes
                0x000008a4       0x2d /home/laurence/ARM-GCC/gcc-arm-none-eabi-5_3-2016q1/bin/../lib/gcc/arm-none-eabi/5.3.1/../../../../arm-none-eabi/lib/armv7-m/libg_nano.a(lib_a-rand.o)
 .ARM.attributes
                0x000008d1       0x2d /home/laurence/ARM-GCC/gcc-arm-none-eabi-5_3-2016q1/bin/../lib/gcc/arm-none-eabi/5.3.1/../../../../arm-none-eabi/lib/armv7-m/libg_nano.a(lib_a-malloc.o)
 .ARM.attributes
                0x000008fe       0x2d /home/laurence/ARM-GCC/gcc-arm-none-eabi-5_3-2016q1/bin/../lib/gcc/arm-none-eabi/5.3.1/../../../../arm-none-eabi/lib/armv7-m/libg_nano.a(lib_a-nano-mallocr.o)
 .ARM.attributes
                0x0000092b       0x2d /home/laurence/ARM-GCC/gcc-arm-none-eabi-5_3-2016q1/bin/../lib/gcc/arm-none-eabi/5.3.1/../../../../arm-none-eabi/lib/armv7-m/libg_nano.a(lib_a-sbrkr.o)
 .ARM.attributes
                0x00000958       0x2d /home/laurence/ARM-GCC/gcc-arm-none-eabi-5_3-2016q1/bin/../lib/gcc/arm-none-eabi/5.3.1/../../../../arm-none-eabi/lib/armv7-m/libg_nano.a(lib_a-reent.o)
 .ARM.attributes
                0x00000985       0x2d /home/laurence/ARM-GCC/gcc-arm-none-eabi-5_3-2016q1/bin/../lib/gcc/arm-none-eabi/5.3.1/../../../../arm-none-eabi/lib/armv7-m/libnosys.a(sbrk.o)
 .ARM.attributes
                0x000009b2       0x2d /home/laurence/ARM-GCC/gcc-arm-none-eabi-5_3-2016q1/bin/../lib/gcc/arm-none-eabi/5.3.1/../../../../arm-none-eabi/lib/armv7-m/libnosys.a(_exit.o)
 .ARM.attributes
                0x000009df       0x2d /home/laurence/ARM-GCC/gcc-arm-none-eabi-5_3-2016q1/bin/../lib/gcc/arm-none-eabi/5.3.1/armv7-m/crtend.o
 .ARM.attributes
                0x00000a0c       0x1d /home/laurence/ARM-GCC/gcc-arm-none-eabi-5_3-2016q1/bin/../lib/gcc/arm-none-eabi/5.3.1/armv7-m/crtn.o
 .ARM.attributes
                0x00000a29       0x2d /home/laurence/ARM-GCC/gcc-arm-none-eabi-5_3-2016q1/bin/../lib/gcc/arm-none-eabi/5.3.1/../../../../arm-none-eabi/lib/armv7-m/libm.a(lib_a-sf_round.o)
 .ARM.attributes