Archive member included because of file (symbol)

lib/STM32F10x_StdPeriph_Driver/libstm32fw.a(misc.o)
                              interrupts.o (symbol from plugin) (NVIC_PriorityGroupConfig)
lib/STM32F10x_StdPeriph_Driver/libstm32fw.a(stm32f10x_adc.o)
                              adc.o (symbol from plugin) (ADC_DeInit)
lib/STM32F10x_StdPeriph_Driver/libstm32fw.a(stm32f10x_bkp.o)
                              Util/fat_fs/src/rtc.o (symbol from plugin) (BKP_DeInit)
lib/STM32F10x_StdPeriph_Driver/libstm32fw.a(stm32f10x_dbgmcu.o)
                              main.o (symbol from plugin) (DBGMCU_Config)
lib/STM32F10x_StdPeriph_Driver/libstm32fw.a(stm32f10x_dma.o)
                              Util/fat_fs/src/sd_spi_stm32.o (symbol from plugin) (DMA_DeInit)
lib/STM32F10x_StdPeriph_Driver/libstm32fw.a(stm32f10x_exti.o)
                              interrupts.o (symbol from plugin) (EXTI_DeInit)
lib/STM32F10x_StdPeriph_Driver/libstm32fw.a(stm32f10x_gpio.o)
                              Util/fat_fs/src/sd_spi_stm32.o (symbol from plugin) (GPIO_Init)
lib/STM32F10x_StdPeriph_Driver/libstm32fw.a(stm32f10x_i2c.o)
                              i2c_int.o (symbol from plugin) (I2C_DeInit)
lib/STM32F10x_StdPeriph_Driver/libstm32fw.a(stm32f10x_iwdg.o)
                              watchdog.o (symbol from plugin) (IWDG_WriteAccessCmd)
lib/STM32F10x_StdPeriph_Driver/libstm32fw.a(stm32f10x_pwr.o)
                              pwr.o (symbol from plugin) (PWR_DeInit)
lib/STM32F10x_StdPeriph_Driver/libstm32fw.a(stm32f10x_rcc.o)
                              interrupts.o (symbol from plugin) (RCC_HCLKConfig)
lib/STM32F10x_StdPeriph_Driver/libstm32fw.a(stm32f10x_rtc.o)
                              Util/fat_fs/src/rtc.o (symbol from plugin) (RTC_GetCounter)
lib/STM32F10x_StdPeriph_Driver/libstm32fw.a(stm32f10x_spi.o)
                              Util/fat_fs/src/sd_spi_stm32.o (symbol from plugin) (SPI_I2S_DeInit)
lib/STM32F10x_StdPeriph_Driver/libstm32fw.a(stm32f10x_tim.o)
                              timer.o (symbol from plugin) (TIM_DeInit)
lib/STM32F10x_StdPeriph_Driver/libstm32fw.a(stm32f10x_usart.o)
                              Util/rn42_command.o (symbol from plugin) (USART_DeInit)
lib/STM32_USB-FS-Device_Driver/libstm32usb.a(usb_core.o)
                              Util/USB/usb_prop.o (symbol from plugin) (Standard_GetDescriptorData)
lib/STM32_USB-FS-Device_Driver/libstm32usb.a(usb_init.o)
                              main.o (symbol from plugin) (USB_Init)
lib/STM32_USB-FS-Device_Driver/libstm32usb.a(usb_int.o)
                              Util/USB/usb_istr.o (symbol from plugin) (CTR_LP)
lib/STM32_USB-FS-Device_Driver/libstm32usb.a(usb_mem.o)
                              lib/STM32_USB-FS-Device_Driver/libstm32usb.a(usb_core.o) (UserToPMABufferCopy)
lib/STM32_USB-FS-Device_Driver/libstm32usb.a(usb_regs.o)
                              Util/USB/usb_prop.o (symbol from plugin) (SetBTABLE)
lib/STM32_USB-FS-Device_Driver/libstm32usb.a(usb_sil.o)
                              Util/USB/usb_prop.o (symbol from plugin) (USB_SIL_Init)
/home/laurence/ARM-GCC/bin/../lib/gcc/arm-none-eabi/4.7.4/../../../../arm-none-eabi/lib/armv7-m/libc.a(lib_a-__atexit.o)
                              /home/laurence/ARM-GCC/bin/../lib/gcc/arm-none-eabi/4.7.4/../../../../arm-none-eabi/lib/armv7-m/crt0.o (__register_exitproc)
/home/laurence/ARM-GCC/bin/../lib/gcc/arm-none-eabi/4.7.4/../../../../arm-none-eabi/lib/armv7-m/libc.a(lib_a-exit.o)
                              /home/laurence/ARM-GCC/bin/../lib/gcc/arm-none-eabi/4.7.4/../../../../arm-none-eabi/lib/armv7-m/crt0.o (exit)
/home/laurence/ARM-GCC/bin/../lib/gcc/arm-none-eabi/4.7.4/../../../../arm-none-eabi/lib/armv7-m/libc.a(lib_a-fini.o)
                              /home/laurence/ARM-GCC/bin/../lib/gcc/arm-none-eabi/4.7.4/../../../../arm-none-eabi/lib/armv7-m/crt0.o (__libc_fini_array)
/home/laurence/ARM-GCC/bin/../lib/gcc/arm-none-eabi/4.7.4/../../../../arm-none-eabi/lib/armv7-m/libc.a(lib_a-impure.o)
                              /home/laurence/ARM-GCC/bin/../lib/gcc/arm-none-eabi/4.7.4/../../../../arm-none-eabi/lib/armv7-m/libc.a(lib_a-__atexit.o) (_global_impure_ptr)
/home/laurence/ARM-GCC/bin/../lib/gcc/arm-none-eabi/4.7.4/../../../../arm-none-eabi/lib/armv7-m/libc.a(lib_a-init.o)
                              /home/laurence/ARM-GCC/bin/../lib/gcc/arm-none-eabi/4.7.4/../../../../arm-none-eabi/lib/armv7-m/crt0.o (__libc_init_array)
/home/laurence/ARM-GCC/bin/../lib/gcc/arm-none-eabi/4.7.4/../../../../arm-none-eabi/lib/armv7-m/libc.a(lib_a-memset.o)
                              /home/laurence/ARM-GCC/bin/../lib/gcc/arm-none-eabi/4.7.4/../../../../arm-none-eabi/lib/armv7-m/crt0.o (memset)
/home/laurence/ARM-GCC/bin/../lib/gcc/arm-none-eabi/4.7.4/../../../../arm-none-eabi/lib/armv7-m/libc.a(lib_a-rand.o)
                              Util/sp1ml_command.o (symbol from plugin) (srand)
[...]
Memory Configuration

Name             Origin             Length             Attributes
RAM              0x20000000         0x00005000         xrw
FLASH            0x08000000         0x00020000         xr
FLASHB1          0x00000000         0x00000000         xr
EXTMEMB0         0x00000000         0x00000000         xr
EXTMEMB1         0x00000000         0x00000000         xr
EXTMEMB2         0x00000000         0x00000000         xr
EXTMEMB3         0x00000000         0x00000000         xr
STARTFLASH       0x00000000         0xffffffff
CRPPATCH         0x00000000         0xffffffff
FLASHPATCH       0x00000000         0xffffffff
ENDFLASH         0x00000000         0xffffffff
*default*        0x00000000         0xffffffff

Linker script and memory map

LOAD /home/laurence/ARM-GCC/bin/../lib/gcc/arm-none-eabi/4.7.4/armv7-m/crti.o
LOAD /home/laurence/ARM-GCC/bin/../lib/gcc/arm-none-eabi/4.7.4/armv7-m/crtbegin.o
LOAD /home/laurence/ARM-GCC/bin/../lib/gcc/arm-none-eabi/4.7.4/../../../../arm-none-eabi/lib/armv7-m/crt0.o
LOAD Util/USB/hw_config.o
LOAD /tmp/ccPXeXDK.ltrans0.ltrans.o
LOAD /tmp/ccPXeXDK.ltrans1.ltrans.o
LOAD /tmp/ccPXeXDK.ltrans2.ltrans.o
LOAD /tmp/ccPXeXDK.ltrans3.ltrans.o
LOAD /tmp/ccPXeXDK.ltrans4.ltrans.o
LOAD /tmp/ccPXeXDK.ltrans5.ltrans.o
LOAD /tmp/ccPXeXDK.ltrans6.ltrans.o
LOAD /tmp/ccPXeXDK.ltrans7.ltrans.o
LOAD /tmp/ccPXeXDK.ltrans8.ltrans.o
LOAD /tmp/ccPXeXDK.ltrans9.ltrans.o
LOAD /tmp/ccPXeXDK.ltrans10.ltrans.o
LOAD /home/laurence/ARM-GCC/bin/../lib/gcc/arm-none-eabi/4.7.4/armv7-m/libgcc.a
LOAD /home/laurence/ARM-GCC/bin/../lib/gcc/arm-none-eabi/4.7.4/../../../../arm-none-eabi/lib/armv7-m/libc.a
LOAD Util/USB/mass_mal.o
LOAD Util/USB/memory.o
LOAD Util/USB/scsi_data.o
LOAD Util/USB/usb_bot.o
LOAD Util/USB/usb_desc.o
LOAD Util/USB/usb_endp.o
LOAD Util/USB/usb_istr.o
LOAD Util/USB/usb_prop.o
LOAD Util/USB/usb_pwr.o
LOAD Util/USB/usb_scsi.o
LOAD Util/buffer.o
LOAD Util/data_alignment.o
LOAD Util/delay.o
LOAD Util/fat_fs/option/ccsbcs.o
LOAD Util/fat_fs/src/fattime.o
LOAD Util/fat_fs/src/ff.o
LOAD Util/fat_fs/src/rtc.o
LOAD Util/fat_fs/src/sd_spi_stm32.o
LOAD Util/filter.o
LOAD Util/load_setting.o
LOAD Util/rn42_command.o
LOAD Util/rn42_conf.o
LOAD Util/rprintf.o
LOAD Util/rtc_correct.o
LOAD Util/sp1ml_command.o
LOAD Util/wave.o
LOAD adc.o
LOAD bootload.o
LOAD dma.o
LOAD gpio.o
LOAD i2c_int.o
LOAD interrupts.o
LOAD lib/CMSIS_CM3/core_cm3.o
LOAD lib/CMSIS_CM3/startup/gcc/startup_stm32f10x_md.o
LOAD lib/CMSIS_CM3/system_stm32f10x.o
LOAD main.o
LOAD pwr.o
LOAD timer.o
LOAD usart.o
LOAD watchdog.o
LOAD Sensors/ads1298.o
LOAD Sensors/lsm9ds1.o
LOAD Sensors/ubx.o
LOAD lib/STM32F10x_StdPeriph_Driver/libstm32fw.a
LOAD lib/STM32_USB-FS-Device_Driver/libstm32usb.a
LOAD /home/laurence/ARM-GCC/bin/../lib/gcc/arm-none-eabi/4.7.4/../../../../arm-none-eabi/lib/armv7-m/libm.a
LOAD /home/laurence/ARM-GCC/bin/../lib/gcc/arm-none-eabi/4.7.4/../../../../arm-none-eabi/lib/armv7-m/libnosys.a
START GROUP
LOAD /home/laurence/ARM-GCC/bin/../lib/gcc/arm-none-eabi/4.7.4/armv7-m/libgcc.a
LOAD /home/laurence/ARM-GCC/bin/../lib/gcc/arm-none-eabi/4.7.4/../../../../arm-none-eabi/lib/armv7-m/libc.a
END GROUP
LOAD /home/laurence/ARM-GCC/bin/../lib/gcc/arm-none-eabi/4.7.4/armv7-m/crtend.o
LOAD /home/laurence/ARM-GCC/bin/../lib/gcc/arm-none-eabi/4.7.4/armv7-m/crtn.o
                0x00002000                __Stack_Size = 0x2000
                0x00002000                PROVIDE (_Stack_Size, __Stack_Size)
                0x20003000                __Stack_Init = (_estack - __Stack_Size)
                0x20003000                PROVIDE (_Stack_Init, __Stack_Init)
                0x00002000                _Minimum_Stack_Size = 0x2000
                0x00000000                PROVIDE (Undefined_Handler, 0x0)
                0x00000000                PROVIDE (SWI_Handler, 0x0)
                0x00000000                PROVIDE (IRQ_Handler, 0x0)
                0x00000000                PROVIDE (Prefetch_Handler, 0x0)
                0x00000000                PROVIDE (Abort_Handler, 0x0)
                0x00000000                PROVIDE (FIQ_Handler, 0x0)
                0x00000000                PROVIDE (NMIException, 0x0)
                0x00000000                PROVIDE (NMI_Handler, 0x0)
                0x00000000                PROVIDE (HardFaultException, 0x0)
                0x00000000                PROVIDE (HardFault_Handler, 0x0)
                0x00000000                PROVIDE (MemManageException, 0x0)
                0x00000000                PROVIDE (MemManage_Handler, 0x0)
                0x00000000                PROVIDE (BusFaultException, 0x0)
                0x00000000                PROVIDE (BusFault_Handler, 0x0)
                0x00000000                PROVIDE (UsageFaultException, 0x0)
                0x00000000                PROVIDE (UsageFault_Handler, 0x0)
                0x00000000                PROVIDE (SVCHandler, 0x0)
                0x00000000                PROVIDE (SVC_Handler, 0x0)
                0x00000000                PROVIDE (DebugMonitor, 0x0)
                0x00000000                PROVIDE (DebugMon_Handler, 0x0)
                0x00000000                PROVIDE (PendSVC, 0x0)
                0x00000000                PROVIDE (PendSV_Handler, 0x0)
                0x00000000                PROVIDE (SysTickHandler, 0x0)
                0x00000000                PROVIDE (SysTick_Handler, 0x0)
                0x00000000                PROVIDE (WWDG_IRQHandler, 0x0)
                0x00000000                PROVIDE (PVD_IRQHandler, 0x0)
                0x00000000                PROVIDE (TAMPER_IRQHandler, 0x0)
                0x00000000                PROVIDE (RTC_IRQHandler, 0x0)
                0x00000000                PROVIDE (FLASH_IRQHandler, 0x0)
                0x00000000                PROVIDE (RCC_IRQHandler, 0x0)
                0x00000000                PROVIDE (EXTI0_IRQHandler, 0x0)
                0x00000000                PROVIDE (EXTI1_IRQHandler, 0x0)
                0x00000000                PROVIDE (EXTI2_IRQHandler, 0x0)
                0x00000000                PROVIDE (EXTI3_IRQHandler, 0x0)
                0x00000000                PROVIDE (EXTI4_IRQHandler, 0x0)
                0x00000000                PROVIDE (DMAChannel1_IRQHandler, 0x0)
                0x00000000                PROVIDE (DMAChannel2_IRQHandler, 0x0)
                0x00000000                PROVIDE (DMAChannel3_IRQHandler, 0x0)
                0x00000000                PROVIDE (DMAChannel4_IRQHandler, 0x0)
                0x00000000                PROVIDE (DMAChannel5_IRQHandler, 0x0)
                0x00000000                PROVIDE (DMAChannel6_IRQHandler, 0x0)
                0x00000000                PROVIDE (DMAChannel7_IRQHandler, 0x0)
                0x00000000                PROVIDE (DMA1_Channel1_IRQHandler, 0x0)
                0x00000000                PROVIDE (DMA1_Channel2_IRQHandler, 0x0)
                0x00000000                PROVIDE (DMA1_Channel3_IRQHandler, 0x0)
                0x00000000                PROVIDE (DMA1_Channel4_IRQHandler, 0x0)
                0x00000000                PROVIDE (DMA1_Channel5_IRQHandler, 0x0)
                0x00000000                PROVIDE (DMA1_Channel6_IRQHandler, 0x0)
                0x00000000                PROVIDE (DMA1_Channel7_IRQHandler, 0x0)
                0x00000000                PROVIDE (ADC_IRQHandler, 0x0)
                0x00000000                PROVIDE (ADC1_2_IRQHandler, 0x0)
                0x00000000                PROVIDE (USB_HP_CAN_TX_IRQHandler, 0x0)
                0x00000000                PROVIDE (USB_HP_CAN1_TX_IRQHandler, 0x0)
                0x00000000                PROVIDE (USB_LP_CAN_RX0_IRQHandler, 0x0)
                0x00000000                PROVIDE (USB_LP_CAN1_RX0_IRQHandler, 0x0)
                0x00000000                PROVIDE (CAN_RX1_IRQHandler, 0x0)
                0x00000000                PROVIDE (CAN1_RX1_IRQHandler, 0x0)
                0x00000000                PROVIDE (CAN_SCE_IRQHandler, 0x0)
                0x00000000                PROVIDE (CAN1_SCE_IRQHandler, 0x0)
                0x00000000                PROVIDE (EXTI9_5_IRQHandler, 0x0)
                0x00000000                PROVIDE (TIM1_BRK_IRQHandler, 0x0)
                0x00000000                PROVIDE (TIM1_UP_IRQHandler, 0x0)
                0x00000000                PROVIDE (TIM1_TRG_COM_IRQHandler, 0x0)
                0x00000000                PROVIDE (TIM1_CC_IRQHandler, 0x0)
                0x00000000                PROVIDE (TIM2_IRQHandler, 0x0)
                0x00000000                PROVIDE (TIM3_IRQHandler, 0x0)
                0x00000000                PROVIDE (TIM4_IRQHandler, 0x0)
                0x00000000                PROVIDE (I2C1_EV_IRQHandler, 0x0)
                0x00000000                PROVIDE (I2C1_ER_IRQHandler, 0x0)
                0x00000000                PROVIDE (I2C2_EV_IRQHandler, 0x0)
                0x00000000                PROVIDE (I2C2_ER_IRQHandler, 0x0)
                0x00000000                PROVIDE (SPI1_IRQHandler, 0x0)
                0x00000000                PROVIDE (SPI2_IRQHandler, 0x0)
                0x00000000                PROVIDE (USART1_IRQHandler, 0x0)
                0x00000000                PROVIDE (USART2_IRQHandler, 0x0)
                0x00000000                PROVIDE (USART3_IRQHandler, 0x0)
                0x00000000                PROVIDE (EXTI15_10_IRQHandler, 0x0)
                0x00000000                PROVIDE (RTCAlarm_IRQHandler, 0x0)
                0x00000000                PROVIDE (USBWakeUp_IRQHandler, 0x0)
                0x00000000                PROVIDE (TIM8_BRK_IRQHandler, 0x0)
                0x00000000                PROVIDE (TIM8_UP_IRQHandler, 0x0)
                0x00000000                PROVIDE (TIM8_TRG_COM_IRQHandler, 0x0)
                0x00000000                PROVIDE (TIM8_CC_IRQHandler, 0x0)
                0x00000000                PROVIDE (ADC3_IRQHandler, 0x0)
                0x00000000                PROVIDE (FSMC_IRQHandler, 0x0)
                0x00000000                PROVIDE (SDIO_IRQHandler, 0x0)
                0x00000000                PROVIDE (TIM5_IRQHandler, 0x0)
                0x00000000                PROVIDE (SPI3_IRQHandler, 0x0)
                0x00000000                PROVIDE (UART4_IRQHandler, 0x0)
                0x00000000                PROVIDE (UART5_IRQHandler, 0x0)
                0x00000000                PROVIDE (TIM6_IRQHandler, 0x0)
                0x00000000                PROVIDE (TIM7_IRQHandler, 0x0)
                0x00000000                PROVIDE (DMA2_Channel1_IRQHandler, 0x0)
                0x00000000                PROVIDE (DMA2_Channel2_IRQHandler, 0x0)
                0x00000000                PROVIDE (DMA2_Channel3_IRQHandler, 0x0)
                0x00000000                PROVIDE (DMA2_Channel4_5_IRQHandler, 0x0)
                0x42000000                PERIPH_BB_BASE = 0x42000000
                0x22000000                SRAM_BB_BASE = 0x22000000
                0x20000000                SRAM_BASE = 0x20000000
                0x40000000                PERIPH_BASE = 0x40000000
                0x40022000                PROVIDE (FLASH_BASE, 0x40022000)
                0x1ffff800                PROVIDE (OB_BASE, 0x1ffff800)
                0x40000000                APB1PERIPH_BASE = PERIPH_BASE
                0x40010000                APB2PERIPH_BASE = (PERIPH_BASE + 0x10000)
                0x40020000                AHBPERIPH_BASE = (PERIPH_BASE + 0x20000)
                0x40000000                PROVIDE (TIM2, (APB1PERIPH_BASE + 0x0))
                0x40000400                PROVIDE (TIM3, (APB1PERIPH_BASE + 0x400))
                0x40000800                PROVIDE (TIM4, (APB1PERIPH_BASE + 0x800))
                0x40002800                PROVIDE (RTC, (APB1PERIPH_BASE + 0x2800))
                0x40002c00                PROVIDE (WWDG, (APB1PERIPH_BASE + 0x2c00))
                0x40003000                PROVIDE (IWDG, (APB1PERIPH_BASE + 0x3000))
                0x40003800                PROVIDE (SPI2, (APB1PERIPH_BASE + 0x3800))
                0x40004400                PROVIDE (USART2, (APB1PERIPH_BASE + 0x4400))
                0x40004800                PROVIDE (USART3, (APB1PERIPH_BASE + 0x4800))
                0x40005400                PROVIDE (I2C1, (APB1PERIPH_BASE + 0x5400))
                0x40005800                PROVIDE (I2C2, (APB1PERIPH_BASE + 0x5800))
                0x40006400                PROVIDE (CAN, (APB1PERIPH_BASE + 0x6400))
                0x40006c00                PROVIDE (BKP, (APB1PERIPH_BASE + 0x6c00))
                0x40007000                PROVIDE (PWR, (APB1PERIPH_BASE + 0x7000))
                0x40010000                PROVIDE (AFIO, (APB2PERIPH_BASE + 0x0))
                0x40010400                PROVIDE (EXTI, (APB2PERIPH_BASE + 0x400))
                0x40010800                PROVIDE (GPIOA, (APB2PERIPH_BASE + 0x800))
                0x40010c00                PROVIDE (GPIOB, (APB2PERIPH_BASE + 0xc00))
                0x40011000                PROVIDE (GPIOC, (APB2PERIPH_BASE + 0x1000))
                0x40011400                PROVIDE (GPIOD, (APB2PERIPH_BASE + 0x1400))
                0x40011800                PROVIDE (GPIOE, (APB2PERIPH_BASE + 0x1800))
                0x40012400                PROVIDE (ADC1, (APB2PERIPH_BASE + 0x2400))
                0x40012800                PROVIDE (ADC2, (APB2PERIPH_BASE + 0x2800))
                0x40012c00                PROVIDE (TIM1, (APB2PERIPH_BASE + 0x2c00))
                0x40013000                PROVIDE (SPI1, (APB2PERIPH_BASE + 0x3000))
                0x40013800                PROVIDE (USART1, (APB2PERIPH_BASE + 0x3800))
                0x40020000                PROVIDE (DMA, (AHBPERIPH_BASE + 0x0))
                0x40020008                PROVIDE (DMA_Channel1, (AHBPERIPH_BASE + 0x8))
                0x4002001c                PROVIDE (DMA_Channel2, (AHBPERIPH_BASE + 0x1c))
                0x40020030                PROVIDE (DMA_Channel3, (AHBPERIPH_BASE + 0x30))
                0x40020044                PROVIDE (DMA_Channel4, (AHBPERIPH_BASE + 0x44))
                0x40020058                PROVIDE (DMA_Channel5, (AHBPERIPH_BASE + 0x58))
                0x4002006c                PROVIDE (DMA_Channel6, (AHBPERIPH_BASE + 0x6c))
                0x40020080                PROVIDE (DMA_Channel7, (AHBPERIPH_BASE + 0x80))
                0x40021000                PROVIDE (RCC, (AHBPERIPH_BASE + 0x1000))
                0xe000e000                SCS_BASE = 0xe000e000
                0xe000e010                PROVIDE (SysTick, (SCS_BASE + 0x10))
                0xe000e100                PROVIDE (NVIC, (SCS_BASE + 0x100))
                0xe000ed00                PROVIDE (SCB, (SCS_BASE + 0xd00))
                0x20005000                PROVIDE (_estack, (ORIGIN (RAM) + 0x5000))

.isr_vector     0x08000000      0x10c
                0x08000000                . = ALIGN (0x4)
 *(.isr_vector)
 .isr_vector    0x08000000      0x10c lib/CMSIS_CM3/startup/gcc/startup_stm32f10x_md.o
                0x08000000                g_pfnVectors
                0x0800010c                . = ALIGN (0x4)

.flash_start    0x00000000        0x0
                0x00000000                . = ALIGN (0x4)
 *(.flash_start)
 *(.flash_start.*)
                0x00000000                . = ALIGN (0x4)

.crp_patch      0x00000000        0x0
                0x00000000                . = ALIGN (0x4)
 *(.crp_patch)
                0x00000000                . = ALIGN (0x4)

.flashtext      0x0800010c        0x0
                0x0800010c                . = ALIGN (0x4)
 *(.flashtext)
                0x0800010c                . = ALIGN (0x4)

.text           0x08000110     0xdae4
                0x08000110                . = ALIGN (0x4)
 *(.text)
 .text          0x08000110      0x370 /home/laurence/ARM-GCC/bin/../lib/gcc/arm-none-eabi/4.7.4/armv7-m/libgcc.a(_arm_addsubdf3.o)
                0x08000110                __aeabi_drsub
                0x08000118                __aeabi_dsub
                0x08000118                __subdf3
                0x0800011c                __adddf3
                0x0800011c                __aeabi_dadd
                0x08000394                __aeabi_ui2d
                0x08000394                __floatunsidf
                0x080003b4                __floatsidf
                0x080003b4                __aeabi_i2d
                0x080003d8                __extendsfdf2
                0x080003d8                __aeabi_f2d
                0x08000414                __aeabi_ul2d
                0x08000414                __floatundidf
                0x08000424                __floatdidf
                0x08000424                __aeabi_l2d
 .text          0x08000480      0x424 /home/laurence/ARM-GCC/bin/../lib/gcc/arm-none-eabi/4.7.4/armv7-m/libgcc.a(_arm_muldivdf3.o)
                0x08000480                __aeabi_dmul
                0x08000480                __muldf3
                0x080006d4                __aeabi_ddiv
                0x080006d4                __divdf3
 .text          0x080008a4      0x110 /home/laurence/ARM-GCC/bin/../lib/gcc/arm-none-eabi/4.7.4/armv7-m/libgcc.a(_arm_cmpdf2.o)
                0x080008a4                __gtdf2
                0x080008a4                __gedf2
                0x080008ac                __ltdf2
                0x080008ac                __ledf2
                0x080008b4                __cmpdf2
                0x080008b4                __eqdf2
                0x080008b4                __nedf2
                0x08000930                __aeabi_cdrcmple
                0x08000940                __aeabi_cdcmple
                0x08000940                __aeabi_cdcmpeq
                0x08000950                __aeabi_dcmpeq
                0x08000964                __aeabi_dcmplt
                0x08000978                __aeabi_dcmple
                0x0800098c                __aeabi_dcmpge
                0x080009a0                __aeabi_dcmpgt
 .text          0x080009b4       0xa0 /home/laurence/ARM-GCC/bin/../lib/gcc/arm-none-eabi/4.7.4/armv7-m/libgcc.a(_arm_truncdfsf2.o)
                0x080009b4                __aeabi_d2f
                0x080009b4                __truncdfsf2
 .text          0x08000a54      0x21c /home/laurence/ARM-GCC/bin/../lib/gcc/arm-none-eabi/4.7.4/armv7-m/libgcc.a(_arm_addsubsf3.o)
                0x08000a54                __aeabi_frsub
                0x08000a5c                __subsf3
                0x08000a5c                __aeabi_fsub
                0x08000a60                __aeabi_fadd
                0x08000a60                __addsf3
                0x08000bc0                __aeabi_ui2f
                0x08000bc0                __floatunsisf
                0x08000bc8                __aeabi_i2f
                0x08000bc8                __floatsisf
                0x08000be4                __floatundisf
                0x08000be4                __aeabi_ul2f
                0x08000bf4                __floatdisf
                0x08000bf4                __aeabi_l2f
 .text          0x08000c70      0x2a0 /home/laurence/ARM-GCC/bin/../lib/gcc/arm-none-eabi/4.7.4/armv7-m/libgcc.a(_arm_muldivsf3.o)
                0x08000c70                __mulsf3
                0x08000c70                __aeabi_fmul
                0x08000dd8                __divsf3
                0x08000dd8                __aeabi_fdiv
 .text          0x08000f10       0xec /home/laurence/ARM-GCC/bin/../lib/gcc/arm-none-eabi/4.7.4/armv7-m/libgcc.a(_arm_cmpsf2.o)
                0x08000f10                __gtsf2
                0x08000f10                __gesf2
                0x08000f18                __lesf2
                0x08000f18                __ltsf2
                0x08000f20                __nesf2
                0x08000f20                __eqsf2
                0x08000f20                __cmpsf2
                0x08000f80                __aeabi_cfrcmple
                0x08000f88                __aeabi_cfcmple
                0x08000f88                __aeabi_cfcmpeq
                0x08000f98                __aeabi_fcmpeq
                0x08000fac                __aeabi_fcmplt
                0x08000fc0                __aeabi_fcmple
                0x08000fd4                __aeabi_fcmpge
                0x08000fe8                __aeabi_fcmpgt
 .text          0x08000ffc       0x4c /home/laurence/ARM-GCC/bin/../lib/gcc/arm-none-eabi/4.7.4/armv7-m/libgcc.a(_arm_fixsfsi.o)
                0x08000ffc                __fixsfsi
                0x08000ffc                __aeabi_f2iz
 .text          0x08001048       0x40 /home/laurence/ARM-GCC/bin/../lib/gcc/arm-none-eabi/4.7.4/armv7-m/libgcc.a(_arm_fixunssfsi.o)
                0x08001048                __aeabi_f2uiz
                0x08001048                __fixunssfsi
 *(.text.*)
 .text.startup.main
                0x08001088     0x1fc8 /tmp/ccPXeXDK.ltrans0.ltrans.o
                0x08001088                main
 .text.disk_write
                0x08003050       0xcc /tmp/ccPXeXDK.ltrans1.ltrans.o
                0x08003050                disk_write
 .text.move_window.4933
                0x0800311c       0x76 /tmp/ccPXeXDK.ltrans1.ltrans.o
                0x0800311c                move_window.4933
 .text.get_fat  0x08003192       0xca /tmp/ccPXeXDK.ltrans1.ltrans.o
                0x08003192                get_fat
 .text.SCSI_Invalid_Cmd
                0x0800325c       0x3c /tmp/ccPXeXDK.ltrans1.ltrans.o
                0x0800325c                SCSI_Invalid_Cmd
 .text.SCSI_Address_Management
                0x08003298       0x74 /tmp/ccPXeXDK.ltrans1.ltrans.o
                0x08003298                SCSI_Address_Management
 .text.USART2_reconf.constprop.8
                0x0800330c       0x50 /tmp/ccPXeXDK.ltrans1.ltrans.o
                0x0800330c                USART2_reconf.constprop.8
 .text.disk_initialize
                0x0800335c      0x148 /tmp/ccPXeXDK.ltrans1.ltrans.o
                0x0800335c                disk_initialize
 .text.chk_mounted.4954
                0x080034a4      0x320 /tmp/ccPXeXDK.ltrans1.ltrans.o
                0x080034a4                chk_mounted.4954
 .text.Gps_DMA_Process
                0x080037c4      0x1e0 /tmp/ccPXeXDK.ltrans1.ltrans.o
                0x080037c4                Gps_DMA_Process
 .text.get_fileinfo.4925
                0x080039a4       0xf0 /tmp/ccPXeXDK.ltrans1.ltrans.o
                0x080039a4                get_fileinfo.4925
 .text.Get_UBX_Ack.constprop.9
                0x08003a94       0xd0 /tmp/ccPXeXDK.ltrans1.ltrans.o
                0x08003a94                Get_UBX_Ack.constprop.9
 .text.Read_Memory.4085
                0x08003b64      0x134 /tmp/ccPXeXDK.ltrans2.ltrans.o
 .text.SCSI_Read10_Cmd.4077
                0x08003c98       0x68 /tmp/ccPXeXDK.ltrans2.ltrans.o
 .text.EP1_IN_Callback.4009
                0x08003d00       0x54 /tmp/ccPXeXDK.ltrans2.ltrans.o
 .text.EP2_OUT_Callback.4017
                0x08003d54      0x31c /tmp/ccPXeXDK.ltrans2.ltrans.o
 .text.dir_register.5056
                0x08004070      0x24c /tmp/ccPXeXDK.ltrans2.ltrans.o
                0x08004070                dir_register.5056
 .text.dir_read.5033
                0x080042bc      0x104 /tmp/ccPXeXDK.ltrans2.ltrans.o
                0x080042bc                dir_read.5033
 .text.SCSI_Write10_Cmd
                0x080043c0      0x174 /tmp/ccPXeXDK.ltrans3.ltrans.o
                0x080043c0                SCSI_Write10_Cmd
 .text.put_fat  0x08004534       0xf6 /tmp/ccPXeXDK.ltrans3.ltrans.o
                0x08004534                put_fat
 .text.remove_chain.5046
                0x0800462a       0x54 /tmp/ccPXeXDK.ltrans3.ltrans.o
                0x0800462a                remove_chain.5046
 .text.create_chain.5012
                0x0800467e       0x9a /tmp/ccPXeXDK.ltrans3.ltrans.o
                0x0800467e                create_chain.5012
 .text.dir_next.5016
                0x08004718       0xf4 /tmp/ccPXeXDK.ltrans3.ltrans.o
                0x08004718                dir_next.5016
 .text.dir_find.part.4.5020
                0x0800480c      0x164 /tmp/ccPXeXDK.ltrans3.ltrans.o
                0x0800480c                dir_find.part.4.5020
 .text.f_lseek  0x08004970      0x140 /tmp/ccPXeXDK.ltrans3.ltrans.o
                0x08004970                f_lseek
 .text.f_write  0x08004ab0      0x19a /tmp/ccPXeXDK.ltrans3.ltrans.o
                0x08004ab0                f_write
 .text.write_wave_header
                0x08004c4a       0xda /tmp/ccPXeXDK.ltrans3.ltrans.o
                0x08004c4a                write_wave_header
 .text.write_wave_samples
                0x08004d24       0xaa /tmp/ccPXeXDK.ltrans3.ltrans.o
                0x08004d24                write_wave_samples
 *fill*         0x08004dce        0x2 00
 .text.__fat_print_char
                0x08004dd0       0x1c /tmp/ccPXeXDK.ltrans3.ltrans.o
                0x08004dd0                __fat_print_char
 .text.dir_sdi.4980
                0x08004dec       0x84 /tmp/ccPXeXDK.ltrans3.ltrans.o
                0x08004dec                dir_sdi.4980
 .text.__usart_send_char
                0x08004e70       0x50 /tmp/ccPXeXDK.ltrans4.ltrans.o
                0x08004e70                __usart_send_char
 .text.RN42_generate_packet
                0x08004ec0       0x64 /tmp/ccPXeXDK.ltrans4.ltrans.o
                0x08004ec0                RN42_generate_packet
 .text.Resume_Init.4130
                0x08004f24       0x54 /tmp/ccPXeXDK.ltrans4.ltrans.o
 .text.stm32_dma_transfer.5308.4084
                0x08004f78       0xc8 /tmp/ccPXeXDK.ltrans4.ltrans.o
 .text.MASS_Reset
                0x08005040       0xf0 /tmp/ccPXeXDK.ltrans4.ltrans.o
                0x08005040                MASS_Reset
 .text.__gps_send_char.4152
                0x08005130       0x1c /tmp/ccPXeXDK.ltrans4.ltrans.o
 .text.__str_print_char
                0x0800514c       0x2c /tmp/ccPXeXDK.ltrans4.ltrans.o
                0x0800514c                __str_print_char
 .text.__sp1ml_send_char
                0x08005178       0x40 /tmp/ccPXeXDK.ltrans4.ltrans.o
                0x08005178                __sp1ml_send_char
 .text.ads1298_spi_dma_transaction
                0x080051b8       0xe4 /tmp/ccPXeXDK.ltrans4.ltrans.o
                0x080051b8                ads1298_spi_dma_transaction
 .text.power_on.5299
                0x0800529c       0xec /tmp/ccPXeXDK.ltrans4.ltrans.o
                0x0800529c                power_on.5299
 .text.stm32_spi_rw.5301
                0x08005388       0x24 /tmp/ccPXeXDK.ltrans4.ltrans.o
                0x08005388                stm32_spi_rw.5301
 .text.rcvr_spi.5304
                0x080053ac        0x6 /tmp/ccPXeXDK.ltrans4.ltrans.o
                0x080053ac                rcvr_spi.5304
 *fill*         0x080053b2        0x2 00
 .text.rcvr_datablock
                0x080053b4       0x54 /tmp/ccPXeXDK.ltrans4.ltrans.o
                0x080053b4                rcvr_datablock
 .text.xmit_datablock.part.1.5313
                0x08005408       0x2c /tmp/ccPXeXDK.ltrans4.ltrans.o
                0x08005408                xmit_datablock.part.1.5313
 .text.release_spi
                0x08005434       0x18 /tmp/ccPXeXDK.ltrans4.ltrans.o
                0x08005434                release_spi
 .text.wait_ready.5306
                0x0800544c       0x24 /tmp/ccPXeXDK.ltrans4.ltrans.o
                0x0800544c                wait_ready.5306
 .text.send_cmd
                0x08005470       0x8c /tmp/ccPXeXDK.ltrans4.ltrans.o
                0x08005470                send_cmd
 .text.disk_read
                0x080054fc       0xa0 /tmp/ccPXeXDK.ltrans4.ltrans.o
                0x080054fc                disk_read
 .text.check_fs.4950
                0x0800559c       0x88 /tmp/ccPXeXDK.ltrans4.ltrans.o
                0x0800559c                check_fs.4950
 .text.EXTI_ONOFF_EN
                0x08005624       0x54 /tmp/ccPXeXDK.ltrans4.ltrans.o
                0x08005624                EXTI_ONOFF_EN
 .text.ads1298_busy_wait_command
                0x08005678       0x4c /tmp/ccPXeXDK.ltrans4.ltrans.o
                0x08005678                ads1298_busy_wait_command
 .text.ads1298_busy_wait_write
                0x080056c4       0x88 /tmp/ccPXeXDK.ltrans4.ltrans.o
                0x080056c4                ads1298_busy_wait_write
 .text.Resume   0x0800574c       0x88 /tmp/ccPXeXDK.ltrans4.ltrans.o
                0x0800574c                Resume
 .text.switch_leds_on
                0x080057d4       0x20 /tmp/ccPXeXDK.ltrans4.ltrans.o
                0x080057d4                switch_leds_on
 .text.switch_leds_off
                0x080057f4       0x20 /tmp/ccPXeXDK.ltrans4.ltrans.o
                0x080057f4                switch_leds_off
 .text.red_flash
                0x08005814       0x2c /tmp/ccPXeXDK.ltrans4.ltrans.o
                0x08005814                red_flash
 .text.Gps_Send_Utf8
                0x08005840       0x1a /tmp/ccPXeXDK.ltrans4.ltrans.o
                0x08005840                Gps_Send_Utf8
 .text.Gps_Send_Str
                0x0800585a       0x16 /tmp/ccPXeXDK.ltrans4.ltrans.o
                0x0800585a                Gps_Send_Str
 .text.Usart3_Send_Str
                0x08005870       0x28 /tmp/ccPXeXDK.ltrans4.ltrans.o
                0x08005870                Usart3_Send_Str
 .text.SP1ML_command
                0x08005898       0xa4 /tmp/ccPXeXDK.ltrans4.ltrans.o
                0x08005898                SP1ML_command
 .text.SP1ML_assign_addr.part.1.5804
                0x0800593c       0x38 /tmp/ccPXeXDK.ltrans4.ltrans.o
                0x0800593c                SP1ML_assign_addr.part.1.5804
 .text.Usart_Send_Str
                0x08005974       0x16 /tmp/ccPXeXDK.ltrans4.ltrans.o
                0x08005974                Usart_Send_Str
 .text.shutdown
                0x0800598a       0x10 /tmp/ccPXeXDK.ltrans4.ltrans.o
                0x0800598a                shutdown
 *fill*         0x0800599a        0x2 00
 .text.rtc_gettime
                0x0800599c       0x74 /tmp/ccPXeXDK.ltrans4.ltrans.o
                0x0800599c                rtc_gettime
 .text.get_fattime
                0x08005a10       0x40 /tmp/ccPXeXDK.ltrans4.ltrans.o
                0x08005a10                get_fattime
 .text.set_rtc_correction
                0x08005a50       0x4c /tmp/ccPXeXDK.ltrans4.ltrans.o
                0x08005a50                set_rtc_correction
 .text.my_RTC_SetCounter
                0x08005a9c       0x22 /tmp/ccPXeXDK.ltrans4.ltrans.o
                0x08005a9c                my_RTC_SetCounter
 .text.update_rtc_timestamp
                0x08005abe       0x26 /tmp/ccPXeXDK.ltrans4.ltrans.o
                0x08005abe                update_rtc_timestamp
 .text.I2C1_Request_Job
                0x08005ae4       0x80 /tmp/ccPXeXDK.ltrans4.ltrans.o
                0x08005ae4                I2C1_Request_Job
 .text.MASS_Data_Setup
                0x08005b64       0x38 /tmp/ccPXeXDK.ltrans5.ltrans.o
                0x08005b64                MASS_Data_Setup
 .text.Mass_Storage_ClearFeature.4125
                0x08005b9c       0x18 /tmp/ccPXeXDK.ltrans5.ltrans.o
 .text.MASS_init
                0x08005bb4       0x70 /tmp/ccPXeXDK.ltrans5.ltrans.o
                0x08005bb4                MASS_init
 .text.SP1ML_generate_packet
                0x08005c24       0xa8 /tmp/ccPXeXDK.ltrans5.ltrans.o
                0x08005c24                SP1ML_generate_packet
 .text.I2C_Config
                0x08005ccc      0x1f4 /tmp/ccPXeXDK.ltrans5.ltrans.o
                0x08005ccc                I2C_Config
 .text.validate.4943
                0x08005ec0       0x2c /tmp/ccPXeXDK.ltrans5.ltrans.o
                0x08005ec0                validate.4943
 .text.MAL_GetStatus
                0x08005eec       0xdc /tmp/ccPXeXDK.ltrans5.ltrans.o
                0x08005eec                MAL_GetStatus
 .text.aligndata.constprop.25
                0x08005fc8       0x44 /tmp/ccPXeXDK.ltrans5.ltrans.o
                0x08005fc8                aligndata.constprop.25
 .text.ADC_Configuration
                0x0800600c      0x10c /tmp/ccPXeXDK.ltrans5.ltrans.o
                0x0800600c                ADC_Configuration
 .text.ads1298_wct_config.constprop.6
                0x08006118       0xdc /tmp/ccPXeXDK.ltrans5.ltrans.o
                0x08006118                ads1298_wct_config.constprop.6
 .text.ads1298_setup.constprop.5
                0x080061f4      0x374 /tmp/ccPXeXDK.ltrans5.ltrans.o
                0x080061f4                ads1298_setup.constprop.5
 .text.I2C1_EV_IRQHandler
                0x08006568      0x58c /tmp/ccPXeXDK.ltrans6.ltrans.o
                0x08006568                I2C1_EV_IRQHandler
 .text.file_preallocation_control
                0x08006af4       0x44 /tmp/ccPXeXDK.ltrans6.ltrans.o
                0x08006af4                file_preallocation_control
 .text.f_close  0x08006b38        0xe /tmp/ccPXeXDK.ltrans6.ltrans.o
                0x08006b38                f_close
 .text.wave_terminate.4094
                0x08006b46       0xe4 /tmp/ccPXeXDK.ltrans6.ltrans.o
 *fill*         0x08006c2a        0x2 00
 .text.shutdown_filesystem
                0x08006c2c      0x368 /tmp/ccPXeXDK.ltrans6.ltrans.o
                0x08006c2c                shutdown_filesystem
 .text.hex_to_byte.4040
                0x08006f94       0x1a /tmp/ccPXeXDK.ltrans7.ltrans.o
 .text.atoiRamRom.4056
                0x08006fae       0x20 /tmp/ccPXeXDK.ltrans7.ltrans.o
 *fill*         0x08006fce        0x2 00
 .text.rprintfChar.4059
                0x08006fd0       0x1c /tmp/ccPXeXDK.ltrans7.ltrans.o
 .text.Get_Max_Lun
                0x08006fec       0x18 /tmp/ccPXeXDK.ltrans7.ltrans.o
                0x08006fec                Get_Max_Lun
 .text.MASS_Get_Interface_Setting
                0x08007004        0xc /tmp/ccPXeXDK.ltrans7.ltrans.o
                0x08007004                MASS_Get_Interface_Setting
 .text.MASS_Status_Out
                0x08007010        0x2 /tmp/ccPXeXDK.ltrans7.ltrans.o
                0x08007010                MASS_Status_Out
 .text.MASS_Status_In
                0x08007012        0x2 /tmp/ccPXeXDK.ltrans7.ltrans.o
                0x08007012                MASS_Status_In
 .text.Mass_Storage_SetDeviceAddress
                0x08007014        0xc /tmp/ccPXeXDK.ltrans7.ltrans.o
                0x08007014                Mass_Storage_SetDeviceAddress
 .text.Mass_Storage_SetConfiguration
                0x08007020       0x30 /tmp/ccPXeXDK.ltrans7.ltrans.o
                0x08007020                Mass_Storage_SetConfiguration
 .text.MASS_NoData_Setup
                0x08007050       0x4c /tmp/ccPXeXDK.ltrans7.ltrans.o
                0x08007050                MASS_NoData_Setup
 .text.MASS_GetDeviceDescriptor
                0x0800709c        0xc /tmp/ccPXeXDK.ltrans7.ltrans.o
                0x0800709c                MASS_GetDeviceDescriptor
 .text.MASS_GetConfigDescriptor
                0x080070a8        0xc /tmp/ccPXeXDK.ltrans7.ltrans.o
                0x080070a8                MASS_GetConfigDescriptor
 .text.MASS_GetStringDescriptor
                0x080070b4       0x20 /tmp/ccPXeXDK.ltrans7.ltrans.o
                0x080070b4                MASS_GetStringDescriptor
 .text.rprintf2RamRom
                0x080070d4      0x404 /tmp/ccPXeXDK.ltrans7.ltrans.o
                0x080070d4                rprintf2RamRom
 .text.counter_to_struct.5215
                0x080074d8       0xa8 /tmp/ccPXeXDK.ltrans7.ltrans.o
                0x080074d8                counter_to_struct.5215
 .text.isDST.5197
                0x08007580       0x2a /tmp/ccPXeXDK.ltrans7.ltrans.o
                0x08007580                isDST.5197
 .text.clust2sect
                0x080075aa       0x18 /tmp/ccPXeXDK.ltrans7.ltrans.o
                0x080075aa                clust2sect
 .text.sum_sfn.4904
                0x080075c2       0x1e /tmp/ccPXeXDK.ltrans7.ltrans.o
                0x080075c2                sum_sfn.4904
 .text.mem_cpy.4874
                0x080075e0       0x12 /tmp/ccPXeXDK.ltrans7.ltrans.o
                0x080075e0                mem_cpy.4874
 *fill*         0x080075f2        0x2 00
 .text.ff_convert.part.0.4806
                0x080075f4       0x24 /tmp/ccPXeXDK.ltrans7.ltrans.o
                0x080075f4                ff_convert.part.0.4806
 .text.Delay    0x08007618       0x18 /tmp/ccPXeXDK.ltrans7.ltrans.o
                0x08007618                Delay
 .text.Add_To_Buffer
                0x08007630       0x4a /tmp/ccPXeXDK.ltrans7.ltrans.o
                0x08007630                Add_To_Buffer
 .text.Get_From_Buffer
                0x0800767a       0x4a /tmp/ccPXeXDK.ltrans7.ltrans.o
                0x0800767a                Get_From_Buffer
 .text.SP1ML_rx_tx_data_processor
                0x080076c4      0x1d0 /tmp/ccPXeXDK.ltrans7.ltrans.o
                0x080076c4                SP1ML_rx_tx_data_processor
 .text.Bot_Abort.part.2.4258
                0x08007894       0x18 /tmp/ccPXeXDK.ltrans7.ltrans.o
                0x08007894                Bot_Abort.part.2.4258
 .text.Set_CSW  0x080078ac       0x3c /tmp/ccPXeXDK.ltrans7.ltrans.o
                0x080078ac                Set_CSW
 .text.Transfer_Data_Request
                0x080078e8       0x34 /tmp/ccPXeXDK.ltrans7.ltrans.o
                0x080078e8                Transfer_Data_Request
 .text.IntToUnicode.4023
                0x0800791c       0x2a /tmp/ccPXeXDK.ltrans7.ltrans.o
                0x0800791c                IntToUnicode.4023
 *fill*         0x08007946        0x2 00
 .text.sync.4937
                0x08007948       0xd8 /tmp/ccPXeXDK.ltrans8.ltrans.o
                0x08007948                sync.4937
 .text.f_sync   0x08007a20       0xac /tmp/ccPXeXDK.ltrans8.ltrans.o
                0x08007a20                f_sync
 .text.follow_path.5026
                0x08007acc      0x2c8 /tmp/ccPXeXDK.ltrans8.ltrans.o
                0x08007acc                follow_path.5026
 .text.f_open   0x08007d94      0x158 /tmp/ccPXeXDK.ltrans8.ltrans.o
                0x08007d94                f_open
 .text.EXTI9_5_IRQHandler
                0x08007eec       0x2c /tmp/ccPXeXDK.ltrans9.ltrans.o
                0x08007eec                EXTI9_5_IRQHandler
 .text.DMA1_Channel4_IRQHandler
                0x08007f18      0x928 /tmp/ccPXeXDK.ltrans9.ltrans.o
                0x08007f18                DMA1_Channel4_IRQHandler
 .text.USART3_IRQHandler
                0x08008840       0xbc /tmp/ccPXeXDK.ltrans9.ltrans.o
                0x08008840                USART3_IRQHandler
 .text.USART1_IRQHandler
                0x080088fc       0x90 /tmp/ccPXeXDK.ltrans9.ltrans.o
                0x080088fc                USART1_IRQHandler
 .text.USB_LP_CAN1_RX0_IRQHandler
                0x0800898c      0x120 /tmp/ccPXeXDK.ltrans10.ltrans.o
                0x0800898c                USB_LP_CAN1_RX0_IRQHandler
 .text.USB_HP_CAN1_TX_IRQHandler
                0x08008aac        0x4 /tmp/ccPXeXDK.ltrans10.ltrans.o
                0x08008aac                USB_HP_CAN1_TX_IRQHandler
 .text.SysTick_Handler
                0x08008ab0      0x180 /tmp/ccPXeXDK.ltrans10.ltrans.o
                0x08008ab0                SysTick_Handler
 .text.EXTI15_10_IRQHandler
                0x08008c30       0x64 /tmp/ccPXeXDK.ltrans10.ltrans.o
                0x08008c30                EXTI15_10_IRQHandler
 .text.ADC1_2_IRQHandler
                0x08008c94       0x70 /tmp/ccPXeXDK.ltrans10.ltrans.o
                0x08008c94                ADC1_2_IRQHandler
 .text.EXTI0_IRQHandler
                0x08008d04       0x7c /tmp/ccPXeXDK.ltrans10.ltrans.o
                0x08008d04                EXTI0_IRQHandler
 .text.I2C1_ER_IRQHandler
                0x08008d80      0x13c /tmp/ccPXeXDK.ltrans10.ltrans.o
                0x08008d80                I2C1_ER_IRQHandler
 .text.malloc   0x08008ebc       0x10 /home/laurence/ARM-GCC/bin/../lib/gcc/arm-none-eabi/4.7.4/../../../../arm-none-eabi/lib/armv7-m/libc.a(lib_a-malloc.o)
                0x08008ebc                malloc
 .text._malloc_r
                0x08008ecc      0x530 /home/laurence/ARM-GCC/bin/../lib/gcc/arm-none-eabi/4.7.4/../../../../arm-none-eabi/lib/armv7-m/libc.a(lib_a-mallocr.o)
                0x08008ecc                _malloc_r
 .text.memcmp   0x080093fc       0xb8 /home/laurence/ARM-GCC/bin/../lib/gcc/arm-none-eabi/4.7.4/../../../../arm-none-eabi/lib/armv7-m/libc.a(lib_a-memcmp.o)
                0x080093fc                memcmp
 .text.memcpy   0x080094b4      0x15c /home/laurence/ARM-GCC/bin/../lib/gcc/arm-none-eabi/4.7.4/../../../../arm-none-eabi/lib/armv7-m/libc.a(lib_a-memcpy.o)
                0x080094b4                memcpy
 .text.__malloc_lock
                0x08009610        0x4 /home/laurence/ARM-GCC/bin/../lib/gcc/arm-none-eabi/4.7.4/../../../../arm-none-eabi/lib/armv7-m/libc.a(lib_a-mlock.o)
                0x08009610                __malloc_lock
 .text.__malloc_unlock
                0x08009614        0x4 /home/laurence/ARM-GCC/bin/../lib/gcc/arm-none-eabi/4.7.4/../../../../arm-none-eabi/lib/armv7-m/libc.a(lib_a-mlock.o)
                0x08009614                __malloc_unlock
 .text._sbrk_r  0x08009618       0x24 /home/laurence/ARM-GCC/bin/../lib/gcc/arm-none-eabi/4.7.4/../../../../arm-none-eabi/lib/armv7-m/libc.a(lib_a-sbrkr.o)
                0x08009618                _sbrk_r
 .text.strcat   0x0800963c       0x4c /home/laurence/ARM-GCC/bin/../lib/gcc/arm-none-eabi/4.7.4/../../../../arm-none-eabi/lib/armv7-m/libc.a(lib_a-strcat.o)
                0x0800963c                strcat
 .text.strcpy   0x08009688       0xbc /home/laurence/ARM-GCC/bin/../lib/gcc/arm-none-eabi/4.7.4/../../../../arm-none-eabi/lib/armv7-m/libc.a(lib_a-strcpy.o)
                0x08009688                strcpy
 .text.strlen   0x08009744       0x60 /home/laurence/ARM-GCC/bin/../lib/gcc/arm-none-eabi/4.7.4/../../../../arm-none-eabi/lib/armv7-m/libc.a(lib_a-strlen.o)
                0x08009744                strlen
 .text._malloc_trim_r
                0x080097a4       0x98 /home/laurence/ARM-GCC/bin/../lib/gcc/arm-none-eabi/4.7.4/../../../../arm-none-eabi/lib/armv7-m/libc.a(lib_a-freer.o)
                0x080097a4                _malloc_trim_r
 .text._free_r  0x0800983c      0x194 /home/laurence/ARM-GCC/bin/../lib/gcc/arm-none-eabi/4.7.4/../../../../arm-none-eabi/lib/armv7-m/libc.a(lib_a-freer.o)
                0x0800983c                _free_r
 .text.Reset_Handler
                0x080099d0       0x48 lib/CMSIS_CM3/startup/gcc/startup_stm32f10x_md.o
                0x080099d0                Reset_Handler
 .text.Default_Handler
                0x08009a18        0x4 lib/CMSIS_CM3/startup/gcc/startup_stm32f10x_md.o
                0x08009a18                EXTI2_IRQHandler
                0x08009a18                DebugMon_Handler
                0x08009a18                TIM1_CC_IRQHandler
                0x08009a18                HardFault_Handler
                0x08009a18                PVD_IRQHandler
                0x08009a18                PendSV_Handler
                0x08009a18                NMI_Handler
                0x08009a18                EXTI3_IRQHandler
                0x08009a18                I2C2_EV_IRQHandler
                0x08009a18                UsageFault_Handler
                0x08009a18                SPI1_IRQHandler
                0x08009a18                TAMPER_IRQHandler
                0x08009a18                RTC_IRQHandler
                0x08009a18                DMA1_Channel7_IRQHandler
                0x08009a18                CAN1_RX1_IRQHandler
                0x08009a18                TIM4_IRQHandler
                0x08009a18                DMA1_Channel6_IRQHandler
                0x08009a18                TIM3_IRQHandler
                0x08009a18                RCC_IRQHandler
                0x08009a18                TIM1_TRG_COM_IRQHandler
                0x08009a18                DMA1_Channel1_IRQHandler
                0x08009a18                Default_Handler
                0x08009a18                SPI2_IRQHandler
                0x08009a18                MemManage_Handler
                0x08009a18                SVC_Handler
                0x08009a18                DMA1_Channel5_IRQHandler
                0x08009a18                EXTI4_IRQHandler
                0x08009a18                DMA1_Channel3_IRQHandler
                0x08009a18                TIM1_UP_IRQHandler
                0x08009a18                WWDG_IRQHandler
                0x08009a18                TIM2_IRQHandler
                0x08009a18                TIM1_BRK_IRQHandler
                0x08009a18                EXTI1_IRQHandler
                0x08009a18                RTCAlarm_IRQHandler
                0x08009a18                USART2_IRQHandler
                0x08009a18                I2C2_ER_IRQHandler
                0x08009a18                DMA1_Channel2_IRQHandler
                0x08009a18                CAN1_SCE_IRQHandler
                0x08009a18                FLASH_IRQHandler
                0x08009a18                BusFault_Handler
                0x08009a18                USBWakeUp_IRQHandler
 .text.NVIC_PriorityGroupConfig
                0x08009a1c       0x14 lib/STM32F10x_StdPeriph_Driver/libstm32fw.a(misc.o)
                0x08009a1c                NVIC_PriorityGroupConfig
 .text.NVIC_Init
                0x08009a30       0x68 lib/STM32F10x_StdPeriph_Driver/libstm32fw.a(misc.o)
                0x08009a30                NVIC_Init
 .text.NVIC_SetVectorTable
                0x08009a98       0x14 lib/STM32F10x_StdPeriph_Driver/libstm32fw.a(misc.o)
                0x08009a98                NVIC_SetVectorTable
 .text.SysTick_CLKSourceConfig
                0x08009aac       0x18 lib/STM32F10x_StdPeriph_Driver/libstm32fw.a(misc.o)
                0x08009aac                SysTick_CLKSourceConfig
 .text.ADC_DeInit
                0x08009ac4       0x5c lib/STM32F10x_StdPeriph_Driver/libstm32fw.a(stm32f10x_adc.o)
                0x08009ac4                ADC_DeInit
 .text.ADC_Init
                0x08009b20       0x48 lib/STM32F10x_StdPeriph_Driver/libstm32fw.a(stm32f10x_adc.o)
                0x08009b20                ADC_Init
 .text.ADC_Cmd  0x08009b68       0x12 lib/STM32F10x_StdPeriph_Driver/libstm32fw.a(stm32f10x_adc.o)
                0x08009b68                ADC_Cmd
 .text.ADC_ITConfig
                0x08009b7a       0x12 lib/STM32F10x_StdPeriph_Driver/libstm32fw.a(stm32f10x_adc.o)
                0x08009b7a                ADC_ITConfig
 .text.ADC_ResetCalibration
                0x08009b8c        0xa lib/STM32F10x_StdPeriph_Driver/libstm32fw.a(stm32f10x_adc.o)
                0x08009b8c                ADC_ResetCalibration
 .text.ADC_GetResetCalibrationStatus
                0x08009b96        0x8 lib/STM32F10x_StdPeriph_Driver/libstm32fw.a(stm32f10x_adc.o)
                0x08009b96                ADC_GetResetCalibrationStatus
 .text.ADC_StartCalibration
                0x08009b9e        0xa lib/STM32F10x_StdPeriph_Driver/libstm32fw.a(stm32f10x_adc.o)
                0x08009b9e                ADC_StartCalibration
 .text.ADC_GetCalibrationStatus
                0x08009ba8        0x8 lib/STM32F10x_StdPeriph_Driver/libstm32fw.a(stm32f10x_adc.o)
                0x08009ba8                ADC_GetCalibrationStatus
 .text.ADC_SoftwareStartConvCmd
                0x08009bb0       0x12 lib/STM32F10x_StdPeriph_Driver/libstm32fw.a(stm32f10x_adc.o)
                0x08009bb0                ADC_SoftwareStartConvCmd
 .text.ADC_RegularChannelConfig
                0x08009bc2       0x9a lib/STM32F10x_StdPeriph_Driver/libstm32fw.a(stm32f10x_adc.o)
                0x08009bc2                ADC_RegularChannelConfig
 .text.ADC_GetConversionValue
                0x08009c5c        0x6 lib/STM32F10x_StdPeriph_Driver/libstm32fw.a(stm32f10x_adc.o)
                0x08009c5c                ADC_GetConversionValue
 .text.ADC_ExternalTrigInjectedConvConfig
                0x08009c62        0xc lib/STM32F10x_StdPeriph_Driver/libstm32fw.a(stm32f10x_adc.o)
                0x08009c62                ADC_ExternalTrigInjectedConvConfig
 .text.ADC_SoftwareStartInjectedConvCmd
                0x08009c6e       0x12 lib/STM32F10x_StdPeriph_Driver/libstm32fw.a(stm32f10x_adc.o)
                0x08009c6e                ADC_SoftwareStartInjectedConvCmd
 .text.ADC_InjectedChannelConfig
                0x08009c80       0x60 lib/STM32F10x_StdPeriph_Driver/libstm32fw.a(stm32f10x_adc.o)
                0x08009c80                ADC_InjectedChannelConfig
 .text.ADC_InjectedSequencerLengthConfig
                0x08009ce0       0x10 lib/STM32F10x_StdPeriph_Driver/libstm32fw.a(stm32f10x_adc.o)
                0x08009ce0                ADC_InjectedSequencerLengthConfig
 .text.ADC_GetInjectedConversionValue
                0x08009cf0       0x1a lib/STM32F10x_StdPeriph_Driver/libstm32fw.a(stm32f10x_adc.o)
                0x08009cf0                ADC_GetInjectedConversionValue
 .text.ADC_AnalogWatchdogCmd
                0x08009d0a       0x10 lib/STM32F10x_StdPeriph_Driver/libstm32fw.a(stm32f10x_adc.o)
                0x08009d0a                ADC_AnalogWatchdogCmd
 .text.ADC_AnalogWatchdogThresholdsConfig
                0x08009d1a        0x6 lib/STM32F10x_StdPeriph_Driver/libstm32fw.a(stm32f10x_adc.o)
                0x08009d1a                ADC_AnalogWatchdogThresholdsConfig
 .text.ADC_AnalogWatchdogSingleChannelConfig
                0x08009d20        0xc lib/STM32F10x_StdPeriph_Driver/libstm32fw.a(stm32f10x_adc.o)
                0x08009d20                ADC_AnalogWatchdogSingleChannelConfig
 .text.ADC_GetFlagStatus
                0x08009d2c        0xc lib/STM32F10x_StdPeriph_Driver/libstm32fw.a(stm32f10x_adc.o)
                0x08009d2c                ADC_GetFlagStatus
 .text.ADC_ClearFlag
                0x08009d38        0x6 lib/STM32F10x_StdPeriph_Driver/libstm32fw.a(stm32f10x_adc.o)
                0x08009d38                ADC_ClearFlag
 .text.ADC_GetITStatus
                0x08009d3e       0x16 lib/STM32F10x_StdPeriph_Driver/libstm32fw.a(stm32f10x_adc.o)
                0x08009d3e                ADC_GetITStatus
 .text.ADC_ClearITPendingBit
                0x08009d54        0x8 lib/STM32F10x_StdPeriph_Driver/libstm32fw.a(stm32f10x_adc.o)
                0x08009d54                ADC_ClearITPendingBit
 .text.BKP_DeInit
                0x08009d5c       0x12 lib/STM32F10x_StdPeriph_Driver/libstm32fw.a(stm32f10x_bkp.o)
                0x08009d5c                BKP_DeInit
 *fill*         0x08009d6e        0x2 00
 .text.BKP_RTCOutputConfig
                0x08009d70       0x18 lib/STM32F10x_StdPeriph_Driver/libstm32fw.a(stm32f10x_bkp.o)
                0x08009d70                BKP_RTCOutputConfig
 .text.BKP_SetRTCCalibrationValue
                0x08009d88       0x18 lib/STM32F10x_StdPeriph_Driver/libstm32fw.a(stm32f10x_bkp.o)
                0x08009d88                BKP_SetRTCCalibrationValue
 .text.BKP_WriteBackupRegister
                0x08009da0       0x1c lib/STM32F10x_StdPeriph_Driver/libstm32fw.a(stm32f10x_bkp.o)
                0x08009da0                BKP_WriteBackupRegister
 .text.BKP_ReadBackupRegister
                0x08009dbc       0x20 lib/STM32F10x_StdPeriph_Driver/libstm32fw.a(stm32f10x_bkp.o)
                0x08009dbc                BKP_ReadBackupRegister
 .text.DBGMCU_Config
                0x08009ddc       0x18 lib/STM32F10x_StdPeriph_Driver/libstm32fw.a(stm32f10x_dbgmcu.o)
                0x08009ddc                DBGMCU_Config
 .text.DMA_DeInit
                0x08009df4       0xec lib/STM32F10x_StdPeriph_Driver/libstm32fw.a(stm32f10x_dma.o)
                0x08009df4                DMA_DeInit
 .text.DMA_Init
                0x08009ee0       0x40 lib/STM32F10x_StdPeriph_Driver/libstm32fw.a(stm32f10x_dma.o)
                0x08009ee0                DMA_Init
 .text.DMA_Cmd  0x08009f20       0x12 lib/STM32F10x_StdPeriph_Driver/libstm32fw.a(stm32f10x_dma.o)
                0x08009f20                DMA_Cmd
 .text.DMA_ITConfig
                0x08009f32       0x10 lib/STM32F10x_StdPeriph_Driver/libstm32fw.a(stm32f10x_dma.o)
                0x08009f32                DMA_ITConfig
 .text.DMA_GetCurrDataCounter
                0x08009f42        0x6 lib/STM32F10x_StdPeriph_Driver/libstm32fw.a(stm32f10x_dma.o)
                0x08009f42                DMA_GetCurrDataCounter
 .text.DMA_GetFlagStatus
                0x08009f48       0x1c lib/STM32F10x_StdPeriph_Driver/libstm32fw.a(stm32f10x_dma.o)
                0x08009f48                DMA_GetFlagStatus
 .text.DMA_ClearFlag
                0x08009f64       0x14 lib/STM32F10x_StdPeriph_Driver/libstm32fw.a(stm32f10x_dma.o)
                0x08009f64                DMA_ClearFlag
 .text.DMA_GetITStatus
                0x08009f78       0x1c lib/STM32F10x_StdPeriph_Driver/libstm32fw.a(stm32f10x_dma.o)
                0x08009f78                DMA_GetITStatus
 .text.DMA_ClearITPendingBit
                0x08009f94       0x14 lib/STM32F10x_StdPeriph_Driver/libstm32fw.a(stm32f10x_dma.o)
                0x08009f94                DMA_ClearITPendingBit
 .text.EXTI_DeInit
                0x08009fa8       0x1c lib/STM32F10x_StdPeriph_Driver/libstm32fw.a(stm32f10x_exti.o)
                0x08009fa8                EXTI_DeInit
 .text.EXTI_Init
                0x08009fc4       0x88 lib/STM32F10x_StdPeriph_Driver/libstm32fw.a(stm32f10x_exti.o)
                0x08009fc4                EXTI_Init
 .text.EXTI_GetITStatus
                0x0800a04c       0x20 lib/STM32F10x_StdPeriph_Driver/libstm32fw.a(stm32f10x_exti.o)
                0x0800a04c                EXTI_GetITStatus
 .text.EXTI_ClearITPendingBit
                0x0800a06c        0xc lib/STM32F10x_StdPeriph_Driver/libstm32fw.a(stm32f10x_exti.o)
                0x0800a06c                EXTI_ClearITPendingBit
 .text.GPIO_Init
                0x0800a078       0x9a lib/STM32F10x_StdPeriph_Driver/libstm32fw.a(stm32f10x_gpio.o)
                0x0800a078                GPIO_Init
 .text.GPIO_StructInit
                0x0800a112       0x10 lib/STM32F10x_StdPeriph_Driver/libstm32fw.a(stm32f10x_gpio.o)
                0x0800a112                GPIO_StructInit
 .text.GPIO_ReadInputDataBit
                0x0800a122        0xc lib/STM32F10x_StdPeriph_Driver/libstm32fw.a(stm32f10x_gpio.o)
                0x0800a122                GPIO_ReadInputDataBit
 .text.GPIO_SetBits
                0x0800a12e        0x4 lib/STM32F10x_StdPeriph_Driver/libstm32fw.a(stm32f10x_gpio.o)
                0x0800a12e                GPIO_SetBits
 .text.GPIO_ResetBits
                0x0800a132        0x4 lib/STM32F10x_StdPeriph_Driver/libstm32fw.a(stm32f10x_gpio.o)
                0x0800a132                GPIO_ResetBits
 .text.GPIO_WriteBit
                0x0800a136        0xa lib/STM32F10x_StdPeriph_Driver/libstm32fw.a(stm32f10x_gpio.o)
                0x0800a136                GPIO_WriteBit
 .text.GPIO_PinRemapConfig
                0x0800a140       0x58 lib/STM32F10x_StdPeriph_Driver/libstm32fw.a(stm32f10x_gpio.o)
                0x0800a140                GPIO_PinRemapConfig
 .text.GPIO_EXTILineConfig
                0x0800a198       0x34 lib/STM32F10x_StdPeriph_Driver/libstm32fw.a(stm32f10x_gpio.o)
                0x0800a198                GPIO_EXTILineConfig
 .text.I2C_DeInit
                0x0800a1cc       0x34 lib/STM32F10x_StdPeriph_Driver/libstm32fw.a(stm32f10x_i2c.o)
                0x0800a1cc                I2C_DeInit
 .text.I2C_Init
                0x0800a200       0xd4 lib/STM32F10x_StdPeriph_Driver/libstm32fw.a(stm32f10x_i2c.o)
                0x0800a200                I2C_Init
 .text.I2C_Cmd  0x0800a2d4       0x18 lib/STM32F10x_StdPeriph_Driver/libstm32fw.a(stm32f10x_i2c.o)
                0x0800a2d4                I2C_Cmd
 .text.I2C_GenerateSTART
                0x0800a2ec       0x18 lib/STM32F10x_StdPeriph_Driver/libstm32fw.a(stm32f10x_i2c.o)
                0x0800a2ec                I2C_GenerateSTART
 .text.I2C_GenerateSTOP
                0x0800a304       0x18 lib/STM32F10x_StdPeriph_Driver/libstm32fw.a(stm32f10x_i2c.o)
                0x0800a304                I2C_GenerateSTOP
 .text.I2C_AcknowledgeConfig
                0x0800a31c       0x18 lib/STM32F10x_StdPeriph_Driver/libstm32fw.a(stm32f10x_i2c.o)
                0x0800a31c                I2C_AcknowledgeConfig
 .text.I2C_ITConfig
                0x0800a334       0x12 lib/STM32F10x_StdPeriph_Driver/libstm32fw.a(stm32f10x_i2c.o)
                0x0800a334                I2C_ITConfig
 .text.I2C_SendData
                0x0800a346        0x4 lib/STM32F10x_StdPeriph_Driver/libstm32fw.a(stm32f10x_i2c.o)
                0x0800a346                I2C_SendData
 .text.I2C_ReceiveData
                0x0800a34a        0x6 lib/STM32F10x_StdPeriph_Driver/libstm32fw.a(stm32f10x_i2c.o)
                0x0800a34a                I2C_ReceiveData
 .text.I2C_Send7bitAddress
                0x0800a350       0x10 lib/STM32F10x_StdPeriph_Driver/libstm32fw.a(stm32f10x_i2c.o)
                0x0800a350                I2C_Send7bitAddress
 .text.I2C_SoftwareResetCmd
                0x0800a360       0x18 lib/STM32F10x_StdPeriph_Driver/libstm32fw.a(stm32f10x_i2c.o)
                0x0800a360                I2C_SoftwareResetCmd
 .text.IWDG_WriteAccessCmd
                0x0800a378        0xc lib/STM32F10x_StdPeriph_Driver/libstm32fw.a(stm32f10x_iwdg.o)
                0x0800a378                IWDG_WriteAccessCmd
 .text.IWDG_SetPrescaler
                0x0800a384        0xc lib/STM32F10x_StdPeriph_Driver/libstm32fw.a(stm32f10x_iwdg.o)
                0x0800a384                IWDG_SetPrescaler
 .text.IWDG_SetReload
                0x0800a390        0xc lib/STM32F10x_StdPeriph_Driver/libstm32fw.a(stm32f10x_iwdg.o)
                0x0800a390                IWDG_SetReload
 .text.IWDG_ReloadCounter
                0x0800a39c       0x10 lib/STM32F10x_StdPeriph_Driver/libstm32fw.a(stm32f10x_iwdg.o)
                0x0800a39c                IWDG_ReloadCounter
 .text.IWDG_Enable
                0x0800a3ac       0x10 lib/STM32F10x_StdPeriph_Driver/libstm32fw.a(stm32f10x_iwdg.o)
                0x0800a3ac                IWDG_Enable
 .text.PWR_DeInit
                0x0800a3bc       0x1a lib/STM32F10x_StdPeriph_Driver/libstm32fw.a(stm32f10x_pwr.o)
                0x0800a3bc                PWR_DeInit
 *fill*         0x0800a3d6        0x2 00
 .text.PWR_BackupAccessCmd
                0x0800a3d8        0xc lib/STM32F10x_StdPeriph_Driver/libstm32fw.a(stm32f10x_pwr.o)
                0x0800a3d8                PWR_BackupAccessCmd
 .text.PWR_WakeUpPinCmd
                0x0800a3e4        0xc lib/STM32F10x_StdPeriph_Driver/libstm32fw.a(stm32f10x_pwr.o)
                0x0800a3e4                PWR_WakeUpPinCmd
 .text.PWR_EnterSTANDBYMode
                0x0800a3f0       0x28 lib/STM32F10x_StdPeriph_Driver/libstm32fw.a(stm32f10x_pwr.o)
                0x0800a3f0                PWR_EnterSTANDBYMode
 .text.RCC_HCLKConfig
                0x0800a418       0x14 lib/STM32F10x_StdPeriph_Driver/libstm32fw.a(stm32f10x_rcc.o)
                0x0800a418                RCC_HCLKConfig
 .text.RCC_USBCLKConfig
                0x0800a42c        0xc lib/STM32F10x_StdPeriph_Driver/libstm32fw.a(stm32f10x_rcc.o)
                0x0800a42c                RCC_USBCLKConfig
 .text.RCC_ADCCLKConfig
                0x0800a438       0x14 lib/STM32F10x_StdPeriph_Driver/libstm32fw.a(stm32f10x_rcc.o)
                0x0800a438                RCC_ADCCLKConfig
 .text.RCC_LSEConfig
                0x0800a44c       0x20 lib/STM32F10x_StdPeriph_Driver/libstm32fw.a(stm32f10x_rcc.o)
                0x0800a44c                RCC_LSEConfig
 .text.RCC_RTCCLKConfig
                0x0800a46c       0x10 lib/STM32F10x_StdPeriph_Driver/libstm32fw.a(stm32f10x_rcc.o)
                0x0800a46c                RCC_RTCCLKConfig
 .text.RCC_RTCCLKCmd
                0x0800a47c        0xc lib/STM32F10x_StdPeriph_Driver/libstm32fw.a(stm32f10x_rcc.o)
                0x0800a47c                RCC_RTCCLKCmd
 .text.RCC_GetClocksFreq
                0x0800a488       0x9c lib/STM32F10x_StdPeriph_Driver/libstm32fw.a(stm32f10x_rcc.o)
                0x0800a488                RCC_GetClocksFreq
 .text.RCC_AHBPeriphClockCmd
                0x0800a524       0x18 lib/STM32F10x_StdPeriph_Driver/libstm32fw.a(stm32f10x_rcc.o)
                0x0800a524                RCC_AHBPeriphClockCmd
 .text.RCC_APB2PeriphClockCmd
                0x0800a53c       0x18 lib/STM32F10x_StdPeriph_Driver/libstm32fw.a(stm32f10x_rcc.o)
                0x0800a53c                RCC_APB2PeriphClockCmd
 .text.RCC_APB1PeriphClockCmd
                0x0800a554       0x18 lib/STM32F10x_StdPeriph_Driver/libstm32fw.a(stm32f10x_rcc.o)
                0x0800a554                RCC_APB1PeriphClockCmd
 .text.RCC_APB2PeriphResetCmd
                0x0800a56c       0x18 lib/STM32F10x_StdPeriph_Driver/libstm32fw.a(stm32f10x_rcc.o)
                0x0800a56c                RCC_APB2PeriphResetCmd
 .text.RCC_APB1PeriphResetCmd
                0x0800a584       0x18 lib/STM32F10x_StdPeriph_Driver/libstm32fw.a(stm32f10x_rcc.o)
                0x0800a584                RCC_APB1PeriphResetCmd
 .text.RCC_BackupResetCmd
                0x0800a59c        0xc lib/STM32F10x_StdPeriph_Driver/libstm32fw.a(stm32f10x_rcc.o)
                0x0800a59c                RCC_BackupResetCmd
 .text.RCC_GetFlagStatus
                0x0800a5a8       0x28 lib/STM32F10x_StdPeriph_Driver/libstm32fw.a(stm32f10x_rcc.o)
                0x0800a5a8                RCC_GetFlagStatus
 .text.RTC_EnterConfigMode
                0x0800a5d0       0x14 lib/STM32F10x_StdPeriph_Driver/libstm32fw.a(stm32f10x_rtc.o)
                0x0800a5d0                RTC_EnterConfigMode
 .text.RTC_ExitConfigMode
                0x0800a5e4       0x14 lib/STM32F10x_StdPeriph_Driver/libstm32fw.a(stm32f10x_rtc.o)
                0x0800a5e4                RTC_ExitConfigMode
 .text.RTC_GetCounter
                0x0800a5f8       0x14 lib/STM32F10x_StdPeriph_Driver/libstm32fw.a(stm32f10x_rtc.o)
                0x0800a5f8                RTC_GetCounter
 .text.RTC_SetCounter
                0x0800a60c       0x20 lib/STM32F10x_StdPeriph_Driver/libstm32fw.a(stm32f10x_rtc.o)
                0x0800a60c                RTC_SetCounter
 .text.RTC_SetPrescaler
                0x0800a62c       0x20 lib/STM32F10x_StdPeriph_Driver/libstm32fw.a(stm32f10x_rtc.o)
                0x0800a62c                RTC_SetPrescaler
 .text.RTC_WaitForLastTask
                0x0800a64c       0x14 lib/STM32F10x_StdPeriph_Driver/libstm32fw.a(stm32f10x_rtc.o)
                0x0800a64c                RTC_WaitForLastTask
 .text.RTC_WaitForSynchro
                0x0800a660       0x24 lib/STM32F10x_StdPeriph_Driver/libstm32fw.a(stm32f10x_rtc.o)
                0x0800a660                RTC_WaitForSynchro
 .text.SPI_Init
                0x0800a684       0x3e lib/STM32F10x_StdPeriph_Driver/libstm32fw.a(stm32f10x_spi.o)
                0x0800a684                SPI_Init
 .text.SPI_StructInit
                0x0800a6c2       0x18 lib/STM32F10x_StdPeriph_Driver/libstm32fw.a(stm32f10x_spi.o)
                0x0800a6c2                SPI_StructInit
 .text.SPI_Cmd  0x0800a6da       0x18 lib/STM32F10x_StdPeriph_Driver/libstm32fw.a(stm32f10x_spi.o)
                0x0800a6da                SPI_Cmd
 .text.SPI_I2S_DMACmd
                0x0800a6f2       0x12 lib/STM32F10x_StdPeriph_Driver/libstm32fw.a(stm32f10x_spi.o)
                0x0800a6f2                SPI_I2S_DMACmd
 .text.SPI_I2S_SendData
                0x0800a704        0x4 lib/STM32F10x_StdPeriph_Driver/libstm32fw.a(stm32f10x_spi.o)
                0x0800a704                SPI_I2S_SendData
 .text.SPI_I2S_ReceiveData
                0x0800a708        0x6 lib/STM32F10x_StdPeriph_Driver/libstm32fw.a(stm32f10x_spi.o)
                0x0800a708                SPI_I2S_ReceiveData
 .text.SPI_CalculateCRC
                0x0800a70e       0x18 lib/STM32F10x_StdPeriph_Driver/libstm32fw.a(stm32f10x_spi.o)
                0x0800a70e                SPI_CalculateCRC
 .text.SPI_I2S_GetFlagStatus
                0x0800a726        0xc lib/STM32F10x_StdPeriph_Driver/libstm32fw.a(stm32f10x_spi.o)
                0x0800a726                SPI_I2S_GetFlagStatus
 *fill*         0x0800a732        0x2 00
 .text.TIM_DeInit
                0x0800a734       0xc8 lib/STM32F10x_StdPeriph_Driver/libstm32fw.a(stm32f10x_tim.o)
                0x0800a734                TIM_DeInit
 .text.TIM_TimeBaseInit
                0x0800a7fc       0x3c lib/STM32F10x_StdPeriph_Driver/libstm32fw.a(stm32f10x_tim.o)
                0x0800a7fc                TIM_TimeBaseInit
 .text.TIM_OC4Init
                0x0800a838       0x68 lib/STM32F10x_StdPeriph_Driver/libstm32fw.a(stm32f10x_tim.o)
                0x0800a838                TIM_OC4Init
 .text.TIM_Cmd  0x0800a8a0       0x18 lib/STM32F10x_StdPeriph_Driver/libstm32fw.a(stm32f10x_tim.o)
                0x0800a8a0                TIM_Cmd
 .text.TIM_OC4PreloadConfig
                0x0800a8b8       0x14 lib/STM32F10x_StdPeriph_Driver/libstm32fw.a(stm32f10x_tim.o)
                0x0800a8b8                TIM_OC4PreloadConfig
 .text.USART_DeInit
                0x0800a8cc       0x98 lib/STM32F10x_StdPeriph_Driver/libstm32fw.a(stm32f10x_usart.o)
                0x0800a8cc                USART_DeInit
 .text.USART_Init
                0x0800a964       0x88 lib/STM32F10x_StdPeriph_Driver/libstm32fw.a(stm32f10x_usart.o)
                0x0800a964                USART_Init
 .text.USART_Cmd
                0x0800a9ec       0x18 lib/STM32F10x_StdPeriph_Driver/libstm32fw.a(stm32f10x_usart.o)
                0x0800a9ec                USART_Cmd
 .text.USART_ITConfig
                0x0800aa04       0x34 lib/STM32F10x_StdPeriph_Driver/libstm32fw.a(stm32f10x_usart.o)
                0x0800aa04                USART_ITConfig
 .text.USART_DMACmd
                0x0800aa38       0x12 lib/STM32F10x_StdPeriph_Driver/libstm32fw.a(stm32f10x_usart.o)
                0x0800aa38                USART_DMACmd
 .text.USART_SendData
                0x0800aa4a        0x8 lib/STM32F10x_StdPeriph_Driver/libstm32fw.a(stm32f10x_usart.o)
                0x0800aa4a                USART_SendData
 .text.USART_ReceiveData
                0x0800aa52        0x8 lib/STM32F10x_StdPeriph_Driver/libstm32fw.a(stm32f10x_usart.o)
                0x0800aa52                USART_ReceiveData
 .text.USART_GetFlagStatus
                0x0800aa5a        0xc lib/STM32F10x_StdPeriph_Driver/libstm32fw.a(stm32f10x_usart.o)
                0x0800aa5a                USART_GetFlagStatus
 .text.USART_GetITStatus
                0x0800aa66       0x40 lib/STM32F10x_StdPeriph_Driver/libstm32fw.a(stm32f10x_usart.o)
                0x0800aa66                USART_GetITStatus
 .text.USART_ClearITPendingBit
                0x0800aaa6       0x10 lib/STM32F10x_StdPeriph_Driver/libstm32fw.a(stm32f10x_usart.o)
                0x0800aaa6                USART_ClearITPendingBit
 *fill*         0x0800aab6        0x2 00
 .text.Standard_GetConfiguration
                0x0800aab8       0x24 lib/STM32_USB-FS-Device_Driver/libstm32usb.a(usb_core.o)
                0x0800aab8                Standard_GetConfiguration
 .text.Standard_GetInterface
                0x0800aadc       0x24 lib/STM32_USB-FS-Device_Driver/libstm32usb.a(usb_core.o)
                0x0800aadc                Standard_GetInterface
 .text.Standard_GetStatus
                0x0800ab00       0x9c lib/STM32_USB-FS-Device_Driver/libstm32usb.a(usb_core.o)
                0x0800ab00                Standard_GetStatus
 .text.DataStageIn
                0x0800ab9c       0xa4 lib/STM32_USB-FS-Device_Driver/libstm32usb.a(usb_core.o)
 .text.Standard_SetConfiguration
                0x0800ac40       0x38 lib/STM32_USB-FS-Device_Driver/libstm32usb.a(usb_core.o)
                0x0800ac40                Standard_SetConfiguration
 .text.Standard_SetInterface
                0x0800ac78       0x48 lib/STM32_USB-FS-Device_Driver/libstm32usb.a(usb_core.o)
                0x0800ac78                Standard_SetInterface
 .text.Standard_ClearFeature
                0x0800acc0       0xdc lib/STM32_USB-FS-Device_Driver/libstm32usb.a(usb_core.o)
                0x0800acc0                Standard_ClearFeature
 .text.Standard_SetEndPointFeature
                0x0800ad9c       0x8c lib/STM32_USB-FS-Device_Driver/libstm32usb.a(usb_core.o)
                0x0800ad9c                Standard_SetEndPointFeature
 .text.Standard_SetDeviceFeature
                0x0800ae28       0x24 lib/STM32_USB-FS-Device_Driver/libstm32usb.a(usb_core.o)
                0x0800ae28                Standard_SetDeviceFeature
 .text.Standard_GetDescriptorData
                0x0800ae4c       0x1c lib/STM32_USB-FS-Device_Driver/libstm32usb.a(usb_core.o)
                0x0800ae4c                Standard_GetDescriptorData
 .text.Post0_Process
                0x0800ae68       0x40 lib/STM32_USB-FS-Device_Driver/libstm32usb.a(usb_core.o)
                0x0800ae68                Post0_Process
 .text.Out0_Process
                0x0800aea8       0xd4 lib/STM32_USB-FS-Device_Driver/libstm32usb.a(usb_core.o)
                0x0800aea8                Out0_Process
 .text.Setup0_Process
                0x0800af7c      0x2f8 lib/STM32_USB-FS-Device_Driver/libstm32usb.a(usb_core.o)
                0x0800af7c                Setup0_Process
 .text.SetDeviceAddress
                0x0800b274       0x40 lib/STM32_USB-FS-Device_Driver/libstm32usb.a(usb_core.o)
                0x0800b274                SetDeviceAddress
 .text.In0_Process
                0x0800b2b4       0x60 lib/STM32_USB-FS-Device_Driver/libstm32usb.a(usb_core.o)
                0x0800b2b4                In0_Process
 .text.NOP_Process
                0x0800b314        0x2 lib/STM32_USB-FS-Device_Driver/libstm32usb.a(usb_core.o)
                0x0800b314                NOP_Process
 *fill*         0x0800b316        0x2 00
 .text.USB_Init
                0x0800b318       0x38 lib/STM32_USB-FS-Device_Driver/libstm32usb.a(usb_init.o)
                0x0800b318                USB_Init
 .text.CTR_LP   0x0800b350      0x190 lib/STM32_USB-FS-Device_Driver/libstm32usb.a(usb_int.o)
                0x0800b350                CTR_LP
 .text.CTR_HP   0x0800b4e0       0x74 lib/STM32_USB-FS-Device_Driver/libstm32usb.a(usb_int.o)
                0x0800b4e0                CTR_HP
 .text.UserToPMABufferCopy
                0x0800b554       0x2e lib/STM32_USB-FS-Device_Driver/libstm32usb.a(usb_mem.o)
                0x0800b554                UserToPMABufferCopy
 .text.PMAToUserBufferCopy
                0x0800b582       0x24 lib/STM32_USB-FS-Device_Driver/libstm32usb.a(usb_mem.o)
                0x0800b582                PMAToUserBufferCopy
 *fill*         0x0800b5a6        0x2 00
 .text.SetBTABLE
                0x0800b5a8       0x10 lib/STM32_USB-FS-Device_Driver/libstm32usb.a(usb_regs.o)
                0x0800b5a8                SetBTABLE
 .text.SetEPType
                0x0800b5b8       0x18 lib/STM32_USB-FS-Device_Driver/libstm32usb.a(usb_regs.o)
                0x0800b5b8                SetEPType
 .text.SetEPTxStatus
                0x0800b5d0       0x3a lib/STM32_USB-FS-Device_Driver/libstm32usb.a(usb_regs.o)
                0x0800b5d0                SetEPTxStatus
 .text.SetEPRxStatus
                0x0800b60a       0x3a lib/STM32_USB-FS-Device_Driver/libstm32usb.a(usb_regs.o)
                0x0800b60a                SetEPRxStatus
 .text.SetEPRxValid
                0x0800b644       0x22 lib/STM32_USB-FS-Device_Driver/libstm32usb.a(usb_regs.o)
                0x0800b644                SetEPRxValid
 .text.Clear_Status_Out
                0x0800b666       0x1e lib/STM32_USB-FS-Device_Driver/libstm32usb.a(usb_regs.o)
                0x0800b666                Clear_Status_Out
 .text.ClearDTOG_RX
                0x0800b684       0x24 lib/STM32_USB-FS-Device_Driver/libstm32usb.a(usb_regs.o)
                0x0800b684                ClearDTOG_RX
 .text.ClearDTOG_TX
                0x0800b6a8       0x24 lib/STM32_USB-FS-Device_Driver/libstm32usb.a(usb_regs.o)
                0x0800b6a8                ClearDTOG_TX
 .text.SetEPTxAddr
                0x0800b6cc       0x20 lib/STM32_USB-FS-Device_Driver/libstm32usb.a(usb_regs.o)
                0x0800b6cc                SetEPTxAddr
 .text.SetEPRxAddr
                0x0800b6ec       0x20 lib/STM32_USB-FS-Device_Driver/libstm32usb.a(usb_regs.o)
                0x0800b6ec                SetEPRxAddr
 .text.GetEPTxAddr
                0x0800b70c       0x1c lib/STM32_USB-FS-Device_Driver/libstm32usb.a(usb_regs.o)
                0x0800b70c                GetEPTxAddr
 .text.GetEPRxAddr
                0x0800b728       0x1c lib/STM32_USB-FS-Device_Driver/libstm32usb.a(usb_regs.o)
                0x0800b728                GetEPRxAddr
 .text.SetEPTxCount
                0x0800b744       0x1c lib/STM32_USB-FS-Device_Driver/libstm32usb.a(usb_regs.o)
                0x0800b744                SetEPTxCount
 .text.SetEPRxCount
                0x0800b760       0x3c lib/STM32_USB-FS-Device_Driver/libstm32usb.a(usb_regs.o)
                0x0800b760                SetEPRxCount
 .text.GetEPRxCount
                0x0800b79c       0x20 lib/STM32_USB-FS-Device_Driver/libstm32usb.a(usb_regs.o)
                0x0800b79c                GetEPRxCount
 .text.ByteSwap
                0x0800b7bc        0xa lib/STM32_USB-FS-Device_Driver/libstm32usb.a(usb_regs.o)
                0x0800b7bc                ByteSwap
 *fill*         0x0800b7c6        0x2 00
 .text.USB_SIL_Init
                0x0800b7c8       0x20 lib/STM32_USB-FS-Device_Driver/libstm32usb.a(usb_sil.o)
                0x0800b7c8                USB_SIL_Init
 .text.USB_SIL_Write
                0x0800b7e8       0x28 lib/STM32_USB-FS-Device_Driver/libstm32usb.a(usb_sil.o)
                0x0800b7e8                USB_SIL_Write
 .text.USB_SIL_Read
                0x0800b810       0x24 lib/STM32_USB-FS-Device_Driver/libstm32usb.a(usb_sil.o)
                0x0800b810                USB_SIL_Read
 .text.memset   0x0800b834      0x12c /home/laurence/ARM-GCC/bin/../lib/gcc/arm-none-eabi/4.7.4/../../../../arm-none-eabi/lib/armv7-m/libc.a(lib_a-memset.o)
                0x0800b834                memset
 .text.srand    0x0800b960       0x18 /home/laurence/ARM-GCC/bin/../lib/gcc/arm-none-eabi/4.7.4/../../../../arm-none-eabi/lib/armv7-m/libc.a(lib_a-rand.o)
                0x0800b960                srand
 .text.rand     0x0800b978       0x48 /home/laurence/ARM-GCC/bin/../lib/gcc/arm-none-eabi/4.7.4/../../../../arm-none-eabi/lib/armv7-m/libc.a(lib_a-rand.o)
                0x0800b978                rand
 .text.sinf     0x0800b9c0       0x78 /home/laurence/ARM-GCC/bin/../lib/gcc/arm-none-eabi/4.7.4/../../../../arm-none-eabi/lib/armv7-m/libm.a(lib_a-sf_sin.o)
                0x0800b9c0                sinf
 .text.__ieee754_rem_pio2f
                0x0800ba38      0x358 /home/laurence/ARM-GCC/bin/../lib/gcc/arm-none-eabi/4.7.4/../../../../arm-none-eabi/lib/armv7-m/libm.a(lib_a-ef_rem_pio2.o)
                0x0800ba38                __ieee754_rem_pio2f
 .text.__kernel_cosf
                0x0800bd90      0x1b8 /home/laurence/ARM-GCC/bin/../lib/gcc/arm-none-eabi/4.7.4/../../../../arm-none-eabi/lib/armv7-m/libm.a(lib_a-kf_cos.o)
                0x0800bd90                __kernel_cosf
 .text.__kernel_rem_pio2f
                0x0800bf48      0xba0 /home/laurence/ARM-GCC/bin/../lib/gcc/arm-none-eabi/4.7.4/../../../../arm-none-eabi/lib/armv7-m/libm.a(lib_a-kf_rem_pio2.o)
                0x0800bf48                __kernel_rem_pio2f
 .text.__kernel_sinf
                0x0800cae8      0x100 /home/laurence/ARM-GCC/bin/../lib/gcc/arm-none-eabi/4.7.4/../../../../arm-none-eabi/lib/armv7-m/libm.a(lib_a-kf_sin.o)
                0x0800cae8                __kernel_sinf
 .text.fabsf    0x0800cbe8        0x8 /home/laurence/ARM-GCC/bin/../lib/gcc/arm-none-eabi/4.7.4/../../../../arm-none-eabi/lib/armv7-m/libm.a(lib_a-sf_fabs.o)
                0x0800cbe8                fabsf
 .text.floorf   0x0800cbf0       0x94 /home/laurence/ARM-GCC/bin/../lib/gcc/arm-none-eabi/4.7.4/../../../../arm-none-eabi/lib/armv7-m/libm.a(lib_a-sf_floor.o)
                0x0800cbf0                floorf
 .text.scalbnf  0x0800cc84       0xc0 /home/laurence/ARM-GCC/bin/../lib/gcc/arm-none-eabi/4.7.4/../../../../arm-none-eabi/lib/armv7-m/libm.a(lib_a-sf_scalbn.o)
                0x0800cc84                scalbnf
 .text.copysignf
                0x0800cd44        0xc /home/laurence/ARM-GCC/bin/../lib/gcc/arm-none-eabi/4.7.4/../../../../arm-none-eabi/lib/armv7-m/libm.a(lib_a-sf_copysign.o)
                0x0800cd44                copysignf
 .text._sbrk    0x0800cd50       0x34 /home/laurence/ARM-GCC/bin/../lib/gcc/arm-none-eabi/4.7.4/../../../../arm-none-eabi/lib/armv7-m/libnosys.a(sbrk.o)
                0x0800cd50                _sbrk
 *(.rodata)
 .rodata        0x0800cd84       0xb4 /tmp/ccPXeXDK.ltrans0.ltrans.o
                0x0800ce29                DaysInMonth.5249
 .rodata        0x0800ce38        0xd /tmp/ccPXeXDK.ltrans2.ltrans.o
                0x0800ce38                LfnOfs.5167
 *fill*         0x0800ce45        0x1 00
 .rodata        0x0800ce46      0x3c0 /tmp/ccPXeXDK.ltrans3.ltrans.o
 .rodata        0x0800d206       0x20 /tmp/ccPXeXDK.ltrans4.ltrans.o
 .rodata        0x0800d226       0x74 /tmp/ccPXeXDK.ltrans5.ltrans.o
 .rodata        0x0800d29a       0x12 /tmp/ccPXeXDK.ltrans7.ltrans.o
 .rodata        0x0800d2ac      0x180 /tmp/ccPXeXDK.ltrans8.ltrans.o
                0x0800d2ac                Tbl.4816
 *(.rodata*)
 .rodata.str1.1
                0x0800d42c      0x3b6 /tmp/ccPXeXDK.ltrans0.ltrans.o
                                0x3bb (size before relaxing)
 .rodata.str1.1
                0x0800d7e2       0x10 /tmp/ccPXeXDK.ltrans4.ltrans.o
                                 0x13 (size before relaxing)
 .rodata.str1.1
                0x0800d7f2        0x6 /tmp/ccPXeXDK.ltrans7.ltrans.o
 .rodata.str1.1
                0x0800d7f8       0x10 /tmp/ccPXeXDK.ltrans8.ltrans.o
 .rodata.str1.4
                0x0800d808        0x4 /home/laurence/ARM-GCC/bin/../lib/gcc/arm-none-eabi/4.7.4/../../../../arm-none-eabi/lib/armv7-m/libc.a(lib_a-impure.o)
 .rodata.npio2_hw
                0x0800d80c       0x80 /home/laurence/ARM-GCC/bin/../lib/gcc/arm-none-eabi/4.7.4/../../../../arm-none-eabi/lib/armv7-m/libm.a(lib_a-ef_rem_pio2.o)
 .rodata.two_over_pi
                0x0800d88c      0x318 /home/laurence/ARM-GCC/bin/../lib/gcc/arm-none-eabi/4.7.4/../../../../arm-none-eabi/lib/armv7-m/libm.a(lib_a-ef_rem_pio2.o)
 .rodata.init_jk
                0x0800dba4        0xc /home/laurence/ARM-GCC/bin/../lib/gcc/arm-none-eabi/4.7.4/../../../../arm-none-eabi/lib/armv7-m/libm.a(lib_a-kf_rem_pio2.o)
 .rodata.PIo2   0x0800dbb0       0x2c /home/laurence/ARM-GCC/bin/../lib/gcc/arm-none-eabi/4.7.4/../../../../arm-none-eabi/lib/armv7-m/libm.a(lib_a-kf_rem_pio2.o)
 *(.glue_7)
 .glue_7        0x00000000        0x0 linker stubs
 *(.glue_7t)
 .glue_7t       0x00000000        0x0 linker stubs
 *(.init)
 .init          0x0800dbdc        0x4 /home/laurence/ARM-GCC/bin/../lib/gcc/arm-none-eabi/4.7.4/armv7-m/crti.o
                0x0800dbdc                _init
 .init          0x0800dbe0        0x8 /home/laurence/ARM-GCC/bin/../lib/gcc/arm-none-eabi/4.7.4/armv7-m/crtn.o
 *(.fini)
 .fini          0x0800dbe8        0x4 /home/laurence/ARM-GCC/bin/../lib/gcc/arm-none-eabi/4.7.4/armv7-m/crti.o
                0x0800dbe8                _fini
 .fini          0x0800dbec        0x8 /home/laurence/ARM-GCC/bin/../lib/gcc/arm-none-eabi/4.7.4/armv7-m/crtn.o
                0x0800dbf4                . = ALIGN (0x4)
                0x0800dbf4                _etext = .
                0x0800dbf4                _sidata = _etext

.vfp11_veneer   0x0800dbf4        0x0
 .vfp11_veneer  0x00000000        0x0 linker stubs

.v4_bx          0x0800dbf4        0x0
 .v4_bx         0x00000000        0x0 linker stubs

.iplt           0x0800dbf4        0x0
 .iplt          0x00000000        0x0 /home/laurence/ARM-GCC/bin/../lib/gcc/arm-none-eabi/4.7.4/armv7-m/crtbegin.o

.rel.dyn        0x0800dbf4        0x0
 .rel.iplt      0x00000000        0x0 /home/laurence/ARM-GCC/bin/../lib/gcc/arm-none-eabi/4.7.4/armv7-m/crtbegin.o

.flashpatch     0x00000000        0x0
                0x00000000                . = ALIGN (0x4)
 *(.flashpatch)
                0x00000000                . = ALIGN (0x4)

.endflash       0x00000000        0x0
                0x00000000                . = ALIGN (0x4)
 *(.endflash)
                0x00000000                . = ALIGN (0x4)
                0x00000000                _e_endflash = .

.data           0x20000000      0xa04 load address 0x0800dbf4
                0x20000000                . = ALIGN (0x4)
                0x20000000                _sdata = .
                0x20000000                _data = .
 *(.data)
 .data          0x20000000        0xc /tmp/ccPXeXDK.ltrans0.ltrans.o
                0x20000008                SP1ML_network_address
 .data          0x2000000c       0xac /tmp/ccPXeXDK.ltrans2.ltrans.o
                0x2000000c                Scsi_Sense_Data
                0x20000080                pEpInt_OUT
                0x2000009c                pEpInt_IN
 .data          0x200000b8        0xc /tmp/ccPXeXDK.ltrans4.ltrans.o
                0x200000bc                Config_Descriptor
 .data          0x200000c4       0x68 /tmp/ccPXeXDK.ltrans5.ltrans.o
                0x200000e0                String_Descriptor
                0x20000108                User_Standard_Requests
 .data          0x2000012c       0x40 /tmp/ccPXeXDK.ltrans6.ltrans.o
                0x2000012c                I2C_jobs
 .data          0x2000016c        0xc /tmp/ccPXeXDK.ltrans7.ltrans.o
                0x20000174                Device_Table
 .data          0x20000178        0x1 /tmp/ccPXeXDK.ltrans9.ltrans.o
 *fill*         0x20000179        0x3 00
 .data          0x2000017c       0x34 /tmp/ccPXeXDK.ltrans10.ltrans.o
                0x2000017c                Device_Property
                0x200001ad                Stat.5443
 *(.data.*)
 .data.__malloc_av_
                0x200001b0      0x408 /home/laurence/ARM-GCC/bin/../lib/gcc/arm-none-eabi/4.7.4/../../../../arm-none-eabi/lib/armv7-m/libc.a(lib_a-mallocr.o)
                0x200001b0                __malloc_av_
 .data.__malloc_trim_threshold
                0x200005b8        0x4 /home/laurence/ARM-GCC/bin/../lib/gcc/arm-none-eabi/4.7.4/../../../../arm-none-eabi/lib/armv7-m/libc.a(lib_a-mallocr.o)
                0x200005b8                __malloc_trim_threshold
 .data.__malloc_sbrk_base
                0x200005bc        0x4 /home/laurence/ARM-GCC/bin/../lib/gcc/arm-none-eabi/4.7.4/../../../../arm-none-eabi/lib/armv7-m/libc.a(lib_a-mallocr.o)
                0x200005bc                __malloc_sbrk_base
 .data.ADCPrescTable
                0x200005c0        0x4 lib/STM32F10x_StdPeriph_Driver/libstm32fw.a(stm32f10x_rcc.o)
 .data.APBAHBPrescTable
                0x200005c4       0x10 lib/STM32F10x_StdPeriph_Driver/libstm32fw.a(stm32f10x_rcc.o)
 *fill*         0x200005d4        0x4 00
 .data.impure_data
                0x200005d8      0x428 /home/laurence/ARM-GCC/bin/../lib/gcc/arm-none-eabi/4.7.4/../../../../arm-none-eabi/lib/armv7-m/libc.a(lib_a-impure.o)
 .data._impure_ptr
                0x20000a00        0x4 /home/laurence/ARM-GCC/bin/../lib/gcc/arm-none-eabi/4.7.4/../../../../arm-none-eabi/lib/armv7-m/libc.a(lib_a-impure.o)
                0x20000a00                _impure_ptr
 *(.RAMtext)
                0x20000a04                . = ALIGN (0x4)
                0x20000a04                _edata = .
                0x0800e5f8                _eidata = (_sidata + (_edata - _sdata))
                0x08020000                _lastdataromaddress = (ORIGIN (FLASH) + 0x20000)
                0x00000000                toobig = (_eidata > _lastdataromaddress)?!!!!!!!!! FLASH IS FULL !!!!!!!!!:0x0

.igot.plt       0x20000a04        0x0 load address 0x0800e5f8
 .igot.plt      0x00000000        0x0 /home/laurence/ARM-GCC/bin/../lib/gcc/arm-none-eabi/4.7.4/armv7-m/crtbegin.o

.bss            0x20000a08     0x1308 load address 0x0800e600
                0x20000a08                . = ALIGN (0x4)
                0x20000a08                _sbss = .
                0x20000a08                _bss = .
 *(.bss)
 .bss           0x20000a08      0xda0 /tmp/ccPXeXDK.ltrans0.ltrans.o
                0x20000e30                bootsource
                0x20000e34                Millis
                0x20000e3c                Gps_Buffer
                0x20000e48                rputchar.5715
                0x20000e4c                Status
                0x20000e50                Data_Buffer
                0x20000e54                bDeviceState
                0x20000e58                Battery_Voltage
                0x20000e5c                Jobs
                0x20000e60                FatFs.5170
                0x2000109c                FATFS_wavfile
                0x200012f4                print_string
                0x20001310                FATFS_wavfile_gps
                0x20001534                FATFS_wavfile_imu
                0x20001758                file_opened
                0x20001759                flashCodeEnabled
                0x2000175c                Gps
                0x20001798                flashCode
                0x2000179d                SP1ML_state
                0x200017a1                System_state_Global
                0x200017a2                Shutdown_System
 .bss           0x200017a8        0xc /tmp/ccPXeXDK.ltrans1.ltrans.o
 .bss           0x200017b4       0xb0 /tmp/ccPXeXDK.ltrans2.ltrans.o
                0x200017b4                TransferState
                0x200017b8                Mass_Block_Size
                0x200017c4                Sd_Spi_Called_From_USB_MSC
                0x200017cc                CSW
                0x200017dc                Bot_State
                0x200017e0                CBW
                0x2000180d                Bulk_Data_Buff
                0x2000184e                Data_Len
                0x20001850                Max_Lun
                0x20001854                Mass_Block_Count
 .bss           0x20001864       0x14 /tmp/ccPXeXDK.ltrans3.ltrans.o
 .bss           0x20001878       0x20 /tmp/ccPXeXDK.ltrans4.ltrans.o
 .bss           0x20001898        0xc /tmp/ccPXeXDK.ltrans5.ltrans.o
 .bss           0x200018a4        0x4 /tmp/ccPXeXDK.ltrans6.ltrans.o
                0x200018a7                CurrVol.5169
 .bss           0x200018a8       0x88 /tmp/ccPXeXDK.ltrans7.ltrans.o
 .bss           0x20001930        0x1 /tmp/ccPXeXDK.ltrans8.ltrans.o
                0x20001930                CardType.5444
 *fill*         0x20001931        0x3 00
 .bss           0x20001934      0x344 /tmp/ccPXeXDK.ltrans9.ltrans.o
                0x200019b8                raw_data.7474
                0x200019d4                channel_wct_conf.7485
                0x200019d8                wct.7472
                0x200019db                Enable.7487
                0x200019dc                ECG_buffers
                0x20001a9c                old_quality_mask.7489
                0x20001aa0                old_wct.7488
                0x20001aa5                ADS1298_Error_Status
                0x20001aad                Gain.7484
                0x20001ab0                Completed_Jobs
                0x20001ab4                LSM9DS1_Gyro_Buffer
                0x20001ac0                IMU_buff
                0x20001b60                LSM9DS1_Acc_Buffer
                0x20001b68                LSM9DS1_Mag_Buffer
                0x20001b76                I2C1error
                0x20001b78                I2C_failure
                0x20001bfc                Filtered_ECG
                0x20001c0e                SP1ML_tx_rx_state
                0x20001c1c                Usart3_rx_buff
                0x20001c2c                SP1ML_tx_sequence_number
                0x20001c3c                Usart1_rx_buff
                0x20001c4c                RN42_tx_sequence_number
                0x20001c50                Usart3_tx_buff
                0x20001c60                SP1ML_tx_bytes
                0x20001c64                SP1ML_withold
                0x20001c68                Usart1_tx_buff
 .bss           0x20001c78       0x1c /tmp/ccPXeXDK.ltrans10.ltrans.o
                0x20001c78                wIstr
                0x20001c7c                Timer1.5438
                0x20001c80                Timer2.5439
                0x20001c91                job
 *(.bss.*)
 .bss.__malloc_max_total_mem
                0x20001c94        0x4 /home/laurence/ARM-GCC/bin/../lib/gcc/arm-none-eabi/4.7.4/../../../../arm-none-eabi/lib/armv7-m/libc.a(lib_a-mallocr.o)
                0x20001c94                __malloc_max_total_mem
 .bss.__malloc_max_sbrked_mem
                0x20001c98        0x4 /home/laurence/ARM-GCC/bin/../lib/gcc/arm-none-eabi/4.7.4/../../../../arm-none-eabi/lib/armv7-m/libc.a(lib_a-mallocr.o)
                0x20001c98                __malloc_max_sbrked_mem
 .bss.__malloc_top_pad
                0x20001c9c        0x4 /home/laurence/ARM-GCC/bin/../lib/gcc/arm-none-eabi/4.7.4/../../../../arm-none-eabi/lib/armv7-m/libc.a(lib_a-mallocr.o)
                0x20001c9c                __malloc_top_pad
 .bss.__malloc_current_mallinfo
                0x20001ca0       0x28 /home/laurence/ARM-GCC/bin/../lib/gcc/arm-none-eabi/4.7.4/../../../../arm-none-eabi/lib/armv7-m/libc.a(lib_a-mallocr.o)
                0x20001ca0                __malloc_current_mallinfo
 .bss.Data_Mul_MaxPacketSize
                0x20001cc8        0x1 lib/STM32_USB-FS-Device_Driver/libstm32usb.a(usb_core.o)
                0x20001cc8                Data_Mul_MaxPacketSize
 *fill*         0x20001cc9        0x3 00
 .bss.heap_end.4231
                0x20001ccc        0x4 /home/laurence/ARM-GCC/bin/../lib/gcc/arm-none-eabi/4.7.4/../../../../arm-none-eabi/lib/armv7-m/libnosys.a(sbrk.o)
 *(COMMON)
 COMMON         0x20001cd0        0x4 /home/laurence/ARM-GCC/bin/../lib/gcc/arm-none-eabi/4.7.4/../../../../arm-none-eabi/lib/armv7-m/libc.a(lib_a-reent.o)
                0x20001cd0                errno
 COMMON         0x20001cd4        0x2 lib/STM32_USB-FS-Device_Driver/libstm32usb.a(usb_core.o)
                0x20001cd4                StatusInfo
 *fill*         0x20001cd6        0x2 00
 COMMON         0x20001cd8       0x32 lib/STM32_USB-FS-Device_Driver/libstm32usb.a(usb_init.o)
                0x20001cd8                SaveState
                0x20001cdc                pProperty
                0x20001ce0                EPindex
                0x20001ce4                Device_Info
                0x20001d00                pUser_Standard_Requests
                0x20001d04                pInformation
                0x20001d08                wInterrupt_Mask
 COMMON         0x20001d0a        0x4 lib/STM32_USB-FS-Device_Driver/libstm32usb.a(usb_int.o)
                0x20001d0a                SaveRState
                0x20001d0c                SaveTState
                0x20001d10                . = ALIGN (0x4)
 *fill*         0x20001d0e        0x2 00
                0x20001d10                _ebss = .
                0x20001d10                PROVIDE (end, _ebss)
                0x20001d10                PROVIDE (_end, _ebss)

._usrstack      0x20001d10     0x2000 load address 0x0800f908
                0x20001d10                . = ALIGN (0x4)
                0x20001d10                _susrstack = .
                0x20003d10                . = (. + _Minimum_Stack_Size)
 *fill*         0x20001d10     0x2000 00
                0x20003d10                . = ALIGN (0x4)
                0x20003d10                _eusrstack = .
                0x20005000                _lastramaddress = (ORIGIN (RAM) + 0x5000)
                0x00000000                toobig = (_eusrstack > _lastramaddress)?!!!!!!!!! RAM IS FULL !!!!!!!!!:0x0

.b1text
 *(.b1text)
 *(.b1rodata)
 *(.b1rodata*)

.eb0text
 *(.eb0text)
 *(.eb0rodata)
 *(.eb0rodata*)

.eb1text
 *(.eb1text)
 *(.eb1rodata)
 *(.eb1rodata*)

.eb2text
 *(.eb2text)
 *(.eb2rodata)
 *(.eb2rodata*)

.eb3text
 *(.eb3text)
 *(.eb3rodata)
 *(.eb3rodata*)
                0x20003d10                __exidx_start = .
                0x20003d10                __exidx_end = .

/DISCARD/
 libc.a(*)
 libm.a(*)
 libgcc.a(*)

.stab
 *(.stab)

.stabstr
 *(.stabstr)

.stab.excl
 *(.stab.excl)

.stab.exclstr
 *(.stab.exclstr)

.stab.index
 *(.stab.index)

.stab.indexstr
 *(.stab.indexstr)

.comment        0x00000000       0x70
 *(.comment)
 .comment       0x00000000       0x71 /tmp/ccPXeXDK.ltrans0.ltrans.o
 .comment       0x00000000       0x71 /tmp/ccPXeXDK.ltrans1.ltrans.o
 .comment       0x00000000       0x71 /tmp/ccPXeXDK.ltrans2.ltrans.o
 .comment       0x00000000       0x71 /tmp/ccPXeXDK.ltrans3.ltrans.o
 .comment       0x00000000       0x71 /tmp/ccPXeXDK.ltrans4.ltrans.o
 .comment       0x00000000       0x71 /tmp/ccPXeXDK.ltrans5.ltrans.o
 .comment       0x00000000       0x71 /tmp/ccPXeXDK.ltrans6.ltrans.o
 .comment       0x00000000       0x71 /tmp/ccPXeXDK.ltrans7.ltrans.o
 .comment       0x00000000       0x71 /tmp/ccPXeXDK.ltrans8.ltrans.o
 .comment       0x00000000       0x71 /tmp/ccPXeXDK.ltrans9.ltrans.o
 .comment       0x00000000       0x71 /tmp/ccPXeXDK.ltrans10.ltrans.o
 .comment       0x00000000       0x70 lib/STM32F10x_StdPeriph_Driver/libstm32fw.a(misc.o)
                                 0x71 (size before relaxing)
 .comment       0x00000000       0x71 lib/STM32F10x_StdPeriph_Driver/libstm32fw.a(stm32f10x_adc.o)
 .comment       0x00000000       0x71 lib/STM32F10x_StdPeriph_Driver/libstm32fw.a(stm32f10x_bkp.o)
 .comment       0x00000000       0x71 lib/STM32F10x_StdPeriph_Driver/libstm32fw.a(stm32f10x_dbgmcu.o)
 .comment       0x00000000       0x71 lib/STM32F10x_StdPeriph_Driver/libstm32fw.a(stm32f10x_dma.o)
 .comment       0x00000000       0x71 lib/STM32F10x_StdPeriph_Driver/libstm32fw.a(stm32f10x_exti.o)
 .comment       0x00000000       0x71 lib/STM32F10x_StdPeriph_Driver/libstm32fw.a(stm32f10x_gpio.o)
 .comment       0x00000000       0x71 lib/STM32F10x_StdPeriph_Driver/libstm32fw.a(stm32f10x_i2c.o)
 .comment       0x00000000       0x71 lib/STM32F10x_StdPeriph_Driver/libstm32fw.a(stm32f10x_iwdg.o)
 .comment       0x00000000       0x71 lib/STM32F10x_StdPeriph_Driver/libstm32fw.a(stm32f10x_pwr.o)
 .comment       0x00000000       0x71 lib/STM32F10x_StdPeriph_Driver/libstm32fw.a(stm32f10x_rcc.o)
 .comment       0x00000000       0x71 lib/STM32F10x_StdPeriph_Driver/libstm32fw.a(stm32f10x_rtc.o)
 .comment       0x00000000       0x71 lib/STM32F10x_StdPeriph_Driver/libstm32fw.a(stm32f10x_spi.o)