Archive member included to satisfy reference by file (symbol)

lib/STM32F10x_StdPeriph_Driver/libstm32fw.a(misc.o)
                              interrupts.o (symbol from plugin) (NVIC_PriorityGroupConfig)
lib/STM32F10x_StdPeriph_Driver/libstm32fw.a(stm32f10x_adc.o)
                              adc.o (symbol from plugin) (ADC_DeInit)
lib/STM32F10x_StdPeriph_Driver/libstm32fw.a(stm32f10x_bkp.o)
                              Util/fat_fs/src/rtc.o (symbol from plugin) (BKP_DeInit)
lib/STM32F10x_StdPeriph_Driver/libstm32fw.a(stm32f10x_dbgmcu.o)
                              main.o (symbol from plugin) (DBGMCU_Config)
lib/STM32F10x_StdPeriph_Driver/libstm32fw.a(stm32f10x_dma.o)
                              Util/fat_fs/src/sd_spi_stm32.o (symbol from plugin) (DMA_DeInit)
lib/STM32F10x_StdPeriph_Driver/libstm32fw.a(stm32f10x_exti.o)
                              interrupts.o (symbol from plugin) (EXTI_DeInit)
lib/STM32F10x_StdPeriph_Driver/libstm32fw.a(stm32f10x_gpio.o)
                              Util/fat_fs/src/sd_spi_stm32.o (symbol from plugin) (GPIO_Init)
lib/STM32F10x_StdPeriph_Driver/libstm32fw.a(stm32f10x_i2c.o)
                              i2c_int.o (symbol from plugin) (I2C_DeInit)
lib/STM32F10x_StdPeriph_Driver/libstm32fw.a(stm32f10x_iwdg.o)
                              watchdog.o (symbol from plugin) (IWDG_WriteAccessCmd)
lib/STM32F10x_StdPeriph_Driver/libstm32fw.a(stm32f10x_pwr.o)
                              pwr.o (symbol from plugin) (PWR_DeInit)
lib/STM32F10x_StdPeriph_Driver/libstm32fw.a(stm32f10x_rcc.o)
                              interrupts.o (symbol from plugin) (RCC_HCLKConfig)
lib/STM32F10x_StdPeriph_Driver/libstm32fw.a(stm32f10x_rtc.o)
                              Util/fat_fs/src/rtc.o (symbol from plugin) (RTC_GetCounter)
lib/STM32F10x_StdPeriph_Driver/libstm32fw.a(stm32f10x_spi.o)
                              Util/fat_fs/src/sd_spi_stm32.o (symbol from plugin) (SPI_I2S_DeInit)
lib/STM32F10x_StdPeriph_Driver/libstm32fw.a(stm32f10x_tim.o)
                              timer.o (symbol from plugin) (TIM_DeInit)
lib/STM32F10x_StdPeriph_Driver/libstm32fw.a(stm32f10x_usart.o)
                              Util/rn42_command.o (symbol from plugin) (USART_DeInit)
lib/STM32_USB-FS-Device_Driver/libstm32usb.a(usb_core.o)
                              Util/USB/usb_prop.o (symbol from plugin) (Standard_GetDescriptorData)
lib/STM32_USB-FS-Device_Driver/libstm32usb.a(usb_init.o)
                              main.o (symbol from plugin) (USB_Init)
lib/STM32_USB-FS-Device_Driver/libstm32usb.a(usb_int.o)
                              Util/USB/usb_istr.o (symbol from plugin) (CTR_LP)
lib/STM32_USB-FS-Device_Driver/libstm32usb.a(usb_mem.o)
                              lib/STM32_USB-FS-Device_Driver/libstm32usb.a(usb_core.o) (UserToPMABufferCopy)
lib/STM32_USB-FS-Device_Driver/libstm32usb.a(usb_regs.o)
                              Util/USB/usb_prop.o (symbol from plugin) (SetBTABLE)
lib/STM32_USB-FS-Device_Driver/libstm32usb.a(usb_sil.o)
                              Util/USB/usb_prop.o (symbol from plugin) (USB_SIL_Init)
/home/laurence/ARM-GCC/bin/../lib/gcc/arm-none-eabi/5.3.1/../../../../arm-none-eabi/lib/armv7-m/libg_nano.a(lib_a-exit.o)
                              /home/laurence/ARM-GCC/bin/../lib/gcc/arm-none-eabi/5.3.1/../../../../arm-none-eabi/lib/armv7-m/crt0.o (exit)
/home/laurence/ARM-GCC/bin/../lib/gcc/arm-none-eabi/5.3.1/../../../../arm-none-eabi/lib/armv7-m/libg_nano.a(lib_a-impure.o)
                              /home/laurence/ARM-GCC/bin/../lib/gcc/arm-none-eabi/5.3.1/../../../../arm-none-eabi/lib/armv7-m/libg_nano.a(lib_a-exit.o) (_global_impure_ptr)
/home/laurence/ARM-GCC/bin/../lib/gcc/arm-none-eabi/5.3.1/../../../../arm-none-eabi/lib/armv7-m/libg_nano.a(lib_a-init.o)
                              /home/laurence/ARM-GCC/bin/../lib/gcc/arm-none-eabi/5.3.1/../../../../arm-none-eabi/lib/armv7-m/crt0.o (__libc_init_array)
/home/laurence/ARM-GCC/bin/../lib/gcc/arm-none-eabi/5.3.1/../../../../arm-none-eabi/lib/armv7-m/libg_nano.a(lib_a-memset.o)
                              /home/laurence/ARM-GCC/bin/../lib/gcc/arm-none-eabi/5.3.1/../../../../arm-none-eabi/lib/armv7-m/crt0.o (memset)
/home/laurence/ARM-GCC/bin/../lib/gcc/arm-none-eabi/5.3.1/../../../../arm-none-eabi/lib/armv7-m/libg_nano.a(lib_a-rand.o)
                              Util/sp1ml_command.o (symbol from plugin) (srand)
/home/laurence/ARM-GCC/bin/../lib/gcc/arm-none-eabi/5.3.1/../../../../arm-none-eabi/lib/armv7-m/libg_nano.a(lib_a-malloc.o)
                              /home/laurence/ARM-GCC/bin/../lib/gcc/arm-none-eabi/5.3.1/../../../../arm-none-eabi/lib/armv7-m/libg_nano.a(lib_a-rand.o) (malloc)
/home/laurence/ARM-GCC/bin/../lib/gcc/arm-none-eabi/5.3.1/../../../../arm-none-eabi/lib/armv7-m/libg_nano.a(lib_a-nano-freer.o)
                              /home/laurence/ARM-GCC/bin/../lib/gcc/arm-none-eabi/5.3.1/../../../../arm-none-eabi/lib/armv7-m/libg_nano.a(lib_a-malloc.o) (_free_r)
[...]
Memory Configuration

Name             Origin             Length             Attributes
RAM              0x20000000         0x00005000         xrw
FLASH            0x08000000         0x00020000         xr
*default*        0x00000000         0xffffffff

Linker script and memory map

LOAD /home/laurence/ARM-GCC/bin/../lib/gcc/arm-none-eabi/5.3.1/armv7-m/crti.o
LOAD /home/laurence/ARM-GCC/bin/../lib/gcc/arm-none-eabi/5.3.1/armv7-m/crtbegin.o
LOAD /home/laurence/ARM-GCC/bin/../lib/gcc/arm-none-eabi/5.3.1/../../../../arm-none-eabi/lib/armv7-m/crt0.o
LOAD Util/USB/hw_config.o
LOAD /tmp/ccUCrx02.ltrans0.ltrans.o
LOAD /tmp/ccUCrx02.ltrans1.ltrans.o
LOAD /tmp/ccUCrx02.ltrans2.ltrans.o
LOAD /tmp/ccUCrx02.ltrans3.ltrans.o
LOAD /tmp/ccUCrx02.ltrans4.ltrans.o
LOAD /tmp/ccUCrx02.ltrans5.ltrans.o
LOAD /tmp/ccUCrx02.ltrans6.ltrans.o
LOAD /tmp/ccUCrx02.ltrans7.ltrans.o
LOAD /tmp/ccUCrx02.ltrans8.ltrans.o
LOAD /tmp/ccUCrx02.ltrans9.ltrans.o
LOAD /tmp/ccUCrx02.ltrans10.ltrans.o
LOAD /tmp/ccUCrx02.ltrans11.ltrans.o
LOAD /tmp/ccUCrx02.ltrans12.ltrans.o
LOAD /tmp/ccUCrx02.ltrans13.ltrans.o
LOAD /tmp/ccUCrx02.ltrans14.ltrans.o
LOAD /tmp/ccUCrx02.ltrans15.ltrans.o
LOAD /tmp/ccUCrx02.ltrans16.ltrans.o
LOAD /tmp/ccUCrx02.ltrans17.ltrans.o
LOAD Util/USB/mass_mal.o
LOAD Util/USB/memory.o
LOAD Util/USB/scsi_data.o
LOAD Util/USB/usb_bot.o
LOAD Util/USB/usb_desc.o
LOAD Util/USB/usb_endp.o
LOAD Util/USB/usb_istr.o
LOAD Util/USB/usb_prop.o
LOAD Util/USB/usb_pwr.o
LOAD Util/USB/usb_scsi.o
LOAD Util/buffer.o
LOAD Util/data_alignment.o
LOAD Util/dcm_attitude.o
LOAD Util/delay.o
LOAD Util/fat_fs/option/ccsbcs.o
LOAD Util/fat_fs/src/fattime.o
LOAD Util/fat_fs/src/ff.o
LOAD Util/fat_fs/src/rtc.o
LOAD Util/fat_fs/src/sd_spi_stm32.o
LOAD Util/filter.o
LOAD Util/load_setting.o
LOAD Util/rn42_command.o
LOAD Util/rn42_conf.o
LOAD Util/rprintf.o
LOAD Util/rtc_correct.o
LOAD Util/sp1ml_command.o
LOAD Util/wave.o
LOAD adc.o
LOAD bootload.o
LOAD dma.o
LOAD gpio.o
LOAD i2c_int.o
LOAD interrupts.o
LOAD lib/ARM-GCC/startup_ARMCM3.o
LOAD lib/CMSIS_CM3/core_cm3.o
LOAD lib/CMSIS_CM3/system_stm32f10x.o
LOAD main.o
LOAD pwr.o
LOAD timer.o
LOAD usart.o
LOAD watchdog.o
LOAD Sensors/ads1298.o
LOAD Sensors/lsm9ds1.o
LOAD Sensors/ubx.o
LOAD lib/STM32F10x_StdPeriph_Driver/libstm32fw.a
LOAD lib/STM32_USB-FS-Device_Driver/libstm32usb.a
LOAD /home/laurence/ARM-GCC/bin/../lib/gcc/arm-none-eabi/5.3.1/../../../../arm-none-eabi/lib/armv7-m/libm.a
LOAD /home/laurence/ARM-GCC/bin/../lib/gcc/arm-none-eabi/5.3.1/../../../../arm-none-eabi/lib/armv7-m/libnosys.a
START GROUP
LOAD /home/laurence/ARM-GCC/bin/../lib/gcc/arm-none-eabi/5.3.1/armv7-m/libgcc.a
LOAD /home/laurence/ARM-GCC/bin/../lib/gcc/arm-none-eabi/5.3.1/../../../../arm-none-eabi/lib/armv7-m/libg_nano.a
LOAD /home/laurence/ARM-GCC/bin/../lib/gcc/arm-none-eabi/5.3.1/../../../../arm-none-eabi/lib/armv7-m/libc_nano.a
END GROUP
START GROUP
LOAD /home/laurence/ARM-GCC/bin/../lib/gcc/arm-none-eabi/5.3.1/armv7-m/libgcc.a
LOAD /home/laurence/ARM-GCC/bin/../lib/gcc/arm-none-eabi/5.3.1/../../../../arm-none-eabi/lib/armv7-m/libc_nano.a
LOAD /home/laurence/ARM-GCC/bin/../lib/gcc/arm-none-eabi/5.3.1/../../../../arm-none-eabi/lib/armv7-m/libnosys.a
END GROUP
START GROUP
LOAD /home/laurence/ARM-GCC/bin/../lib/gcc/arm-none-eabi/5.3.1/armv7-m/libgcc.a
LOAD /home/laurence/ARM-GCC/bin/../lib/gcc/arm-none-eabi/5.3.1/../../../../arm-none-eabi/lib/armv7-m/libc_nano.a
LOAD /home/laurence/ARM-GCC/bin/../lib/gcc/arm-none-eabi/5.3.1/../../../../arm-none-eabi/lib/armv7-m/libnosys.a
END GROUP
LOAD /home/laurence/ARM-GCC/bin/../lib/gcc/arm-none-eabi/5.3.1/armv7-m/crtend.o
LOAD /home/laurence/ARM-GCC/bin/../lib/gcc/arm-none-eabi/5.3.1/armv7-m/crtn.o
                0x00002000                __HEAP_SIZE = 0x2000
                0x00000c00                __STACK_SIZE = 0xc00

.text           0x08000000    0x13324
 *(.isr_vector)
 .isr_vector    0x08000000      0x10c lib/ARM-GCC/startup_ARMCM3.o
                0x08000000                __isr_vector
 *(.text*)
 .text          0x0800010c       0x5c /home/laurence/ARM-GCC/bin/../lib/gcc/arm-none-eabi/5.3.1/armv7-m/crtbegin.o
 .text          0x08000168       0x74 /home/laurence/ARM-GCC/bin/../lib/gcc/arm-none-eabi/5.3.1/../../../../arm-none-eabi/lib/armv7-m/crt0.o
                0x08000168                _mainCRTStartup
                0x08000168                _start
 *fill*         0x080001dc        0x4 
 .text.startup.main
                0x080001e0     0x2d70 /tmp/ccUCrx02.ltrans0.ltrans.o
                0x080001e0                main
 .text.EP2_OUT_Callback
                0x08002f50      0x9d0 /tmp/ccUCrx02.ltrans1.ltrans.o
 .text.__usart_send_char
                0x08003920       0xa0 /tmp/ccUCrx02.ltrans2.ltrans.o
                0x08003920                __usart_send_char
 .text.ads1298_spi_dma_transaction
                0x080039c0       0xec /tmp/ccUCrx02.ltrans2.ltrans.o
                0x080039c0                ads1298_spi_dma_transaction
 *fill*         0x08003aac        0x4 
 .text.DMA1_Channel4_IRQHandler
                0x08003ab0      0xf44 /tmp/ccUCrx02.ltrans2.ltrans.o
                0x08003ab0                DMA1_Channel4_IRQHandler
 .text.ads1298_busy_wait_command
                0x080049f4       0x4c /tmp/ccUCrx02.ltrans2.ltrans.o
                0x080049f4                ads1298_busy_wait_command
 .text.unlikely.ads1298_busy_wait_write
                0x08004a40       0x88 /tmp/ccUCrx02.ltrans2.ltrans.o
                0x08004a40                ads1298_busy_wait_write
 .text.USART3_IRQHandler
                0x08004ac8      0x17c /tmp/ccUCrx02.ltrans2.ltrans.o
                0x08004ac8                USART3_IRQHandler
 .text.USART1_IRQHandler
                0x08004c44      0x134 /tmp/ccUCrx02.ltrans2.ltrans.o
                0x08004c44                USART1_IRQHandler
 .text.Gps_Send_Str
                0x08004d78       0x2c /tmp/ccUCrx02.ltrans2.ltrans.o
                0x08004d78                Gps_Send_Str
 .text.check_fs
                0x08004da4       0xac /tmp/ccUCrx02.ltrans3.ltrans.o
 .text.f_sync   0x08004e50      0x108 /tmp/ccUCrx02.ltrans3.ltrans.o
                0x08004e50                f_sync
 .text.f_write  0x08004f58       0x4c /tmp/ccUCrx02.ltrans3.ltrans.o
                0x08004f58                f_write
 .text.chk_mounted.lto_priv.65
                0x08004fa4      0x264 /tmp/ccUCrx02.ltrans3.ltrans.o
                0x08004fa4                chk_mounted.lto_priv.65
 .text.follow_path.lto_priv.66
                0x08005208      0x3b8 /tmp/ccUCrx02.ltrans3.ltrans.o
                0x08005208                follow_path.lto_priv.66
 .text.f_open   0x080055c0      0x14c /tmp/ccUCrx02.ltrans3.ltrans.o
                0x080055c0                f_open
 .text.get_fileinfo.lto_priv.67
                0x0800570c      0x2c8 /tmp/ccUCrx02.ltrans3.ltrans.o
                0x0800570c                get_fileinfo.lto_priv.67
 .text.RN42_generate_packet
                0x080059d4      0x390 /tmp/ccUCrx02.ltrans4.ltrans.o
                0x080059d4                RN42_generate_packet
 .text.rprintf2RamRom
                0x08005d64      0x7d4 /tmp/ccUCrx02.ltrans4.ltrans.o
                0x08005d64                rprintf2RamRom
 .text.disk_write.part.5.lto_priv.60
                0x08006538      0x22c /tmp/ccUCrx02.ltrans4.ltrans.o
                0x08006538                disk_write.part.5.lto_priv.60
 .text.disk_read.part.4.lto_priv.62
                0x08006764      0x13c /tmp/ccUCrx02.ltrans4.ltrans.o
                0x08006764                disk_read.part.4.lto_priv.62
 .text.put_fat.part.4.lto_priv.93
                0x080068a0      0x128 /tmp/ccUCrx02.ltrans5.ltrans.o
                0x080068a0                put_fat.part.4.lto_priv.93
 .text.get_fat.part.3.lto_priv.64
                0x080069c8       0xc0 /tmp/ccUCrx02.ltrans5.ltrans.o
                0x080069c8                get_fat.part.3.lto_priv.64
 .text.dir_find.part.5.lto_priv.100
                0x08006a88      0x494 /tmp/ccUCrx02.ltrans5.ltrans.o
                0x08006a88                dir_find.part.5.lto_priv.100
 .text.f_lseek  0x08006f1c      0x204 /tmp/ccUCrx02.ltrans5.ltrans.o
                0x08006f1c                f_lseek
 .text.unlikely.f_close
                0x08007120       0x10 /tmp/ccUCrx02.ltrans5.ltrans.o
                0x08007120                f_close
 .text.stm32_spi_rw.lto_priv.59
                0x08007130       0x24 /tmp/ccUCrx02.ltrans6.ltrans.o
                0x08007130                stm32_spi_rw.lto_priv.59
 .text.send_cmd
                0x08007154      0x16c /tmp/ccUCrx02.ltrans6.ltrans.o
                0x08007154                send_cmd
 .text.disk_initialize
                0x080072c0      0x260 /tmp/ccUCrx02.ltrans6.ltrans.o
                0x080072c0                disk_initialize
 .text.wait_ready.lto_priv.61
                0x08007520       0x54 /tmp/ccUCrx02.ltrans6.ltrans.o
                0x08007520                wait_ready.lto_priv.61
 .text.stm32_dma_transfer.lto_priv.63
                0x08007574       0xd4 /tmp/ccUCrx02.ltrans6.ltrans.o
                0x08007574                stm32_dma_transfer.lto_priv.63
 .text.rcvr_datablock
                0x08007648       0x9c /tmp/ccUCrx02.ltrans6.ltrans.o
                0x08007648                rcvr_datablock
 .text.counter_to_struct.lto_priv.91
                0x080076e4      0x128 /tmp/ccUCrx02.ltrans6.ltrans.o
                0x080076e4                counter_to_struct.lto_priv.91
 .text.rtc_gettime
                0x0800780c       0x84 /tmp/ccUCrx02.ltrans6.ltrans.o
                0x0800780c                rtc_gettime
 .text.f_write.part.9.lto_priv.85
                0x08007890      0x350 /tmp/ccUCrx02.ltrans6.ltrans.o
                0x08007890                f_write.part.9.lto_priv.85
 .text.remove_chain.part.6.lto_priv.81
                0x08007be0      0x110 /tmp/ccUCrx02.ltrans6.ltrans.o
                0x08007be0                remove_chain.part.6.lto_priv.81
 .text.dir_read.lto_priv.82
                0x08007cf0      0x5f8 /tmp/ccUCrx02.ltrans7.ltrans.o
                0x08007cf0                dir_read.lto_priv.82
 .text.dir_sdi.lto_priv.83
                0x080082e8       0xa8 /tmp/ccUCrx02.ltrans7.ltrans.o
                0x080082e8                dir_sdi.lto_priv.83
 .text.dir_register.lto_priv.90
                0x08008390      0x6f0 /tmp/ccUCrx02.ltrans7.ltrans.o
                0x08008390                dir_register.lto_priv.90
 .text.unlikely.read_config_file.constprop.21
                0x08008a80      0x4c0 /tmp/ccUCrx02.ltrans8.ltrans.o
                0x08008a80                read_config_file.constprop.21
 .text.Get_UBX_Ack.constprop.8
                0x08008f40       0xcc /tmp/ccUCrx02.ltrans8.ltrans.o
                0x08008f40                Get_UBX_Ack.constprop.8
 .text.USART2_reconf.constprop.7
                0x0800900c       0x54 /tmp/ccUCrx02.ltrans8.ltrans.o
                0x0800900c                USART2_reconf.constprop.7
 .text.ads1298_wct_config.constprop.3
                0x08009060      0x15c /tmp/ccUCrx02.ltrans8.ltrans.o
                0x08009060                ads1298_wct_config.constprop.3
 .text.unlikely.ads1298_setup.constprop.2
                0x080091bc      0x39c /tmp/ccUCrx02.ltrans8.ltrans.o
                0x080091bc                ads1298_setup.constprop.2
 .text.Gps_DMA_Process
                0x08009558      0x318 /tmp/ccUCrx02.ltrans8.ltrans.o
                0x08009558                Gps_DMA_Process
 .text.EXTI9_5_IRQHandler
                0x08009870       0x34 /tmp/ccUCrx02.ltrans8.ltrans.o
                0x08009870                EXTI9_5_IRQHandler
 .text.SP1ML_generate_packet
                0x080098a4      0x350 /tmp/ccUCrx02.ltrans9.ltrans.o
                0x080098a4                SP1ML_generate_packet
 .text.SP1ML_command
                0x08009bf4      0x148 /tmp/ccUCrx02.ltrans9.ltrans.o
                0x08009bf4                SP1ML_command
 *fill*         0x08009d3c        0x4 
 .text.SP1ML_rx_tx_data_processor
                0x08009d40      0xe00 /tmp/ccUCrx02.ltrans9.ltrans.o
                0x08009d40                SP1ML_rx_tx_data_processor
 .text.set_rtc_correction
                0x0800ab40       0x5c /tmp/ccUCrx02.ltrans9.ltrans.o
                0x0800ab40                set_rtc_correction
 .text.I2C1_ER_IRQHandler
                0x0800ab9c      0x150 /tmp/ccUCrx02.ltrans10.ltrans.o
                0x0800ab9c                I2C1_ER_IRQHandler
 .text.I2C1_EV_IRQHandler
                0x0800acec      0x608 /tmp/ccUCrx02.ltrans10.ltrans.o
                0x0800acec                I2C1_EV_IRQHandler
 .text.ADC_Configuration
                0x0800b2f4      0x10c /tmp/ccUCrx02.ltrans10.ltrans.o
                0x0800b2f4                ADC_Configuration
 .text.wave_terminate
                0x0800b400      0x1c0 /tmp/ccUCrx02.ltrans10.ltrans.o
                0x0800b400                wave_terminate
 .text.write_wave_header
                0x0800b5c0       0xf0 /tmp/ccUCrx02.ltrans10.ltrans.o
                0x0800b5c0                write_wave_header
 .text.move_window.lto_priv.84
                0x0800b6b0      0x1a8 /tmp/ccUCrx02.ltrans11.ltrans.o
                0x0800b6b0                move_window.lto_priv.84
 .text.create_chain.lto_priv.89
                0x0800b858      0x190 /tmp/ccUCrx02.ltrans11.ltrans.o
                0x0800b858                create_chain.lto_priv.89
 .text.sync.lto_priv.80
                0x0800b9e8       0xe0 /tmp/ccUCrx02.ltrans11.ltrans.o
                0x0800b9e8                sync.lto_priv.80
 .text.get_fattime
                0x0800bac8       0x44 /tmp/ccUCrx02.ltrans11.ltrans.o
                0x0800bac8                get_fattime
 .text.Delay    0x0800bb0c       0x20 /tmp/ccUCrx02.ltrans11.ltrans.o
                0x0800bb0c                Delay
 .text.Add_To_Buffer
                0x0800bb2c       0x50 /tmp/ccUCrx02.ltrans11.ltrans.o
                0x0800bb2c                Add_To_Buffer
 .text.unlikely.SCSI_Invalid_Cmd
                0x0800bb7c       0x6c /tmp/ccUCrx02.ltrans11.ltrans.o
                0x0800bb7c                SCSI_Invalid_Cmd
 .text.Get_Max_Lun
                0x0800bbe8       0x18 /tmp/ccUCrx02.ltrans12.ltrans.o
 .text.MASS_Get_Interface_Setting
                0x0800bc00       0x10 /tmp/ccUCrx02.ltrans12.ltrans.o
                0x0800bc00                MASS_Get_Interface_Setting
 .text.MASS_Data_Setup
                0x0800bc10       0x38 /tmp/ccUCrx02.ltrans12.ltrans.o
                0x0800bc10                MASS_Data_Setup
 .text.MASS_Status_In
                0x0800bc48        0x4 /tmp/ccUCrx02.ltrans12.ltrans.o
                0x0800bc48                MASS_Status_In
 .text.MASS_Status_Out
                0x0800bc4c        0x4 /tmp/ccUCrx02.ltrans12.ltrans.o
                0x0800bc4c                MASS_Status_Out
 .text.Mass_Storage_SetDeviceAddress
                0x0800bc50        0xc /tmp/ccUCrx02.ltrans12.ltrans.o
 .text.Mass_Storage_ClearFeature
                0x0800bc5c       0x2c /tmp/ccUCrx02.ltrans12.ltrans.o
 .text.MASS_GetStringDescriptor
                0x0800bc88       0x20 /tmp/ccUCrx02.ltrans12.ltrans.o
                0x0800bc88                MASS_GetStringDescriptor
 .text.MASS_GetConfigDescriptor
                0x0800bca8        0xc /tmp/ccUCrx02.ltrans12.ltrans.o
                0x0800bca8                MASS_GetConfigDescriptor
 .text.MASS_GetDeviceDescriptor
                0x0800bcb4        0xc /tmp/ccUCrx02.ltrans12.ltrans.o
                0x0800bcb4                MASS_GetDeviceDescriptor
 .text.MASS_NoData_Setup
                0x0800bcc0       0x50 /tmp/ccUCrx02.ltrans12.ltrans.o
                0x0800bcc0                MASS_NoData_Setup
 .text.Mass_Storage_SetConfiguration
                0x0800bd10       0x30 /tmp/ccUCrx02.ltrans12.ltrans.o
 .text.MASS_Reset
                0x0800bd40       0xf0 /tmp/ccUCrx02.ltrans12.ltrans.o
                0x0800bd40                MASS_Reset
 .text.SCSI_Write10_Cmd
                0x0800be30      0x214 /tmp/ccUCrx02.ltrans12.ltrans.o
                0x0800be30                SCSI_Write10_Cmd
 .text.SCSI_Read10_Cmd
                0x0800c044       0xf0 /tmp/ccUCrx02.ltrans12.ltrans.o
                0x0800c044                SCSI_Read10_Cmd
 .text.Resume   0x0800c134      0x138 /tmp/ccUCrx02.ltrans12.ltrans.o
                0x0800c134                Resume
 .text.SystemInit
                0x0800c26c       0xf8 /tmp/ccUCrx02.ltrans13.ltrans.o
                0x0800c26c                SystemInit
 .text.USB_LP_CAN1_RX0_IRQHandler
                0x0800c364      0x118 /tmp/ccUCrx02.ltrans13.ltrans.o
                0x0800c364                USB_LP_CAN1_RX0_IRQHandler
 .text.USB_HP_CAN1_TX_IRQHandler
                0x0800c47c        0x4 /tmp/ccUCrx02.ltrans13.ltrans.o
                0x0800c47c                USB_HP_CAN1_TX_IRQHandler
 .text.SysTick_Handler
                0x0800c480      0x17c /tmp/ccUCrx02.ltrans13.ltrans.o
                0x0800c480                SysTick_Handler
 .text.EXTI15_10_IRQHandler
                0x0800c5fc       0x68 /tmp/ccUCrx02.ltrans13.ltrans.o
                0x0800c5fc                EXTI15_10_IRQHandler
 .text.ADC1_2_IRQHandler
                0x0800c664       0x70 /tmp/ccUCrx02.ltrans13.ltrans.o
                0x0800c664                ADC1_2_IRQHandler
 .text.EXTI0_IRQHandler
                0x0800c6d4       0x98 /tmp/ccUCrx02.ltrans13.ltrans.o
                0x0800c6d4                EXTI0_IRQHandler
 .text.EXTI_ONOFF_EN
                0x0800c76c       0x54 /tmp/ccUCrx02.ltrans13.ltrans.o
                0x0800c76c                EXTI_ONOFF_EN
 .text.I2C_Config
                0x0800c7c0      0x23c /tmp/ccUCrx02.ltrans13.ltrans.o
                0x0800c7c0                I2C_Config
 .text.I2C1_Request_Job
                0x0800c9fc       0x78 /tmp/ccUCrx02.ltrans13.ltrans.o
                0x0800c9fc                I2C1_Request_Job
 .text.__str_print_char
                0x0800ca74       0xfc /tmp/ccUCrx02.ltrans14.ltrans.o
                0x0800ca74                __str_print_char
 .text.__fat_print_char
                0x0800cb70       0x58 /tmp/ccUCrx02.ltrans14.ltrans.o
                0x0800cb70                __fat_print_char
 .text.Gps_Send_Utf8
                0x0800cbc8       0x30 /tmp/ccUCrx02.ltrans14.ltrans.o
                0x0800cbc8                Gps_Send_Utf8
 .text.Usart3_Send_Str
                0x0800cbf8       0x2c /tmp/ccUCrx02.ltrans14.ltrans.o
                0x0800cbf8                Usart3_Send_Str
 .text.Usart_Send_Str
                0x0800cc24       0xf8 /tmp/ccUCrx02.ltrans14.ltrans.o
                0x0800cc24                Usart_Send_Str
 .text.shutdown_filesystem
                0x0800cd1c      0x464 /tmp/ccUCrx02.ltrans14.ltrans.o
                0x0800cd1c                shutdown_filesystem
 .text.stm32_spi_rw.constprop.56
                0x0800d180       0x24 /tmp/ccUCrx02.ltrans15.ltrans.o
                0x0800d180                stm32_spi_rw.constprop.56
 .text.disk_write.constprop.53
                0x0800d1a4       0x84 /tmp/ccUCrx02.ltrans15.ltrans.o
                0x0800d1a4                disk_write.constprop.53
 .text.unlikely.disk_read.constprop.52
                0x0800d228       0x60 /tmp/ccUCrx02.ltrans15.ltrans.o
                0x0800d228                disk_read.constprop.52
 .text.unlikely.Set_CSW.constprop.50
                0x0800d288       0x2c /tmp/ccUCrx02.ltrans15.ltrans.o
                0x0800d288                Set_CSW.constprop.50
 .text.dir_next.constprop.30
                0x0800d2b4       0x88 /tmp/ccUCrx02.ltrans15.ltrans.o
                0x0800d2b4                dir_next.constprop.30
 .text.unlikely.f_chdir.constprop.25
                0x0800d33c       0x68 /tmp/ccUCrx02.ltrans15.ltrans.o
                0x0800d33c                f_chdir.constprop.25
 .text.unlikely.f_stat.constprop.23
                0x0800d3a4       0x4c /tmp/ccUCrx02.ltrans15.ltrans.o
                0x0800d3a4                f_stat.constprop.23
 .text.EP1_IN_Callback
                0x0800d3f0       0x88 /tmp/ccUCrx02.ltrans16.ltrans.o
 .text.unlikely.Transfer_Data_Request
                0x0800d478       0x34 /tmp/ccUCrx02.ltrans16.ltrans.o
                0x0800d478                Transfer_Data_Request
 .text.Read_Memory
                0x0800d4ac      0x1b4 /tmp/ccUCrx02.ltrans16.ltrans.o
                0x0800d4ac                Read_Memory
 .text.MASS_init
                0x0800d660      0x14c /tmp/ccUCrx02.ltrans17.ltrans.o
                0x0800d660                MASS_init
 .text          0x0800d7ac       0x3c lib/ARM-GCC/startup_ARMCM3.o
                0x0800d7ac                Reset_Handler
                0x0800d7e6                EXTI2_IRQHandler
                0x0800d7e6                DebugMon_Handler
                0x0800d7e6                TIM1_CC_IRQHandler
                0x0800d7e6                HardFault_Handler
                0x0800d7e6                PVD_IRQHandler
                0x0800d7e6                PendSV_Handler
                0x0800d7e6                NMI_Handler
                0x0800d7e6                EXTI3_IRQHandler
                0x0800d7e6                I2C2_EV_IRQHandler
                0x0800d7e6                UsageFault_Handler
                0x0800d7e6                SPI1_IRQHandler
                0x0800d7e6                TAMPER_IRQHandler
                0x0800d7e6                RTC_IRQHandler
                0x0800d7e6                DMA1_Channel7_IRQHandler
                0x0800d7e6                CAN1_RX1_IRQHandler
                0x0800d7e6                TIM4_IRQHandler
                0x0800d7e6                DMA1_Channel6_IRQHandler
                0x0800d7e6                TIM3_IRQHandler
                0x0800d7e6                RCC_IRQHandler
                0x0800d7e6                TIM1_TRG_COM_IRQHandler
                0x0800d7e6                DMA1_Channel1_IRQHandler
                0x0800d7e6                Default_Handler
                0x0800d7e6                SPI2_IRQHandler
                0x0800d7e6                MemManage_Handler
                0x0800d7e6                SVC_Handler
                0x0800d7e6                DMA1_Channel5_IRQHandler
                0x0800d7e6                EXTI4_IRQHandler
                0x0800d7e6                DMA1_Channel3_IRQHandler
                0x0800d7e6                TIM1_UP_IRQHandler
                0x0800d7e6                WWDG_IRQHandler
                0x0800d7e6                TIM2_IRQHandler
                0x0800d7e6                DEF_IRQHandler
                0x0800d7e6                TIM1_BRK_IRQHandler
                0x0800d7e6                EXTI1_IRQHandler
                0x0800d7e6                RTCAlarm_IRQHandler
                0x0800d7e6                USART2_IRQHandler
                0x0800d7e6                I2C2_ER_IRQHandler
                0x0800d7e6                DMA1_Channel2_IRQHandler
                0x0800d7e6                CAN1_SCE_IRQHandler
                0x0800d7e6                FLASH_IRQHandler
                0x0800d7e6                BusFault_Handler
                0x0800d7e6                USBWakeUp_IRQHandler
 .text.NVIC_PriorityGroupConfig
                0x0800d7e8       0x14 lib/STM32F10x_StdPeriph_Driver/libstm32fw.a(misc.o)
                0x0800d7e8                NVIC_PriorityGroupConfig
 .text.NVIC_Init
                0x0800d7fc       0x68 lib/STM32F10x_StdPeriph_Driver/libstm32fw.a(misc.o)
                0x0800d7fc                NVIC_Init
 .text.NVIC_SetVectorTable
                0x0800d864       0x14 lib/STM32F10x_StdPeriph_Driver/libstm32fw.a(misc.o)
                0x0800d864                NVIC_SetVectorTable
 .text.SysTick_CLKSourceConfig
                0x0800d878       0x18 lib/STM32F10x_StdPeriph_Driver/libstm32fw.a(misc.o)
                0x0800d878                SysTick_CLKSourceConfig
 .text.ADC_DeInit
                0x0800d890       0x5c lib/STM32F10x_StdPeriph_Driver/libstm32fw.a(stm32f10x_adc.o)
                0x0800d890                ADC_DeInit
 .text.ADC_Init
                0x0800d8ec       0x48 lib/STM32F10x_StdPeriph_Driver/libstm32fw.a(stm32f10x_adc.o)
                0x0800d8ec                ADC_Init
 .text.ADC_Cmd  0x0800d934       0x12 lib/STM32F10x_StdPeriph_Driver/libstm32fw.a(stm32f10x_adc.o)
                0x0800d934                ADC_Cmd
 .text.ADC_ITConfig
                0x0800d946       0x12 lib/STM32F10x_StdPeriph_Driver/libstm32fw.a(stm32f10x_adc.o)
                0x0800d946                ADC_ITConfig
 .text.ADC_ResetCalibration
                0x0800d958        0xa lib/STM32F10x_StdPeriph_Driver/libstm32fw.a(stm32f10x_adc.o)
                0x0800d958                ADC_ResetCalibration
 .text.ADC_GetResetCalibrationStatus
                0x0800d962        0x8 lib/STM32F10x_StdPeriph_Driver/libstm32fw.a(stm32f10x_adc.o)
                0x0800d962                ADC_GetResetCalibrationStatus
 .text.ADC_StartCalibration
                0x0800d96a        0xa lib/STM32F10x_StdPeriph_Driver/libstm32fw.a(stm32f10x_adc.o)
                0x0800d96a                ADC_StartCalibration
 .text.ADC_GetCalibrationStatus
                0x0800d974        0x8 lib/STM32F10x_StdPeriph_Driver/libstm32fw.a(stm32f10x_adc.o)
                0x0800d974                ADC_GetCalibrationStatus
 .text.ADC_SoftwareStartConvCmd
                0x0800d97c       0x12 lib/STM32F10x_StdPeriph_Driver/libstm32fw.a(stm32f10x_adc.o)
                0x0800d97c                ADC_SoftwareStartConvCmd
 .text.ADC_RegularChannelConfig
                0x0800d98e       0x9a lib/STM32F10x_StdPeriph_Driver/libstm32fw.a(stm32f10x_adc.o)
                0x0800d98e                ADC_RegularChannelConfig
 .text.ADC_GetConversionValue
                0x0800da28        0x6 lib/STM32F10x_StdPeriph_Driver/libstm32fw.a(stm32f10x_adc.o)
                0x0800da28                ADC_GetConversionValue
 .text.ADC_ExternalTrigInjectedConvConfig
                0x0800da2e        0xc lib/STM32F10x_StdPeriph_Driver/libstm32fw.a(stm32f10x_adc.o)
                0x0800da2e                ADC_ExternalTrigInjectedConvConfig
 .text.ADC_SoftwareStartInjectedConvCmd
                0x0800da3a       0x12 lib/STM32F10x_StdPeriph_Driver/libstm32fw.a(stm32f10x_adc.o)
                0x0800da3a                ADC_SoftwareStartInjectedConvCmd
 .text.ADC_InjectedChannelConfig
                0x0800da4c       0x60 lib/STM32F10x_StdPeriph_Driver/libstm32fw.a(stm32f10x_adc.o)
                0x0800da4c                ADC_InjectedChannelConfig
 .text.ADC_InjectedSequencerLengthConfig
                0x0800daac       0x10 lib/STM32F10x_StdPeriph_Driver/libstm32fw.a(stm32f10x_adc.o)
                0x0800daac                ADC_InjectedSequencerLengthConfig
 .text.ADC_GetInjectedConversionValue
                0x0800dabc       0x1a lib/STM32F10x_StdPeriph_Driver/libstm32fw.a(stm32f10x_adc.o)
                0x0800dabc                ADC_GetInjectedConversionValue
 .text.ADC_AnalogWatchdogCmd
                0x0800dad6       0x10 lib/STM32F10x_StdPeriph_Driver/libstm32fw.a(stm32f10x_adc.o)
                0x0800dad6                ADC_AnalogWatchdogCmd
 .text.ADC_AnalogWatchdogThresholdsConfig
                0x0800dae6        0x6 lib/STM32F10x_StdPeriph_Driver/libstm32fw.a(stm32f10x_adc.o)
                0x0800dae6                ADC_AnalogWatchdogThresholdsConfig
 .text.ADC_AnalogWatchdogSingleChannelConfig
                0x0800daec        0xc lib/STM32F10x_StdPeriph_Driver/libstm32fw.a(stm32f10x_adc.o)
                0x0800daec                ADC_AnalogWatchdogSingleChannelConfig
 .text.ADC_GetFlagStatus
                0x0800daf8        0xc lib/STM32F10x_StdPeriph_Driver/libstm32fw.a(stm32f10x_adc.o)
                0x0800daf8                ADC_GetFlagStatus
 .text.ADC_ClearFlag
                0x0800db04        0x6 lib/STM32F10x_StdPeriph_Driver/libstm32fw.a(stm32f10x_adc.o)
                0x0800db04                ADC_ClearFlag
 .text.ADC_GetITStatus
                0x0800db0a       0x16 lib/STM32F10x_StdPeriph_Driver/libstm32fw.a(stm32f10x_adc.o)
                0x0800db0a                ADC_GetITStatus
 .text.ADC_ClearITPendingBit
                0x0800db20        0x8 lib/STM32F10x_StdPeriph_Driver/libstm32fw.a(stm32f10x_adc.o)
                0x0800db20                ADC_ClearITPendingBit
 .text.BKP_DeInit
                0x0800db28       0x12 lib/STM32F10x_StdPeriph_Driver/libstm32fw.a(stm32f10x_bkp.o)
                0x0800db28                BKP_DeInit
 *fill*         0x0800db3a        0x2 
 .text.BKP_RTCOutputConfig
                0x0800db3c       0x18 lib/STM32F10x_StdPeriph_Driver/libstm32fw.a(stm32f10x_bkp.o)
                0x0800db3c                BKP_RTCOutputConfig
 .text.BKP_SetRTCCalibrationValue
                0x0800db54       0x18 lib/STM32F10x_StdPeriph_Driver/libstm32fw.a(stm32f10x_bkp.o)
                0x0800db54                BKP_SetRTCCalibrationValue
 .text.BKP_WriteBackupRegister
                0x0800db6c       0x1c lib/STM32F10x_StdPeriph_Driver/libstm32fw.a(stm32f10x_bkp.o)
                0x0800db6c                BKP_WriteBackupRegister
 .text.BKP_ReadBackupRegister
                0x0800db88       0x20 lib/STM32F10x_StdPeriph_Driver/libstm32fw.a(stm32f10x_bkp.o)
                0x0800db88                BKP_ReadBackupRegister
 .text.DBGMCU_Config
                0x0800dba8       0x18 lib/STM32F10x_StdPeriph_Driver/libstm32fw.a(stm32f10x_dbgmcu.o)
                0x0800dba8                DBGMCU_Config
 .text.DMA_DeInit
                0x0800dbc0       0xec lib/STM32F10x_StdPeriph_Driver/libstm32fw.a(stm32f10x_dma.o)
                0x0800dbc0                DMA_DeInit
 .text.DMA_Init
                0x0800dcac       0x40 lib/STM32F10x_StdPeriph_Driver/libstm32fw.a(stm32f10x_dma.o)
                0x0800dcac                DMA_Init
 .text.DMA_Cmd  0x0800dcec       0x12 lib/STM32F10x_StdPeriph_Driver/libstm32fw.a(stm32f10x_dma.o)
                0x0800dcec                DMA_Cmd
 .text.DMA_ITConfig
                0x0800dcfe       0x10 lib/STM32F10x_StdPeriph_Driver/libstm32fw.a(stm32f10x_dma.o)
                0x0800dcfe                DMA_ITConfig
 .text.DMA_GetCurrDataCounter
                0x0800dd0e        0x6 lib/STM32F10x_StdPeriph_Driver/libstm32fw.a(stm32f10x_dma.o)
                0x0800dd0e                DMA_GetCurrDataCounter
 .text.DMA_GetFlagStatus
                0x0800dd14       0x1c lib/STM32F10x_StdPeriph_Driver/libstm32fw.a(stm32f10x_dma.o)
                0x0800dd14                DMA_GetFlagStatus
 .text.DMA_ClearFlag
                0x0800dd30       0x14 lib/STM32F10x_StdPeriph_Driver/libstm32fw.a(stm32f10x_dma.o)
                0x0800dd30                DMA_ClearFlag
 .text.DMA_GetITStatus
                0x0800dd44       0x1c lib/STM32F10x_StdPeriph_Driver/libstm32fw.a(stm32f10x_dma.o)
                0x0800dd44                DMA_GetITStatus
 .text.DMA_ClearITPendingBit
                0x0800dd60       0x14 lib/STM32F10x_StdPeriph_Driver/libstm32fw.a(stm32f10x_dma.o)
                0x0800dd60                DMA_ClearITPendingBit
 .text.EXTI_DeInit
                0x0800dd74       0x1c lib/STM32F10x_StdPeriph_Driver/libstm32fw.a(stm32f10x_exti.o)
                0x0800dd74                EXTI_DeInit
 .text.EXTI_Init
                0x0800dd90       0x88 lib/STM32F10x_StdPeriph_Driver/libstm32fw.a(stm32f10x_exti.o)
                0x0800dd90                EXTI_Init
 .text.EXTI_GenerateSWInterrupt
                0x0800de18       0x10 lib/STM32F10x_StdPeriph_Driver/libstm32fw.a(stm32f10x_exti.o)
                0x0800de18                EXTI_GenerateSWInterrupt
 .text.EXTI_GetITStatus
                0x0800de28       0x20 lib/STM32F10x_StdPeriph_Driver/libstm32fw.a(stm32f10x_exti.o)
                0x0800de28                EXTI_GetITStatus
 .text.EXTI_ClearITPendingBit
                0x0800de48        0xc lib/STM32F10x_StdPeriph_Driver/libstm32fw.a(stm32f10x_exti.o)
                0x0800de48                EXTI_ClearITPendingBit
 .text.GPIO_Init
                0x0800de54       0x9a lib/STM32F10x_StdPeriph_Driver/libstm32fw.a(stm32f10x_gpio.o)
                0x0800de54                GPIO_Init
 .text.GPIO_StructInit
                0x0800deee       0x10 lib/STM32F10x_StdPeriph_Driver/libstm32fw.a(stm32f10x_gpio.o)
                0x0800deee                GPIO_StructInit
 .text.GPIO_ReadInputDataBit
                0x0800defe        0xc lib/STM32F10x_StdPeriph_Driver/libstm32fw.a(stm32f10x_gpio.o)
                0x0800defe                GPIO_ReadInputDataBit
 .text.GPIO_SetBits
                0x0800df0a        0x4 lib/STM32F10x_StdPeriph_Driver/libstm32fw.a(stm32f10x_gpio.o)
                0x0800df0a                GPIO_SetBits
 .text.GPIO_ResetBits
                0x0800df0e        0x4 lib/STM32F10x_StdPeriph_Driver/libstm32fw.a(stm32f10x_gpio.o)
                0x0800df0e                GPIO_ResetBits
 .text.GPIO_WriteBit
                0x0800df12        0xa lib/STM32F10x_StdPeriph_Driver/libstm32fw.a(stm32f10x_gpio.o)
                0x0800df12                GPIO_WriteBit
 .text.GPIO_PinRemapConfig
                0x0800df1c       0x58 lib/STM32F10x_StdPeriph_Driver/libstm32fw.a(stm32f10x_gpio.o)
                0x0800df1c                GPIO_PinRemapConfig
 .text.GPIO_EXTILineConfig
                0x0800df74       0x34 lib/STM32F10x_StdPeriph_Driver/libstm32fw.a(stm32f10x_gpio.o)
                0x0800df74                GPIO_EXTILineConfig
 .text.I2C_DeInit
                0x0800dfa8       0x34 lib/STM32F10x_StdPeriph_Driver/libstm32fw.a(stm32f10x_i2c.o)
                0x0800dfa8                I2C_DeInit
 .text.I2C_Init
                0x0800dfdc       0xd4 lib/STM32F10x_StdPeriph_Driver/libstm32fw.a(stm32f10x_i2c.o)
                0x0800dfdc                I2C_Init
 .text.I2C_Cmd  0x0800e0b0       0x18 lib/STM32F10x_StdPeriph_Driver/libstm32fw.a(stm32f10x_i2c.o)
                0x0800e0b0                I2C_Cmd
 .text.I2C_GenerateSTART
                0x0800e0c8       0x18 lib/STM32F10x_StdPeriph_Driver/libstm32fw.a(stm32f10x_i2c.o)
                0x0800e0c8                I2C_GenerateSTART
 .text.I2C_GenerateSTOP
                0x0800e0e0       0x18 lib/STM32F10x_StdPeriph_Driver/libstm32fw.a(stm32f10x_i2c.o)
                0x0800e0e0                I2C_GenerateSTOP
 .text.I2C_AcknowledgeConfig
                0x0800e0f8       0x18 lib/STM32F10x_StdPeriph_Driver/libstm32fw.a(stm32f10x_i2c.o)
                0x0800e0f8                I2C_AcknowledgeConfig
 .text.I2C_ITConfig
                0x0800e110       0x12 lib/STM32F10x_StdPeriph_Driver/libstm32fw.a(stm32f10x_i2c.o)
                0x0800e110                I2C_ITConfig
 .text.I2C_SendData
                0x0800e122        0x4 lib/STM32F10x_StdPeriph_Driver/libstm32fw.a(stm32f10x_i2c.o)
                0x0800e122                I2C_SendData
 .text.I2C_ReceiveData
                0x0800e126        0x6 lib/STM32F10x_StdPeriph_Driver/libstm32fw.a(stm32f10x_i2c.o)
                0x0800e126                I2C_ReceiveData
 .text.I2C_Send7bitAddress
                0x0800e12c       0x10 lib/STM32F10x_StdPeriph_Driver/libstm32fw.a(stm32f10x_i2c.o)
                0x0800e12c                I2C_Send7bitAddress
 .text.I2C_SoftwareResetCmd
                0x0800e13c       0x18 lib/STM32F10x_StdPeriph_Driver/libstm32fw.a(stm32f10x_i2c.o)
                0x0800e13c                I2C_SoftwareResetCmd
 .text.IWDG_WriteAccessCmd
                0x0800e154        0xc lib/STM32F10x_StdPeriph_Driver/libstm32fw.a(stm32f10x_iwdg.o)
                0x0800e154                IWDG_WriteAccessCmd
 .text.IWDG_SetPrescaler
                0x0800e160        0xc lib/STM32F10x_StdPeriph_Driver/libstm32fw.a(stm32f10x_iwdg.o)
                0x0800e160                IWDG_SetPrescaler
 .text.IWDG_SetReload
                0x0800e16c        0xc lib/STM32F10x_StdPeriph_Driver/libstm32fw.a(stm32f10x_iwdg.o)
                0x0800e16c                IWDG_SetReload
 .text.IWDG_ReloadCounter
                0x0800e178       0x10 lib/STM32F10x_StdPeriph_Driver/libstm32fw.a(stm32f10x_iwdg.o)
                0x0800e178                IWDG_ReloadCounter
 .text.IWDG_Enable
                0x0800e188       0x10 lib/STM32F10x_StdPeriph_Driver/libstm32fw.a(stm32f10x_iwdg.o)
                0x0800e188                IWDG_Enable
 .text.PWR_DeInit
                0x0800e198       0x1a lib/STM32F10x_StdPeriph_Driver/libstm32fw.a(stm32f10x_pwr.o)
                0x0800e198                PWR_DeInit
 *fill*         0x0800e1b2        0x2 
 .text.PWR_BackupAccessCmd
                0x0800e1b4        0xc lib/STM32F10x_StdPeriph_Driver/libstm32fw.a(stm32f10x_pwr.o)
                0x0800e1b4                PWR_BackupAccessCmd
 .text.PWR_WakeUpPinCmd
                0x0800e1c0        0xc lib/STM32F10x_StdPeriph_Driver/libstm32fw.a(stm32f10x_pwr.o)
                0x0800e1c0                PWR_WakeUpPinCmd
 .text.PWR_EnterSTANDBYMode
                0x0800e1cc       0x28 lib/STM32F10x_StdPeriph_Driver/libstm32fw.a(stm32f10x_pwr.o)
                0x0800e1cc                PWR_EnterSTANDBYMode
 .text.RCC_HCLKConfig
                0x0800e1f4       0x14 lib/STM32F10x_StdPeriph_Driver/libstm32fw.a(stm32f10x_rcc.o)
                0x0800e1f4                RCC_HCLKConfig
 .text.RCC_USBCLKConfig
                0x0800e208        0xc lib/STM32F10x_StdPeriph_Driver/libstm32fw.a(stm32f10x_rcc.o)
                0x0800e208                RCC_USBCLKConfig
 .text.RCC_ADCCLKConfig
                0x0800e214       0x14 lib/STM32F10x_StdPeriph_Driver/libstm32fw.a(stm32f10x_rcc.o)
                0x0800e214                RCC_ADCCLKConfig
 .text.RCC_LSEConfig
                0x0800e228       0x20 lib/STM32F10x_StdPeriph_Driver/libstm32fw.a(stm32f10x_rcc.o)
                0x0800e228                RCC_LSEConfig
 .text.RCC_RTCCLKConfig
                0x0800e248       0x10 lib/STM32F10x_StdPeriph_Driver/libstm32fw.a(stm32f10x_rcc.o)
                0x0800e248                RCC_RTCCLKConfig
 .text.RCC_RTCCLKCmd
                0x0800e258        0xc lib/STM32F10x_StdPeriph_Driver/libstm32fw.a(stm32f10x_rcc.o)
                0x0800e258                RCC_RTCCLKCmd
 .text.RCC_GetClocksFreq
                0x0800e264       0x9c lib/STM32F10x_StdPeriph_Driver/libstm32fw.a(stm32f10x_rcc.o)
                0x0800e264                RCC_GetClocksFreq
 .text.RCC_AHBPeriphClockCmd
                0x0800e300       0x18 lib/STM32F10x_StdPeriph_Driver/libstm32fw.a(stm32f10x_rcc.o)
                0x0800e300                RCC_AHBPeriphClockCmd
 .text.RCC_APB2PeriphClockCmd
                0x0800e318       0x18 lib/STM32F10x_StdPeriph_Driver/libstm32fw.a(stm32f10x_rcc.o)
                0x0800e318                RCC_APB2PeriphClockCmd
 .text.RCC_APB1PeriphClockCmd
                0x0800e330       0x18 lib/STM32F10x_StdPeriph_Driver/libstm32fw.a(stm32f10x_rcc.o)
                0x0800e330                RCC_APB1PeriphClockCmd
 .text.RCC_APB2PeriphResetCmd
                0x0800e348       0x18 lib/STM32F10x_StdPeriph_Driver/libstm32fw.a(stm32f10x_rcc.o)
                0x0800e348                RCC_APB2PeriphResetCmd
 .text.RCC_APB1PeriphResetCmd
                0x0800e360       0x18 lib/STM32F10x_StdPeriph_Driver/libstm32fw.a(stm32f10x_rcc.o)
                0x0800e360                RCC_APB1PeriphResetCmd
 .text.RCC_BackupResetCmd
                0x0800e378        0xc lib/STM32F10x_StdPeriph_Driver/libstm32fw.a(stm32f10x_rcc.o)
                0x0800e378                RCC_BackupResetCmd
 .text.RCC_GetFlagStatus
                0x0800e384       0x28 lib/STM32F10x_StdPeriph_Driver/libstm32fw.a(stm32f10x_rcc.o)
                0x0800e384                RCC_GetFlagStatus
 .text.RTC_EnterConfigMode
                0x0800e3ac       0x14 lib/STM32F10x_StdPeriph_Driver/libstm32fw.a(stm32f10x_rtc.o)
                0x0800e3ac                RTC_EnterConfigMode
 .text.RTC_ExitConfigMode
                0x0800e3c0       0x14 lib/STM32F10x_StdPeriph_Driver/libstm32fw.a(stm32f10x_rtc.o)
                0x0800e3c0                RTC_ExitConfigMode
 .text.RTC_GetCounter
                0x0800e3d4       0x14 lib/STM32F10x_StdPeriph_Driver/libstm32fw.a(stm32f10x_rtc.o)
                0x0800e3d4                RTC_GetCounter
 .text.RTC_SetCounter
                0x0800e3e8       0x20 lib/STM32F10x_StdPeriph_Driver/libstm32fw.a(stm32f10x_rtc.o)
                0x0800e3e8                RTC_SetCounter
 .text.RTC_SetPrescaler
                0x0800e408       0x20 lib/STM32F10x_StdPeriph_Driver/libstm32fw.a(stm32f10x_rtc.o)
                0x0800e408                RTC_SetPrescaler
 .text.RTC_WaitForLastTask
                0x0800e428       0x14 lib/STM32F10x_StdPeriph_Driver/libstm32fw.a(stm32f10x_rtc.o)
                0x0800e428                RTC_WaitForLastTask
 .text.RTC_WaitForSynchro
                0x0800e43c       0x24 lib/STM32F10x_StdPeriph_Driver/libstm32fw.a(stm32f10x_rtc.o)
                0x0800e43c                RTC_WaitForSynchro
 .text.SPI_Init
                0x0800e460       0x3e lib/STM32F10x_StdPeriph_Driver/libstm32fw.a(stm32f10x_spi.o)
                0x0800e460                SPI_Init
 .text.SPI_StructInit
                0x0800e49e       0x18 lib/STM32F10x_StdPeriph_Driver/libstm32fw.a(stm32f10x_spi.o)
                0x0800e49e                SPI_StructInit
 .text.SPI_Cmd  0x0800e4b6       0x18 lib/STM32F10x_StdPeriph_Driver/libstm32fw.a(stm32f10x_spi.o)
                0x0800e4b6                SPI_Cmd
 .text.SPI_I2S_DMACmd
                0x0800e4ce       0x12 lib/STM32F10x_StdPeriph_Driver/libstm32fw.a(stm32f10x_spi.o)
                0x0800e4ce                SPI_I2S_DMACmd
 .text.SPI_I2S_SendData
                0x0800e4e0        0x4 lib/STM32F10x_StdPeriph_Driver/libstm32fw.a(stm32f10x_spi.o)
                0x0800e4e0                SPI_I2S_SendData
 .text.SPI_I2S_ReceiveData
                0x0800e4e4        0x6 lib/STM32F10x_StdPeriph_Driver/libstm32fw.a(stm32f10x_spi.o)
                0x0800e4e4                SPI_I2S_ReceiveData
 .text.SPI_CalculateCRC
                0x0800e4ea       0x18 lib/STM32F10x_StdPeriph_Driver/libstm32fw.a(stm32f10x_spi.o)
                0x0800e4ea                SPI_CalculateCRC
 .text.SPI_I2S_GetFlagStatus
                0x0800e502        0xc lib/STM32F10x_StdPeriph_Driver/libstm32fw.a(stm32f10x_spi.o)
                0x0800e502                SPI_I2S_GetFlagStatus
 *fill*         0x0800e50e        0x2 
 .text.TIM_DeInit
                0x0800e510       0xc8 lib/STM32F10x_StdPeriph_Driver/libstm32fw.a(stm32f10x_tim.o)
                0x0800e510                TIM_DeInit
 .text.TIM_TimeBaseInit
                0x0800e5d8       0x3c lib/STM32F10x_StdPeriph_Driver/libstm32fw.a(stm32f10x_tim.o)
                0x0800e5d8                TIM_TimeBaseInit
 .text.TIM_OC4Init
                0x0800e614       0x68 lib/STM32F10x_StdPeriph_Driver/libstm32fw.a(stm32f10x_tim.o)
                0x0800e614                TIM_OC4Init
 .text.TIM_Cmd  0x0800e67c       0x18 lib/STM32F10x_StdPeriph_Driver/libstm32fw.a(stm32f10x_tim.o)
                0x0800e67c                TIM_Cmd
 .text.TIM_OC4PreloadConfig
                0x0800e694       0x14 lib/STM32F10x_StdPeriph_Driver/libstm32fw.a(stm32f10x_tim.o)
                0x0800e694                TIM_OC4PreloadConfig
 .text.USART_DeInit
                0x0800e6a8       0x98 lib/STM32F10x_StdPeriph_Driver/libstm32fw.a(stm32f10x_usart.o)
                0x0800e6a8                USART_DeInit
 .text.USART_Init
                0x0800e740       0x88 lib/STM32F10x_StdPeriph_Driver/libstm32fw.a(stm32f10x_usart.o)
                0x0800e740                USART_Init
 .text.USART_Cmd
                0x0800e7c8       0x18 lib/STM32F10x_StdPeriph_Driver/libstm32fw.a(stm32f10x_usart.o)
                0x0800e7c8                USART_Cmd
 .text.USART_ITConfig
                0x0800e7e0       0x34 lib/STM32F10x_StdPeriph_Driver/libstm32fw.a(stm32f10x_usart.o)
                0x0800e7e0                USART_ITConfig
 .text.USART_DMACmd
                0x0800e814       0x12 lib/STM32F10x_StdPeriph_Driver/libstm32fw.a(stm32f10x_usart.o)
                0x0800e814                USART_DMACmd
 .text.USART_SendData
                0x0800e826        0x8 lib/STM32F10x_StdPeriph_Driver/libstm32fw.a(stm32f10x_usart.o)
                0x0800e826                USART_SendData
 .text.USART_ReceiveData
                0x0800e82e        0x8 lib/STM32F10x_StdPeriph_Driver/libstm32fw.a(stm32f10x_usart.o)
                0x0800e82e                USART_ReceiveData
 .text.USART_GetFlagStatus
                0x0800e836        0xc lib/STM32F10x_StdPeriph_Driver/libstm32fw.a(stm32f10x_usart.o)
                0x0800e836                USART_GetFlagStatus
 .text.USART_GetITStatus
                0x0800e842       0x40 lib/STM32F10x_StdPeriph_Driver/libstm32fw.a(stm32f10x_usart.o)
                0x0800e842                USART_GetITStatus
 .text.USART_ClearITPendingBit
                0x0800e882       0x10 lib/STM32F10x_StdPeriph_Driver/libstm32fw.a(stm32f10x_usart.o)
                0x0800e882                USART_ClearITPendingBit
 *fill*         0x0800e892        0x2 
 .text.Standard_GetConfiguration
                0x0800e894       0x24 lib/STM32_USB-FS-Device_Driver/libstm32usb.a(usb_core.o)
                0x0800e894                Standard_GetConfiguration
 .text.Standard_GetInterface
                0x0800e8b8       0x24 lib/STM32_USB-FS-Device_Driver/libstm32usb.a(usb_core.o)
                0x0800e8b8                Standard_GetInterface
 .text.Standard_GetStatus
                0x0800e8dc       0x9c lib/STM32_USB-FS-Device_Driver/libstm32usb.a(usb_core.o)
                0x0800e8dc                Standard_GetStatus
 .text.DataStageIn
                0x0800e978       0xa4 lib/STM32_USB-FS-Device_Driver/libstm32usb.a(usb_core.o)
 .text.Standard_SetConfiguration
                0x0800ea1c       0x38 lib/STM32_USB-FS-Device_Driver/libstm32usb.a(usb_core.o)
                0x0800ea1c                Standard_SetConfiguration
 .text.Standard_SetInterface
                0x0800ea54       0x48 lib/STM32_USB-FS-Device_Driver/libstm32usb.a(usb_core.o)
                0x0800ea54                Standard_SetInterface
 .text.Standard_ClearFeature
                0x0800ea9c       0xdc lib/STM32_USB-FS-Device_Driver/libstm32usb.a(usb_core.o)
                0x0800ea9c                Standard_ClearFeature
 .text.Standard_SetEndPointFeature
                0x0800eb78       0x8c lib/STM32_USB-FS-Device_Driver/libstm32usb.a(usb_core.o)
                0x0800eb78                Standard_SetEndPointFeature
 .text.Standard_SetDeviceFeature
                0x0800ec04       0x24 lib/STM32_USB-FS-Device_Driver/libstm32usb.a(usb_core.o)
                0x0800ec04                Standard_SetDeviceFeature
 .text.Standard_GetDescriptorData
                0x0800ec28       0x1c lib/STM32_USB-FS-Device_Driver/libstm32usb.a(usb_core.o)
                0x0800ec28                Standard_GetDescriptorData
 .text.Post0_Process
                0x0800ec44       0x40 lib/STM32_USB-FS-Device_Driver/libstm32usb.a(usb_core.o)
                0x0800ec44                Post0_Process
 .text.Out0_Process
                0x0800ec84       0xd4 lib/STM32_USB-FS-Device_Driver/libstm32usb.a(usb_core.o)
                0x0800ec84                Out0_Process
 .text.Setup0_Process
                0x0800ed58      0x2f8 lib/STM32_USB-FS-Device_Driver/libstm32usb.a(usb_core.o)
                0x0800ed58                Setup0_Process
 .text.SetDeviceAddress
                0x0800f050       0x40 lib/STM32_USB-FS-Device_Driver/libstm32usb.a(usb_core.o)
                0x0800f050                SetDeviceAddress
 .text.In0_Process
                0x0800f090       0x60 lib/STM32_USB-FS-Device_Driver/libstm32usb.a(usb_core.o)
                0x0800f090                In0_Process
 .text.NOP_Process
                0x0800f0f0        0x2 lib/STM32_USB-FS-Device_Driver/libstm32usb.a(usb_core.o)
                0x0800f0f0                NOP_Process
 *fill*         0x0800f0f2        0x2 
 .text.USB_Init
                0x0800f0f4       0x38 lib/STM32_USB-FS-Device_Driver/libstm32usb.a(usb_init.o)
                0x0800f0f4                USB_Init
 .text.CTR_LP   0x0800f12c      0x190 lib/STM32_USB-FS-Device_Driver/libstm32usb.a(usb_int.o)
                0x0800f12c                CTR_LP
 .text.CTR_HP   0x0800f2bc       0x74 lib/STM32_USB-FS-Device_Driver/libstm32usb.a(usb_int.o)
                0x0800f2bc                CTR_HP
 .text.UserToPMABufferCopy
                0x0800f330       0x2e lib/STM32_USB-FS-Device_Driver/libstm32usb.a(usb_mem.o)
                0x0800f330                UserToPMABufferCopy
 .text.PMAToUserBufferCopy
                0x0800f35e       0x24 lib/STM32_USB-FS-Device_Driver/libstm32usb.a(usb_mem.o)
                0x0800f35e                PMAToUserBufferCopy
 *fill*         0x0800f382        0x2 
 .text.SetBTABLE
                0x0800f384       0x10 lib/STM32_USB-FS-Device_Driver/libstm32usb.a(usb_regs.o)
                0x0800f384                SetBTABLE
 .text.SetEPType
                0x0800f394       0x18 lib/STM32_USB-FS-Device_Driver/libstm32usb.a(usb_regs.o)
                0x0800f394                SetEPType
 .text.SetEPTxStatus
                0x0800f3ac       0x3a lib/STM32_USB-FS-Device_Driver/libstm32usb.a(usb_regs.o)
                0x0800f3ac                SetEPTxStatus
 .text.SetEPRxStatus
                0x0800f3e6       0x3a lib/STM32_USB-FS-Device_Driver/libstm32usb.a(usb_regs.o)
                0x0800f3e6                SetEPRxStatus
 .text.SetEPRxValid
                0x0800f420       0x22 lib/STM32_USB-FS-Device_Driver/libstm32usb.a(usb_regs.o)
                0x0800f420                SetEPRxValid
 .text.Clear_Status_Out
                0x0800f442       0x1e lib/STM32_USB-FS-Device_Driver/libstm32usb.a(usb_regs.o)
                0x0800f442                Clear_Status_Out
 .text.ClearDTOG_RX
                0x0800f460       0x24 lib/STM32_USB-FS-Device_Driver/libstm32usb.a(usb_regs.o)
                0x0800f460                ClearDTOG_RX
 .text.ClearDTOG_TX
                0x0800f484       0x24 lib/STM32_USB-FS-Device_Driver/libstm32usb.a(usb_regs.o)
                0x0800f484                ClearDTOG_TX
 .text.SetEPTxAddr
                0x0800f4a8       0x20 lib/STM32_USB-FS-Device_Driver/libstm32usb.a(usb_regs.o)
                0x0800f4a8                SetEPTxAddr
 .text.SetEPRxAddr
                0x0800f4c8       0x20 lib/STM32_USB-FS-Device_Driver/libstm32usb.a(usb_regs.o)
                0x0800f4c8                SetEPRxAddr
 .text.GetEPTxAddr
                0x0800f4e8       0x1c lib/STM32_USB-FS-Device_Driver/libstm32usb.a(usb_regs.o)
                0x0800f4e8                GetEPTxAddr
 .text.GetEPRxAddr
                0x0800f504       0x1c lib/STM32_USB-FS-Device_Driver/libstm32usb.a(usb_regs.o)
                0x0800f504                GetEPRxAddr
 .text.SetEPTxCount
                0x0800f520       0x1c lib/STM32_USB-FS-Device_Driver/libstm32usb.a(usb_regs.o)
                0x0800f520                SetEPTxCount
 .text.SetEPRxCount
                0x0800f53c       0x3c lib/STM32_USB-FS-Device_Driver/libstm32usb.a(usb_regs.o)
                0x0800f53c                SetEPRxCount
 .text.GetEPRxCount
                0x0800f578       0x20 lib/STM32_USB-FS-Device_Driver/libstm32usb.a(usb_regs.o)
                0x0800f578                GetEPRxCount
 .text.ByteSwap
                0x0800f598        0xa lib/STM32_USB-FS-Device_Driver/libstm32usb.a(usb_regs.o)
                0x0800f598                ByteSwap
 *fill*         0x0800f5a2        0x2 
 .text.USB_SIL_Init
                0x0800f5a4       0x20 lib/STM32_USB-FS-Device_Driver/libstm32usb.a(usb_sil.o)
                0x0800f5a4                USB_SIL_Init
 .text.USB_SIL_Write
                0x0800f5c4       0x28 lib/STM32_USB-FS-Device_Driver/libstm32usb.a(usb_sil.o)
                0x0800f5c4                USB_SIL_Write
 .text.USB_SIL_Read
                0x0800f5ec       0x24 lib/STM32_USB-FS-Device_Driver/libstm32usb.a(usb_sil.o)
                0x0800f5ec                USB_SIL_Read
 .text.exit     0x0800f610       0x28 /home/laurence/ARM-GCC/bin/../lib/gcc/arm-none-eabi/5.3.1/../../../../arm-none-eabi/lib/armv7-m/libg_nano.a(lib_a-exit.o)
                0x0800f610                exit
 .text.__libc_init_array
                0x0800f638       0x4c /home/laurence/ARM-GCC/bin/../lib/gcc/arm-none-eabi/5.3.1/../../../../arm-none-eabi/lib/armv7-m/libg_nano.a(lib_a-init.o)
                0x0800f638                __libc_init_array
 .text.memset   0x0800f684       0x10 /home/laurence/ARM-GCC/bin/../lib/gcc/arm-none-eabi/5.3.1/../../../../arm-none-eabi/lib/armv7-m/libg_nano.a(lib_a-memset.o)
                0x0800f684                memset
 .text.srand    0x0800f694       0x50 /home/laurence/ARM-GCC/bin/../lib/gcc/arm-none-eabi/5.3.1/../../../../arm-none-eabi/lib/armv7-m/libg_nano.a(lib_a-rand.o)
                0x0800f694                srand
 .text.rand     0x0800f6e4       0x74 /home/laurence/ARM-GCC/bin/../lib/gcc/arm-none-eabi/5.3.1/../../../../arm-none-eabi/lib/armv7-m/libg_nano.a(lib_a-rand.o)
                0x0800f6e4                rand
 .text.malloc   0x0800f758       0x10 /home/laurence/ARM-GCC/bin/../lib/gcc/arm-none-eabi/5.3.1/../../../../arm-none-eabi/lib/armv7-m/libg_nano.a(lib_a-malloc.o)
                0x0800f758                malloc
 .text._malloc_r
                0x0800f768       0xa8 /home/laurence/ARM-GCC/bin/../lib/gcc/arm-none-eabi/5.3.1/../../../../arm-none-eabi/lib/armv7-m/libg_nano.a(lib_a-nano-mallocr.o)
                0x0800f768                _malloc_r
 .text._sbrk_r  0x0800f810       0x20 /home/laurence/ARM-GCC/bin/../lib/gcc/arm-none-eabi/5.3.1/../../../../arm-none-eabi/lib/armv7-m/libg_nano.a(lib_a-sbrkr.o)
                0x0800f810                _sbrk_r
 .text._sbrk    0x0800f830       0x1c /home/laurence/ARM-GCC/bin/../lib/gcc/arm-none-eabi/5.3.1/../../../../arm-none-eabi/lib/armv7-m/libnosys.a(sbrk.o)
                0x0800f830                _sbrk
 .text._exit    0x0800f84c        0x4 /home/laurence/ARM-GCC/bin/../lib/gcc/arm-none-eabi/5.3.1/../../../../arm-none-eabi/lib/armv7-m/libnosys.a(_exit.o)
                0x0800f84c                _exit
 .text.roundf   0x0800f850       0x48 /home/laurence/ARM-GCC/bin/../lib/gcc/arm-none-eabi/5.3.1/../../../../arm-none-eabi/lib/armv7-m/libm.a(lib_a-sf_round.o)
                0x0800f850                roundf
 .text.sinf     0x0800f898       0x7c /home/laurence/ARM-GCC/bin/../lib/gcc/arm-none-eabi/5.3.1/../../../../arm-none-eabi/lib/armv7-m/libm.a(lib_a-sf_sin.o)
                0x0800f898                sinf
 .text.atan2    0x0800f914        0x4 /home/laurence/ARM-GCC/bin/../lib/gcc/arm-none-eabi/5.3.1/../../../../arm-none-eabi/lib/armv7-m/libm.a(lib_a-w_atan2.o)
                0x0800f914                atan2
 .text.acosf    0x0800f918       0xa4 /home/laurence/ARM-GCC/bin/../lib/gcc/arm-none-eabi/5.3.1/../../../../arm-none-eabi/lib/armv7-m/libm.a(lib_a-wf_acos.o)
                0x0800f918                acosf
 .text.atan2f   0x0800f9bc        0x4 /home/laurence/ARM-GCC/bin/../lib/gcc/arm-none-eabi/5.3.1/../../../../arm-none-eabi/lib/armv7-m/libm.a(lib_a-wf_atan2.o)
                0x0800f9bc                atan2f
 .text.sqrtf    0x0800f9c0       0x9c /home/laurence/ARM-GCC/bin/../lib/gcc/arm-none-eabi/5.3.1/../../../../arm-none-eabi/lib/armv7-m/libm.a(lib_a-wf_sqrt.o)
                0x0800f9c0                sqrtf
 *fill*         0x0800fa5c        0x4 
 .text.__ieee754_atan2
                0x0800fa60      0x194 /home/laurence/ARM-GCC/bin/../lib/gcc/arm-none-eabi/5.3.1/../../../../arm-none-eabi/lib/armv7-m/libm.a(lib_a-e_atan2.o)
                0x0800fa60                __ieee754_atan2
 .text.__ieee754_acosf
                0x0800fbf4      0x2c8 /home/laurence/ARM-GCC/bin/../lib/gcc/arm-none-eabi/5.3.1/../../../../arm-none-eabi/lib/armv7-m/libm.a(lib_a-ef_acos.o)
                0x0800fbf4                __ieee754_acosf
 .text.__ieee754_atan2f
                0x0800febc      0x124 /home/laurence/ARM-GCC/bin/../lib/gcc/arm-none-eabi/5.3.1/../../../../arm-none-eabi/lib/armv7-m/libm.a(lib_a-ef_atan2.o)
                0x0800febc                __ieee754_atan2f
 .text.__ieee754_rem_pio2f
                0x0800ffe0      0x2e4 /home/laurence/ARM-GCC/bin/../lib/gcc/arm-none-eabi/5.3.1/../../../../arm-none-eabi/lib/armv7-m/libm.a(lib_a-ef_rem_pio2.o)
                0x0800ffe0                __ieee754_rem_pio2f
 .text.__ieee754_sqrtf
                0x080102c4       0xa8 /home/laurence/ARM-GCC/bin/../lib/gcc/arm-none-eabi/5.3.1/../../../../arm-none-eabi/lib/armv7-m/libm.a(lib_a-ef_sqrt.o)
                0x080102c4                __ieee754_sqrtf
 .text.__kernel_cosf
                0x0801036c      0x188 /home/laurence/ARM-GCC/bin/../lib/gcc/arm-none-eabi/5.3.1/../../../../arm-none-eabi/lib/armv7-m/libm.a(lib_a-kf_cos.o)
                0x0801036c                __kernel_cosf
 .text.__kernel_rem_pio2f
                0x080104f4      0x6a8 /home/laurence/ARM-GCC/bin/../lib/gcc/arm-none-eabi/5.3.1/../../../../arm-none-eabi/lib/armv7-m/libm.a(lib_a-kf_rem_pio2.o)
                0x080104f4                __kernel_rem_pio2f
 .text.__kernel_sinf
                0x08010b9c       0xec /home/laurence/ARM-GCC/bin/../lib/gcc/arm-none-eabi/5.3.1/../../../../arm-none-eabi/lib/armv7-m/libm.a(lib_a-kf_sin.o)
                0x08010b9c                __kernel_sinf
 .text.atan     0x08010c88      0x33c /home/laurence/ARM-GCC/bin/../lib/gcc/arm-none-eabi/5.3.1/../../../../arm-none-eabi/lib/armv7-m/libm.a(lib_a-s_atan.o)
                0x08010c88                atan
 .text.fabs     0x08010fc4        0x8 /home/laurence/ARM-GCC/bin/../lib/gcc/arm-none-eabi/5.3.1/../../../../arm-none-eabi/lib/armv7-m/libm.a(lib_a-s_fabs.o)
                0x08010fc4                fabs
 .text.matherr  0x08010fcc        0x4 /home/laurence/ARM-GCC/bin/../lib/gcc/arm-none-eabi/5.3.1/../../../../arm-none-eabi/lib/armv7-m/libm.a(lib_a-s_matherr.o)
                0x08010fcc                matherr
 .text.nan      0x08010fd0        0xc /home/laurence/ARM-GCC/bin/../lib/gcc/arm-none-eabi/5.3.1/../../../../arm-none-eabi/lib/armv7-m/libm.a(lib_a-s_nan.o)
                0x08010fd0                nan
 .text.atanf    0x08010fdc      0x22c /home/laurence/ARM-GCC/bin/../lib/gcc/arm-none-eabi/5.3.1/../../../../arm-none-eabi/lib/armv7-m/libm.a(lib_a-sf_atan.o)
                0x08010fdc                atanf
 .text.fabsf    0x08011208        0x8 /home/laurence/ARM-GCC/bin/../lib/gcc/arm-none-eabi/5.3.1/../../../../arm-none-eabi/lib/armv7-m/libm.a(lib_a-sf_fabs.o)
                0x08011208                fabsf
 .text.floorf   0x08011210       0x8c /home/laurence/ARM-GCC/bin/../lib/gcc/arm-none-eabi/5.3.1/../../../../arm-none-eabi/lib/armv7-m/libm.a(lib_a-sf_floor.o)
                0x08011210                floorf
 .text.scalbnf  0x0801129c       0xb0 /home/laurence/ARM-GCC/bin/../lib/gcc/arm-none-eabi/5.3.1/../../../../arm-none-eabi/lib/armv7-m/libm.a(lib_a-sf_scalbn.o)
                0x0801129c                scalbnf
 .text.copysignf
                0x0801134c        0xc /home/laurence/ARM-GCC/bin/../lib/gcc/arm-none-eabi/5.3.1/../../../../arm-none-eabi/lib/armv7-m/libm.a(lib_a-sf_copysign.o)
                0x0801134c                copysignf
 .text          0x08011358      0x370 /home/laurence/ARM-GCC/bin/../lib/gcc/arm-none-eabi/5.3.1/armv7-m/libgcc.a(_arm_addsubdf3.o)
                0x08011358                __aeabi_drsub
                0x08011360                __aeabi_dsub
                0x08011360                __subdf3
                0x08011364                __adddf3
                0x08011364                __aeabi_dadd
                0x080115dc                __aeabi_ui2d
                0x080115dc                __floatunsidf
                0x080115fc                __floatsidf
                0x080115fc                __aeabi_i2d
                0x08011620                __extendsfdf2
                0x08011620                __aeabi_f2d
                0x0801165c                __aeabi_ul2d
                0x0801165c                __floatundidf
                0x0801166c                __floatdidf
                0x0801166c                __aeabi_l2d
 .text          0x080116c8      0x424 /home/laurence/ARM-GCC/bin/../lib/gcc/arm-none-eabi/5.3.1/armv7-m/libgcc.a(_arm_muldivdf3.o)
                0x080116c8                __aeabi_dmul
                0x080116c8                __muldf3
                0x0801191c                __aeabi_ddiv
                0x0801191c                __divdf3
 .text          0x08011aec      0x110 /home/laurence/ARM-GCC/bin/../lib/gcc/arm-none-eabi/5.3.1/armv7-m/libgcc.a(_arm_cmpdf2.o)
                0x08011aec                __gtdf2
                0x08011aec                __gedf2
                0x08011af4                __ltdf2
                0x08011af4                __ledf2
                0x08011afc                __cmpdf2
                0x08011afc                __eqdf2
                0x08011afc                __nedf2
                0x08011b78                __aeabi_cdrcmple
                0x08011b88                __aeabi_cdcmple
                0x08011b88                __aeabi_cdcmpeq
                0x08011b98                __aeabi_dcmpeq
                0x08011bac                __aeabi_dcmplt
                0x08011bc0                __aeabi_dcmple
                0x08011bd4                __aeabi_dcmpge
                0x08011be8                __aeabi_dcmpgt
 .text          0x08011bfc       0x50 /home/laurence/ARM-GCC/bin/../lib/gcc/arm-none-eabi/5.3.1/armv7-m/libgcc.a(_arm_fixdfsi.o)
                0x08011bfc                __fixdfsi
                0x08011bfc                __aeabi_d2iz
 .text          0x08011c4c       0x40 /home/laurence/ARM-GCC/bin/../lib/gcc/arm-none-eabi/5.3.1/armv7-m/libgcc.a(_arm_fixunsdfsi.o)
                0x08011c4c                __fixunsdfsi
                0x08011c4c                __aeabi_d2uiz
 .text          0x08011c8c       0xa0 /home/laurence/ARM-GCC/bin/../lib/gcc/arm-none-eabi/5.3.1/armv7-m/libgcc.a(_arm_truncdfsf2.o)
                0x08011c8c                __aeabi_d2f
                0x08011c8c                __truncdfsf2
 .text          0x08011d2c      0x21c /home/laurence/ARM-GCC/bin/../lib/gcc/arm-none-eabi/5.3.1/armv7-m/libgcc.a(_arm_addsubsf3.o)
                0x08011d2c                __aeabi_frsub
                0x08011d34                __subsf3
                0x08011d34                __aeabi_fsub
                0x08011d38                __aeabi_fadd
                0x08011d38                __addsf3
                0x08011e98                __aeabi_ui2f
                0x08011e98                __floatunsisf
                0x08011ea0                __aeabi_i2f
                0x08011ea0                __floatsisf
                0x08011ebc                __floatundisf
                0x08011ebc                __aeabi_ul2f
                0x08011ecc                __floatdisf
                0x08011ecc                __aeabi_l2f
 .text          0x08011f48      0x2a0 /home/laurence/ARM-GCC/bin/../lib/gcc/arm-none-eabi/5.3.1/armv7-m/libgcc.a(_arm_muldivsf3.o)
                0x08011f48                __mulsf3
                0x08011f48                __aeabi_fmul
                0x080120b0                __divsf3
                0x080120b0                __aeabi_fdiv
 .text          0x080121e8       0xec /home/laurence/ARM-GCC/bin/../lib/gcc/arm-none-eabi/5.3.1/armv7-m/libgcc.a(_arm_cmpsf2.o)
                0x080121e8                __gtsf2
                0x080121e8                __gesf2
                0x080121f0                __lesf2
                0x080121f0                __ltsf2
                0x080121f8                __nesf2
                0x080121f8                __eqsf2
                0x080121f8                __cmpsf2
                0x08012258                __aeabi_cfrcmple
                0x08012260                __aeabi_cfcmple
                0x08012260                __aeabi_cfcmpeq
                0x08012270                __aeabi_fcmpeq
                0x08012284                __aeabi_fcmplt
                0x08012298                __aeabi_fcmple
                0x080122ac                __aeabi_fcmpge
                0x080122c0                __aeabi_fcmpgt
 .text          0x080122d4       0x2c /home/laurence/ARM-GCC/bin/../lib/gcc/arm-none-eabi/5.3.1/armv7-m/libgcc.a(_arm_unordsf2.o)
                0x080122d4                __aeabi_fcmpun
                0x080122d4                __unordsf2
 .text          0x08012300       0x4c /home/laurence/ARM-GCC/bin/../lib/gcc/arm-none-eabi/5.3.1/armv7-m/libgcc.a(_arm_fixsfsi.o)
                0x08012300                __fixsfsi
                0x08012300                __aeabi_f2iz
 .text          0x0801234c       0x40 /home/laurence/ARM-GCC/bin/../lib/gcc/arm-none-eabi/5.3.1/armv7-m/libgcc.a(_arm_fixunssfsi.o)
                0x0801234c                __aeabi_f2uiz
                0x0801234c                __fixunssfsi
 .text.__errno  0x0801238c        0xc /home/laurence/ARM-GCC/bin/../lib/gcc/arm-none-eabi/5.3.1/../../../../arm-none-eabi/lib/armv7-m/libg_nano.a(lib_a-errno.o)
                0x0801238c                __errno
 .text.memcmp   0x08012398       0x1e /home/laurence/ARM-GCC/bin/../lib/gcc/arm-none-eabi/5.3.1/../../../../arm-none-eabi/lib/armv7-m/libg_nano.a(lib_a-memcmp.o)
                0x08012398                memcmp
 .text.memcpy   0x080123b6       0x16 /home/laurence/ARM-GCC/bin/../lib/gcc/arm-none-eabi/5.3.1/../../../../arm-none-eabi/lib/armv7-m/libg_nano.a(lib_a-memcpy-stub.o)
                0x080123b6                memcpy
 .text          0x080123cc       0x10 /home/laurence/ARM-GCC/bin/../lib/gcc/arm-none-eabi/5.3.1/../../../../arm-none-eabi/lib/armv7-m/libg_nano.a(lib_a-strlen.o)
                0x080123cc                strlen
 *(.init)
 .init          0x080123dc        0x4 /home/laurence/ARM-GCC/bin/../lib/gcc/arm-none-eabi/5.3.1/armv7-m/crti.o
                0x080123dc                _init
 .init          0x080123e0        0x8 /home/laurence/ARM-GCC/bin/../lib/gcc/arm-none-eabi/5.3.1/armv7-m/crtn.o
 *(.fini)
 .fini          0x080123e8        0x4 /home/laurence/ARM-GCC/bin/../lib/gcc/arm-none-eabi/5.3.1/armv7-m/crti.o
                0x080123e8                _fini
 .fini          0x080123ec        0x8 /home/laurence/ARM-GCC/bin/../lib/gcc/arm-none-eabi/5.3.1/armv7-m/crtn.o
 *crtbegin.o(.ctors)
 *crtbegin?.o(.ctors)
 *(EXCLUDE_FILE(*crtend.o *crtend?.o) .ctors)
 *(SORT(.ctors.*))
 *(.ctors)
 *crtbegin.o(.dtors)
 *crtbegin?.o(.dtors)
 *(EXCLUDE_FILE(*crtend.o *crtend?.o) .dtors)
 *(SORT(.dtors.*))
 *(.dtors)
 *(.rodata*)
 .rodata        0x080123f4       0xb8 /tmp/ccUCrx02.ltrans0.ltrans.o
                0x0801249c                DaysInMonth.lto_priv.97
                0x080124a8                SystemFrequency
 .rodata.str1.4
                0x080124ac      0x402 /tmp/ccUCrx02.ltrans0.ltrans.o
                                0x40e (size before relaxing)
 *fill*         0x080128ae        0x2 
 .rodata        0x080128b0      0x180 /tmp/ccUCrx02.ltrans3.ltrans.o
 .rodata.str1.4
                0x08012a30       0x13 /tmp/ccUCrx02.ltrans3.ltrans.o
 *fill*         0x08012a43        0x1 
 .rodata.str1.4
                0x08012a44        0x6 /tmp/ccUCrx02.ltrans4.ltrans.o
 *fill*         0x08012a4a        0x2 
 .rodata        0x08012a4c      0x3d0 /tmp/ccUCrx02.ltrans5.ltrans.o
                0x08012a4c                LfnOfs.lto_priv.101
 .rodata.str1.4
                0x08012e1c        0x9 /tmp/ccUCrx02.ltrans9.ltrans.o
 *fill*         0x08012e25        0x3 
 .rodata        0x08012e28       0xac /tmp/ccUCrx02.ltrans12.ltrans.o
 .rodata.str1.4
                0x08012ed4        0x9 /tmp/ccUCrx02.ltrans15.ltrans.o
 .rodata.str1.1
                0x08012ed4        0x2 /home/laurence/ARM-GCC/bin/../lib/gcc/arm-none-eabi/5.3.1/../../../../arm-none-eabi/lib/armv7-m/libg_nano.a(lib_a-impure.o)
 *fill*         0x08012ed6        0x2 
 .rodata._global_impure_ptr
                0x08012ed8        0x4 /home/laurence/ARM-GCC/bin/../lib/gcc/arm-none-eabi/5.3.1/../../../../arm-none-eabi/lib/armv7-m/libg_nano.a(lib_a-impure.o)
                0x08012ed8                _global_impure_ptr
 .rodata.str1.4
                0x08012edc        0x6 /home/laurence/ARM-GCC/bin/../lib/gcc/arm-none-eabi/5.3.1/../../../../arm-none-eabi/lib/armv7-m/libm.a(lib_a-wf_acos.o)
                                  0x9 (size before relaxing)
 *fill*         0x08012ee2        0x2 
 .rodata.str1.4
                0x08012ee4        0x8 /home/laurence/ARM-GCC/bin/../lib/gcc/arm-none-eabi/5.3.1/../../../../arm-none-eabi/lib/armv7-m/libm.a(lib_a-wf_sqrt.o)
                                  0x6 (size before relaxing)
 .rodata.npio2_hw
                0x08012eec       0x80 /home/laurence/ARM-GCC/bin/../lib/gcc/arm-none-eabi/5.3.1/../../../../arm-none-eabi/lib/armv7-m/libm.a(lib_a-ef_rem_pio2.o)
 .rodata.two_over_pi
                0x08012f6c      0x318 /home/laurence/ARM-GCC/bin/../lib/gcc/arm-none-eabi/5.3.1/../../../../arm-none-eabi/lib/armv7-m/libm.a(lib_a-ef_rem_pio2.o)
 .rodata.init_jk
                0x08013284        0xc /home/laurence/ARM-GCC/bin/../lib/gcc/arm-none-eabi/5.3.1/../../../../arm-none-eabi/lib/armv7-m/libm.a(lib_a-kf_rem_pio2.o)
 .rodata.PIo2   0x08013290       0x2c /home/laurence/ARM-GCC/bin/../lib/gcc/arm-none-eabi/5.3.1/../../../../arm-none-eabi/lib/armv7-m/libm.a(lib_a-kf_rem_pio2.o)
 *fill*         0x080132bc        0x4 
 .rodata.atanlo
                0x080132c0       0x20 /home/laurence/ARM-GCC/bin/../lib/gcc/arm-none-eabi/5.3.1/../../../../arm-none-eabi/lib/armv7-m/libm.a(lib_a-s_atan.o)
 .rodata.atanhi
                0x080132e0       0x20 /home/laurence/ARM-GCC/bin/../lib/gcc/arm-none-eabi/5.3.1/../../../../arm-none-eabi/lib/armv7-m/libm.a(lib_a-s_atan.o)
 .rodata.atanlo
                0x08013300       0x10 /home/laurence/ARM-GCC/bin/../lib/gcc/arm-none-eabi/5.3.1/../../../../arm-none-eabi/lib/armv7-m/libm.a(lib_a-sf_atan.o)
 .rodata.atanhi
                0x08013310       0x10 /home/laurence/ARM-GCC/bin/../lib/gcc/arm-none-eabi/5.3.1/../../../../arm-none-eabi/lib/armv7-m/libm.a(lib_a-sf_atan.o)
 *(.eh_frame*)
 .eh_frame      0x08013320        0x0 /home/laurence/ARM-GCC/bin/../lib/gcc/arm-none-eabi/5.3.1/armv7-m/crtbegin.o
 .eh_frame      0x08013320        0x4 /home/laurence/ARM-GCC/bin/../lib/gcc/arm-none-eabi/5.3.1/armv7-m/crtend.o

.glue_7         0x08013324        0x0
 .glue_7        0x08013324        0x0 linker stubs

.glue_7t        0x08013324        0x0
 .glue_7t       0x08013324        0x0 linker stubs

.vfp11_veneer   0x08013324        0x0
 .vfp11_veneer  0x08013324        0x0 linker stubs

.v4_bx          0x08013324        0x0
 .v4_bx         0x08013324        0x0 linker stubs

.iplt           0x08013324        0x0
 .iplt          0x08013324        0x0 /home/laurence/ARM-GCC/bin/../lib/gcc/arm-none-eabi/5.3.1/armv7-m/crtbegin.o

.ARM.extab
 *(.ARM.extab* .gnu.linkonce.armextab.*)
                0x08013324                __exidx_start = .

.ARM.exidx      0x08013324        0x8
 *(.ARM.exidx* .gnu.linkonce.armexidx.*)
 .ARM.exidx     0x08013324        0x8 /home/laurence/ARM-GCC/bin/../lib/gcc/arm-none-eabi/5.3.1/../../../../arm-none-eabi/lib/armv7-m/crt0.o
                0x0801332c                __exidx_end = .
                0x0801332c                __etext = .

.rel.dyn        0x0801332c        0x0
 .rel.iplt      0x0801332c        0x0 /home/laurence/ARM-GCC/bin/../lib/gcc/arm-none-eabi/5.3.1/armv7-m/crtbegin.o

.data           0x20000000      0x268 load address 0x0801332c
                0x20000000                __data_start__ = .
 *(vtable)
 *(.data*)
 .data          0x20000000        0x9 /tmp/ccUCrx02.ltrans0.ltrans.o
                0x20000008                SP1ML_network_address
 *fill*         0x20000009        0x3 
 .data          0x2000000c       0x7c /tmp/ccUCrx02.ltrans1.ltrans.o
                0x2000006c                pEpInt_OUT
 .data          0x20000088        0x3 /tmp/ccUCrx02.ltrans2.ltrans.o
                0x20000088                RLD_replaced.lto_priv.86
 *fill*         0x2000008b        0x1 
 .data          0x2000008c        0x2 /tmp/ccUCrx02.ltrans6.ltrans.o
 .data          0x2000008e        0x1 /tmp/ccUCrx02.ltrans8.ltrans.o
                0x2000008e                rtc_correction
 *fill*         0x2000008f        0x1 
 .data          0x20000090       0x24 /tmp/ccUCrx02.ltrans9.ltrans.o
 .data          0x200000b4       0x12 /tmp/ccUCrx02.ltrans11.ltrans.o
                0x200000b4                Scsi_Sense_Data
 *fill*         0x200000c6        0x2 
 .data          0x200000c8       0x76 /tmp/ccUCrx02.ltrans12.ltrans.o
                0x20000100                User_Standard_Requests
                0x20000124                MASS_StringSerial
 *fill*         0x2000013e        0x2 
 .data          0x20000140       0x7d /tmp/ccUCrx02.ltrans13.ltrans.o
                0x20000140                Device_Property
                0x20000174                I2C_jobs
 .data          0x200001bd        0x1 /tmp/ccUCrx02.ltrans15.ltrans.o
                0x200001bd                Stat.lto_priv.68
 *fill*         0x200001be        0x2 
 .data          0x200001c0       0x20 /tmp/ccUCrx02.ltrans16.ltrans.o
                0x200001c0                Device_Table
                0x200001c4                pEpInt_IN
 .data.ADCPrescTable
                0x200001e0        0x4 lib/STM32F10x_StdPeriph_Driver/libstm32fw.a(stm32f10x_rcc.o)
 .data.APBAHBPrescTable
                0x200001e4       0x10 lib/STM32F10x_StdPeriph_Driver/libstm32fw.a(stm32f10x_rcc.o)
 .data.impure_data
                0x200001f4       0x60 /home/laurence/ARM-GCC/bin/../lib/gcc/arm-none-eabi/5.3.1/../../../../arm-none-eabi/lib/armv7-m/libg_nano.a(lib_a-impure.o)
 .data._impure_ptr
                0x20000254        0x4 /home/laurence/ARM-GCC/bin/../lib/gcc/arm-none-eabi/5.3.1/../../../../arm-none-eabi/lib/armv7-m/libg_nano.a(lib_a-impure.o)
                0x20000254                _impure_ptr
 .data.__fdlib_version
                0x20000258        0x1 /home/laurence/ARM-GCC/bin/../lib/gcc/arm-none-eabi/5.3.1/../../../../arm-none-eabi/lib/armv7-m/libm.a(lib_a-s_lib_ver.o)
                0x20000258                __fdlib_version
                0x2000025c                . = ALIGN (0x4)
 *fill*         0x20000259        0x3 
                0x2000025c                PROVIDE (__preinit_array_start, .)
 *(.preinit_array)
                0x2000025c                PROVIDE (__preinit_array_end, .)
                0x2000025c                . = ALIGN (0x4)
                0x2000025c                PROVIDE (__init_array_start, .)
 *(SORT(.init_array.*))
 *(.init_array)
 .init_array    0x2000025c        0x4 /home/laurence/ARM-GCC/bin/../lib/gcc/arm-none-eabi/5.3.1/armv7-m/crtbegin.o
                0x20000260                PROVIDE (__init_array_end, .)
                0x20000260                . = ALIGN (0x4)
                [!provide]                PROVIDE (__fini_array_start, .)
 *(SORT(.fini_array.*))
 *(.fini_array)
 .fini_array    0x20000260        0x4 /home/laurence/ARM-GCC/bin/../lib/gcc/arm-none-eabi/5.3.1/armv7-m/crtbegin.o
                [!provide]                PROVIDE (__fini_array_end, .)
 *(.jcr*)
 .jcr           0x20000264        0x0 /home/laurence/ARM-GCC/bin/../lib/gcc/arm-none-eabi/5.3.1/armv7-m/crtbegin.o
 .jcr           0x20000264        0x4 /home/laurence/ARM-GCC/bin/../lib/gcc/arm-none-eabi/5.3.1/armv7-m/crtend.o
                0x20000268                . = ALIGN (0x4)
                0x20000268                __data_end__ = .

.igot.plt       0x20000268        0x0 load address 0x08013594
 .igot.plt      0x20000268        0x0 /home/laurence/ARM-GCC/bin/../lib/gcc/arm-none-eabi/5.3.1/armv7-m/crtbegin.o

.bss            0x20000268     0x161c load address 0x08013598
                0x20000268                . = ALIGN (0x4)
                0x20000268                __bss_start__ = .
 *(.bss*)
 .bss           0x20000268       0x1c /home/laurence/ARM-GCC/bin/../lib/gcc/arm-none-eabi/5.3.1/armv7-m/crtbegin.o
 *fill*         0x20000284        0x4 
 .bss           0x20000288      0x6e8 /tmp/ccUCrx02.ltrans0.ltrans.o
                0x200006b0                bootsource
                0x200006b8                rputchar.lto_priv.94
                0x200006bc                Status
                0x200006c0                Data_Buffer
                0x200006c4                bDeviceState
                0x200006c8                Battery_Voltage
                0x200006cc                Jobs
                0x200006e8                file_opened
                0x200006ec                PI_glob
                0x20000704                I_limits
                0x20000710                flashCodeEnabled
                0x2000071c                GPS_telem
                0x2000072c                flashCode
                0x20000731                SP1ML_state
                0x20000735                System_state_Global
                0x20000736                Shutdown_System
                0x2000096c                FatFs.lto_priv.99
 .bss           0x20000970       0x18 /tmp/ccUCrx02.ltrans1.ltrans.o
                0x20000978                SCSI_LBA
                0x2000097c                SCSI_BlkLen
 .bss           0x20000988      0x581 /tmp/ccUCrx02.ltrans2.ltrans.o
                0x20000988                Usart1_tx_buff
                0x20000d0c                rld_sense.lto_priv.88
                0x20000d12                rld_replace_counter.lto_priv.87
                0x20000d14                Completed_Jobs
                0x20000d18                IMU_buff
                0x20000db8                LSM9DS1_Gyro_Buffer
                0x20000dc4                LSM9DS1_Acc_Buffer
                0x20000dcc                LSM9DS1_Mag_Buffer
                0x20000dd4                I2C1error
                0x20000dde                I2C_failure
                0x20000ea0                Filtered_ECG
                0x20000eb4                SP1ML_tx_rx_state
                0x20000ec0                SP1ML_tx_sequence_number
                0x20000ec4                Usart3_rx_buff
                0x20000ed4                RN42_tx_sequence_number
                0x20000ed8                Usart1_rx_buff
                0x20000ef4                Usart3_tx_buff
                0x20000f04                SP1ML_tx_bytes
                0x20000f08                SP1ML_withold
 *fill*         0x20000f09        0x1 
 .bss           0x20000f0a        0x2 /tmp/ccUCrx02.ltrans3.ltrans.o
 .bss           0x20000f0c       0x80 /tmp/ccUCrx02.ltrans4.ltrans.o
 .bss           0x20000f8c      0x32c /tmp/ccUCrx02.ltrans8.ltrans.o
                0x20000f8c                FATFS_wavfile
                0x200011b0                LSM9DS1_Mag_Offset
                0x200011b8                Gps_Buffer
                0x200011c4                wct.lto_priv.71
                0x200011c6                channel_wct_conf.lto_priv.70
                0x200011c7                ADS1298_Error_Status
                0x200011c8                Enable.lto_priv.73
                0x200011cc                ECG_buffers
                0x2000124c                Gain.lto_priv.79
                0x2000124d                Actual_gain.lto_priv.76
                0x2000124e                Cap.lto_priv.75
                0x2000124f                quality_mask.lto_priv.72
                0x20001250                qualityfilter.lto_priv.74
                0x20001270                old_wct.lto_priv.78
                0x20001274                Millis
                0x20001278                old_quality_mask.lto_priv.77
                0x20001284                Gps
                0x200012b7                read_transaction.lto_priv.69
 .bss           0x200012b8        0xc /tmp/ccUCrx02.ltrans9.ltrans.o
 .bss           0x200012c4        0x4 /tmp/ccUCrx02.ltrans10.ltrans.o
 .bss           0x200012c8       0x20 /tmp/ccUCrx02.ltrans11.ltrans.o
                0x200012c8                CBW
 .bss           0x200012e8       0x6e /tmp/ccUCrx02.ltrans12.ltrans.o
                0x200012e8                Max_Lun
                0x200012ec                Mass_Block_Count
                0x200012f4                Mass_Block_Size
                0x200012fc                Data_Len
                0x20001304                TransferState
                0x20001314                Bulk_Data_Buff
 *fill*         0x20001356        0x2 
 .bss           0x20001358       0x15 /tmp/ccUCrx02.ltrans13.ltrans.o
                0x20001358                wIstr
                0x2000135c                Timer1.lto_priv.96
 *fill*         0x2000136d        0x3 
 .bss           0x20001370      0x44d /tmp/ccUCrx02.ltrans14.ltrans.o
                0x20001374                FATFS_wavfile_gps
                0x20001598                FATFS_wavfile_imu
                0x200017bc                CurrVol.lto_priv.98
 *fill*         0x200017bd        0x3 
 .bss           0x200017c0       0x60 /tmp/ccUCrx02.ltrans15.ltrans.o
                0x200017c0                CardType.lto_priv.95
                0x200017c1                Sd_Spi_Called_From_USB_MSC
                0x200017c4                CSW
                0x200017d4                Bot_State
                0x200017d8                print_string
                0x200017fc                FATFS_info
                0x2000181c                Timer2.lto_priv.92
 .bss           0x20001820       0x14 /tmp/ccUCrx02.ltrans16.ltrans.o
 .bss.Data_Mul_MaxPacketSize
                0x20001834        0x1 lib/STM32_USB-FS-Device_Driver/libstm32usb.a(usb_core.o)
                0x20001834                Data_Mul_MaxPacketSize
 *fill*         0x20001835        0x3 
 .bss.__malloc_sbrk_start
                0x20001838        0x4 /home/laurence/ARM-GCC/bin/../lib/gcc/arm-none-eabi/5.3.1/../../../../arm-none-eabi/lib/armv7-m/libg_nano.a(lib_a-nano-mallocr.o)
                0x20001838                __malloc_sbrk_start
 .bss.__malloc_free_list
                0x2000183c        0x4 /home/laurence/ARM-GCC/bin/../lib/gcc/arm-none-eabi/5.3.1/../../../../arm-none-eabi/lib/armv7-m/libg_nano.a(lib_a-nano-mallocr.o)
                0x2000183c                __malloc_free_list
 .bss.heap_end.4167
                0x20001840        0x4 /home/laurence/ARM-GCC/bin/../lib/gcc/arm-none-eabi/5.3.1/../../../../arm-none-eabi/lib/armv7-m/libnosys.a(sbrk.o)
 *(COMMON)
 COMMON         0x20001844        0x2 lib/STM32_USB-FS-Device_Driver/libstm32usb.a(usb_core.o)
                0x20001844                StatusInfo
 *fill*         0x20001846        0x2 
 COMMON         0x20001848       0x32 lib/STM32_USB-FS-Device_Driver/libstm32usb.a(usb_init.o)
                0x20001848                SaveState
                0x2000184c                pProperty
                0x20001850                EPindex
                0x20001854                Device_Info
                0x20001870                pUser_Standard_Requests
                0x20001874                pInformation
                0x20001878                wInterrupt_Mask
 COMMON         0x2000187a        0x4 lib/STM32_USB-FS-Device_Driver/libstm32usb.a(usb_int.o)
                0x2000187a                SaveRState
                0x2000187c                SaveTState
 *fill*         0x2000187e        0x2 
 COMMON         0x20001880        0x4 /home/laurence/ARM-GCC/bin/../lib/gcc/arm-none-eabi/5.3.1/../../../../arm-none-eabi/lib/armv7-m/libg_nano.a(lib_a-reent.o)
                0x20001880                errno
                0x20001884                . = ALIGN (0x4)
                0x20001884                __bss_end__ = .

.heap           0x20001888        0x0
                0x20001888                __end__ = .
                0x20001888                end = __end__
 *(.heap*)
 .heap          0x20001888        0x0 lib/ARM-GCC/startup_ARMCM3.o
                0x20001888                __HeapLimit = .

.stack_dummy    0x20001888      0xc00
 *(.stack*)
 .stack         0x20001888      0xc00 lib/ARM-GCC/startup_ARMCM3.o
                0x20005000                __StackTop = (ORIGIN (RAM) + LENGTH (RAM))
                0x20004400                __StackLimit = (__StackTop - SIZEOF (.stack_dummy))
                0x20005000                PROVIDE (__stack, __StackTop)
                0x00000001                ASSERT ((__StackLimit >= __HeapLimit), region RAM overflowed with stack)
OUTPUT(main.elf elf32-littlearm)

.ARM.attributes
                0x00000000       0x29
 .ARM.attributes
                0x00000000       0x1d /home/laurence/ARM-GCC/bin/../lib/gcc/arm-none-eabi/5.3.1/armv7-m/crti.o
 .ARM.attributes
                0x0000001d       0x2d /home/laurence/ARM-GCC/bin/../lib/gcc/arm-none-eabi/5.3.1/armv7-m/crtbegin.o
 .ARM.attributes
                0x0000004a       0x1b /home/laurence/ARM-GCC/bin/../lib/gcc/arm-none-eabi/5.3.1/../../../../arm-none-eabi/lib/armv7-m/crt0.o
 .ARM.attributes
                0x00000065       0x31 /tmp/ccUCrx02.ltrans0.ltrans.o
 .ARM.attributes
                0x00000096       0x31 /tmp/ccUCrx02.ltrans1.ltrans.o
 .ARM.attributes
                0x000000c7       0x31 /tmp/ccUCrx02.ltrans2.ltrans.o
 .ARM.attributes
                0x000000f8       0x31 /tmp/ccUCrx02.ltrans3.ltrans.o
 .ARM.attributes
                0x00000129       0x31 /tmp/ccUCrx02.ltrans4.ltrans.o
 .ARM.attributes
                0x0000015a       0x31 /tmp/ccUCrx02.ltrans5.ltrans.o
 .ARM.attributes
                0x0000018b       0x31 /tmp/ccUCrx02.ltrans6.ltrans.o
 .ARM.attributes
                0x000001bc       0x31 /tmp/ccUCrx02.ltrans7.ltrans.o
 .ARM.attributes
                0x000001ed       0x31 /tmp/ccUCrx02.ltrans8.ltrans.o
 .ARM.attributes
                0x0000021e       0x31 /tmp/ccUCrx02.ltrans9.ltrans.o
 .ARM.attributes
                0x0000024f       0x31 /tmp/ccUCrx02.ltrans10.ltrans.o
 .ARM.attributes
                0x00000280       0x31 /tmp/ccUCrx02.ltrans11.ltrans.o
 .ARM.attributes
                0x000002b1       0x31 /tmp/ccUCrx02.ltrans12.ltrans.o
 .ARM.attributes
                0x000002e2       0x31 /tmp/ccUCrx02.ltrans13.ltrans.o
 .ARM.attributes
                0x00000313       0x31 /tmp/ccUCrx02.ltrans14.ltrans.o
 .ARM.attributes
                0x00000344       0x31 /tmp/ccUCrx02.ltrans15.ltrans.o
 .ARM.attributes
                0x00000375       0x31 /tmp/ccUCrx02.ltrans16.ltrans.o
 .ARM.attributes
                0x000003a6       0x31 /tmp/ccUCrx02.ltrans17.ltrans.o
 .ARM.attributes
                0x000003d7       0x1b lib/ARM-GCC/startup_ARMCM3.o
 .ARM.attributes
                0x000003f2       0x33 lib/STM32F10x_StdPeriph_Driver/libstm32fw.a(misc.o)
 .ARM.attributes
                0x00000425       0x33 lib/STM32F10x_StdPeriph_Driver/libstm32fw.a(stm32f10x_adc.o)
 .ARM.attributes
                0x00000458       0x33 lib/STM32F10x_StdPeriph_Driver/libstm32fw.a(stm32f10x_bkp.o)
 .ARM.attributes
                0x0000048b       0x33 lib/STM32F10x_StdPeriph_Driver/libstm32fw.a(stm32f10x_dbgmcu.o)
 .ARM.attributes
                0x000004be       0x33 lib/STM32F10x_StdPeriph_Driver/libstm32fw.a(stm32f10x_dma.o)
 .ARM.attributes
                0x000004f1       0x33 lib/STM32F10x_StdPeriph_Driver/libstm32fw.a(stm32f10x_exti.o)
 .ARM.attributes
                0x00000524       0x33 lib/STM32F10x_StdPeriph_Driver/libstm32fw.a(stm32f10x_gpio.o)
 .ARM.attributes
                0x00000557       0x33 lib/STM32F10x_StdPeriph_Driver/libstm32fw.a(stm32f10x_i2c.o)
 .ARM.attributes
                0x0000058a       0x33 lib/STM32F10x_StdPeriph_Driver/libstm32fw.a(stm32f10x_iwdg.o)
 .ARM.attributes
                0x000005bd       0x33 lib/STM32F10x_StdPeriph_Driver/libstm32fw.a(stm32f10x_pwr.o)
 .ARM.attributes
                0x000005f0       0x33 lib/STM32F10x_StdPeriph_Driver/libstm32fw.a(stm32f10x_rcc.o)
 .ARM.attributes
                0x00000623       0x33 lib/STM32F10x_StdPeriph_Driver/libstm32fw.a(stm32f10x_rtc.o)
 .ARM.attributes
                0x00000656       0x33 lib/STM32F10x_StdPeriph_Driver/libstm32fw.a(stm32f10x_spi.o)
 .ARM.attributes
                0x00000689       0x33 lib/STM32F10x_StdPeriph_Driver/libstm32fw.a(stm32f10x_tim.o)
 .ARM.attributes
                0x000006bc       0x33 lib/STM32F10x_StdPeriph_Driver/libstm32fw.a(stm32f10x_usart.o)
 .ARM.attributes
                0x000006ef       0x33 lib/STM32_USB-FS-Device_Driver/libstm32usb.a(usb_core.o)
 .ARM.attributes
                0x00000722       0x33 lib/STM32_USB-FS-Device_Driver/libstm32usb.a(usb_init.o)
 .ARM.attributes
                0x00000755       0x33 lib/STM32_USB-FS-Device_Driver/libstm32usb.a(usb_int.o)
 .ARM.attributes
                0x00000788       0x33 lib/STM32_USB-FS-Device_Driver/libstm32usb.a(usb_mem.o)
 .ARM.attributes
                0x000007bb       0x33 lib/STM32_USB-FS-Device_Driver/libstm32usb.a(usb_regs.o)
 .ARM.attributes
                0x000007ee       0x33 lib/STM32_USB-FS-Device_Driver/libstm32usb.a(usb_sil.o)
 .ARM.attributes
                0x00000821       0x2d /home/laurence/ARM-GCC/bin/../lib/gcc/arm-none-eabi/5.3.1/../../../../arm-none-eabi/lib/armv7-m/libg_nano.a(lib_a-exit.o)
 .ARM.attributes
                0x0000084e       0x2d /home/laurence/ARM-GCC/bin/../lib/gcc/arm-none-eabi/5.3.1/../../../../arm-none-eabi/lib/armv7-m/libg_nano.a(lib_a-impure.o)
 .ARM.attributes
                0x0000087b       0x2d /home/laurence/ARM-GCC/bin/../lib/gcc/arm-none-eabi/5.3.1/../../../../arm-none-eabi/lib/armv7-m/libg_nano.a(lib_a-init.o)
 .ARM.attributes
                0x000008a8       0x2d /home/laurence/ARM-GCC/bin/../lib/gcc/arm-none-eabi/5.3.1/../../../../arm-none-eabi/lib/armv7-m/libg_nano.a(lib_a-memset.o)
 .ARM.attributes
                0x000008d5       0x2d /home/laurence/ARM-GCC/bin/../lib/gcc/arm-none-eabi/5.3.1/../../../../arm-none-eabi/lib/armv7-m/libg_nano.a(lib_a-rand.o)
 .ARM.attributes
                0x00000902       0x2d /home/laurence/ARM-GCC/bin/../lib/gcc/arm-none-eabi/5.3.1/../../../../arm-none-eabi/lib/armv7-m/libg_nano.a(lib_a-malloc.o)
 .ARM.attributes
                0x0000092f       0x2d /home/laurence/ARM-GCC/bin/../lib/gcc/arm-none-eabi/5.3.1/../../../../arm-none-eabi/lib/armv7-m/libg_nano.a(lib_a-nano-mallocr.o)
 .ARM.attributes
                0x0000095c       0x2d /home/laurence/ARM-GCC/bin/../lib/gcc/arm-none-eabi/5.3.1/../../../../arm-none-eabi/lib/armv7-m/libg_nano.a(lib_a-sbrkr.o)
 .ARM.attributes
                0x00000989       0x2d /home/laurence/ARM-GCC/bin/../lib/gcc/arm-none-eabi/5.3.1/../../../../arm-none-eabi/lib/armv7-m/libg_nano.a(lib_a-reent.o)
 .ARM.attributes
                0x000009b6       0x2d /home/laurence/ARM-GCC/bin/../lib/gcc/arm-none-eabi/5.3.1/../../../../arm-none-eabi/lib/armv7-m/libnosys.a(sbrk.o)
 .ARM.attributes
                0x000009e3       0x2d /home/laurence/ARM-GCC/bin/../lib/gcc/arm-none-eabi/5.3.1/../../../../arm-none-eabi/lib/armv7-m/libnosys.a(_exit.o)
 .ARM.attributes
                0x00000a10       0x2d /home/laurence/ARM-GCC/bin/../lib/gcc/arm-none-eabi/5.3.1/armv7-m/crtend.o
 .ARM.attributes
                0x00000a3d       0x1d /home/laurence/ARM-GCC/bin/../lib/gcc/arm-none-eabi/5.3.1/armv7-m/crtn.o
 .ARM.attributes
                0x00000a5a       0x2d /home/laurence/ARM-GCC/bin/../lib/gcc/arm-none-eabi/5.3.1/../../../../arm-none-eabi/lib/armv7-m/libm.a(lib_a-sf_round.o)
 .ARM.attributes
                0x00000a87       0x2d /home/laurence/ARM-GCC/bin/../lib/gcc/arm-none-eabi/5.3.1/../../../../arm-none-eabi/lib/armv7-m/libm.a(lib_a-sf_sin.o)
 .ARM.attributes
                0x00000ab4       0x2d /home/laurence/ARM-GCC/bin/../lib/gcc/arm-none-eabi/5.3.1/../../../../arm-none-eabi/lib/armv7-m/libm.a(lib_a-w_atan2.o)
 .ARM.attributes
                0x00000ae1       0x2d /home/laurence/ARM-GCC/bin/../lib/gcc/arm-none-eabi/5.3.1/../../../../arm-none-eabi/lib/armv7-m/libm.a(lib_a-wf_acos.o)
 .ARM.attributes
                0x00000b0e       0x2d /home/laurence/ARM-GCC/bin/../lib/gcc/arm-none-eabi/5.3.1/../../../../arm-none-eabi/lib/armv7-m/libm.a(lib_a-wf_atan2.o)
 .ARM.attributes
                0x00000b3b       0x2d /home/laurence/ARM-GCC/bin/../lib/gcc/arm-none-eabi/5.3.1/../../../../arm-none-eabi/lib/armv7-m/libm.a(lib_a-wf_sqrt.o)
 .ARM.attributes
                0x00000b68       0x2d /home/laurence/ARM-GCC/bin/../lib/gcc/arm-none-eabi/5.3.1/../../../../arm-none-eabi/lib/armv7-m/libm.a(lib_a-e_atan2.o)
 .ARM.attributes
                0x00000b95       0x2d /home/laurence/ARM-GCC/bin/../lib/gcc/arm-none-eabi/5.3.1/../../../../arm-none-eabi/lib/armv7-m/libm.a(lib_a-ef_acos.o)
 .ARM.attributes
                0x00000bc2       0x2d /home/laurence/ARM-GCC/bin/../lib/gcc/arm-none-eabi/5.3.1/../../../../arm-none-eabi/lib/armv7-m/libm.a(lib_a-ef_atan2.o)
 .ARM.attributes
                0x00000bef       0x2d /home/laurence/ARM-GCC/bin/../lib/gcc/arm-none-eabi/5.3.1/../../../../arm-none-eabi/lib/armv7-m/libm.a(lib_a-ef_rem_pio2.o)
 .ARM.attributes
                0x00000c1c       0x2d /home/laurence/ARM-GCC/bin/../lib/gcc/arm-none-eabi/5.3.1/../../../../arm-none-eabi/lib/armv7-m/libm.a(lib_a-ef_sqrt.o)
 .ARM.attributes
                0x00000c49       0x2d /home/laurence/ARM-GCC/bin/../lib/gcc/arm-none-eabi/5.3.1/../../../../arm-none-eabi/lib/armv7-m/libm.a(lib_a-kf_cos.o)
 .ARM.attributes
                0x00000c76       0x2d /home/laurence/ARM-GCC/bin/../lib/gcc/arm-none-eabi/5.3.1/../../../../arm-none-eabi/lib/armv7-m/libm.a(lib_a-kf_rem_pio2.o)
 .ARM.attributes
                0x00000ca3       0x2d /home/laurence/ARM-GCC/bin/../lib/gcc/arm-none-eabi/5.3.1/../../../../arm-none-eabi/lib/armv7-m/libm.a(lib_a-kf_sin.o)
 .ARM.attributes
                0x00000cd0       0x2d /home/laurence/ARM-GCC/bin/../lib/gcc/arm-none-eabi/5.3.1/../../../../arm-none-eabi/lib/armv7-m/libm.a(lib_a-s_atan.o)
 .ARM.attributes
                0x00000cfd       0x2d /home/laurence/ARM-GCC/bin/../lib/gcc/arm-none-eabi/5.3.1/../../../../arm-none-eabi/lib/armv7-m/libm.a(lib_a-s_fabs.o)
 .ARM.attributes
                0x00000d2a       0x2d /home/laurence/ARM-GCC/bin/../lib/gcc/arm-none-eabi/5.3.1/../../../../arm-none-eabi/lib/armv7-m/libm.a(lib_a-s_lib_ver.o)
 .ARM.attributes
                0x00000d57       0x2d /home/laurence/ARM-GCC/bin/../lib/gcc/arm-none-eabi/5.3.1/../../../../arm-none-eabi/lib/armv7-m/libm.a(lib_a-s_matherr.o)
 .ARM.attributes
                0x00000d84       0x2d /home/laurence/ARM-GCC/bin/../lib/gcc/arm-none-eabi/5.3.1/../../../../arm-none-eabi/lib/armv7-m/libm.a(lib_a-s_nan.o)
 .ARM.attributes