Archive member included to satisfy reference by file (symbol)

lib/STM32F10x_StdPeriph_Driver/libstm32fw.a(misc.o)
                              interrupts.o (symbol from plugin) (NVIC_PriorityGroupConfig)
lib/STM32F10x_StdPeriph_Driver/libstm32fw.a(stm32f10x_adc.o)
                              adc.o (symbol from plugin) (ADC_DeInit)
lib/STM32F10x_StdPeriph_Driver/libstm32fw.a(stm32f10x_bkp.o)
                              Util/fat_fs/src/rtc.o (symbol from plugin) (BKP_DeInit)
lib/STM32F10x_StdPeriph_Driver/libstm32fw.a(stm32f10x_dbgmcu.o)
                              main.o (symbol from plugin) (DBGMCU_Config)
lib/STM32F10x_StdPeriph_Driver/libstm32fw.a(stm32f10x_dma.o)
                              Util/fat_fs/src/sd_spi_stm32.o (symbol from plugin) (DMA_DeInit)
lib/STM32F10x_StdPeriph_Driver/libstm32fw.a(stm32f10x_exti.o)
                              interrupts.o (symbol from plugin) (EXTI_DeInit)
lib/STM32F10x_StdPeriph_Driver/libstm32fw.a(stm32f10x_gpio.o)
                              Util/fat_fs/src/sd_spi_stm32.o (symbol from plugin) (GPIO_Init)
lib/STM32F10x_StdPeriph_Driver/libstm32fw.a(stm32f10x_i2c.o)
                              i2c_int.o (symbol from plugin) (I2C_DeInit)
lib/STM32F10x_StdPeriph_Driver/libstm32fw.a(stm32f10x_iwdg.o)
                              watchdog.o (symbol from plugin) (IWDG_WriteAccessCmd)
lib/STM32F10x_StdPeriph_Driver/libstm32fw.a(stm32f10x_pwr.o)
                              pwr.o (symbol from plugin) (PWR_DeInit)
lib/STM32F10x_StdPeriph_Driver/libstm32fw.a(stm32f10x_rcc.o)
                              interrupts.o (symbol from plugin) (RCC_HCLKConfig)
lib/STM32F10x_StdPeriph_Driver/libstm32fw.a(stm32f10x_rtc.o)
                              Util/fat_fs/src/rtc.o (symbol from plugin) (RTC_GetCounter)
lib/STM32F10x_StdPeriph_Driver/libstm32fw.a(stm32f10x_spi.o)
                              Util/fat_fs/src/sd_spi_stm32.o (symbol from plugin) (SPI_I2S_DeInit)
lib/STM32F10x_StdPeriph_Driver/libstm32fw.a(stm32f10x_tim.o)
                              timer.o (symbol from plugin) (TIM_DeInit)
lib/STM32F10x_StdPeriph_Driver/libstm32fw.a(stm32f10x_usart.o)
                              Util/rn42_command.o (symbol from plugin) (USART_DeInit)
lib/STM32_USB-FS-Device_Driver/libstm32usb.a(usb_core.o)
                              Util/USB/usb_prop.o (symbol from plugin) (Standard_GetDescriptorData)
lib/STM32_USB-FS-Device_Driver/libstm32usb.a(usb_init.o)
                              main.o (symbol from plugin) (USB_Init)
lib/STM32_USB-FS-Device_Driver/libstm32usb.a(usb_int.o)
                              Util/USB/usb_istr.o (symbol from plugin) (CTR_LP)
lib/STM32_USB-FS-Device_Driver/libstm32usb.a(usb_mem.o)
                              lib/STM32_USB-FS-Device_Driver/libstm32usb.a(usb_core.o) (UserToPMABufferCopy)
lib/STM32_USB-FS-Device_Driver/libstm32usb.a(usb_regs.o)
                              Util/USB/usb_prop.o (symbol from plugin) (SetBTABLE)
lib/STM32_USB-FS-Device_Driver/libstm32usb.a(usb_sil.o)
                              Util/USB/usb_prop.o (symbol from plugin) (USB_SIL_Init)
/home/laurence/ARM-GCC/bin/../lib/gcc/arm-none-eabi/5.3.1/../../../../arm-none-eabi/lib/armv7-m/libg_nano.a(lib_a-exit.o)
                              /home/laurence/ARM-GCC/bin/../lib/gcc/arm-none-eabi/5.3.1/../../../../arm-none-eabi/lib/armv7-m/crt0.o (exit)
/home/laurence/ARM-GCC/bin/../lib/gcc/arm-none-eabi/5.3.1/../../../../arm-none-eabi/lib/armv7-m/libg_nano.a(lib_a-impure.o)
                              /home/laurence/ARM-GCC/bin/../lib/gcc/arm-none-eabi/5.3.1/../../../../arm-none-eabi/lib/armv7-m/libg_nano.a(lib_a-exit.o) (_global_impure_ptr)
/home/laurence/ARM-GCC/bin/../lib/gcc/arm-none-eabi/5.3.1/../../../../arm-none-eabi/lib/armv7-m/libg_nano.a(lib_a-init.o)
                              /home/laurence/ARM-GCC/bin/../lib/gcc/arm-none-eabi/5.3.1/../../../../arm-none-eabi/lib/armv7-m/crt0.o (__libc_init_array)
/home/laurence/ARM-GCC/bin/../lib/gcc/arm-none-eabi/5.3.1/../../../../arm-none-eabi/lib/armv7-m/libg_nano.a(lib_a-memset.o)
                              /home/laurence/ARM-GCC/bin/../lib/gcc/arm-none-eabi/5.3.1/../../../../arm-none-eabi/lib/armv7-m/crt0.o (memset)
/home/laurence/ARM-GCC/bin/../lib/gcc/arm-none-eabi/5.3.1/../../../../arm-none-eabi/lib/armv7-m/libg_nano.a(lib_a-rand.o)
                              Util/sp1ml_command.o (symbol from plugin) (srand)
/home/laurence/ARM-GCC/bin/../lib/gcc/arm-none-eabi/5.3.1/../../../../arm-none-eabi/lib/armv7-m/libg_nano.a(lib_a-malloc.o)
                              /home/laurence/ARM-GCC/bin/../lib/gcc/arm-none-eabi/5.3.1/../../../../arm-none-eabi/lib/armv7-m/libg_nano.a(lib_a-rand.o) (malloc)
/home/laurence/ARM-GCC/bin/../lib/gcc/arm-none-eabi/5.3.1/../../../../arm-none-eabi/lib/armv7-m/libg_nano.a(lib_a-nano-freer.o)
                              /home/laurence/ARM-GCC/bin/../lib/gcc/arm-none-eabi/5.3.1/../../../../arm-none-eabi/lib/armv7-m/libg_nano.a(lib_a-malloc.o) (_free_r)
[...]
Memory Configuration

Name             Origin             Length             Attributes
RAM              0x20000000         0x00005000         xrw
FLASH            0x08000000         0x00020000         xr
*default*        0x00000000         0xffffffff

Linker script and memory map

LOAD /home/laurence/ARM-GCC/bin/../lib/gcc/arm-none-eabi/5.3.1/armv7-m/crti.o
LOAD /home/laurence/ARM-GCC/bin/../lib/gcc/arm-none-eabi/5.3.1/armv7-m/crtbegin.o
LOAD /home/laurence/ARM-GCC/bin/../lib/gcc/arm-none-eabi/5.3.1/../../../../arm-none-eabi/lib/armv7-m/crt0.o
LOAD Util/USB/hw_config.o
LOAD /tmp/cc5hsdtp.ltrans0.ltrans.o
LOAD /tmp/cc5hsdtp.ltrans1.ltrans.o
LOAD /tmp/cc5hsdtp.ltrans2.ltrans.o
LOAD /tmp/cc5hsdtp.ltrans3.ltrans.o
LOAD /tmp/cc5hsdtp.ltrans4.ltrans.o
LOAD /tmp/cc5hsdtp.ltrans5.ltrans.o
LOAD /tmp/cc5hsdtp.ltrans6.ltrans.o
LOAD /tmp/cc5hsdtp.ltrans7.ltrans.o
LOAD /tmp/cc5hsdtp.ltrans8.ltrans.o
LOAD /tmp/cc5hsdtp.ltrans9.ltrans.o
LOAD /tmp/cc5hsdtp.ltrans10.ltrans.o
LOAD /tmp/cc5hsdtp.ltrans11.ltrans.o
LOAD /tmp/cc5hsdtp.ltrans12.ltrans.o
LOAD /tmp/cc5hsdtp.ltrans13.ltrans.o
LOAD /tmp/cc5hsdtp.ltrans14.ltrans.o
LOAD /tmp/cc5hsdtp.ltrans15.ltrans.o
LOAD /tmp/cc5hsdtp.ltrans16.ltrans.o
LOAD /tmp/cc5hsdtp.ltrans17.ltrans.o
LOAD Util/USB/mass_mal.o
LOAD Util/USB/memory.o
LOAD Util/USB/scsi_data.o
LOAD Util/USB/usb_bot.o
LOAD Util/USB/usb_desc.o
LOAD Util/USB/usb_endp.o
LOAD Util/USB/usb_istr.o
LOAD Util/USB/usb_prop.o
LOAD Util/USB/usb_pwr.o
LOAD Util/USB/usb_scsi.o
LOAD Util/buffer.o
LOAD Util/data_alignment.o
LOAD Util/dcm_attitude.o
LOAD Util/delay.o
LOAD Util/fat_fs/option/ccsbcs.o
LOAD Util/fat_fs/src/fattime.o
LOAD Util/fat_fs/src/ff.o
LOAD Util/fat_fs/src/rtc.o
LOAD Util/fat_fs/src/sd_spi_stm32.o
LOAD Util/filter.o
LOAD Util/load_setting.o
LOAD Util/rn42_command.o
LOAD Util/rn42_conf.o
LOAD Util/rprintf.o
LOAD Util/rtc_correct.o
LOAD Util/sp1ml_command.o
LOAD Util/wave.o
LOAD adc.o
LOAD bootload.o
LOAD dma.o
LOAD gpio.o
LOAD i2c_int.o
LOAD interrupts.o
LOAD lib/ARM-GCC/startup_ARMCM3.o
LOAD lib/CMSIS_CM3/core_cm3.o
LOAD lib/CMSIS_CM3/system_stm32f10x.o
LOAD main.o
LOAD pwr.o
LOAD timer.o
LOAD usart.o
LOAD watchdog.o
LOAD Sensors/ads1298.o
LOAD Sensors/lsm9ds1.o
LOAD Sensors/ubx.o
LOAD lib/STM32F10x_StdPeriph_Driver/libstm32fw.a
LOAD lib/STM32_USB-FS-Device_Driver/libstm32usb.a
LOAD /home/laurence/ARM-GCC/bin/../lib/gcc/arm-none-eabi/5.3.1/../../../../arm-none-eabi/lib/armv7-m/libm.a
LOAD /home/laurence/ARM-GCC/bin/../lib/gcc/arm-none-eabi/5.3.1/../../../../arm-none-eabi/lib/armv7-m/libnosys.a
START GROUP
LOAD /home/laurence/ARM-GCC/bin/../lib/gcc/arm-none-eabi/5.3.1/armv7-m/libgcc.a
LOAD /home/laurence/ARM-GCC/bin/../lib/gcc/arm-none-eabi/5.3.1/../../../../arm-none-eabi/lib/armv7-m/libg_nano.a
LOAD /home/laurence/ARM-GCC/bin/../lib/gcc/arm-none-eabi/5.3.1/../../../../arm-none-eabi/lib/armv7-m/libc_nano.a
END GROUP
START GROUP
LOAD /home/laurence/ARM-GCC/bin/../lib/gcc/arm-none-eabi/5.3.1/armv7-m/libgcc.a
LOAD /home/laurence/ARM-GCC/bin/../lib/gcc/arm-none-eabi/5.3.1/../../../../arm-none-eabi/lib/armv7-m/libc_nano.a
LOAD /home/laurence/ARM-GCC/bin/../lib/gcc/arm-none-eabi/5.3.1/../../../../arm-none-eabi/lib/armv7-m/libnosys.a
END GROUP
START GROUP
LOAD /home/laurence/ARM-GCC/bin/../lib/gcc/arm-none-eabi/5.3.1/armv7-m/libgcc.a
LOAD /home/laurence/ARM-GCC/bin/../lib/gcc/arm-none-eabi/5.3.1/../../../../arm-none-eabi/lib/armv7-m/libc_nano.a
LOAD /home/laurence/ARM-GCC/bin/../lib/gcc/arm-none-eabi/5.3.1/../../../../arm-none-eabi/lib/armv7-m/libnosys.a
END GROUP
LOAD /home/laurence/ARM-GCC/bin/../lib/gcc/arm-none-eabi/5.3.1/armv7-m/crtend.o
LOAD /home/laurence/ARM-GCC/bin/../lib/gcc/arm-none-eabi/5.3.1/armv7-m/crtn.o
                0x00002000                __HEAP_SIZE = 0x2000
                0x00000c00                __STACK_SIZE = 0xc00

.text           0x08000000    0x131ac
 *(.isr_vector)
 .isr_vector    0x08000000      0x10c lib/ARM-GCC/startup_ARMCM3.o
                0x08000000                __isr_vector
 *(.text*)
 .text          0x0800010c       0x5c /home/laurence/ARM-GCC/bin/../lib/gcc/arm-none-eabi/5.3.1/armv7-m/crtbegin.o
 .text          0x08000168       0x74 /home/laurence/ARM-GCC/bin/../lib/gcc/arm-none-eabi/5.3.1/../../../../arm-none-eabi/lib/armv7-m/crt0.o
                0x08000168                _mainCRTStartup
                0x08000168                _start
 *fill*         0x080001dc        0x4 
 .text.startup.main
                0x080001e0     0x2d58 /tmp/cc5hsdtp.ltrans0.ltrans.o
                0x080001e0                main
 .text.EP2_OUT_Callback
                0x08002f38      0x9d0 /tmp/cc5hsdtp.ltrans1.ltrans.o
 .text.__usart_send_char
                0x08003908       0xa0 /tmp/cc5hsdtp.ltrans2.ltrans.o
                0x08003908                __usart_send_char
 .text.ads1298_spi_dma_transaction
                0x080039a8       0xec /tmp/cc5hsdtp.ltrans2.ltrans.o
                0x080039a8                ads1298_spi_dma_transaction
 *fill*         0x08003a94        0x4 
 .text.DMA1_Channel4_IRQHandler
                0x08003a98      0xe94 /tmp/cc5hsdtp.ltrans2.ltrans.o
                0x08003a98                DMA1_Channel4_IRQHandler
 .text.ads1298_busy_wait_command
                0x0800492c       0x4c /tmp/cc5hsdtp.ltrans2.ltrans.o
                0x0800492c                ads1298_busy_wait_command
 .text.unlikely.ads1298_busy_wait_write
                0x08004978       0x88 /tmp/cc5hsdtp.ltrans2.ltrans.o
                0x08004978                ads1298_busy_wait_write
 .text.USART3_IRQHandler
                0x08004a00      0x118 /tmp/cc5hsdtp.ltrans2.ltrans.o
                0x08004a00                USART3_IRQHandler
 .text.USART1_IRQHandler
                0x08004b18      0x134 /tmp/cc5hsdtp.ltrans2.ltrans.o
                0x08004b18                USART1_IRQHandler
 .text.Gps_Send_Str
                0x08004c4c       0x2c /tmp/cc5hsdtp.ltrans2.ltrans.o
                0x08004c4c                Gps_Send_Str
 .text.Gps_Send_Utf8
                0x08004c78       0x30 /tmp/cc5hsdtp.ltrans2.ltrans.o
                0x08004c78                Gps_Send_Utf8
 .text.Usart3_Send_Str
                0x08004ca8       0x2c /tmp/cc5hsdtp.ltrans2.ltrans.o
                0x08004ca8                Usart3_Send_Str
 .text.check_fs
                0x08004cd4       0xac /tmp/cc5hsdtp.ltrans3.ltrans.o
 .text.f_sync   0x08004d80      0x108 /tmp/cc5hsdtp.ltrans3.ltrans.o
                0x08004d80                f_sync
 .text.f_write  0x08004e88       0x4c /tmp/cc5hsdtp.ltrans3.ltrans.o
                0x08004e88                f_write
 .text.chk_mounted.lto_priv.65
                0x08004ed4      0x264 /tmp/cc5hsdtp.ltrans3.ltrans.o
                0x08004ed4                chk_mounted.lto_priv.65
 .text.follow_path.lto_priv.66
                0x08005138      0x3b8 /tmp/cc5hsdtp.ltrans3.ltrans.o
                0x08005138                follow_path.lto_priv.66
 .text.f_open   0x080054f0      0x14c /tmp/cc5hsdtp.ltrans3.ltrans.o
                0x080054f0                f_open
 .text.get_fileinfo.lto_priv.84
                0x0800563c      0x2c8 /tmp/cc5hsdtp.ltrans3.ltrans.o
                0x0800563c                get_fileinfo.lto_priv.84
 .text.RN42_generate_packet
                0x08005904      0x390 /tmp/cc5hsdtp.ltrans4.ltrans.o
                0x08005904                RN42_generate_packet
 .text.rprintf2RamRom
                0x08005c94      0x7d4 /tmp/cc5hsdtp.ltrans4.ltrans.o
                0x08005c94                rprintf2RamRom
 .text.disk_write.part.5.lto_priv.60
                0x08006468      0x22c /tmp/cc5hsdtp.ltrans4.ltrans.o
                0x08006468                disk_write.part.5.lto_priv.60
 .text.disk_read.part.4.lto_priv.62
                0x08006694      0x13c /tmp/cc5hsdtp.ltrans4.ltrans.o
                0x08006694                disk_read.part.4.lto_priv.62
 .text.put_fat.part.4.lto_priv.93
                0x080067d0      0x128 /tmp/cc5hsdtp.ltrans5.ltrans.o
                0x080067d0                put_fat.part.4.lto_priv.93
 .text.get_fat.part.3.lto_priv.64
                0x080068f8       0xc0 /tmp/cc5hsdtp.ltrans5.ltrans.o
                0x080068f8                get_fat.part.3.lto_priv.64
 .text.dir_find.part.5.lto_priv.100
                0x080069b8      0x494 /tmp/cc5hsdtp.ltrans5.ltrans.o
                0x080069b8                dir_find.part.5.lto_priv.100
 .text.f_lseek  0x08006e4c      0x204 /tmp/cc5hsdtp.ltrans5.ltrans.o
                0x08006e4c                f_lseek
 .text.unlikely.f_close
                0x08007050       0x10 /tmp/cc5hsdtp.ltrans5.ltrans.o
                0x08007050                f_close
 .text.stm32_spi_rw.lto_priv.59
                0x08007060       0x24 /tmp/cc5hsdtp.ltrans6.ltrans.o
                0x08007060                stm32_spi_rw.lto_priv.59
 .text.send_cmd
                0x08007084      0x16c /tmp/cc5hsdtp.ltrans6.ltrans.o
                0x08007084                send_cmd
 .text.disk_initialize
                0x080071f0      0x260 /tmp/cc5hsdtp.ltrans6.ltrans.o
                0x080071f0                disk_initialize
 .text.wait_ready.lto_priv.61
                0x08007450       0x54 /tmp/cc5hsdtp.ltrans6.ltrans.o
                0x08007450                wait_ready.lto_priv.61
 .text.stm32_dma_transfer.lto_priv.63
                0x080074a4       0xd4 /tmp/cc5hsdtp.ltrans6.ltrans.o
                0x080074a4                stm32_dma_transfer.lto_priv.63
 .text.rcvr_datablock
                0x08007578       0x9c /tmp/cc5hsdtp.ltrans6.ltrans.o
                0x08007578                rcvr_datablock
 .text.counter_to_struct.lto_priv.91
                0x08007614      0x128 /tmp/cc5hsdtp.ltrans6.ltrans.o
                0x08007614                counter_to_struct.lto_priv.91
 .text.rtc_gettime
                0x0800773c       0x84 /tmp/cc5hsdtp.ltrans6.ltrans.o
                0x0800773c                rtc_gettime
 .text.f_write.part.9.lto_priv.85
                0x080077c0      0x350 /tmp/cc5hsdtp.ltrans6.ltrans.o
                0x080077c0                f_write.part.9.lto_priv.85
 .text.remove_chain.part.6.lto_priv.80
                0x08007b10      0x110 /tmp/cc5hsdtp.ltrans6.ltrans.o
                0x08007b10                remove_chain.part.6.lto_priv.80
 .text.dir_read.lto_priv.81
                0x08007c20      0x5f8 /tmp/cc5hsdtp.ltrans7.ltrans.o
                0x08007c20                dir_read.lto_priv.81
 .text.dir_sdi.lto_priv.82
                0x08008218       0xa8 /tmp/cc5hsdtp.ltrans7.ltrans.o
                0x08008218                dir_sdi.lto_priv.82
 .text.dir_register.lto_priv.90
                0x080082c0      0x6f0 /tmp/cc5hsdtp.ltrans7.ltrans.o
                0x080082c0                dir_register.lto_priv.90
 .text.unlikely.read_config_file.constprop.21
                0x080089b0      0x4c0 /tmp/cc5hsdtp.ltrans8.ltrans.o
                0x080089b0                read_config_file.constprop.21
 .text.Get_UBX_Ack.constprop.8
                0x08008e70       0xcc /tmp/cc5hsdtp.ltrans8.ltrans.o
                0x08008e70                Get_UBX_Ack.constprop.8
 .text.USART2_reconf.constprop.7
                0x08008f3c       0x54 /tmp/cc5hsdtp.ltrans8.ltrans.o
                0x08008f3c                USART2_reconf.constprop.7
 .text.ads1298_wct_config.constprop.3
                0x08008f90      0x15c /tmp/cc5hsdtp.ltrans8.ltrans.o
                0x08008f90                ads1298_wct_config.constprop.3
 .text.unlikely.ads1298_setup.constprop.2
                0x080090ec      0x39c /tmp/cc5hsdtp.ltrans8.ltrans.o
                0x080090ec                ads1298_setup.constprop.2
 .text.Gps_DMA_Process
                0x08009488      0x318 /tmp/cc5hsdtp.ltrans8.ltrans.o
                0x08009488                Gps_DMA_Process
 .text.EXTI9_5_IRQHandler
                0x080097a0       0x34 /tmp/cc5hsdtp.ltrans8.ltrans.o
                0x080097a0                EXTI9_5_IRQHandler
 .text.SP1ML_generate_packet
                0x080097d4      0x350 /tmp/cc5hsdtp.ltrans9.ltrans.o
                0x080097d4                SP1ML_generate_packet
 .text.SP1ML_command
                0x08009b24      0x148 /tmp/cc5hsdtp.ltrans9.ltrans.o
                0x08009b24                SP1ML_command
 *fill*         0x08009c6c        0x4 
 .text.SP1ML_rx_tx_data_processor
                0x08009c70      0xe00 /tmp/cc5hsdtp.ltrans9.ltrans.o
                0x08009c70                SP1ML_rx_tx_data_processor
 .text.set_rtc_correction
                0x0800aa70       0x5c /tmp/cc5hsdtp.ltrans9.ltrans.o
                0x0800aa70                set_rtc_correction
 .text.I2C1_ER_IRQHandler
                0x0800aacc      0x150 /tmp/cc5hsdtp.ltrans10.ltrans.o
                0x0800aacc                I2C1_ER_IRQHandler
 .text.I2C1_EV_IRQHandler
                0x0800ac1c      0x608 /tmp/cc5hsdtp.ltrans10.ltrans.o
                0x0800ac1c                I2C1_EV_IRQHandler
 .text.ADC_Configuration
                0x0800b224      0x10c /tmp/cc5hsdtp.ltrans10.ltrans.o
                0x0800b224                ADC_Configuration
 .text.wave_terminate
                0x0800b330      0x1c0 /tmp/cc5hsdtp.ltrans10.ltrans.o
                0x0800b330                wave_terminate
 .text.write_wave_header
                0x0800b4f0       0xf0 /tmp/cc5hsdtp.ltrans10.ltrans.o
                0x0800b4f0                write_wave_header
 .text.move_window.lto_priv.83
                0x0800b5e0      0x1a8 /tmp/cc5hsdtp.ltrans11.ltrans.o
                0x0800b5e0                move_window.lto_priv.83
 .text.create_chain.lto_priv.89
                0x0800b788      0x190 /tmp/cc5hsdtp.ltrans11.ltrans.o
                0x0800b788                create_chain.lto_priv.89
 .text.sync.lto_priv.79
                0x0800b918       0xe0 /tmp/cc5hsdtp.ltrans11.ltrans.o
                0x0800b918                sync.lto_priv.79
 .text.get_fattime
                0x0800b9f8       0x44 /tmp/cc5hsdtp.ltrans11.ltrans.o
                0x0800b9f8                get_fattime
 .text.Delay    0x0800ba3c       0x20 /tmp/cc5hsdtp.ltrans11.ltrans.o
                0x0800ba3c                Delay
 .text.Add_To_Buffer
                0x0800ba5c       0x50 /tmp/cc5hsdtp.ltrans11.ltrans.o
                0x0800ba5c                Add_To_Buffer
 .text.unlikely.SCSI_Invalid_Cmd
                0x0800baac       0x6c /tmp/cc5hsdtp.ltrans11.ltrans.o
                0x0800baac                SCSI_Invalid_Cmd
 .text.Get_Max_Lun
                0x0800bb18       0x18 /tmp/cc5hsdtp.ltrans12.ltrans.o
 .text.MASS_Get_Interface_Setting
                0x0800bb30       0x10 /tmp/cc5hsdtp.ltrans12.ltrans.o
                0x0800bb30                MASS_Get_Interface_Setting
 .text.MASS_Data_Setup
                0x0800bb40       0x38 /tmp/cc5hsdtp.ltrans12.ltrans.o
                0x0800bb40                MASS_Data_Setup
 .text.MASS_Status_In
                0x0800bb78        0x4 /tmp/cc5hsdtp.ltrans12.ltrans.o
                0x0800bb78                MASS_Status_In
 .text.MASS_Status_Out
                0x0800bb7c        0x4 /tmp/cc5hsdtp.ltrans12.ltrans.o
                0x0800bb7c                MASS_Status_Out
 .text.Mass_Storage_SetDeviceAddress
                0x0800bb80        0xc /tmp/cc5hsdtp.ltrans12.ltrans.o
 .text.Mass_Storage_ClearFeature
                0x0800bb8c       0x2c /tmp/cc5hsdtp.ltrans12.ltrans.o
 .text.MASS_GetStringDescriptor
                0x0800bbb8       0x20 /tmp/cc5hsdtp.ltrans12.ltrans.o
                0x0800bbb8                MASS_GetStringDescriptor
 .text.MASS_GetConfigDescriptor
                0x0800bbd8        0xc /tmp/cc5hsdtp.ltrans12.ltrans.o
                0x0800bbd8                MASS_GetConfigDescriptor
 .text.MASS_GetDeviceDescriptor
                0x0800bbe4        0xc /tmp/cc5hsdtp.ltrans12.ltrans.o
                0x0800bbe4                MASS_GetDeviceDescriptor
 .text.MASS_NoData_Setup
                0x0800bbf0       0x50 /tmp/cc5hsdtp.ltrans12.ltrans.o
                0x0800bbf0                MASS_NoData_Setup
 .text.Mass_Storage_SetConfiguration
                0x0800bc40       0x30 /tmp/cc5hsdtp.ltrans12.ltrans.o
 .text.MASS_Reset
                0x0800bc70       0xf0 /tmp/cc5hsdtp.ltrans12.ltrans.o
                0x0800bc70                MASS_Reset
 .text.SCSI_Write10_Cmd
                0x0800bd60      0x214 /tmp/cc5hsdtp.ltrans12.ltrans.o
                0x0800bd60                SCSI_Write10_Cmd
 .text.SCSI_Read10_Cmd
                0x0800bf74       0xf0 /tmp/cc5hsdtp.ltrans12.ltrans.o
                0x0800bf74                SCSI_Read10_Cmd
 .text.Resume   0x0800c064      0x138 /tmp/cc5hsdtp.ltrans12.ltrans.o
                0x0800c064                Resume
 .text.SystemInit
                0x0800c19c       0xf8 /tmp/cc5hsdtp.ltrans13.ltrans.o
                0x0800c19c                SystemInit
 .text.USB_LP_CAN1_RX0_IRQHandler
                0x0800c294      0x118 /tmp/cc5hsdtp.ltrans13.ltrans.o
                0x0800c294                USB_LP_CAN1_RX0_IRQHandler
 .text.USB_HP_CAN1_TX_IRQHandler
                0x0800c3ac        0x4 /tmp/cc5hsdtp.ltrans13.ltrans.o
                0x0800c3ac                USB_HP_CAN1_TX_IRQHandler
 .text.SysTick_Handler
                0x0800c3b0      0x17c /tmp/cc5hsdtp.ltrans13.ltrans.o
                0x0800c3b0                SysTick_Handler
 .text.EXTI15_10_IRQHandler
                0x0800c52c       0x68 /tmp/cc5hsdtp.ltrans13.ltrans.o
                0x0800c52c                EXTI15_10_IRQHandler
 .text.ADC1_2_IRQHandler
                0x0800c594       0x70 /tmp/cc5hsdtp.ltrans13.ltrans.o
                0x0800c594                ADC1_2_IRQHandler
 .text.EXTI0_IRQHandler
                0x0800c604       0x98 /tmp/cc5hsdtp.ltrans13.ltrans.o
                0x0800c604                EXTI0_IRQHandler
 .text.EXTI_ONOFF_EN
                0x0800c69c       0x54 /tmp/cc5hsdtp.ltrans13.ltrans.o
                0x0800c69c                EXTI_ONOFF_EN
 .text.I2C_Config
                0x0800c6f0      0x23c /tmp/cc5hsdtp.ltrans13.ltrans.o
                0x0800c6f0                I2C_Config
 .text.I2C1_Request_Job
                0x0800c92c       0x78 /tmp/cc5hsdtp.ltrans13.ltrans.o
                0x0800c92c                I2C1_Request_Job
 .text.__str_print_char
                0x0800c9a4       0xfc /tmp/cc5hsdtp.ltrans14.ltrans.o
                0x0800c9a4                __str_print_char
 .text.__fat_print_char
                0x0800caa0       0x58 /tmp/cc5hsdtp.ltrans14.ltrans.o
                0x0800caa0                __fat_print_char
 .text.Usart_Send_Str
                0x0800caf8       0xf8 /tmp/cc5hsdtp.ltrans14.ltrans.o
                0x0800caf8                Usart_Send_Str
 .text.shutdown_filesystem
                0x0800cbf0      0x464 /tmp/cc5hsdtp.ltrans14.ltrans.o
                0x0800cbf0                shutdown_filesystem
 .text.stm32_spi_rw.constprop.56
                0x0800d054       0x24 /tmp/cc5hsdtp.ltrans15.ltrans.o
                0x0800d054                stm32_spi_rw.constprop.56
 .text.disk_write.constprop.53
                0x0800d078       0x84 /tmp/cc5hsdtp.ltrans15.ltrans.o
                0x0800d078                disk_write.constprop.53
 .text.unlikely.disk_read.constprop.52
                0x0800d0fc       0x60 /tmp/cc5hsdtp.ltrans15.ltrans.o
                0x0800d0fc                disk_read.constprop.52
 .text.unlikely.Set_CSW.constprop.50
                0x0800d15c       0x2c /tmp/cc5hsdtp.ltrans15.ltrans.o
                0x0800d15c                Set_CSW.constprop.50
 .text.dir_next.constprop.30
                0x0800d188       0x88 /tmp/cc5hsdtp.ltrans15.ltrans.o
                0x0800d188                dir_next.constprop.30
 .text.unlikely.f_chdir.constprop.25
                0x0800d210       0x68 /tmp/cc5hsdtp.ltrans15.ltrans.o
                0x0800d210                f_chdir.constprop.25
 .text.EP1_IN_Callback
                0x0800d278       0x88 /tmp/cc5hsdtp.ltrans16.ltrans.o
 .text.unlikely.Transfer_Data_Request
                0x0800d300       0x34 /tmp/cc5hsdtp.ltrans16.ltrans.o
                0x0800d300                Transfer_Data_Request
 .text.Read_Memory
                0x0800d334      0x1b4 /tmp/cc5hsdtp.ltrans16.ltrans.o
                0x0800d334                Read_Memory
 .text.MASS_init
                0x0800d4e8      0x14c /tmp/cc5hsdtp.ltrans17.ltrans.o
                0x0800d4e8                MASS_init
 .text          0x0800d634       0x3c lib/ARM-GCC/startup_ARMCM3.o
                0x0800d634                Reset_Handler
                0x0800d66e                EXTI2_IRQHandler
                0x0800d66e                DebugMon_Handler
                0x0800d66e                TIM1_CC_IRQHandler
                0x0800d66e                HardFault_Handler
                0x0800d66e                PVD_IRQHandler
                0x0800d66e                PendSV_Handler
                0x0800d66e                NMI_Handler
                0x0800d66e                EXTI3_IRQHandler
                0x0800d66e                I2C2_EV_IRQHandler
                0x0800d66e                UsageFault_Handler
                0x0800d66e                SPI1_IRQHandler
                0x0800d66e                TAMPER_IRQHandler
                0x0800d66e                RTC_IRQHandler
                0x0800d66e                DMA1_Channel7_IRQHandler
                0x0800d66e                CAN1_RX1_IRQHandler
                0x0800d66e                TIM4_IRQHandler
                0x0800d66e                DMA1_Channel6_IRQHandler
                0x0800d66e                TIM3_IRQHandler
                0x0800d66e                RCC_IRQHandler
                0x0800d66e                TIM1_TRG_COM_IRQHandler
                0x0800d66e                DMA1_Channel1_IRQHandler
                0x0800d66e                Default_Handler
                0x0800d66e                SPI2_IRQHandler
                0x0800d66e                MemManage_Handler
                0x0800d66e                SVC_Handler
                0x0800d66e                DMA1_Channel5_IRQHandler
                0x0800d66e                EXTI4_IRQHandler
                0x0800d66e                DMA1_Channel3_IRQHandler
                0x0800d66e                TIM1_UP_IRQHandler
                0x0800d66e                WWDG_IRQHandler
                0x0800d66e                TIM2_IRQHandler
                0x0800d66e                DEF_IRQHandler
                0x0800d66e                TIM1_BRK_IRQHandler
                0x0800d66e                EXTI1_IRQHandler
                0x0800d66e                RTCAlarm_IRQHandler
                0x0800d66e                USART2_IRQHandler
                0x0800d66e                I2C2_ER_IRQHandler
                0x0800d66e                DMA1_Channel2_IRQHandler
                0x0800d66e                CAN1_SCE_IRQHandler
                0x0800d66e                FLASH_IRQHandler
                0x0800d66e                BusFault_Handler
                0x0800d66e                USBWakeUp_IRQHandler
 .text.NVIC_PriorityGroupConfig
                0x0800d670       0x14 lib/STM32F10x_StdPeriph_Driver/libstm32fw.a(misc.o)
                0x0800d670                NVIC_PriorityGroupConfig
 .text.NVIC_Init
                0x0800d684       0x68 lib/STM32F10x_StdPeriph_Driver/libstm32fw.a(misc.o)
                0x0800d684                NVIC_Init
 .text.NVIC_SetVectorTable
                0x0800d6ec       0x14 lib/STM32F10x_StdPeriph_Driver/libstm32fw.a(misc.o)
                0x0800d6ec                NVIC_SetVectorTable
 .text.SysTick_CLKSourceConfig
                0x0800d700       0x18 lib/STM32F10x_StdPeriph_Driver/libstm32fw.a(misc.o)
                0x0800d700                SysTick_CLKSourceConfig
 .text.ADC_DeInit
                0x0800d718       0x5c lib/STM32F10x_StdPeriph_Driver/libstm32fw.a(stm32f10x_adc.o)
                0x0800d718                ADC_DeInit
 .text.ADC_Init
                0x0800d774       0x48 lib/STM32F10x_StdPeriph_Driver/libstm32fw.a(stm32f10x_adc.o)
                0x0800d774                ADC_Init
 .text.ADC_Cmd  0x0800d7bc       0x12 lib/STM32F10x_StdPeriph_Driver/libstm32fw.a(stm32f10x_adc.o)
                0x0800d7bc                ADC_Cmd
 .text.ADC_ITConfig
                0x0800d7ce       0x12 lib/STM32F10x_StdPeriph_Driver/libstm32fw.a(stm32f10x_adc.o)
                0x0800d7ce                ADC_ITConfig
 .text.ADC_ResetCalibration
                0x0800d7e0        0xa lib/STM32F10x_StdPeriph_Driver/libstm32fw.a(stm32f10x_adc.o)
                0x0800d7e0                ADC_ResetCalibration
 .text.ADC_GetResetCalibrationStatus
                0x0800d7ea        0x8 lib/STM32F10x_StdPeriph_Driver/libstm32fw.a(stm32f10x_adc.o)
                0x0800d7ea                ADC_GetResetCalibrationStatus
 .text.ADC_StartCalibration
                0x0800d7f2        0xa lib/STM32F10x_StdPeriph_Driver/libstm32fw.a(stm32f10x_adc.o)
                0x0800d7f2                ADC_StartCalibration
 .text.ADC_GetCalibrationStatus
                0x0800d7fc        0x8 lib/STM32F10x_StdPeriph_Driver/libstm32fw.a(stm32f10x_adc.o)
                0x0800d7fc                ADC_GetCalibrationStatus
 .text.ADC_SoftwareStartConvCmd
                0x0800d804       0x12 lib/STM32F10x_StdPeriph_Driver/libstm32fw.a(stm32f10x_adc.o)
                0x0800d804                ADC_SoftwareStartConvCmd
 .text.ADC_RegularChannelConfig
                0x0800d816       0x9a lib/STM32F10x_StdPeriph_Driver/libstm32fw.a(stm32f10x_adc.o)
                0x0800d816                ADC_RegularChannelConfig
 .text.ADC_GetConversionValue
                0x0800d8b0        0x6 lib/STM32F10x_StdPeriph_Driver/libstm32fw.a(stm32f10x_adc.o)
                0x0800d8b0                ADC_GetConversionValue
 .text.ADC_ExternalTrigInjectedConvConfig
                0x0800d8b6        0xc lib/STM32F10x_StdPeriph_Driver/libstm32fw.a(stm32f10x_adc.o)
                0x0800d8b6                ADC_ExternalTrigInjectedConvConfig
 .text.ADC_SoftwareStartInjectedConvCmd
                0x0800d8c2       0x12 lib/STM32F10x_StdPeriph_Driver/libstm32fw.a(stm32f10x_adc.o)
                0x0800d8c2                ADC_SoftwareStartInjectedConvCmd
 .text.ADC_InjectedChannelConfig
                0x0800d8d4       0x60 lib/STM32F10x_StdPeriph_Driver/libstm32fw.a(stm32f10x_adc.o)
                0x0800d8d4                ADC_InjectedChannelConfig
 .text.ADC_InjectedSequencerLengthConfig
                0x0800d934       0x10 lib/STM32F10x_StdPeriph_Driver/libstm32fw.a(stm32f10x_adc.o)
                0x0800d934                ADC_InjectedSequencerLengthConfig
 .text.ADC_GetInjectedConversionValue
                0x0800d944       0x1a lib/STM32F10x_StdPeriph_Driver/libstm32fw.a(stm32f10x_adc.o)
                0x0800d944                ADC_GetInjectedConversionValue
 .text.ADC_AnalogWatchdogCmd
                0x0800d95e       0x10 lib/STM32F10x_StdPeriph_Driver/libstm32fw.a(stm32f10x_adc.o)
                0x0800d95e                ADC_AnalogWatchdogCmd
 .text.ADC_AnalogWatchdogThresholdsConfig
                0x0800d96e        0x6 lib/STM32F10x_StdPeriph_Driver/libstm32fw.a(stm32f10x_adc.o)
                0x0800d96e                ADC_AnalogWatchdogThresholdsConfig
 .text.ADC_AnalogWatchdogSingleChannelConfig
                0x0800d974        0xc lib/STM32F10x_StdPeriph_Driver/libstm32fw.a(stm32f10x_adc.o)
                0x0800d974                ADC_AnalogWatchdogSingleChannelConfig
 .text.ADC_GetFlagStatus
                0x0800d980        0xc lib/STM32F10x_StdPeriph_Driver/libstm32fw.a(stm32f10x_adc.o)
                0x0800d980                ADC_GetFlagStatus
 .text.ADC_ClearFlag
                0x0800d98c        0x6 lib/STM32F10x_StdPeriph_Driver/libstm32fw.a(stm32f10x_adc.o)
                0x0800d98c                ADC_ClearFlag
 .text.ADC_GetITStatus
                0x0800d992       0x16 lib/STM32F10x_StdPeriph_Driver/libstm32fw.a(stm32f10x_adc.o)
                0x0800d992                ADC_GetITStatus
 .text.ADC_ClearITPendingBit
                0x0800d9a8        0x8 lib/STM32F10x_StdPeriph_Driver/libstm32fw.a(stm32f10x_adc.o)
                0x0800d9a8                ADC_ClearITPendingBit
 .text.BKP_DeInit
                0x0800d9b0       0x12 lib/STM32F10x_StdPeriph_Driver/libstm32fw.a(stm32f10x_bkp.o)
                0x0800d9b0                BKP_DeInit
 *fill*         0x0800d9c2        0x2 
 .text.BKP_RTCOutputConfig
                0x0800d9c4       0x18 lib/STM32F10x_StdPeriph_Driver/libstm32fw.a(stm32f10x_bkp.o)
                0x0800d9c4                BKP_RTCOutputConfig
 .text.BKP_SetRTCCalibrationValue
                0x0800d9dc       0x18 lib/STM32F10x_StdPeriph_Driver/libstm32fw.a(stm32f10x_bkp.o)
                0x0800d9dc                BKP_SetRTCCalibrationValue
 .text.BKP_WriteBackupRegister
                0x0800d9f4       0x1c lib/STM32F10x_StdPeriph_Driver/libstm32fw.a(stm32f10x_bkp.o)
                0x0800d9f4                BKP_WriteBackupRegister
 .text.BKP_ReadBackupRegister
                0x0800da10       0x20 lib/STM32F10x_StdPeriph_Driver/libstm32fw.a(stm32f10x_bkp.o)
                0x0800da10                BKP_ReadBackupRegister
 .text.DBGMCU_Config
                0x0800da30       0x18 lib/STM32F10x_StdPeriph_Driver/libstm32fw.a(stm32f10x_dbgmcu.o)
                0x0800da30                DBGMCU_Config
 .text.DMA_DeInit
                0x0800da48       0xec lib/STM32F10x_StdPeriph_Driver/libstm32fw.a(stm32f10x_dma.o)
                0x0800da48                DMA_DeInit
 .text.DMA_Init
                0x0800db34       0x40 lib/STM32F10x_StdPeriph_Driver/libstm32fw.a(stm32f10x_dma.o)
                0x0800db34                DMA_Init
 .text.DMA_Cmd  0x0800db74       0x12 lib/STM32F10x_StdPeriph_Driver/libstm32fw.a(stm32f10x_dma.o)
                0x0800db74                DMA_Cmd
 .text.DMA_ITConfig
                0x0800db86       0x10 lib/STM32F10x_StdPeriph_Driver/libstm32fw.a(stm32f10x_dma.o)
                0x0800db86                DMA_ITConfig
 .text.DMA_GetCurrDataCounter
                0x0800db96        0x6 lib/STM32F10x_StdPeriph_Driver/libstm32fw.a(stm32f10x_dma.o)
                0x0800db96                DMA_GetCurrDataCounter
 .text.DMA_GetFlagStatus
                0x0800db9c       0x1c lib/STM32F10x_StdPeriph_Driver/libstm32fw.a(stm32f10x_dma.o)
                0x0800db9c                DMA_GetFlagStatus
 .text.DMA_ClearFlag
                0x0800dbb8       0x14 lib/STM32F10x_StdPeriph_Driver/libstm32fw.a(stm32f10x_dma.o)
                0x0800dbb8                DMA_ClearFlag
 .text.DMA_GetITStatus
                0x0800dbcc       0x1c lib/STM32F10x_StdPeriph_Driver/libstm32fw.a(stm32f10x_dma.o)
                0x0800dbcc                DMA_GetITStatus
 .text.DMA_ClearITPendingBit
                0x0800dbe8       0x14 lib/STM32F10x_StdPeriph_Driver/libstm32fw.a(stm32f10x_dma.o)
                0x0800dbe8                DMA_ClearITPendingBit
 .text.EXTI_DeInit
                0x0800dbfc       0x1c lib/STM32F10x_StdPeriph_Driver/libstm32fw.a(stm32f10x_exti.o)
                0x0800dbfc                EXTI_DeInit
 .text.EXTI_Init
                0x0800dc18       0x88 lib/STM32F10x_StdPeriph_Driver/libstm32fw.a(stm32f10x_exti.o)
                0x0800dc18                EXTI_Init
 .text.EXTI_GenerateSWInterrupt
                0x0800dca0       0x10 lib/STM32F10x_StdPeriph_Driver/libstm32fw.a(stm32f10x_exti.o)
                0x0800dca0                EXTI_GenerateSWInterrupt
 .text.EXTI_GetITStatus
                0x0800dcb0       0x20 lib/STM32F10x_StdPeriph_Driver/libstm32fw.a(stm32f10x_exti.o)
                0x0800dcb0                EXTI_GetITStatus
 .text.EXTI_ClearITPendingBit
                0x0800dcd0        0xc lib/STM32F10x_StdPeriph_Driver/libstm32fw.a(stm32f10x_exti.o)
                0x0800dcd0                EXTI_ClearITPendingBit
 .text.GPIO_Init
                0x0800dcdc       0x9a lib/STM32F10x_StdPeriph_Driver/libstm32fw.a(stm32f10x_gpio.o)
                0x0800dcdc                GPIO_Init
 .text.GPIO_StructInit
                0x0800dd76       0x10 lib/STM32F10x_StdPeriph_Driver/libstm32fw.a(stm32f10x_gpio.o)
                0x0800dd76                GPIO_StructInit
 .text.GPIO_ReadInputDataBit
                0x0800dd86        0xc lib/STM32F10x_StdPeriph_Driver/libstm32fw.a(stm32f10x_gpio.o)
                0x0800dd86                GPIO_ReadInputDataBit
 .text.GPIO_SetBits
                0x0800dd92        0x4 lib/STM32F10x_StdPeriph_Driver/libstm32fw.a(stm32f10x_gpio.o)
                0x0800dd92                GPIO_SetBits
 .text.GPIO_ResetBits
                0x0800dd96        0x4 lib/STM32F10x_StdPeriph_Driver/libstm32fw.a(stm32f10x_gpio.o)
                0x0800dd96                GPIO_ResetBits
 .text.GPIO_WriteBit
                0x0800dd9a        0xa lib/STM32F10x_StdPeriph_Driver/libstm32fw.a(stm32f10x_gpio.o)
                0x0800dd9a                GPIO_WriteBit
 .text.GPIO_PinRemapConfig
                0x0800dda4       0x58 lib/STM32F10x_StdPeriph_Driver/libstm32fw.a(stm32f10x_gpio.o)
                0x0800dda4                GPIO_PinRemapConfig
 .text.GPIO_EXTILineConfig
                0x0800ddfc       0x34 lib/STM32F10x_StdPeriph_Driver/libstm32fw.a(stm32f10x_gpio.o)
                0x0800ddfc                GPIO_EXTILineConfig
 .text.I2C_DeInit
                0x0800de30       0x34 lib/STM32F10x_StdPeriph_Driver/libstm32fw.a(stm32f10x_i2c.o)
                0x0800de30                I2C_DeInit
 .text.I2C_Init
                0x0800de64       0xd4 lib/STM32F10x_StdPeriph_Driver/libstm32fw.a(stm32f10x_i2c.o)
                0x0800de64                I2C_Init
 .text.I2C_Cmd  0x0800df38       0x18 lib/STM32F10x_StdPeriph_Driver/libstm32fw.a(stm32f10x_i2c.o)
                0x0800df38                I2C_Cmd
 .text.I2C_GenerateSTART
                0x0800df50       0x18 lib/STM32F10x_StdPeriph_Driver/libstm32fw.a(stm32f10x_i2c.o)
                0x0800df50                I2C_GenerateSTART
 .text.I2C_GenerateSTOP
                0x0800df68       0x18 lib/STM32F10x_StdPeriph_Driver/libstm32fw.a(stm32f10x_i2c.o)
                0x0800df68                I2C_GenerateSTOP
 .text.I2C_AcknowledgeConfig
                0x0800df80       0x18 lib/STM32F10x_StdPeriph_Driver/libstm32fw.a(stm32f10x_i2c.o)
                0x0800df80                I2C_AcknowledgeConfig
 .text.I2C_ITConfig
                0x0800df98       0x12 lib/STM32F10x_StdPeriph_Driver/libstm32fw.a(stm32f10x_i2c.o)
                0x0800df98                I2C_ITConfig
 .text.I2C_SendData
                0x0800dfaa        0x4 lib/STM32F10x_StdPeriph_Driver/libstm32fw.a(stm32f10x_i2c.o)
                0x0800dfaa                I2C_SendData
 .text.I2C_ReceiveData
                0x0800dfae        0x6 lib/STM32F10x_StdPeriph_Driver/libstm32fw.a(stm32f10x_i2c.o)
                0x0800dfae                I2C_ReceiveData
 .text.I2C_Send7bitAddress
                0x0800dfb4       0x10 lib/STM32F10x_StdPeriph_Driver/libstm32fw.a(stm32f10x_i2c.o)
                0x0800dfb4                I2C_Send7bitAddress
 .text.I2C_SoftwareResetCmd
                0x0800dfc4       0x18 lib/STM32F10x_StdPeriph_Driver/libstm32fw.a(stm32f10x_i2c.o)
                0x0800dfc4                I2C_SoftwareResetCmd
 .text.IWDG_WriteAccessCmd
                0x0800dfdc        0xc lib/STM32F10x_StdPeriph_Driver/libstm32fw.a(stm32f10x_iwdg.o)
                0x0800dfdc                IWDG_WriteAccessCmd
 .text.IWDG_SetPrescaler
                0x0800dfe8        0xc lib/STM32F10x_StdPeriph_Driver/libstm32fw.a(stm32f10x_iwdg.o)
                0x0800dfe8                IWDG_SetPrescaler
 .text.IWDG_SetReload
                0x0800dff4        0xc lib/STM32F10x_StdPeriph_Driver/libstm32fw.a(stm32f10x_iwdg.o)
                0x0800dff4                IWDG_SetReload
 .text.IWDG_ReloadCounter
                0x0800e000       0x10 lib/STM32F10x_StdPeriph_Driver/libstm32fw.a(stm32f10x_iwdg.o)
                0x0800e000                IWDG_ReloadCounter
 .text.IWDG_Enable
                0x0800e010       0x10 lib/STM32F10x_StdPeriph_Driver/libstm32fw.a(stm32f10x_iwdg.o)
                0x0800e010                IWDG_Enable
 .text.PWR_DeInit
                0x0800e020       0x1a lib/STM32F10x_StdPeriph_Driver/libstm32fw.a(stm32f10x_pwr.o)
                0x0800e020                PWR_DeInit
 *fill*         0x0800e03a        0x2 
 .text.PWR_BackupAccessCmd
                0x0800e03c        0xc lib/STM32F10x_StdPeriph_Driver/libstm32fw.a(stm32f10x_pwr.o)
                0x0800e03c                PWR_BackupAccessCmd
 .text.PWR_WakeUpPinCmd
                0x0800e048        0xc lib/STM32F10x_StdPeriph_Driver/libstm32fw.a(stm32f10x_pwr.o)
                0x0800e048                PWR_WakeUpPinCmd
 .text.PWR_EnterSTANDBYMode
                0x0800e054       0x28 lib/STM32F10x_StdPeriph_Driver/libstm32fw.a(stm32f10x_pwr.o)
                0x0800e054                PWR_EnterSTANDBYMode
 .text.RCC_HCLKConfig
                0x0800e07c       0x14 lib/STM32F10x_StdPeriph_Driver/libstm32fw.a(stm32f10x_rcc.o)
                0x0800e07c                RCC_HCLKConfig
 .text.RCC_USBCLKConfig
                0x0800e090        0xc lib/STM32F10x_StdPeriph_Driver/libstm32fw.a(stm32f10x_rcc.o)
                0x0800e090                RCC_USBCLKConfig
 .text.RCC_ADCCLKConfig
                0x0800e09c       0x14 lib/STM32F10x_StdPeriph_Driver/libstm32fw.a(stm32f10x_rcc.o)
                0x0800e09c                RCC_ADCCLKConfig
 .text.RCC_LSEConfig
                0x0800e0b0       0x20 lib/STM32F10x_StdPeriph_Driver/libstm32fw.a(stm32f10x_rcc.o)
                0x0800e0b0                RCC_LSEConfig
 .text.RCC_RTCCLKConfig
                0x0800e0d0       0x10 lib/STM32F10x_StdPeriph_Driver/libstm32fw.a(stm32f10x_rcc.o)
                0x0800e0d0                RCC_RTCCLKConfig
 .text.RCC_RTCCLKCmd
                0x0800e0e0        0xc lib/STM32F10x_StdPeriph_Driver/libstm32fw.a(stm32f10x_rcc.o)
                0x0800e0e0                RCC_RTCCLKCmd
 .text.RCC_GetClocksFreq
                0x0800e0ec       0x9c lib/STM32F10x_StdPeriph_Driver/libstm32fw.a(stm32f10x_rcc.o)
                0x0800e0ec                RCC_GetClocksFreq
 .text.RCC_AHBPeriphClockCmd
                0x0800e188       0x18 lib/STM32F10x_StdPeriph_Driver/libstm32fw.a(stm32f10x_rcc.o)
                0x0800e188                RCC_AHBPeriphClockCmd
 .text.RCC_APB2PeriphClockCmd
                0x0800e1a0       0x18 lib/STM32F10x_StdPeriph_Driver/libstm32fw.a(stm32f10x_rcc.o)
                0x0800e1a0                RCC_APB2PeriphClockCmd
 .text.RCC_APB1PeriphClockCmd
                0x0800e1b8       0x18 lib/STM32F10x_StdPeriph_Driver/libstm32fw.a(stm32f10x_rcc.o)
                0x0800e1b8                RCC_APB1PeriphClockCmd
 .text.RCC_APB2PeriphResetCmd
                0x0800e1d0       0x18 lib/STM32F10x_StdPeriph_Driver/libstm32fw.a(stm32f10x_rcc.o)
                0x0800e1d0                RCC_APB2PeriphResetCmd
 .text.RCC_APB1PeriphResetCmd
                0x0800e1e8       0x18 lib/STM32F10x_StdPeriph_Driver/libstm32fw.a(stm32f10x_rcc.o)
                0x0800e1e8                RCC_APB1PeriphResetCmd
 .text.RCC_BackupResetCmd
                0x0800e200        0xc lib/STM32F10x_StdPeriph_Driver/libstm32fw.a(stm32f10x_rcc.o)
                0x0800e200                RCC_BackupResetCmd
 .text.RCC_GetFlagStatus
                0x0800e20c       0x28 lib/STM32F10x_StdPeriph_Driver/libstm32fw.a(stm32f10x_rcc.o)
                0x0800e20c                RCC_GetFlagStatus
 .text.RTC_EnterConfigMode
                0x0800e234       0x14 lib/STM32F10x_StdPeriph_Driver/libstm32fw.a(stm32f10x_rtc.o)
                0x0800e234                RTC_EnterConfigMode
 .text.RTC_ExitConfigMode
                0x0800e248       0x14 lib/STM32F10x_StdPeriph_Driver/libstm32fw.a(stm32f10x_rtc.o)
                0x0800e248                RTC_ExitConfigMode
 .text.RTC_GetCounter
                0x0800e25c       0x14 lib/STM32F10x_StdPeriph_Driver/libstm32fw.a(stm32f10x_rtc.o)
                0x0800e25c                RTC_GetCounter
 .text.RTC_SetCounter
                0x0800e270       0x20 lib/STM32F10x_StdPeriph_Driver/libstm32fw.a(stm32f10x_rtc.o)
                0x0800e270                RTC_SetCounter
 .text.RTC_SetPrescaler
                0x0800e290       0x20 lib/STM32F10x_StdPeriph_Driver/libstm32fw.a(stm32f10x_rtc.o)
                0x0800e290                RTC_SetPrescaler
 .text.RTC_WaitForLastTask
                0x0800e2b0       0x14 lib/STM32F10x_StdPeriph_Driver/libstm32fw.a(stm32f10x_rtc.o)
                0x0800e2b0                RTC_WaitForLastTask
 .text.RTC_WaitForSynchro
                0x0800e2c4       0x24 lib/STM32F10x_StdPeriph_Driver/libstm32fw.a(stm32f10x_rtc.o)
                0x0800e2c4                RTC_WaitForSynchro
 .text.SPI_Init
                0x0800e2e8       0x3e lib/STM32F10x_StdPeriph_Driver/libstm32fw.a(stm32f10x_spi.o)
                0x0800e2e8                SPI_Init
 .text.SPI_StructInit
                0x0800e326       0x18 lib/STM32F10x_StdPeriph_Driver/libstm32fw.a(stm32f10x_spi.o)
                0x0800e326                SPI_StructInit
 .text.SPI_Cmd  0x0800e33e       0x18 lib/STM32F10x_StdPeriph_Driver/libstm32fw.a(stm32f10x_spi.o)
                0x0800e33e                SPI_Cmd
 .text.SPI_I2S_DMACmd
                0x0800e356       0x12 lib/STM32F10x_StdPeriph_Driver/libstm32fw.a(stm32f10x_spi.o)
                0x0800e356                SPI_I2S_DMACmd
 .text.SPI_I2S_SendData
                0x0800e368        0x4 lib/STM32F10x_StdPeriph_Driver/libstm32fw.a(stm32f10x_spi.o)
                0x0800e368                SPI_I2S_SendData
 .text.SPI_I2S_ReceiveData
                0x0800e36c        0x6 lib/STM32F10x_StdPeriph_Driver/libstm32fw.a(stm32f10x_spi.o)
                0x0800e36c                SPI_I2S_ReceiveData
 .text.SPI_CalculateCRC
                0x0800e372       0x18 lib/STM32F10x_StdPeriph_Driver/libstm32fw.a(stm32f10x_spi.o)
                0x0800e372                SPI_CalculateCRC
 .text.SPI_I2S_GetFlagStatus
                0x0800e38a        0xc lib/STM32F10x_StdPeriph_Driver/libstm32fw.a(stm32f10x_spi.o)
                0x0800e38a                SPI_I2S_GetFlagStatus
 *fill*         0x0800e396        0x2 
 .text.TIM_DeInit
                0x0800e398       0xc8 lib/STM32F10x_StdPeriph_Driver/libstm32fw.a(stm32f10x_tim.o)
                0x0800e398                TIM_DeInit
 .text.TIM_TimeBaseInit
                0x0800e460       0x3c lib/STM32F10x_StdPeriph_Driver/libstm32fw.a(stm32f10x_tim.o)
                0x0800e460                TIM_TimeBaseInit
 .text.TIM_OC4Init
                0x0800e49c       0x68 lib/STM32F10x_StdPeriph_Driver/libstm32fw.a(stm32f10x_tim.o)
                0x0800e49c                TIM_OC4Init
 .text.TIM_Cmd  0x0800e504       0x18 lib/STM32F10x_StdPeriph_Driver/libstm32fw.a(stm32f10x_tim.o)
                0x0800e504                TIM_Cmd
 .text.TIM_OC4PreloadConfig
                0x0800e51c       0x14 lib/STM32F10x_StdPeriph_Driver/libstm32fw.a(stm32f10x_tim.o)
                0x0800e51c                TIM_OC4PreloadConfig
 .text.USART_DeInit
                0x0800e530       0x98 lib/STM32F10x_StdPeriph_Driver/libstm32fw.a(stm32f10x_usart.o)
                0x0800e530                USART_DeInit
 .text.USART_Init
                0x0800e5c8       0x88 lib/STM32F10x_StdPeriph_Driver/libstm32fw.a(stm32f10x_usart.o)
                0x0800e5c8                USART_Init
 .text.USART_Cmd
                0x0800e650       0x18 lib/STM32F10x_StdPeriph_Driver/libstm32fw.a(stm32f10x_usart.o)
                0x0800e650                USART_Cmd
 .text.USART_ITConfig
                0x0800e668       0x34 lib/STM32F10x_StdPeriph_Driver/libstm32fw.a(stm32f10x_usart.o)
                0x0800e668                USART_ITConfig
 .text.USART_DMACmd
                0x0800e69c       0x12 lib/STM32F10x_StdPeriph_Driver/libstm32fw.a(stm32f10x_usart.o)
                0x0800e69c                USART_DMACmd
 .text.USART_SendData
                0x0800e6ae        0x8 lib/STM32F10x_StdPeriph_Driver/libstm32fw.a(stm32f10x_usart.o)
                0x0800e6ae                USART_SendData
 .text.USART_ReceiveData
                0x0800e6b6        0x8 lib/STM32F10x_StdPeriph_Driver/libstm32fw.a(stm32f10x_usart.o)
                0x0800e6b6                USART_ReceiveData
 .text.USART_GetFlagStatus
                0x0800e6be        0xc lib/STM32F10x_StdPeriph_Driver/libstm32fw.a(stm32f10x_usart.o)
                0x0800e6be                USART_GetFlagStatus
 .text.USART_GetITStatus
                0x0800e6ca       0x40 lib/STM32F10x_StdPeriph_Driver/libstm32fw.a(stm32f10x_usart.o)
                0x0800e6ca                USART_GetITStatus
 .text.USART_ClearITPendingBit
                0x0800e70a       0x10 lib/STM32F10x_StdPeriph_Driver/libstm32fw.a(stm32f10x_usart.o)
                0x0800e70a                USART_ClearITPendingBit
 *fill*         0x0800e71a        0x2 
 .text.Standard_GetConfiguration
                0x0800e71c       0x24 lib/STM32_USB-FS-Device_Driver/libstm32usb.a(usb_core.o)
                0x0800e71c                Standard_GetConfiguration
 .text.Standard_GetInterface
                0x0800e740       0x24 lib/STM32_USB-FS-Device_Driver/libstm32usb.a(usb_core.o)
                0x0800e740                Standard_GetInterface
 .text.Standard_GetStatus
                0x0800e764       0x9c lib/STM32_USB-FS-Device_Driver/libstm32usb.a(usb_core.o)
                0x0800e764                Standard_GetStatus
 .text.DataStageIn
                0x0800e800       0xa4 lib/STM32_USB-FS-Device_Driver/libstm32usb.a(usb_core.o)
 .text.Standard_SetConfiguration
                0x0800e8a4       0x38 lib/STM32_USB-FS-Device_Driver/libstm32usb.a(usb_core.o)
                0x0800e8a4                Standard_SetConfiguration
 .text.Standard_SetInterface
                0x0800e8dc       0x48 lib/STM32_USB-FS-Device_Driver/libstm32usb.a(usb_core.o)
                0x0800e8dc                Standard_SetInterface
 .text.Standard_ClearFeature
                0x0800e924       0xdc lib/STM32_USB-FS-Device_Driver/libstm32usb.a(usb_core.o)
                0x0800e924                Standard_ClearFeature
 .text.Standard_SetEndPointFeature
                0x0800ea00       0x8c lib/STM32_USB-FS-Device_Driver/libstm32usb.a(usb_core.o)
                0x0800ea00                Standard_SetEndPointFeature
 .text.Standard_SetDeviceFeature
                0x0800ea8c       0x24 lib/STM32_USB-FS-Device_Driver/libstm32usb.a(usb_core.o)
                0x0800ea8c                Standard_SetDeviceFeature
 .text.Standard_GetDescriptorData
                0x0800eab0       0x1c lib/STM32_USB-FS-Device_Driver/libstm32usb.a(usb_core.o)
                0x0800eab0                Standard_GetDescriptorData
 .text.Post0_Process
                0x0800eacc       0x40 lib/STM32_USB-FS-Device_Driver/libstm32usb.a(usb_core.o)
                0x0800eacc                Post0_Process
 .text.Out0_Process
                0x0800eb0c       0xd4 lib/STM32_USB-FS-Device_Driver/libstm32usb.a(usb_core.o)
                0x0800eb0c                Out0_Process
 .text.Setup0_Process
                0x0800ebe0      0x2f8 lib/STM32_USB-FS-Device_Driver/libstm32usb.a(usb_core.o)
                0x0800ebe0                Setup0_Process
 .text.SetDeviceAddress
                0x0800eed8       0x40 lib/STM32_USB-FS-Device_Driver/libstm32usb.a(usb_core.o)
                0x0800eed8                SetDeviceAddress
 .text.In0_Process
                0x0800ef18       0x60 lib/STM32_USB-FS-Device_Driver/libstm32usb.a(usb_core.o)
                0x0800ef18                In0_Process
 .text.NOP_Process
                0x0800ef78        0x2 lib/STM32_USB-FS-Device_Driver/libstm32usb.a(usb_core.o)
                0x0800ef78                NOP_Process
 *fill*         0x0800ef7a        0x2 
 .text.USB_Init
                0x0800ef7c       0x38 lib/STM32_USB-FS-Device_Driver/libstm32usb.a(usb_init.o)
                0x0800ef7c                USB_Init
 .text.CTR_LP   0x0800efb4      0x190 lib/STM32_USB-FS-Device_Driver/libstm32usb.a(usb_int.o)
                0x0800efb4                CTR_LP
 .text.CTR_HP   0x0800f144       0x74 lib/STM32_USB-FS-Device_Driver/libstm32usb.a(usb_int.o)
                0x0800f144                CTR_HP
 .text.UserToPMABufferCopy
                0x0800f1b8       0x2e lib/STM32_USB-FS-Device_Driver/libstm32usb.a(usb_mem.o)
                0x0800f1b8                UserToPMABufferCopy
 .text.PMAToUserBufferCopy
                0x0800f1e6       0x24 lib/STM32_USB-FS-Device_Driver/libstm32usb.a(usb_mem.o)
                0x0800f1e6                PMAToUserBufferCopy
 *fill*         0x0800f20a        0x2 
 .text.SetBTABLE
                0x0800f20c       0x10 lib/STM32_USB-FS-Device_Driver/libstm32usb.a(usb_regs.o)
                0x0800f20c                SetBTABLE
 .text.SetEPType
                0x0800f21c       0x18 lib/STM32_USB-FS-Device_Driver/libstm32usb.a(usb_regs.o)
                0x0800f21c                SetEPType
 .text.SetEPTxStatus
                0x0800f234       0x3a lib/STM32_USB-FS-Device_Driver/libstm32usb.a(usb_regs.o)
                0x0800f234                SetEPTxStatus
 .text.SetEPRxStatus
                0x0800f26e       0x3a lib/STM32_USB-FS-Device_Driver/libstm32usb.a(usb_regs.o)
                0x0800f26e                SetEPRxStatus
 .text.SetEPRxValid
                0x0800f2a8       0x22 lib/STM32_USB-FS-Device_Driver/libstm32usb.a(usb_regs.o)
                0x0800f2a8                SetEPRxValid
 .text.Clear_Status_Out
                0x0800f2ca       0x1e lib/STM32_USB-FS-Device_Driver/libstm32usb.a(usb_regs.o)
                0x0800f2ca                Clear_Status_Out
 .text.ClearDTOG_RX
                0x0800f2e8       0x24 lib/STM32_USB-FS-Device_Driver/libstm32usb.a(usb_regs.o)
                0x0800f2e8                ClearDTOG_RX
 .text.ClearDTOG_TX
                0x0800f30c       0x24 lib/STM32_USB-FS-Device_Driver/libstm32usb.a(usb_regs.o)
                0x0800f30c                ClearDTOG_TX
 .text.SetEPTxAddr
                0x0800f330       0x20 lib/STM32_USB-FS-Device_Driver/libstm32usb.a(usb_regs.o)
                0x0800f330                SetEPTxAddr
 .text.SetEPRxAddr
                0x0800f350       0x20 lib/STM32_USB-FS-Device_Driver/libstm32usb.a(usb_regs.o)
                0x0800f350                SetEPRxAddr
 .text.GetEPTxAddr
                0x0800f370       0x1c lib/STM32_USB-FS-Device_Driver/libstm32usb.a(usb_regs.o)
                0x0800f370                GetEPTxAddr
 .text.GetEPRxAddr
                0x0800f38c       0x1c lib/STM32_USB-FS-Device_Driver/libstm32usb.a(usb_regs.o)
                0x0800f38c                GetEPRxAddr
 .text.SetEPTxCount
                0x0800f3a8       0x1c lib/STM32_USB-FS-Device_Driver/libstm32usb.a(usb_regs.o)
                0x0800f3a8                SetEPTxCount
 .text.SetEPRxCount
                0x0800f3c4       0x3c lib/STM32_USB-FS-Device_Driver/libstm32usb.a(usb_regs.o)
                0x0800f3c4                SetEPRxCount
 .text.GetEPRxCount
                0x0800f400       0x20 lib/STM32_USB-FS-Device_Driver/libstm32usb.a(usb_regs.o)
                0x0800f400                GetEPRxCount
 .text.ByteSwap
                0x0800f420        0xa lib/STM32_USB-FS-Device_Driver/libstm32usb.a(usb_regs.o)
                0x0800f420                ByteSwap
 *fill*         0x0800f42a        0x2 
 .text.USB_SIL_Init
                0x0800f42c       0x20 lib/STM32_USB-FS-Device_Driver/libstm32usb.a(usb_sil.o)
                0x0800f42c                USB_SIL_Init
 .text.USB_SIL_Write
                0x0800f44c       0x28 lib/STM32_USB-FS-Device_Driver/libstm32usb.a(usb_sil.o)
                0x0800f44c                USB_SIL_Write
 .text.USB_SIL_Read
                0x0800f474       0x24 lib/STM32_USB-FS-Device_Driver/libstm32usb.a(usb_sil.o)
                0x0800f474                USB_SIL_Read
 .text.exit     0x0800f498       0x28 /home/laurence/ARM-GCC/bin/../lib/gcc/arm-none-eabi/5.3.1/../../../../arm-none-eabi/lib/armv7-m/libg_nano.a(lib_a-exit.o)
                0x0800f498                exit
 .text.__libc_init_array
                0x0800f4c0       0x4c /home/laurence/ARM-GCC/bin/../lib/gcc/arm-none-eabi/5.3.1/../../../../arm-none-eabi/lib/armv7-m/libg_nano.a(lib_a-init.o)
                0x0800f4c0                __libc_init_array
 .text.memset   0x0800f50c       0x10 /home/laurence/ARM-GCC/bin/../lib/gcc/arm-none-eabi/5.3.1/../../../../arm-none-eabi/lib/armv7-m/libg_nano.a(lib_a-memset.o)
                0x0800f50c                memset
 .text.srand    0x0800f51c       0x50 /home/laurence/ARM-GCC/bin/../lib/gcc/arm-none-eabi/5.3.1/../../../../arm-none-eabi/lib/armv7-m/libg_nano.a(lib_a-rand.o)
                0x0800f51c                srand
 .text.rand     0x0800f56c       0x74 /home/laurence/ARM-GCC/bin/../lib/gcc/arm-none-eabi/5.3.1/../../../../arm-none-eabi/lib/armv7-m/libg_nano.a(lib_a-rand.o)
                0x0800f56c                rand
 .text.malloc   0x0800f5e0       0x10 /home/laurence/ARM-GCC/bin/../lib/gcc/arm-none-eabi/5.3.1/../../../../arm-none-eabi/lib/armv7-m/libg_nano.a(lib_a-malloc.o)
                0x0800f5e0                malloc
 .text._malloc_r
                0x0800f5f0       0xa8 /home/laurence/ARM-GCC/bin/../lib/gcc/arm-none-eabi/5.3.1/../../../../arm-none-eabi/lib/armv7-m/libg_nano.a(lib_a-nano-mallocr.o)
                0x0800f5f0                _malloc_r
 .text._sbrk_r  0x0800f698       0x20 /home/laurence/ARM-GCC/bin/../lib/gcc/arm-none-eabi/5.3.1/../../../../arm-none-eabi/lib/armv7-m/libg_nano.a(lib_a-sbrkr.o)
                0x0800f698                _sbrk_r
 .text._sbrk    0x0800f6b8       0x1c /home/laurence/ARM-GCC/bin/../lib/gcc/arm-none-eabi/5.3.1/../../../../arm-none-eabi/lib/armv7-m/libnosys.a(sbrk.o)
                0x0800f6b8                _sbrk
 .text._exit    0x0800f6d4        0x4 /home/laurence/ARM-GCC/bin/../lib/gcc/arm-none-eabi/5.3.1/../../../../arm-none-eabi/lib/armv7-m/libnosys.a(_exit.o)
                0x0800f6d4                _exit
 .text.roundf   0x0800f6d8       0x48 /home/laurence/ARM-GCC/bin/../lib/gcc/arm-none-eabi/5.3.1/../../../../arm-none-eabi/lib/armv7-m/libm.a(lib_a-sf_round.o)
                0x0800f6d8                roundf
 .text.sinf     0x0800f720       0x7c /home/laurence/ARM-GCC/bin/../lib/gcc/arm-none-eabi/5.3.1/../../../../arm-none-eabi/lib/armv7-m/libm.a(lib_a-sf_sin.o)
                0x0800f720                sinf
 .text.atan2    0x0800f79c        0x4 /home/laurence/ARM-GCC/bin/../lib/gcc/arm-none-eabi/5.3.1/../../../../arm-none-eabi/lib/armv7-m/libm.a(lib_a-w_atan2.o)
                0x0800f79c                atan2
 .text.acosf    0x0800f7a0       0xa4 /home/laurence/ARM-GCC/bin/../lib/gcc/arm-none-eabi/5.3.1/../../../../arm-none-eabi/lib/armv7-m/libm.a(lib_a-wf_acos.o)
                0x0800f7a0                acosf
 .text.atan2f   0x0800f844        0x4 /home/laurence/ARM-GCC/bin/../lib/gcc/arm-none-eabi/5.3.1/../../../../arm-none-eabi/lib/armv7-m/libm.a(lib_a-wf_atan2.o)
                0x0800f844                atan2f
 .text.sqrtf    0x0800f848       0x9c /home/laurence/ARM-GCC/bin/../lib/gcc/arm-none-eabi/5.3.1/../../../../arm-none-eabi/lib/armv7-m/libm.a(lib_a-wf_sqrt.o)
                0x0800f848                sqrtf
 *fill*         0x0800f8e4        0x4 
 .text.__ieee754_atan2
                0x0800f8e8      0x194 /home/laurence/ARM-GCC/bin/../lib/gcc/arm-none-eabi/5.3.1/../../../../arm-none-eabi/lib/armv7-m/libm.a(lib_a-e_atan2.o)
                0x0800f8e8                __ieee754_atan2
 .text.__ieee754_acosf
                0x0800fa7c      0x2c8 /home/laurence/ARM-GCC/bin/../lib/gcc/arm-none-eabi/5.3.1/../../../../arm-none-eabi/lib/armv7-m/libm.a(lib_a-ef_acos.o)
                0x0800fa7c                __ieee754_acosf
 .text.__ieee754_atan2f
                0x0800fd44      0x124 /home/laurence/ARM-GCC/bin/../lib/gcc/arm-none-eabi/5.3.1/../../../../arm-none-eabi/lib/armv7-m/libm.a(lib_a-ef_atan2.o)
                0x0800fd44                __ieee754_atan2f
 .text.__ieee754_rem_pio2f
                0x0800fe68      0x2e4 /home/laurence/ARM-GCC/bin/../lib/gcc/arm-none-eabi/5.3.1/../../../../arm-none-eabi/lib/armv7-m/libm.a(lib_a-ef_rem_pio2.o)
                0x0800fe68                __ieee754_rem_pio2f
 .text.__ieee754_sqrtf
                0x0801014c       0xa8 /home/laurence/ARM-GCC/bin/../lib/gcc/arm-none-eabi/5.3.1/../../../../arm-none-eabi/lib/armv7-m/libm.a(lib_a-ef_sqrt.o)
                0x0801014c                __ieee754_sqrtf
 .text.__kernel_cosf
                0x080101f4      0x188 /home/laurence/ARM-GCC/bin/../lib/gcc/arm-none-eabi/5.3.1/../../../../arm-none-eabi/lib/armv7-m/libm.a(lib_a-kf_cos.o)
                0x080101f4                __kernel_cosf
 .text.__kernel_rem_pio2f
                0x0801037c      0x6a8 /home/laurence/ARM-GCC/bin/../lib/gcc/arm-none-eabi/5.3.1/../../../../arm-none-eabi/lib/armv7-m/libm.a(lib_a-kf_rem_pio2.o)
                0x0801037c                __kernel_rem_pio2f
 .text.__kernel_sinf
                0x08010a24       0xec /home/laurence/ARM-GCC/bin/../lib/gcc/arm-none-eabi/5.3.1/../../../../arm-none-eabi/lib/armv7-m/libm.a(lib_a-kf_sin.o)
                0x08010a24                __kernel_sinf
 .text.atan     0x08010b10      0x33c /home/laurence/ARM-GCC/bin/../lib/gcc/arm-none-eabi/5.3.1/../../../../arm-none-eabi/lib/armv7-m/libm.a(lib_a-s_atan.o)
                0x08010b10                atan
 .text.fabs     0x08010e4c        0x8 /home/laurence/ARM-GCC/bin/../lib/gcc/arm-none-eabi/5.3.1/../../../../arm-none-eabi/lib/armv7-m/libm.a(lib_a-s_fabs.o)
                0x08010e4c                fabs
 .text.matherr  0x08010e54        0x4 /home/laurence/ARM-GCC/bin/../lib/gcc/arm-none-eabi/5.3.1/../../../../arm-none-eabi/lib/armv7-m/libm.a(lib_a-s_matherr.o)
                0x08010e54                matherr
 .text.nan      0x08010e58        0xc /home/laurence/ARM-GCC/bin/../lib/gcc/arm-none-eabi/5.3.1/../../../../arm-none-eabi/lib/armv7-m/libm.a(lib_a-s_nan.o)
                0x08010e58                nan
 .text.atanf    0x08010e64      0x22c /home/laurence/ARM-GCC/bin/../lib/gcc/arm-none-eabi/5.3.1/../../../../arm-none-eabi/lib/armv7-m/libm.a(lib_a-sf_atan.o)
                0x08010e64                atanf
 .text.fabsf    0x08011090        0x8 /home/laurence/ARM-GCC/bin/../lib/gcc/arm-none-eabi/5.3.1/../../../../arm-none-eabi/lib/armv7-m/libm.a(lib_a-sf_fabs.o)
                0x08011090                fabsf
 .text.floorf   0x08011098       0x8c /home/laurence/ARM-GCC/bin/../lib/gcc/arm-none-eabi/5.3.1/../../../../arm-none-eabi/lib/armv7-m/libm.a(lib_a-sf_floor.o)
                0x08011098                floorf
 .text.scalbnf  0x08011124       0xb0 /home/laurence/ARM-GCC/bin/../lib/gcc/arm-none-eabi/5.3.1/../../../../arm-none-eabi/lib/armv7-m/libm.a(lib_a-sf_scalbn.o)
                0x08011124                scalbnf
 .text.copysignf
                0x080111d4        0xc /home/laurence/ARM-GCC/bin/../lib/gcc/arm-none-eabi/5.3.1/../../../../arm-none-eabi/lib/armv7-m/libm.a(lib_a-sf_copysign.o)
                0x080111d4                copysignf
 .text          0x080111e0      0x370 /home/laurence/ARM-GCC/bin/../lib/gcc/arm-none-eabi/5.3.1/armv7-m/libgcc.a(_arm_addsubdf3.o)
                0x080111e0                __aeabi_drsub
                0x080111e8                __aeabi_dsub
                0x080111e8                __subdf3
                0x080111ec                __adddf3
                0x080111ec                __aeabi_dadd
                0x08011464                __aeabi_ui2d
                0x08011464                __floatunsidf
                0x08011484                __floatsidf
                0x08011484                __aeabi_i2d
                0x080114a8                __extendsfdf2
                0x080114a8                __aeabi_f2d
                0x080114e4                __aeabi_ul2d
                0x080114e4                __floatundidf
                0x080114f4                __floatdidf
                0x080114f4                __aeabi_l2d
 .text          0x08011550      0x424 /home/laurence/ARM-GCC/bin/../lib/gcc/arm-none-eabi/5.3.1/armv7-m/libgcc.a(_arm_muldivdf3.o)
                0x08011550                __aeabi_dmul
                0x08011550                __muldf3
                0x080117a4                __aeabi_ddiv
                0x080117a4                __divdf3
 .text          0x08011974      0x110 /home/laurence/ARM-GCC/bin/../lib/gcc/arm-none-eabi/5.3.1/armv7-m/libgcc.a(_arm_cmpdf2.o)
                0x08011974                __gtdf2
                0x08011974                __gedf2
                0x0801197c                __ltdf2
                0x0801197c                __ledf2
                0x08011984                __cmpdf2
                0x08011984                __eqdf2
                0x08011984                __nedf2
                0x08011a00                __aeabi_cdrcmple
                0x08011a10                __aeabi_cdcmple
                0x08011a10                __aeabi_cdcmpeq
                0x08011a20                __aeabi_dcmpeq
                0x08011a34                __aeabi_dcmplt
                0x08011a48                __aeabi_dcmple
                0x08011a5c                __aeabi_dcmpge
                0x08011a70                __aeabi_dcmpgt
 .text          0x08011a84       0x50 /home/laurence/ARM-GCC/bin/../lib/gcc/arm-none-eabi/5.3.1/armv7-m/libgcc.a(_arm_fixdfsi.o)
                0x08011a84                __fixdfsi
                0x08011a84                __aeabi_d2iz
 .text          0x08011ad4       0x40 /home/laurence/ARM-GCC/bin/../lib/gcc/arm-none-eabi/5.3.1/armv7-m/libgcc.a(_arm_fixunsdfsi.o)
                0x08011ad4                __fixunsdfsi
                0x08011ad4                __aeabi_d2uiz
 .text          0x08011b14       0xa0 /home/laurence/ARM-GCC/bin/../lib/gcc/arm-none-eabi/5.3.1/armv7-m/libgcc.a(_arm_truncdfsf2.o)
                0x08011b14                __aeabi_d2f
                0x08011b14                __truncdfsf2
 .text          0x08011bb4      0x21c /home/laurence/ARM-GCC/bin/../lib/gcc/arm-none-eabi/5.3.1/armv7-m/libgcc.a(_arm_addsubsf3.o)
                0x08011bb4                __aeabi_frsub
                0x08011bbc                __subsf3
                0x08011bbc                __aeabi_fsub
                0x08011bc0                __aeabi_fadd
                0x08011bc0                __addsf3
                0x08011d20                __aeabi_ui2f
                0x08011d20                __floatunsisf
                0x08011d28                __aeabi_i2f
                0x08011d28                __floatsisf
                0x08011d44                __floatundisf
                0x08011d44                __aeabi_ul2f
                0x08011d54                __floatdisf
                0x08011d54                __aeabi_l2f
 .text          0x08011dd0      0x2a0 /home/laurence/ARM-GCC/bin/../lib/gcc/arm-none-eabi/5.3.1/armv7-m/libgcc.a(_arm_muldivsf3.o)
                0x08011dd0                __mulsf3
                0x08011dd0                __aeabi_fmul
                0x08011f38                __divsf3
                0x08011f38                __aeabi_fdiv
 .text          0x08012070       0xec /home/laurence/ARM-GCC/bin/../lib/gcc/arm-none-eabi/5.3.1/armv7-m/libgcc.a(_arm_cmpsf2.o)
                0x08012070                __gtsf2
                0x08012070                __gesf2
                0x08012078                __lesf2
                0x08012078                __ltsf2
                0x08012080                __nesf2
                0x08012080                __eqsf2
                0x08012080                __cmpsf2
                0x080120e0                __aeabi_cfrcmple
                0x080120e8                __aeabi_cfcmple
                0x080120e8                __aeabi_cfcmpeq
                0x080120f8                __aeabi_fcmpeq
                0x0801210c                __aeabi_fcmplt
                0x08012120                __aeabi_fcmple
                0x08012134                __aeabi_fcmpge
                0x08012148                __aeabi_fcmpgt
 .text          0x0801215c       0x2c /home/laurence/ARM-GCC/bin/../lib/gcc/arm-none-eabi/5.3.1/armv7-m/libgcc.a(_arm_unordsf2.o)
                0x0801215c                __aeabi_fcmpun
                0x0801215c                __unordsf2
 .text          0x08012188       0x4c /home/laurence/ARM-GCC/bin/../lib/gcc/arm-none-eabi/5.3.1/armv7-m/libgcc.a(_arm_fixsfsi.o)
                0x08012188                __fixsfsi
                0x08012188                __aeabi_f2iz
 .text          0x080121d4       0x40 /home/laurence/ARM-GCC/bin/../lib/gcc/arm-none-eabi/5.3.1/armv7-m/libgcc.a(_arm_fixunssfsi.o)
                0x080121d4                __aeabi_f2uiz
                0x080121d4                __fixunssfsi
 .text.__errno  0x08012214        0xc /home/laurence/ARM-GCC/bin/../lib/gcc/arm-none-eabi/5.3.1/../../../../arm-none-eabi/lib/armv7-m/libg_nano.a(lib_a-errno.o)
                0x08012214                __errno
 .text.memcmp   0x08012220       0x1e /home/laurence/ARM-GCC/bin/../lib/gcc/arm-none-eabi/5.3.1/../../../../arm-none-eabi/lib/armv7-m/libg_nano.a(lib_a-memcmp.o)
                0x08012220                memcmp
 .text.memcpy   0x0801223e       0x16 /home/laurence/ARM-GCC/bin/../lib/gcc/arm-none-eabi/5.3.1/../../../../arm-none-eabi/lib/armv7-m/libg_nano.a(lib_a-memcpy-stub.o)
                0x0801223e                memcpy
 .text          0x08012254       0x10 /home/laurence/ARM-GCC/bin/../lib/gcc/arm-none-eabi/5.3.1/../../../../arm-none-eabi/lib/armv7-m/libg_nano.a(lib_a-strlen.o)
                0x08012254                strlen
 *(.init)
 .init          0x08012264        0x4 /home/laurence/ARM-GCC/bin/../lib/gcc/arm-none-eabi/5.3.1/armv7-m/crti.o
                0x08012264                _init
 .init          0x08012268        0x8 /home/laurence/ARM-GCC/bin/../lib/gcc/arm-none-eabi/5.3.1/armv7-m/crtn.o
 *(.fini)
 .fini          0x08012270        0x4 /home/laurence/ARM-GCC/bin/../lib/gcc/arm-none-eabi/5.3.1/armv7-m/crti.o
                0x08012270                _fini
 .fini          0x08012274        0x8 /home/laurence/ARM-GCC/bin/../lib/gcc/arm-none-eabi/5.3.1/armv7-m/crtn.o
 *crtbegin.o(.ctors)
 *crtbegin?.o(.ctors)
 *(EXCLUDE_FILE(*crtend.o *crtend?.o) .ctors)
 *(SORT(.ctors.*))
 *(.ctors)
 *crtbegin.o(.dtors)
 *crtbegin?.o(.dtors)
 *(EXCLUDE_FILE(*crtend.o *crtend?.o) .dtors)
 *(SORT(.dtors.*))
 *(.dtors)
 *(.rodata*)
 .rodata        0x0801227c       0xb8 /tmp/cc5hsdtp.ltrans0.ltrans.o
                0x08012324                DaysInMonth.lto_priv.97
                0x08012330                SystemFrequency
 .rodata.str1.4
                0x08012334      0x402 /tmp/cc5hsdtp.ltrans0.ltrans.o
                                0x40e (size before relaxing)
 *fill*         0x08012736        0x2 
 .rodata        0x08012738      0x180 /tmp/cc5hsdtp.ltrans3.ltrans.o
 .rodata.str1.4
                0x080128b8       0x13 /tmp/cc5hsdtp.ltrans3.ltrans.o
 *fill*         0x080128cb        0x1 
 .rodata.str1.4
                0x080128cc        0x6 /tmp/cc5hsdtp.ltrans4.ltrans.o
 *fill*         0x080128d2        0x2 
 .rodata        0x080128d4      0x3d0 /tmp/cc5hsdtp.ltrans5.ltrans.o
                0x080128d4                LfnOfs.lto_priv.101
 .rodata.str1.4
                0x08012ca4        0x9 /tmp/cc5hsdtp.ltrans9.ltrans.o
 *fill*         0x08012cad        0x3 
 .rodata        0x08012cb0       0xac /tmp/cc5hsdtp.ltrans12.ltrans.o
 .rodata.str1.1
                0x08012d5c        0x2 /home/laurence/ARM-GCC/bin/../lib/gcc/arm-none-eabi/5.3.1/../../../../arm-none-eabi/lib/armv7-m/libg_nano.a(lib_a-impure.o)
 *fill*         0x08012d5e        0x2 
 .rodata._global_impure_ptr
                0x08012d60        0x4 /home/laurence/ARM-GCC/bin/../lib/gcc/arm-none-eabi/5.3.1/../../../../arm-none-eabi/lib/armv7-m/libg_nano.a(lib_a-impure.o)
                0x08012d60                _global_impure_ptr
 .rodata.str1.4
                0x08012d64        0x6 /home/laurence/ARM-GCC/bin/../lib/gcc/arm-none-eabi/5.3.1/../../../../arm-none-eabi/lib/armv7-m/libm.a(lib_a-wf_acos.o)
                                  0x9 (size before relaxing)
 *fill*         0x08012d6a        0x2 
 .rodata.str1.4
                0x08012d6c        0x8 /home/laurence/ARM-GCC/bin/../lib/gcc/arm-none-eabi/5.3.1/../../../../arm-none-eabi/lib/armv7-m/libm.a(lib_a-wf_sqrt.o)
                                  0x6 (size before relaxing)
 .rodata.npio2_hw
                0x08012d74       0x80 /home/laurence/ARM-GCC/bin/../lib/gcc/arm-none-eabi/5.3.1/../../../../arm-none-eabi/lib/armv7-m/libm.a(lib_a-ef_rem_pio2.o)
 .rodata.two_over_pi
                0x08012df4      0x318 /home/laurence/ARM-GCC/bin/../lib/gcc/arm-none-eabi/5.3.1/../../../../arm-none-eabi/lib/armv7-m/libm.a(lib_a-ef_rem_pio2.o)
 .rodata.init_jk
                0x0801310c        0xc /home/laurence/ARM-GCC/bin/../lib/gcc/arm-none-eabi/5.3.1/../../../../arm-none-eabi/lib/armv7-m/libm.a(lib_a-kf_rem_pio2.o)
 .rodata.PIo2   0x08013118       0x2c /home/laurence/ARM-GCC/bin/../lib/gcc/arm-none-eabi/5.3.1/../../../../arm-none-eabi/lib/armv7-m/libm.a(lib_a-kf_rem_pio2.o)
 *fill*         0x08013144        0x4 
 .rodata.atanlo
                0x08013148       0x20 /home/laurence/ARM-GCC/bin/../lib/gcc/arm-none-eabi/5.3.1/../../../../arm-none-eabi/lib/armv7-m/libm.a(lib_a-s_atan.o)
 .rodata.atanhi
                0x08013168       0x20 /home/laurence/ARM-GCC/bin/../lib/gcc/arm-none-eabi/5.3.1/../../../../arm-none-eabi/lib/armv7-m/libm.a(lib_a-s_atan.o)
 .rodata.atanlo
                0x08013188       0x10 /home/laurence/ARM-GCC/bin/../lib/gcc/arm-none-eabi/5.3.1/../../../../arm-none-eabi/lib/armv7-m/libm.a(lib_a-sf_atan.o)
 .rodata.atanhi
                0x08013198       0x10 /home/laurence/ARM-GCC/bin/../lib/gcc/arm-none-eabi/5.3.1/../../../../arm-none-eabi/lib/armv7-m/libm.a(lib_a-sf_atan.o)
 *(.eh_frame*)
 .eh_frame      0x080131a8        0x0 /home/laurence/ARM-GCC/bin/../lib/gcc/arm-none-eabi/5.3.1/armv7-m/crtbegin.o
 .eh_frame      0x080131a8        0x4 /home/laurence/ARM-GCC/bin/../lib/gcc/arm-none-eabi/5.3.1/armv7-m/crtend.o

.glue_7         0x080131ac        0x0
 .glue_7        0x080131ac        0x0 linker stubs

.glue_7t        0x080131ac        0x0
 .glue_7t       0x080131ac        0x0 linker stubs

.vfp11_veneer   0x080131ac        0x0
 .vfp11_veneer  0x080131ac        0x0 linker stubs

.v4_bx          0x080131ac        0x0
 .v4_bx         0x080131ac        0x0 linker stubs

.iplt           0x080131ac        0x0
 .iplt          0x080131ac        0x0 /home/laurence/ARM-GCC/bin/../lib/gcc/arm-none-eabi/5.3.1/armv7-m/crtbegin.o

.ARM.extab
 *(.ARM.extab* .gnu.linkonce.armextab.*)
                0x080131ac                __exidx_start = .

.ARM.exidx      0x080131ac        0x8
 *(.ARM.exidx* .gnu.linkonce.armexidx.*)
 .ARM.exidx     0x080131ac        0x8 /home/laurence/ARM-GCC/bin/../lib/gcc/arm-none-eabi/5.3.1/../../../../arm-none-eabi/lib/armv7-m/crt0.o
                0x080131b4                __exidx_end = .
                0x080131b4                __etext = .

.rel.dyn        0x080131b4        0x0
 .rel.iplt      0x080131b4        0x0 /home/laurence/ARM-GCC/bin/../lib/gcc/arm-none-eabi/5.3.1/armv7-m/crtbegin.o

.data           0x20000000      0x268 load address 0x080131b4
                0x20000000                __data_start__ = .
 *(vtable)
 *(.data*)
 .data          0x20000000        0x9 /tmp/cc5hsdtp.ltrans0.ltrans.o
                0x20000008                SP1ML_network_address
 *fill*         0x20000009        0x3 
 .data          0x2000000c       0x7c /tmp/cc5hsdtp.ltrans1.ltrans.o
                0x2000006c                pEpInt_OUT
 .data          0x20000088        0x3 /tmp/cc5hsdtp.ltrans2.ltrans.o
                0x20000088                RLD_replaced.lto_priv.86
 *fill*         0x2000008b        0x1 
 .data          0x2000008c        0x2 /tmp/cc5hsdtp.ltrans6.ltrans.o
 .data          0x2000008e        0x1 /tmp/cc5hsdtp.ltrans8.ltrans.o
                0x2000008e                rtc_correction
 *fill*         0x2000008f        0x1 
 .data          0x20000090       0x24 /tmp/cc5hsdtp.ltrans9.ltrans.o
 .data          0x200000b4       0x12 /tmp/cc5hsdtp.ltrans11.ltrans.o
                0x200000b4                Scsi_Sense_Data
 *fill*         0x200000c6        0x2 
 .data          0x200000c8       0x76 /tmp/cc5hsdtp.ltrans12.ltrans.o
                0x20000100                User_Standard_Requests
                0x20000124                MASS_StringSerial
 *fill*         0x2000013e        0x2 
 .data          0x20000140       0x7d /tmp/cc5hsdtp.ltrans13.ltrans.o
                0x20000140                Device_Property
                0x20000174                I2C_jobs
 .data          0x200001bd        0x1 /tmp/cc5hsdtp.ltrans15.ltrans.o
                0x200001bd                Stat.lto_priv.67
 *fill*         0x200001be        0x2 
 .data          0x200001c0       0x20 /tmp/cc5hsdtp.ltrans16.ltrans.o
                0x200001c0                Device_Table
                0x200001c4                pEpInt_IN
 .data.ADCPrescTable
                0x200001e0        0x4 lib/STM32F10x_StdPeriph_Driver/libstm32fw.a(stm32f10x_rcc.o)
 .data.APBAHBPrescTable
                0x200001e4       0x10 lib/STM32F10x_StdPeriph_Driver/libstm32fw.a(stm32f10x_rcc.o)
 .data.impure_data
                0x200001f4       0x60 /home/laurence/ARM-GCC/bin/../lib/gcc/arm-none-eabi/5.3.1/../../../../arm-none-eabi/lib/armv7-m/libg_nano.a(lib_a-impure.o)
 .data._impure_ptr
                0x20000254        0x4 /home/laurence/ARM-GCC/bin/../lib/gcc/arm-none-eabi/5.3.1/../../../../arm-none-eabi/lib/armv7-m/libg_nano.a(lib_a-impure.o)
                0x20000254                _impure_ptr
 .data.__fdlib_version
                0x20000258        0x1 /home/laurence/ARM-GCC/bin/../lib/gcc/arm-none-eabi/5.3.1/../../../../arm-none-eabi/lib/armv7-m/libm.a(lib_a-s_lib_ver.o)
                0x20000258                __fdlib_version
                0x2000025c                . = ALIGN (0x4)
 *fill*         0x20000259        0x3 
                0x2000025c                PROVIDE (__preinit_array_start, .)
 *(.preinit_array)
                0x2000025c                PROVIDE (__preinit_array_end, .)
                0x2000025c                . = ALIGN (0x4)
                0x2000025c                PROVIDE (__init_array_start, .)
 *(SORT(.init_array.*))
 *(.init_array)
 .init_array    0x2000025c        0x4 /home/laurence/ARM-GCC/bin/../lib/gcc/arm-none-eabi/5.3.1/armv7-m/crtbegin.o
                0x20000260                PROVIDE (__init_array_end, .)
                0x20000260                . = ALIGN (0x4)
                [!provide]                PROVIDE (__fini_array_start, .)
 *(SORT(.fini_array.*))
 *(.fini_array)
 .fini_array    0x20000260        0x4 /home/laurence/ARM-GCC/bin/../lib/gcc/arm-none-eabi/5.3.1/armv7-m/crtbegin.o
                [!provide]                PROVIDE (__fini_array_end, .)
 *(.jcr*)
 .jcr           0x20000264        0x0 /home/laurence/ARM-GCC/bin/../lib/gcc/arm-none-eabi/5.3.1/armv7-m/crtbegin.o
 .jcr           0x20000264        0x4 /home/laurence/ARM-GCC/bin/../lib/gcc/arm-none-eabi/5.3.1/armv7-m/crtend.o
                0x20000268                . = ALIGN (0x4)
                0x20000268                __data_end__ = .

.igot.plt       0x20000268        0x0 load address 0x0801341c
 .igot.plt      0x20000268        0x0 /home/laurence/ARM-GCC/bin/../lib/gcc/arm-none-eabi/5.3.1/armv7-m/crtbegin.o

.bss            0x20000268     0x13dc load address 0x08013420
                0x20000268                . = ALIGN (0x4)
                0x20000268                __bss_start__ = .
 *(.bss*)
 .bss           0x20000268       0x1c /home/laurence/ARM-GCC/bin/../lib/gcc/arm-none-eabi/5.3.1/armv7-m/crtbegin.o
 *fill*         0x20000284        0x4 
 .bss           0x20000288      0x708 /tmp/cc5hsdtp.ltrans0.ltrans.o
                0x200006b0                bootsource
                0x200006b8                rputchar.lto_priv.94
                0x200006bc                Status
                0x200006c0                Data_Buffer
                0x200006c4                bDeviceState
                0x200006c8                Battery_Voltage
                0x200006cc                Jobs
                0x20000708                file_opened
                0x2000070c                PI_glob
                0x20000724                I_limits
                0x20000730                flashCodeEnabled
                0x2000073c                GPS_telem
                0x2000074c                flashCode
                0x20000751                SP1ML_state
                0x20000755                System_state_Global
                0x20000756                Shutdown_System
                0x2000098c                FatFs.lto_priv.99
 .bss           0x20000990       0x18 /tmp/cc5hsdtp.ltrans1.ltrans.o
                0x20000998                SCSI_LBA
                0x2000099c                SCSI_BlkLen
 .bss           0x200009a8      0x341 /tmp/cc5hsdtp.ltrans2.ltrans.o
                0x200009a8                Usart1_tx_buff
                0x20000aec                rld_sense.lto_priv.88
                0x20000af2                rld_replace_counter.lto_priv.87
                0x20000af4                Completed_Jobs
                0x20000af8                IMU_buff
                0x20000b98                LSM9DS1_Gyro_Buffer
                0x20000ba4                LSM9DS1_Acc_Buffer
                0x20000bac                LSM9DS1_Mag_Buffer
                0x20000bb4                I2C1error
                0x20000bbe                I2C_failure
                0x20000c80                Filtered_ECG
                0x20000c94                SP1ML_tx_rx_state
                0x20000ca0                SP1ML_tx_sequence_number
                0x20000ca4                Usart3_rx_buff
                0x20000cb4                RN42_tx_sequence_number
                0x20000cb8                Usart1_rx_buff
                0x20000cd4                Usart3_tx_buff
                0x20000ce4                SP1ML_tx_bytes
                0x20000ce8                SP1ML_withold
 *fill*         0x20000ce9        0x1 
 .bss           0x20000cea        0x2 /tmp/cc5hsdtp.ltrans3.ltrans.o
 .bss           0x20000cec       0x80 /tmp/cc5hsdtp.ltrans4.ltrans.o
 .bss           0x20000d6c      0x32c /tmp/cc5hsdtp.ltrans8.ltrans.o
                0x20000d6c                FATFS_wavfile
                0x20000f90                LSM9DS1_Mag_Offset
                0x20000f98                Gps_Buffer
                0x20000fa4                wct.lto_priv.70
                0x20000fa6                channel_wct_conf.lto_priv.69
                0x20000fa7                ADS1298_Error_Status
                0x20000fa8                Enable.lto_priv.72
                0x20000fac                ECG_buffers
                0x2000102c                Gain.lto_priv.78
                0x2000102d                Actual_gain.lto_priv.75
                0x2000102e                Cap.lto_priv.74
                0x2000102f                quality_mask.lto_priv.71
                0x20001030                qualityfilter.lto_priv.73
                0x20001050                old_wct.lto_priv.77
                0x20001054                Millis
                0x20001058                old_quality_mask.lto_priv.76
                0x20001064                Gps
                0x20001097                read_transaction.lto_priv.68
 .bss           0x20001098        0xc /tmp/cc5hsdtp.ltrans9.ltrans.o
 .bss           0x200010a4        0x4 /tmp/cc5hsdtp.ltrans10.ltrans.o
 .bss           0x200010a8       0x20 /tmp/cc5hsdtp.ltrans11.ltrans.o
                0x200010a8                CBW
 .bss           0x200010c8       0x6e /tmp/cc5hsdtp.ltrans12.ltrans.o
                0x200010c8                Max_Lun
                0x200010cc                Mass_Block_Count
                0x200010d4                Mass_Block_Size
                0x200010dc                Data_Len
                0x200010e4                TransferState
                0x200010f4                Bulk_Data_Buff
 *fill*         0x20001136        0x2 
 .bss           0x20001138       0x15 /tmp/cc5hsdtp.ltrans13.ltrans.o
                0x20001138                wIstr
                0x2000113c                Timer1.lto_priv.96
 *fill*         0x2000114d        0x3 
 .bss           0x20001150      0x44d /tmp/cc5hsdtp.ltrans14.ltrans.o
                0x20001154                FATFS_wavfile_gps
                0x20001378                FATFS_wavfile_imu
                0x2000159c                CurrVol.lto_priv.98
 *fill*         0x2000159d        0x3 
 .bss           0x200015a0       0x40 /tmp/cc5hsdtp.ltrans15.ltrans.o
                0x200015a0                CardType.lto_priv.95
                0x200015a1                Sd_Spi_Called_From_USB_MSC
                0x200015a4                CSW
                0x200015b4                Bot_State
                0x200015b8                print_string
                0x200015dc                Timer2.lto_priv.92
 .bss           0x200015e0       0x14 /tmp/cc5hsdtp.ltrans16.ltrans.o
 .bss.Data_Mul_MaxPacketSize
                0x200015f4        0x1 lib/STM32_USB-FS-Device_Driver/libstm32usb.a(usb_core.o)
                0x200015f4                Data_Mul_MaxPacketSize
 *fill*         0x200015f5        0x3 
 .bss.__malloc_sbrk_start
                0x200015f8        0x4 /home/laurence/ARM-GCC/bin/../lib/gcc/arm-none-eabi/5.3.1/../../../../arm-none-eabi/lib/armv7-m/libg_nano.a(lib_a-nano-mallocr.o)
                0x200015f8                __malloc_sbrk_start
 .bss.__malloc_free_list
                0x200015fc        0x4 /home/laurence/ARM-GCC/bin/../lib/gcc/arm-none-eabi/5.3.1/../../../../arm-none-eabi/lib/armv7-m/libg_nano.a(lib_a-nano-mallocr.o)
                0x200015fc                __malloc_free_list
 .bss.heap_end.4167
                0x20001600        0x4 /home/laurence/ARM-GCC/bin/../lib/gcc/arm-none-eabi/5.3.1/../../../../arm-none-eabi/lib/armv7-m/libnosys.a(sbrk.o)
 *(COMMON)
 COMMON         0x20001604        0x2 lib/STM32_USB-FS-Device_Driver/libstm32usb.a(usb_core.o)
                0x20001604                StatusInfo
 *fill*         0x20001606        0x2 
 COMMON         0x20001608       0x32 lib/STM32_USB-FS-Device_Driver/libstm32usb.a(usb_init.o)
                0x20001608                SaveState
                0x2000160c                pProperty
                0x20001610                EPindex
                0x20001614                Device_Info
                0x20001630                pUser_Standard_Requests
                0x20001634                pInformation
                0x20001638                wInterrupt_Mask
 COMMON         0x2000163a        0x4 lib/STM32_USB-FS-Device_Driver/libstm32usb.a(usb_int.o)
                0x2000163a                SaveRState
                0x2000163c                SaveTState
 *fill*         0x2000163e        0x2 
 COMMON         0x20001640        0x4 /home/laurence/ARM-GCC/bin/../lib/gcc/arm-none-eabi/5.3.1/../../../../arm-none-eabi/lib/armv7-m/libg_nano.a(lib_a-reent.o)
                0x20001640                errno
                0x20001644                . = ALIGN (0x4)
                0x20001644                __bss_end__ = .

.heap           0x20001648        0x0
                0x20001648                __end__ = .
                0x20001648                end = __end__
 *(.heap*)
 .heap          0x20001648        0x0 lib/ARM-GCC/startup_ARMCM3.o
                0x20001648                __HeapLimit = .

.stack_dummy    0x20001648      0xc00
 *(.stack*)
 .stack         0x20001648      0xc00 lib/ARM-GCC/startup_ARMCM3.o
                0x20005000                __StackTop = (ORIGIN (RAM) + LENGTH (RAM))
                0x20004400                __StackLimit = (__StackTop - SIZEOF (.stack_dummy))
                0x20005000                PROVIDE (__stack, __StackTop)
                0x00000001                ASSERT ((__StackLimit >= __HeapLimit), region RAM overflowed with stack)
OUTPUT(main.elf elf32-littlearm)

.ARM.attributes
                0x00000000       0x29
 .ARM.attributes
                0x00000000       0x1d /home/laurence/ARM-GCC/bin/../lib/gcc/arm-none-eabi/5.3.1/armv7-m/crti.o
 .ARM.attributes
                0x0000001d       0x2d /home/laurence/ARM-GCC/bin/../lib/gcc/arm-none-eabi/5.3.1/armv7-m/crtbegin.o
 .ARM.attributes
                0x0000004a       0x1b /home/laurence/ARM-GCC/bin/../lib/gcc/arm-none-eabi/5.3.1/../../../../arm-none-eabi/lib/armv7-m/crt0.o
 .ARM.attributes
                0x00000065       0x31 /tmp/cc5hsdtp.ltrans0.ltrans.o
 .ARM.attributes
                0x00000096       0x31 /tmp/cc5hsdtp.ltrans1.ltrans.o
 .ARM.attributes
                0x000000c7       0x31 /tmp/cc5hsdtp.ltrans2.ltrans.o
 .ARM.attributes
                0x000000f8       0x31 /tmp/cc5hsdtp.ltrans3.ltrans.o
 .ARM.attributes
                0x00000129       0x31 /tmp/cc5hsdtp.ltrans4.ltrans.o
 .ARM.attributes
                0x0000015a       0x31 /tmp/cc5hsdtp.ltrans5.ltrans.o
 .ARM.attributes
                0x0000018b       0x31 /tmp/cc5hsdtp.ltrans6.ltrans.o
 .ARM.attributes
                0x000001bc       0x31 /tmp/cc5hsdtp.ltrans7.ltrans.o
 .ARM.attributes
                0x000001ed       0x31 /tmp/cc5hsdtp.ltrans8.ltrans.o
 .ARM.attributes
                0x0000021e       0x31 /tmp/cc5hsdtp.ltrans9.ltrans.o
 .ARM.attributes
                0x0000024f       0x31 /tmp/cc5hsdtp.ltrans10.ltrans.o
 .ARM.attributes
                0x00000280       0x31 /tmp/cc5hsdtp.ltrans11.ltrans.o
 .ARM.attributes
                0x000002b1       0x31 /tmp/cc5hsdtp.ltrans12.ltrans.o
 .ARM.attributes
                0x000002e2       0x31 /tmp/cc5hsdtp.ltrans13.ltrans.o
 .ARM.attributes
                0x00000313       0x31 /tmp/cc5hsdtp.ltrans14.ltrans.o
 .ARM.attributes
                0x00000344       0x31 /tmp/cc5hsdtp.ltrans15.ltrans.o
 .ARM.attributes
                0x00000375       0x31 /tmp/cc5hsdtp.ltrans16.ltrans.o
 .ARM.attributes
                0x000003a6       0x31 /tmp/cc5hsdtp.ltrans17.ltrans.o
 .ARM.attributes
                0x000003d7       0x1b lib/ARM-GCC/startup_ARMCM3.o
 .ARM.attributes
                0x000003f2       0x33 lib/STM32F10x_StdPeriph_Driver/libstm32fw.a(misc.o)
 .ARM.attributes
                0x00000425       0x33 lib/STM32F10x_StdPeriph_Driver/libstm32fw.a(stm32f10x_adc.o)
 .ARM.attributes
                0x00000458       0x33 lib/STM32F10x_StdPeriph_Driver/libstm32fw.a(stm32f10x_bkp.o)
 .ARM.attributes
                0x0000048b       0x33 lib/STM32F10x_StdPeriph_Driver/libstm32fw.a(stm32f10x_dbgmcu.o)
 .ARM.attributes
                0x000004be       0x33 lib/STM32F10x_StdPeriph_Driver/libstm32fw.a(stm32f10x_dma.o)
 .ARM.attributes
                0x000004f1       0x33 lib/STM32F10x_StdPeriph_Driver/libstm32fw.a(stm32f10x_exti.o)
 .ARM.attributes
                0x00000524       0x33 lib/STM32F10x_StdPeriph_Driver/libstm32fw.a(stm32f10x_gpio.o)
 .ARM.attributes
                0x00000557       0x33 lib/STM32F10x_StdPeriph_Driver/libstm32fw.a(stm32f10x_i2c.o)
 .ARM.attributes
                0x0000058a       0x33 lib/STM32F10x_StdPeriph_Driver/libstm32fw.a(stm32f10x_iwdg.o)
 .ARM.attributes
                0x000005bd       0x33 lib/STM32F10x_StdPeriph_Driver/libstm32fw.a(stm32f10x_pwr.o)
 .ARM.attributes
                0x000005f0       0x33 lib/STM32F10x_StdPeriph_Driver/libstm32fw.a(stm32f10x_rcc.o)
 .ARM.attributes
                0x00000623       0x33 lib/STM32F10x_StdPeriph_Driver/libstm32fw.a(stm32f10x_rtc.o)
 .ARM.attributes
                0x00000656       0x33 lib/STM32F10x_StdPeriph_Driver/libstm32fw.a(stm32f10x_spi.o)
 .ARM.attributes
                0x00000689       0x33 lib/STM32F10x_StdPeriph_Driver/libstm32fw.a(stm32f10x_tim.o)
 .ARM.attributes
                0x000006bc       0x33 lib/STM32F10x_StdPeriph_Driver/libstm32fw.a(stm32f10x_usart.o)
 .ARM.attributes
                0x000006ef       0x33 lib/STM32_USB-FS-Device_Driver/libstm32usb.a(usb_core.o)
 .ARM.attributes
                0x00000722       0x33 lib/STM32_USB-FS-Device_Driver/libstm32usb.a(usb_init.o)
 .ARM.attributes
                0x00000755       0x33 lib/STM32_USB-FS-Device_Driver/libstm32usb.a(usb_int.o)
 .ARM.attributes
                0x00000788       0x33 lib/STM32_USB-FS-Device_Driver/libstm32usb.a(usb_mem.o)
 .ARM.attributes
                0x000007bb       0x33 lib/STM32_USB-FS-Device_Driver/libstm32usb.a(usb_regs.o)
 .ARM.attributes
                0x000007ee       0x33 lib/STM32_USB-FS-Device_Driver/libstm32usb.a(usb_sil.o)
 .ARM.attributes
                0x00000821       0x2d /home/laurence/ARM-GCC/bin/../lib/gcc/arm-none-eabi/5.3.1/../../../../arm-none-eabi/lib/armv7-m/libg_nano.a(lib_a-exit.o)
 .ARM.attributes
                0x0000084e       0x2d /home/laurence/ARM-GCC/bin/../lib/gcc/arm-none-eabi/5.3.1/../../../../arm-none-eabi/lib/armv7-m/libg_nano.a(lib_a-impure.o)
 .ARM.attributes
                0x0000087b       0x2d /home/laurence/ARM-GCC/bin/../lib/gcc/arm-none-eabi/5.3.1/../../../../arm-none-eabi/lib/armv7-m/libg_nano.a(lib_a-init.o)
 .ARM.attributes
                0x000008a8       0x2d /home/laurence/ARM-GCC/bin/../lib/gcc/arm-none-eabi/5.3.1/../../../../arm-none-eabi/lib/armv7-m/libg_nano.a(lib_a-memset.o)
 .ARM.attributes
                0x000008d5       0x2d /home/laurence/ARM-GCC/bin/../lib/gcc/arm-none-eabi/5.3.1/../../../../arm-none-eabi/lib/armv7-m/libg_nano.a(lib_a-rand.o)
 .ARM.attributes
                0x00000902       0x2d /home/laurence/ARM-GCC/bin/../lib/gcc/arm-none-eabi/5.3.1/../../../../arm-none-eabi/lib/armv7-m/libg_nano.a(lib_a-malloc.o)
 .ARM.attributes
                0x0000092f       0x2d /home/laurence/ARM-GCC/bin/../lib/gcc/arm-none-eabi/5.3.1/../../../../arm-none-eabi/lib/armv7-m/libg_nano.a(lib_a-nano-mallocr.o)
 .ARM.attributes
                0x0000095c       0x2d /home/laurence/ARM-GCC/bin/../lib/gcc/arm-none-eabi/5.3.1/../../../../arm-none-eabi/lib/armv7-m/libg_nano.a(lib_a-sbrkr.o)
 .ARM.attributes
                0x00000989       0x2d /home/laurence/ARM-GCC/bin/../lib/gcc/arm-none-eabi/5.3.1/../../../../arm-none-eabi/lib/armv7-m/libg_nano.a(lib_a-reent.o)
 .ARM.attributes
                0x000009b6       0x2d /home/laurence/ARM-GCC/bin/../lib/gcc/arm-none-eabi/5.3.1/../../../../arm-none-eabi/lib/armv7-m/libnosys.a(sbrk.o)
 .ARM.attributes
                0x000009e3       0x2d /home/laurence/ARM-GCC/bin/../lib/gcc/arm-none-eabi/5.3.1/../../../../arm-none-eabi/lib/armv7-m/libnosys.a(_exit.o)
 .ARM.attributes
                0x00000a10       0x2d /home/laurence/ARM-GCC/bin/../lib/gcc/arm-none-eabi/5.3.1/armv7-m/crtend.o
 .ARM.attributes
                0x00000a3d       0x1d /home/laurence/ARM-GCC/bin/../lib/gcc/arm-none-eabi/5.3.1/armv7-m/crtn.o
 .ARM.attributes
                0x00000a5a       0x2d /home/laurence/ARM-GCC/bin/../lib/gcc/arm-none-eabi/5.3.1/../../../../arm-none-eabi/lib/armv7-m/libm.a(lib_a-sf_round.o)
 .ARM.attributes
                0x00000a87       0x2d /home/laurence/ARM-GCC/bin/../lib/gcc/arm-none-eabi/5.3.1/../../../../arm-none-eabi/lib/armv7-m/libm.a(lib_a-sf_sin.o)
 .ARM.attributes
                0x00000ab4       0x2d /home/laurence/ARM-GCC/bin/../lib/gcc/arm-none-eabi/5.3.1/../../../../arm-none-eabi/lib/armv7-m/libm.a(lib_a-w_atan2.o)
 .ARM.attributes
                0x00000ae1       0x2d /home/laurence/ARM-GCC/bin/../lib/gcc/arm-none-eabi/5.3.1/../../../../arm-none-eabi/lib/armv7-m/libm.a(lib_a-wf_acos.o)
 .ARM.attributes
                0x00000b0e       0x2d /home/laurence/ARM-GCC/bin/../lib/gcc/arm-none-eabi/5.3.1/../../../../arm-none-eabi/lib/armv7-m/libm.a(lib_a-wf_atan2.o)
 .ARM.attributes
                0x00000b3b       0x2d /home/laurence/ARM-GCC/bin/../lib/gcc/arm-none-eabi/5.3.1/../../../../arm-none-eabi/lib/armv7-m/libm.a(lib_a-wf_sqrt.o)
 .ARM.attributes
                0x00000b68       0x2d /home/laurence/ARM-GCC/bin/../lib/gcc/arm-none-eabi/5.3.1/../../../../arm-none-eabi/lib/armv7-m/libm.a(lib_a-e_atan2.o)
 .ARM.attributes
                0x00000b95       0x2d /home/laurence/ARM-GCC/bin/../lib/gcc/arm-none-eabi/5.3.1/../../../../arm-none-eabi/lib/armv7-m/libm.a(lib_a-ef_acos.o)
 .ARM.attributes
                0x00000bc2       0x2d /home/laurence/ARM-GCC/bin/../lib/gcc/arm-none-eabi/5.3.1/../../../../arm-none-eabi/lib/armv7-m/libm.a(lib_a-ef_atan2.o)
 .ARM.attributes
                0x00000bef       0x2d /home/laurence/ARM-GCC/bin/../lib/gcc/arm-none-eabi/5.3.1/../../../../arm-none-eabi/lib/armv7-m/libm.a(lib_a-ef_rem_pio2.o)
 .ARM.attributes
                0x00000c1c       0x2d /home/laurence/ARM-GCC/bin/../lib/gcc/arm-none-eabi/5.3.1/../../../../arm-none-eabi/lib/armv7-m/libm.a(lib_a-ef_sqrt.o)
 .ARM.attributes
                0x00000c49       0x2d /home/laurence/ARM-GCC/bin/../lib/gcc/arm-none-eabi/5.3.1/../../../../arm-none-eabi/lib/armv7-m/libm.a(lib_a-kf_cos.o)
 .ARM.attributes
                0x00000c76       0x2d /home/laurence/ARM-GCC/bin/../lib/gcc/arm-none-eabi/5.3.1/../../../../arm-none-eabi/lib/armv7-m/libm.a(lib_a-kf_rem_pio2.o)
 .ARM.attributes
                0x00000ca3       0x2d /home/laurence/ARM-GCC/bin/../lib/gcc/arm-none-eabi/5.3.1/../../../../arm-none-eabi/lib/armv7-m/libm.a(lib_a-kf_sin.o)
 .ARM.attributes
                0x00000cd0       0x2d /home/laurence/ARM-GCC/bin/../lib/gcc/arm-none-eabi/5.3.1/../../../../arm-none-eabi/lib/armv7-m/libm.a(lib_a-s_atan.o)
 .ARM.attributes
                0x00000cfd       0x2d /home/laurence/ARM-GCC/bin/../lib/gcc/arm-none-eabi/5.3.1/../../../../arm-none-eabi/lib/armv7-m/libm.a(lib_a-s_fabs.o)
 .ARM.attributes
                0x00000d2a       0x2d /home/laurence/ARM-GCC/bin/../lib/gcc/arm-none-eabi/5.3.1/../../../../arm-none-eabi/lib/armv7-m/libm.a(lib_a-s_lib_ver.o)
 .ARM.attributes
                0x00000d57       0x2d /home/laurence/ARM-GCC/bin/../lib/gcc/arm-none-eabi/5.3.1/../../../../arm-none-eabi/lib/armv7-m/libm.a(lib_a-s_matherr.o)
 .ARM.attributes
                0x00000d84       0x2d /home/laurence/ARM-GCC/bin/../lib/gcc/arm-none-eabi/5.3.1/../../../../arm-none-eabi/lib/armv7-m/libm.a(lib_a-s_nan.o)
 .ARM.attributes
                0x00000db1       0x2d /home/laurence/ARM-GCC/bin/../lib/gcc/arm-none-eabi/5.3.1/../../../../arm-none-eabi/lib/armv7-m/libm.a(lib_a-sf_atan.o)
 .ARM.attributes
                0x00000dde       0x2d /home/laurence/ARM-GCC/bin/../lib/gcc/arm-none-eabi/5.3.1/../../../../arm-none-eabi/lib/armv7-m/libm.a(lib_a-sf_fabs.o)
 .ARM.attributes