Archive member included because of file (symbol)

lib/STM32F10x_StdPeriph_Driver/libstm32fw.a(misc.o)
                              interrupts.o (symbol from plugin) (NVIC_PriorityGroupConfig)
lib/STM32F10x_StdPeriph_Driver/libstm32fw.a(stm32f10x_adc.o)
                              adc.o (symbol from plugin) (ADC_DeInit)
lib/STM32F10x_StdPeriph_Driver/libstm32fw.a(stm32f10x_bkp.o)
                              Util/fat_fs/src/rtc.o (symbol from plugin) (BKP_DeInit)
lib/STM32F10x_StdPeriph_Driver/libstm32fw.a(stm32f10x_dbgmcu.o)
                              main.o (symbol from plugin) (DBGMCU_Config)
lib/STM32F10x_StdPeriph_Driver/libstm32fw.a(stm32f10x_dma.o)
                              Util/fat_fs/src/sd_spi_stm32.o (symbol from plugin) (DMA_DeInit)
lib/STM32F10x_StdPeriph_Driver/libstm32fw.a(stm32f10x_exti.o)
                              interrupts.o (symbol from plugin) (EXTI_DeInit)
lib/STM32F10x_StdPeriph_Driver/libstm32fw.a(stm32f10x_gpio.o)
                              Util/fat_fs/src/sd_spi_stm32.o (symbol from plugin) (GPIO_Init)
lib/STM32F10x_StdPeriph_Driver/libstm32fw.a(stm32f10x_i2c.o)
                              i2c_int.o (symbol from plugin) (I2C_DeInit)
lib/STM32F10x_StdPeriph_Driver/libstm32fw.a(stm32f10x_iwdg.o)
                              watchdog.o (symbol from plugin) (IWDG_WriteAccessCmd)
lib/STM32F10x_StdPeriph_Driver/libstm32fw.a(stm32f10x_pwr.o)
                              pwr.o (symbol from plugin) (PWR_DeInit)
lib/STM32F10x_StdPeriph_Driver/libstm32fw.a(stm32f10x_rcc.o)
                              interrupts.o (symbol from plugin) (RCC_HCLKConfig)
lib/STM32F10x_StdPeriph_Driver/libstm32fw.a(stm32f10x_rtc.o)
                              Util/fat_fs/src/rtc.o (symbol from plugin) (RTC_GetCounter)
lib/STM32F10x_StdPeriph_Driver/libstm32fw.a(stm32f10x_spi.o)
                              Util/fat_fs/src/sd_spi_stm32.o (symbol from plugin) (SPI_I2S_DeInit)
lib/STM32F10x_StdPeriph_Driver/libstm32fw.a(stm32f10x_tim.o)
                              timer.o (symbol from plugin) (TIM_DeInit)
lib/STM32F10x_StdPeriph_Driver/libstm32fw.a(stm32f10x_usart.o)
                              Util/rn42_command.o (symbol from plugin) (USART_DeInit)
lib/STM32_USB-FS-Device_Driver/libstm32usb.a(usb_core.o)
                              Util/USB/usb_prop.o (symbol from plugin) (Standard_GetDescriptorData)
lib/STM32_USB-FS-Device_Driver/libstm32usb.a(usb_init.o)
                              main.o (symbol from plugin) (USB_Init)
lib/STM32_USB-FS-Device_Driver/libstm32usb.a(usb_int.o)
                              Util/USB/usb_istr.o (symbol from plugin) (CTR_LP)
lib/STM32_USB-FS-Device_Driver/libstm32usb.a(usb_mem.o)
                              lib/STM32_USB-FS-Device_Driver/libstm32usb.a(usb_core.o) (UserToPMABufferCopy)
lib/STM32_USB-FS-Device_Driver/libstm32usb.a(usb_regs.o)
                              Util/USB/usb_prop.o (symbol from plugin) (SetBTABLE)
lib/STM32_USB-FS-Device_Driver/libstm32usb.a(usb_sil.o)
                              Util/USB/usb_prop.o (symbol from plugin) (USB_SIL_Init)
/home/laurence/ARM-GCC/bin/../lib/gcc/arm-none-eabi/4.7.4/../../../../arm-none-eabi/lib/armv7-m/libc.a(lib_a-__atexit.o)
                              /home/laurence/ARM-GCC/bin/../lib/gcc/arm-none-eabi/4.7.4/../../../../arm-none-eabi/lib/armv7-m/crt0.o (__register_exitproc)
/home/laurence/ARM-GCC/bin/../lib/gcc/arm-none-eabi/4.7.4/../../../../arm-none-eabi/lib/armv7-m/libc.a(lib_a-exit.o)
                              /home/laurence/ARM-GCC/bin/../lib/gcc/arm-none-eabi/4.7.4/../../../../arm-none-eabi/lib/armv7-m/crt0.o (exit)
/home/laurence/ARM-GCC/bin/../lib/gcc/arm-none-eabi/4.7.4/../../../../arm-none-eabi/lib/armv7-m/libc.a(lib_a-fini.o)
                              /home/laurence/ARM-GCC/bin/../lib/gcc/arm-none-eabi/4.7.4/../../../../arm-none-eabi/lib/armv7-m/crt0.o (__libc_fini_array)
/home/laurence/ARM-GCC/bin/../lib/gcc/arm-none-eabi/4.7.4/../../../../arm-none-eabi/lib/armv7-m/libc.a(lib_a-impure.o)
                              /home/laurence/ARM-GCC/bin/../lib/gcc/arm-none-eabi/4.7.4/../../../../arm-none-eabi/lib/armv7-m/libc.a(lib_a-__atexit.o) (_global_impure_ptr)
/home/laurence/ARM-GCC/bin/../lib/gcc/arm-none-eabi/4.7.4/../../../../arm-none-eabi/lib/armv7-m/libc.a(lib_a-init.o)
                              /home/laurence/ARM-GCC/bin/../lib/gcc/arm-none-eabi/4.7.4/../../../../arm-none-eabi/lib/armv7-m/crt0.o (__libc_init_array)
/home/laurence/ARM-GCC/bin/../lib/gcc/arm-none-eabi/4.7.4/../../../../arm-none-eabi/lib/armv7-m/libc.a(lib_a-memset.o)
                              /home/laurence/ARM-GCC/bin/../lib/gcc/arm-none-eabi/4.7.4/../../../../arm-none-eabi/lib/armv7-m/crt0.o (memset)
/home/laurence/ARM-GCC/bin/../lib/gcc/arm-none-eabi/4.7.4/../../../../arm-none-eabi/lib/armv7-m/libc.a(lib_a-rand.o)
                              Util/sp1ml_command.o (symbol from plugin) (srand)
[...]
Memory Configuration

Name             Origin             Length             Attributes
RAM              0x20000000         0x00005000         xrw
FLASH            0x08000000         0x00020000         xr
FLASHB1          0x00000000         0x00000000         xr
EXTMEMB0         0x00000000         0x00000000         xr
EXTMEMB1         0x00000000         0x00000000         xr
EXTMEMB2         0x00000000         0x00000000         xr
EXTMEMB3         0x00000000         0x00000000         xr
STARTFLASH       0x00000000         0xffffffff
CRPPATCH         0x00000000         0xffffffff
FLASHPATCH       0x00000000         0xffffffff
ENDFLASH         0x00000000         0xffffffff
*default*        0x00000000         0xffffffff

Linker script and memory map

LOAD /home/laurence/ARM-GCC/bin/../lib/gcc/arm-none-eabi/4.7.4/armv7-m/crti.o
LOAD /home/laurence/ARM-GCC/bin/../lib/gcc/arm-none-eabi/4.7.4/armv7-m/crtbegin.o
LOAD /home/laurence/ARM-GCC/bin/../lib/gcc/arm-none-eabi/4.7.4/../../../../arm-none-eabi/lib/armv7-m/crt0.o
LOAD Util/USB/hw_config.o
LOAD /tmp/ccPWZEh1.ltrans0.ltrans.o
LOAD /tmp/ccPWZEh1.ltrans1.ltrans.o
LOAD /tmp/ccPWZEh1.ltrans2.ltrans.o
LOAD /tmp/ccPWZEh1.ltrans3.ltrans.o
LOAD /tmp/ccPWZEh1.ltrans4.ltrans.o
LOAD /tmp/ccPWZEh1.ltrans5.ltrans.o
LOAD /tmp/ccPWZEh1.ltrans6.ltrans.o
LOAD /tmp/ccPWZEh1.ltrans7.ltrans.o
LOAD /tmp/ccPWZEh1.ltrans8.ltrans.o
LOAD /tmp/ccPWZEh1.ltrans9.ltrans.o
LOAD /tmp/ccPWZEh1.ltrans10.ltrans.o
LOAD /home/laurence/ARM-GCC/bin/../lib/gcc/arm-none-eabi/4.7.4/armv7-m/libgcc.a
LOAD /home/laurence/ARM-GCC/bin/../lib/gcc/arm-none-eabi/4.7.4/../../../../arm-none-eabi/lib/armv7-m/libc.a
LOAD Util/USB/mass_mal.o
LOAD Util/USB/memory.o
LOAD Util/USB/scsi_data.o
LOAD Util/USB/usb_bot.o
LOAD Util/USB/usb_desc.o
LOAD Util/USB/usb_endp.o
LOAD Util/USB/usb_istr.o
LOAD Util/USB/usb_prop.o
LOAD Util/USB/usb_pwr.o
LOAD Util/USB/usb_scsi.o
LOAD Util/buffer.o
LOAD Util/data_alignment.o
LOAD Util/delay.o
LOAD Util/fat_fs/option/ccsbcs.o
LOAD Util/fat_fs/src/fattime.o
LOAD Util/fat_fs/src/ff.o
LOAD Util/fat_fs/src/rtc.o
LOAD Util/fat_fs/src/sd_spi_stm32.o
LOAD Util/filter.o
LOAD Util/load_setting.o
LOAD Util/rn42_command.o
LOAD Util/rn42_conf.o
LOAD Util/rprintf.o
LOAD Util/sp1ml_command.o
LOAD Util/wave.o
LOAD adc.o
LOAD bootload.o
LOAD dma.o
LOAD gpio.o
LOAD i2c_int.o
LOAD interrupts.o
LOAD lib/CMSIS_CM3/core_cm3.o
LOAD lib/CMSIS_CM3/startup/gcc/startup_stm32f10x_md.o
LOAD lib/CMSIS_CM3/system_stm32f10x.o
LOAD main.o
LOAD pwr.o
LOAD timer.o
LOAD usart.o
LOAD watchdog.o
LOAD Sensors/ads1298.o
LOAD Sensors/lsm9ds1.o
LOAD Sensors/ubx.o
LOAD lib/STM32F10x_StdPeriph_Driver/libstm32fw.a
LOAD lib/STM32_USB-FS-Device_Driver/libstm32usb.a
LOAD /home/laurence/ARM-GCC/bin/../lib/gcc/arm-none-eabi/4.7.4/../../../../arm-none-eabi/lib/armv7-m/libm.a
LOAD /home/laurence/ARM-GCC/bin/../lib/gcc/arm-none-eabi/4.7.4/../../../../arm-none-eabi/lib/armv7-m/libnosys.a
START GROUP
LOAD /home/laurence/ARM-GCC/bin/../lib/gcc/arm-none-eabi/4.7.4/armv7-m/libgcc.a
LOAD /home/laurence/ARM-GCC/bin/../lib/gcc/arm-none-eabi/4.7.4/../../../../arm-none-eabi/lib/armv7-m/libc.a
END GROUP
LOAD /home/laurence/ARM-GCC/bin/../lib/gcc/arm-none-eabi/4.7.4/armv7-m/crtend.o
LOAD /home/laurence/ARM-GCC/bin/../lib/gcc/arm-none-eabi/4.7.4/armv7-m/crtn.o
                0x00002000                __Stack_Size = 0x2000
                0x00002000                PROVIDE (_Stack_Size, __Stack_Size)
                0x20003000                __Stack_Init = (_estack - __Stack_Size)
                0x20003000                PROVIDE (_Stack_Init, __Stack_Init)
                0x00002000                _Minimum_Stack_Size = 0x2000
                0x00000000                PROVIDE (Undefined_Handler, 0x0)
                0x00000000                PROVIDE (SWI_Handler, 0x0)
                0x00000000                PROVIDE (IRQ_Handler, 0x0)
                0x00000000                PROVIDE (Prefetch_Handler, 0x0)
                0x00000000                PROVIDE (Abort_Handler, 0x0)
                0x00000000                PROVIDE (FIQ_Handler, 0x0)
                0x00000000                PROVIDE (NMIException, 0x0)
                0x00000000                PROVIDE (NMI_Handler, 0x0)
                0x00000000                PROVIDE (HardFaultException, 0x0)
                0x00000000                PROVIDE (HardFault_Handler, 0x0)
                0x00000000                PROVIDE (MemManageException, 0x0)
                0x00000000                PROVIDE (MemManage_Handler, 0x0)
                0x00000000                PROVIDE (BusFaultException, 0x0)
                0x00000000                PROVIDE (BusFault_Handler, 0x0)
                0x00000000                PROVIDE (UsageFaultException, 0x0)
                0x00000000                PROVIDE (UsageFault_Handler, 0x0)
                0x00000000                PROVIDE (SVCHandler, 0x0)
                0x00000000                PROVIDE (SVC_Handler, 0x0)
                0x00000000                PROVIDE (DebugMonitor, 0x0)
                0x00000000                PROVIDE (DebugMon_Handler, 0x0)
                0x00000000                PROVIDE (PendSVC, 0x0)
                0x00000000                PROVIDE (PendSV_Handler, 0x0)
                0x00000000                PROVIDE (SysTickHandler, 0x0)
                0x00000000                PROVIDE (SysTick_Handler, 0x0)
                0x00000000                PROVIDE (WWDG_IRQHandler, 0x0)
                0x00000000                PROVIDE (PVD_IRQHandler, 0x0)
                0x00000000                PROVIDE (TAMPER_IRQHandler, 0x0)
                0x00000000                PROVIDE (RTC_IRQHandler, 0x0)
                0x00000000                PROVIDE (FLASH_IRQHandler, 0x0)
                0x00000000                PROVIDE (RCC_IRQHandler, 0x0)
                0x00000000                PROVIDE (EXTI0_IRQHandler, 0x0)
                0x00000000                PROVIDE (EXTI1_IRQHandler, 0x0)
                0x00000000                PROVIDE (EXTI2_IRQHandler, 0x0)
                0x00000000                PROVIDE (EXTI3_IRQHandler, 0x0)
                0x00000000                PROVIDE (EXTI4_IRQHandler, 0x0)
                0x00000000                PROVIDE (DMAChannel1_IRQHandler, 0x0)
                0x00000000                PROVIDE (DMAChannel2_IRQHandler, 0x0)
                0x00000000                PROVIDE (DMAChannel3_IRQHandler, 0x0)
                0x00000000                PROVIDE (DMAChannel4_IRQHandler, 0x0)
                0x00000000                PROVIDE (DMAChannel5_IRQHandler, 0x0)
                0x00000000                PROVIDE (DMAChannel6_IRQHandler, 0x0)
                0x00000000                PROVIDE (DMAChannel7_IRQHandler, 0x0)
                0x00000000                PROVIDE (DMA1_Channel1_IRQHandler, 0x0)
                0x00000000                PROVIDE (DMA1_Channel2_IRQHandler, 0x0)
                0x00000000                PROVIDE (DMA1_Channel3_IRQHandler, 0x0)
                0x00000000                PROVIDE (DMA1_Channel4_IRQHandler, 0x0)
                0x00000000                PROVIDE (DMA1_Channel5_IRQHandler, 0x0)
                0x00000000                PROVIDE (DMA1_Channel6_IRQHandler, 0x0)
                0x00000000                PROVIDE (DMA1_Channel7_IRQHandler, 0x0)
                0x00000000                PROVIDE (ADC_IRQHandler, 0x0)
                0x00000000                PROVIDE (ADC1_2_IRQHandler, 0x0)
                0x00000000                PROVIDE (USB_HP_CAN_TX_IRQHandler, 0x0)
                0x00000000                PROVIDE (USB_HP_CAN1_TX_IRQHandler, 0x0)
                0x00000000                PROVIDE (USB_LP_CAN_RX0_IRQHandler, 0x0)
                0x00000000                PROVIDE (USB_LP_CAN1_RX0_IRQHandler, 0x0)
                0x00000000                PROVIDE (CAN_RX1_IRQHandler, 0x0)
                0x00000000                PROVIDE (CAN1_RX1_IRQHandler, 0x0)
                0x00000000                PROVIDE (CAN_SCE_IRQHandler, 0x0)
                0x00000000                PROVIDE (CAN1_SCE_IRQHandler, 0x0)
                0x00000000                PROVIDE (EXTI9_5_IRQHandler, 0x0)
                0x00000000                PROVIDE (TIM1_BRK_IRQHandler, 0x0)
                0x00000000                PROVIDE (TIM1_UP_IRQHandler, 0x0)
                0x00000000                PROVIDE (TIM1_TRG_COM_IRQHandler, 0x0)
                0x00000000                PROVIDE (TIM1_CC_IRQHandler, 0x0)
                0x00000000                PROVIDE (TIM2_IRQHandler, 0x0)
                0x00000000                PROVIDE (TIM3_IRQHandler, 0x0)
                0x00000000                PROVIDE (TIM4_IRQHandler, 0x0)
                0x00000000                PROVIDE (I2C1_EV_IRQHandler, 0x0)
                0x00000000                PROVIDE (I2C1_ER_IRQHandler, 0x0)
                0x00000000                PROVIDE (I2C2_EV_IRQHandler, 0x0)
                0x00000000                PROVIDE (I2C2_ER_IRQHandler, 0x0)
                0x00000000                PROVIDE (SPI1_IRQHandler, 0x0)
                0x00000000                PROVIDE (SPI2_IRQHandler, 0x0)
                0x00000000                PROVIDE (USART1_IRQHandler, 0x0)
                0x00000000                PROVIDE (USART2_IRQHandler, 0x0)
                0x00000000                PROVIDE (USART3_IRQHandler, 0x0)
                0x00000000                PROVIDE (EXTI15_10_IRQHandler, 0x0)
                0x00000000                PROVIDE (RTCAlarm_IRQHandler, 0x0)
                0x00000000                PROVIDE (USBWakeUp_IRQHandler, 0x0)
                0x00000000                PROVIDE (TIM8_BRK_IRQHandler, 0x0)
                0x00000000                PROVIDE (TIM8_UP_IRQHandler, 0x0)
                0x00000000                PROVIDE (TIM8_TRG_COM_IRQHandler, 0x0)
                0x00000000                PROVIDE (TIM8_CC_IRQHandler, 0x0)
                0x00000000                PROVIDE (ADC3_IRQHandler, 0x0)
                0x00000000                PROVIDE (FSMC_IRQHandler, 0x0)
                0x00000000                PROVIDE (SDIO_IRQHandler, 0x0)
                0x00000000                PROVIDE (TIM5_IRQHandler, 0x0)
                0x00000000                PROVIDE (SPI3_IRQHandler, 0x0)
                0x00000000                PROVIDE (UART4_IRQHandler, 0x0)
                0x00000000                PROVIDE (UART5_IRQHandler, 0x0)
                0x00000000                PROVIDE (TIM6_IRQHandler, 0x0)
                0x00000000                PROVIDE (TIM7_IRQHandler, 0x0)
                0x00000000                PROVIDE (DMA2_Channel1_IRQHandler, 0x0)
                0x00000000                PROVIDE (DMA2_Channel2_IRQHandler, 0x0)
                0x00000000                PROVIDE (DMA2_Channel3_IRQHandler, 0x0)
                0x00000000                PROVIDE (DMA2_Channel4_5_IRQHandler, 0x0)
                0x42000000                PERIPH_BB_BASE = 0x42000000
                0x22000000                SRAM_BB_BASE = 0x22000000
                0x20000000                SRAM_BASE = 0x20000000
                0x40000000                PERIPH_BASE = 0x40000000
                0x40022000                PROVIDE (FLASH_BASE, 0x40022000)
                0x1ffff800                PROVIDE (OB_BASE, 0x1ffff800)
                0x40000000                APB1PERIPH_BASE = PERIPH_BASE
                0x40010000                APB2PERIPH_BASE = (PERIPH_BASE + 0x10000)
                0x40020000                AHBPERIPH_BASE = (PERIPH_BASE + 0x20000)
                0x40000000                PROVIDE (TIM2, (APB1PERIPH_BASE + 0x0))
                0x40000400                PROVIDE (TIM3, (APB1PERIPH_BASE + 0x400))
                0x40000800                PROVIDE (TIM4, (APB1PERIPH_BASE + 0x800))
                0x40002800                PROVIDE (RTC, (APB1PERIPH_BASE + 0x2800))
                0x40002c00                PROVIDE (WWDG, (APB1PERIPH_BASE + 0x2c00))
                0x40003000                PROVIDE (IWDG, (APB1PERIPH_BASE + 0x3000))
                0x40003800                PROVIDE (SPI2, (APB1PERIPH_BASE + 0x3800))
                0x40004400                PROVIDE (USART2, (APB1PERIPH_BASE + 0x4400))
                0x40004800                PROVIDE (USART3, (APB1PERIPH_BASE + 0x4800))
                0x40005400                PROVIDE (I2C1, (APB1PERIPH_BASE + 0x5400))
                0x40005800                PROVIDE (I2C2, (APB1PERIPH_BASE + 0x5800))
                0x40006400                PROVIDE (CAN, (APB1PERIPH_BASE + 0x6400))
                0x40006c00                PROVIDE (BKP, (APB1PERIPH_BASE + 0x6c00))
                0x40007000                PROVIDE (PWR, (APB1PERIPH_BASE + 0x7000))
                0x40010000                PROVIDE (AFIO, (APB2PERIPH_BASE + 0x0))
                0x40010400                PROVIDE (EXTI, (APB2PERIPH_BASE + 0x400))
                0x40010800                PROVIDE (GPIOA, (APB2PERIPH_BASE + 0x800))
                0x40010c00                PROVIDE (GPIOB, (APB2PERIPH_BASE + 0xc00))
                0x40011000                PROVIDE (GPIOC, (APB2PERIPH_BASE + 0x1000))
                0x40011400                PROVIDE (GPIOD, (APB2PERIPH_BASE + 0x1400))
                0x40011800                PROVIDE (GPIOE, (APB2PERIPH_BASE + 0x1800))
                0x40012400                PROVIDE (ADC1, (APB2PERIPH_BASE + 0x2400))
                0x40012800                PROVIDE (ADC2, (APB2PERIPH_BASE + 0x2800))
                0x40012c00                PROVIDE (TIM1, (APB2PERIPH_BASE + 0x2c00))
                0x40013000                PROVIDE (SPI1, (APB2PERIPH_BASE + 0x3000))
                0x40013800                PROVIDE (USART1, (APB2PERIPH_BASE + 0x3800))
                0x40020000                PROVIDE (DMA, (AHBPERIPH_BASE + 0x0))
                0x40020008                PROVIDE (DMA_Channel1, (AHBPERIPH_BASE + 0x8))
                0x4002001c                PROVIDE (DMA_Channel2, (AHBPERIPH_BASE + 0x1c))
                0x40020030                PROVIDE (DMA_Channel3, (AHBPERIPH_BASE + 0x30))
                0x40020044                PROVIDE (DMA_Channel4, (AHBPERIPH_BASE + 0x44))
                0x40020058                PROVIDE (DMA_Channel5, (AHBPERIPH_BASE + 0x58))
                0x4002006c                PROVIDE (DMA_Channel6, (AHBPERIPH_BASE + 0x6c))
                0x40020080                PROVIDE (DMA_Channel7, (AHBPERIPH_BASE + 0x80))
                0x40021000                PROVIDE (RCC, (AHBPERIPH_BASE + 0x1000))
                0xe000e000                SCS_BASE = 0xe000e000
                0xe000e010                PROVIDE (SysTick, (SCS_BASE + 0x10))
                0xe000e100                PROVIDE (NVIC, (SCS_BASE + 0x100))
                0xe000ed00                PROVIDE (SCB, (SCS_BASE + 0xd00))
                0x20005000                PROVIDE (_estack, (ORIGIN (RAM) + 0x5000))

.isr_vector     0x08000000      0x10c
                0x08000000                . = ALIGN (0x4)
 *(.isr_vector)
 .isr_vector    0x08000000      0x10c lib/CMSIS_CM3/startup/gcc/startup_stm32f10x_md.o
                0x08000000                g_pfnVectors
                0x0800010c                . = ALIGN (0x4)

.flash_start    0x00000000        0x0
                0x00000000                . = ALIGN (0x4)
 *(.flash_start)
 *(.flash_start.*)
                0x00000000                . = ALIGN (0x4)

.crp_patch      0x00000000        0x0
                0x00000000                . = ALIGN (0x4)
 *(.crp_patch)
                0x00000000                . = ALIGN (0x4)

.flashtext      0x0800010c        0x0
                0x0800010c                . = ALIGN (0x4)
 *(.flashtext)
                0x0800010c                . = ALIGN (0x4)

.text           0x08000110     0xd884
                0x08000110                . = ALIGN (0x4)
 *(.text)
 .text          0x08000110      0x370 /home/laurence/ARM-GCC/bin/../lib/gcc/arm-none-eabi/4.7.4/armv7-m/libgcc.a(_arm_addsubdf3.o)
                0x08000110                __aeabi_drsub
                0x08000118                __aeabi_dsub
                0x08000118                __subdf3
                0x0800011c                __adddf3
                0x0800011c                __aeabi_dadd
                0x08000394                __aeabi_ui2d
                0x08000394                __floatunsidf
                0x080003b4                __floatsidf
                0x080003b4                __aeabi_i2d
                0x080003d8                __extendsfdf2
                0x080003d8                __aeabi_f2d
                0x08000414                __aeabi_ul2d
                0x08000414                __floatundidf
                0x08000424                __floatdidf
                0x08000424                __aeabi_l2d
 .text          0x08000480      0x424 /home/laurence/ARM-GCC/bin/../lib/gcc/arm-none-eabi/4.7.4/armv7-m/libgcc.a(_arm_muldivdf3.o)
                0x08000480                __aeabi_dmul
                0x08000480                __muldf3
                0x080006d4                __aeabi_ddiv
                0x080006d4                __divdf3
 .text          0x080008a4      0x110 /home/laurence/ARM-GCC/bin/../lib/gcc/arm-none-eabi/4.7.4/armv7-m/libgcc.a(_arm_cmpdf2.o)
                0x080008a4                __gtdf2
                0x080008a4                __gedf2
                0x080008ac                __ltdf2
                0x080008ac                __ledf2
                0x080008b4                __cmpdf2
                0x080008b4                __eqdf2
                0x080008b4                __nedf2
                0x08000930                __aeabi_cdrcmple
                0x08000940                __aeabi_cdcmple
                0x08000940                __aeabi_cdcmpeq
                0x08000950                __aeabi_dcmpeq
                0x08000964                __aeabi_dcmplt
                0x08000978                __aeabi_dcmple
                0x0800098c                __aeabi_dcmpge
                0x080009a0                __aeabi_dcmpgt
 .text          0x080009b4       0xa0 /home/laurence/ARM-GCC/bin/../lib/gcc/arm-none-eabi/4.7.4/armv7-m/libgcc.a(_arm_truncdfsf2.o)
                0x080009b4                __aeabi_d2f
                0x080009b4                __truncdfsf2
 .text          0x08000a54      0x21c /home/laurence/ARM-GCC/bin/../lib/gcc/arm-none-eabi/4.7.4/armv7-m/libgcc.a(_arm_addsubsf3.o)
                0x08000a54                __aeabi_frsub
                0x08000a5c                __subsf3
                0x08000a5c                __aeabi_fsub
                0x08000a60                __aeabi_fadd
                0x08000a60                __addsf3
                0x08000bc0                __aeabi_ui2f
                0x08000bc0                __floatunsisf
                0x08000bc8                __aeabi_i2f
                0x08000bc8                __floatsisf
                0x08000be4                __floatundisf
                0x08000be4                __aeabi_ul2f
                0x08000bf4                __floatdisf
                0x08000bf4                __aeabi_l2f
 .text          0x08000c70      0x2a0 /home/laurence/ARM-GCC/bin/../lib/gcc/arm-none-eabi/4.7.4/armv7-m/libgcc.a(_arm_muldivsf3.o)
                0x08000c70                __mulsf3
                0x08000c70                __aeabi_fmul
                0x08000dd8                __divsf3
                0x08000dd8                __aeabi_fdiv
 .text          0x08000f10       0xec /home/laurence/ARM-GCC/bin/../lib/gcc/arm-none-eabi/4.7.4/armv7-m/libgcc.a(_arm_cmpsf2.o)
                0x08000f10                __gtsf2
                0x08000f10                __gesf2
                0x08000f18                __lesf2
                0x08000f18                __ltsf2
                0x08000f20                __nesf2
                0x08000f20                __eqsf2
                0x08000f20                __cmpsf2
                0x08000f80                __aeabi_cfrcmple
                0x08000f88                __aeabi_cfcmple
                0x08000f88                __aeabi_cfcmpeq
                0x08000f98                __aeabi_fcmpeq
                0x08000fac                __aeabi_fcmplt
                0x08000fc0                __aeabi_fcmple
                0x08000fd4                __aeabi_fcmpge
                0x08000fe8                __aeabi_fcmpgt
 .text          0x08000ffc       0x4c /home/laurence/ARM-GCC/bin/../lib/gcc/arm-none-eabi/4.7.4/armv7-m/libgcc.a(_arm_fixsfsi.o)
                0x08000ffc                __fixsfsi
                0x08000ffc                __aeabi_f2iz
 .text          0x08001048       0x40 /home/laurence/ARM-GCC/bin/../lib/gcc/arm-none-eabi/4.7.4/armv7-m/libgcc.a(_arm_fixunssfsi.o)
                0x08001048                __aeabi_f2uiz
                0x08001048                __fixunssfsi
 *(.text.*)
 .text.startup.main
                0x08001088     0x21d0 /tmp/ccPWZEh1.ltrans0.ltrans.o
                0x08001088                main
 .text.__usart_send_char
                0x08003258       0x50 /tmp/ccPWZEh1.ltrans1.ltrans.o
                0x08003258                __usart_send_char
 .text.RN42_generate_packet
                0x080032a8       0x64 /tmp/ccPWZEh1.ltrans1.ltrans.o
                0x080032a8                RN42_generate_packet
 .text.Resume_Init.4157
                0x0800330c       0x54 /tmp/ccPWZEh1.ltrans1.ltrans.o
 .text.stm32_dma_transfer.5308.4111
                0x08003360       0xc8 /tmp/ccPWZEh1.ltrans1.ltrans.o
 .text.MASS_Reset
                0x08003428       0xf0 /tmp/ccPWZEh1.ltrans1.ltrans.o
                0x08003428                MASS_Reset
 .text.__gps_send_char.4179
                0x08003518       0x1c /tmp/ccPWZEh1.ltrans1.ltrans.o
 .text.__str_print_char
                0x08003534       0x2c /tmp/ccPWZEh1.ltrans1.ltrans.o
                0x08003534                __str_print_char
 .text.__sp1ml_send_char
                0x08003560       0x38 /tmp/ccPWZEh1.ltrans1.ltrans.o
                0x08003560                __sp1ml_send_char
 .text.ads1298_spi_dma_transaction
                0x08003598       0xe4 /tmp/ccPWZEh1.ltrans1.ltrans.o
                0x08003598                ads1298_spi_dma_transaction
 .text.power_on.5299
                0x0800367c       0xec /tmp/ccPWZEh1.ltrans1.ltrans.o
                0x0800367c                power_on.5299
 .text.stm32_spi_rw.5301
                0x08003768       0x24 /tmp/ccPWZEh1.ltrans1.ltrans.o
                0x08003768                stm32_spi_rw.5301
 .text.rcvr_spi.5304
                0x0800378c        0x6 /tmp/ccPWZEh1.ltrans1.ltrans.o
                0x0800378c                rcvr_spi.5304
 *fill*         0x08003792        0x2 00
 .text.rcvr_datablock
                0x08003794       0x54 /tmp/ccPWZEh1.ltrans1.ltrans.o
                0x08003794                rcvr_datablock
 .text.xmit_datablock.part.1.5313
                0x080037e8       0x2c /tmp/ccPWZEh1.ltrans1.ltrans.o
                0x080037e8                xmit_datablock.part.1.5313
 .text.release_spi
                0x08003814       0x18 /tmp/ccPWZEh1.ltrans1.ltrans.o
                0x08003814                release_spi
 .text.wait_ready.5306
                0x0800382c       0x24 /tmp/ccPWZEh1.ltrans1.ltrans.o
                0x0800382c                wait_ready.5306
 .text.send_cmd
                0x08003850       0x8c /tmp/ccPWZEh1.ltrans1.ltrans.o
                0x08003850                send_cmd
 .text.disk_read
                0x080038dc       0xa0 /tmp/ccPWZEh1.ltrans1.ltrans.o
                0x080038dc                disk_read
 .text.Read_Memory
                0x0800397c      0x158 /tmp/ccPWZEh1.ltrans1.ltrans.o
                0x0800397c                Read_Memory
 .text.check_fs.4950
                0x08003ad4       0x88 /tmp/ccPWZEh1.ltrans1.ltrans.o
                0x08003ad4                check_fs.4950
 .text.EXTI_ONOFF_EN
                0x08003b5c       0x54 /tmp/ccPWZEh1.ltrans1.ltrans.o
                0x08003b5c                EXTI_ONOFF_EN
 .text.ads1298_busy_wait_command
                0x08003bb0       0x4c /tmp/ccPWZEh1.ltrans1.ltrans.o
                0x08003bb0                ads1298_busy_wait_command
 .text.ads1298_busy_wait_write
                0x08003bfc       0x88 /tmp/ccPWZEh1.ltrans1.ltrans.o
                0x08003bfc                ads1298_busy_wait_write
 .text.Resume   0x08003c84       0xa4 /tmp/ccPWZEh1.ltrans1.ltrans.o
                0x08003c84                Resume
 .text.switch_leds_on
                0x08003d28       0x20 /tmp/ccPWZEh1.ltrans1.ltrans.o
                0x08003d28                switch_leds_on
 .text.switch_leds_off
                0x08003d48       0x20 /tmp/ccPWZEh1.ltrans1.ltrans.o
                0x08003d48                switch_leds_off
 .text.red_flash
                0x08003d68       0x2c /tmp/ccPWZEh1.ltrans1.ltrans.o
                0x08003d68                red_flash
 .text.Gps_Send_Utf8
                0x08003d94       0x1a /tmp/ccPWZEh1.ltrans1.ltrans.o
                0x08003d94                Gps_Send_Utf8
 .text.Gps_Send_Str
                0x08003dae       0x16 /tmp/ccPWZEh1.ltrans1.ltrans.o
                0x08003dae                Gps_Send_Str
 .text.Usart3_Send_Str
                0x08003dc4       0x28 /tmp/ccPWZEh1.ltrans1.ltrans.o
                0x08003dc4                Usart3_Send_Str
 .text.SP1ML_command
                0x08003dec       0xa4 /tmp/ccPWZEh1.ltrans1.ltrans.o
                0x08003dec                SP1ML_command
 .text.SP1ML_assign_addr.part.1.5754
                0x08003e90       0x38 /tmp/ccPWZEh1.ltrans1.ltrans.o
                0x08003e90                SP1ML_assign_addr.part.1.5754
 .text.Usart_Send_Str
                0x08003ec8       0x16 /tmp/ccPWZEh1.ltrans1.ltrans.o
                0x08003ec8                Usart_Send_Str
 .text.shutdown
                0x08003ede       0x10 /tmp/ccPWZEh1.ltrans1.ltrans.o
                0x08003ede                shutdown
 .text.my_RTC_SetCounter
                0x08003eee       0x22 /tmp/ccPWZEh1.ltrans1.ltrans.o
                0x08003eee                my_RTC_SetCounter
 .text.I2C1_Request_Job
                0x08003f10       0x80 /tmp/ccPWZEh1.ltrans1.ltrans.o
                0x08003f10                I2C1_Request_Job
 .text.SCSI_Write10_Cmd.4071
                0x08003f90      0x14c /tmp/ccPWZEh1.ltrans2.ltrans.o
 .text.EP2_OUT_Callback.4009
                0x080040dc      0x30c /tmp/ccPWZEh1.ltrans2.ltrans.o
 .text.dir_register.5056
                0x080043e8      0x24c /tmp/ccPWZEh1.ltrans2.ltrans.o
                0x080043e8                dir_register.5056
 .text.dir_read.5033
                0x08004634      0x104 /tmp/ccPWZEh1.ltrans2.ltrans.o
                0x08004634                dir_read.5033
 .text.disk_write
                0x08004738       0xcc /tmp/ccPWZEh1.ltrans3.ltrans.o
                0x08004738                disk_write
 .text.move_window.4933
                0x08004804       0x76 /tmp/ccPWZEh1.ltrans3.ltrans.o
                0x08004804                move_window.4933
 .text.get_fat  0x0800487a       0xca /tmp/ccPWZEh1.ltrans3.ltrans.o
                0x0800487a                get_fat
 .text.SCSI_Invalid_Cmd
                0x08004944       0x3c /tmp/ccPWZEh1.ltrans3.ltrans.o
                0x08004944                SCSI_Invalid_Cmd
 .text.SCSI_Address_Management
                0x08004980       0x74 /tmp/ccPWZEh1.ltrans3.ltrans.o
                0x08004980                SCSI_Address_Management
 .text.SCSI_Read10_Cmd
                0x080049f4       0x6c /tmp/ccPWZEh1.ltrans3.ltrans.o
                0x080049f4                SCSI_Read10_Cmd
 .text.EP1_IN_Callback.4107
                0x08004a60       0x5c /tmp/ccPWZEh1.ltrans3.ltrans.o
 .text.disk_initialize
                0x08004abc      0x148 /tmp/ccPWZEh1.ltrans3.ltrans.o
                0x08004abc                disk_initialize
 .text.chk_mounted.4954
                0x08004c04      0x320 /tmp/ccPWZEh1.ltrans3.ltrans.o
                0x08004c04                chk_mounted.4954
 .text.Gps_DMA_Process
                0x08004f24      0x1e0 /tmp/ccPWZEh1.ltrans3.ltrans.o
                0x08004f24                Gps_DMA_Process
 .text.I2C1_EV_IRQHandler
                0x08005104      0x58c /tmp/ccPWZEh1.ltrans4.ltrans.o
                0x08005104                I2C1_EV_IRQHandler
 .text.file_preallocation_control
                0x08005690       0x44 /tmp/ccPWZEh1.ltrans4.ltrans.o
                0x08005690                file_preallocation_control
 .text.f_close  0x080056d4        0xe /tmp/ccPWZEh1.ltrans4.ltrans.o
                0x080056d4                f_close
 .text.wave_terminate.4094
                0x080056e2       0xe4 /tmp/ccPWZEh1.ltrans4.ltrans.o
 *fill*         0x080057c6        0x2 00
 .text.shutdown_filesystem
                0x080057c8      0x368 /tmp/ccPWZEh1.ltrans4.ltrans.o
                0x080057c8                shutdown_filesystem
 .text.put_fat  0x08005b30       0xf6 /tmp/ccPWZEh1.ltrans5.ltrans.o
                0x08005b30                put_fat
 .text.remove_chain.5046
                0x08005c26       0x54 /tmp/ccPWZEh1.ltrans5.ltrans.o
                0x08005c26                remove_chain.5046
 .text.create_chain.5012
                0x08005c7a       0x9a /tmp/ccPWZEh1.ltrans5.ltrans.o
                0x08005c7a                create_chain.5012
 .text.dir_next.5016
                0x08005d14       0xf4 /tmp/ccPWZEh1.ltrans5.ltrans.o
                0x08005d14                dir_next.5016
 .text.dir_find.part.4.5020
                0x08005e08      0x164 /tmp/ccPWZEh1.ltrans5.ltrans.o
                0x08005e08                dir_find.part.4.5020
 .text.f_lseek  0x08005f6c      0x140 /tmp/ccPWZEh1.ltrans5.ltrans.o
                0x08005f6c                f_lseek
 .text.f_write  0x080060ac      0x19a /tmp/ccPWZEh1.ltrans5.ltrans.o
                0x080060ac                f_write
 .text.write_wave_header
                0x08006246       0xda /tmp/ccPWZEh1.ltrans5.ltrans.o
                0x08006246                write_wave_header
 .text.write_wave_samples
                0x08006320       0xaa /tmp/ccPWZEh1.ltrans5.ltrans.o
                0x08006320                write_wave_samples
 *fill*         0x080063ca        0x2 00
 .text.__fat_print_char
                0x080063cc       0x1c /tmp/ccPWZEh1.ltrans5.ltrans.o
                0x080063cc                __fat_print_char
 .text.dir_sdi.4980
                0x080063e8       0x84 /tmp/ccPWZEh1.ltrans5.ltrans.o
                0x080063e8                dir_sdi.4980
 .text.hex_to_byte.4039
                0x0800646c       0x1a /tmp/ccPWZEh1.ltrans6.ltrans.o
 .text.atoiRamRom.4055
                0x08006486       0x20 /tmp/ccPWZEh1.ltrans6.ltrans.o
 *fill*         0x080064a6        0x2 00
 .text.rprintfChar.4058
                0x080064a8       0x1c /tmp/ccPWZEh1.ltrans6.ltrans.o
 .text.Get_Max_Lun
                0x080064c4       0x18 /tmp/ccPWZEh1.ltrans6.ltrans.o
                0x080064c4                Get_Max_Lun
 .text.MASS_Get_Interface_Setting
                0x080064dc        0xc /tmp/ccPWZEh1.ltrans6.ltrans.o
                0x080064dc                MASS_Get_Interface_Setting
 .text.MASS_Status_Out
                0x080064e8        0x2 /tmp/ccPWZEh1.ltrans6.ltrans.o
                0x080064e8                MASS_Status_Out
 .text.MASS_Status_In
                0x080064ea        0x2 /tmp/ccPWZEh1.ltrans6.ltrans.o
                0x080064ea                MASS_Status_In
 .text.Mass_Storage_SetDeviceAddress
                0x080064ec        0xc /tmp/ccPWZEh1.ltrans6.ltrans.o
                0x080064ec                Mass_Storage_SetDeviceAddress
 .text.Mass_Storage_SetConfiguration
                0x080064f8       0x30 /tmp/ccPWZEh1.ltrans6.ltrans.o
                0x080064f8                Mass_Storage_SetConfiguration
 .text.MASS_NoData_Setup
                0x08006528       0x4c /tmp/ccPWZEh1.ltrans6.ltrans.o
                0x08006528                MASS_NoData_Setup
 .text.MASS_GetDeviceDescriptor
                0x08006574        0xc /tmp/ccPWZEh1.ltrans6.ltrans.o
                0x08006574                MASS_GetDeviceDescriptor
 .text.MASS_GetConfigDescriptor
                0x08006580        0xc /tmp/ccPWZEh1.ltrans6.ltrans.o
                0x08006580                MASS_GetConfigDescriptor
 .text.MASS_GetStringDescriptor
                0x0800658c       0x20 /tmp/ccPWZEh1.ltrans6.ltrans.o
                0x0800658c                MASS_GetStringDescriptor
 .text.rprintf2RamRom
                0x080065ac      0x404 /tmp/ccPWZEh1.ltrans6.ltrans.o
                0x080065ac                rprintf2RamRom
 .text.validate.4943
                0x080069b0       0x2c /tmp/ccPWZEh1.ltrans6.ltrans.o
                0x080069b0                validate.4943
 .text.counter_to_struct.5215
                0x080069dc       0xa8 /tmp/ccPWZEh1.ltrans6.ltrans.o
                0x080069dc                counter_to_struct.5215
 .text.isDST.5197
                0x08006a84       0x2a /tmp/ccPWZEh1.ltrans6.ltrans.o
                0x08006a84                isDST.5197
 *fill*         0x08006aae        0x2 00
 .text.rtc_gettime
                0x08006ab0       0x74 /tmp/ccPWZEh1.ltrans6.ltrans.o
                0x08006ab0                rtc_gettime
 .text.get_fattime
                0x08006b24       0x40 /tmp/ccPWZEh1.ltrans6.ltrans.o
                0x08006b24                get_fattime
 .text.clust2sect
                0x08006b64       0x18 /tmp/ccPWZEh1.ltrans6.ltrans.o
                0x08006b64                clust2sect
 .text.sum_sfn.4904
                0x08006b7c       0x1e /tmp/ccPWZEh1.ltrans6.ltrans.o
                0x08006b7c                sum_sfn.4904
 .text.mem_cpy.4874
                0x08006b9a       0x12 /tmp/ccPWZEh1.ltrans6.ltrans.o
                0x08006b9a                mem_cpy.4874
 .text.ff_convert.part.0.4806
                0x08006bac       0x24 /tmp/ccPWZEh1.ltrans6.ltrans.o
                0x08006bac                ff_convert.part.0.4806
 .text.Delay    0x08006bd0       0x18 /tmp/ccPWZEh1.ltrans6.ltrans.o
                0x08006bd0                Delay
 .text.Add_To_Buffer
                0x08006be8       0x4a /tmp/ccPWZEh1.ltrans6.ltrans.o
                0x08006be8                Add_To_Buffer
 .text.Get_From_Buffer
                0x08006c32       0x4a /tmp/ccPWZEh1.ltrans6.ltrans.o
                0x08006c32                Get_From_Buffer
 .text.SP1ML_rx_tx_data_processor
                0x08006c7c      0x1a0 /tmp/ccPWZEh1.ltrans6.ltrans.o
                0x08006c7c                SP1ML_rx_tx_data_processor
 .text.Bot_Abort.part.2.4258
                0x08006e1c       0x18 /tmp/ccPWZEh1.ltrans6.ltrans.o
                0x08006e1c                Bot_Abort.part.2.4258
 .text.Set_CSW  0x08006e34       0x3c /tmp/ccPWZEh1.ltrans6.ltrans.o
                0x08006e34                Set_CSW
 .text.Transfer_Data_Request
                0x08006e70       0x34 /tmp/ccPWZEh1.ltrans6.ltrans.o
                0x08006e70                Transfer_Data_Request
 .text.IntToUnicode.4023
                0x08006ea4       0x2a /tmp/ccPWZEh1.ltrans6.ltrans.o
                0x08006ea4                IntToUnicode.4023
 *fill*         0x08006ece        0x2 00
 .text.MASS_Data_Setup
                0x08006ed0       0x38 /tmp/ccPWZEh1.ltrans7.ltrans.o
                0x08006ed0                MASS_Data_Setup
 .text.Mass_Storage_ClearFeature.4147
                0x08006f08       0x18 /tmp/ccPWZEh1.ltrans7.ltrans.o
 .text.MASS_init
                0x08006f20       0x70 /tmp/ccPWZEh1.ltrans7.ltrans.o
                0x08006f20                MASS_init
 .text.SP1ML_generate_packet
                0x08006f90       0x64 /tmp/ccPWZEh1.ltrans7.ltrans.o
                0x08006f90                SP1ML_generate_packet
 .text.get_fileinfo.4925
                0x08006ff4       0xf0 /tmp/ccPWZEh1.ltrans7.ltrans.o
                0x08006ff4                get_fileinfo.4925
 .text.Get_UBX_Ack.constprop.10
                0x080070e4       0xd0 /tmp/ccPWZEh1.ltrans7.ltrans.o
                0x080070e4                Get_UBX_Ack.constprop.10
 .text.I2C_Config
                0x080071b4      0x1f4 /tmp/ccPWZEh1.ltrans7.ltrans.o
                0x080071b4                I2C_Config
 .text.MAL_GetStatus
                0x080073a8       0xdc /tmp/ccPWZEh1.ltrans7.ltrans.o
                0x080073a8                MAL_GetStatus
 .text.aligndata.constprop.26
                0x08007484       0x44 /tmp/ccPWZEh1.ltrans7.ltrans.o
                0x08007484                aligndata.constprop.26
 .text.ADC_Configuration
                0x080074c8      0x10c /tmp/ccPWZEh1.ltrans7.ltrans.o
                0x080074c8                ADC_Configuration
 .text.USART2_reconf.constprop.9
                0x080075d4       0x50 /tmp/ccPWZEh1.ltrans7.ltrans.o
                0x080075d4                USART2_reconf.constprop.9
 .text.ads1298_wct_config.constprop.7
                0x08007624       0xdc /tmp/ccPWZEh1.ltrans7.ltrans.o
                0x08007624                ads1298_wct_config.constprop.7
 .text.sync.4937
                0x08007700       0xd8 /tmp/ccPWZEh1.ltrans8.ltrans.o
                0x08007700                sync.4937
 .text.f_sync   0x080077d8       0xac /tmp/ccPWZEh1.ltrans8.ltrans.o
                0x080077d8                f_sync
 .text.follow_path.5026
                0x08007884      0x2c8 /tmp/ccPWZEh1.ltrans8.ltrans.o
                0x08007884                follow_path.5026
 .text.f_open   0x08007b4c      0x158 /tmp/ccPWZEh1.ltrans8.ltrans.o
                0x08007b4c                f_open
 .text.EXTI9_5_IRQHandler
                0x08007ca4       0x2c /tmp/ccPWZEh1.ltrans9.ltrans.o
                0x08007ca4                EXTI9_5_IRQHandler
 .text.DMA1_Channel4_IRQHandler
                0x08007cd0      0x948 /tmp/ccPWZEh1.ltrans9.ltrans.o
                0x08007cd0                DMA1_Channel4_IRQHandler
 .text.USART3_IRQHandler
                0x08008618       0xa4 /tmp/ccPWZEh1.ltrans9.ltrans.o
                0x08008618                USART3_IRQHandler
 .text.USART1_IRQHandler
                0x080086bc       0x90 /tmp/ccPWZEh1.ltrans9.ltrans.o
                0x080086bc                USART1_IRQHandler
 .text.USB_LP_CAN1_RX0_IRQHandler
                0x0800874c      0x120 /tmp/ccPWZEh1.ltrans10.ltrans.o
                0x0800874c                USB_LP_CAN1_RX0_IRQHandler
 .text.USB_HP_CAN1_TX_IRQHandler
                0x0800886c        0x4 /tmp/ccPWZEh1.ltrans10.ltrans.o
                0x0800886c                USB_HP_CAN1_TX_IRQHandler
 .text.SysTick_Handler
                0x08008870      0x180 /tmp/ccPWZEh1.ltrans10.ltrans.o
                0x08008870                SysTick_Handler
 .text.EXTI15_10_IRQHandler
                0x080089f0       0x58 /tmp/ccPWZEh1.ltrans10.ltrans.o
                0x080089f0                EXTI15_10_IRQHandler
 .text.ADC1_2_IRQHandler
                0x08008a48       0x70 /tmp/ccPWZEh1.ltrans10.ltrans.o
                0x08008a48                ADC1_2_IRQHandler
 .text.EXTI0_IRQHandler
                0x08008ab8       0x7c /tmp/ccPWZEh1.ltrans10.ltrans.o
                0x08008ab8                EXTI0_IRQHandler
 .text.I2C1_ER_IRQHandler
                0x08008b34      0x13c /tmp/ccPWZEh1.ltrans10.ltrans.o
                0x08008b34                I2C1_ER_IRQHandler
 .text.malloc   0x08008c70       0x10 /home/laurence/ARM-GCC/bin/../lib/gcc/arm-none-eabi/4.7.4/../../../../arm-none-eabi/lib/armv7-m/libc.a(lib_a-malloc.o)
                0x08008c70                malloc
 .text._malloc_r
                0x08008c80      0x530 /home/laurence/ARM-GCC/bin/../lib/gcc/arm-none-eabi/4.7.4/../../../../arm-none-eabi/lib/armv7-m/libc.a(lib_a-mallocr.o)
                0x08008c80                _malloc_r
 .text.memcmp   0x080091b0       0xb8 /home/laurence/ARM-GCC/bin/../lib/gcc/arm-none-eabi/4.7.4/../../../../arm-none-eabi/lib/armv7-m/libc.a(lib_a-memcmp.o)
                0x080091b0                memcmp
 .text.memcpy   0x08009268      0x15c /home/laurence/ARM-GCC/bin/../lib/gcc/arm-none-eabi/4.7.4/../../../../arm-none-eabi/lib/armv7-m/libc.a(lib_a-memcpy.o)
                0x08009268                memcpy
 .text.__malloc_lock
                0x080093c4        0x4 /home/laurence/ARM-GCC/bin/../lib/gcc/arm-none-eabi/4.7.4/../../../../arm-none-eabi/lib/armv7-m/libc.a(lib_a-mlock.o)
                0x080093c4                __malloc_lock
 .text.__malloc_unlock
                0x080093c8        0x4 /home/laurence/ARM-GCC/bin/../lib/gcc/arm-none-eabi/4.7.4/../../../../arm-none-eabi/lib/armv7-m/libc.a(lib_a-mlock.o)
                0x080093c8                __malloc_unlock
 .text._sbrk_r  0x080093cc       0x24 /home/laurence/ARM-GCC/bin/../lib/gcc/arm-none-eabi/4.7.4/../../../../arm-none-eabi/lib/armv7-m/libc.a(lib_a-sbrkr.o)
                0x080093cc                _sbrk_r
 .text.strcat   0x080093f0       0x4c /home/laurence/ARM-GCC/bin/../lib/gcc/arm-none-eabi/4.7.4/../../../../arm-none-eabi/lib/armv7-m/libc.a(lib_a-strcat.o)
                0x080093f0                strcat
 .text.strcpy   0x0800943c       0xbc /home/laurence/ARM-GCC/bin/../lib/gcc/arm-none-eabi/4.7.4/../../../../arm-none-eabi/lib/armv7-m/libc.a(lib_a-strcpy.o)
                0x0800943c                strcpy
 .text.strlen   0x080094f8       0x60 /home/laurence/ARM-GCC/bin/../lib/gcc/arm-none-eabi/4.7.4/../../../../arm-none-eabi/lib/armv7-m/libc.a(lib_a-strlen.o)
                0x080094f8                strlen
 .text._malloc_trim_r
                0x08009558       0x98 /home/laurence/ARM-GCC/bin/../lib/gcc/arm-none-eabi/4.7.4/../../../../arm-none-eabi/lib/armv7-m/libc.a(lib_a-freer.o)
                0x08009558                _malloc_trim_r
 .text._free_r  0x080095f0      0x194 /home/laurence/ARM-GCC/bin/../lib/gcc/arm-none-eabi/4.7.4/../../../../arm-none-eabi/lib/armv7-m/libc.a(lib_a-freer.o)
                0x080095f0                _free_r
 .text.Reset_Handler
                0x08009784       0x48 lib/CMSIS_CM3/startup/gcc/startup_stm32f10x_md.o
                0x08009784                Reset_Handler
 .text.Default_Handler
                0x080097cc        0x4 lib/CMSIS_CM3/startup/gcc/startup_stm32f10x_md.o
                0x080097cc                EXTI2_IRQHandler
                0x080097cc                DebugMon_Handler
                0x080097cc                TIM1_CC_IRQHandler
                0x080097cc                HardFault_Handler
                0x080097cc                PVD_IRQHandler
                0x080097cc                PendSV_Handler
                0x080097cc                NMI_Handler
                0x080097cc                EXTI3_IRQHandler
                0x080097cc                I2C2_EV_IRQHandler
                0x080097cc                UsageFault_Handler
                0x080097cc                SPI1_IRQHandler
                0x080097cc                TAMPER_IRQHandler
                0x080097cc                RTC_IRQHandler
                0x080097cc                DMA1_Channel7_IRQHandler
                0x080097cc                CAN1_RX1_IRQHandler
                0x080097cc                TIM4_IRQHandler
                0x080097cc                DMA1_Channel6_IRQHandler
                0x080097cc                TIM3_IRQHandler
                0x080097cc                RCC_IRQHandler
                0x080097cc                TIM1_TRG_COM_IRQHandler
                0x080097cc                DMA1_Channel1_IRQHandler
                0x080097cc                Default_Handler
                0x080097cc                SPI2_IRQHandler
                0x080097cc                MemManage_Handler
                0x080097cc                SVC_Handler
                0x080097cc                DMA1_Channel5_IRQHandler
                0x080097cc                EXTI4_IRQHandler
                0x080097cc                DMA1_Channel3_IRQHandler
                0x080097cc                TIM1_UP_IRQHandler
                0x080097cc                WWDG_IRQHandler
                0x080097cc                TIM2_IRQHandler
                0x080097cc                TIM1_BRK_IRQHandler
                0x080097cc                EXTI1_IRQHandler
                0x080097cc                RTCAlarm_IRQHandler
                0x080097cc                USART2_IRQHandler
                0x080097cc                I2C2_ER_IRQHandler
                0x080097cc                DMA1_Channel2_IRQHandler
                0x080097cc                CAN1_SCE_IRQHandler
                0x080097cc                FLASH_IRQHandler
                0x080097cc                BusFault_Handler
                0x080097cc                USBWakeUp_IRQHandler
 .text.NVIC_PriorityGroupConfig
                0x080097d0       0x14 lib/STM32F10x_StdPeriph_Driver/libstm32fw.a(misc.o)
                0x080097d0                NVIC_PriorityGroupConfig
 .text.NVIC_Init
                0x080097e4       0x68 lib/STM32F10x_StdPeriph_Driver/libstm32fw.a(misc.o)
                0x080097e4                NVIC_Init
 .text.NVIC_SetVectorTable
                0x0800984c       0x14 lib/STM32F10x_StdPeriph_Driver/libstm32fw.a(misc.o)
                0x0800984c                NVIC_SetVectorTable
 .text.SysTick_CLKSourceConfig
                0x08009860       0x18 lib/STM32F10x_StdPeriph_Driver/libstm32fw.a(misc.o)
                0x08009860                SysTick_CLKSourceConfig
 .text.ADC_DeInit
                0x08009878       0x5c lib/STM32F10x_StdPeriph_Driver/libstm32fw.a(stm32f10x_adc.o)
                0x08009878                ADC_DeInit
 .text.ADC_Init
                0x080098d4       0x48 lib/STM32F10x_StdPeriph_Driver/libstm32fw.a(stm32f10x_adc.o)
                0x080098d4                ADC_Init
 .text.ADC_Cmd  0x0800991c       0x12 lib/STM32F10x_StdPeriph_Driver/libstm32fw.a(stm32f10x_adc.o)
                0x0800991c                ADC_Cmd
 .text.ADC_ITConfig
                0x0800992e       0x12 lib/STM32F10x_StdPeriph_Driver/libstm32fw.a(stm32f10x_adc.o)
                0x0800992e                ADC_ITConfig
 .text.ADC_ResetCalibration
                0x08009940        0xa lib/STM32F10x_StdPeriph_Driver/libstm32fw.a(stm32f10x_adc.o)
                0x08009940                ADC_ResetCalibration
 .text.ADC_GetResetCalibrationStatus
                0x0800994a        0x8 lib/STM32F10x_StdPeriph_Driver/libstm32fw.a(stm32f10x_adc.o)
                0x0800994a                ADC_GetResetCalibrationStatus
 .text.ADC_StartCalibration
                0x08009952        0xa lib/STM32F10x_StdPeriph_Driver/libstm32fw.a(stm32f10x_adc.o)
                0x08009952                ADC_StartCalibration
 .text.ADC_GetCalibrationStatus
                0x0800995c        0x8 lib/STM32F10x_StdPeriph_Driver/libstm32fw.a(stm32f10x_adc.o)
                0x0800995c                ADC_GetCalibrationStatus
 .text.ADC_SoftwareStartConvCmd
                0x08009964       0x12 lib/STM32F10x_StdPeriph_Driver/libstm32fw.a(stm32f10x_adc.o)
                0x08009964                ADC_SoftwareStartConvCmd
 .text.ADC_RegularChannelConfig
                0x08009976       0x9a lib/STM32F10x_StdPeriph_Driver/libstm32fw.a(stm32f10x_adc.o)
                0x08009976                ADC_RegularChannelConfig
 .text.ADC_GetConversionValue
                0x08009a10        0x6 lib/STM32F10x_StdPeriph_Driver/libstm32fw.a(stm32f10x_adc.o)
                0x08009a10                ADC_GetConversionValue
 .text.ADC_ExternalTrigInjectedConvConfig
                0x08009a16        0xc lib/STM32F10x_StdPeriph_Driver/libstm32fw.a(stm32f10x_adc.o)
                0x08009a16                ADC_ExternalTrigInjectedConvConfig
 .text.ADC_SoftwareStartInjectedConvCmd
                0x08009a22       0x12 lib/STM32F10x_StdPeriph_Driver/libstm32fw.a(stm32f10x_adc.o)
                0x08009a22                ADC_SoftwareStartInjectedConvCmd
 .text.ADC_InjectedChannelConfig
                0x08009a34       0x60 lib/STM32F10x_StdPeriph_Driver/libstm32fw.a(stm32f10x_adc.o)
                0x08009a34                ADC_InjectedChannelConfig
 .text.ADC_InjectedSequencerLengthConfig
                0x08009a94       0x10 lib/STM32F10x_StdPeriph_Driver/libstm32fw.a(stm32f10x_adc.o)
                0x08009a94                ADC_InjectedSequencerLengthConfig
 .text.ADC_GetInjectedConversionValue
                0x08009aa4       0x1a lib/STM32F10x_StdPeriph_Driver/libstm32fw.a(stm32f10x_adc.o)
                0x08009aa4                ADC_GetInjectedConversionValue
 .text.ADC_AnalogWatchdogCmd
                0x08009abe       0x10 lib/STM32F10x_StdPeriph_Driver/libstm32fw.a(stm32f10x_adc.o)
                0x08009abe                ADC_AnalogWatchdogCmd
 .text.ADC_AnalogWatchdogThresholdsConfig
                0x08009ace        0x6 lib/STM32F10x_StdPeriph_Driver/libstm32fw.a(stm32f10x_adc.o)
                0x08009ace                ADC_AnalogWatchdogThresholdsConfig
 .text.ADC_AnalogWatchdogSingleChannelConfig
                0x08009ad4        0xc lib/STM32F10x_StdPeriph_Driver/libstm32fw.a(stm32f10x_adc.o)
                0x08009ad4                ADC_AnalogWatchdogSingleChannelConfig
 .text.ADC_GetFlagStatus
                0x08009ae0        0xc lib/STM32F10x_StdPeriph_Driver/libstm32fw.a(stm32f10x_adc.o)
                0x08009ae0                ADC_GetFlagStatus
 .text.ADC_ClearFlag
                0x08009aec        0x6 lib/STM32F10x_StdPeriph_Driver/libstm32fw.a(stm32f10x_adc.o)
                0x08009aec                ADC_ClearFlag
 .text.ADC_GetITStatus
                0x08009af2       0x16 lib/STM32F10x_StdPeriph_Driver/libstm32fw.a(stm32f10x_adc.o)
                0x08009af2                ADC_GetITStatus
 .text.ADC_ClearITPendingBit
                0x08009b08        0x8 lib/STM32F10x_StdPeriph_Driver/libstm32fw.a(stm32f10x_adc.o)
                0x08009b08                ADC_ClearITPendingBit
 .text.BKP_DeInit
                0x08009b10       0x12 lib/STM32F10x_StdPeriph_Driver/libstm32fw.a(stm32f10x_bkp.o)
                0x08009b10                BKP_DeInit
 *fill*         0x08009b22        0x2 00
 .text.BKP_RTCOutputConfig
                0x08009b24       0x18 lib/STM32F10x_StdPeriph_Driver/libstm32fw.a(stm32f10x_bkp.o)
                0x08009b24                BKP_RTCOutputConfig
 .text.BKP_SetRTCCalibrationValue
                0x08009b3c       0x18 lib/STM32F10x_StdPeriph_Driver/libstm32fw.a(stm32f10x_bkp.o)
                0x08009b3c                BKP_SetRTCCalibrationValue
 .text.BKP_WriteBackupRegister
                0x08009b54       0x1c lib/STM32F10x_StdPeriph_Driver/libstm32fw.a(stm32f10x_bkp.o)
                0x08009b54                BKP_WriteBackupRegister
 .text.BKP_ReadBackupRegister
                0x08009b70       0x20 lib/STM32F10x_StdPeriph_Driver/libstm32fw.a(stm32f10x_bkp.o)
                0x08009b70                BKP_ReadBackupRegister
 .text.DBGMCU_Config
                0x08009b90       0x18 lib/STM32F10x_StdPeriph_Driver/libstm32fw.a(stm32f10x_dbgmcu.o)
                0x08009b90                DBGMCU_Config
 .text.DMA_DeInit
                0x08009ba8       0xec lib/STM32F10x_StdPeriph_Driver/libstm32fw.a(stm32f10x_dma.o)
                0x08009ba8                DMA_DeInit
 .text.DMA_Init
                0x08009c94       0x40 lib/STM32F10x_StdPeriph_Driver/libstm32fw.a(stm32f10x_dma.o)
                0x08009c94                DMA_Init
 .text.DMA_Cmd  0x08009cd4       0x12 lib/STM32F10x_StdPeriph_Driver/libstm32fw.a(stm32f10x_dma.o)
                0x08009cd4                DMA_Cmd
 .text.DMA_ITConfig
                0x08009ce6       0x10 lib/STM32F10x_StdPeriph_Driver/libstm32fw.a(stm32f10x_dma.o)
                0x08009ce6                DMA_ITConfig
 .text.DMA_GetCurrDataCounter
                0x08009cf6        0x6 lib/STM32F10x_StdPeriph_Driver/libstm32fw.a(stm32f10x_dma.o)
                0x08009cf6                DMA_GetCurrDataCounter
 .text.DMA_GetFlagStatus
                0x08009cfc       0x1c lib/STM32F10x_StdPeriph_Driver/libstm32fw.a(stm32f10x_dma.o)
                0x08009cfc                DMA_GetFlagStatus
 .text.DMA_ClearFlag
                0x08009d18       0x14 lib/STM32F10x_StdPeriph_Driver/libstm32fw.a(stm32f10x_dma.o)
                0x08009d18                DMA_ClearFlag
 .text.DMA_GetITStatus
                0x08009d2c       0x1c lib/STM32F10x_StdPeriph_Driver/libstm32fw.a(stm32f10x_dma.o)
                0x08009d2c                DMA_GetITStatus
 .text.DMA_ClearITPendingBit
                0x08009d48       0x14 lib/STM32F10x_StdPeriph_Driver/libstm32fw.a(stm32f10x_dma.o)
                0x08009d48                DMA_ClearITPendingBit
 .text.EXTI_DeInit
                0x08009d5c       0x1c lib/STM32F10x_StdPeriph_Driver/libstm32fw.a(stm32f10x_exti.o)
                0x08009d5c                EXTI_DeInit
 .text.EXTI_Init
                0x08009d78       0x88 lib/STM32F10x_StdPeriph_Driver/libstm32fw.a(stm32f10x_exti.o)
                0x08009d78                EXTI_Init
 .text.EXTI_GetITStatus
                0x08009e00       0x20 lib/STM32F10x_StdPeriph_Driver/libstm32fw.a(stm32f10x_exti.o)
                0x08009e00                EXTI_GetITStatus
 .text.EXTI_ClearITPendingBit
                0x08009e20        0xc lib/STM32F10x_StdPeriph_Driver/libstm32fw.a(stm32f10x_exti.o)
                0x08009e20                EXTI_ClearITPendingBit
 .text.GPIO_Init
                0x08009e2c       0x9a lib/STM32F10x_StdPeriph_Driver/libstm32fw.a(stm32f10x_gpio.o)
                0x08009e2c                GPIO_Init
 .text.GPIO_StructInit
                0x08009ec6       0x10 lib/STM32F10x_StdPeriph_Driver/libstm32fw.a(stm32f10x_gpio.o)
                0x08009ec6                GPIO_StructInit
 .text.GPIO_ReadInputDataBit
                0x08009ed6        0xc lib/STM32F10x_StdPeriph_Driver/libstm32fw.a(stm32f10x_gpio.o)
                0x08009ed6                GPIO_ReadInputDataBit
 .text.GPIO_SetBits
                0x08009ee2        0x4 lib/STM32F10x_StdPeriph_Driver/libstm32fw.a(stm32f10x_gpio.o)
                0x08009ee2                GPIO_SetBits
 .text.GPIO_ResetBits
                0x08009ee6        0x4 lib/STM32F10x_StdPeriph_Driver/libstm32fw.a(stm32f10x_gpio.o)
                0x08009ee6                GPIO_ResetBits
 .text.GPIO_WriteBit
                0x08009eea        0xa lib/STM32F10x_StdPeriph_Driver/libstm32fw.a(stm32f10x_gpio.o)
                0x08009eea                GPIO_WriteBit
 .text.GPIO_PinRemapConfig
                0x08009ef4       0x58 lib/STM32F10x_StdPeriph_Driver/libstm32fw.a(stm32f10x_gpio.o)
                0x08009ef4                GPIO_PinRemapConfig
 .text.GPIO_EXTILineConfig
                0x08009f4c       0x34 lib/STM32F10x_StdPeriph_Driver/libstm32fw.a(stm32f10x_gpio.o)
                0x08009f4c                GPIO_EXTILineConfig
 .text.I2C_DeInit
                0x08009f80       0x34 lib/STM32F10x_StdPeriph_Driver/libstm32fw.a(stm32f10x_i2c.o)
                0x08009f80                I2C_DeInit
 .text.I2C_Init
                0x08009fb4       0xd4 lib/STM32F10x_StdPeriph_Driver/libstm32fw.a(stm32f10x_i2c.o)
                0x08009fb4                I2C_Init
 .text.I2C_Cmd  0x0800a088       0x18 lib/STM32F10x_StdPeriph_Driver/libstm32fw.a(stm32f10x_i2c.o)
                0x0800a088                I2C_Cmd
 .text.I2C_GenerateSTART
                0x0800a0a0       0x18 lib/STM32F10x_StdPeriph_Driver/libstm32fw.a(stm32f10x_i2c.o)
                0x0800a0a0                I2C_GenerateSTART
 .text.I2C_GenerateSTOP
                0x0800a0b8       0x18 lib/STM32F10x_StdPeriph_Driver/libstm32fw.a(stm32f10x_i2c.o)
                0x0800a0b8                I2C_GenerateSTOP
 .text.I2C_AcknowledgeConfig
                0x0800a0d0       0x18 lib/STM32F10x_StdPeriph_Driver/libstm32fw.a(stm32f10x_i2c.o)
                0x0800a0d0                I2C_AcknowledgeConfig
 .text.I2C_ITConfig
                0x0800a0e8       0x12 lib/STM32F10x_StdPeriph_Driver/libstm32fw.a(stm32f10x_i2c.o)
                0x0800a0e8                I2C_ITConfig
 .text.I2C_SendData
                0x0800a0fa        0x4 lib/STM32F10x_StdPeriph_Driver/libstm32fw.a(stm32f10x_i2c.o)
                0x0800a0fa                I2C_SendData
 .text.I2C_ReceiveData
                0x0800a0fe        0x6 lib/STM32F10x_StdPeriph_Driver/libstm32fw.a(stm32f10x_i2c.o)
                0x0800a0fe                I2C_ReceiveData
 .text.I2C_Send7bitAddress
                0x0800a104       0x10 lib/STM32F10x_StdPeriph_Driver/libstm32fw.a(stm32f10x_i2c.o)
                0x0800a104                I2C_Send7bitAddress
 .text.I2C_SoftwareResetCmd
                0x0800a114       0x18 lib/STM32F10x_StdPeriph_Driver/libstm32fw.a(stm32f10x_i2c.o)
                0x0800a114                I2C_SoftwareResetCmd
 .text.IWDG_WriteAccessCmd
                0x0800a12c        0xc lib/STM32F10x_StdPeriph_Driver/libstm32fw.a(stm32f10x_iwdg.o)
                0x0800a12c                IWDG_WriteAccessCmd
 .text.IWDG_SetPrescaler
                0x0800a138        0xc lib/STM32F10x_StdPeriph_Driver/libstm32fw.a(stm32f10x_iwdg.o)
                0x0800a138                IWDG_SetPrescaler
 .text.IWDG_SetReload
                0x0800a144        0xc lib/STM32F10x_StdPeriph_Driver/libstm32fw.a(stm32f10x_iwdg.o)
                0x0800a144                IWDG_SetReload
 .text.IWDG_ReloadCounter
                0x0800a150       0x10 lib/STM32F10x_StdPeriph_Driver/libstm32fw.a(stm32f10x_iwdg.o)
                0x0800a150                IWDG_ReloadCounter
 .text.IWDG_Enable
                0x0800a160       0x10 lib/STM32F10x_StdPeriph_Driver/libstm32fw.a(stm32f10x_iwdg.o)
                0x0800a160                IWDG_Enable
 .text.PWR_DeInit
                0x0800a170       0x1a lib/STM32F10x_StdPeriph_Driver/libstm32fw.a(stm32f10x_pwr.o)
                0x0800a170                PWR_DeInit
 *fill*         0x0800a18a        0x2 00
 .text.PWR_BackupAccessCmd
                0x0800a18c        0xc lib/STM32F10x_StdPeriph_Driver/libstm32fw.a(stm32f10x_pwr.o)
                0x0800a18c                PWR_BackupAccessCmd
 .text.PWR_WakeUpPinCmd
                0x0800a198        0xc lib/STM32F10x_StdPeriph_Driver/libstm32fw.a(stm32f10x_pwr.o)
                0x0800a198                PWR_WakeUpPinCmd
 .text.PWR_EnterSTANDBYMode
                0x0800a1a4       0x28 lib/STM32F10x_StdPeriph_Driver/libstm32fw.a(stm32f10x_pwr.o)
                0x0800a1a4                PWR_EnterSTANDBYMode
 .text.RCC_HCLKConfig
                0x0800a1cc       0x14 lib/STM32F10x_StdPeriph_Driver/libstm32fw.a(stm32f10x_rcc.o)
                0x0800a1cc                RCC_HCLKConfig
 .text.RCC_USBCLKConfig
                0x0800a1e0        0xc lib/STM32F10x_StdPeriph_Driver/libstm32fw.a(stm32f10x_rcc.o)
                0x0800a1e0                RCC_USBCLKConfig
 .text.RCC_ADCCLKConfig
                0x0800a1ec       0x14 lib/STM32F10x_StdPeriph_Driver/libstm32fw.a(stm32f10x_rcc.o)
                0x0800a1ec                RCC_ADCCLKConfig
 .text.RCC_LSEConfig
                0x0800a200       0x20 lib/STM32F10x_StdPeriph_Driver/libstm32fw.a(stm32f10x_rcc.o)
                0x0800a200                RCC_LSEConfig
 .text.RCC_RTCCLKConfig
                0x0800a220       0x10 lib/STM32F10x_StdPeriph_Driver/libstm32fw.a(stm32f10x_rcc.o)
                0x0800a220                RCC_RTCCLKConfig
 .text.RCC_RTCCLKCmd
                0x0800a230        0xc lib/STM32F10x_StdPeriph_Driver/libstm32fw.a(stm32f10x_rcc.o)
                0x0800a230                RCC_RTCCLKCmd
 .text.RCC_GetClocksFreq
                0x0800a23c       0x9c lib/STM32F10x_StdPeriph_Driver/libstm32fw.a(stm32f10x_rcc.o)
                0x0800a23c                RCC_GetClocksFreq
 .text.RCC_AHBPeriphClockCmd
                0x0800a2d8       0x18 lib/STM32F10x_StdPeriph_Driver/libstm32fw.a(stm32f10x_rcc.o)
                0x0800a2d8                RCC_AHBPeriphClockCmd
 .text.RCC_APB2PeriphClockCmd
                0x0800a2f0       0x18 lib/STM32F10x_StdPeriph_Driver/libstm32fw.a(stm32f10x_rcc.o)
                0x0800a2f0                RCC_APB2PeriphClockCmd
 .text.RCC_APB1PeriphClockCmd
                0x0800a308       0x18 lib/STM32F10x_StdPeriph_Driver/libstm32fw.a(stm32f10x_rcc.o)
                0x0800a308                RCC_APB1PeriphClockCmd
 .text.RCC_APB2PeriphResetCmd
                0x0800a320       0x18 lib/STM32F10x_StdPeriph_Driver/libstm32fw.a(stm32f10x_rcc.o)
                0x0800a320                RCC_APB2PeriphResetCmd
 .text.RCC_APB1PeriphResetCmd
                0x0800a338       0x18 lib/STM32F10x_StdPeriph_Driver/libstm32fw.a(stm32f10x_rcc.o)
                0x0800a338                RCC_APB1PeriphResetCmd
 .text.RCC_BackupResetCmd
                0x0800a350        0xc lib/STM32F10x_StdPeriph_Driver/libstm32fw.a(stm32f10x_rcc.o)
                0x0800a350                RCC_BackupResetCmd
 .text.RCC_GetFlagStatus
                0x0800a35c       0x28 lib/STM32F10x_StdPeriph_Driver/libstm32fw.a(stm32f10x_rcc.o)
                0x0800a35c                RCC_GetFlagStatus
 .text.RTC_EnterConfigMode
                0x0800a384       0x14 lib/STM32F10x_StdPeriph_Driver/libstm32fw.a(stm32f10x_rtc.o)
                0x0800a384                RTC_EnterConfigMode
 .text.RTC_ExitConfigMode
                0x0800a398       0x14 lib/STM32F10x_StdPeriph_Driver/libstm32fw.a(stm32f10x_rtc.o)
                0x0800a398                RTC_ExitConfigMode
 .text.RTC_GetCounter
                0x0800a3ac       0x14 lib/STM32F10x_StdPeriph_Driver/libstm32fw.a(stm32f10x_rtc.o)
                0x0800a3ac                RTC_GetCounter
 .text.RTC_SetCounter
                0x0800a3c0       0x20 lib/STM32F10x_StdPeriph_Driver/libstm32fw.a(stm32f10x_rtc.o)
                0x0800a3c0                RTC_SetCounter
 .text.RTC_SetPrescaler
                0x0800a3e0       0x20 lib/STM32F10x_StdPeriph_Driver/libstm32fw.a(stm32f10x_rtc.o)
                0x0800a3e0                RTC_SetPrescaler
 .text.RTC_WaitForLastTask
                0x0800a400       0x14 lib/STM32F10x_StdPeriph_Driver/libstm32fw.a(stm32f10x_rtc.o)
                0x0800a400                RTC_WaitForLastTask
 .text.RTC_WaitForSynchro
                0x0800a414       0x24 lib/STM32F10x_StdPeriph_Driver/libstm32fw.a(stm32f10x_rtc.o)
                0x0800a414                RTC_WaitForSynchro
 .text.SPI_Init
                0x0800a438       0x3e lib/STM32F10x_StdPeriph_Driver/libstm32fw.a(stm32f10x_spi.o)
                0x0800a438                SPI_Init
 .text.SPI_StructInit
                0x0800a476       0x18 lib/STM32F10x_StdPeriph_Driver/libstm32fw.a(stm32f10x_spi.o)
                0x0800a476                SPI_StructInit
 .text.SPI_Cmd  0x0800a48e       0x18 lib/STM32F10x_StdPeriph_Driver/libstm32fw.a(stm32f10x_spi.o)
                0x0800a48e                SPI_Cmd
 .text.SPI_I2S_DMACmd
                0x0800a4a6       0x12 lib/STM32F10x_StdPeriph_Driver/libstm32fw.a(stm32f10x_spi.o)
                0x0800a4a6                SPI_I2S_DMACmd
 .text.SPI_I2S_SendData
                0x0800a4b8        0x4 lib/STM32F10x_StdPeriph_Driver/libstm32fw.a(stm32f10x_spi.o)
                0x0800a4b8                SPI_I2S_SendData
 .text.SPI_I2S_ReceiveData
                0x0800a4bc        0x6 lib/STM32F10x_StdPeriph_Driver/libstm32fw.a(stm32f10x_spi.o)
                0x0800a4bc                SPI_I2S_ReceiveData
 .text.SPI_CalculateCRC
                0x0800a4c2       0x18 lib/STM32F10x_StdPeriph_Driver/libstm32fw.a(stm32f10x_spi.o)
                0x0800a4c2                SPI_CalculateCRC
 .text.SPI_I2S_GetFlagStatus
                0x0800a4da        0xc lib/STM32F10x_StdPeriph_Driver/libstm32fw.a(stm32f10x_spi.o)
                0x0800a4da                SPI_I2S_GetFlagStatus
 *fill*         0x0800a4e6        0x2 00
 .text.TIM_DeInit
                0x0800a4e8       0xc8 lib/STM32F10x_StdPeriph_Driver/libstm32fw.a(stm32f10x_tim.o)
                0x0800a4e8                TIM_DeInit
 .text.TIM_TimeBaseInit
                0x0800a5b0       0x3c lib/STM32F10x_StdPeriph_Driver/libstm32fw.a(stm32f10x_tim.o)
                0x0800a5b0                TIM_TimeBaseInit
 .text.TIM_OC4Init
                0x0800a5ec       0x68 lib/STM32F10x_StdPeriph_Driver/libstm32fw.a(stm32f10x_tim.o)
                0x0800a5ec                TIM_OC4Init
 .text.TIM_Cmd  0x0800a654       0x18 lib/STM32F10x_StdPeriph_Driver/libstm32fw.a(stm32f10x_tim.o)
                0x0800a654                TIM_Cmd
 .text.TIM_OC4PreloadConfig
                0x0800a66c       0x14 lib/STM32F10x_StdPeriph_Driver/libstm32fw.a(stm32f10x_tim.o)
                0x0800a66c                TIM_OC4PreloadConfig
 .text.USART_DeInit
                0x0800a680       0x98 lib/STM32F10x_StdPeriph_Driver/libstm32fw.a(stm32f10x_usart.o)
                0x0800a680                USART_DeInit
 .text.USART_Init
                0x0800a718       0x88 lib/STM32F10x_StdPeriph_Driver/libstm32fw.a(stm32f10x_usart.o)
                0x0800a718                USART_Init
 .text.USART_Cmd
                0x0800a7a0       0x18 lib/STM32F10x_StdPeriph_Driver/libstm32fw.a(stm32f10x_usart.o)
                0x0800a7a0                USART_Cmd
 .text.USART_ITConfig
                0x0800a7b8       0x34 lib/STM32F10x_StdPeriph_Driver/libstm32fw.a(stm32f10x_usart.o)
                0x0800a7b8                USART_ITConfig
 .text.USART_DMACmd
                0x0800a7ec       0x12 lib/STM32F10x_StdPeriph_Driver/libstm32fw.a(stm32f10x_usart.o)
                0x0800a7ec                USART_DMACmd
 .text.USART_SendData
                0x0800a7fe        0x8 lib/STM32F10x_StdPeriph_Driver/libstm32fw.a(stm32f10x_usart.o)
                0x0800a7fe                USART_SendData
 .text.USART_ReceiveData
                0x0800a806        0x8 lib/STM32F10x_StdPeriph_Driver/libstm32fw.a(stm32f10x_usart.o)
                0x0800a806                USART_ReceiveData
 .text.USART_GetFlagStatus
                0x0800a80e        0xc lib/STM32F10x_StdPeriph_Driver/libstm32fw.a(stm32f10x_usart.o)
                0x0800a80e                USART_GetFlagStatus
 .text.USART_GetITStatus
                0x0800a81a       0x40 lib/STM32F10x_StdPeriph_Driver/libstm32fw.a(stm32f10x_usart.o)
                0x0800a81a                USART_GetITStatus
 .text.USART_ClearITPendingBit
                0x0800a85a       0x10 lib/STM32F10x_StdPeriph_Driver/libstm32fw.a(stm32f10x_usart.o)
                0x0800a85a                USART_ClearITPendingBit
 *fill*         0x0800a86a        0x2 00
 .text.Standard_GetConfiguration
                0x0800a86c       0x24 lib/STM32_USB-FS-Device_Driver/libstm32usb.a(usb_core.o)
                0x0800a86c                Standard_GetConfiguration
 .text.Standard_GetInterface
                0x0800a890       0x24 lib/STM32_USB-FS-Device_Driver/libstm32usb.a(usb_core.o)
                0x0800a890                Standard_GetInterface
 .text.Standard_GetStatus
                0x0800a8b4       0x9c lib/STM32_USB-FS-Device_Driver/libstm32usb.a(usb_core.o)
                0x0800a8b4                Standard_GetStatus
 .text.DataStageIn
                0x0800a950       0xa4 lib/STM32_USB-FS-Device_Driver/libstm32usb.a(usb_core.o)
 .text.Standard_SetConfiguration
                0x0800a9f4       0x38 lib/STM32_USB-FS-Device_Driver/libstm32usb.a(usb_core.o)
                0x0800a9f4                Standard_SetConfiguration
 .text.Standard_SetInterface
                0x0800aa2c       0x48 lib/STM32_USB-FS-Device_Driver/libstm32usb.a(usb_core.o)
                0x0800aa2c                Standard_SetInterface
 .text.Standard_ClearFeature
                0x0800aa74       0xdc lib/STM32_USB-FS-Device_Driver/libstm32usb.a(usb_core.o)
                0x0800aa74                Standard_ClearFeature
 .text.Standard_SetEndPointFeature
                0x0800ab50       0x8c lib/STM32_USB-FS-Device_Driver/libstm32usb.a(usb_core.o)
                0x0800ab50                Standard_SetEndPointFeature
 .text.Standard_SetDeviceFeature
                0x0800abdc       0x24 lib/STM32_USB-FS-Device_Driver/libstm32usb.a(usb_core.o)
                0x0800abdc                Standard_SetDeviceFeature
 .text.Standard_GetDescriptorData
                0x0800ac00       0x1c lib/STM32_USB-FS-Device_Driver/libstm32usb.a(usb_core.o)
                0x0800ac00                Standard_GetDescriptorData
 .text.Post0_Process
                0x0800ac1c       0x40 lib/STM32_USB-FS-Device_Driver/libstm32usb.a(usb_core.o)
                0x0800ac1c                Post0_Process
 .text.Out0_Process
                0x0800ac5c       0xd4 lib/STM32_USB-FS-Device_Driver/libstm32usb.a(usb_core.o)
                0x0800ac5c                Out0_Process
 .text.Setup0_Process
                0x0800ad30      0x2f8 lib/STM32_USB-FS-Device_Driver/libstm32usb.a(usb_core.o)
                0x0800ad30                Setup0_Process
 .text.SetDeviceAddress
                0x0800b028       0x40 lib/STM32_USB-FS-Device_Driver/libstm32usb.a(usb_core.o)
                0x0800b028                SetDeviceAddress
 .text.In0_Process
                0x0800b068       0x60 lib/STM32_USB-FS-Device_Driver/libstm32usb.a(usb_core.o)
                0x0800b068                In0_Process
 .text.NOP_Process
                0x0800b0c8        0x2 lib/STM32_USB-FS-Device_Driver/libstm32usb.a(usb_core.o)
                0x0800b0c8                NOP_Process
 *fill*         0x0800b0ca        0x2 00
 .text.USB_Init
                0x0800b0cc       0x38 lib/STM32_USB-FS-Device_Driver/libstm32usb.a(usb_init.o)
                0x0800b0cc                USB_Init
 .text.CTR_LP   0x0800b104      0x190 lib/STM32_USB-FS-Device_Driver/libstm32usb.a(usb_int.o)
                0x0800b104                CTR_LP
 .text.CTR_HP   0x0800b294       0x74 lib/STM32_USB-FS-Device_Driver/libstm32usb.a(usb_int.o)
                0x0800b294                CTR_HP
 .text.UserToPMABufferCopy
                0x0800b308       0x2e lib/STM32_USB-FS-Device_Driver/libstm32usb.a(usb_mem.o)
                0x0800b308                UserToPMABufferCopy
 .text.PMAToUserBufferCopy
                0x0800b336       0x24 lib/STM32_USB-FS-Device_Driver/libstm32usb.a(usb_mem.o)
                0x0800b336                PMAToUserBufferCopy
 *fill*         0x0800b35a        0x2 00
 .text.SetBTABLE
                0x0800b35c       0x10 lib/STM32_USB-FS-Device_Driver/libstm32usb.a(usb_regs.o)
                0x0800b35c                SetBTABLE
 .text.SetEPType
                0x0800b36c       0x18 lib/STM32_USB-FS-Device_Driver/libstm32usb.a(usb_regs.o)
                0x0800b36c                SetEPType
 .text.SetEPTxStatus
                0x0800b384       0x3a lib/STM32_USB-FS-Device_Driver/libstm32usb.a(usb_regs.o)
                0x0800b384                SetEPTxStatus
 .text.SetEPRxStatus
                0x0800b3be       0x3a lib/STM32_USB-FS-Device_Driver/libstm32usb.a(usb_regs.o)
                0x0800b3be                SetEPRxStatus
 .text.SetEPRxValid
                0x0800b3f8       0x22 lib/STM32_USB-FS-Device_Driver/libstm32usb.a(usb_regs.o)
                0x0800b3f8                SetEPRxValid
 .text.Clear_Status_Out
                0x0800b41a       0x1e lib/STM32_USB-FS-Device_Driver/libstm32usb.a(usb_regs.o)
                0x0800b41a                Clear_Status_Out
 .text.ClearDTOG_RX
                0x0800b438       0x24 lib/STM32_USB-FS-Device_Driver/libstm32usb.a(usb_regs.o)
                0x0800b438                ClearDTOG_RX
 .text.ClearDTOG_TX
                0x0800b45c       0x24 lib/STM32_USB-FS-Device_Driver/libstm32usb.a(usb_regs.o)
                0x0800b45c                ClearDTOG_TX
 .text.SetEPTxAddr
                0x0800b480       0x20 lib/STM32_USB-FS-Device_Driver/libstm32usb.a(usb_regs.o)
                0x0800b480                SetEPTxAddr
 .text.SetEPRxAddr
                0x0800b4a0       0x20 lib/STM32_USB-FS-Device_Driver/libstm32usb.a(usb_regs.o)
                0x0800b4a0                SetEPRxAddr
 .text.GetEPTxAddr
                0x0800b4c0       0x1c lib/STM32_USB-FS-Device_Driver/libstm32usb.a(usb_regs.o)
                0x0800b4c0                GetEPTxAddr
 .text.GetEPRxAddr
                0x0800b4dc       0x1c lib/STM32_USB-FS-Device_Driver/libstm32usb.a(usb_regs.o)
                0x0800b4dc                GetEPRxAddr
 .text.SetEPTxCount
                0x0800b4f8       0x1c lib/STM32_USB-FS-Device_Driver/libstm32usb.a(usb_regs.o)
                0x0800b4f8                SetEPTxCount
 .text.SetEPRxCount
                0x0800b514       0x3c lib/STM32_USB-FS-Device_Driver/libstm32usb.a(usb_regs.o)
                0x0800b514                SetEPRxCount
 .text.GetEPRxCount
                0x0800b550       0x20 lib/STM32_USB-FS-Device_Driver/libstm32usb.a(usb_regs.o)
                0x0800b550                GetEPRxCount
 .text.ByteSwap
                0x0800b570        0xa lib/STM32_USB-FS-Device_Driver/libstm32usb.a(usb_regs.o)
                0x0800b570                ByteSwap
 *fill*         0x0800b57a        0x2 00
 .text.USB_SIL_Init
                0x0800b57c       0x20 lib/STM32_USB-FS-Device_Driver/libstm32usb.a(usb_sil.o)
                0x0800b57c                USB_SIL_Init
 .text.USB_SIL_Write
                0x0800b59c       0x28 lib/STM32_USB-FS-Device_Driver/libstm32usb.a(usb_sil.o)
                0x0800b59c                USB_SIL_Write
 .text.USB_SIL_Read
                0x0800b5c4       0x24 lib/STM32_USB-FS-Device_Driver/libstm32usb.a(usb_sil.o)
                0x0800b5c4                USB_SIL_Read
 .text.memset   0x0800b5e8      0x12c /home/laurence/ARM-GCC/bin/../lib/gcc/arm-none-eabi/4.7.4/../../../../arm-none-eabi/lib/armv7-m/libc.a(lib_a-memset.o)
                0x0800b5e8                memset
 .text.srand    0x0800b714       0x18 /home/laurence/ARM-GCC/bin/../lib/gcc/arm-none-eabi/4.7.4/../../../../arm-none-eabi/lib/armv7-m/libc.a(lib_a-rand.o)
                0x0800b714                srand
 .text.rand     0x0800b72c       0x48 /home/laurence/ARM-GCC/bin/../lib/gcc/arm-none-eabi/4.7.4/../../../../arm-none-eabi/lib/armv7-m/libc.a(lib_a-rand.o)
                0x0800b72c                rand
 .text.sinf     0x0800b774       0x78 /home/laurence/ARM-GCC/bin/../lib/gcc/arm-none-eabi/4.7.4/../../../../arm-none-eabi/lib/armv7-m/libm.a(lib_a-sf_sin.o)
                0x0800b774                sinf
 .text.__ieee754_rem_pio2f
                0x0800b7ec      0x358 /home/laurence/ARM-GCC/bin/../lib/gcc/arm-none-eabi/4.7.4/../../../../arm-none-eabi/lib/armv7-m/libm.a(lib_a-ef_rem_pio2.o)
                0x0800b7ec                __ieee754_rem_pio2f
 .text.__kernel_cosf
                0x0800bb44      0x1b8 /home/laurence/ARM-GCC/bin/../lib/gcc/arm-none-eabi/4.7.4/../../../../arm-none-eabi/lib/armv7-m/libm.a(lib_a-kf_cos.o)
                0x0800bb44                __kernel_cosf
 .text.__kernel_rem_pio2f
                0x0800bcfc      0xba0 /home/laurence/ARM-GCC/bin/../lib/gcc/arm-none-eabi/4.7.4/../../../../arm-none-eabi/lib/armv7-m/libm.a(lib_a-kf_rem_pio2.o)
                0x0800bcfc                __kernel_rem_pio2f
 .text.__kernel_sinf
                0x0800c89c      0x100 /home/laurence/ARM-GCC/bin/../lib/gcc/arm-none-eabi/4.7.4/../../../../arm-none-eabi/lib/armv7-m/libm.a(lib_a-kf_sin.o)
                0x0800c89c                __kernel_sinf
 .text.fabsf    0x0800c99c        0x8 /home/laurence/ARM-GCC/bin/../lib/gcc/arm-none-eabi/4.7.4/../../../../arm-none-eabi/lib/armv7-m/libm.a(lib_a-sf_fabs.o)
                0x0800c99c                fabsf
 .text.floorf   0x0800c9a4       0x94 /home/laurence/ARM-GCC/bin/../lib/gcc/arm-none-eabi/4.7.4/../../../../arm-none-eabi/lib/armv7-m/libm.a(lib_a-sf_floor.o)
                0x0800c9a4                floorf
 .text.scalbnf  0x0800ca38       0xc0 /home/laurence/ARM-GCC/bin/../lib/gcc/arm-none-eabi/4.7.4/../../../../arm-none-eabi/lib/armv7-m/libm.a(lib_a-sf_scalbn.o)
                0x0800ca38                scalbnf
 .text.copysignf
                0x0800caf8        0xc /home/laurence/ARM-GCC/bin/../lib/gcc/arm-none-eabi/4.7.4/../../../../arm-none-eabi/lib/armv7-m/libm.a(lib_a-sf_copysign.o)
                0x0800caf8                copysignf
 .text._sbrk    0x0800cb04       0x34 /home/laurence/ARM-GCC/bin/../lib/gcc/arm-none-eabi/4.7.4/../../../../arm-none-eabi/lib/armv7-m/libnosys.a(sbrk.o)
                0x0800cb04                _sbrk
 *(.rodata)
 .rodata        0x0800cb38       0xb4 /tmp/ccPWZEh1.ltrans0.ltrans.o
                0x0800cbdd                DaysInMonth.5249
 .rodata        0x0800cbec       0x20 /tmp/ccPWZEh1.ltrans1.ltrans.o
 .rodata        0x0800cc0c        0xd /tmp/ccPWZEh1.ltrans2.ltrans.o
                0x0800cc0c                LfnOfs.5167
 *fill*         0x0800cc19        0x1 00
 .rodata        0x0800cc1a      0x3c0 /tmp/ccPWZEh1.ltrans5.ltrans.o
 .rodata        0x0800cfda       0x12 /tmp/ccPWZEh1.ltrans6.ltrans.o
 .rodata        0x0800cfec       0x74 /tmp/ccPWZEh1.ltrans7.ltrans.o
 .rodata        0x0800d060      0x180 /tmp/ccPWZEh1.ltrans8.ltrans.o
                0x0800d060                Tbl.4816
 *(.rodata*)
 .rodata.str1.1
                0x0800d1e0      0x3a2 /tmp/ccPWZEh1.ltrans0.ltrans.o
                                0x3a7 (size before relaxing)
 .rodata.str1.1
                0x0800d582       0x10 /tmp/ccPWZEh1.ltrans1.ltrans.o
                                 0x13 (size before relaxing)
 .rodata.str1.1
                0x0800d592        0x6 /tmp/ccPWZEh1.ltrans6.ltrans.o
 .rodata.str1.1
                0x0800d598       0x10 /tmp/ccPWZEh1.ltrans8.ltrans.o
 .rodata.str1.4
                0x0800d5a8        0x4 /home/laurence/ARM-GCC/bin/../lib/gcc/arm-none-eabi/4.7.4/../../../../arm-none-eabi/lib/armv7-m/libc.a(lib_a-impure.o)
 .rodata.npio2_hw
                0x0800d5ac       0x80 /home/laurence/ARM-GCC/bin/../lib/gcc/arm-none-eabi/4.7.4/../../../../arm-none-eabi/lib/armv7-m/libm.a(lib_a-ef_rem_pio2.o)
 .rodata.two_over_pi
                0x0800d62c      0x318 /home/laurence/ARM-GCC/bin/../lib/gcc/arm-none-eabi/4.7.4/../../../../arm-none-eabi/lib/armv7-m/libm.a(lib_a-ef_rem_pio2.o)
 .rodata.init_jk
                0x0800d944        0xc /home/laurence/ARM-GCC/bin/../lib/gcc/arm-none-eabi/4.7.4/../../../../arm-none-eabi/lib/armv7-m/libm.a(lib_a-kf_rem_pio2.o)
 .rodata.PIo2   0x0800d950       0x2c /home/laurence/ARM-GCC/bin/../lib/gcc/arm-none-eabi/4.7.4/../../../../arm-none-eabi/lib/armv7-m/libm.a(lib_a-kf_rem_pio2.o)
 *(.glue_7)
 .glue_7        0x00000000        0x0 linker stubs
 *(.glue_7t)
 .glue_7t       0x00000000        0x0 linker stubs
 *(.init)
 .init          0x0800d97c        0x4 /home/laurence/ARM-GCC/bin/../lib/gcc/arm-none-eabi/4.7.4/armv7-m/crti.o
                0x0800d97c                _init
 .init          0x0800d980        0x8 /home/laurence/ARM-GCC/bin/../lib/gcc/arm-none-eabi/4.7.4/armv7-m/crtn.o
 *(.fini)
 .fini          0x0800d988        0x4 /home/laurence/ARM-GCC/bin/../lib/gcc/arm-none-eabi/4.7.4/armv7-m/crti.o
                0x0800d988                _fini
 .fini          0x0800d98c        0x8 /home/laurence/ARM-GCC/bin/../lib/gcc/arm-none-eabi/4.7.4/armv7-m/crtn.o
                0x0800d994                . = ALIGN (0x4)
                0x0800d994                _etext = .
                0x0800d994                _sidata = _etext

.vfp11_veneer   0x0800d994        0x0
 .vfp11_veneer  0x00000000        0x0 linker stubs

.v4_bx          0x0800d994        0x0
 .v4_bx         0x00000000        0x0 linker stubs

.iplt           0x0800d994        0x0
 .iplt          0x00000000        0x0 /home/laurence/ARM-GCC/bin/../lib/gcc/arm-none-eabi/4.7.4/armv7-m/crtbegin.o

.rel.dyn        0x0800d994        0x0
 .rel.iplt      0x00000000        0x0 /home/laurence/ARM-GCC/bin/../lib/gcc/arm-none-eabi/4.7.4/armv7-m/crtbegin.o

.flashpatch     0x00000000        0x0
                0x00000000                . = ALIGN (0x4)
 *(.flashpatch)
                0x00000000                . = ALIGN (0x4)

.endflash       0x00000000        0x0
                0x00000000                . = ALIGN (0x4)
 *(.endflash)
                0x00000000                . = ALIGN (0x4)
                0x00000000                _e_endflash = .

.data           0x20000000      0xa04 load address 0x0800d994
                0x20000000                . = ALIGN (0x4)
                0x20000000                _sdata = .
                0x20000000                _data = .
 *(.data)
 .data          0x20000000        0xc /tmp/ccPWZEh1.ltrans0.ltrans.o
                0x20000008                SP1ML_network_address
 .data          0x2000000c        0xc /tmp/ccPWZEh1.ltrans1.ltrans.o
                0x20000010                Config_Descriptor
 .data          0x20000018       0x90 /tmp/ccPWZEh1.ltrans2.ltrans.o
                0x20000018                Scsi_Sense_Data
                0x2000008c                pEpInt_OUT
 .data          0x200000a8       0x1c /tmp/ccPWZEh1.ltrans3.ltrans.o
                0x200000a8                pEpInt_IN
 .data          0x200000c4       0x40 /tmp/ccPWZEh1.ltrans4.ltrans.o
                0x200000c4                I2C_jobs
 .data          0x20000104        0xc /tmp/ccPWZEh1.ltrans6.ltrans.o
                0x2000010c                Device_Table
 .data          0x20000110       0x68 /tmp/ccPWZEh1.ltrans7.ltrans.o
                0x2000012c                String_Descriptor
                0x20000154                User_Standard_Requests
 .data          0x20000178        0x1 /tmp/ccPWZEh1.ltrans9.ltrans.o
 *fill*         0x20000179        0x3 00
 .data          0x2000017c       0x34 /tmp/ccPWZEh1.ltrans10.ltrans.o
                0x2000017c                Device_Property
                0x200001ad                Stat.5443
 *(.data.*)
 .data.__malloc_av_
                0x200001b0      0x408 /home/laurence/ARM-GCC/bin/../lib/gcc/arm-none-eabi/4.7.4/../../../../arm-none-eabi/lib/armv7-m/libc.a(lib_a-mallocr.o)
                0x200001b0                __malloc_av_
 .data.__malloc_trim_threshold
                0x200005b8        0x4 /home/laurence/ARM-GCC/bin/../lib/gcc/arm-none-eabi/4.7.4/../../../../arm-none-eabi/lib/armv7-m/libc.a(lib_a-mallocr.o)
                0x200005b8                __malloc_trim_threshold
 .data.__malloc_sbrk_base
                0x200005bc        0x4 /home/laurence/ARM-GCC/bin/../lib/gcc/arm-none-eabi/4.7.4/../../../../arm-none-eabi/lib/armv7-m/libc.a(lib_a-mallocr.o)
                0x200005bc                __malloc_sbrk_base
 .data.ADCPrescTable
                0x200005c0        0x4 lib/STM32F10x_StdPeriph_Driver/libstm32fw.a(stm32f10x_rcc.o)
 .data.APBAHBPrescTable
                0x200005c4       0x10 lib/STM32F10x_StdPeriph_Driver/libstm32fw.a(stm32f10x_rcc.o)
 *fill*         0x200005d4        0x4 00
 .data.impure_data
                0x200005d8      0x428 /home/laurence/ARM-GCC/bin/../lib/gcc/arm-none-eabi/4.7.4/../../../../arm-none-eabi/lib/armv7-m/libc.a(lib_a-impure.o)
 .data._impure_ptr
                0x20000a00        0x4 /home/laurence/ARM-GCC/bin/../lib/gcc/arm-none-eabi/4.7.4/../../../../arm-none-eabi/lib/armv7-m/libc.a(lib_a-impure.o)
                0x20000a00                _impure_ptr
 *(.RAMtext)
                0x20000a04                . = ALIGN (0x4)
                0x20000a04                _edata = .
                0x0800e398                _eidata = (_sidata + (_edata - _sdata))
                0x08020000                _lastdataromaddress = (ORIGIN (FLASH) + 0x20000)
                0x00000000                toobig = (_eidata > _lastdataromaddress)?!!!!!!!!! FLASH IS FULL !!!!!!!!!:0x0

.igot.plt       0x20000a04        0x0 load address 0x0800e398
 .igot.plt      0x00000000        0x0 /home/laurence/ARM-GCC/bin/../lib/gcc/arm-none-eabi/4.7.4/armv7-m/crtbegin.o

.bss            0x20000a08     0x12fc load address 0x0800e3a0
                0x20000a08                . = ALIGN (0x4)
                0x20000a08                _sbss = .
                0x20000a08                _bss = .
 *(.bss)
 .bss           0x20000a08      0xda0 /tmp/ccPWZEh1.ltrans0.ltrans.o
                0x20000e30                bootsource
                0x20000e34                Millis
                0x20000e3c                Gps_Buffer
                0x20000e48                rputchar.5713
                0x20000e4c                Status
                0x20000e50                Data_Buffer
                0x20000e54                bDeviceState
                0x20000e58                Battery_Voltage
                0x20000e5c                Jobs
                0x20000e60                FatFs.5170
                0x2000109c                FATFS_wavfile
                0x200012f4                print_string
                0x20001310                FATFS_wavfile_gps
                0x20001534                FATFS_wavfile_imu
                0x20001758                file_opened
                0x20001759                flashCodeEnabled
                0x2000175c                Gps
                0x20001798                flashCode
                0x200017a1                System_state_Global
                0x200017a2                Shutdown_System
 .bss           0x200017a8       0x2c /tmp/ccPWZEh1.ltrans1.ltrans.o
 .bss           0x200017d4       0xb8 /tmp/ccPWZEh1.ltrans2.ltrans.o
                0x200017d4                Bot_State
                0x200017d8                CBW
                0x200017fe                TransferState
                0x20001800                Mass_Block_Size
                0x20001854                Sd_Spi_Called_From_USB_MSC
                0x20001858                CSW
                0x20001870                SCSI_LBA
                0x20001874                SCSI_BlkLen
                0x20001878                Max_Lun
                0x2000187c                Mass_Block_Count
 .bss           0x2000188c        0xc /tmp/ccPWZEh1.ltrans3.ltrans.o
 .bss           0x20001898        0x4 /tmp/ccPWZEh1.ltrans4.ltrans.o
                0x2000189b                CurrVol.5169
 .bss           0x2000189c        0x4 /tmp/ccPWZEh1.ltrans5.ltrans.o
 .bss           0x200018a0       0x88 /tmp/ccPWZEh1.ltrans6.ltrans.o
 .bss           0x20001928        0xc /tmp/ccPWZEh1.ltrans7.ltrans.o
 .bss           0x20001934        0x1 /tmp/ccPWZEh1.ltrans8.ltrans.o
                0x20001934                CardType.5444
 *fill*         0x20001935        0x3 00
 .bss           0x20001938      0x334 /tmp/ccPWZEh1.ltrans9.ltrans.o
                0x200019bc                raw_data.7431
                0x200019d8                channel_wct_conf.7441
                0x200019dc                wct.7429
                0x200019e0                ECG_buffers
                0x20001aa0                Enable.7443
                0x20001aa1                old_quality_mask.7446
                0x20001aa4                old_wct.7445
                0x20001aa9                ADS1298_Error_Status
                0x20001ab3                Gain.7444
                0x20001ab4                Completed_Jobs
                0x20001ab8                LSM9DS1_Gyro_Buffer
                0x20001ac4                IMU_buff
                0x20001b64                LSM9DS1_Acc_Buffer
                0x20001b6c                LSM9DS1_Mag_Buffer
                0x20001b7a                I2C1error
                0x20001b7c                I2C_failure
                0x20001c00                Filtered_ECG
                0x20001c12                SP1ML_tx_rx_state
                0x20001c1c                Usart3_rx_buff
                0x20001c2c                SP1ML_tx_sequence_number
                0x20001c38                Usart1_rx_buff
                0x20001c4c                Usart3_tx_buff
                0x20001c5c                Usart1_tx_buff
 .bss           0x20001c6c       0x1c /tmp/ccPWZEh1.ltrans10.ltrans.o
                0x20001c6c                wIstr
                0x20001c70                Timer1.5438
                0x20001c74                Timer2.5439
                0x20001c85                job
 *(.bss.*)
 .bss.__malloc_max_total_mem
                0x20001c88        0x4 /home/laurence/ARM-GCC/bin/../lib/gcc/arm-none-eabi/4.7.4/../../../../arm-none-eabi/lib/armv7-m/libc.a(lib_a-mallocr.o)
                0x20001c88                __malloc_max_total_mem
 .bss.__malloc_max_sbrked_mem
                0x20001c8c        0x4 /home/laurence/ARM-GCC/bin/../lib/gcc/arm-none-eabi/4.7.4/../../../../arm-none-eabi/lib/armv7-m/libc.a(lib_a-mallocr.o)
                0x20001c8c                __malloc_max_sbrked_mem
 .bss.__malloc_top_pad
                0x20001c90        0x4 /home/laurence/ARM-GCC/bin/../lib/gcc/arm-none-eabi/4.7.4/../../../../arm-none-eabi/lib/armv7-m/libc.a(lib_a-mallocr.o)
                0x20001c90                __malloc_top_pad
 .bss.__malloc_current_mallinfo
                0x20001c94       0x28 /home/laurence/ARM-GCC/bin/../lib/gcc/arm-none-eabi/4.7.4/../../../../arm-none-eabi/lib/armv7-m/libc.a(lib_a-mallocr.o)
                0x20001c94                __malloc_current_mallinfo
 .bss.Data_Mul_MaxPacketSize
                0x20001cbc        0x1 lib/STM32_USB-FS-Device_Driver/libstm32usb.a(usb_core.o)
                0x20001cbc                Data_Mul_MaxPacketSize
 *fill*         0x20001cbd        0x3 00
 .bss.heap_end.4231
                0x20001cc0        0x4 /home/laurence/ARM-GCC/bin/../lib/gcc/arm-none-eabi/4.7.4/../../../../arm-none-eabi/lib/armv7-m/libnosys.a(sbrk.o)
 *(COMMON)
 COMMON         0x20001cc4        0x4 /home/laurence/ARM-GCC/bin/../lib/gcc/arm-none-eabi/4.7.4/../../../../arm-none-eabi/lib/armv7-m/libc.a(lib_a-reent.o)
                0x20001cc4                errno
 COMMON         0x20001cc8        0x2 lib/STM32_USB-FS-Device_Driver/libstm32usb.a(usb_core.o)
                0x20001cc8                StatusInfo
 *fill*         0x20001cca        0x2 00
 COMMON         0x20001ccc       0x32 lib/STM32_USB-FS-Device_Driver/libstm32usb.a(usb_init.o)
                0x20001ccc                SaveState
                0x20001cd0                pProperty
                0x20001cd4                EPindex
                0x20001cd8                Device_Info
                0x20001cf4                pUser_Standard_Requests
                0x20001cf8                pInformation
                0x20001cfc                wInterrupt_Mask
 COMMON         0x20001cfe        0x4 lib/STM32_USB-FS-Device_Driver/libstm32usb.a(usb_int.o)
                0x20001cfe                SaveRState
                0x20001d00                SaveTState
                0x20001d04                . = ALIGN (0x4)
 *fill*         0x20001d02        0x2 00
                0x20001d04                _ebss = .
                0x20001d04                PROVIDE (end, _ebss)
                0x20001d04                PROVIDE (_end, _ebss)

._usrstack      0x20001d04     0x2000 load address 0x0800f69c
                0x20001d04                . = ALIGN (0x4)
                0x20001d04                _susrstack = .
                0x20003d04                . = (. + _Minimum_Stack_Size)
 *fill*         0x20001d04     0x2000 00
                0x20003d04                . = ALIGN (0x4)
                0x20003d04                _eusrstack = .
                0x20005000                _lastramaddress = (ORIGIN (RAM) + 0x5000)
                0x00000000                toobig = (_eusrstack > _lastramaddress)?!!!!!!!!! RAM IS FULL !!!!!!!!!:0x0

.b1text
 *(.b1text)
 *(.b1rodata)
 *(.b1rodata*)

.eb0text
 *(.eb0text)
 *(.eb0rodata)
 *(.eb0rodata*)

.eb1text
 *(.eb1text)
 *(.eb1rodata)
 *(.eb1rodata*)

.eb2text
 *(.eb2text)
 *(.eb2rodata)
 *(.eb2rodata*)

.eb3text
 *(.eb3text)
 *(.eb3rodata)
 *(.eb3rodata*)
                0x20003d04                __exidx_start = .
                0x20003d04                __exidx_end = .

/DISCARD/
 libc.a(*)
 libm.a(*)
 libgcc.a(*)

.stab
 *(.stab)

.stabstr
 *(.stabstr)

.stab.excl
 *(.stab.excl)

.stab.exclstr
 *(.stab.exclstr)

.stab.index
 *(.stab.index)

.stab.indexstr
 *(.stab.indexstr)

.comment        0x00000000       0x70
 *(.comment)
 .comment       0x00000000       0x71 /tmp/ccPWZEh1.ltrans0.ltrans.o
 .comment       0x00000000       0x71 /tmp/ccPWZEh1.ltrans1.ltrans.o
 .comment       0x00000000       0x71 /tmp/ccPWZEh1.ltrans2.ltrans.o
 .comment       0x00000000       0x71 /tmp/ccPWZEh1.ltrans3.ltrans.o
 .comment       0x00000000       0x71 /tmp/ccPWZEh1.ltrans4.ltrans.o
 .comment       0x00000000       0x71 /tmp/ccPWZEh1.ltrans5.ltrans.o
 .comment       0x00000000       0x71 /tmp/ccPWZEh1.ltrans6.ltrans.o
 .comment       0x00000000       0x71 /tmp/ccPWZEh1.ltrans7.ltrans.o
 .comment       0x00000000       0x71 /tmp/ccPWZEh1.ltrans8.ltrans.o
 .comment       0x00000000       0x71 /tmp/ccPWZEh1.ltrans9.ltrans.o
 .comment       0x00000000       0x71 /tmp/ccPWZEh1.ltrans10.ltrans.o
 .comment       0x00000000       0x70 lib/STM32F10x_StdPeriph_Driver/libstm32fw.a(misc.o)
                                 0x71 (size before relaxing)
 .comment       0x00000000       0x71 lib/STM32F10x_StdPeriph_Driver/libstm32fw.a(stm32f10x_adc.o)
 .comment       0x00000000       0x71 lib/STM32F10x_StdPeriph_Driver/libstm32fw.a(stm32f10x_bkp.o)
 .comment       0x00000000       0x71 lib/STM32F10x_StdPeriph_Driver/libstm32fw.a(stm32f10x_dbgmcu.o)
 .comment       0x00000000       0x71 lib/STM32F10x_StdPeriph_Driver/libstm32fw.a(stm32f10x_dma.o)
 .comment       0x00000000       0x71 lib/STM32F10x_StdPeriph_Driver/libstm32fw.a(stm32f10x_exti.o)
 .comment       0x00000000       0x71 lib/STM32F10x_StdPeriph_Driver/libstm32fw.a(stm32f10x_gpio.o)
 .comment       0x00000000       0x71 lib/STM32F10x_StdPeriph_Driver/libstm32fw.a(stm32f10x_i2c.o)
 .comment       0x00000000       0x71 lib/STM32F10x_StdPeriph_Driver/libstm32fw.a(stm32f10x_iwdg.o)
 .comment       0x00000000       0x71 lib/STM32F10x_StdPeriph_Driver/libstm32fw.a(stm32f10x_pwr.o)
 .comment       0x00000000       0x71 lib/STM32F10x_StdPeriph_Driver/libstm32fw.a(stm32f10x_rcc.o)
 .comment       0x00000000       0x71 lib/STM32F10x_StdPeriph_Driver/libstm32fw.a(stm32f10x_rtc.o)
 .comment       0x00000000       0x71 lib/STM32F10x_StdPeriph_Driver/libstm32fw.a(stm32f10x_spi.o)
 .comment       0x00000000       0x71 lib/STM32F10x_StdPeriph_Driver/libstm32fw.a(stm32f10x_tim.o)
 .comment       0x00000000       0x71 lib/STM32F10x_StdPeriph_Driver/libstm32fw.a(stm32f10x_usart.o)
 .comment       0x00000000       0x71 lib/STM32_USB-FS-Device_Driver/libstm32usb.a(usb_core.o)
 .comment       0x00000000       0x71 lib/STM32_USB-FS-Device_Driver/libstm32usb.a(usb_init.o)
 .comment       0x00000000       0x71 lib/STM32_USB-FS-Device_Driver/libstm32usb.a(usb_int.o)
 .comment       0x00000000       0x71 lib/STM32_USB-FS-Device_Driver/libstm32usb.a(usb_mem.o)
 .comment       0x00000000       0x71 lib/STM32_USB-FS-Device_Driver/libstm32usb.a(usb_regs.o)