Archive member included to satisfy reference by file (symbol)

lib/STM32F10x_StdPeriph_Driver/libstm32fw.a(misc.o)
                              interrupts.o (symbol from plugin) (NVIC_PriorityGroupConfig)
lib/STM32F10x_StdPeriph_Driver/libstm32fw.a(stm32f10x_adc.o)
                              adc.o (symbol from plugin) (ADC_DeInit)
lib/STM32F10x_StdPeriph_Driver/libstm32fw.a(stm32f10x_bkp.o)
                              Util/fat_fs/src/rtc.o (symbol from plugin) (BKP_DeInit)
lib/STM32F10x_StdPeriph_Driver/libstm32fw.a(stm32f10x_dbgmcu.o)
                              main.o (symbol from plugin) (DBGMCU_Config)
lib/STM32F10x_StdPeriph_Driver/libstm32fw.a(stm32f10x_dma.o)
                              Util/fat_fs/src/sd_spi_stm32.o (symbol from plugin) (DMA_DeInit)
lib/STM32F10x_StdPeriph_Driver/libstm32fw.a(stm32f10x_exti.o)
                              interrupts.o (symbol from plugin) (EXTI_DeInit)
lib/STM32F10x_StdPeriph_Driver/libstm32fw.a(stm32f10x_gpio.o)
                              Util/fat_fs/src/sd_spi_stm32.o (symbol from plugin) (GPIO_Init)
lib/STM32F10x_StdPeriph_Driver/libstm32fw.a(stm32f10x_i2c.o)
                              i2c_int.o (symbol from plugin) (I2C_DeInit)
lib/STM32F10x_StdPeriph_Driver/libstm32fw.a(stm32f10x_iwdg.o)
                              watchdog.o (symbol from plugin) (IWDG_WriteAccessCmd)
lib/STM32F10x_StdPeriph_Driver/libstm32fw.a(stm32f10x_pwr.o)
                              pwr.o (symbol from plugin) (PWR_DeInit)
lib/STM32F10x_StdPeriph_Driver/libstm32fw.a(stm32f10x_rcc.o)
                              interrupts.o (symbol from plugin) (RCC_HCLKConfig)
lib/STM32F10x_StdPeriph_Driver/libstm32fw.a(stm32f10x_rtc.o)
                              Util/fat_fs/src/rtc.o (symbol from plugin) (RTC_GetCounter)
lib/STM32F10x_StdPeriph_Driver/libstm32fw.a(stm32f10x_spi.o)
                              Util/fat_fs/src/sd_spi_stm32.o (symbol from plugin) (SPI_I2S_DeInit)
lib/STM32F10x_StdPeriph_Driver/libstm32fw.a(stm32f10x_tim.o)
                              timer.o (symbol from plugin) (TIM_DeInit)
lib/STM32F10x_StdPeriph_Driver/libstm32fw.a(stm32f10x_usart.o)
                              Util/rn42_command.o (symbol from plugin) (USART_DeInit)
lib/STM32_USB-FS-Device_Driver/libstm32usb.a(usb_core.o)
                              Util/USB/usb_prop.o (symbol from plugin) (Standard_GetDescriptorData)
lib/STM32_USB-FS-Device_Driver/libstm32usb.a(usb_init.o)
                              main.o (symbol from plugin) (USB_Init)
lib/STM32_USB-FS-Device_Driver/libstm32usb.a(usb_int.o)
                              Util/USB/usb_istr.o (symbol from plugin) (CTR_LP)
lib/STM32_USB-FS-Device_Driver/libstm32usb.a(usb_mem.o)
                              lib/STM32_USB-FS-Device_Driver/libstm32usb.a(usb_core.o) (UserToPMABufferCopy)
lib/STM32_USB-FS-Device_Driver/libstm32usb.a(usb_regs.o)
                              Util/USB/usb_prop.o (symbol from plugin) (SetBTABLE)
lib/STM32_USB-FS-Device_Driver/libstm32usb.a(usb_sil.o)
                              Util/USB/usb_prop.o (symbol from plugin) (USB_SIL_Init)
/home/laurence/ARM-GCC/gcc-arm-none-eabi-5_3-2016q1/bin/../lib/gcc/arm-none-eabi/5.3.1/../../../../arm-none-eabi/lib/armv7-m/libg.a(lib_a-exit.o)
                              /home/laurence/ARM-GCC/gcc-arm-none-eabi-5_3-2016q1/bin/../lib/gcc/arm-none-eabi/5.3.1/../../../../arm-none-eabi/lib/armv7-m/crt0.o (exit)
/home/laurence/ARM-GCC/gcc-arm-none-eabi-5_3-2016q1/bin/../lib/gcc/arm-none-eabi/5.3.1/../../../../arm-none-eabi/lib/armv7-m/libg.a(lib_a-impure.o)
                              /home/laurence/ARM-GCC/gcc-arm-none-eabi-5_3-2016q1/bin/../lib/gcc/arm-none-eabi/5.3.1/../../../../arm-none-eabi/lib/armv7-m/libg.a(lib_a-exit.o) (_global_impure_ptr)
/home/laurence/ARM-GCC/gcc-arm-none-eabi-5_3-2016q1/bin/../lib/gcc/arm-none-eabi/5.3.1/../../../../arm-none-eabi/lib/armv7-m/libg.a(lib_a-init.o)
                              /home/laurence/ARM-GCC/gcc-arm-none-eabi-5_3-2016q1/bin/../lib/gcc/arm-none-eabi/5.3.1/../../../../arm-none-eabi/lib/armv7-m/crt0.o (__libc_init_array)
/home/laurence/ARM-GCC/gcc-arm-none-eabi-5_3-2016q1/bin/../lib/gcc/arm-none-eabi/5.3.1/../../../../arm-none-eabi/lib/armv7-m/libg.a(lib_a-memset.o)
                              /home/laurence/ARM-GCC/gcc-arm-none-eabi-5_3-2016q1/bin/../lib/gcc/arm-none-eabi/5.3.1/../../../../arm-none-eabi/lib/armv7-m/crt0.o (memset)
/home/laurence/ARM-GCC/gcc-arm-none-eabi-5_3-2016q1/bin/../lib/gcc/arm-none-eabi/5.3.1/../../../../arm-none-eabi/lib/armv7-m/libg.a(lib_a-rand.o)
                              Util/sp1ml_command.o (symbol from plugin) (srand)
/home/laurence/ARM-GCC/gcc-arm-none-eabi-5_3-2016q1/bin/../lib/gcc/arm-none-eabi/5.3.1/../../../../arm-none-eabi/lib/armv7-m/libg.a(lib_a-__call_atexit.o)
                              /home/laurence/ARM-GCC/gcc-arm-none-eabi-5_3-2016q1/bin/../lib/gcc/arm-none-eabi/5.3.1/../../../../arm-none-eabi/lib/armv7-m/libg.a(lib_a-exit.o) (__call_exitprocs)
[...]
Memory Configuration

Name             Origin             Length             Attributes
RAM              0x20000000         0x00005000         xrw
FLASH            0x08000000         0x00020000         xr
FLASHB1          0x00000000         0x00000000         xr
EXTMEMB0         0x00000000         0x00000000         xr
EXTMEMB1         0x00000000         0x00000000         xr
EXTMEMB2         0x00000000         0x00000000         xr
EXTMEMB3         0x00000000         0x00000000         xr
STARTFLASH       0x00000000         0xffffffff
CRPPATCH         0x00000000         0xffffffff
FLASHPATCH       0x00000000         0xffffffff
ENDFLASH         0x00000000         0xffffffff
*default*        0x00000000         0xffffffff

Linker script and memory map

LOAD /home/laurence/ARM-GCC/gcc-arm-none-eabi-5_3-2016q1/bin/../lib/gcc/arm-none-eabi/5.3.1/armv7-m/crti.o
LOAD /home/laurence/ARM-GCC/gcc-arm-none-eabi-5_3-2016q1/bin/../lib/gcc/arm-none-eabi/5.3.1/armv7-m/crtbegin.o
LOAD /home/laurence/ARM-GCC/gcc-arm-none-eabi-5_3-2016q1/bin/../lib/gcc/arm-none-eabi/5.3.1/../../../../arm-none-eabi/lib/armv7-m/crt0.o
LOAD Util/USB/hw_config.o
LOAD /tmp/cc6m1S0r.ltrans0.ltrans.o
LOAD /tmp/cc6m1S0r.ltrans1.ltrans.o
LOAD /tmp/cc6m1S0r.ltrans2.ltrans.o
LOAD /tmp/cc6m1S0r.ltrans3.ltrans.o
LOAD /tmp/cc6m1S0r.ltrans4.ltrans.o
LOAD /tmp/cc6m1S0r.ltrans5.ltrans.o
LOAD /tmp/cc6m1S0r.ltrans6.ltrans.o
LOAD /tmp/cc6m1S0r.ltrans7.ltrans.o
LOAD /tmp/cc6m1S0r.ltrans8.ltrans.o
LOAD /tmp/cc6m1S0r.ltrans9.ltrans.o
LOAD /tmp/cc6m1S0r.ltrans10.ltrans.o
LOAD /tmp/cc6m1S0r.ltrans11.ltrans.o
LOAD /tmp/cc6m1S0r.ltrans12.ltrans.o
LOAD /tmp/cc6m1S0r.ltrans13.ltrans.o
LOAD /tmp/cc6m1S0r.ltrans14.ltrans.o
LOAD /tmp/cc6m1S0r.ltrans15.ltrans.o
LOAD /tmp/cc6m1S0r.ltrans16.ltrans.o
LOAD Util/USB/mass_mal.o
LOAD Util/USB/memory.o
LOAD Util/USB/scsi_data.o
LOAD Util/USB/usb_bot.o
LOAD Util/USB/usb_desc.o
LOAD Util/USB/usb_endp.o
LOAD Util/USB/usb_istr.o
LOAD Util/USB/usb_prop.o
LOAD Util/USB/usb_pwr.o
LOAD Util/USB/usb_scsi.o
LOAD Util/buffer.o
LOAD Util/data_alignment.o
LOAD Util/dcm_attitude.o
LOAD Util/delay.o
LOAD Util/fat_fs/option/ccsbcs.o
LOAD Util/fat_fs/src/fattime.o
LOAD Util/fat_fs/src/ff.o
LOAD Util/fat_fs/src/rtc.o
LOAD Util/fat_fs/src/sd_spi_stm32.o
LOAD Util/filter.o
LOAD Util/load_setting.o
LOAD Util/rn42_command.o
LOAD Util/rn42_conf.o
LOAD Util/rprintf.o
LOAD Util/rtc_correct.o
LOAD Util/sp1ml_command.o
LOAD Util/wave.o
LOAD adc.o
LOAD bootload.o
LOAD dma.o
LOAD gpio.o
LOAD i2c_int.o
LOAD interrupts.o
LOAD lib/CMSIS_CM3/core_cm3.o
LOAD lib/CMSIS_CM3/startup/gcc/startup_stm32f10x_md.o
LOAD lib/CMSIS_CM3/system_stm32f10x.o
LOAD main.o
LOAD pwr.o
LOAD timer.o
LOAD usart.o
LOAD watchdog.o
LOAD Sensors/ads1298.o
LOAD Sensors/lsm9ds1.o
LOAD Sensors/ubx.o
LOAD lib/STM32F10x_StdPeriph_Driver/libstm32fw.a
LOAD lib/STM32_USB-FS-Device_Driver/libstm32usb.a
LOAD /home/laurence/ARM-GCC/gcc-arm-none-eabi-5_3-2016q1/bin/../lib/gcc/arm-none-eabi/5.3.1/../../../../arm-none-eabi/lib/armv7-m/libm.a
LOAD /home/laurence/ARM-GCC/gcc-arm-none-eabi-5_3-2016q1/bin/../lib/gcc/arm-none-eabi/5.3.1/../../../../arm-none-eabi/lib/armv7-m/libnosys.a
START GROUP
LOAD /home/laurence/ARM-GCC/gcc-arm-none-eabi-5_3-2016q1/bin/../lib/gcc/arm-none-eabi/5.3.1/armv7-m/libgcc.a
LOAD /home/laurence/ARM-GCC/gcc-arm-none-eabi-5_3-2016q1/bin/../lib/gcc/arm-none-eabi/5.3.1/../../../../arm-none-eabi/lib/armv7-m/libg.a
LOAD /home/laurence/ARM-GCC/gcc-arm-none-eabi-5_3-2016q1/bin/../lib/gcc/arm-none-eabi/5.3.1/../../../../arm-none-eabi/lib/armv7-m/libc.a
END GROUP
START GROUP
LOAD /home/laurence/ARM-GCC/gcc-arm-none-eabi-5_3-2016q1/bin/../lib/gcc/arm-none-eabi/5.3.1/armv7-m/libgcc.a
LOAD /home/laurence/ARM-GCC/gcc-arm-none-eabi-5_3-2016q1/bin/../lib/gcc/arm-none-eabi/5.3.1/../../../../arm-none-eabi/lib/armv7-m/libc.a
LOAD /home/laurence/ARM-GCC/gcc-arm-none-eabi-5_3-2016q1/bin/../lib/gcc/arm-none-eabi/5.3.1/../../../../arm-none-eabi/lib/armv7-m/libnosys.a
END GROUP
LOAD /home/laurence/ARM-GCC/gcc-arm-none-eabi-5_3-2016q1/bin/../lib/gcc/arm-none-eabi/5.3.1/armv7-m/crtend.o
LOAD /home/laurence/ARM-GCC/gcc-arm-none-eabi-5_3-2016q1/bin/../lib/gcc/arm-none-eabi/5.3.1/armv7-m/crtn.o
                0x00002000                __Stack_Size = 0x2000
                [!provide]                PROVIDE (_Stack_Size, __Stack_Size)
                0x20003000                __Stack_Init = (_estack - __Stack_Size)
                [!provide]                PROVIDE (_Stack_Init, __Stack_Init)
                0x00002000                _Minimum_Stack_Size = 0x2000
                [!provide]                PROVIDE (Undefined_Handler, 0x0)
                [!provide]                PROVIDE (SWI_Handler, 0x0)
                [!provide]                PROVIDE (IRQ_Handler, 0x0)
                [!provide]                PROVIDE (Prefetch_Handler, 0x0)
                [!provide]                PROVIDE (Abort_Handler, 0x0)
                [!provide]                PROVIDE (FIQ_Handler, 0x0)
                [!provide]                PROVIDE (NMIException, 0x0)
                [!provide]                PROVIDE (NMI_Handler, 0x0)
                [!provide]                PROVIDE (HardFaultException, 0x0)
                [!provide]                PROVIDE (HardFault_Handler, 0x0)
                [!provide]                PROVIDE (MemManageException, 0x0)
                [!provide]                PROVIDE (MemManage_Handler, 0x0)
                [!provide]                PROVIDE (BusFaultException, 0x0)
                [!provide]                PROVIDE (BusFault_Handler, 0x0)
                [!provide]                PROVIDE (UsageFaultException, 0x0)
                [!provide]                PROVIDE (UsageFault_Handler, 0x0)
                [!provide]                PROVIDE (SVCHandler, 0x0)
                [!provide]                PROVIDE (SVC_Handler, 0x0)
                [!provide]                PROVIDE (DebugMonitor, 0x0)
                [!provide]                PROVIDE (DebugMon_Handler, 0x0)
                [!provide]                PROVIDE (PendSVC, 0x0)
                [!provide]                PROVIDE (PendSV_Handler, 0x0)
                [!provide]                PROVIDE (SysTickHandler, 0x0)
                [!provide]                PROVIDE (SysTick_Handler, 0x0)
                [!provide]                PROVIDE (WWDG_IRQHandler, 0x0)
                [!provide]                PROVIDE (PVD_IRQHandler, 0x0)
                [!provide]                PROVIDE (TAMPER_IRQHandler, 0x0)
                [!provide]                PROVIDE (RTC_IRQHandler, 0x0)
                [!provide]                PROVIDE (FLASH_IRQHandler, 0x0)
                [!provide]                PROVIDE (RCC_IRQHandler, 0x0)
                [!provide]                PROVIDE (EXTI0_IRQHandler, 0x0)
                [!provide]                PROVIDE (EXTI1_IRQHandler, 0x0)
                [!provide]                PROVIDE (EXTI2_IRQHandler, 0x0)
                [!provide]                PROVIDE (EXTI3_IRQHandler, 0x0)
                [!provide]                PROVIDE (EXTI4_IRQHandler, 0x0)
                [!provide]                PROVIDE (DMAChannel1_IRQHandler, 0x0)
                [!provide]                PROVIDE (DMAChannel2_IRQHandler, 0x0)
                [!provide]                PROVIDE (DMAChannel3_IRQHandler, 0x0)
                [!provide]                PROVIDE (DMAChannel4_IRQHandler, 0x0)
                [!provide]                PROVIDE (DMAChannel5_IRQHandler, 0x0)
                [!provide]                PROVIDE (DMAChannel6_IRQHandler, 0x0)
                [!provide]                PROVIDE (DMAChannel7_IRQHandler, 0x0)
                [!provide]                PROVIDE (DMA1_Channel1_IRQHandler, 0x0)
                [!provide]                PROVIDE (DMA1_Channel2_IRQHandler, 0x0)
                [!provide]                PROVIDE (DMA1_Channel3_IRQHandler, 0x0)
                [!provide]                PROVIDE (DMA1_Channel4_IRQHandler, 0x0)
                [!provide]                PROVIDE (DMA1_Channel5_IRQHandler, 0x0)
                [!provide]                PROVIDE (DMA1_Channel6_IRQHandler, 0x0)
                [!provide]                PROVIDE (DMA1_Channel7_IRQHandler, 0x0)
                [!provide]                PROVIDE (ADC_IRQHandler, 0x0)
                [!provide]                PROVIDE (ADC1_2_IRQHandler, 0x0)
                [!provide]                PROVIDE (USB_HP_CAN_TX_IRQHandler, 0x0)
                [!provide]                PROVIDE (USB_HP_CAN1_TX_IRQHandler, 0x0)
                [!provide]                PROVIDE (USB_LP_CAN_RX0_IRQHandler, 0x0)
                [!provide]                PROVIDE (USB_LP_CAN1_RX0_IRQHandler, 0x0)
                [!provide]                PROVIDE (CAN_RX1_IRQHandler, 0x0)
                [!provide]                PROVIDE (CAN1_RX1_IRQHandler, 0x0)
                [!provide]                PROVIDE (CAN_SCE_IRQHandler, 0x0)
                [!provide]                PROVIDE (CAN1_SCE_IRQHandler, 0x0)
                [!provide]                PROVIDE (EXTI9_5_IRQHandler, 0x0)
                [!provide]                PROVIDE (TIM1_BRK_IRQHandler, 0x0)
                [!provide]                PROVIDE (TIM1_UP_IRQHandler, 0x0)
                [!provide]                PROVIDE (TIM1_TRG_COM_IRQHandler, 0x0)
                [!provide]                PROVIDE (TIM1_CC_IRQHandler, 0x0)
                [!provide]                PROVIDE (TIM2_IRQHandler, 0x0)
                [!provide]                PROVIDE (TIM3_IRQHandler, 0x0)
                [!provide]                PROVIDE (TIM4_IRQHandler, 0x0)
                [!provide]                PROVIDE (I2C1_EV_IRQHandler, 0x0)
                [!provide]                PROVIDE (I2C1_ER_IRQHandler, 0x0)
                [!provide]                PROVIDE (I2C2_EV_IRQHandler, 0x0)
                [!provide]                PROVIDE (I2C2_ER_IRQHandler, 0x0)
                [!provide]                PROVIDE (SPI1_IRQHandler, 0x0)
                [!provide]                PROVIDE (SPI2_IRQHandler, 0x0)
                [!provide]                PROVIDE (USART1_IRQHandler, 0x0)
                [!provide]                PROVIDE (USART2_IRQHandler, 0x0)
                [!provide]                PROVIDE (USART3_IRQHandler, 0x0)
                [!provide]                PROVIDE (EXTI15_10_IRQHandler, 0x0)
                [!provide]                PROVIDE (RTCAlarm_IRQHandler, 0x0)
                [!provide]                PROVIDE (USBWakeUp_IRQHandler, 0x0)
                [!provide]                PROVIDE (TIM8_BRK_IRQHandler, 0x0)
                [!provide]                PROVIDE (TIM8_UP_IRQHandler, 0x0)
                [!provide]                PROVIDE (TIM8_TRG_COM_IRQHandler, 0x0)
                [!provide]                PROVIDE (TIM8_CC_IRQHandler, 0x0)
                [!provide]                PROVIDE (ADC3_IRQHandler, 0x0)
                [!provide]                PROVIDE (FSMC_IRQHandler, 0x0)
                [!provide]                PROVIDE (SDIO_IRQHandler, 0x0)
                [!provide]                PROVIDE (TIM5_IRQHandler, 0x0)
                [!provide]                PROVIDE (SPI3_IRQHandler, 0x0)
                [!provide]                PROVIDE (UART4_IRQHandler, 0x0)
                [!provide]                PROVIDE (UART5_IRQHandler, 0x0)
                [!provide]                PROVIDE (TIM6_IRQHandler, 0x0)
                [!provide]                PROVIDE (TIM7_IRQHandler, 0x0)
                [!provide]                PROVIDE (DMA2_Channel1_IRQHandler, 0x0)
                [!provide]                PROVIDE (DMA2_Channel2_IRQHandler, 0x0)
                [!provide]                PROVIDE (DMA2_Channel3_IRQHandler, 0x0)
                [!provide]                PROVIDE (DMA2_Channel4_5_IRQHandler, 0x0)
                0x42000000                PERIPH_BB_BASE = 0x42000000
                0x22000000                SRAM_BB_BASE = 0x22000000
                0x20000000                SRAM_BASE = 0x20000000
                0x40000000                PERIPH_BASE = 0x40000000
                [!provide]                PROVIDE (FLASH_BASE, 0x40022000)
                [!provide]                PROVIDE (OB_BASE, 0x1ffff800)
                0x40000000                APB1PERIPH_BASE = PERIPH_BASE
                0x40010000                APB2PERIPH_BASE = (PERIPH_BASE + 0x10000)
                0x40020000                AHBPERIPH_BASE = (PERIPH_BASE + 0x20000)
                [!provide]                PROVIDE (TIM2, (APB1PERIPH_BASE + 0x0))
                [!provide]                PROVIDE (TIM3, (APB1PERIPH_BASE + 0x400))
                [!provide]                PROVIDE (TIM4, (APB1PERIPH_BASE + 0x800))
                [!provide]                PROVIDE (RTC, (APB1PERIPH_BASE + 0x2800))
                [!provide]                PROVIDE (WWDG, (APB1PERIPH_BASE + 0x2c00))
                [!provide]                PROVIDE (IWDG, (APB1PERIPH_BASE + 0x3000))
                [!provide]                PROVIDE (SPI2, (APB1PERIPH_BASE + 0x3800))
                [!provide]                PROVIDE (USART2, (APB1PERIPH_BASE + 0x4400))
                [!provide]                PROVIDE (USART3, (APB1PERIPH_BASE + 0x4800))
                [!provide]                PROVIDE (I2C1, (APB1PERIPH_BASE + 0x5400))
                [!provide]                PROVIDE (I2C2, (APB1PERIPH_BASE + 0x5800))
                [!provide]                PROVIDE (CAN, (APB1PERIPH_BASE + 0x6400))
                [!provide]                PROVIDE (BKP, (APB1PERIPH_BASE + 0x6c00))
                [!provide]                PROVIDE (PWR, (APB1PERIPH_BASE + 0x7000))
                [!provide]                PROVIDE (AFIO, (APB2PERIPH_BASE + 0x0))
                [!provide]                PROVIDE (EXTI, (APB2PERIPH_BASE + 0x400))
                [!provide]                PROVIDE (GPIOA, (APB2PERIPH_BASE + 0x800))
                [!provide]                PROVIDE (GPIOB, (APB2PERIPH_BASE + 0xc00))
                [!provide]                PROVIDE (GPIOC, (APB2PERIPH_BASE + 0x1000))
                [!provide]                PROVIDE (GPIOD, (APB2PERIPH_BASE + 0x1400))
                [!provide]                PROVIDE (GPIOE, (APB2PERIPH_BASE + 0x1800))
                [!provide]                PROVIDE (ADC1, (APB2PERIPH_BASE + 0x2400))
                [!provide]                PROVIDE (ADC2, (APB2PERIPH_BASE + 0x2800))
                [!provide]                PROVIDE (TIM1, (APB2PERIPH_BASE + 0x2c00))
                [!provide]                PROVIDE (SPI1, (APB2PERIPH_BASE + 0x3000))
                [!provide]                PROVIDE (USART1, (APB2PERIPH_BASE + 0x3800))
                [!provide]                PROVIDE (DMA, (AHBPERIPH_BASE + 0x0))
                [!provide]                PROVIDE (DMA_Channel1, (AHBPERIPH_BASE + 0x8))
                [!provide]                PROVIDE (DMA_Channel2, (AHBPERIPH_BASE + 0x1c))
                [!provide]                PROVIDE (DMA_Channel3, (AHBPERIPH_BASE + 0x30))
                [!provide]                PROVIDE (DMA_Channel4, (AHBPERIPH_BASE + 0x44))
                [!provide]                PROVIDE (DMA_Channel5, (AHBPERIPH_BASE + 0x58))
                [!provide]                PROVIDE (DMA_Channel6, (AHBPERIPH_BASE + 0x6c))
                [!provide]                PROVIDE (DMA_Channel7, (AHBPERIPH_BASE + 0x80))
                [!provide]                PROVIDE (RCC, (AHBPERIPH_BASE + 0x1000))
                0xe000e000                SCS_BASE = 0xe000e000
                [!provide]                PROVIDE (SysTick, (SCS_BASE + 0x10))
                [!provide]                PROVIDE (NVIC, (SCS_BASE + 0x100))
                [!provide]                PROVIDE (SCB, (SCS_BASE + 0xd00))
                0x20005000                PROVIDE (_estack, (ORIGIN (RAM) + LENGTH (RAM)))

.isr_vector     0x08000000      0x10c
                0x08000000                . = ALIGN (0x4)
 *(.isr_vector)
 .isr_vector    0x08000000      0x10c lib/CMSIS_CM3/startup/gcc/startup_stm32f10x_md.o
                0x08000000                g_pfnVectors
                0x0800010c                . = ALIGN (0x4)

.flash_start    0x00000000        0x0
                0x00000000                . = ALIGN (0x4)
 *(.flash_start)
 *(.flash_start.*)
                0x00000000                . = ALIGN (0x4)

.crp_patch      0x00000000        0x0
                0x00000000                . = ALIGN (0x4)
 *(.crp_patch)
                0x00000000                . = ALIGN (0x4)

.flashtext      0x0800010c        0x0
                0x0800010c                . = ALIGN (0x4)
 *(.flashtext)
                0x0800010c                . = ALIGN (0x4)

.text           0x08000110    0x134c8
                0x08000110                . = ALIGN (0x4)
 *(.text)
 .text          0x08000110      0x370 /home/laurence/ARM-GCC/gcc-arm-none-eabi-5_3-2016q1/bin/../lib/gcc/arm-none-eabi/5.3.1/armv7-m/libgcc.a(_arm_addsubdf3.o)
                0x08000110                __aeabi_drsub
                0x08000118                __aeabi_dsub
                0x08000118                __subdf3
                0x0800011c                __adddf3
                0x0800011c                __aeabi_dadd
                0x08000394                __aeabi_ui2d
                0x08000394                __floatunsidf
                0x080003b4                __floatsidf
                0x080003b4                __aeabi_i2d
                0x080003d8                __extendsfdf2
                0x080003d8                __aeabi_f2d
                0x08000414                __aeabi_ul2d
                0x08000414                __floatundidf
                0x08000424                __floatdidf
                0x08000424                __aeabi_l2d
 .text          0x08000480      0x424 /home/laurence/ARM-GCC/gcc-arm-none-eabi-5_3-2016q1/bin/../lib/gcc/arm-none-eabi/5.3.1/armv7-m/libgcc.a(_arm_muldivdf3.o)
                0x08000480                __aeabi_dmul
                0x08000480                __muldf3
                0x080006d4                __aeabi_ddiv
                0x080006d4                __divdf3
 .text          0x080008a4      0x110 /home/laurence/ARM-GCC/gcc-arm-none-eabi-5_3-2016q1/bin/../lib/gcc/arm-none-eabi/5.3.1/armv7-m/libgcc.a(_arm_cmpdf2.o)
                0x080008a4                __gtdf2
                0x080008a4                __gedf2
                0x080008ac                __ltdf2
                0x080008ac                __ledf2
                0x080008b4                __cmpdf2
                0x080008b4                __eqdf2
                0x080008b4                __nedf2
                0x08000930                __aeabi_cdrcmple
                0x08000940                __aeabi_cdcmple
                0x08000940                __aeabi_cdcmpeq
                0x08000950                __aeabi_dcmpeq
                0x08000964                __aeabi_dcmplt
                0x08000978                __aeabi_dcmple
                0x0800098c                __aeabi_dcmpge
                0x080009a0                __aeabi_dcmpgt
 .text          0x080009b4       0x50 /home/laurence/ARM-GCC/gcc-arm-none-eabi-5_3-2016q1/bin/../lib/gcc/arm-none-eabi/5.3.1/armv7-m/libgcc.a(_arm_fixdfsi.o)
                0x080009b4                __fixdfsi
                0x080009b4                __aeabi_d2iz
 .text          0x08000a04       0x40 /home/laurence/ARM-GCC/gcc-arm-none-eabi-5_3-2016q1/bin/../lib/gcc/arm-none-eabi/5.3.1/armv7-m/libgcc.a(_arm_fixunsdfsi.o)
                0x08000a04                __fixunsdfsi
                0x08000a04                __aeabi_d2uiz
 .text          0x08000a44       0xa0 /home/laurence/ARM-GCC/gcc-arm-none-eabi-5_3-2016q1/bin/../lib/gcc/arm-none-eabi/5.3.1/armv7-m/libgcc.a(_arm_truncdfsf2.o)
                0x08000a44                __aeabi_d2f
                0x08000a44                __truncdfsf2
 .text          0x08000ae4      0x21c /home/laurence/ARM-GCC/gcc-arm-none-eabi-5_3-2016q1/bin/../lib/gcc/arm-none-eabi/5.3.1/armv7-m/libgcc.a(_arm_addsubsf3.o)
                0x08000ae4                __aeabi_frsub
                0x08000aec                __subsf3
                0x08000aec                __aeabi_fsub
                0x08000af0                __aeabi_fadd
                0x08000af0                __addsf3
                0x08000c50                __aeabi_ui2f
                0x08000c50                __floatunsisf
                0x08000c58                __aeabi_i2f
                0x08000c58                __floatsisf
                0x08000c74                __floatundisf
                0x08000c74                __aeabi_ul2f
                0x08000c84                __floatdisf
                0x08000c84                __aeabi_l2f
 .text          0x08000d00      0x2a0 /home/laurence/ARM-GCC/gcc-arm-none-eabi-5_3-2016q1/bin/../lib/gcc/arm-none-eabi/5.3.1/armv7-m/libgcc.a(_arm_muldivsf3.o)
                0x08000d00                __mulsf3
                0x08000d00                __aeabi_fmul
                0x08000e68                __divsf3
                0x08000e68                __aeabi_fdiv
 .text          0x08000fa0       0xec /home/laurence/ARM-GCC/gcc-arm-none-eabi-5_3-2016q1/bin/../lib/gcc/arm-none-eabi/5.3.1/armv7-m/libgcc.a(_arm_cmpsf2.o)
                0x08000fa0                __gtsf2
                0x08000fa0                __gesf2
                0x08000fa8                __lesf2
                0x08000fa8                __ltsf2
                0x08000fb0                __nesf2
                0x08000fb0                __eqsf2
                0x08000fb0                __cmpsf2
                0x08001010                __aeabi_cfrcmple
                0x08001018                __aeabi_cfcmple
                0x08001018                __aeabi_cfcmpeq
                0x08001028                __aeabi_fcmpeq
                0x0800103c                __aeabi_fcmplt
                0x08001050                __aeabi_fcmple
                0x08001064                __aeabi_fcmpge
                0x08001078                __aeabi_fcmpgt
 .text          0x0800108c       0x2c /home/laurence/ARM-GCC/gcc-arm-none-eabi-5_3-2016q1/bin/../lib/gcc/arm-none-eabi/5.3.1/armv7-m/libgcc.a(_arm_unordsf2.o)
                0x0800108c                __aeabi_fcmpun
                0x0800108c                __unordsf2
 .text          0x080010b8       0x4c /home/laurence/ARM-GCC/gcc-arm-none-eabi-5_3-2016q1/bin/../lib/gcc/arm-none-eabi/5.3.1/armv7-m/libgcc.a(_arm_fixsfsi.o)
                0x080010b8                __fixsfsi
                0x080010b8                __aeabi_f2iz
 .text          0x08001104       0x40 /home/laurence/ARM-GCC/gcc-arm-none-eabi-5_3-2016q1/bin/../lib/gcc/arm-none-eabi/5.3.1/armv7-m/libgcc.a(_arm_fixunssfsi.o)
                0x08001104                __aeabi_f2uiz
                0x08001104                __fixunssfsi
 .text          0x08001144       0xec /home/laurence/ARM-GCC/gcc-arm-none-eabi-5_3-2016q1/bin/../lib/gcc/arm-none-eabi/5.3.1/../../../../arm-none-eabi/lib/armv7-m/libg.a(lib_a-memcpy.o)
                0x08001144                memcpy
 *(.text.*)
 .text.startup.main
                0x08001230     0x2dc4 /tmp/cc6m1S0r.ltrans0.ltrans.o
                0x08001230                main
 .text.EP2_OUT_Callback
                0x08003ff4      0x9e8 /tmp/cc6m1S0r.ltrans1.ltrans.o
 .text.__usart_send_char
                0x080049dc       0xa0 /tmp/cc6m1S0r.ltrans2.ltrans.o
                0x080049dc                __usart_send_char
 .text.ads1298_spi_dma_transaction
                0x08004a7c       0xec /tmp/cc6m1S0r.ltrans2.ltrans.o
                0x08004a7c                ads1298_spi_dma_transaction
 .text.DMA1_Channel4_IRQHandler
                0x08004b68      0xd4c /tmp/cc6m1S0r.ltrans2.ltrans.o
                0x08004b68                DMA1_Channel4_IRQHandler
 .text.ads1298_busy_wait_command
                0x080058b4       0x4c /tmp/cc6m1S0r.ltrans2.ltrans.o
                0x080058b4                ads1298_busy_wait_command
 .text.unlikely.ads1298_busy_wait_write
                0x08005900       0x88 /tmp/cc6m1S0r.ltrans2.ltrans.o
                0x08005900                ads1298_busy_wait_write
 .text.USART3_IRQHandler
                0x08005988      0x17c /tmp/cc6m1S0r.ltrans2.ltrans.o
                0x08005988                USART3_IRQHandler
 .text.USART1_IRQHandler
                0x08005b04      0x134 /tmp/cc6m1S0r.ltrans2.ltrans.o
                0x08005b04                USART1_IRQHandler
 .text.Gps_Send_Str
                0x08005c38       0x2c /tmp/cc6m1S0r.ltrans2.ltrans.o
                0x08005c38                Gps_Send_Str
 .text.Gps_Send_Utf8
                0x08005c64       0x30 /tmp/cc6m1S0r.ltrans2.ltrans.o
                0x08005c64                Gps_Send_Utf8
 .text.check_fs
                0x08005c94       0xac /tmp/cc6m1S0r.ltrans3.ltrans.o
 .text.f_sync   0x08005d40      0x108 /tmp/cc6m1S0r.ltrans3.ltrans.o
                0x08005d40                f_sync
 .text.f_write  0x08005e48       0x4c /tmp/cc6m1S0r.ltrans3.ltrans.o
                0x08005e48                f_write
 .text.chk_mounted.lto_priv.65
                0x08005e94      0x264 /tmp/cc6m1S0r.ltrans3.ltrans.o
                0x08005e94                chk_mounted.lto_priv.65
 .text.follow_path.lto_priv.66
                0x080060f8      0x3b8 /tmp/cc6m1S0r.ltrans3.ltrans.o
                0x080060f8                follow_path.lto_priv.66
 .text.f_open   0x080064b0      0x14c /tmp/cc6m1S0r.ltrans3.ltrans.o
                0x080064b0                f_open
 .text.get_fileinfo.lto_priv.84
                0x080065fc      0x2c8 /tmp/cc6m1S0r.ltrans3.ltrans.o
                0x080065fc                get_fileinfo.lto_priv.84
 .text.move_window.lto_priv.83
                0x080068c4      0x1a8 /tmp/cc6m1S0r.ltrans4.ltrans.o
                0x080068c4                move_window.lto_priv.83
 .text.get_fattime
                0x08006a6c       0x44 /tmp/cc6m1S0r.ltrans4.ltrans.o
                0x08006a6c                get_fattime
 .text.Delay    0x08006ab0       0x20 /tmp/cc6m1S0r.ltrans4.ltrans.o
                0x08006ab0                Delay
 .text.Add_To_Buffer
                0x08006ad0       0x50 /tmp/cc6m1S0r.ltrans4.ltrans.o
                0x08006ad0                Add_To_Buffer
 .text.unlikely.SCSI_Invalid_Cmd
                0x08006b20       0x6c /tmp/cc6m1S0r.ltrans4.ltrans.o
                0x08006b20                SCSI_Invalid_Cmd
 .text.SCSI_Write10_Cmd
                0x08006b8c      0x214 /tmp/cc6m1S0r.ltrans4.ltrans.o
                0x08006b8c                SCSI_Write10_Cmd
 .text.SCSI_Read10_Cmd
                0x08006da0       0xe4 /tmp/cc6m1S0r.ltrans4.ltrans.o
                0x08006da0                SCSI_Read10_Cmd
 .text.put_fat.part.4.lto_priv.93
                0x08006e84      0x128 /tmp/cc6m1S0r.ltrans5.ltrans.o
                0x08006e84                put_fat.part.4.lto_priv.93
 .text.get_fat.part.3.lto_priv.64
                0x08006fac       0xc0 /tmp/cc6m1S0r.ltrans5.ltrans.o
                0x08006fac                get_fat.part.3.lto_priv.64
 .text.dir_find.part.5.lto_priv.100
                0x0800706c      0x4b0 /tmp/cc6m1S0r.ltrans5.ltrans.o
                0x0800706c                dir_find.part.5.lto_priv.100
 .text.f_lseek  0x0800751c      0x204 /tmp/cc6m1S0r.ltrans5.ltrans.o
                0x0800751c                f_lseek
 .text.unlikely.f_close
                0x08007720       0x10 /tmp/cc6m1S0r.ltrans5.ltrans.o
                0x08007720                f_close
 .text.RN42_generate_packet
                0x08007730      0x390 /tmp/cc6m1S0r.ltrans6.ltrans.o
                0x08007730                RN42_generate_packet
 .text.rprintf2RamRom
                0x08007ac0      0x7d4 /tmp/cc6m1S0r.ltrans6.ltrans.o
                0x08007ac0                rprintf2RamRom
 .text.disk_write.part.5.lto_priv.60
                0x08008294      0x22c /tmp/cc6m1S0r.ltrans6.ltrans.o
                0x08008294                disk_write.part.5.lto_priv.60
 .text.disk_read.part.4.lto_priv.62
                0x080084c0      0x13c /tmp/cc6m1S0r.ltrans6.ltrans.o
                0x080084c0                disk_read.part.4.lto_priv.62
 .text.dir_read.lto_priv.81
                0x080085fc      0x434 /tmp/cc6m1S0r.ltrans7.ltrans.o
                0x080085fc                dir_read.lto_priv.81
 .text.dir_sdi.lto_priv.82
                0x08008a30       0xa8 /tmp/cc6m1S0r.ltrans7.ltrans.o
                0x08008a30                dir_sdi.lto_priv.82
 .text.create_chain.lto_priv.89
                0x08008ad8      0x190 /tmp/cc6m1S0r.ltrans7.ltrans.o
                0x08008ad8                create_chain.lto_priv.89
 .text.dir_register.lto_priv.90
                0x08008c68      0x6f0 /tmp/cc6m1S0r.ltrans7.ltrans.o
                0x08008c68                dir_register.lto_priv.90
 .text.sync.lto_priv.79
                0x08009358       0xe0 /tmp/cc6m1S0r.ltrans7.ltrans.o
                0x08009358                sync.lto_priv.79
 .text.stm32_spi_rw.lto_priv.59
                0x08009438       0x24 /tmp/cc6m1S0r.ltrans8.ltrans.o
                0x08009438                stm32_spi_rw.lto_priv.59
 .text.send_cmd
                0x0800945c      0x16c /tmp/cc6m1S0r.ltrans8.ltrans.o
                0x0800945c                send_cmd
 .text.disk_initialize
                0x080095c8      0x260 /tmp/cc6m1S0r.ltrans8.ltrans.o
                0x080095c8                disk_initialize
 .text.wait_ready.lto_priv.61
                0x08009828       0x54 /tmp/cc6m1S0r.ltrans8.ltrans.o
                0x08009828                wait_ready.lto_priv.61
 .text.stm32_dma_transfer.lto_priv.63
                0x0800987c       0xd4 /tmp/cc6m1S0r.ltrans8.ltrans.o
                0x0800987c                stm32_dma_transfer.lto_priv.63
 .text.rcvr_datablock
                0x08009950       0x9c /tmp/cc6m1S0r.ltrans8.ltrans.o
                0x08009950                rcvr_datablock
 .text.counter_to_struct.lto_priv.91
                0x080099ec      0x128 /tmp/cc6m1S0r.ltrans8.ltrans.o
                0x080099ec                counter_to_struct.lto_priv.91
 .text.rtc_gettime
                0x08009b14       0x84 /tmp/cc6m1S0r.ltrans8.ltrans.o
                0x08009b14                rtc_gettime
 .text.f_write.part.9.lto_priv.85
                0x08009b98      0x350 /tmp/cc6m1S0r.ltrans8.ltrans.o
                0x08009b98                f_write.part.9.lto_priv.85
 .text.remove_chain.part.6.lto_priv.80
                0x08009ee8      0x110 /tmp/cc6m1S0r.ltrans8.ltrans.o
                0x08009ee8                remove_chain.part.6.lto_priv.80
 .text.SP1ML_generate_packet
                0x08009ff8      0x3bc /tmp/cc6m1S0r.ltrans9.ltrans.o
                0x08009ff8                SP1ML_generate_packet
 .text.SP1ML_command
                0x0800a3b4      0x148 /tmp/cc6m1S0r.ltrans9.ltrans.o
                0x0800a3b4                SP1ML_command
 *fill*         0x0800a4fc        0x4 
 .text.SP1ML_rx_tx_data_processor
                0x0800a500      0xe00 /tmp/cc6m1S0r.ltrans9.ltrans.o
                0x0800a500                SP1ML_rx_tx_data_processor
 .text.set_rtc_correction
                0x0800b300       0x5c /tmp/cc6m1S0r.ltrans9.ltrans.o
                0x0800b300                set_rtc_correction
 .text.unlikely.read_config_file.constprop.21
                0x0800b35c      0x4c0 /tmp/cc6m1S0r.ltrans10.ltrans.o
                0x0800b35c                read_config_file.constprop.21
 .text.Get_UBX_Ack.constprop.8
                0x0800b81c       0xcc /tmp/cc6m1S0r.ltrans10.ltrans.o
                0x0800b81c                Get_UBX_Ack.constprop.8
 .text.USART2_reconf.constprop.7
                0x0800b8e8       0x54 /tmp/cc6m1S0r.ltrans10.ltrans.o
                0x0800b8e8                USART2_reconf.constprop.7
 .text.ads1298_wct_config.constprop.3
                0x0800b93c      0x15c /tmp/cc6m1S0r.ltrans10.ltrans.o
                0x0800b93c                ads1298_wct_config.constprop.3
 .text.unlikely.ads1298_setup.constprop.2
                0x0800ba98      0x3a0 /tmp/cc6m1S0r.ltrans10.ltrans.o
                0x0800ba98                ads1298_setup.constprop.2
 .text.Gps_DMA_Process
                0x0800be38      0x318 /tmp/cc6m1S0r.ltrans10.ltrans.o
                0x0800be38                Gps_DMA_Process
 .text.EXTI9_5_IRQHandler
                0x0800c150       0x34 /tmp/cc6m1S0r.ltrans10.ltrans.o
                0x0800c150                EXTI9_5_IRQHandler
 .text.I2C1_ER_IRQHandler
                0x0800c184      0x150 /tmp/cc6m1S0r.ltrans11.ltrans.o
                0x0800c184                I2C1_ER_IRQHandler
 .text.I2C1_EV_IRQHandler
                0x0800c2d4      0x604 /tmp/cc6m1S0r.ltrans11.ltrans.o
                0x0800c2d4                I2C1_EV_IRQHandler
 .text.ADC_Configuration
                0x0800c8d8      0x10c /tmp/cc6m1S0r.ltrans11.ltrans.o
                0x0800c8d8                ADC_Configuration
 .text.wave_terminate
                0x0800c9e4      0x1c0 /tmp/cc6m1S0r.ltrans11.ltrans.o
                0x0800c9e4                wave_terminate
 .text.write_wave_header
                0x0800cba4       0xf0 /tmp/cc6m1S0r.ltrans11.ltrans.o
                0x0800cba4                write_wave_header
 .text.USB_LP_CAN1_RX0_IRQHandler
                0x0800cc94      0x118 /tmp/cc6m1S0r.ltrans12.ltrans.o
                0x0800cc94                USB_LP_CAN1_RX0_IRQHandler
 .text.USB_HP_CAN1_TX_IRQHandler
                0x0800cdac        0x4 /tmp/cc6m1S0r.ltrans12.ltrans.o
                0x0800cdac                USB_HP_CAN1_TX_IRQHandler
 .text.SysTick_Handler
                0x0800cdb0      0x17c /tmp/cc6m1S0r.ltrans12.ltrans.o
                0x0800cdb0                SysTick_Handler
 .text.EXTI15_10_IRQHandler
                0x0800cf2c       0x68 /tmp/cc6m1S0r.ltrans12.ltrans.o
                0x0800cf2c                EXTI15_10_IRQHandler
 .text.ADC1_2_IRQHandler
                0x0800cf94       0x70 /tmp/cc6m1S0r.ltrans12.ltrans.o
                0x0800cf94                ADC1_2_IRQHandler
 .text.EXTI0_IRQHandler
                0x0800d004       0x98 /tmp/cc6m1S0r.ltrans12.ltrans.o
                0x0800d004                EXTI0_IRQHandler
 .text.EXTI_ONOFF_EN
                0x0800d09c       0x54 /tmp/cc6m1S0r.ltrans12.ltrans.o
                0x0800d09c                EXTI_ONOFF_EN
 .text.I2C_Config
                0x0800d0f0      0x23c /tmp/cc6m1S0r.ltrans12.ltrans.o
                0x0800d0f0                I2C_Config
 .text.I2C1_Request_Job
                0x0800d32c       0x74 /tmp/cc6m1S0r.ltrans12.ltrans.o
                0x0800d32c                I2C1_Request_Job
 .text.__str_print_char
                0x0800d3a0       0xfc /tmp/cc6m1S0r.ltrans13.ltrans.o
                0x0800d3a0                __str_print_char
 .text.__fat_print_char
                0x0800d49c       0x58 /tmp/cc6m1S0r.ltrans13.ltrans.o
                0x0800d49c                __fat_print_char
 .text.Usart3_Send_Str
                0x0800d4f4       0x2c /tmp/cc6m1S0r.ltrans13.ltrans.o
                0x0800d4f4                Usart3_Send_Str
 .text.Usart_Send_Str
                0x0800d520       0xf8 /tmp/cc6m1S0r.ltrans13.ltrans.o
                0x0800d520                Usart_Send_Str
 .text.shutdown_filesystem
                0x0800d618      0x464 /tmp/cc6m1S0r.ltrans13.ltrans.o
                0x0800d618                shutdown_filesystem
 .text.stm32_spi_rw.constprop.56
                0x0800da7c       0x24 /tmp/cc6m1S0r.ltrans14.ltrans.o
                0x0800da7c                stm32_spi_rw.constprop.56
 .text.disk_write.constprop.53
                0x0800daa0       0x84 /tmp/cc6m1S0r.ltrans14.ltrans.o
                0x0800daa0                disk_write.constprop.53
 .text.unlikely.disk_read.constprop.52
                0x0800db24       0x60 /tmp/cc6m1S0r.ltrans14.ltrans.o
                0x0800db24                disk_read.constprop.52
 .text.unlikely.Set_CSW.constprop.50
                0x0800db84       0x2c /tmp/cc6m1S0r.ltrans14.ltrans.o
                0x0800db84                Set_CSW.constprop.50
 .text.dir_next.constprop.30
                0x0800dbb0       0x88 /tmp/cc6m1S0r.ltrans14.ltrans.o
                0x0800dbb0                dir_next.constprop.30
 .text.unlikely.f_chdir.constprop.25
                0x0800dc38       0x68 /tmp/cc6m1S0r.ltrans14.ltrans.o
                0x0800dc38                f_chdir.constprop.25
 .text.Get_Max_Lun
                0x0800dca0       0x18 /tmp/cc6m1S0r.ltrans15.ltrans.o
 .text.MASS_Get_Interface_Setting
                0x0800dcb8       0x10 /tmp/cc6m1S0r.ltrans15.ltrans.o
                0x0800dcb8                MASS_Get_Interface_Setting
 .text.MASS_Data_Setup
                0x0800dcc8       0x38 /tmp/cc6m1S0r.ltrans15.ltrans.o
                0x0800dcc8                MASS_Data_Setup
 .text.MASS_Status_In
                0x0800dd00        0x4 /tmp/cc6m1S0r.ltrans15.ltrans.o
                0x0800dd00                MASS_Status_In
 .text.MASS_Status_Out
                0x0800dd04        0x4 /tmp/cc6m1S0r.ltrans15.ltrans.o
                0x0800dd04                MASS_Status_Out
 .text.Mass_Storage_SetDeviceAddress
                0x0800dd08        0xc /tmp/cc6m1S0r.ltrans15.ltrans.o
 .text.MASS_GetStringDescriptor
                0x0800dd14       0x20 /tmp/cc6m1S0r.ltrans15.ltrans.o
                0x0800dd14                MASS_GetStringDescriptor
 .text.MASS_GetConfigDescriptor
                0x0800dd34        0xc /tmp/cc6m1S0r.ltrans15.ltrans.o
                0x0800dd34                MASS_GetConfigDescriptor
 .text.MASS_GetDeviceDescriptor
                0x0800dd40        0xc /tmp/cc6m1S0r.ltrans15.ltrans.o
                0x0800dd40                MASS_GetDeviceDescriptor
 .text.MASS_NoData_Setup
                0x0800dd4c       0x50 /tmp/cc6m1S0r.ltrans15.ltrans.o
                0x0800dd4c                MASS_NoData_Setup
 .text.Mass_Storage_SetConfiguration
                0x0800dd9c       0x30 /tmp/cc6m1S0r.ltrans15.ltrans.o
 .text.Mass_Storage_ClearFeature
                0x0800ddcc       0x2c /tmp/cc6m1S0r.ltrans15.ltrans.o
 .text.MASS_Reset
                0x0800ddf8       0xf0 /tmp/cc6m1S0r.ltrans15.ltrans.o
                0x0800ddf8                MASS_Reset
 .text.MASS_init
                0x0800dee8      0x17c /tmp/cc6m1S0r.ltrans15.ltrans.o
                0x0800dee8                MASS_init
 .text.Resume   0x0800e064      0x118 /tmp/cc6m1S0r.ltrans15.ltrans.o
                0x0800e064                Resume
 .text.EP1_IN_Callback
                0x0800e17c       0x88 /tmp/cc6m1S0r.ltrans16.ltrans.o
 .text.unlikely.Transfer_Data_Request
                0x0800e204       0x34 /tmp/cc6m1S0r.ltrans16.ltrans.o
                0x0800e204                Transfer_Data_Request
 .text.Read_Memory
                0x0800e238      0x1b4 /tmp/cc6m1S0r.ltrans16.ltrans.o
                0x0800e238                Read_Memory
 .text.Reset_Handler
                0x0800e3ec       0x40 lib/CMSIS_CM3/startup/gcc/startup_stm32f10x_md.o
                0x0800e3ec                Reset_Handler
 .text.Default_Handler
                0x0800e42c        0x2 lib/CMSIS_CM3/startup/gcc/startup_stm32f10x_md.o
                0x0800e42c                EXTI2_IRQHandler
                0x0800e42c                DebugMon_Handler
                0x0800e42c                TIM1_CC_IRQHandler
                0x0800e42c                HardFault_Handler
                0x0800e42c                PVD_IRQHandler
                0x0800e42c                PendSV_Handler
                0x0800e42c                NMI_Handler
                0x0800e42c                EXTI3_IRQHandler
                0x0800e42c                I2C2_EV_IRQHandler
                0x0800e42c                UsageFault_Handler
                0x0800e42c                SPI1_IRQHandler
                0x0800e42c                TAMPER_IRQHandler
                0x0800e42c                RTC_IRQHandler
                0x0800e42c                DMA1_Channel7_IRQHandler
                0x0800e42c                CAN1_RX1_IRQHandler
                0x0800e42c                TIM4_IRQHandler
                0x0800e42c                DMA1_Channel6_IRQHandler
                0x0800e42c                TIM3_IRQHandler
                0x0800e42c                RCC_IRQHandler
                0x0800e42c                TIM1_TRG_COM_IRQHandler
                0x0800e42c                DMA1_Channel1_IRQHandler
                0x0800e42c                Default_Handler
                0x0800e42c                SPI2_IRQHandler
                0x0800e42c                MemManage_Handler
                0x0800e42c                SVC_Handler
                0x0800e42c                DMA1_Channel5_IRQHandler
                0x0800e42c                EXTI4_IRQHandler
                0x0800e42c                DMA1_Channel3_IRQHandler
                0x0800e42c                TIM1_UP_IRQHandler
                0x0800e42c                WWDG_IRQHandler
                0x0800e42c                TIM2_IRQHandler
                0x0800e42c                TIM1_BRK_IRQHandler
                0x0800e42c                EXTI1_IRQHandler
                0x0800e42c                RTCAlarm_IRQHandler
                0x0800e42c                USART2_IRQHandler
                0x0800e42c                I2C2_ER_IRQHandler
                0x0800e42c                DMA1_Channel2_IRQHandler
                0x0800e42c                CAN1_SCE_IRQHandler
                0x0800e42c                FLASH_IRQHandler
                0x0800e42c                BusFault_Handler
                0x0800e42c                USBWakeUp_IRQHandler
 *fill*         0x0800e42e        0x2 
 .text.NVIC_PriorityGroupConfig
                0x0800e430       0x14 lib/STM32F10x_StdPeriph_Driver/libstm32fw.a(misc.o)
                0x0800e430                NVIC_PriorityGroupConfig
 .text.NVIC_Init
                0x0800e444       0x6c lib/STM32F10x_StdPeriph_Driver/libstm32fw.a(misc.o)
                0x0800e444                NVIC_Init
 .text.NVIC_SetVectorTable
                0x0800e4b0       0x14 lib/STM32F10x_StdPeriph_Driver/libstm32fw.a(misc.o)
                0x0800e4b0                NVIC_SetVectorTable
 .text.SysTick_CLKSourceConfig
                0x0800e4c4       0x18 lib/STM32F10x_StdPeriph_Driver/libstm32fw.a(misc.o)
                0x0800e4c4                SysTick_CLKSourceConfig
 .text.ADC_DeInit
                0x0800e4dc       0x5c lib/STM32F10x_StdPeriph_Driver/libstm32fw.a(stm32f10x_adc.o)
                0x0800e4dc                ADC_DeInit
 .text.ADC_Init
                0x0800e538       0x48 lib/STM32F10x_StdPeriph_Driver/libstm32fw.a(stm32f10x_adc.o)
                0x0800e538                ADC_Init
 .text.ADC_Cmd  0x0800e580       0x12 lib/STM32F10x_StdPeriph_Driver/libstm32fw.a(stm32f10x_adc.o)
                0x0800e580                ADC_Cmd
 .text.ADC_ITConfig
                0x0800e592       0x12 lib/STM32F10x_StdPeriph_Driver/libstm32fw.a(stm32f10x_adc.o)
                0x0800e592                ADC_ITConfig
 .text.ADC_ResetCalibration
                0x0800e5a4        0xa lib/STM32F10x_StdPeriph_Driver/libstm32fw.a(stm32f10x_adc.o)
                0x0800e5a4                ADC_ResetCalibration
 .text.ADC_GetResetCalibrationStatus
                0x0800e5ae        0x8 lib/STM32F10x_StdPeriph_Driver/libstm32fw.a(stm32f10x_adc.o)
                0x0800e5ae                ADC_GetResetCalibrationStatus
 .text.ADC_StartCalibration
                0x0800e5b6        0xa lib/STM32F10x_StdPeriph_Driver/libstm32fw.a(stm32f10x_adc.o)
                0x0800e5b6                ADC_StartCalibration
 .text.ADC_GetCalibrationStatus
                0x0800e5c0        0x8 lib/STM32F10x_StdPeriph_Driver/libstm32fw.a(stm32f10x_adc.o)
                0x0800e5c0                ADC_GetCalibrationStatus
 .text.ADC_SoftwareStartConvCmd
                0x0800e5c8       0x12 lib/STM32F10x_StdPeriph_Driver/libstm32fw.a(stm32f10x_adc.o)
                0x0800e5c8                ADC_SoftwareStartConvCmd
 .text.ADC_RegularChannelConfig
                0x0800e5da       0x84 lib/STM32F10x_StdPeriph_Driver/libstm32fw.a(stm32f10x_adc.o)
                0x0800e5da                ADC_RegularChannelConfig
 .text.ADC_GetConversionValue
                0x0800e65e        0x6 lib/STM32F10x_StdPeriph_Driver/libstm32fw.a(stm32f10x_adc.o)
                0x0800e65e                ADC_GetConversionValue
 .text.ADC_ExternalTrigInjectedConvConfig
                0x0800e664        0xc lib/STM32F10x_StdPeriph_Driver/libstm32fw.a(stm32f10x_adc.o)
                0x0800e664                ADC_ExternalTrigInjectedConvConfig
 .text.ADC_SoftwareStartInjectedConvCmd
                0x0800e670       0x12 lib/STM32F10x_StdPeriph_Driver/libstm32fw.a(stm32f10x_adc.o)
                0x0800e670                ADC_SoftwareStartInjectedConvCmd
 .text.ADC_InjectedChannelConfig
                0x0800e682       0x54 lib/STM32F10x_StdPeriph_Driver/libstm32fw.a(stm32f10x_adc.o)
                0x0800e682                ADC_InjectedChannelConfig
 .text.ADC_InjectedSequencerLengthConfig
                0x0800e6d6       0x10 lib/STM32F10x_StdPeriph_Driver/libstm32fw.a(stm32f10x_adc.o)
                0x0800e6d6                ADC_InjectedSequencerLengthConfig
 .text.ADC_GetInjectedConversionValue
                0x0800e6e6       0x1a lib/STM32F10x_StdPeriph_Driver/libstm32fw.a(stm32f10x_adc.o)
                0x0800e6e6                ADC_GetInjectedConversionValue
 .text.ADC_AnalogWatchdogCmd
                0x0800e700       0x10 lib/STM32F10x_StdPeriph_Driver/libstm32fw.a(stm32f10x_adc.o)
                0x0800e700                ADC_AnalogWatchdogCmd
 .text.ADC_AnalogWatchdogThresholdsConfig
                0x0800e710        0x6 lib/STM32F10x_StdPeriph_Driver/libstm32fw.a(stm32f10x_adc.o)
                0x0800e710                ADC_AnalogWatchdogThresholdsConfig
 .text.ADC_AnalogWatchdogSingleChannelConfig
                0x0800e716        0xc lib/STM32F10x_StdPeriph_Driver/libstm32fw.a(stm32f10x_adc.o)
                0x0800e716                ADC_AnalogWatchdogSingleChannelConfig
 .text.ADC_GetFlagStatus
                0x0800e722        0xc lib/STM32F10x_StdPeriph_Driver/libstm32fw.a(stm32f10x_adc.o)
                0x0800e722                ADC_GetFlagStatus
 .text.ADC_ClearFlag
                0x0800e72e        0x6 lib/STM32F10x_StdPeriph_Driver/libstm32fw.a(stm32f10x_adc.o)
                0x0800e72e                ADC_ClearFlag
 .text.ADC_GetITStatus
                0x0800e734       0x16 lib/STM32F10x_StdPeriph_Driver/libstm32fw.a(stm32f10x_adc.o)
                0x0800e734                ADC_GetITStatus
 .text.ADC_ClearITPendingBit
                0x0800e74a        0x8 lib/STM32F10x_StdPeriph_Driver/libstm32fw.a(stm32f10x_adc.o)
                0x0800e74a                ADC_ClearITPendingBit
 .text.BKP_DeInit
                0x0800e752       0x12 lib/STM32F10x_StdPeriph_Driver/libstm32fw.a(stm32f10x_bkp.o)
                0x0800e752                BKP_DeInit
 .text.BKP_RTCOutputConfig
                0x0800e764       0x18 lib/STM32F10x_StdPeriph_Driver/libstm32fw.a(stm32f10x_bkp.o)
                0x0800e764                BKP_RTCOutputConfig
 .text.BKP_SetRTCCalibrationValue
                0x0800e77c       0x18 lib/STM32F10x_StdPeriph_Driver/libstm32fw.a(stm32f10x_bkp.o)
                0x0800e77c                BKP_SetRTCCalibrationValue
 .text.BKP_WriteBackupRegister
                0x0800e794       0x1c lib/STM32F10x_StdPeriph_Driver/libstm32fw.a(stm32f10x_bkp.o)
                0x0800e794                BKP_WriteBackupRegister
 .text.BKP_ReadBackupRegister
                0x0800e7b0       0x20 lib/STM32F10x_StdPeriph_Driver/libstm32fw.a(stm32f10x_bkp.o)
                0x0800e7b0                BKP_ReadBackupRegister
 .text.DBGMCU_Config
                0x0800e7d0       0x18 lib/STM32F10x_StdPeriph_Driver/libstm32fw.a(stm32f10x_dbgmcu.o)
                0x0800e7d0                DBGMCU_Config
 .text.DMA_DeInit
                0x0800e7e8       0xf0 lib/STM32F10x_StdPeriph_Driver/libstm32fw.a(stm32f10x_dma.o)
                0x0800e7e8                DMA_DeInit
 .text.DMA_Init
                0x0800e8d8       0x3c lib/STM32F10x_StdPeriph_Driver/libstm32fw.a(stm32f10x_dma.o)
                0x0800e8d8                DMA_Init
 .text.DMA_Cmd  0x0800e914       0x12 lib/STM32F10x_StdPeriph_Driver/libstm32fw.a(stm32f10x_dma.o)
                0x0800e914                DMA_Cmd
 .text.DMA_ITConfig
                0x0800e926       0x10 lib/STM32F10x_StdPeriph_Driver/libstm32fw.a(stm32f10x_dma.o)
                0x0800e926                DMA_ITConfig
 .text.DMA_GetCurrDataCounter
                0x0800e936        0x6 lib/STM32F10x_StdPeriph_Driver/libstm32fw.a(stm32f10x_dma.o)
                0x0800e936                DMA_GetCurrDataCounter
 .text.DMA_GetFlagStatus
                0x0800e93c       0x1c lib/STM32F10x_StdPeriph_Driver/libstm32fw.a(stm32f10x_dma.o)
                0x0800e93c                DMA_GetFlagStatus
 .text.DMA_ClearFlag
                0x0800e958       0x14 lib/STM32F10x_StdPeriph_Driver/libstm32fw.a(stm32f10x_dma.o)
                0x0800e958                DMA_ClearFlag
 .text.DMA_GetITStatus
                0x0800e96c       0x1c lib/STM32F10x_StdPeriph_Driver/libstm32fw.a(stm32f10x_dma.o)
                0x0800e96c                DMA_GetITStatus
 .text.DMA_ClearITPendingBit
                0x0800e988       0x14 lib/STM32F10x_StdPeriph_Driver/libstm32fw.a(stm32f10x_dma.o)
                0x0800e988                DMA_ClearITPendingBit
 .text.EXTI_DeInit
                0x0800e99c       0x1c lib/STM32F10x_StdPeriph_Driver/libstm32fw.a(stm32f10x_exti.o)
                0x0800e99c                EXTI_DeInit
 .text.EXTI_Init
                0x0800e9b8       0x88 lib/STM32F10x_StdPeriph_Driver/libstm32fw.a(stm32f10x_exti.o)
                0x0800e9b8                EXTI_Init
 .text.EXTI_GenerateSWInterrupt
                0x0800ea40       0x10 lib/STM32F10x_StdPeriph_Driver/libstm32fw.a(stm32f10x_exti.o)
                0x0800ea40                EXTI_GenerateSWInterrupt
 .text.EXTI_GetITStatus
                0x0800ea50       0x1c lib/STM32F10x_StdPeriph_Driver/libstm32fw.a(stm32f10x_exti.o)
                0x0800ea50                EXTI_GetITStatus
 .text.EXTI_ClearITPendingBit
                0x0800ea6c        0xc lib/STM32F10x_StdPeriph_Driver/libstm32fw.a(stm32f10x_exti.o)
                0x0800ea6c                EXTI_ClearITPendingBit
 .text.GPIO_Init
                0x0800ea78       0x90 lib/STM32F10x_StdPeriph_Driver/libstm32fw.a(stm32f10x_gpio.o)
                0x0800ea78                GPIO_Init
 .text.GPIO_StructInit
                0x0800eb08       0x10 lib/STM32F10x_StdPeriph_Driver/libstm32fw.a(stm32f10x_gpio.o)
                0x0800eb08                GPIO_StructInit
 .text.GPIO_ReadInputDataBit
                0x0800eb18        0xc lib/STM32F10x_StdPeriph_Driver/libstm32fw.a(stm32f10x_gpio.o)
                0x0800eb18                GPIO_ReadInputDataBit
 .text.GPIO_SetBits
                0x0800eb24        0x4 lib/STM32F10x_StdPeriph_Driver/libstm32fw.a(stm32f10x_gpio.o)
                0x0800eb24                GPIO_SetBits
 .text.GPIO_ResetBits
                0x0800eb28        0x4 lib/STM32F10x_StdPeriph_Driver/libstm32fw.a(stm32f10x_gpio.o)
                0x0800eb28                GPIO_ResetBits
 .text.GPIO_WriteBit
                0x0800eb2c        0xa lib/STM32F10x_StdPeriph_Driver/libstm32fw.a(stm32f10x_gpio.o)
                0x0800eb2c                GPIO_WriteBit
 *fill*         0x0800eb36        0x2 
 .text.GPIO_PinRemapConfig
                0x0800eb38       0x54 lib/STM32F10x_StdPeriph_Driver/libstm32fw.a(stm32f10x_gpio.o)
                0x0800eb38                GPIO_PinRemapConfig
 .text.GPIO_EXTILineConfig
                0x0800eb8c       0x2a lib/STM32F10x_StdPeriph_Driver/libstm32fw.a(stm32f10x_gpio.o)
                0x0800eb8c                GPIO_EXTILineConfig
 *fill*         0x0800ebb6        0x2 
 .text.I2C_DeInit
                0x0800ebb8       0x34 lib/STM32F10x_StdPeriph_Driver/libstm32fw.a(stm32f10x_i2c.o)
                0x0800ebb8                I2C_DeInit
 .text.I2C_Init
                0x0800ebec       0xd4 lib/STM32F10x_StdPeriph_Driver/libstm32fw.a(stm32f10x_i2c.o)
                0x0800ebec                I2C_Init
 .text.I2C_Cmd  0x0800ecc0       0x18 lib/STM32F10x_StdPeriph_Driver/libstm32fw.a(stm32f10x_i2c.o)
                0x0800ecc0                I2C_Cmd
 .text.I2C_GenerateSTART
                0x0800ecd8       0x18 lib/STM32F10x_StdPeriph_Driver/libstm32fw.a(stm32f10x_i2c.o)
                0x0800ecd8                I2C_GenerateSTART
 .text.I2C_GenerateSTOP
                0x0800ecf0       0x18 lib/STM32F10x_StdPeriph_Driver/libstm32fw.a(stm32f10x_i2c.o)
                0x0800ecf0                I2C_GenerateSTOP
 .text.I2C_AcknowledgeConfig
                0x0800ed08       0x18 lib/STM32F10x_StdPeriph_Driver/libstm32fw.a(stm32f10x_i2c.o)
                0x0800ed08                I2C_AcknowledgeConfig
 .text.I2C_ITConfig
                0x0800ed20       0x12 lib/STM32F10x_StdPeriph_Driver/libstm32fw.a(stm32f10x_i2c.o)
                0x0800ed20                I2C_ITConfig
 .text.I2C_SendData
                0x0800ed32        0x4 lib/STM32F10x_StdPeriph_Driver/libstm32fw.a(stm32f10x_i2c.o)
                0x0800ed32                I2C_SendData
 .text.I2C_ReceiveData
                0x0800ed36        0x6 lib/STM32F10x_StdPeriph_Driver/libstm32fw.a(stm32f10x_i2c.o)
                0x0800ed36                I2C_ReceiveData
 .text.I2C_Send7bitAddress
                0x0800ed3c       0x12 lib/STM32F10x_StdPeriph_Driver/libstm32fw.a(stm32f10x_i2c.o)
                0x0800ed3c                I2C_Send7bitAddress
 .text.I2C_SoftwareResetCmd
                0x0800ed4e       0x18 lib/STM32F10x_StdPeriph_Driver/libstm32fw.a(stm32f10x_i2c.o)
                0x0800ed4e                I2C_SoftwareResetCmd
 *fill*         0x0800ed66        0x2 
 .text.IWDG_WriteAccessCmd
                0x0800ed68        0xc lib/STM32F10x_StdPeriph_Driver/libstm32fw.a(stm32f10x_iwdg.o)
                0x0800ed68                IWDG_WriteAccessCmd
 .text.IWDG_SetPrescaler
                0x0800ed74        0xc lib/STM32F10x_StdPeriph_Driver/libstm32fw.a(stm32f10x_iwdg.o)
                0x0800ed74                IWDG_SetPrescaler
 .text.IWDG_SetReload
                0x0800ed80        0xc lib/STM32F10x_StdPeriph_Driver/libstm32fw.a(stm32f10x_iwdg.o)
                0x0800ed80                IWDG_SetReload
 .text.IWDG_ReloadCounter
                0x0800ed8c       0x10 lib/STM32F10x_StdPeriph_Driver/libstm32fw.a(stm32f10x_iwdg.o)
                0x0800ed8c                IWDG_ReloadCounter
 .text.IWDG_Enable
                0x0800ed9c       0x10 lib/STM32F10x_StdPeriph_Driver/libstm32fw.a(stm32f10x_iwdg.o)
                0x0800ed9c                IWDG_Enable
 .text.PWR_DeInit
                0x0800edac       0x1a lib/STM32F10x_StdPeriph_Driver/libstm32fw.a(stm32f10x_pwr.o)
                0x0800edac                PWR_DeInit
 *fill*         0x0800edc6        0x2 
 .text.PWR_BackupAccessCmd
                0x0800edc8        0xc lib/STM32F10x_StdPeriph_Driver/libstm32fw.a(stm32f10x_pwr.o)
                0x0800edc8                PWR_BackupAccessCmd
 .text.PWR_WakeUpPinCmd
                0x0800edd4        0xc lib/STM32F10x_StdPeriph_Driver/libstm32fw.a(stm32f10x_pwr.o)
                0x0800edd4                PWR_WakeUpPinCmd
 .text.PWR_EnterSTANDBYMode
                0x0800ede0       0x28 lib/STM32F10x_StdPeriph_Driver/libstm32fw.a(stm32f10x_pwr.o)
                0x0800ede0                PWR_EnterSTANDBYMode
 .text.RCC_HCLKConfig
                0x0800ee08       0x14 lib/STM32F10x_StdPeriph_Driver/libstm32fw.a(stm32f10x_rcc.o)
                0x0800ee08                RCC_HCLKConfig
 .text.RCC_USBCLKConfig
                0x0800ee1c        0xc lib/STM32F10x_StdPeriph_Driver/libstm32fw.a(stm32f10x_rcc.o)
                0x0800ee1c                RCC_USBCLKConfig
 .text.RCC_ADCCLKConfig
                0x0800ee28       0x14 lib/STM32F10x_StdPeriph_Driver/libstm32fw.a(stm32f10x_rcc.o)
                0x0800ee28                RCC_ADCCLKConfig
 .text.RCC_LSEConfig
                0x0800ee3c       0x20 lib/STM32F10x_StdPeriph_Driver/libstm32fw.a(stm32f10x_rcc.o)
                0x0800ee3c                RCC_LSEConfig
 .text.RCC_RTCCLKConfig
                0x0800ee5c       0x10 lib/STM32F10x_StdPeriph_Driver/libstm32fw.a(stm32f10x_rcc.o)
                0x0800ee5c                RCC_RTCCLKConfig
 .text.RCC_RTCCLKCmd
                0x0800ee6c        0xc lib/STM32F10x_StdPeriph_Driver/libstm32fw.a(stm32f10x_rcc.o)
                0x0800ee6c                RCC_RTCCLKCmd
 .text.RCC_GetClocksFreq
                0x0800ee78       0x94 lib/STM32F10x_StdPeriph_Driver/libstm32fw.a(stm32f10x_rcc.o)
                0x0800ee78                RCC_GetClocksFreq
 .text.RCC_AHBPeriphClockCmd
                0x0800ef0c       0x18 lib/STM32F10x_StdPeriph_Driver/libstm32fw.a(stm32f10x_rcc.o)
                0x0800ef0c                RCC_AHBPeriphClockCmd
 .text.RCC_APB2PeriphClockCmd
                0x0800ef24       0x18 lib/STM32F10x_StdPeriph_Driver/libstm32fw.a(stm32f10x_rcc.o)
                0x0800ef24                RCC_APB2PeriphClockCmd
 .text.RCC_APB1PeriphClockCmd
                0x0800ef3c       0x18 lib/STM32F10x_StdPeriph_Driver/libstm32fw.a(stm32f10x_rcc.o)
                0x0800ef3c                RCC_APB1PeriphClockCmd
 .text.RCC_APB2PeriphResetCmd
                0x0800ef54       0x18 lib/STM32F10x_StdPeriph_Driver/libstm32fw.a(stm32f10x_rcc.o)
                0x0800ef54                RCC_APB2PeriphResetCmd
 .text.RCC_APB1PeriphResetCmd
                0x0800ef6c       0x18 lib/STM32F10x_StdPeriph_Driver/libstm32fw.a(stm32f10x_rcc.o)
                0x0800ef6c                RCC_APB1PeriphResetCmd
 .text.RCC_BackupResetCmd
                0x0800ef84        0xc lib/STM32F10x_StdPeriph_Driver/libstm32fw.a(stm32f10x_rcc.o)
                0x0800ef84                RCC_BackupResetCmd
 .text.RCC_GetFlagStatus
                0x0800ef90       0x28 lib/STM32F10x_StdPeriph_Driver/libstm32fw.a(stm32f10x_rcc.o)
                0x0800ef90                RCC_GetFlagStatus
 .text.RTC_EnterConfigMode
                0x0800efb8       0x14 lib/STM32F10x_StdPeriph_Driver/libstm32fw.a(stm32f10x_rtc.o)
                0x0800efb8                RTC_EnterConfigMode
 .text.RTC_ExitConfigMode
                0x0800efcc       0x14 lib/STM32F10x_StdPeriph_Driver/libstm32fw.a(stm32f10x_rtc.o)
                0x0800efcc                RTC_ExitConfigMode
 .text.RTC_GetCounter
                0x0800efe0       0x14 lib/STM32F10x_StdPeriph_Driver/libstm32fw.a(stm32f10x_rtc.o)
                0x0800efe0                RTC_GetCounter
 .text.RTC_SetCounter
                0x0800eff4       0x20 lib/STM32F10x_StdPeriph_Driver/libstm32fw.a(stm32f10x_rtc.o)
                0x0800eff4                RTC_SetCounter
 .text.RTC_SetPrescaler
                0x0800f014       0x20 lib/STM32F10x_StdPeriph_Driver/libstm32fw.a(stm32f10x_rtc.o)
                0x0800f014                RTC_SetPrescaler
 .text.RTC_WaitForLastTask
                0x0800f034       0x10 lib/STM32F10x_StdPeriph_Driver/libstm32fw.a(stm32f10x_rtc.o)
                0x0800f034                RTC_WaitForLastTask
 .text.RTC_WaitForSynchro
                0x0800f044       0x1c lib/STM32F10x_StdPeriph_Driver/libstm32fw.a(stm32f10x_rtc.o)
                0x0800f044                RTC_WaitForSynchro
 .text.SPI_Init
                0x0800f060       0x3e lib/STM32F10x_StdPeriph_Driver/libstm32fw.a(stm32f10x_spi.o)
                0x0800f060                SPI_Init
 .text.SPI_StructInit
                0x0800f09e       0x18 lib/STM32F10x_StdPeriph_Driver/libstm32fw.a(stm32f10x_spi.o)
                0x0800f09e                SPI_StructInit
 .text.SPI_Cmd  0x0800f0b6       0x18 lib/STM32F10x_StdPeriph_Driver/libstm32fw.a(stm32f10x_spi.o)
                0x0800f0b6                SPI_Cmd
 .text.SPI_I2S_DMACmd
                0x0800f0ce       0x12 lib/STM32F10x_StdPeriph_Driver/libstm32fw.a(stm32f10x_spi.o)
                0x0800f0ce                SPI_I2S_DMACmd
 .text.SPI_I2S_SendData
                0x0800f0e0        0x4 lib/STM32F10x_StdPeriph_Driver/libstm32fw.a(stm32f10x_spi.o)
                0x0800f0e0                SPI_I2S_SendData
 .text.SPI_I2S_ReceiveData
                0x0800f0e4        0x6 lib/STM32F10x_StdPeriph_Driver/libstm32fw.a(stm32f10x_spi.o)
                0x0800f0e4                SPI_I2S_ReceiveData
 .text.SPI_CalculateCRC
                0x0800f0ea       0x18 lib/STM32F10x_StdPeriph_Driver/libstm32fw.a(stm32f10x_spi.o)
                0x0800f0ea                SPI_CalculateCRC
 .text.SPI_I2S_GetFlagStatus
                0x0800f102        0xc lib/STM32F10x_StdPeriph_Driver/libstm32fw.a(stm32f10x_spi.o)
                0x0800f102                SPI_I2S_GetFlagStatus
 *fill*         0x0800f10e        0x2 
 .text.TIM_DeInit
                0x0800f110       0xc8 lib/STM32F10x_StdPeriph_Driver/libstm32fw.a(stm32f10x_tim.o)
                0x0800f110                TIM_DeInit
 .text.TIM_TimeBaseInit
                0x0800f1d8       0x3c lib/STM32F10x_StdPeriph_Driver/libstm32fw.a(stm32f10x_tim.o)
                0x0800f1d8                TIM_TimeBaseInit
 .text.TIM_OC4Init
                0x0800f214       0x68 lib/STM32F10x_StdPeriph_Driver/libstm32fw.a(stm32f10x_tim.o)
                0x0800f214                TIM_OC4Init
 .text.TIM_Cmd  0x0800f27c       0x18 lib/STM32F10x_StdPeriph_Driver/libstm32fw.a(stm32f10x_tim.o)
                0x0800f27c                TIM_Cmd
 .text.TIM_OC4PreloadConfig
                0x0800f294       0x14 lib/STM32F10x_StdPeriph_Driver/libstm32fw.a(stm32f10x_tim.o)
                0x0800f294                TIM_OC4PreloadConfig
 .text.USART_DeInit
                0x0800f2a8       0x98 lib/STM32F10x_StdPeriph_Driver/libstm32fw.a(stm32f10x_usart.o)
                0x0800f2a8                USART_DeInit
 .text.USART_Init
                0x0800f340       0x88 lib/STM32F10x_StdPeriph_Driver/libstm32fw.a(stm32f10x_usart.o)
                0x0800f340                USART_Init
 .text.USART_Cmd
                0x0800f3c8       0x18 lib/STM32F10x_StdPeriph_Driver/libstm32fw.a(stm32f10x_usart.o)
                0x0800f3c8                USART_Cmd
 .text.USART_ITConfig
                0x0800f3e0       0x32 lib/STM32F10x_StdPeriph_Driver/libstm32fw.a(stm32f10x_usart.o)
                0x0800f3e0                USART_ITConfig
 .text.USART_DMACmd
                0x0800f412       0x12 lib/STM32F10x_StdPeriph_Driver/libstm32fw.a(stm32f10x_usart.o)
                0x0800f412                USART_DMACmd
 .text.USART_SendData
                0x0800f424        0x8 lib/STM32F10x_StdPeriph_Driver/libstm32fw.a(stm32f10x_usart.o)
                0x0800f424                USART_SendData
 .text.USART_ReceiveData
                0x0800f42c        0x8 lib/STM32F10x_StdPeriph_Driver/libstm32fw.a(stm32f10x_usart.o)
                0x0800f42c                USART_ReceiveData
 .text.USART_GetFlagStatus
                0x0800f434        0xc lib/STM32F10x_StdPeriph_Driver/libstm32fw.a(stm32f10x_usart.o)
                0x0800f434                USART_GetFlagStatus
 .text.USART_GetITStatus
                0x0800f440       0x3e lib/STM32F10x_StdPeriph_Driver/libstm32fw.a(stm32f10x_usart.o)
                0x0800f440                USART_GetITStatus
 .text.USART_ClearITPendingBit
                0x0800f47e        0xe lib/STM32F10x_StdPeriph_Driver/libstm32fw.a(stm32f10x_usart.o)
                0x0800f47e                USART_ClearITPendingBit
 .text.Standard_GetConfiguration
                0x0800f48c       0x24 lib/STM32_USB-FS-Device_Driver/libstm32usb.a(usb_core.o)
                0x0800f48c                Standard_GetConfiguration
 .text.Standard_GetInterface
                0x0800f4b0       0x24 lib/STM32_USB-FS-Device_Driver/libstm32usb.a(usb_core.o)
                0x0800f4b0                Standard_GetInterface
 .text.Standard_GetStatus
                0x0800f4d4       0x90 lib/STM32_USB-FS-Device_Driver/libstm32usb.a(usb_core.o)
                0x0800f4d4                Standard_GetStatus
 .text.DataStageIn
                0x0800f564       0xac lib/STM32_USB-FS-Device_Driver/libstm32usb.a(usb_core.o)
 .text.Standard_SetConfiguration
                0x0800f610       0x38 lib/STM32_USB-FS-Device_Driver/libstm32usb.a(usb_core.o)
                0x0800f610                Standard_SetConfiguration
 .text.Standard_SetInterface
                0x0800f648       0x48 lib/STM32_USB-FS-Device_Driver/libstm32usb.a(usb_core.o)
                0x0800f648                Standard_SetInterface
 .text.Standard_ClearFeature
                0x0800f690       0xd8 lib/STM32_USB-FS-Device_Driver/libstm32usb.a(usb_core.o)
                0x0800f690                Standard_ClearFeature
 .text.Standard_SetEndPointFeature
                0x0800f768       0x8c lib/STM32_USB-FS-Device_Driver/libstm32usb.a(usb_core.o)
                0x0800f768                Standard_SetEndPointFeature
 .text.Standard_SetDeviceFeature
                0x0800f7f4       0x24 lib/STM32_USB-FS-Device_Driver/libstm32usb.a(usb_core.o)
                0x0800f7f4                Standard_SetDeviceFeature
 .text.Standard_GetDescriptorData
                0x0800f818       0x1c lib/STM32_USB-FS-Device_Driver/libstm32usb.a(usb_core.o)
                0x0800f818                Standard_GetDescriptorData
 .text.Post0_Process
                0x0800f834       0x44 lib/STM32_USB-FS-Device_Driver/libstm32usb.a(usb_core.o)
                0x0800f834                Post0_Process
 .text.Setup0_Process
                0x0800f878      0x2dc lib/STM32_USB-FS-Device_Driver/libstm32usb.a(usb_core.o)
                0x0800f878                Setup0_Process
 .text.Out0_Process
                0x0800fb54       0xcc lib/STM32_USB-FS-Device_Driver/libstm32usb.a(usb_core.o)
                0x0800fb54                Out0_Process
 .text.SetDeviceAddress
                0x0800fc20       0x40 lib/STM32_USB-FS-Device_Driver/libstm32usb.a(usb_core.o)
                0x0800fc20                SetDeviceAddress
 .text.In0_Process
                0x0800fc60       0x5c lib/STM32_USB-FS-Device_Driver/libstm32usb.a(usb_core.o)
                0x0800fc60                In0_Process
 .text.NOP_Process
                0x0800fcbc        0x2 lib/STM32_USB-FS-Device_Driver/libstm32usb.a(usb_core.o)
                0x0800fcbc                NOP_Process
 *fill*         0x0800fcbe        0x2 
 .text.USB_Init
                0x0800fcc0       0x34 lib/STM32_USB-FS-Device_Driver/libstm32usb.a(usb_init.o)
                0x0800fcc0                USB_Init
 .text.CTR_LP   0x0800fcf4      0x170 lib/STM32_USB-FS-Device_Driver/libstm32usb.a(usb_int.o)
                0x0800fcf4                CTR_LP
 .text.CTR_HP   0x0800fe64       0x74 lib/STM32_USB-FS-Device_Driver/libstm32usb.a(usb_int.o)
                0x0800fe64                CTR_HP
 .text.UserToPMABufferCopy
                0x0800fed8       0x30 lib/STM32_USB-FS-Device_Driver/libstm32usb.a(usb_mem.o)
                0x0800fed8                UserToPMABufferCopy
 .text.PMAToUserBufferCopy
                0x0800ff08       0x24 lib/STM32_USB-FS-Device_Driver/libstm32usb.a(usb_mem.o)
                0x0800ff08                PMAToUserBufferCopy
 .text.SetBTABLE
                0x0800ff2c       0x10 lib/STM32_USB-FS-Device_Driver/libstm32usb.a(usb_regs.o)
                0x0800ff2c                SetBTABLE
 .text.SetEPType
                0x0800ff3c       0x1c lib/STM32_USB-FS-Device_Driver/libstm32usb.a(usb_regs.o)
                0x0800ff3c                SetEPType
 .text.SetEPTxStatus
                0x0800ff58       0x32 lib/STM32_USB-FS-Device_Driver/libstm32usb.a(usb_regs.o)
                0x0800ff58                SetEPTxStatus
 .text.SetEPRxStatus
                0x0800ff8a       0x32 lib/STM32_USB-FS-Device_Driver/libstm32usb.a(usb_regs.o)
                0x0800ff8a                SetEPRxStatus
 .text.SetEPRxValid
                0x0800ffbc       0x26 lib/STM32_USB-FS-Device_Driver/libstm32usb.a(usb_regs.o)
                0x0800ffbc                SetEPRxValid
 .text.Clear_Status_Out
                0x0800ffe2       0x20 lib/STM32_USB-FS-Device_Driver/libstm32usb.a(usb_regs.o)
                0x0800ffe2                Clear_Status_Out
 .text.ClearDTOG_RX
                0x08010002       0x26 lib/STM32_USB-FS-Device_Driver/libstm32usb.a(usb_regs.o)
                0x08010002                ClearDTOG_RX
 .text.ClearDTOG_TX
                0x08010028       0x26 lib/STM32_USB-FS-Device_Driver/libstm32usb.a(usb_regs.o)
                0x08010028                ClearDTOG_TX
 *fill*         0x0801004e        0x2 
 .text.SetEPTxAddr
                0x08010050       0x20 lib/STM32_USB-FS-Device_Driver/libstm32usb.a(usb_regs.o)
                0x08010050                SetEPTxAddr
 .text.SetEPRxAddr
                0x08010070       0x20 lib/STM32_USB-FS-Device_Driver/libstm32usb.a(usb_regs.o)
                0x08010070                SetEPRxAddr
 .text.GetEPTxAddr
                0x08010090       0x20 lib/STM32_USB-FS-Device_Driver/libstm32usb.a(usb_regs.o)
                0x08010090                GetEPTxAddr
 .text.GetEPRxAddr
                0x080100b0       0x20 lib/STM32_USB-FS-Device_Driver/libstm32usb.a(usb_regs.o)
                0x080100b0                GetEPRxAddr
 .text.SetEPTxCount
                0x080100d0       0x1c lib/STM32_USB-FS-Device_Driver/libstm32usb.a(usb_regs.o)
                0x080100d0                SetEPTxCount
 .text.SetEPRxCount
                0x080100ec       0x40 lib/STM32_USB-FS-Device_Driver/libstm32usb.a(usb_regs.o)
                0x080100ec                SetEPRxCount
 .text.GetEPRxCount
                0x0801012c       0x20 lib/STM32_USB-FS-Device_Driver/libstm32usb.a(usb_regs.o)
                0x0801012c                GetEPRxCount
 .text.ByteSwap
                0x0801014c        0xa lib/STM32_USB-FS-Device_Driver/libstm32usb.a(usb_regs.o)
                0x0801014c                ByteSwap
 *fill*         0x08010156        0x2 
 .text.USB_SIL_Init
                0x08010158       0x20 lib/STM32_USB-FS-Device_Driver/libstm32usb.a(usb_sil.o)
                0x08010158                USB_SIL_Init
 .text.USB_SIL_Write
                0x08010178       0x28 lib/STM32_USB-FS-Device_Driver/libstm32usb.a(usb_sil.o)
                0x08010178                USB_SIL_Write
 .text.USB_SIL_Read
                0x080101a0       0x24 lib/STM32_USB-FS-Device_Driver/libstm32usb.a(usb_sil.o)
                0x080101a0                USB_SIL_Read
 .text.memset   0x080101c4       0x9c /home/laurence/ARM-GCC/gcc-arm-none-eabi-5_3-2016q1/bin/../lib/gcc/arm-none-eabi/5.3.1/../../../../arm-none-eabi/lib/armv7-m/libg.a(lib_a-memset.o)
                0x080101c4                memset
 .text.srand    0x08010260       0x14 /home/laurence/ARM-GCC/gcc-arm-none-eabi-5_3-2016q1/bin/../lib/gcc/arm-none-eabi/5.3.1/../../../../arm-none-eabi/lib/armv7-m/libg.a(lib_a-rand.o)
                0x08010260                srand
 .text.rand     0x08010274       0x40 /home/laurence/ARM-GCC/gcc-arm-none-eabi-5_3-2016q1/bin/../lib/gcc/arm-none-eabi/5.3.1/../../../../arm-none-eabi/lib/armv7-m/libg.a(lib_a-rand.o)
                0x08010274                rand
 .text.roundf   0x080102b4       0x48 /home/laurence/ARM-GCC/gcc-arm-none-eabi-5_3-2016q1/bin/../lib/gcc/arm-none-eabi/5.3.1/../../../../arm-none-eabi/lib/armv7-m/libm.a(lib_a-sf_round.o)
                0x080102b4                roundf
 .text.sinf     0x080102fc       0x7c /home/laurence/ARM-GCC/gcc-arm-none-eabi-5_3-2016q1/bin/../lib/gcc/arm-none-eabi/5.3.1/../../../../arm-none-eabi/lib/armv7-m/libm.a(lib_a-sf_sin.o)
                0x080102fc                sinf
 .text.atan2    0x08010378        0x4 /home/laurence/ARM-GCC/gcc-arm-none-eabi-5_3-2016q1/bin/../lib/gcc/arm-none-eabi/5.3.1/../../../../arm-none-eabi/lib/armv7-m/libm.a(lib_a-w_atan2.o)
                0x08010378                atan2
 .text.acosf    0x0801037c       0xa4 /home/laurence/ARM-GCC/gcc-arm-none-eabi-5_3-2016q1/bin/../lib/gcc/arm-none-eabi/5.3.1/../../../../arm-none-eabi/lib/armv7-m/libm.a(lib_a-wf_acos.o)
                0x0801037c                acosf
 .text.atan2f   0x08010420        0x4 /home/laurence/ARM-GCC/gcc-arm-none-eabi-5_3-2016q1/bin/../lib/gcc/arm-none-eabi/5.3.1/../../../../arm-none-eabi/lib/armv7-m/libm.a(lib_a-wf_atan2.o)
                0x08010420                atan2f
 .text.sqrtf    0x08010424       0x9c /home/laurence/ARM-GCC/gcc-arm-none-eabi-5_3-2016q1/bin/../lib/gcc/arm-none-eabi/5.3.1/../../../../arm-none-eabi/lib/armv7-m/libm.a(lib_a-wf_sqrt.o)
                0x08010424                sqrtf
 .text.__ieee754_atan2
                0x080104c0      0x194 /home/laurence/ARM-GCC/gcc-arm-none-eabi-5_3-2016q1/bin/../lib/gcc/arm-none-eabi/5.3.1/../../../../arm-none-eabi/lib/armv7-m/libm.a(lib_a-e_atan2.o)
                0x080104c0                __ieee754_atan2
 .text.__ieee754_acosf
                0x08010654      0x2c8 /home/laurence/ARM-GCC/gcc-arm-none-eabi-5_3-2016q1/bin/../lib/gcc/arm-none-eabi/5.3.1/../../../../arm-none-eabi/lib/armv7-m/libm.a(lib_a-ef_acos.o)
                0x08010654                __ieee754_acosf
 .text.__ieee754_atan2f
                0x0801091c      0x124 /home/laurence/ARM-GCC/gcc-arm-none-eabi-5_3-2016q1/bin/../lib/gcc/arm-none-eabi/5.3.1/../../../../arm-none-eabi/lib/armv7-m/libm.a(lib_a-ef_atan2.o)
                0x0801091c                __ieee754_atan2f
 .text.__ieee754_rem_pio2f
                0x08010a40      0x2e4 /home/laurence/ARM-GCC/gcc-arm-none-eabi-5_3-2016q1/bin/../lib/gcc/arm-none-eabi/5.3.1/../../../../arm-none-eabi/lib/armv7-m/libm.a(lib_a-ef_rem_pio2.o)
                0x08010a40                __ieee754_rem_pio2f
 .text.__ieee754_sqrtf
                0x08010d24       0xa8 /home/laurence/ARM-GCC/gcc-arm-none-eabi-5_3-2016q1/bin/../lib/gcc/arm-none-eabi/5.3.1/../../../../arm-none-eabi/lib/armv7-m/libm.a(lib_a-ef_sqrt.o)
                0x08010d24                __ieee754_sqrtf
 .text.__kernel_cosf
                0x08010dcc      0x188 /home/laurence/ARM-GCC/gcc-arm-none-eabi-5_3-2016q1/bin/../lib/gcc/arm-none-eabi/5.3.1/../../../../arm-none-eabi/lib/armv7-m/libm.a(lib_a-kf_cos.o)
                0x08010dcc                __kernel_cosf
 .text.__kernel_rem_pio2f
                0x08010f54      0x6a8 /home/laurence/ARM-GCC/gcc-arm-none-eabi-5_3-2016q1/bin/../lib/gcc/arm-none-eabi/5.3.1/../../../../arm-none-eabi/lib/armv7-m/libm.a(lib_a-kf_rem_pio2.o)
                0x08010f54                __kernel_rem_pio2f
 .text.__kernel_sinf
                0x080115fc       0xec /home/laurence/ARM-GCC/gcc-arm-none-eabi-5_3-2016q1/bin/../lib/gcc/arm-none-eabi/5.3.1/../../../../arm-none-eabi/lib/armv7-m/libm.a(lib_a-kf_sin.o)
                0x080115fc                __kernel_sinf
 .text.atan     0x080116e8      0x33c /home/laurence/ARM-GCC/gcc-arm-none-eabi-5_3-2016q1/bin/../lib/gcc/arm-none-eabi/5.3.1/../../../../arm-none-eabi/lib/armv7-m/libm.a(lib_a-s_atan.o)
                0x080116e8                atan
 .text.fabs     0x08011a24        0x8 /home/laurence/ARM-GCC/gcc-arm-none-eabi-5_3-2016q1/bin/../lib/gcc/arm-none-eabi/5.3.1/../../../../arm-none-eabi/lib/armv7-m/libm.a(lib_a-s_fabs.o)
                0x08011a24                fabs
 .text.matherr  0x08011a2c        0x4 /home/laurence/ARM-GCC/gcc-arm-none-eabi-5_3-2016q1/bin/../lib/gcc/arm-none-eabi/5.3.1/../../../../arm-none-eabi/lib/armv7-m/libm.a(lib_a-s_matherr.o)
                0x08011a2c                matherr
 .text.nan      0x08011a30        0xc /home/laurence/ARM-GCC/gcc-arm-none-eabi-5_3-2016q1/bin/../lib/gcc/arm-none-eabi/5.3.1/../../../../arm-none-eabi/lib/armv7-m/libm.a(lib_a-s_nan.o)
                0x08011a30                nan
 .text.atanf    0x08011a3c      0x22c /home/laurence/ARM-GCC/gcc-arm-none-eabi-5_3-2016q1/bin/../lib/gcc/arm-none-eabi/5.3.1/../../../../arm-none-eabi/lib/armv7-m/libm.a(lib_a-sf_atan.o)
                0x08011a3c                atanf
 .text.fabsf    0x08011c68        0x8 /home/laurence/ARM-GCC/gcc-arm-none-eabi-5_3-2016q1/bin/../lib/gcc/arm-none-eabi/5.3.1/../../../../arm-none-eabi/lib/armv7-m/libm.a(lib_a-sf_fabs.o)
                0x08011c68                fabsf
 .text.floorf   0x08011c70       0x8c /home/laurence/ARM-GCC/gcc-arm-none-eabi-5_3-2016q1/bin/../lib/gcc/arm-none-eabi/5.3.1/../../../../arm-none-eabi/lib/armv7-m/libm.a(lib_a-sf_floor.o)
                0x08011c70                floorf
 .text.scalbnf  0x08011cfc       0xb0 /home/laurence/ARM-GCC/gcc-arm-none-eabi-5_3-2016q1/bin/../lib/gcc/arm-none-eabi/5.3.1/../../../../arm-none-eabi/lib/armv7-m/libm.a(lib_a-sf_scalbn.o)
                0x08011cfc                scalbnf
 .text.copysignf
                0x08011dac        0xc /home/laurence/ARM-GCC/gcc-arm-none-eabi-5_3-2016q1/bin/../lib/gcc/arm-none-eabi/5.3.1/../../../../arm-none-eabi/lib/armv7-m/libm.a(lib_a-sf_copysign.o)
                0x08011dac                copysignf
 .text.__errno  0x08011db8        0xc /home/laurence/ARM-GCC/gcc-arm-none-eabi-5_3-2016q1/bin/../lib/gcc/arm-none-eabi/5.3.1/../../../../arm-none-eabi/lib/armv7-m/libg.a(lib_a-errno.o)
                0x08011db8                __errno
 .text.malloc   0x08011dc4       0x10 /home/laurence/ARM-GCC/gcc-arm-none-eabi-5_3-2016q1/bin/../lib/gcc/arm-none-eabi/5.3.1/../../../../arm-none-eabi/lib/armv7-m/libg.a(lib_a-malloc.o)
                0x08011dc4                malloc
 .text._malloc_r
                0x08011dd4      0x558 /home/laurence/ARM-GCC/gcc-arm-none-eabi-5_3-2016q1/bin/../lib/gcc/arm-none-eabi/5.3.1/../../../../arm-none-eabi/lib/armv7-m/libg.a(lib_a-mallocr.o)
                0x08011dd4                _malloc_r
 .text.memcmp   0x0801232c       0x64 /home/laurence/ARM-GCC/gcc-arm-none-eabi-5_3-2016q1/bin/../lib/gcc/arm-none-eabi/5.3.1/../../../../arm-none-eabi/lib/armv7-m/libg.a(lib_a-memcmp.o)
                0x0801232c                memcmp
 .text.__malloc_lock
                0x08012390        0x4 /home/laurence/ARM-GCC/gcc-arm-none-eabi-5_3-2016q1/bin/../lib/gcc/arm-none-eabi/5.3.1/../../../../arm-none-eabi/lib/armv7-m/libg.a(lib_a-mlock.o)
                0x08012390                __malloc_lock
 .text.__malloc_unlock
                0x08012394        0x4 /home/laurence/ARM-GCC/gcc-arm-none-eabi-5_3-2016q1/bin/../lib/gcc/arm-none-eabi/5.3.1/../../../../arm-none-eabi/lib/armv7-m/libg.a(lib_a-mlock.o)
                0x08012394                __malloc_unlock
 .text._sbrk_r  0x08012398       0x24 /home/laurence/ARM-GCC/gcc-arm-none-eabi-5_3-2016q1/bin/../lib/gcc/arm-none-eabi/5.3.1/../../../../arm-none-eabi/lib/armv7-m/libg.a(lib_a-sbrkr.o)
                0x08012398                _sbrk_r
 .text.strlen   0x080123bc       0x5c /home/laurence/ARM-GCC/gcc-arm-none-eabi-5_3-2016q1/bin/../lib/gcc/arm-none-eabi/5.3.1/../../../../arm-none-eabi/lib/armv7-m/libg.a(lib_a-strlen-stub.o)
                0x080123bc                strlen
 .text._malloc_trim_r
                0x08012418       0x9c /home/laurence/ARM-GCC/gcc-arm-none-eabi-5_3-2016q1/bin/../lib/gcc/arm-none-eabi/5.3.1/../../../../arm-none-eabi/lib/armv7-m/libg.a(lib_a-freer.o)
                0x08012418                _malloc_trim_r
 .text._free_r  0x080124b4      0x1d0 /home/laurence/ARM-GCC/gcc-arm-none-eabi-5_3-2016q1/bin/../lib/gcc/arm-none-eabi/5.3.1/../../../../arm-none-eabi/lib/armv7-m/libg.a(lib_a-freer.o)
                0x080124b4                _free_r
 .text._sbrk    0x08012684       0x1c /home/laurence/ARM-GCC/gcc-arm-none-eabi-5_3-2016q1/bin/../lib/gcc/arm-none-eabi/5.3.1/../../../../arm-none-eabi/lib/armv7-m/libnosys.a(sbrk.o)
                0x08012684                _sbrk
 *(.rodata)
 .rodata        0x080126a0       0xb8 /tmp/cc6m1S0r.ltrans0.ltrans.o
                0x08012748                DaysInMonth.lto_priv.97
                0x08012754                SystemFrequency
 .rodata        0x08012758      0x180 /tmp/cc6m1S0r.ltrans3.ltrans.o
 .rodata        0x080128d8      0x3d0 /tmp/cc6m1S0r.ltrans5.ltrans.o
                0x080128d8                LfnOfs.lto_priv.101
 .rodata        0x08012ca8       0xac /tmp/cc6m1S0r.ltrans15.ltrans.o
 *(.rodata*)
 .rodata.str1.4
                0x08012d54      0x3fe /tmp/cc6m1S0r.ltrans0.ltrans.o
                                0x40e (size before relaxing)
 *fill*         0x08013152        0x2 
 .rodata.str1.4
                0x08013154       0x13 /tmp/cc6m1S0r.ltrans3.ltrans.o
 *fill*         0x08013167        0x1 
 .rodata.str1.4
                0x08013168        0x6 /tmp/cc6m1S0r.ltrans6.ltrans.o
 *fill*         0x0801316e        0x2 
 .rodata.str1.4
                0x08013170        0x9 /tmp/cc6m1S0r.ltrans9.ltrans.o
 *fill*         0x08013179        0x3 
 .rodata.str1.4
                0x0801317c        0x2 /home/laurence/ARM-GCC/gcc-arm-none-eabi-5_3-2016q1/bin/../lib/gcc/arm-none-eabi/5.3.1/../../../../arm-none-eabi/lib/armv7-m/libg.a(lib_a-impure.o)
 *fill*         0x0801317e        0x2 
 .rodata.str1.4
                0x08013180        0x6 /home/laurence/ARM-GCC/gcc-arm-none-eabi-5_3-2016q1/bin/../lib/gcc/arm-none-eabi/5.3.1/../../../../arm-none-eabi/lib/armv7-m/libm.a(lib_a-wf_acos.o)
                                  0x9 (size before relaxing)
 *fill*         0x08013186        0x2 
 .rodata.str1.4
                0x08013188        0x8 /home/laurence/ARM-GCC/gcc-arm-none-eabi-5_3-2016q1/bin/../lib/gcc/arm-none-eabi/5.3.1/../../../../arm-none-eabi/lib/armv7-m/libm.a(lib_a-wf_sqrt.o)
                                  0x6 (size before relaxing)
 .rodata.npio2_hw
                0x08013190       0x80 /home/laurence/ARM-GCC/gcc-arm-none-eabi-5_3-2016q1/bin/../lib/gcc/arm-none-eabi/5.3.1/../../../../arm-none-eabi/lib/armv7-m/libm.a(lib_a-ef_rem_pio2.o)
 .rodata.two_over_pi
                0x08013210      0x318 /home/laurence/ARM-GCC/gcc-arm-none-eabi-5_3-2016q1/bin/../lib/gcc/arm-none-eabi/5.3.1/../../../../arm-none-eabi/lib/armv7-m/libm.a(lib_a-ef_rem_pio2.o)
 .rodata.init_jk
                0x08013528        0xc /home/laurence/ARM-GCC/gcc-arm-none-eabi-5_3-2016q1/bin/../lib/gcc/arm-none-eabi/5.3.1/../../../../arm-none-eabi/lib/armv7-m/libm.a(lib_a-kf_rem_pio2.o)
 .rodata.PIo2   0x08013534       0x2c /home/laurence/ARM-GCC/gcc-arm-none-eabi-5_3-2016q1/bin/../lib/gcc/arm-none-eabi/5.3.1/../../../../arm-none-eabi/lib/armv7-m/libm.a(lib_a-kf_rem_pio2.o)
 .rodata.atanlo
                0x08013560       0x20 /home/laurence/ARM-GCC/gcc-arm-none-eabi-5_3-2016q1/bin/../lib/gcc/arm-none-eabi/5.3.1/../../../../arm-none-eabi/lib/armv7-m/libm.a(lib_a-s_atan.o)
 .rodata.atanhi
                0x08013580       0x20 /home/laurence/ARM-GCC/gcc-arm-none-eabi-5_3-2016q1/bin/../lib/gcc/arm-none-eabi/5.3.1/../../../../arm-none-eabi/lib/armv7-m/libm.a(lib_a-s_atan.o)
 .rodata.atanlo
                0x080135a0       0x10 /home/laurence/ARM-GCC/gcc-arm-none-eabi-5_3-2016q1/bin/../lib/gcc/arm-none-eabi/5.3.1/../../../../arm-none-eabi/lib/armv7-m/libm.a(lib_a-sf_atan.o)
 .rodata.atanhi
                0x080135b0       0x10 /home/laurence/ARM-GCC/gcc-arm-none-eabi-5_3-2016q1/bin/../lib/gcc/arm-none-eabi/5.3.1/../../../../arm-none-eabi/lib/armv7-m/libm.a(lib_a-sf_atan.o)
 *(.glue_7)
 .glue_7        0x080135c0        0x0 linker stubs
 *(.glue_7t)
 .glue_7t       0x080135c0        0x0 linker stubs
 *(.init)
 .init          0x080135c0        0x4 /home/laurence/ARM-GCC/gcc-arm-none-eabi-5_3-2016q1/bin/../lib/gcc/arm-none-eabi/5.3.1/armv7-m/crti.o
                0x080135c0                _init
 .init          0x080135c4        0x8 /home/laurence/ARM-GCC/gcc-arm-none-eabi-5_3-2016q1/bin/../lib/gcc/arm-none-eabi/5.3.1/armv7-m/crtn.o
 *(.fini)
 .fini          0x080135cc        0x4 /home/laurence/ARM-GCC/gcc-arm-none-eabi-5_3-2016q1/bin/../lib/gcc/arm-none-eabi/5.3.1/armv7-m/crti.o
                0x080135cc                _fini
 .fini          0x080135d0        0x8 /home/laurence/ARM-GCC/gcc-arm-none-eabi-5_3-2016q1/bin/../lib/gcc/arm-none-eabi/5.3.1/armv7-m/crtn.o
                0x080135d8                . = ALIGN (0x4)
                0x080135d8                _etext = .
                0x080135d8                _sidata = _etext

.vfp11_veneer   0x080135d8        0x0
 .vfp11_veneer  0x080135d8        0x0 linker stubs

.v4_bx          0x080135d8        0x0
 .v4_bx         0x080135d8        0x0 linker stubs

.iplt           0x080135d8        0x0
 .iplt          0x080135d8        0x0 /home/laurence/ARM-GCC/gcc-arm-none-eabi-5_3-2016q1/bin/../lib/gcc/arm-none-eabi/5.3.1/armv7-m/crtbegin.o

.rel.dyn        0x080135d8        0x0
 .rel.iplt      0x080135d8        0x0 /home/laurence/ARM-GCC/gcc-arm-none-eabi-5_3-2016q1/bin/../lib/gcc/arm-none-eabi/5.3.1/armv7-m/crtbegin.o

.flashpatch     0x00000000        0x0
                0x00000000                . = ALIGN (0x4)
 *(.flashpatch)
                0x00000000                . = ALIGN (0x4)

.endflash       0x00000000        0x0
                0x00000000                . = ALIGN (0x4)
 *(.endflash)
                0x00000000                . = ALIGN (0x4)
                0x00000000                _e_endflash = .

.data           0x20000000      0xa38 load address 0x080135d8
                0x20000000                . = ALIGN (0x4)
                0x20000000                _sdata = .
                0x20000000                _data = .
 *(.data)
 .data          0x20000000        0x9 /tmp/cc6m1S0r.ltrans0.ltrans.o
                0x20000008                SP1ML_network_address
 *fill*         0x20000009        0x3 
 .data          0x2000000c       0x7c /tmp/cc6m1S0r.ltrans1.ltrans.o
                0x2000006c                pEpInt_OUT
 .data          0x20000088        0x3 /tmp/cc6m1S0r.ltrans2.ltrans.o
                0x20000088                RLD_replaced.lto_priv.86
 *fill*         0x2000008b        0x1 
 .data          0x2000008c       0x12 /tmp/cc6m1S0r.ltrans4.ltrans.o
                0x2000008c                Scsi_Sense_Data
 *fill*         0x2000009e        0x2 
 .data          0x200000a0        0x2 /tmp/cc6m1S0r.ltrans8.ltrans.o
 *fill*         0x200000a2        0x2 
 .data          0x200000a4       0x24 /tmp/cc6m1S0r.ltrans9.ltrans.o
 .data          0x200000c8        0x1 /tmp/cc6m1S0r.ltrans10.ltrans.o
                0x200000c8                rtc_correction
 *fill*         0x200000c9        0x3 
 .data          0x200000cc       0x7d /tmp/cc6m1S0r.ltrans12.ltrans.o
                0x200000cc                Device_Property
                0x20000100                I2C_jobs
 .data          0x20000149        0x1 /tmp/cc6m1S0r.ltrans14.ltrans.o
                0x20000149                Stat.lto_priv.67
 *fill*         0x2000014a        0x2 
 .data          0x2000014c       0x78 /tmp/cc6m1S0r.ltrans15.ltrans.o
                0x200001a0                User_Standard_Requests
 .data          0x200001c4       0x20 /tmp/cc6m1S0r.ltrans16.ltrans.o
                0x200001c4                Device_Table
                0x200001c8                pEpInt_IN
 *(.data.*)
 .data.ADCPrescTable
                0x200001e4        0x4 lib/STM32F10x_StdPeriph_Driver/libstm32fw.a(stm32f10x_rcc.o)
 .data.APBAHBPrescTable
                0x200001e8       0x10 lib/STM32F10x_StdPeriph_Driver/libstm32fw.a(stm32f10x_rcc.o)
 .data.impure_data
                0x200001f8      0x428 /home/laurence/ARM-GCC/gcc-arm-none-eabi-5_3-2016q1/bin/../lib/gcc/arm-none-eabi/5.3.1/../../../../arm-none-eabi/lib/armv7-m/libg.a(lib_a-impure.o)
 .data._impure_ptr
                0x20000620        0x4 /home/laurence/ARM-GCC/gcc-arm-none-eabi-5_3-2016q1/bin/../lib/gcc/arm-none-eabi/5.3.1/../../../../arm-none-eabi/lib/armv7-m/libg.a(lib_a-impure.o)
                0x20000620                _impure_ptr
 .data.__fdlib_version
                0x20000624        0x1 /home/laurence/ARM-GCC/gcc-arm-none-eabi-5_3-2016q1/bin/../lib/gcc/arm-none-eabi/5.3.1/../../../../arm-none-eabi/lib/armv7-m/libm.a(lib_a-s_lib_ver.o)
                0x20000624                __fdlib_version
 *fill*         0x20000625        0x3 
 .data.__malloc_av_
                0x20000628      0x408 /home/laurence/ARM-GCC/gcc-arm-none-eabi-5_3-2016q1/bin/../lib/gcc/arm-none-eabi/5.3.1/../../../../arm-none-eabi/lib/armv7-m/libg.a(lib_a-mallocr.o)
                0x20000628                __malloc_av_
 .data.__malloc_trim_threshold
                0x20000a30        0x4 /home/laurence/ARM-GCC/gcc-arm-none-eabi-5_3-2016q1/bin/../lib/gcc/arm-none-eabi/5.3.1/../../../../arm-none-eabi/lib/armv7-m/libg.a(lib_a-mallocr.o)
                0x20000a30                __malloc_trim_threshold
 .data.__malloc_sbrk_base
                0x20000a34        0x4 /home/laurence/ARM-GCC/gcc-arm-none-eabi-5_3-2016q1/bin/../lib/gcc/arm-none-eabi/5.3.1/../../../../arm-none-eabi/lib/armv7-m/libg.a(lib_a-mallocr.o)
                0x20000a34                __malloc_sbrk_base
 *(.RAMtext)
                0x20000a38                . = ALIGN (0x4)
                0x20000a38                _edata = .
                0x08014010                _eidata = (_sidata + (_edata - _sdata))
                0x08020000                _lastdataromaddress = (ORIGIN (FLASH) + LENGTH (FLASH))
                0x00000000                toobig = (_eidata > _lastdataromaddress)?!!!!!!!!! FLASH IS FULL !!!!!!!!!:0x0

.igot.plt       0x20000a38        0x0 load address 0x08014010
 .igot.plt      0x20000a38        0x0 /home/laurence/ARM-GCC/gcc-arm-none-eabi-5_3-2016q1/bin/../lib/gcc/arm-none-eabi/5.3.1/armv7-m/crtbegin.o

.bss            0x20000a38     0x13e0 load address 0x08014010
                0x20000a38                . = ALIGN (0x4)
                0x20000a38                _sbss = .
                0x20000a38                _bss = .
 *(.bss)
 .bss           0x20000a38      0x708 /tmp/cc6m1S0r.ltrans0.ltrans.o
                0x20000e60                bootsource
                0x20000e68                rputchar.lto_priv.94
                0x20000e6c                Status
                0x20000e70                Data_Buffer
                0x20000e74                bDeviceState
                0x20000e78                Battery_Voltage
                0x20000e7c                Jobs
                0x20000eb8                file_opened
                0x20000ebc                PI_glob
                0x20000ed4                I_limits
                0x20000ee0                flashCodeEnabled
                0x20000eec                GPS_telem
                0x20000efc                flashCode
                0x20000f01                SP1ML_state
                0x20000f05                System_state_Global
                0x20000f06                Shutdown_System
                0x2000113c                FatFs.lto_priv.99
 .bss           0x20001140       0x18 /tmp/cc6m1S0r.ltrans1.ltrans.o
                0x20001148                SCSI_LBA
                0x2000114c                SCSI_BlkLen
 .bss           0x20001158      0x339 /tmp/cc6m1S0r.ltrans2.ltrans.o
                0x20001158                Usart1_tx_buff
                0x20001294                rld_sense.lto_priv.88
                0x2000129a                rld_replace_counter.lto_priv.87
                0x2000129c                Completed_Jobs
                0x200012a0                IMU_buff
                0x20001340                LSM9DS1_Gyro_Buffer
                0x2000134c                LSM9DS1_Acc_Buffer
                0x20001354                LSM9DS1_Mag_Buffer
                0x20001364                I2C1error
                0x20001366                I2C_failure
                0x20001428                Filtered_ECG
                0x2000143c                SP1ML_tx_rx_state
                0x20001448                SP1ML_tx_sequence_number
                0x2000144c                Usart3_rx_buff
                0x2000145c                RN42_tx_sequence_number
                0x20001460                Usart1_rx_buff
                0x2000147c                Usart3_tx_buff
                0x2000148c                SP1ML_tx_bytes
                0x20001490                SP1ML_withold
 *fill*         0x20001491        0x1 
 .bss           0x20001492        0x2 /tmp/cc6m1S0r.ltrans3.ltrans.o
 .bss           0x20001494       0x88 /tmp/cc6m1S0r.ltrans4.ltrans.o
                0x20001494                CBW
                0x200014b4                Mass_Block_Count
                0x200014bc                Mass_Block_Size
                0x200014c4                Data_Len
                0x200014cc                TransferState
                0x200014dc                Bulk_Data_Buff
 .bss           0x2000151c       0x80 /tmp/cc6m1S0r.ltrans6.ltrans.o
 .bss           0x2000159c        0xc /tmp/cc6m1S0r.ltrans9.ltrans.o
 .bss           0x200015a8      0x32c /tmp/cc6m1S0r.ltrans10.ltrans.o
                0x200015a8                FATFS_wavfile
                0x200017cc                LSM9DS1_Mag_Offset
                0x200017d4                Gps_Buffer
                0x200017e0                wct.lto_priv.70
                0x200017e2                channel_wct_conf.lto_priv.69
                0x200017e3                ADS1298_Error_Status
                0x200017e4                Enable.lto_priv.72
                0x200017e8                ECG_buffers
                0x20001868                Gain.lto_priv.78
                0x20001869                Actual_gain.lto_priv.75
                0x2000186a                Cap.lto_priv.74
                0x2000186b                quality_mask.lto_priv.71
                0x2000186c                qualityfilter.lto_priv.73
                0x2000188c                old_wct.lto_priv.77
                0x20001890                Millis
                0x20001894                old_quality_mask.lto_priv.76
                0x200018a0                Gps
                0x200018d3                read_transaction.lto_priv.68
 .bss           0x200018d4        0x4 /tmp/cc6m1S0r.ltrans11.ltrans.o
 .bss           0x200018d8       0x15 /tmp/cc6m1S0r.ltrans12.ltrans.o
                0x200018d8                wIstr
                0x200018dc                Timer1.lto_priv.96
 *fill*         0x200018ed        0x3 
 .bss           0x200018f0      0x44d /tmp/cc6m1S0r.ltrans13.ltrans.o
                0x200018f4                FATFS_wavfile_gps
                0x20001b18                FATFS_wavfile_imu
                0x20001d3c                CurrVol.lto_priv.98
 *fill*         0x20001d3d        0x3 
 .bss           0x20001d40       0x40 /tmp/cc6m1S0r.ltrans14.ltrans.o
                0x20001d40                CardType.lto_priv.95
                0x20001d41                Sd_Spi_Called_From_USB_MSC
                0x20001d44                CSW