Archive member included because of file (symbol)

lib/STM32F10x_StdPeriph_Driver/libstm32fw.a(misc.o)
                              interrupts.o (symbol from plugin) (NVIC_PriorityGroupConfig)
lib/STM32F10x_StdPeriph_Driver/libstm32fw.a(stm32f10x_adc.o)
                              adc.o (symbol from plugin) (ADC_DeInit)
lib/STM32F10x_StdPeriph_Driver/libstm32fw.a(stm32f10x_bkp.o)
                              Util/fat_fs/src/rtc.o (symbol from plugin) (BKP_DeInit)
lib/STM32F10x_StdPeriph_Driver/libstm32fw.a(stm32f10x_dbgmcu.o)
                              main.o (symbol from plugin) (DBGMCU_Config)
lib/STM32F10x_StdPeriph_Driver/libstm32fw.a(stm32f10x_dma.o)
                              Util/fat_fs/src/sd_spi_stm32.o (symbol from plugin) (DMA_DeInit)
lib/STM32F10x_StdPeriph_Driver/libstm32fw.a(stm32f10x_exti.o)
                              interrupts.o (symbol from plugin) (EXTI_DeInit)
lib/STM32F10x_StdPeriph_Driver/libstm32fw.a(stm32f10x_gpio.o)
                              Util/fat_fs/src/sd_spi_stm32.o (symbol from plugin) (GPIO_Init)
lib/STM32F10x_StdPeriph_Driver/libstm32fw.a(stm32f10x_i2c.o)
                              i2c_int.o (symbol from plugin) (I2C_DeInit)
lib/STM32F10x_StdPeriph_Driver/libstm32fw.a(stm32f10x_iwdg.o)
                              watchdog.o (symbol from plugin) (IWDG_WriteAccessCmd)
lib/STM32F10x_StdPeriph_Driver/libstm32fw.a(stm32f10x_pwr.o)
                              pwr.o (symbol from plugin) (PWR_DeInit)
lib/STM32F10x_StdPeriph_Driver/libstm32fw.a(stm32f10x_rcc.o)
                              interrupts.o (symbol from plugin) (RCC_HCLKConfig)
lib/STM32F10x_StdPeriph_Driver/libstm32fw.a(stm32f10x_rtc.o)
                              Util/fat_fs/src/rtc.o (symbol from plugin) (RTC_GetCounter)
lib/STM32F10x_StdPeriph_Driver/libstm32fw.a(stm32f10x_spi.o)
                              Util/fat_fs/src/sd_spi_stm32.o (symbol from plugin) (SPI_I2S_DeInit)
lib/STM32F10x_StdPeriph_Driver/libstm32fw.a(stm32f10x_tim.o)
                              timer.o (symbol from plugin) (TIM_DeInit)
lib/STM32F10x_StdPeriph_Driver/libstm32fw.a(stm32f10x_usart.o)
                              Util/rn42_command.o (symbol from plugin) (USART_DeInit)
lib/STM32_USB-FS-Device_Driver/libstm32usb.a(usb_core.o)
                              Util/USB/usb_prop.o (symbol from plugin) (Standard_GetDescriptorData)
lib/STM32_USB-FS-Device_Driver/libstm32usb.a(usb_init.o)
                              main.o (symbol from plugin) (USB_Init)
lib/STM32_USB-FS-Device_Driver/libstm32usb.a(usb_int.o)
                              Util/USB/usb_istr.o (symbol from plugin) (CTR_LP)
lib/STM32_USB-FS-Device_Driver/libstm32usb.a(usb_mem.o)
                              lib/STM32_USB-FS-Device_Driver/libstm32usb.a(usb_core.o) (UserToPMABufferCopy)
lib/STM32_USB-FS-Device_Driver/libstm32usb.a(usb_regs.o)
                              Util/USB/usb_prop.o (symbol from plugin) (SetBTABLE)
lib/STM32_USB-FS-Device_Driver/libstm32usb.a(usb_sil.o)
                              Util/USB/usb_prop.o (symbol from plugin) (USB_SIL_Init)
/home/laurence/ARM-GCC/bin/../lib/gcc/arm-none-eabi/4.7.4/../../../../arm-none-eabi/lib/armv7-m/libc.a(lib_a-__atexit.o)
                              /home/laurence/ARM-GCC/bin/../lib/gcc/arm-none-eabi/4.7.4/../../../../arm-none-eabi/lib/armv7-m/crt0.o (__register_exitproc)
/home/laurence/ARM-GCC/bin/../lib/gcc/arm-none-eabi/4.7.4/../../../../arm-none-eabi/lib/armv7-m/libc.a(lib_a-exit.o)
                              /home/laurence/ARM-GCC/bin/../lib/gcc/arm-none-eabi/4.7.4/../../../../arm-none-eabi/lib/armv7-m/crt0.o (exit)
/home/laurence/ARM-GCC/bin/../lib/gcc/arm-none-eabi/4.7.4/../../../../arm-none-eabi/lib/armv7-m/libc.a(lib_a-fini.o)
                              /home/laurence/ARM-GCC/bin/../lib/gcc/arm-none-eabi/4.7.4/../../../../arm-none-eabi/lib/armv7-m/crt0.o (__libc_fini_array)
/home/laurence/ARM-GCC/bin/../lib/gcc/arm-none-eabi/4.7.4/../../../../arm-none-eabi/lib/armv7-m/libc.a(lib_a-impure.o)
                              /home/laurence/ARM-GCC/bin/../lib/gcc/arm-none-eabi/4.7.4/../../../../arm-none-eabi/lib/armv7-m/libc.a(lib_a-__atexit.o) (_global_impure_ptr)
/home/laurence/ARM-GCC/bin/../lib/gcc/arm-none-eabi/4.7.4/../../../../arm-none-eabi/lib/armv7-m/libc.a(lib_a-init.o)
                              /home/laurence/ARM-GCC/bin/../lib/gcc/arm-none-eabi/4.7.4/../../../../arm-none-eabi/lib/armv7-m/crt0.o (__libc_init_array)
/home/laurence/ARM-GCC/bin/../lib/gcc/arm-none-eabi/4.7.4/../../../../arm-none-eabi/lib/armv7-m/libc.a(lib_a-memset.o)
                              /home/laurence/ARM-GCC/bin/../lib/gcc/arm-none-eabi/4.7.4/../../../../arm-none-eabi/lib/armv7-m/crt0.o (memset)
/home/laurence/ARM-GCC/bin/../lib/gcc/arm-none-eabi/4.7.4/../../../../arm-none-eabi/lib/armv7-m/libc.a(lib_a-rand.o)
                              Util/sp1ml_command.o (symbol from plugin) (srand)
[...]
Memory Configuration

Name             Origin             Length             Attributes
RAM              0x20000000         0x00005000         xrw
FLASH            0x08000000         0x00020000         xr
FLASHB1          0x00000000         0x00000000         xr
EXTMEMB0         0x00000000         0x00000000         xr
EXTMEMB1         0x00000000         0x00000000         xr
EXTMEMB2         0x00000000         0x00000000         xr
EXTMEMB3         0x00000000         0x00000000         xr
STARTFLASH       0x00000000         0xffffffff
CRPPATCH         0x00000000         0xffffffff
FLASHPATCH       0x00000000         0xffffffff
ENDFLASH         0x00000000         0xffffffff
*default*        0x00000000         0xffffffff

Linker script and memory map

LOAD /home/laurence/ARM-GCC/bin/../lib/gcc/arm-none-eabi/4.7.4/armv7-m/crti.o
LOAD /home/laurence/ARM-GCC/bin/../lib/gcc/arm-none-eabi/4.7.4/armv7-m/crtbegin.o
LOAD /home/laurence/ARM-GCC/bin/../lib/gcc/arm-none-eabi/4.7.4/../../../../arm-none-eabi/lib/armv7-m/crt0.o
LOAD Util/USB/hw_config.o
LOAD /tmp/cclanrH0.ltrans0.ltrans.o
LOAD /tmp/cclanrH0.ltrans1.ltrans.o
LOAD /tmp/cclanrH0.ltrans2.ltrans.o
LOAD /tmp/cclanrH0.ltrans3.ltrans.o
LOAD /tmp/cclanrH0.ltrans4.ltrans.o
LOAD /tmp/cclanrH0.ltrans5.ltrans.o
LOAD /tmp/cclanrH0.ltrans6.ltrans.o
LOAD /tmp/cclanrH0.ltrans7.ltrans.o
LOAD /tmp/cclanrH0.ltrans8.ltrans.o
LOAD /tmp/cclanrH0.ltrans9.ltrans.o
LOAD /tmp/cclanrH0.ltrans10.ltrans.o
LOAD /home/laurence/ARM-GCC/bin/../lib/gcc/arm-none-eabi/4.7.4/armv7-m/libgcc.a
LOAD /home/laurence/ARM-GCC/bin/../lib/gcc/arm-none-eabi/4.7.4/../../../../arm-none-eabi/lib/armv7-m/libc.a
LOAD Util/USB/mass_mal.o
LOAD Util/USB/memory.o
LOAD Util/USB/scsi_data.o
LOAD Util/USB/usb_bot.o
LOAD Util/USB/usb_desc.o
LOAD Util/USB/usb_endp.o
LOAD Util/USB/usb_istr.o
LOAD Util/USB/usb_prop.o
LOAD Util/USB/usb_pwr.o
LOAD Util/USB/usb_scsi.o
LOAD Util/buffer.o
LOAD Util/data_alignment.o
LOAD Util/dcm_attitude.o
LOAD Util/delay.o
LOAD Util/fat_fs/option/ccsbcs.o
LOAD Util/fat_fs/src/fattime.o
LOAD Util/fat_fs/src/ff.o
LOAD Util/fat_fs/src/rtc.o
LOAD Util/fat_fs/src/sd_spi_stm32.o
LOAD Util/filter.o
LOAD Util/load_setting.o
LOAD Util/rn42_command.o
LOAD Util/rn42_conf.o
LOAD Util/rprintf.o
LOAD Util/rtc_correct.o
LOAD Util/sp1ml_command.o
LOAD Util/wave.o
LOAD adc.o
LOAD bootload.o
LOAD dma.o
LOAD gpio.o
LOAD i2c_int.o
LOAD interrupts.o
LOAD lib/CMSIS_CM3/core_cm3.o
LOAD lib/CMSIS_CM3/startup/gcc/startup_stm32f10x_md.o
LOAD lib/CMSIS_CM3/system_stm32f10x.o
LOAD main.o
LOAD pwr.o
LOAD timer.o
LOAD usart.o
LOAD watchdog.o
LOAD Sensors/ads1298.o
LOAD Sensors/lsm9ds1.o
LOAD Sensors/ubx.o
LOAD lib/STM32F10x_StdPeriph_Driver/libstm32fw.a
LOAD lib/STM32_USB-FS-Device_Driver/libstm32usb.a
LOAD /home/laurence/ARM-GCC/bin/../lib/gcc/arm-none-eabi/4.7.4/../../../../arm-none-eabi/lib/armv7-m/libm.a
LOAD /home/laurence/ARM-GCC/bin/../lib/gcc/arm-none-eabi/4.7.4/../../../../arm-none-eabi/lib/armv7-m/libnosys.a
START GROUP
LOAD /home/laurence/ARM-GCC/bin/../lib/gcc/arm-none-eabi/4.7.4/armv7-m/libgcc.a
LOAD /home/laurence/ARM-GCC/bin/../lib/gcc/arm-none-eabi/4.7.4/../../../../arm-none-eabi/lib/armv7-m/libc.a
END GROUP
LOAD /home/laurence/ARM-GCC/bin/../lib/gcc/arm-none-eabi/4.7.4/armv7-m/crtend.o
LOAD /home/laurence/ARM-GCC/bin/../lib/gcc/arm-none-eabi/4.7.4/armv7-m/crtn.o
                0x00002000                __Stack_Size = 0x2000
                0x00002000                PROVIDE (_Stack_Size, __Stack_Size)
                0x20003000                __Stack_Init = (_estack - __Stack_Size)
                0x20003000                PROVIDE (_Stack_Init, __Stack_Init)
                0x00002000                _Minimum_Stack_Size = 0x2000
                0x00000000                PROVIDE (Undefined_Handler, 0x0)
                0x00000000                PROVIDE (SWI_Handler, 0x0)
                0x00000000                PROVIDE (IRQ_Handler, 0x0)
                0x00000000                PROVIDE (Prefetch_Handler, 0x0)
                0x00000000                PROVIDE (Abort_Handler, 0x0)
                0x00000000                PROVIDE (FIQ_Handler, 0x0)
                0x00000000                PROVIDE (NMIException, 0x0)
                0x00000000                PROVIDE (NMI_Handler, 0x0)
                0x00000000                PROVIDE (HardFaultException, 0x0)
                0x00000000                PROVIDE (HardFault_Handler, 0x0)
                0x00000000                PROVIDE (MemManageException, 0x0)
                0x00000000                PROVIDE (MemManage_Handler, 0x0)
                0x00000000                PROVIDE (BusFaultException, 0x0)
                0x00000000                PROVIDE (BusFault_Handler, 0x0)
                0x00000000                PROVIDE (UsageFaultException, 0x0)
                0x00000000                PROVIDE (UsageFault_Handler, 0x0)
                0x00000000                PROVIDE (SVCHandler, 0x0)
                0x00000000                PROVIDE (SVC_Handler, 0x0)
                0x00000000                PROVIDE (DebugMonitor, 0x0)
                0x00000000                PROVIDE (DebugMon_Handler, 0x0)
                0x00000000                PROVIDE (PendSVC, 0x0)
                0x00000000                PROVIDE (PendSV_Handler, 0x0)
                0x00000000                PROVIDE (SysTickHandler, 0x0)
                0x00000000                PROVIDE (SysTick_Handler, 0x0)
                0x00000000                PROVIDE (WWDG_IRQHandler, 0x0)
                0x00000000                PROVIDE (PVD_IRQHandler, 0x0)
                0x00000000                PROVIDE (TAMPER_IRQHandler, 0x0)
                0x00000000                PROVIDE (RTC_IRQHandler, 0x0)
                0x00000000                PROVIDE (FLASH_IRQHandler, 0x0)
                0x00000000                PROVIDE (RCC_IRQHandler, 0x0)
                0x00000000                PROVIDE (EXTI0_IRQHandler, 0x0)
                0x00000000                PROVIDE (EXTI1_IRQHandler, 0x0)
                0x00000000                PROVIDE (EXTI2_IRQHandler, 0x0)
                0x00000000                PROVIDE (EXTI3_IRQHandler, 0x0)
                0x00000000                PROVIDE (EXTI4_IRQHandler, 0x0)
                0x00000000                PROVIDE (DMAChannel1_IRQHandler, 0x0)
                0x00000000                PROVIDE (DMAChannel2_IRQHandler, 0x0)
                0x00000000                PROVIDE (DMAChannel3_IRQHandler, 0x0)
                0x00000000                PROVIDE (DMAChannel4_IRQHandler, 0x0)
                0x00000000                PROVIDE (DMAChannel5_IRQHandler, 0x0)
                0x00000000                PROVIDE (DMAChannel6_IRQHandler, 0x0)
                0x00000000                PROVIDE (DMAChannel7_IRQHandler, 0x0)
                0x00000000                PROVIDE (DMA1_Channel1_IRQHandler, 0x0)
                0x00000000                PROVIDE (DMA1_Channel2_IRQHandler, 0x0)
                0x00000000                PROVIDE (DMA1_Channel3_IRQHandler, 0x0)
                0x00000000                PROVIDE (DMA1_Channel4_IRQHandler, 0x0)
                0x00000000                PROVIDE (DMA1_Channel5_IRQHandler, 0x0)
                0x00000000                PROVIDE (DMA1_Channel6_IRQHandler, 0x0)
                0x00000000                PROVIDE (DMA1_Channel7_IRQHandler, 0x0)
                0x00000000                PROVIDE (ADC_IRQHandler, 0x0)
                0x00000000                PROVIDE (ADC1_2_IRQHandler, 0x0)
                0x00000000                PROVIDE (USB_HP_CAN_TX_IRQHandler, 0x0)
                0x00000000                PROVIDE (USB_HP_CAN1_TX_IRQHandler, 0x0)
                0x00000000                PROVIDE (USB_LP_CAN_RX0_IRQHandler, 0x0)
                0x00000000                PROVIDE (USB_LP_CAN1_RX0_IRQHandler, 0x0)
                0x00000000                PROVIDE (CAN_RX1_IRQHandler, 0x0)
                0x00000000                PROVIDE (CAN1_RX1_IRQHandler, 0x0)
                0x00000000                PROVIDE (CAN_SCE_IRQHandler, 0x0)
                0x00000000                PROVIDE (CAN1_SCE_IRQHandler, 0x0)
                0x00000000                PROVIDE (EXTI9_5_IRQHandler, 0x0)
                0x00000000                PROVIDE (TIM1_BRK_IRQHandler, 0x0)
                0x00000000                PROVIDE (TIM1_UP_IRQHandler, 0x0)
                0x00000000                PROVIDE (TIM1_TRG_COM_IRQHandler, 0x0)
                0x00000000                PROVIDE (TIM1_CC_IRQHandler, 0x0)
                0x00000000                PROVIDE (TIM2_IRQHandler, 0x0)
                0x00000000                PROVIDE (TIM3_IRQHandler, 0x0)
                0x00000000                PROVIDE (TIM4_IRQHandler, 0x0)
                0x00000000                PROVIDE (I2C1_EV_IRQHandler, 0x0)
                0x00000000                PROVIDE (I2C1_ER_IRQHandler, 0x0)
                0x00000000                PROVIDE (I2C2_EV_IRQHandler, 0x0)
                0x00000000                PROVIDE (I2C2_ER_IRQHandler, 0x0)
                0x00000000                PROVIDE (SPI1_IRQHandler, 0x0)
                0x00000000                PROVIDE (SPI2_IRQHandler, 0x0)
                0x00000000                PROVIDE (USART1_IRQHandler, 0x0)
                0x00000000                PROVIDE (USART2_IRQHandler, 0x0)
                0x00000000                PROVIDE (USART3_IRQHandler, 0x0)
                0x00000000                PROVIDE (EXTI15_10_IRQHandler, 0x0)
                0x00000000                PROVIDE (RTCAlarm_IRQHandler, 0x0)
                0x00000000                PROVIDE (USBWakeUp_IRQHandler, 0x0)
                0x00000000                PROVIDE (TIM8_BRK_IRQHandler, 0x0)
                0x00000000                PROVIDE (TIM8_UP_IRQHandler, 0x0)
                0x00000000                PROVIDE (TIM8_TRG_COM_IRQHandler, 0x0)
                0x00000000                PROVIDE (TIM8_CC_IRQHandler, 0x0)
                0x00000000                PROVIDE (ADC3_IRQHandler, 0x0)
                0x00000000                PROVIDE (FSMC_IRQHandler, 0x0)
                0x00000000                PROVIDE (SDIO_IRQHandler, 0x0)
                0x00000000                PROVIDE (TIM5_IRQHandler, 0x0)
                0x00000000                PROVIDE (SPI3_IRQHandler, 0x0)
                0x00000000                PROVIDE (UART4_IRQHandler, 0x0)
                0x00000000                PROVIDE (UART5_IRQHandler, 0x0)
                0x00000000                PROVIDE (TIM6_IRQHandler, 0x0)
                0x00000000                PROVIDE (TIM7_IRQHandler, 0x0)
                0x00000000                PROVIDE (DMA2_Channel1_IRQHandler, 0x0)
                0x00000000                PROVIDE (DMA2_Channel2_IRQHandler, 0x0)
                0x00000000                PROVIDE (DMA2_Channel3_IRQHandler, 0x0)
                0x00000000                PROVIDE (DMA2_Channel4_5_IRQHandler, 0x0)
                0x42000000                PERIPH_BB_BASE = 0x42000000
                0x22000000                SRAM_BB_BASE = 0x22000000
                0x20000000                SRAM_BASE = 0x20000000
                0x40000000                PERIPH_BASE = 0x40000000
                0x40022000                PROVIDE (FLASH_BASE, 0x40022000)
                0x1ffff800                PROVIDE (OB_BASE, 0x1ffff800)
                0x40000000                APB1PERIPH_BASE = PERIPH_BASE
                0x40010000                APB2PERIPH_BASE = (PERIPH_BASE + 0x10000)
                0x40020000                AHBPERIPH_BASE = (PERIPH_BASE + 0x20000)
                0x40000000                PROVIDE (TIM2, (APB1PERIPH_BASE + 0x0))
                0x40000400                PROVIDE (TIM3, (APB1PERIPH_BASE + 0x400))
                0x40000800                PROVIDE (TIM4, (APB1PERIPH_BASE + 0x800))
                0x40002800                PROVIDE (RTC, (APB1PERIPH_BASE + 0x2800))
                0x40002c00                PROVIDE (WWDG, (APB1PERIPH_BASE + 0x2c00))
                0x40003000                PROVIDE (IWDG, (APB1PERIPH_BASE + 0x3000))
                0x40003800                PROVIDE (SPI2, (APB1PERIPH_BASE + 0x3800))
                0x40004400                PROVIDE (USART2, (APB1PERIPH_BASE + 0x4400))
                0x40004800                PROVIDE (USART3, (APB1PERIPH_BASE + 0x4800))
                0x40005400                PROVIDE (I2C1, (APB1PERIPH_BASE + 0x5400))
                0x40005800                PROVIDE (I2C2, (APB1PERIPH_BASE + 0x5800))
                0x40006400                PROVIDE (CAN, (APB1PERIPH_BASE + 0x6400))
                0x40006c00                PROVIDE (BKP, (APB1PERIPH_BASE + 0x6c00))
                0x40007000                PROVIDE (PWR, (APB1PERIPH_BASE + 0x7000))
                0x40010000                PROVIDE (AFIO, (APB2PERIPH_BASE + 0x0))
                0x40010400                PROVIDE (EXTI, (APB2PERIPH_BASE + 0x400))
                0x40010800                PROVIDE (GPIOA, (APB2PERIPH_BASE + 0x800))
                0x40010c00                PROVIDE (GPIOB, (APB2PERIPH_BASE + 0xc00))
                0x40011000                PROVIDE (GPIOC, (APB2PERIPH_BASE + 0x1000))
                0x40011400                PROVIDE (GPIOD, (APB2PERIPH_BASE + 0x1400))
                0x40011800                PROVIDE (GPIOE, (APB2PERIPH_BASE + 0x1800))
                0x40012400                PROVIDE (ADC1, (APB2PERIPH_BASE + 0x2400))
                0x40012800                PROVIDE (ADC2, (APB2PERIPH_BASE + 0x2800))
                0x40012c00                PROVIDE (TIM1, (APB2PERIPH_BASE + 0x2c00))
                0x40013000                PROVIDE (SPI1, (APB2PERIPH_BASE + 0x3000))
                0x40013800                PROVIDE (USART1, (APB2PERIPH_BASE + 0x3800))
                0x40020000                PROVIDE (DMA, (AHBPERIPH_BASE + 0x0))
                0x40020008                PROVIDE (DMA_Channel1, (AHBPERIPH_BASE + 0x8))
                0x4002001c                PROVIDE (DMA_Channel2, (AHBPERIPH_BASE + 0x1c))
                0x40020030                PROVIDE (DMA_Channel3, (AHBPERIPH_BASE + 0x30))
                0x40020044                PROVIDE (DMA_Channel4, (AHBPERIPH_BASE + 0x44))
                0x40020058                PROVIDE (DMA_Channel5, (AHBPERIPH_BASE + 0x58))
                0x4002006c                PROVIDE (DMA_Channel6, (AHBPERIPH_BASE + 0x6c))
                0x40020080                PROVIDE (DMA_Channel7, (AHBPERIPH_BASE + 0x80))
                0x40021000                PROVIDE (RCC, (AHBPERIPH_BASE + 0x1000))
                0xe000e000                SCS_BASE = 0xe000e000
                0xe000e010                PROVIDE (SysTick, (SCS_BASE + 0x10))
                0xe000e100                PROVIDE (NVIC, (SCS_BASE + 0x100))
                0xe000ed00                PROVIDE (SCB, (SCS_BASE + 0xd00))
                0x20005000                PROVIDE (_estack, (ORIGIN (RAM) + 0x5000))

.isr_vector     0x08000000      0x10c
                0x08000000                . = ALIGN (0x4)
 *(.isr_vector)
 .isr_vector    0x08000000      0x10c lib/CMSIS_CM3/startup/gcc/startup_stm32f10x_md.o
                0x08000000                g_pfnVectors
                0x0800010c                . = ALIGN (0x4)

.flash_start    0x00000000        0x0
                0x00000000                . = ALIGN (0x4)
 *(.flash_start)
 *(.flash_start.*)
                0x00000000                . = ALIGN (0x4)

.crp_patch      0x00000000        0x0
                0x00000000                . = ALIGN (0x4)
 *(.crp_patch)
                0x00000000                . = ALIGN (0x4)

.flashtext      0x0800010c        0x0
                0x0800010c                . = ALIGN (0x4)
 *(.flashtext)
                0x0800010c                . = ALIGN (0x4)

.text           0x08000110     0xf500
                0x08000110                . = ALIGN (0x4)
 *(.text)
 .text          0x08000110      0x370 /home/laurence/ARM-GCC/bin/../lib/gcc/arm-none-eabi/4.7.4/armv7-m/libgcc.a(_arm_addsubdf3.o)
                0x08000110                __aeabi_drsub
                0x08000118                __aeabi_dsub
                0x08000118                __subdf3
                0x0800011c                __adddf3
                0x0800011c                __aeabi_dadd
                0x08000394                __aeabi_ui2d
                0x08000394                __floatunsidf
                0x080003b4                __floatsidf
                0x080003b4                __aeabi_i2d
                0x080003d8                __extendsfdf2
                0x080003d8                __aeabi_f2d
                0x08000414                __aeabi_ul2d
                0x08000414                __floatundidf
                0x08000424                __floatdidf
                0x08000424                __aeabi_l2d
 .text          0x08000480      0x424 /home/laurence/ARM-GCC/bin/../lib/gcc/arm-none-eabi/4.7.4/armv7-m/libgcc.a(_arm_muldivdf3.o)
                0x08000480                __aeabi_dmul
                0x08000480                __muldf3
                0x080006d4                __aeabi_ddiv
                0x080006d4                __divdf3
 .text          0x080008a4      0x110 /home/laurence/ARM-GCC/bin/../lib/gcc/arm-none-eabi/4.7.4/armv7-m/libgcc.a(_arm_cmpdf2.o)
                0x080008a4                __gtdf2
                0x080008a4                __gedf2
                0x080008ac                __ltdf2
                0x080008ac                __ledf2
                0x080008b4                __cmpdf2
                0x080008b4                __eqdf2
                0x080008b4                __nedf2
                0x08000930                __aeabi_cdrcmple
                0x08000940                __aeabi_cdcmple
                0x08000940                __aeabi_cdcmpeq
                0x08000950                __aeabi_dcmpeq
                0x08000964                __aeabi_dcmplt
                0x08000978                __aeabi_dcmple
                0x0800098c                __aeabi_dcmpge
                0x080009a0                __aeabi_dcmpgt
 .text          0x080009b4       0x50 /home/laurence/ARM-GCC/bin/../lib/gcc/arm-none-eabi/4.7.4/armv7-m/libgcc.a(_arm_fixdfsi.o)
                0x080009b4                __fixdfsi
                0x080009b4                __aeabi_d2iz
 .text          0x08000a04       0x40 /home/laurence/ARM-GCC/bin/../lib/gcc/arm-none-eabi/4.7.4/armv7-m/libgcc.a(_arm_fixunsdfsi.o)
                0x08000a04                __fixunsdfsi
                0x08000a04                __aeabi_d2uiz
 .text          0x08000a44       0xa0 /home/laurence/ARM-GCC/bin/../lib/gcc/arm-none-eabi/4.7.4/armv7-m/libgcc.a(_arm_truncdfsf2.o)
                0x08000a44                __aeabi_d2f
                0x08000a44                __truncdfsf2
 .text          0x08000ae4      0x21c /home/laurence/ARM-GCC/bin/../lib/gcc/arm-none-eabi/4.7.4/armv7-m/libgcc.a(_arm_addsubsf3.o)
                0x08000ae4                __aeabi_frsub
                0x08000aec                __subsf3
                0x08000aec                __aeabi_fsub
                0x08000af0                __aeabi_fadd
                0x08000af0                __addsf3
                0x08000c50                __aeabi_ui2f
                0x08000c50                __floatunsisf
                0x08000c58                __aeabi_i2f
                0x08000c58                __floatsisf
                0x08000c74                __floatundisf
                0x08000c74                __aeabi_ul2f
                0x08000c84                __floatdisf
                0x08000c84                __aeabi_l2f
 .text          0x08000d00      0x2a0 /home/laurence/ARM-GCC/bin/../lib/gcc/arm-none-eabi/4.7.4/armv7-m/libgcc.a(_arm_muldivsf3.o)
                0x08000d00                __mulsf3
                0x08000d00                __aeabi_fmul
                0x08000e68                __divsf3
                0x08000e68                __aeabi_fdiv
 .text          0x08000fa0       0xec /home/laurence/ARM-GCC/bin/../lib/gcc/arm-none-eabi/4.7.4/armv7-m/libgcc.a(_arm_cmpsf2.o)
                0x08000fa0                __gtsf2
                0x08000fa0                __gesf2
                0x08000fa8                __lesf2
                0x08000fa8                __ltsf2
                0x08000fb0                __nesf2
                0x08000fb0                __eqsf2
                0x08000fb0                __cmpsf2
                0x08001010                __aeabi_cfrcmple
                0x08001018                __aeabi_cfcmple
                0x08001018                __aeabi_cfcmpeq
                0x08001028                __aeabi_fcmpeq
                0x0800103c                __aeabi_fcmplt
                0x08001050                __aeabi_fcmple
                0x08001064                __aeabi_fcmpge
                0x08001078                __aeabi_fcmpgt
 .text          0x0800108c       0x4c /home/laurence/ARM-GCC/bin/../lib/gcc/arm-none-eabi/4.7.4/armv7-m/libgcc.a(_arm_fixsfsi.o)
                0x0800108c                __fixsfsi
                0x0800108c                __aeabi_f2iz
 .text          0x080010d8       0x40 /home/laurence/ARM-GCC/bin/../lib/gcc/arm-none-eabi/4.7.4/armv7-m/libgcc.a(_arm_fixunssfsi.o)
                0x080010d8                __aeabi_f2uiz
                0x080010d8                __fixunssfsi
 *(.text.*)
 .text.startup.main
                0x08001118     0x2540 /tmp/cclanrH0.ltrans0.ltrans.o
                0x08001118                main
 .text.atoiRamRom.4185
                0x08003658       0x20 /tmp/cclanrH0.ltrans1.ltrans.o
 .text.rprintfChar.4188
                0x08003678       0x1c /tmp/cclanrH0.ltrans1.ltrans.o
 .text.Get_Max_Lun
                0x08003694       0x18 /tmp/cclanrH0.ltrans1.ltrans.o
                0x08003694                Get_Max_Lun
 .text.MASS_Get_Interface_Setting
                0x080036ac        0xc /tmp/cclanrH0.ltrans1.ltrans.o
                0x080036ac                MASS_Get_Interface_Setting
 .text.MASS_Status_Out
                0x080036b8        0x2 /tmp/cclanrH0.ltrans1.ltrans.o
                0x080036b8                MASS_Status_Out
 .text.MASS_Status_In
                0x080036ba        0x2 /tmp/cclanrH0.ltrans1.ltrans.o
                0x080036ba                MASS_Status_In
 .text.Mass_Storage_SetDeviceAddress
                0x080036bc        0xc /tmp/cclanrH0.ltrans1.ltrans.o
                0x080036bc                Mass_Storage_SetDeviceAddress
 .text.Resume_Init.4067
                0x080036c8       0x54 /tmp/cclanrH0.ltrans1.ltrans.o
 .text.MASS_Reset
                0x0800371c       0xf0 /tmp/cclanrH0.ltrans1.ltrans.o
                0x0800371c                MASS_Reset
 .text.__gps_send_char.4092
                0x0800380c       0x1c /tmp/cclanrH0.ltrans1.ltrans.o
 .text.Mass_Storage_SetConfiguration
                0x08003828       0x30 /tmp/cclanrH0.ltrans1.ltrans.o
                0x08003828                Mass_Storage_SetConfiguration
 .text.MASS_NoData_Setup
                0x08003858       0x4c /tmp/cclanrH0.ltrans1.ltrans.o
                0x08003858                MASS_NoData_Setup
 .text.MASS_GetDeviceDescriptor
                0x080038a4        0xc /tmp/cclanrH0.ltrans1.ltrans.o
                0x080038a4                MASS_GetDeviceDescriptor
 .text.MASS_GetConfigDescriptor
                0x080038b0        0xc /tmp/cclanrH0.ltrans1.ltrans.o
                0x080038b0                MASS_GetConfigDescriptor
 .text.MASS_GetStringDescriptor
                0x080038bc       0x20 /tmp/cclanrH0.ltrans1.ltrans.o
                0x080038bc                MASS_GetStringDescriptor
 .text.stm32_dma_transfer.5386
                0x080038dc       0xc8 /tmp/cclanrH0.ltrans1.ltrans.o
                0x080038dc                stm32_dma_transfer.5386
 .text.power_on.5377
                0x080039a4       0xec /tmp/cclanrH0.ltrans1.ltrans.o
                0x080039a4                power_on.5377
 .text.setup_pwm
                0x08003a90       0x8c /tmp/cclanrH0.ltrans1.ltrans.o
                0x08003a90                setup_pwm
 .text.stm32_spi_rw.5379
                0x08003b1c       0x24 /tmp/cclanrH0.ltrans1.ltrans.o
                0x08003b1c                stm32_spi_rw.5379
 .text.rcvr_spi.5382
                0x08003b40        0x6 /tmp/cclanrH0.ltrans1.ltrans.o
                0x08003b40                rcvr_spi.5382
 *fill*         0x08003b46        0x2 00
 .text.release_spi
                0x08003b48       0x18 /tmp/cclanrH0.ltrans1.ltrans.o
                0x08003b48                release_spi
 .text.wait_ready.5384
                0x08003b60       0x24 /tmp/cclanrH0.ltrans1.ltrans.o
                0x08003b60                wait_ready.5384
 .text.send_cmd
                0x08003b84       0x8c /tmp/cclanrH0.ltrans1.ltrans.o
                0x08003b84                send_cmd
 .text.EXTI_ONOFF_EN
                0x08003c10       0x54 /tmp/cclanrH0.ltrans1.ltrans.o
                0x08003c10                EXTI_ONOFF_EN
 .text.Resume   0x08003c64       0x88 /tmp/cclanrH0.ltrans1.ltrans.o
                0x08003c64                Resume
 .text.switch_leds_on
                0x08003cec       0x20 /tmp/cclanrH0.ltrans1.ltrans.o
                0x08003cec                switch_leds_on
 .text.switch_leds_off
                0x08003d0c       0x20 /tmp/cclanrH0.ltrans1.ltrans.o
                0x08003d0c                switch_leds_off
 .text.Gps_Send_Utf8
                0x08003d2c       0x1a /tmp/cclanrH0.ltrans1.ltrans.o
                0x08003d2c                Gps_Send_Utf8
 .text.Gps_Send_Str
                0x08003d46       0x16 /tmp/cclanrH0.ltrans1.ltrans.o
                0x08003d46                Gps_Send_Str
 .text.Usart3_Send_Str
                0x08003d5c       0x28 /tmp/cclanrH0.ltrans1.ltrans.o
                0x08003d5c                Usart3_Send_Str
 .text.SP1ML_assign_addr.part.1.5894
                0x08003d84       0x38 /tmp/cclanrH0.ltrans1.ltrans.o
                0x08003d84                SP1ML_assign_addr.part.1.5894
 .text.shutdown
                0x08003dbc       0x10 /tmp/cclanrH0.ltrans1.ltrans.o
                0x08003dbc                shutdown
 .text.set_rtc_correction
                0x08003dcc       0x4c /tmp/cclanrH0.ltrans1.ltrans.o
                0x08003dcc                set_rtc_correction
 .text.my_RTC_SetCounter
                0x08003e18       0x22 /tmp/cclanrH0.ltrans1.ltrans.o
                0x08003e18                my_RTC_SetCounter
 .text.update_rtc_timestamp
                0x08003e3a       0x26 /tmp/cclanrH0.ltrans1.ltrans.o
                0x08003e3a                update_rtc_timestamp
 .text.I2C1_Request_Job
                0x08003e60       0x80 /tmp/cclanrH0.ltrans1.ltrans.o
                0x08003e60                I2C1_Request_Job
 .text.hex_to_byte
                0x08003ee0       0x1a /tmp/cclanrH0.ltrans1.ltrans.o
                0x08003ee0                hex_to_byte
 *fill*         0x08003efa        0x2 00
 .text.rprintf2RamRom
                0x08003efc      0x404 /tmp/cclanrH0.ltrans1.ltrans.o
                0x08003efc                rprintf2RamRom
 .text.validate.5021
                0x08004300       0x2c /tmp/cclanrH0.ltrans1.ltrans.o
                0x08004300                validate.5021
 .text.counter_to_struct.5293
                0x0800432c       0xa8 /tmp/cclanrH0.ltrans1.ltrans.o
                0x0800432c                counter_to_struct.5293
 .text.isDST.5275
                0x080043d4       0x2a /tmp/cclanrH0.ltrans1.ltrans.o
                0x080043d4                isDST.5275
 *fill*         0x080043fe        0x2 00
 .text.rtc_gettime
                0x08004400       0x74 /tmp/cclanrH0.ltrans1.ltrans.o
                0x08004400                rtc_gettime
 .text.get_fattime
                0x08004474       0x40 /tmp/cclanrH0.ltrans1.ltrans.o
                0x08004474                get_fattime
 .text.clust2sect
                0x080044b4       0x18 /tmp/cclanrH0.ltrans1.ltrans.o
                0x080044b4                clust2sect
 .text.sum_sfn.4982
                0x080044cc       0x1e /tmp/cclanrH0.ltrans1.ltrans.o
                0x080044cc                sum_sfn.4982
 .text.mem_cpy.4952
                0x080044ea       0x12 /tmp/cclanrH0.ltrans1.ltrans.o
                0x080044ea                mem_cpy.4952
 .text.ff_convert.part.0.4884
                0x080044fc       0x24 /tmp/cclanrH0.ltrans1.ltrans.o
                0x080044fc                ff_convert.part.0.4884
 .text.Delay    0x08004520       0x18 /tmp/cclanrH0.ltrans1.ltrans.o
                0x08004520                Delay
 .text.ads1298_busy_wait_command
                0x08004538       0x4c /tmp/cclanrH0.ltrans1.ltrans.o
                0x08004538                ads1298_busy_wait_command
 .text.unlikely.ads1298_busy_wait_write
                0x08004584       0x88 /tmp/cclanrH0.ltrans1.ltrans.o
                0x08004584                ads1298_busy_wait_write
 .text.red_flash
                0x0800460c       0x2c /tmp/cclanrH0.ltrans1.ltrans.o
                0x0800460c                red_flash
 .text.normalize_vector
                0x08004638       0x64 /tmp/cclanrH0.ltrans1.ltrans.o
                0x08004638                normalize_vector
 .text.Add_To_Buffer
                0x0800469c       0x4a /tmp/cclanrH0.ltrans1.ltrans.o
                0x0800469c                Add_To_Buffer
 *fill*         0x080046e6        0x2 00
 .text.__usart_send_char
                0x080046e8       0x50 /tmp/cclanrH0.ltrans1.ltrans.o
                0x080046e8                __usart_send_char
 .text.Usart_Send_Str
                0x08004738       0x16 /tmp/cclanrH0.ltrans1.ltrans.o
                0x08004738                Usart_Send_Str
 *fill*         0x0800474e        0x2 00
 .text.RN42_generate_packet
                0x08004750       0x64 /tmp/cclanrH0.ltrans1.ltrans.o
                0x08004750                RN42_generate_packet
 .text.__str_print_char
                0x080047b4       0x2c /tmp/cclanrH0.ltrans1.ltrans.o
                0x080047b4                __str_print_char
 .text.Get_From_Buffer
                0x080047e0       0x4a /tmp/cclanrH0.ltrans1.ltrans.o
                0x080047e0                Get_From_Buffer
 *fill*         0x0800482a        0x2 00
 .text.SP1ML_command
                0x0800482c       0xa4 /tmp/cclanrH0.ltrans1.ltrans.o
                0x0800482c                SP1ML_command
 .text.Bot_Abort.part.2.4258
                0x080048d0       0x18 /tmp/cclanrH0.ltrans1.ltrans.o
                0x080048d0                Bot_Abort.part.2.4258
 .text.Set_CSW  0x080048e8       0x3c /tmp/cclanrH0.ltrans1.ltrans.o
                0x080048e8                Set_CSW
 .text.Transfer_Data_Request
                0x08004924       0x34 /tmp/cclanrH0.ltrans1.ltrans.o
                0x08004924                Transfer_Data_Request
 .text.IntToUnicode.4023
                0x08004958       0x2a /tmp/cclanrH0.ltrans1.ltrans.o
                0x08004958                IntToUnicode.4023
 *fill*         0x08004982        0x2 00
 .text.SCSI_Write10_Cmd
                0x08004984      0x174 /tmp/cclanrH0.ltrans2.ltrans.o
                0x08004984                SCSI_Write10_Cmd
 .text.move_window.5011
                0x08004af8       0x76 /tmp/cclanrH0.ltrans2.ltrans.o
                0x08004af8                move_window.5011
 .text.put_fat  0x08004b6e       0xf6 /tmp/cclanrH0.ltrans2.ltrans.o
                0x08004b6e                put_fat
 .text.get_fat  0x08004c64       0xca /tmp/cclanrH0.ltrans2.ltrans.o
                0x08004c64                get_fat
 .text.remove_chain.5124
                0x08004d2e       0x54 /tmp/cclanrH0.ltrans2.ltrans.o
                0x08004d2e                remove_chain.5124
 .text.create_chain.5090
                0x08004d82       0x9a /tmp/cclanrH0.ltrans2.ltrans.o
                0x08004d82                create_chain.5090
 .text.dir_next.5094
                0x08004e1c       0xf4 /tmp/cclanrH0.ltrans2.ltrans.o
                0x08004e1c                dir_next.5094
 .text.f_lseek  0x08004f10      0x140 /tmp/cclanrH0.ltrans2.ltrans.o
                0x08004f10                f_lseek
 .text.f_write  0x08005050      0x19a /tmp/cclanrH0.ltrans2.ltrans.o
                0x08005050                f_write
 .text.write_wave_header
                0x080051ea       0xda /tmp/cclanrH0.ltrans2.ltrans.o
                0x080051ea                write_wave_header
 .text.write_wave_samples
                0x080052c4       0xaa /tmp/cclanrH0.ltrans2.ltrans.o
                0x080052c4                write_wave_samples
 *fill*         0x0800536e        0x2 00
 .text.__fat_print_char
                0x08005370       0x1c /tmp/cclanrH0.ltrans2.ltrans.o
                0x08005370                __fat_print_char
 .text.dir_sdi.5058
                0x0800538c       0x84 /tmp/cclanrH0.ltrans2.ltrans.o
                0x0800538c                dir_sdi.5058
 .text.SP1ML_rx_tx_data_processor
                0x08005410      0x810 /tmp/cclanrH0.ltrans3.ltrans.o
                0x08005410                SP1ML_rx_tx_data_processor
 .text.dir_read.5111
                0x08005c20      0x104 /tmp/cclanrH0.ltrans3.ltrans.o
                0x08005c20                dir_read.5111
 .text.dir_find.part.4.5098
                0x08005d24      0x16c /tmp/cclanrH0.ltrans3.ltrans.o
                0x08005d24                dir_find.part.4.5098
 .text.dir_register.5134
                0x08005e90      0x24c /tmp/cclanrH0.ltrans3.ltrans.o
                0x08005e90                dir_register.5134
 .text.MASS_Data_Setup
                0x080060dc       0x38 /tmp/cclanrH0.ltrans4.ltrans.o
                0x080060dc                MASS_Data_Setup
 .text.Mass_Storage_ClearFeature.4066
                0x08006114       0x18 /tmp/cclanrH0.ltrans4.ltrans.o
 .text.MASS_init
                0x0800612c       0x70 /tmp/cclanrH0.ltrans4.ltrans.o
                0x0800612c                MASS_init
 .text.__sp1ml_send_char.4139
                0x0800619c       0x40 /tmp/cclanrH0.ltrans4.ltrans.o
 .text.SP1ML_generate_packet
                0x080061dc       0xa8 /tmp/cclanrH0.ltrans4.ltrans.o
                0x080061dc                SP1ML_generate_packet
 .text.I2C_Config
                0x08006284      0x1f4 /tmp/cclanrH0.ltrans4.ltrans.o
                0x08006284                I2C_Config
 .text.aligndata.constprop.32
                0x08006478       0x44 /tmp/cclanrH0.ltrans4.ltrans.o
                0x08006478                aligndata.constprop.32
 .text.vector_by_matrix.constprop.30
                0x080064bc       0x4c /tmp/cclanrH0.ltrans4.ltrans.o
                0x080064bc                vector_by_matrix.constprop.30
 .text.ADC_Configuration
                0x08006508      0x10c /tmp/cclanrH0.ltrans4.ltrans.o
                0x08006508                ADC_Configuration
 .text.USART2_reconf.constprop.8
                0x08006614       0x50 /tmp/cclanrH0.ltrans4.ltrans.o
                0x08006614                USART2_reconf.constprop.8
 .text.ads1298_wct_config.constprop.4
                0x08006664       0xdc /tmp/cclanrH0.ltrans4.ltrans.o
                0x08006664                ads1298_wct_config.constprop.4
 .text.ads1298_spi_dma_transaction
                0x08006740       0xe4 /tmp/cclanrH0.ltrans4.ltrans.o
                0x08006740                ads1298_spi_dma_transaction
 .text.rcvr_datablock
                0x08006824       0x54 /tmp/cclanrH0.ltrans4.ltrans.o
                0x08006824                rcvr_datablock
 .text.MAL_GetStatus
                0x08006878       0xdc /tmp/cclanrH0.ltrans4.ltrans.o
                0x08006878                MAL_GetStatus
 .text.disk_read
                0x08006954       0xa0 /tmp/cclanrH0.ltrans4.ltrans.o
                0x08006954                disk_read
 .text.check_fs.5028
                0x080069f4       0x88 /tmp/cclanrH0.ltrans4.ltrans.o
                0x080069f4                check_fs.5028
 .text.xmit_datablock.part.1.5391
                0x08006a7c       0x2c /tmp/cclanrH0.ltrans4.ltrans.o
                0x08006a7c                xmit_datablock.part.1.5391
 .text.disk_write
                0x08006aa8       0xcc /tmp/cclanrH0.ltrans5.ltrans.o
                0x08006aa8                disk_write
 .text.SCSI_Invalid_Cmd
                0x08006b74       0x3c /tmp/cclanrH0.ltrans5.ltrans.o
                0x08006b74                SCSI_Invalid_Cmd
 .text.SCSI_Address_Management
                0x08006bb0       0x74 /tmp/cclanrH0.ltrans5.ltrans.o
                0x08006bb0                SCSI_Address_Management
 .text.disk_initialize
                0x08006c24      0x148 /tmp/cclanrH0.ltrans5.ltrans.o
                0x08006c24                disk_initialize
 .text.chk_mounted.5032
                0x08006d6c      0x320 /tmp/cclanrH0.ltrans5.ltrans.o
                0x08006d6c                chk_mounted.5032
 .text.Gps_DMA_Process
                0x0800708c      0x1e0 /tmp/cclanrH0.ltrans5.ltrans.o
                0x0800708c                Gps_DMA_Process
 .text.get_fileinfo.5003
                0x0800726c       0xf0 /tmp/cclanrH0.ltrans5.ltrans.o
                0x0800726c                get_fileinfo.5003
 .text.Get_UBX_Ack.constprop.9
                0x0800735c       0xd0 /tmp/cclanrH0.ltrans5.ltrans.o
                0x0800735c                Get_UBX_Ack.constprop.9
 .text.I2C1_EV_IRQHandler
                0x0800742c      0x58c /tmp/cclanrH0.ltrans6.ltrans.o
                0x0800742c                I2C1_EV_IRQHandler
 .text.file_preallocation_control
                0x080079b8       0x44 /tmp/cclanrH0.ltrans6.ltrans.o
                0x080079b8                file_preallocation_control
 .text.f_close  0x080079fc        0xe /tmp/cclanrH0.ltrans6.ltrans.o
                0x080079fc                f_close
 .text.wave_terminate.4094
                0x08007a0a       0xe4 /tmp/cclanrH0.ltrans6.ltrans.o
 *fill*         0x08007aee        0x2 00
 .text.shutdown_filesystem
                0x08007af0      0x368 /tmp/cclanrH0.ltrans6.ltrans.o
                0x08007af0                shutdown_filesystem
 .text.Read_Memory.4085
                0x08007e58      0x134 /tmp/cclanrH0.ltrans7.ltrans.o
 .text.SCSI_Read10_Cmd.4077
                0x08007f8c       0x68 /tmp/cclanrH0.ltrans7.ltrans.o
 .text.EP1_IN_Callback.4009
                0x08007ff4       0x54 /tmp/cclanrH0.ltrans7.ltrans.o
 .text.EP2_OUT_Callback.4017
                0x08008048      0x31c /tmp/cclanrH0.ltrans7.ltrans.o
 .text.sync.5015
                0x08008364       0xd8 /tmp/cclanrH0.ltrans8.ltrans.o
                0x08008364                sync.5015
 .text.f_sync   0x0800843c       0xac /tmp/cclanrH0.ltrans8.ltrans.o
                0x0800843c                f_sync
 .text.follow_path.5104
                0x080084e8      0x2c8 /tmp/cclanrH0.ltrans8.ltrans.o
                0x080084e8                follow_path.5104
 .text.f_open   0x080087b0      0x158 /tmp/cclanrH0.ltrans8.ltrans.o
                0x080087b0                f_open
 .text.EXTI9_5_IRQHandler
                0x08008908       0x2c /tmp/cclanrH0.ltrans9.ltrans.o
                0x08008908                EXTI9_5_IRQHandler
 *fill*         0x08008934        0x4 00
 .text.DMA1_Channel4_IRQHandler
                0x08008938      0x988 /tmp/cclanrH0.ltrans9.ltrans.o
                0x08008938                DMA1_Channel4_IRQHandler
 .text.USART3_IRQHandler
                0x080092c0       0xbc /tmp/cclanrH0.ltrans9.ltrans.o
                0x080092c0                USART3_IRQHandler
 .text.USART1_IRQHandler
                0x0800937c       0x90 /tmp/cclanrH0.ltrans9.ltrans.o
                0x0800937c                USART1_IRQHandler
 .text.USB_LP_CAN1_RX0_IRQHandler
                0x0800940c      0x120 /tmp/cclanrH0.ltrans10.ltrans.o
                0x0800940c                USB_LP_CAN1_RX0_IRQHandler
 .text.USB_HP_CAN1_TX_IRQHandler
                0x0800952c        0x4 /tmp/cclanrH0.ltrans10.ltrans.o
                0x0800952c                USB_HP_CAN1_TX_IRQHandler
 .text.SysTick_Handler
                0x08009530      0x180 /tmp/cclanrH0.ltrans10.ltrans.o
                0x08009530                SysTick_Handler
 .text.EXTI15_10_IRQHandler
                0x080096b0       0x64 /tmp/cclanrH0.ltrans10.ltrans.o
                0x080096b0                EXTI15_10_IRQHandler
 .text.ADC1_2_IRQHandler
                0x08009714       0x70 /tmp/cclanrH0.ltrans10.ltrans.o
                0x08009714                ADC1_2_IRQHandler
 .text.EXTI0_IRQHandler
                0x08009784       0x7c /tmp/cclanrH0.ltrans10.ltrans.o
                0x08009784                EXTI0_IRQHandler
 .text.I2C1_ER_IRQHandler
                0x08009800      0x13c /tmp/cclanrH0.ltrans10.ltrans.o
                0x08009800                I2C1_ER_IRQHandler
 .text.malloc   0x0800993c       0x10 /home/laurence/ARM-GCC/bin/../lib/gcc/arm-none-eabi/4.7.4/../../../../arm-none-eabi/lib/armv7-m/libc.a(lib_a-malloc.o)
                0x0800993c                malloc
 .text._malloc_r
                0x0800994c      0x530 /home/laurence/ARM-GCC/bin/../lib/gcc/arm-none-eabi/4.7.4/../../../../arm-none-eabi/lib/armv7-m/libc.a(lib_a-mallocr.o)
                0x0800994c                _malloc_r
 .text.memcmp   0x08009e7c       0xb8 /home/laurence/ARM-GCC/bin/../lib/gcc/arm-none-eabi/4.7.4/../../../../arm-none-eabi/lib/armv7-m/libc.a(lib_a-memcmp.o)
                0x08009e7c                memcmp
 .text.memcpy   0x08009f34      0x15c /home/laurence/ARM-GCC/bin/../lib/gcc/arm-none-eabi/4.7.4/../../../../arm-none-eabi/lib/armv7-m/libc.a(lib_a-memcpy.o)
                0x08009f34                memcpy
 .text.__malloc_lock
                0x0800a090        0x4 /home/laurence/ARM-GCC/bin/../lib/gcc/arm-none-eabi/4.7.4/../../../../arm-none-eabi/lib/armv7-m/libc.a(lib_a-mlock.o)
                0x0800a090                __malloc_lock
 .text.__malloc_unlock
                0x0800a094        0x4 /home/laurence/ARM-GCC/bin/../lib/gcc/arm-none-eabi/4.7.4/../../../../arm-none-eabi/lib/armv7-m/libc.a(lib_a-mlock.o)
                0x0800a094                __malloc_unlock
 .text._sbrk_r  0x0800a098       0x24 /home/laurence/ARM-GCC/bin/../lib/gcc/arm-none-eabi/4.7.4/../../../../arm-none-eabi/lib/armv7-m/libc.a(lib_a-sbrkr.o)
                0x0800a098                _sbrk_r
 .text.strcat   0x0800a0bc       0x4c /home/laurence/ARM-GCC/bin/../lib/gcc/arm-none-eabi/4.7.4/../../../../arm-none-eabi/lib/armv7-m/libc.a(lib_a-strcat.o)
                0x0800a0bc                strcat
 .text.strcpy   0x0800a108       0xbc /home/laurence/ARM-GCC/bin/../lib/gcc/arm-none-eabi/4.7.4/../../../../arm-none-eabi/lib/armv7-m/libc.a(lib_a-strcpy.o)
                0x0800a108                strcpy
 .text.strlen   0x0800a1c4       0x60 /home/laurence/ARM-GCC/bin/../lib/gcc/arm-none-eabi/4.7.4/../../../../arm-none-eabi/lib/armv7-m/libc.a(lib_a-strlen.o)
                0x0800a1c4                strlen
 .text._malloc_trim_r
                0x0800a224       0x98 /home/laurence/ARM-GCC/bin/../lib/gcc/arm-none-eabi/4.7.4/../../../../arm-none-eabi/lib/armv7-m/libc.a(lib_a-freer.o)
                0x0800a224                _malloc_trim_r
 .text._free_r  0x0800a2bc      0x194 /home/laurence/ARM-GCC/bin/../lib/gcc/arm-none-eabi/4.7.4/../../../../arm-none-eabi/lib/armv7-m/libc.a(lib_a-freer.o)
                0x0800a2bc                _free_r
 .text.Reset_Handler
                0x0800a450       0x48 lib/CMSIS_CM3/startup/gcc/startup_stm32f10x_md.o
                0x0800a450                Reset_Handler
 .text.Default_Handler
                0x0800a498        0x4 lib/CMSIS_CM3/startup/gcc/startup_stm32f10x_md.o
                0x0800a498                EXTI2_IRQHandler
                0x0800a498                DebugMon_Handler
                0x0800a498                TIM1_CC_IRQHandler
                0x0800a498                HardFault_Handler
                0x0800a498                PVD_IRQHandler
                0x0800a498                PendSV_Handler
                0x0800a498                NMI_Handler
                0x0800a498                EXTI3_IRQHandler
                0x0800a498                I2C2_EV_IRQHandler
                0x0800a498                UsageFault_Handler
                0x0800a498                SPI1_IRQHandler
                0x0800a498                TAMPER_IRQHandler
                0x0800a498                RTC_IRQHandler
                0x0800a498                DMA1_Channel7_IRQHandler
                0x0800a498                CAN1_RX1_IRQHandler
                0x0800a498                TIM4_IRQHandler
                0x0800a498                DMA1_Channel6_IRQHandler
                0x0800a498                TIM3_IRQHandler
                0x0800a498                RCC_IRQHandler
                0x0800a498                TIM1_TRG_COM_IRQHandler
                0x0800a498                DMA1_Channel1_IRQHandler
                0x0800a498                Default_Handler
                0x0800a498                SPI2_IRQHandler
                0x0800a498                MemManage_Handler
                0x0800a498                SVC_Handler
                0x0800a498                DMA1_Channel5_IRQHandler
                0x0800a498                EXTI4_IRQHandler
                0x0800a498                DMA1_Channel3_IRQHandler
                0x0800a498                TIM1_UP_IRQHandler
                0x0800a498                WWDG_IRQHandler
                0x0800a498                TIM2_IRQHandler
                0x0800a498                TIM1_BRK_IRQHandler
                0x0800a498                EXTI1_IRQHandler
                0x0800a498                RTCAlarm_IRQHandler
                0x0800a498                USART2_IRQHandler
                0x0800a498                I2C2_ER_IRQHandler
                0x0800a498                DMA1_Channel2_IRQHandler
                0x0800a498                CAN1_SCE_IRQHandler
                0x0800a498                FLASH_IRQHandler
                0x0800a498                BusFault_Handler
                0x0800a498                USBWakeUp_IRQHandler
 .text.NVIC_PriorityGroupConfig
                0x0800a49c       0x14 lib/STM32F10x_StdPeriph_Driver/libstm32fw.a(misc.o)
                0x0800a49c                NVIC_PriorityGroupConfig
 .text.NVIC_Init
                0x0800a4b0       0x68 lib/STM32F10x_StdPeriph_Driver/libstm32fw.a(misc.o)
                0x0800a4b0                NVIC_Init
 .text.NVIC_SetVectorTable
                0x0800a518       0x14 lib/STM32F10x_StdPeriph_Driver/libstm32fw.a(misc.o)
                0x0800a518                NVIC_SetVectorTable
 .text.SysTick_CLKSourceConfig
                0x0800a52c       0x18 lib/STM32F10x_StdPeriph_Driver/libstm32fw.a(misc.o)
                0x0800a52c                SysTick_CLKSourceConfig
 .text.ADC_DeInit
                0x0800a544       0x5c lib/STM32F10x_StdPeriph_Driver/libstm32fw.a(stm32f10x_adc.o)
                0x0800a544                ADC_DeInit
 .text.ADC_Init
                0x0800a5a0       0x48 lib/STM32F10x_StdPeriph_Driver/libstm32fw.a(stm32f10x_adc.o)
                0x0800a5a0                ADC_Init
 .text.ADC_Cmd  0x0800a5e8       0x12 lib/STM32F10x_StdPeriph_Driver/libstm32fw.a(stm32f10x_adc.o)
                0x0800a5e8                ADC_Cmd
 .text.ADC_ITConfig
                0x0800a5fa       0x12 lib/STM32F10x_StdPeriph_Driver/libstm32fw.a(stm32f10x_adc.o)
                0x0800a5fa                ADC_ITConfig
 .text.ADC_ResetCalibration
                0x0800a60c        0xa lib/STM32F10x_StdPeriph_Driver/libstm32fw.a(stm32f10x_adc.o)
                0x0800a60c                ADC_ResetCalibration
 .text.ADC_GetResetCalibrationStatus
                0x0800a616        0x8 lib/STM32F10x_StdPeriph_Driver/libstm32fw.a(stm32f10x_adc.o)
                0x0800a616                ADC_GetResetCalibrationStatus
 .text.ADC_StartCalibration
                0x0800a61e        0xa lib/STM32F10x_StdPeriph_Driver/libstm32fw.a(stm32f10x_adc.o)
                0x0800a61e                ADC_StartCalibration
 .text.ADC_GetCalibrationStatus
                0x0800a628        0x8 lib/STM32F10x_StdPeriph_Driver/libstm32fw.a(stm32f10x_adc.o)
                0x0800a628                ADC_GetCalibrationStatus
 .text.ADC_SoftwareStartConvCmd
                0x0800a630       0x12 lib/STM32F10x_StdPeriph_Driver/libstm32fw.a(stm32f10x_adc.o)
                0x0800a630                ADC_SoftwareStartConvCmd
 .text.ADC_RegularChannelConfig
                0x0800a642       0x9a lib/STM32F10x_StdPeriph_Driver/libstm32fw.a(stm32f10x_adc.o)
                0x0800a642                ADC_RegularChannelConfig
 .text.ADC_GetConversionValue
                0x0800a6dc        0x6 lib/STM32F10x_StdPeriph_Driver/libstm32fw.a(stm32f10x_adc.o)
                0x0800a6dc                ADC_GetConversionValue
 .text.ADC_ExternalTrigInjectedConvConfig
                0x0800a6e2        0xc lib/STM32F10x_StdPeriph_Driver/libstm32fw.a(stm32f10x_adc.o)
                0x0800a6e2                ADC_ExternalTrigInjectedConvConfig
 .text.ADC_SoftwareStartInjectedConvCmd
                0x0800a6ee       0x12 lib/STM32F10x_StdPeriph_Driver/libstm32fw.a(stm32f10x_adc.o)
                0x0800a6ee                ADC_SoftwareStartInjectedConvCmd
 .text.ADC_InjectedChannelConfig
                0x0800a700       0x60 lib/STM32F10x_StdPeriph_Driver/libstm32fw.a(stm32f10x_adc.o)
                0x0800a700                ADC_InjectedChannelConfig
 .text.ADC_InjectedSequencerLengthConfig
                0x0800a760       0x10 lib/STM32F10x_StdPeriph_Driver/libstm32fw.a(stm32f10x_adc.o)
                0x0800a760                ADC_InjectedSequencerLengthConfig
 .text.ADC_GetInjectedConversionValue
                0x0800a770       0x1a lib/STM32F10x_StdPeriph_Driver/libstm32fw.a(stm32f10x_adc.o)
                0x0800a770                ADC_GetInjectedConversionValue
 .text.ADC_AnalogWatchdogCmd
                0x0800a78a       0x10 lib/STM32F10x_StdPeriph_Driver/libstm32fw.a(stm32f10x_adc.o)
                0x0800a78a                ADC_AnalogWatchdogCmd
 .text.ADC_AnalogWatchdogThresholdsConfig
                0x0800a79a        0x6 lib/STM32F10x_StdPeriph_Driver/libstm32fw.a(stm32f10x_adc.o)
                0x0800a79a                ADC_AnalogWatchdogThresholdsConfig
 .text.ADC_AnalogWatchdogSingleChannelConfig
                0x0800a7a0        0xc lib/STM32F10x_StdPeriph_Driver/libstm32fw.a(stm32f10x_adc.o)
                0x0800a7a0                ADC_AnalogWatchdogSingleChannelConfig
 .text.ADC_GetFlagStatus
                0x0800a7ac        0xc lib/STM32F10x_StdPeriph_Driver/libstm32fw.a(stm32f10x_adc.o)
                0x0800a7ac                ADC_GetFlagStatus
 .text.ADC_ClearFlag
                0x0800a7b8        0x6 lib/STM32F10x_StdPeriph_Driver/libstm32fw.a(stm32f10x_adc.o)
                0x0800a7b8                ADC_ClearFlag
 .text.ADC_GetITStatus
                0x0800a7be       0x16 lib/STM32F10x_StdPeriph_Driver/libstm32fw.a(stm32f10x_adc.o)
                0x0800a7be                ADC_GetITStatus
 .text.ADC_ClearITPendingBit
                0x0800a7d4        0x8 lib/STM32F10x_StdPeriph_Driver/libstm32fw.a(stm32f10x_adc.o)
                0x0800a7d4                ADC_ClearITPendingBit
 .text.BKP_DeInit
                0x0800a7dc       0x12 lib/STM32F10x_StdPeriph_Driver/libstm32fw.a(stm32f10x_bkp.o)
                0x0800a7dc                BKP_DeInit
 *fill*         0x0800a7ee        0x2 00
 .text.BKP_RTCOutputConfig
                0x0800a7f0       0x18 lib/STM32F10x_StdPeriph_Driver/libstm32fw.a(stm32f10x_bkp.o)
                0x0800a7f0                BKP_RTCOutputConfig
 .text.BKP_SetRTCCalibrationValue
                0x0800a808       0x18 lib/STM32F10x_StdPeriph_Driver/libstm32fw.a(stm32f10x_bkp.o)
                0x0800a808                BKP_SetRTCCalibrationValue
 .text.BKP_WriteBackupRegister
                0x0800a820       0x1c lib/STM32F10x_StdPeriph_Driver/libstm32fw.a(stm32f10x_bkp.o)
                0x0800a820                BKP_WriteBackupRegister
 .text.BKP_ReadBackupRegister
                0x0800a83c       0x20 lib/STM32F10x_StdPeriph_Driver/libstm32fw.a(stm32f10x_bkp.o)
                0x0800a83c                BKP_ReadBackupRegister
 .text.DBGMCU_Config
                0x0800a85c       0x18 lib/STM32F10x_StdPeriph_Driver/libstm32fw.a(stm32f10x_dbgmcu.o)
                0x0800a85c                DBGMCU_Config
 .text.DMA_DeInit
                0x0800a874       0xec lib/STM32F10x_StdPeriph_Driver/libstm32fw.a(stm32f10x_dma.o)
                0x0800a874                DMA_DeInit
 .text.DMA_Init
                0x0800a960       0x40 lib/STM32F10x_StdPeriph_Driver/libstm32fw.a(stm32f10x_dma.o)
                0x0800a960                DMA_Init
 .text.DMA_Cmd  0x0800a9a0       0x12 lib/STM32F10x_StdPeriph_Driver/libstm32fw.a(stm32f10x_dma.o)
                0x0800a9a0                DMA_Cmd
 .text.DMA_ITConfig
                0x0800a9b2       0x10 lib/STM32F10x_StdPeriph_Driver/libstm32fw.a(stm32f10x_dma.o)
                0x0800a9b2                DMA_ITConfig
 .text.DMA_GetCurrDataCounter
                0x0800a9c2        0x6 lib/STM32F10x_StdPeriph_Driver/libstm32fw.a(stm32f10x_dma.o)
                0x0800a9c2                DMA_GetCurrDataCounter
 .text.DMA_GetFlagStatus
                0x0800a9c8       0x1c lib/STM32F10x_StdPeriph_Driver/libstm32fw.a(stm32f10x_dma.o)
                0x0800a9c8                DMA_GetFlagStatus
 .text.DMA_ClearFlag
                0x0800a9e4       0x14 lib/STM32F10x_StdPeriph_Driver/libstm32fw.a(stm32f10x_dma.o)
                0x0800a9e4                DMA_ClearFlag
 .text.DMA_GetITStatus
                0x0800a9f8       0x1c lib/STM32F10x_StdPeriph_Driver/libstm32fw.a(stm32f10x_dma.o)
                0x0800a9f8                DMA_GetITStatus
 .text.DMA_ClearITPendingBit
                0x0800aa14       0x14 lib/STM32F10x_StdPeriph_Driver/libstm32fw.a(stm32f10x_dma.o)
                0x0800aa14                DMA_ClearITPendingBit
 .text.EXTI_DeInit
                0x0800aa28       0x1c lib/STM32F10x_StdPeriph_Driver/libstm32fw.a(stm32f10x_exti.o)
                0x0800aa28                EXTI_DeInit
 .text.EXTI_Init
                0x0800aa44       0x88 lib/STM32F10x_StdPeriph_Driver/libstm32fw.a(stm32f10x_exti.o)
                0x0800aa44                EXTI_Init
 .text.EXTI_GetITStatus
                0x0800aacc       0x20 lib/STM32F10x_StdPeriph_Driver/libstm32fw.a(stm32f10x_exti.o)
                0x0800aacc                EXTI_GetITStatus
 .text.EXTI_ClearITPendingBit
                0x0800aaec        0xc lib/STM32F10x_StdPeriph_Driver/libstm32fw.a(stm32f10x_exti.o)
                0x0800aaec                EXTI_ClearITPendingBit
 .text.GPIO_Init
                0x0800aaf8       0x9a lib/STM32F10x_StdPeriph_Driver/libstm32fw.a(stm32f10x_gpio.o)
                0x0800aaf8                GPIO_Init
 .text.GPIO_StructInit
                0x0800ab92       0x10 lib/STM32F10x_StdPeriph_Driver/libstm32fw.a(stm32f10x_gpio.o)
                0x0800ab92                GPIO_StructInit
 .text.GPIO_ReadInputDataBit
                0x0800aba2        0xc lib/STM32F10x_StdPeriph_Driver/libstm32fw.a(stm32f10x_gpio.o)
                0x0800aba2                GPIO_ReadInputDataBit
 .text.GPIO_SetBits
                0x0800abae        0x4 lib/STM32F10x_StdPeriph_Driver/libstm32fw.a(stm32f10x_gpio.o)
                0x0800abae                GPIO_SetBits
 .text.GPIO_ResetBits
                0x0800abb2        0x4 lib/STM32F10x_StdPeriph_Driver/libstm32fw.a(stm32f10x_gpio.o)
                0x0800abb2                GPIO_ResetBits
 .text.GPIO_WriteBit
                0x0800abb6        0xa lib/STM32F10x_StdPeriph_Driver/libstm32fw.a(stm32f10x_gpio.o)
                0x0800abb6                GPIO_WriteBit
 .text.GPIO_PinRemapConfig
                0x0800abc0       0x58 lib/STM32F10x_StdPeriph_Driver/libstm32fw.a(stm32f10x_gpio.o)
                0x0800abc0                GPIO_PinRemapConfig
 .text.GPIO_EXTILineConfig
                0x0800ac18       0x34 lib/STM32F10x_StdPeriph_Driver/libstm32fw.a(stm32f10x_gpio.o)
                0x0800ac18                GPIO_EXTILineConfig
 .text.I2C_DeInit
                0x0800ac4c       0x34 lib/STM32F10x_StdPeriph_Driver/libstm32fw.a(stm32f10x_i2c.o)
                0x0800ac4c                I2C_DeInit
 .text.I2C_Init
                0x0800ac80       0xd4 lib/STM32F10x_StdPeriph_Driver/libstm32fw.a(stm32f10x_i2c.o)
                0x0800ac80                I2C_Init
 .text.I2C_Cmd  0x0800ad54       0x18 lib/STM32F10x_StdPeriph_Driver/libstm32fw.a(stm32f10x_i2c.o)
                0x0800ad54                I2C_Cmd
 .text.I2C_GenerateSTART
                0x0800ad6c       0x18 lib/STM32F10x_StdPeriph_Driver/libstm32fw.a(stm32f10x_i2c.o)
                0x0800ad6c                I2C_GenerateSTART
 .text.I2C_GenerateSTOP
                0x0800ad84       0x18 lib/STM32F10x_StdPeriph_Driver/libstm32fw.a(stm32f10x_i2c.o)
                0x0800ad84                I2C_GenerateSTOP
 .text.I2C_AcknowledgeConfig
                0x0800ad9c       0x18 lib/STM32F10x_StdPeriph_Driver/libstm32fw.a(stm32f10x_i2c.o)
                0x0800ad9c                I2C_AcknowledgeConfig
 .text.I2C_ITConfig
                0x0800adb4       0x12 lib/STM32F10x_StdPeriph_Driver/libstm32fw.a(stm32f10x_i2c.o)
                0x0800adb4                I2C_ITConfig
 .text.I2C_SendData
                0x0800adc6        0x4 lib/STM32F10x_StdPeriph_Driver/libstm32fw.a(stm32f10x_i2c.o)
                0x0800adc6                I2C_SendData
 .text.I2C_ReceiveData
                0x0800adca        0x6 lib/STM32F10x_StdPeriph_Driver/libstm32fw.a(stm32f10x_i2c.o)
                0x0800adca                I2C_ReceiveData
 .text.I2C_Send7bitAddress
                0x0800add0       0x10 lib/STM32F10x_StdPeriph_Driver/libstm32fw.a(stm32f10x_i2c.o)
                0x0800add0                I2C_Send7bitAddress
 .text.I2C_SoftwareResetCmd
                0x0800ade0       0x18 lib/STM32F10x_StdPeriph_Driver/libstm32fw.a(stm32f10x_i2c.o)
                0x0800ade0                I2C_SoftwareResetCmd
 .text.IWDG_WriteAccessCmd
                0x0800adf8        0xc lib/STM32F10x_StdPeriph_Driver/libstm32fw.a(stm32f10x_iwdg.o)
                0x0800adf8                IWDG_WriteAccessCmd
 .text.IWDG_SetPrescaler
                0x0800ae04        0xc lib/STM32F10x_StdPeriph_Driver/libstm32fw.a(stm32f10x_iwdg.o)
                0x0800ae04                IWDG_SetPrescaler
 .text.IWDG_SetReload
                0x0800ae10        0xc lib/STM32F10x_StdPeriph_Driver/libstm32fw.a(stm32f10x_iwdg.o)
                0x0800ae10                IWDG_SetReload
 .text.IWDG_ReloadCounter
                0x0800ae1c       0x10 lib/STM32F10x_StdPeriph_Driver/libstm32fw.a(stm32f10x_iwdg.o)
                0x0800ae1c                IWDG_ReloadCounter
 .text.IWDG_Enable
                0x0800ae2c       0x10 lib/STM32F10x_StdPeriph_Driver/libstm32fw.a(stm32f10x_iwdg.o)
                0x0800ae2c                IWDG_Enable
 .text.PWR_DeInit
                0x0800ae3c       0x1a lib/STM32F10x_StdPeriph_Driver/libstm32fw.a(stm32f10x_pwr.o)
                0x0800ae3c                PWR_DeInit
 *fill*         0x0800ae56        0x2 00
 .text.PWR_BackupAccessCmd
                0x0800ae58        0xc lib/STM32F10x_StdPeriph_Driver/libstm32fw.a(stm32f10x_pwr.o)
                0x0800ae58                PWR_BackupAccessCmd
 .text.PWR_WakeUpPinCmd
                0x0800ae64        0xc lib/STM32F10x_StdPeriph_Driver/libstm32fw.a(stm32f10x_pwr.o)
                0x0800ae64                PWR_WakeUpPinCmd
 .text.PWR_EnterSTANDBYMode
                0x0800ae70       0x28 lib/STM32F10x_StdPeriph_Driver/libstm32fw.a(stm32f10x_pwr.o)
                0x0800ae70                PWR_EnterSTANDBYMode
 .text.RCC_HCLKConfig
                0x0800ae98       0x14 lib/STM32F10x_StdPeriph_Driver/libstm32fw.a(stm32f10x_rcc.o)
                0x0800ae98                RCC_HCLKConfig
 .text.RCC_USBCLKConfig
                0x0800aeac        0xc lib/STM32F10x_StdPeriph_Driver/libstm32fw.a(stm32f10x_rcc.o)
                0x0800aeac                RCC_USBCLKConfig
 .text.RCC_ADCCLKConfig
                0x0800aeb8       0x14 lib/STM32F10x_StdPeriph_Driver/libstm32fw.a(stm32f10x_rcc.o)
                0x0800aeb8                RCC_ADCCLKConfig
 .text.RCC_LSEConfig
                0x0800aecc       0x20 lib/STM32F10x_StdPeriph_Driver/libstm32fw.a(stm32f10x_rcc.o)
                0x0800aecc                RCC_LSEConfig
 .text.RCC_RTCCLKConfig
                0x0800aeec       0x10 lib/STM32F10x_StdPeriph_Driver/libstm32fw.a(stm32f10x_rcc.o)
                0x0800aeec                RCC_RTCCLKConfig
 .text.RCC_RTCCLKCmd
                0x0800aefc        0xc lib/STM32F10x_StdPeriph_Driver/libstm32fw.a(stm32f10x_rcc.o)
                0x0800aefc                RCC_RTCCLKCmd
 .text.RCC_GetClocksFreq
                0x0800af08       0x9c lib/STM32F10x_StdPeriph_Driver/libstm32fw.a(stm32f10x_rcc.o)
                0x0800af08                RCC_GetClocksFreq
 .text.RCC_AHBPeriphClockCmd
                0x0800afa4       0x18 lib/STM32F10x_StdPeriph_Driver/libstm32fw.a(stm32f10x_rcc.o)
                0x0800afa4                RCC_AHBPeriphClockCmd
 .text.RCC_APB2PeriphClockCmd
                0x0800afbc       0x18 lib/STM32F10x_StdPeriph_Driver/libstm32fw.a(stm32f10x_rcc.o)
                0x0800afbc                RCC_APB2PeriphClockCmd
 .text.RCC_APB1PeriphClockCmd
                0x0800afd4       0x18 lib/STM32F10x_StdPeriph_Driver/libstm32fw.a(stm32f10x_rcc.o)
                0x0800afd4                RCC_APB1PeriphClockCmd
 .text.RCC_APB2PeriphResetCmd
                0x0800afec       0x18 lib/STM32F10x_StdPeriph_Driver/libstm32fw.a(stm32f10x_rcc.o)
                0x0800afec                RCC_APB2PeriphResetCmd
 .text.RCC_APB1PeriphResetCmd
                0x0800b004       0x18 lib/STM32F10x_StdPeriph_Driver/libstm32fw.a(stm32f10x_rcc.o)
                0x0800b004                RCC_APB1PeriphResetCmd
 .text.RCC_BackupResetCmd
                0x0800b01c        0xc lib/STM32F10x_StdPeriph_Driver/libstm32fw.a(stm32f10x_rcc.o)
                0x0800b01c                RCC_BackupResetCmd
 .text.RCC_GetFlagStatus
                0x0800b028       0x28 lib/STM32F10x_StdPeriph_Driver/libstm32fw.a(stm32f10x_rcc.o)
                0x0800b028                RCC_GetFlagStatus
 .text.RTC_EnterConfigMode
                0x0800b050       0x14 lib/STM32F10x_StdPeriph_Driver/libstm32fw.a(stm32f10x_rtc.o)
                0x0800b050                RTC_EnterConfigMode
 .text.RTC_ExitConfigMode
                0x0800b064       0x14 lib/STM32F10x_StdPeriph_Driver/libstm32fw.a(stm32f10x_rtc.o)
                0x0800b064                RTC_ExitConfigMode
 .text.RTC_GetCounter
                0x0800b078       0x14 lib/STM32F10x_StdPeriph_Driver/libstm32fw.a(stm32f10x_rtc.o)
                0x0800b078                RTC_GetCounter
 .text.RTC_SetCounter
                0x0800b08c       0x20 lib/STM32F10x_StdPeriph_Driver/libstm32fw.a(stm32f10x_rtc.o)
                0x0800b08c                RTC_SetCounter
 .text.RTC_SetPrescaler
                0x0800b0ac       0x20 lib/STM32F10x_StdPeriph_Driver/libstm32fw.a(stm32f10x_rtc.o)
                0x0800b0ac                RTC_SetPrescaler
 .text.RTC_WaitForLastTask
                0x0800b0cc       0x14 lib/STM32F10x_StdPeriph_Driver/libstm32fw.a(stm32f10x_rtc.o)
                0x0800b0cc                RTC_WaitForLastTask
 .text.RTC_WaitForSynchro
                0x0800b0e0       0x24 lib/STM32F10x_StdPeriph_Driver/libstm32fw.a(stm32f10x_rtc.o)
                0x0800b0e0                RTC_WaitForSynchro
 .text.SPI_Init
                0x0800b104       0x3e lib/STM32F10x_StdPeriph_Driver/libstm32fw.a(stm32f10x_spi.o)
                0x0800b104                SPI_Init
 .text.SPI_StructInit
                0x0800b142       0x18 lib/STM32F10x_StdPeriph_Driver/libstm32fw.a(stm32f10x_spi.o)
                0x0800b142                SPI_StructInit
 .text.SPI_Cmd  0x0800b15a       0x18 lib/STM32F10x_StdPeriph_Driver/libstm32fw.a(stm32f10x_spi.o)
                0x0800b15a                SPI_Cmd
 .text.SPI_I2S_DMACmd
                0x0800b172       0x12 lib/STM32F10x_StdPeriph_Driver/libstm32fw.a(stm32f10x_spi.o)
                0x0800b172                SPI_I2S_DMACmd
 .text.SPI_I2S_SendData
                0x0800b184        0x4 lib/STM32F10x_StdPeriph_Driver/libstm32fw.a(stm32f10x_spi.o)
                0x0800b184                SPI_I2S_SendData
 .text.SPI_I2S_ReceiveData
                0x0800b188        0x6 lib/STM32F10x_StdPeriph_Driver/libstm32fw.a(stm32f10x_spi.o)
                0x0800b188                SPI_I2S_ReceiveData
 .text.SPI_CalculateCRC
                0x0800b18e       0x18 lib/STM32F10x_StdPeriph_Driver/libstm32fw.a(stm32f10x_spi.o)
                0x0800b18e                SPI_CalculateCRC
 .text.SPI_I2S_GetFlagStatus
                0x0800b1a6        0xc lib/STM32F10x_StdPeriph_Driver/libstm32fw.a(stm32f10x_spi.o)
                0x0800b1a6                SPI_I2S_GetFlagStatus
 *fill*         0x0800b1b2        0x2 00
 .text.TIM_DeInit
                0x0800b1b4       0xc8 lib/STM32F10x_StdPeriph_Driver/libstm32fw.a(stm32f10x_tim.o)
                0x0800b1b4                TIM_DeInit
 .text.TIM_TimeBaseInit
                0x0800b27c       0x3c lib/STM32F10x_StdPeriph_Driver/libstm32fw.a(stm32f10x_tim.o)
                0x0800b27c                TIM_TimeBaseInit
 .text.TIM_OC4Init
                0x0800b2b8       0x68 lib/STM32F10x_StdPeriph_Driver/libstm32fw.a(stm32f10x_tim.o)
                0x0800b2b8                TIM_OC4Init
 .text.TIM_Cmd  0x0800b320       0x18 lib/STM32F10x_StdPeriph_Driver/libstm32fw.a(stm32f10x_tim.o)
                0x0800b320                TIM_Cmd
 .text.TIM_OC4PreloadConfig
                0x0800b338       0x14 lib/STM32F10x_StdPeriph_Driver/libstm32fw.a(stm32f10x_tim.o)
                0x0800b338                TIM_OC4PreloadConfig
 .text.USART_DeInit
                0x0800b34c       0x98 lib/STM32F10x_StdPeriph_Driver/libstm32fw.a(stm32f10x_usart.o)
                0x0800b34c                USART_DeInit
 .text.USART_Init
                0x0800b3e4       0x88 lib/STM32F10x_StdPeriph_Driver/libstm32fw.a(stm32f10x_usart.o)
                0x0800b3e4                USART_Init
 .text.USART_Cmd
                0x0800b46c       0x18 lib/STM32F10x_StdPeriph_Driver/libstm32fw.a(stm32f10x_usart.o)
                0x0800b46c                USART_Cmd
 .text.USART_ITConfig
                0x0800b484       0x34 lib/STM32F10x_StdPeriph_Driver/libstm32fw.a(stm32f10x_usart.o)
                0x0800b484                USART_ITConfig
 .text.USART_DMACmd
                0x0800b4b8       0x12 lib/STM32F10x_StdPeriph_Driver/libstm32fw.a(stm32f10x_usart.o)
                0x0800b4b8                USART_DMACmd
 .text.USART_SendData
                0x0800b4ca        0x8 lib/STM32F10x_StdPeriph_Driver/libstm32fw.a(stm32f10x_usart.o)
                0x0800b4ca                USART_SendData
 .text.USART_ReceiveData
                0x0800b4d2        0x8 lib/STM32F10x_StdPeriph_Driver/libstm32fw.a(stm32f10x_usart.o)
                0x0800b4d2                USART_ReceiveData
 .text.USART_GetFlagStatus
                0x0800b4da        0xc lib/STM32F10x_StdPeriph_Driver/libstm32fw.a(stm32f10x_usart.o)
                0x0800b4da                USART_GetFlagStatus
 .text.USART_GetITStatus
                0x0800b4e6       0x40 lib/STM32F10x_StdPeriph_Driver/libstm32fw.a(stm32f10x_usart.o)
                0x0800b4e6                USART_GetITStatus
 .text.USART_ClearITPendingBit
                0x0800b526       0x10 lib/STM32F10x_StdPeriph_Driver/libstm32fw.a(stm32f10x_usart.o)
                0x0800b526                USART_ClearITPendingBit
 *fill*         0x0800b536        0x2 00
 .text.Standard_GetConfiguration
                0x0800b538       0x24 lib/STM32_USB-FS-Device_Driver/libstm32usb.a(usb_core.o)
                0x0800b538                Standard_GetConfiguration
 .text.Standard_GetInterface
                0x0800b55c       0x24 lib/STM32_USB-FS-Device_Driver/libstm32usb.a(usb_core.o)
                0x0800b55c                Standard_GetInterface
 .text.Standard_GetStatus
                0x0800b580       0x9c lib/STM32_USB-FS-Device_Driver/libstm32usb.a(usb_core.o)
                0x0800b580                Standard_GetStatus
 .text.DataStageIn
                0x0800b61c       0xa4 lib/STM32_USB-FS-Device_Driver/libstm32usb.a(usb_core.o)
 .text.Standard_SetConfiguration
                0x0800b6c0       0x38 lib/STM32_USB-FS-Device_Driver/libstm32usb.a(usb_core.o)
                0x0800b6c0                Standard_SetConfiguration
 .text.Standard_SetInterface
                0x0800b6f8       0x48 lib/STM32_USB-FS-Device_Driver/libstm32usb.a(usb_core.o)
                0x0800b6f8                Standard_SetInterface
 .text.Standard_ClearFeature
                0x0800b740       0xdc lib/STM32_USB-FS-Device_Driver/libstm32usb.a(usb_core.o)
                0x0800b740                Standard_ClearFeature
 .text.Standard_SetEndPointFeature
                0x0800b81c       0x8c lib/STM32_USB-FS-Device_Driver/libstm32usb.a(usb_core.o)
                0x0800b81c                Standard_SetEndPointFeature
 .text.Standard_SetDeviceFeature
                0x0800b8a8       0x24 lib/STM32_USB-FS-Device_Driver/libstm32usb.a(usb_core.o)
                0x0800b8a8                Standard_SetDeviceFeature
 .text.Standard_GetDescriptorData
                0x0800b8cc       0x1c lib/STM32_USB-FS-Device_Driver/libstm32usb.a(usb_core.o)
                0x0800b8cc                Standard_GetDescriptorData
 .text.Post0_Process
                0x0800b8e8       0x40 lib/STM32_USB-FS-Device_Driver/libstm32usb.a(usb_core.o)
                0x0800b8e8                Post0_Process
 .text.Out0_Process
                0x0800b928       0xd4 lib/STM32_USB-FS-Device_Driver/libstm32usb.a(usb_core.o)
                0x0800b928                Out0_Process
 .text.Setup0_Process
                0x0800b9fc      0x2f8 lib/STM32_USB-FS-Device_Driver/libstm32usb.a(usb_core.o)
                0x0800b9fc                Setup0_Process
 .text.SetDeviceAddress
                0x0800bcf4       0x40 lib/STM32_USB-FS-Device_Driver/libstm32usb.a(usb_core.o)
                0x0800bcf4                SetDeviceAddress
 .text.In0_Process
                0x0800bd34       0x60 lib/STM32_USB-FS-Device_Driver/libstm32usb.a(usb_core.o)
                0x0800bd34                In0_Process
 .text.NOP_Process
                0x0800bd94        0x2 lib/STM32_USB-FS-Device_Driver/libstm32usb.a(usb_core.o)
                0x0800bd94                NOP_Process
 *fill*         0x0800bd96        0x2 00
 .text.USB_Init
                0x0800bd98       0x38 lib/STM32_USB-FS-Device_Driver/libstm32usb.a(usb_init.o)
                0x0800bd98                USB_Init
 .text.CTR_LP   0x0800bdd0      0x190 lib/STM32_USB-FS-Device_Driver/libstm32usb.a(usb_int.o)
                0x0800bdd0                CTR_LP
 .text.CTR_HP   0x0800bf60       0x74 lib/STM32_USB-FS-Device_Driver/libstm32usb.a(usb_int.o)
                0x0800bf60                CTR_HP
 .text.UserToPMABufferCopy
                0x0800bfd4       0x2e lib/STM32_USB-FS-Device_Driver/libstm32usb.a(usb_mem.o)
                0x0800bfd4                UserToPMABufferCopy
 .text.PMAToUserBufferCopy
                0x0800c002       0x24 lib/STM32_USB-FS-Device_Driver/libstm32usb.a(usb_mem.o)
                0x0800c002                PMAToUserBufferCopy
 *fill*         0x0800c026        0x2 00
 .text.SetBTABLE
                0x0800c028       0x10 lib/STM32_USB-FS-Device_Driver/libstm32usb.a(usb_regs.o)
                0x0800c028                SetBTABLE
 .text.SetEPType
                0x0800c038       0x18 lib/STM32_USB-FS-Device_Driver/libstm32usb.a(usb_regs.o)
                0x0800c038                SetEPType
 .text.SetEPTxStatus
                0x0800c050       0x3a lib/STM32_USB-FS-Device_Driver/libstm32usb.a(usb_regs.o)
                0x0800c050                SetEPTxStatus
 .text.SetEPRxStatus
                0x0800c08a       0x3a lib/STM32_USB-FS-Device_Driver/libstm32usb.a(usb_regs.o)
                0x0800c08a                SetEPRxStatus
 .text.SetEPRxValid
                0x0800c0c4       0x22 lib/STM32_USB-FS-Device_Driver/libstm32usb.a(usb_regs.o)
                0x0800c0c4                SetEPRxValid
 .text.Clear_Status_Out
                0x0800c0e6       0x1e lib/STM32_USB-FS-Device_Driver/libstm32usb.a(usb_regs.o)
                0x0800c0e6                Clear_Status_Out
 .text.ClearDTOG_RX
                0x0800c104       0x24 lib/STM32_USB-FS-Device_Driver/libstm32usb.a(usb_regs.o)
                0x0800c104                ClearDTOG_RX
 .text.ClearDTOG_TX
                0x0800c128       0x24 lib/STM32_USB-FS-Device_Driver/libstm32usb.a(usb_regs.o)
                0x0800c128                ClearDTOG_TX
 .text.SetEPTxAddr
                0x0800c14c       0x20 lib/STM32_USB-FS-Device_Driver/libstm32usb.a(usb_regs.o)
                0x0800c14c                SetEPTxAddr
 .text.SetEPRxAddr
                0x0800c16c       0x20 lib/STM32_USB-FS-Device_Driver/libstm32usb.a(usb_regs.o)
                0x0800c16c                SetEPRxAddr
 .text.GetEPTxAddr
                0x0800c18c       0x1c lib/STM32_USB-FS-Device_Driver/libstm32usb.a(usb_regs.o)
                0x0800c18c                GetEPTxAddr
 .text.GetEPRxAddr
                0x0800c1a8       0x1c lib/STM32_USB-FS-Device_Driver/libstm32usb.a(usb_regs.o)
                0x0800c1a8                GetEPRxAddr
 .text.SetEPTxCount
                0x0800c1c4       0x1c lib/STM32_USB-FS-Device_Driver/libstm32usb.a(usb_regs.o)
                0x0800c1c4                SetEPTxCount
 .text.SetEPRxCount
                0x0800c1e0       0x3c lib/STM32_USB-FS-Device_Driver/libstm32usb.a(usb_regs.o)
                0x0800c1e0                SetEPRxCount
 .text.GetEPRxCount
                0x0800c21c       0x20 lib/STM32_USB-FS-Device_Driver/libstm32usb.a(usb_regs.o)
                0x0800c21c                GetEPRxCount
 .text.ByteSwap
                0x0800c23c        0xa lib/STM32_USB-FS-Device_Driver/libstm32usb.a(usb_regs.o)
                0x0800c23c                ByteSwap
 *fill*         0x0800c246        0x2 00
 .text.USB_SIL_Init
                0x0800c248       0x20 lib/STM32_USB-FS-Device_Driver/libstm32usb.a(usb_sil.o)
                0x0800c248                USB_SIL_Init
 .text.USB_SIL_Write
                0x0800c268       0x28 lib/STM32_USB-FS-Device_Driver/libstm32usb.a(usb_sil.o)
                0x0800c268                USB_SIL_Write
 .text.USB_SIL_Read
                0x0800c290       0x24 lib/STM32_USB-FS-Device_Driver/libstm32usb.a(usb_sil.o)
                0x0800c290                USB_SIL_Read
 .text.memset   0x0800c2b4      0x12c /home/laurence/ARM-GCC/bin/../lib/gcc/arm-none-eabi/4.7.4/../../../../arm-none-eabi/lib/armv7-m/libc.a(lib_a-memset.o)
                0x0800c2b4                memset
 .text.srand    0x0800c3e0       0x18 /home/laurence/ARM-GCC/bin/../lib/gcc/arm-none-eabi/4.7.4/../../../../arm-none-eabi/lib/armv7-m/libc.a(lib_a-rand.o)
                0x0800c3e0                srand
 .text.rand     0x0800c3f8       0x48 /home/laurence/ARM-GCC/bin/../lib/gcc/arm-none-eabi/4.7.4/../../../../arm-none-eabi/lib/armv7-m/libc.a(lib_a-rand.o)
                0x0800c3f8                rand
 .text.sinf     0x0800c440       0x78 /home/laurence/ARM-GCC/bin/../lib/gcc/arm-none-eabi/4.7.4/../../../../arm-none-eabi/lib/armv7-m/libm.a(lib_a-sf_sin.o)
                0x0800c440                sinf
 .text.atan2    0x0800c4b8        0x4 /home/laurence/ARM-GCC/bin/../lib/gcc/arm-none-eabi/4.7.4/../../../../arm-none-eabi/lib/armv7-m/libm.a(lib_a-w_atan2.o)
                0x0800c4b8                atan2
 .text.acosf    0x0800c4bc       0xa0 /home/laurence/ARM-GCC/bin/../lib/gcc/arm-none-eabi/4.7.4/../../../../arm-none-eabi/lib/armv7-m/libm.a(lib_a-wf_acos.o)
                0x0800c4bc                acosf
 .text.atan2f   0x0800c55c        0x4 /home/laurence/ARM-GCC/bin/../lib/gcc/arm-none-eabi/4.7.4/../../../../arm-none-eabi/lib/armv7-m/libm.a(lib_a-wf_atan2.o)
                0x0800c55c                atan2f
 .text.sqrtf    0x0800c560       0x9c /home/laurence/ARM-GCC/bin/../lib/gcc/arm-none-eabi/4.7.4/../../../../arm-none-eabi/lib/armv7-m/libm.a(lib_a-wf_sqrt.o)
                0x0800c560                sqrtf
 *fill*         0x0800c5fc        0x4 00
 .text.__ieee754_atan2
                0x0800c600      0x218 /home/laurence/ARM-GCC/bin/../lib/gcc/arm-none-eabi/4.7.4/../../../../arm-none-eabi/lib/armv7-m/libm.a(lib_a-e_atan2.o)
                0x0800c600                __ieee754_atan2
 .text.__ieee754_acosf
                0x0800c818      0x368 /home/laurence/ARM-GCC/bin/../lib/gcc/arm-none-eabi/4.7.4/../../../../arm-none-eabi/lib/armv7-m/libm.a(lib_a-ef_acos.o)
                0x0800c818                __ieee754_acosf
 .text.__ieee754_atan2f
                0x0800cb80      0x14c /home/laurence/ARM-GCC/bin/../lib/gcc/arm-none-eabi/4.7.4/../../../../arm-none-eabi/lib/armv7-m/libm.a(lib_a-ef_atan2.o)
                0x0800cb80                __ieee754_atan2f
 .text.__ieee754_rem_pio2f
                0x0800cccc      0x358 /home/laurence/ARM-GCC/bin/../lib/gcc/arm-none-eabi/4.7.4/../../../../arm-none-eabi/lib/armv7-m/libm.a(lib_a-ef_rem_pio2.o)
                0x0800cccc                __ieee754_rem_pio2f
 .text.__ieee754_sqrtf
                0x0800d024       0xd4 /home/laurence/ARM-GCC/bin/../lib/gcc/arm-none-eabi/4.7.4/../../../../arm-none-eabi/lib/armv7-m/libm.a(lib_a-ef_sqrt.o)
                0x0800d024                __ieee754_sqrtf
 .text.__kernel_cosf
                0x0800d0f8      0x1b8 /home/laurence/ARM-GCC/bin/../lib/gcc/arm-none-eabi/4.7.4/../../../../arm-none-eabi/lib/armv7-m/libm.a(lib_a-kf_cos.o)
                0x0800d0f8                __kernel_cosf
 .text.__kernel_rem_pio2f
                0x0800d2b0      0xba0 /home/laurence/ARM-GCC/bin/../lib/gcc/arm-none-eabi/4.7.4/../../../../arm-none-eabi/lib/armv7-m/libm.a(lib_a-kf_rem_pio2.o)
                0x0800d2b0                __kernel_rem_pio2f
 .text.__kernel_sinf
                0x0800de50      0x100 /home/laurence/ARM-GCC/bin/../lib/gcc/arm-none-eabi/4.7.4/../../../../arm-none-eabi/lib/armv7-m/libm.a(lib_a-kf_sin.o)
                0x0800de50                __kernel_sinf
 .text.atan     0x0800df50      0x368 /home/laurence/ARM-GCC/bin/../lib/gcc/arm-none-eabi/4.7.4/../../../../arm-none-eabi/lib/armv7-m/libm.a(lib_a-s_atan.o)
                0x0800df50                atan
 .text.fabs     0x0800e2b8        0x8 /home/laurence/ARM-GCC/bin/../lib/gcc/arm-none-eabi/4.7.4/../../../../arm-none-eabi/lib/armv7-m/libm.a(lib_a-s_fabs.o)
                0x0800e2b8                fabs
 .text.matherr  0x0800e2c0        0x4 /home/laurence/ARM-GCC/bin/../lib/gcc/arm-none-eabi/4.7.4/../../../../arm-none-eabi/lib/armv7-m/libm.a(lib_a-s_matherr.o)
                0x0800e2c0                matherr
 .text.nan      0x0800e2c4        0xc /home/laurence/ARM-GCC/bin/../lib/gcc/arm-none-eabi/4.7.4/../../../../arm-none-eabi/lib/armv7-m/libm.a(lib_a-s_nan.o)
                0x0800e2c4                nan
 .text.atanf    0x0800e2d0      0x258 /home/laurence/ARM-GCC/bin/../lib/gcc/arm-none-eabi/4.7.4/../../../../arm-none-eabi/lib/armv7-m/libm.a(lib_a-sf_atan.o)
                0x0800e2d0                atanf
 .text.fabsf    0x0800e528        0x8 /home/laurence/ARM-GCC/bin/../lib/gcc/arm-none-eabi/4.7.4/../../../../arm-none-eabi/lib/armv7-m/libm.a(lib_a-sf_fabs.o)
                0x0800e528                fabsf
 .text.floorf   0x0800e530       0x94 /home/laurence/ARM-GCC/bin/../lib/gcc/arm-none-eabi/4.7.4/../../../../arm-none-eabi/lib/armv7-m/libm.a(lib_a-sf_floor.o)
                0x0800e530                floorf
 .text.__fpclassifyf
                0x0800e5c4       0x58 /home/laurence/ARM-GCC/bin/../lib/gcc/arm-none-eabi/4.7.4/../../../../arm-none-eabi/lib/armv7-m/libm.a(lib_a-sf_fpclassify.o)
                0x0800e5c4                __fpclassifyf
 .text.scalbnf  0x0800e61c       0xc0 /home/laurence/ARM-GCC/bin/../lib/gcc/arm-none-eabi/4.7.4/../../../../arm-none-eabi/lib/armv7-m/libm.a(lib_a-sf_scalbn.o)
                0x0800e61c                scalbnf
 .text.copysignf
                0x0800e6dc        0xc /home/laurence/ARM-GCC/bin/../lib/gcc/arm-none-eabi/4.7.4/../../../../arm-none-eabi/lib/armv7-m/libm.a(lib_a-sf_copysign.o)
                0x0800e6dc                copysignf
 .text._sbrk    0x0800e6e8       0x34 /home/laurence/ARM-GCC/bin/../lib/gcc/arm-none-eabi/4.7.4/../../../../arm-none-eabi/lib/armv7-m/libnosys.a(sbrk.o)
                0x0800e6e8                _sbrk
 .text.__errno  0x0800e71c        0xc /home/laurence/ARM-GCC/bin/../lib/gcc/arm-none-eabi/4.7.4/../../../../arm-none-eabi/lib/armv7-m/libc.a(lib_a-errno.o)
                0x0800e71c                __errno
 *(.rodata)
 .rodata        0x0800e728       0xb4 /tmp/cclanrH0.ltrans0.ltrans.o
                0x0800e7cd                DaysInMonth.5327
 .rodata        0x0800e7dc       0x32 /tmp/cclanrH0.ltrans1.ltrans.o
 .rodata        0x0800e80e      0x3ce /tmp/cclanrH0.ltrans3.ltrans.o
 .rodata        0x0800ebdc       0x74 /tmp/cclanrH0.ltrans4.ltrans.o
 .rodata        0x0800ec50      0x180 /tmp/cclanrH0.ltrans8.ltrans.o
                0x0800ec50                Tbl.4894
 *(.rodata*)
 .rodata.str1.1
                0x0800edd0      0x3b6 /tmp/cclanrH0.ltrans0.ltrans.o
                                0x3bb (size before relaxing)
 .rodata.str1.1
                0x0800f186       0x16 /tmp/cclanrH0.ltrans1.ltrans.o
                                 0x19 (size before relaxing)
 .rodata.str1.1
                0x0800f19c       0x10 /tmp/cclanrH0.ltrans8.ltrans.o
 .rodata.str1.4
                0x0800f1ac        0x2 /home/laurence/ARM-GCC/bin/../lib/gcc/arm-none-eabi/4.7.4/../../../../arm-none-eabi/lib/armv7-m/libc.a(lib_a-impure.o)
                                  0x4 (size before relaxing)
 *fill*         0x0800f1ae        0x2 00
 .rodata.str1.4
                0x0800f1b0        0x9 /home/laurence/ARM-GCC/bin/../lib/gcc/arm-none-eabi/4.7.4/../../../../arm-none-eabi/lib/armv7-m/libm.a(lib_a-wf_acos.o)
                                  0xc (size before relaxing)
 *fill*         0x0800f1b9        0x3 00
 .rodata.str1.4
                0x0800f1bc        0x8 /home/laurence/ARM-GCC/bin/../lib/gcc/arm-none-eabi/4.7.4/../../../../arm-none-eabi/lib/armv7-m/libm.a(lib_a-wf_sqrt.o)
 .rodata.npio2_hw
                0x0800f1c4       0x80 /home/laurence/ARM-GCC/bin/../lib/gcc/arm-none-eabi/4.7.4/../../../../arm-none-eabi/lib/armv7-m/libm.a(lib_a-ef_rem_pio2.o)
 .rodata.two_over_pi
                0x0800f244      0x318 /home/laurence/ARM-GCC/bin/../lib/gcc/arm-none-eabi/4.7.4/../../../../arm-none-eabi/lib/armv7-m/libm.a(lib_a-ef_rem_pio2.o)
 .rodata.init_jk
                0x0800f55c        0xc /home/laurence/ARM-GCC/bin/../lib/gcc/arm-none-eabi/4.7.4/../../../../arm-none-eabi/lib/armv7-m/libm.a(lib_a-kf_rem_pio2.o)
 .rodata.PIo2   0x0800f568       0x2c /home/laurence/ARM-GCC/bin/../lib/gcc/arm-none-eabi/4.7.4/../../../../arm-none-eabi/lib/armv7-m/libm.a(lib_a-kf_rem_pio2.o)
 *fill*         0x0800f594        0x4 00
 .rodata.atanlo
                0x0800f598       0x20 /home/laurence/ARM-GCC/bin/../lib/gcc/arm-none-eabi/4.7.4/../../../../arm-none-eabi/lib/armv7-m/libm.a(lib_a-s_atan.o)
 .rodata.atanhi
                0x0800f5b8       0x20 /home/laurence/ARM-GCC/bin/../lib/gcc/arm-none-eabi/4.7.4/../../../../arm-none-eabi/lib/armv7-m/libm.a(lib_a-s_atan.o)
 .rodata.atanlo
                0x0800f5d8       0x10 /home/laurence/ARM-GCC/bin/../lib/gcc/arm-none-eabi/4.7.4/../../../../arm-none-eabi/lib/armv7-m/libm.a(lib_a-sf_atan.o)
 .rodata.atanhi
                0x0800f5e8       0x10 /home/laurence/ARM-GCC/bin/../lib/gcc/arm-none-eabi/4.7.4/../../../../arm-none-eabi/lib/armv7-m/libm.a(lib_a-sf_atan.o)
 *(.glue_7)
 .glue_7        0x00000000        0x0 linker stubs
 *(.glue_7t)
 .glue_7t       0x00000000        0x0 linker stubs
 *(.init)
 .init          0x0800f5f8        0x4 /home/laurence/ARM-GCC/bin/../lib/gcc/arm-none-eabi/4.7.4/armv7-m/crti.o
                0x0800f5f8                _init
 .init          0x0800f5fc        0x8 /home/laurence/ARM-GCC/bin/../lib/gcc/arm-none-eabi/4.7.4/armv7-m/crtn.o
 *(.fini)
 .fini          0x0800f604        0x4 /home/laurence/ARM-GCC/bin/../lib/gcc/arm-none-eabi/4.7.4/armv7-m/crti.o
                0x0800f604                _fini
 .fini          0x0800f608        0x8 /home/laurence/ARM-GCC/bin/../lib/gcc/arm-none-eabi/4.7.4/armv7-m/crtn.o
                0x0800f610                . = ALIGN (0x4)
                0x0800f610                _etext = .
                0x0800f610                _sidata = _etext

.vfp11_veneer   0x0800f610        0x0
 .vfp11_veneer  0x00000000        0x0 linker stubs

.v4_bx          0x0800f610        0x0
 .v4_bx         0x00000000        0x0 linker stubs

.iplt           0x0800f610        0x0
 .iplt          0x00000000        0x0 /home/laurence/ARM-GCC/bin/../lib/gcc/arm-none-eabi/4.7.4/armv7-m/crtbegin.o

.rel.dyn        0x0800f610        0x0
 .rel.iplt      0x00000000        0x0 /home/laurence/ARM-GCC/bin/../lib/gcc/arm-none-eabi/4.7.4/armv7-m/crtbegin.o

.flashpatch     0x00000000        0x0
                0x00000000                . = ALIGN (0x4)
 *(.flashpatch)
                0x00000000                . = ALIGN (0x4)

.endflash       0x00000000        0x0
                0x00000000                . = ALIGN (0x4)
 *(.endflash)
                0x00000000                . = ALIGN (0x4)
                0x00000000                _e_endflash = .

.data           0x20000000      0xa28 load address 0x0800f610
                0x20000000                . = ALIGN (0x4)
                0x20000000                _sdata = .
                0x20000000                _data = .
 *(.data)
 .data          0x20000000        0xc /tmp/cclanrH0.ltrans0.ltrans.o
                0x20000008                SP1ML_network_address
 .data          0x2000000c       0x14 /tmp/cclanrH0.ltrans1.ltrans.o
                0x2000001e                Device_Table
 .data          0x20000020       0x24 /tmp/cclanrH0.ltrans3.ltrans.o
                0x20000020                DCM_glob
 .data          0x20000044       0x68 /tmp/cclanrH0.ltrans4.ltrans.o
                0x20000060                String_Descriptor
                0x20000088                User_Standard_Requests
 .data          0x200000ac       0x40 /tmp/cclanrH0.ltrans6.ltrans.o
                0x200000ac                I2C_jobs
 .data          0x200000ec       0xac /tmp/cclanrH0.ltrans7.ltrans.o
                0x200000ec                Scsi_Sense_Data
                0x20000160                pEpInt_OUT
                0x2000017c                pEpInt_IN
 .data          0x20000198        0x1 /tmp/cclanrH0.ltrans9.ltrans.o
 *fill*         0x20000199        0x3 00
 .data          0x2000019c       0x34 /tmp/cclanrH0.ltrans10.ltrans.o
                0x2000019c                Device_Property
                0x200001cd                Stat.5521
 *(.data.*)
 .data.__malloc_av_
                0x200001d0      0x408 /home/laurence/ARM-GCC/bin/../lib/gcc/arm-none-eabi/4.7.4/../../../../arm-none-eabi/lib/armv7-m/libc.a(lib_a-mallocr.o)
                0x200001d0                __malloc_av_
 .data.__malloc_trim_threshold
                0x200005d8        0x4 /home/laurence/ARM-GCC/bin/../lib/gcc/arm-none-eabi/4.7.4/../../../../arm-none-eabi/lib/armv7-m/libc.a(lib_a-mallocr.o)
                0x200005d8                __malloc_trim_threshold
 .data.__malloc_sbrk_base
                0x200005dc        0x4 /home/laurence/ARM-GCC/bin/../lib/gcc/arm-none-eabi/4.7.4/../../../../arm-none-eabi/lib/armv7-m/libc.a(lib_a-mallocr.o)
                0x200005dc                __malloc_sbrk_base
 .data.ADCPrescTable
                0x200005e0        0x4 lib/STM32F10x_StdPeriph_Driver/libstm32fw.a(stm32f10x_rcc.o)
 .data.APBAHBPrescTable
                0x200005e4       0x10 lib/STM32F10x_StdPeriph_Driver/libstm32fw.a(stm32f10x_rcc.o)
 *fill*         0x200005f4        0x4 00
 .data.impure_data
                0x200005f8      0x428 /home/laurence/ARM-GCC/bin/../lib/gcc/arm-none-eabi/4.7.4/../../../../arm-none-eabi/lib/armv7-m/libc.a(lib_a-impure.o)
 .data._impure_ptr
                0x20000a20        0x4 /home/laurence/ARM-GCC/bin/../lib/gcc/arm-none-eabi/4.7.4/../../../../arm-none-eabi/lib/armv7-m/libc.a(lib_a-impure.o)
                0x20000a20                _impure_ptr
 .data.__fdlib_version
                0x20000a24        0x1 /home/laurence/ARM-GCC/bin/../lib/gcc/arm-none-eabi/4.7.4/../../../../arm-none-eabi/lib/armv7-m/libm.a(lib_a-s_lib_ver.o)
                0x20000a24                __fdlib_version
 *(.RAMtext)
                0x20000a28                . = ALIGN (0x4)
 *fill*         0x20000a25        0x3 00
                0x20000a28                _edata = .
                0x08010038                _eidata = (_sidata + (_edata - _sdata))
                0x08020000                _lastdataromaddress = (ORIGIN (FLASH) + 0x20000)
                0x00000000                toobig = (_eidata > _lastdataromaddress)?!!!!!!!!! FLASH IS FULL !!!!!!!!!:0x0

.igot.plt       0x20000a28        0x0 load address 0x08010038
 .igot.plt      0x00000000        0x0 /home/laurence/ARM-GCC/bin/../lib/gcc/arm-none-eabi/4.7.4/armv7-m/crtbegin.o

.bss            0x20000a28     0x138c load address 0x08010038
                0x20000a28                . = ALIGN (0x4)
                0x20000a28                _sbss = .
                0x20000a28                _bss = .
 *(.bss)
 .bss           0x20000a28      0xdd8 /tmp/cclanrH0.ltrans0.ltrans.o
                0x20000e50                bootsource
                0x20000e54                Millis
                0x20000e5c                Gps_Buffer
                0x20000e68                rputchar.5805
                0x20000e6c                Status
                0x20000e70                Data_Buffer
                0x20000e74                bDeviceState
                0x20000e78                Battery_Voltage
                0x20000e7c                Jobs
                0x20000e80                FatFs.5248
                0x200010bc                FATFS_wavfile
                0x20001300                LSM9DS1_Mag_Offset
                0x2000131a                print_string
                0x20001334                FATFS_wavfile_gps
                0x20001558                FATFS_wavfile_imu
                0x2000177c                file_opened
                0x20001780                PI_glob
                0x20001798                I_limits
                0x200017a4                flashCodeEnabled
                0x200017a8                Gps
                0x200017e4                GPS_telem
                0x200017f0                flashCode
                0x200017f5                SP1ML_state
                0x200017f9                System_state_Global
                0x200017fa                Shutdown_System
 .bss           0x20001800       0x8c /tmp/cclanrH0.ltrans1.ltrans.o
 .bss           0x2000188c       0x14 /tmp/cclanrH0.ltrans2.ltrans.o
 .bss           0x200018a0        0xc /tmp/cclanrH0.ltrans3.ltrans.o
 .bss           0x200018ac       0x28 /tmp/cclanrH0.ltrans4.ltrans.o
 .bss           0x200018d4        0xc /tmp/cclanrH0.ltrans5.ltrans.o
 .bss           0x200018e0        0x4 /tmp/cclanrH0.ltrans6.ltrans.o
                0x200018e3                CurrVol.5247
 .bss           0x200018e4       0xb0 /tmp/cclanrH0.ltrans7.ltrans.o
                0x200018e4                TransferState
                0x200018e8                Mass_Block_Size
                0x200018f4                Sd_Spi_Called_From_USB_MSC
                0x200018fc                CSW
                0x2000190c                Bot_State
                0x20001910                CBW
                0x2000193d                Bulk_Data_Buff
                0x2000197e                Data_Len
                0x20001980                Max_Lun
                0x20001984                Mass_Block_Count
 .bss           0x20001994        0x1 /tmp/cclanrH0.ltrans8.ltrans.o
                0x20001994                CardType.5522
 *fill*         0x20001995        0x3 00
 .bss           0x20001998      0x384 /tmp/cclanrH0.ltrans9.ltrans.o
                0x20001a1c                raw_data.7603
                0x20001a38                channel_wct_conf.7614
                0x20001a3c                wct.7601
                0x20001a3f                Enable.7616
                0x20001a40                ECG_buffers
                0x20001b00                old_quality_mask.7618
                0x20001b04                old_wct.7617
                0x20001b09                ADS1298_Error_Status
                0x20001b11                Gain.7613
                0x20001b14                Completed_Jobs
                0x20001b18                LSM9DS1_Gyro_Buffer
                0x20001b24                IMU_buff
                0x20001bc4                LSM9DS1_Acc_Buffer
                0x20001bcc                LSM9DS1_Mag_Buffer
                0x20001bda                I2C1error
                0x20001bdc                I2C_failure
                0x20001ca0                Filtered_ECG
                0x20001cb2                SP1ML_tx_rx_state
                0x20001cc0                Usart3_rx_buff
                0x20001cd0                SP1ML_tx_sequence_number
                0x20001ce0                Usart1_rx_buff
                0x20001cf0                RN42_tx_sequence_number
                0x20001cf4                Usart3_tx_buff
                0x20001d04                SP1ML_tx_bytes
                0x20001d08                SP1ML_withold
                0x20001d0c                Usart1_tx_buff
 .bss           0x20001d1c       0x1c /tmp/cclanrH0.ltrans10.ltrans.o
                0x20001d1c                wIstr
                0x20001d20                Timer1.5516
                0x20001d24                Timer2.5517
                0x20001d35                job
 *(.bss.*)
 .bss.__malloc_max_total_mem
                0x20001d38        0x4 /home/laurence/ARM-GCC/bin/../lib/gcc/arm-none-eabi/4.7.4/../../../../arm-none-eabi/lib/armv7-m/libc.a(lib_a-mallocr.o)
                0x20001d38                __malloc_max_total_mem
 .bss.__malloc_max_sbrked_mem
                0x20001d3c        0x4 /home/laurence/ARM-GCC/bin/../lib/gcc/arm-none-eabi/4.7.4/../../../../arm-none-eabi/lib/armv7-m/libc.a(lib_a-mallocr.o)