Archive member included because of file (symbol)

lib/STM32F10x_StdPeriph_Driver/libstm32fw.a(misc.o)
                              interrupts.o (symbol from plugin) (NVIC_PriorityGroupConfig)
lib/STM32F10x_StdPeriph_Driver/libstm32fw.a(stm32f10x_adc.o)
                              adc.o (symbol from plugin) (ADC_DeInit)
lib/STM32F10x_StdPeriph_Driver/libstm32fw.a(stm32f10x_bkp.o)
                              Util/fat_fs/src/rtc.o (symbol from plugin) (BKP_DeInit)
lib/STM32F10x_StdPeriph_Driver/libstm32fw.a(stm32f10x_dbgmcu.o)
                              main.o (symbol from plugin) (DBGMCU_Config)
lib/STM32F10x_StdPeriph_Driver/libstm32fw.a(stm32f10x_dma.o)
                              Util/fat_fs/src/sd_spi_stm32.o (symbol from plugin) (DMA_DeInit)
lib/STM32F10x_StdPeriph_Driver/libstm32fw.a(stm32f10x_exti.o)
                              interrupts.o (symbol from plugin) (EXTI_DeInit)
lib/STM32F10x_StdPeriph_Driver/libstm32fw.a(stm32f10x_gpio.o)
                              Util/fat_fs/src/sd_spi_stm32.o (symbol from plugin) (GPIO_Init)
lib/STM32F10x_StdPeriph_Driver/libstm32fw.a(stm32f10x_i2c.o)
                              i2c_int.o (symbol from plugin) (I2C_DeInit)
lib/STM32F10x_StdPeriph_Driver/libstm32fw.a(stm32f10x_iwdg.o)
                              watchdog.o (symbol from plugin) (IWDG_WriteAccessCmd)
lib/STM32F10x_StdPeriph_Driver/libstm32fw.a(stm32f10x_pwr.o)
                              pwr.o (symbol from plugin) (PWR_DeInit)
lib/STM32F10x_StdPeriph_Driver/libstm32fw.a(stm32f10x_rcc.o)
                              interrupts.o (symbol from plugin) (RCC_HCLKConfig)
lib/STM32F10x_StdPeriph_Driver/libstm32fw.a(stm32f10x_rtc.o)
                              Util/fat_fs/src/rtc.o (symbol from plugin) (RTC_GetCounter)
lib/STM32F10x_StdPeriph_Driver/libstm32fw.a(stm32f10x_spi.o)
                              Util/fat_fs/src/sd_spi_stm32.o (symbol from plugin) (SPI_I2S_DeInit)
lib/STM32F10x_StdPeriph_Driver/libstm32fw.a(stm32f10x_tim.o)
                              timer.o (symbol from plugin) (TIM_DeInit)
lib/STM32F10x_StdPeriph_Driver/libstm32fw.a(stm32f10x_usart.o)
                              Util/rn42_command.o (symbol from plugin) (USART_DeInit)
lib/STM32_USB-FS-Device_Driver/libstm32usb.a(usb_core.o)
                              Util/USB/usb_prop.o (symbol from plugin) (Standard_GetDescriptorData)
lib/STM32_USB-FS-Device_Driver/libstm32usb.a(usb_init.o)
                              main.o (symbol from plugin) (USB_Init)
lib/STM32_USB-FS-Device_Driver/libstm32usb.a(usb_int.o)
                              Util/USB/usb_istr.o (symbol from plugin) (CTR_LP)
lib/STM32_USB-FS-Device_Driver/libstm32usb.a(usb_mem.o)
                              lib/STM32_USB-FS-Device_Driver/libstm32usb.a(usb_core.o) (UserToPMABufferCopy)
lib/STM32_USB-FS-Device_Driver/libstm32usb.a(usb_regs.o)
                              Util/USB/usb_prop.o (symbol from plugin) (SetBTABLE)
lib/STM32_USB-FS-Device_Driver/libstm32usb.a(usb_sil.o)
                              Util/USB/usb_prop.o (symbol from plugin) (USB_SIL_Init)
/home/laurence/ARM-GCC/bin/../lib/gcc/arm-none-eabi/4.7.4/../../../../arm-none-eabi/lib/armv7-m/libc.a(lib_a-__atexit.o)
                              /home/laurence/ARM-GCC/bin/../lib/gcc/arm-none-eabi/4.7.4/../../../../arm-none-eabi/lib/armv7-m/crt0.o (__register_exitproc)
/home/laurence/ARM-GCC/bin/../lib/gcc/arm-none-eabi/4.7.4/../../../../arm-none-eabi/lib/armv7-m/libc.a(lib_a-exit.o)
                              /home/laurence/ARM-GCC/bin/../lib/gcc/arm-none-eabi/4.7.4/../../../../arm-none-eabi/lib/armv7-m/crt0.o (exit)
/home/laurence/ARM-GCC/bin/../lib/gcc/arm-none-eabi/4.7.4/../../../../arm-none-eabi/lib/armv7-m/libc.a(lib_a-fini.o)
                              /home/laurence/ARM-GCC/bin/../lib/gcc/arm-none-eabi/4.7.4/../../../../arm-none-eabi/lib/armv7-m/crt0.o (__libc_fini_array)
/home/laurence/ARM-GCC/bin/../lib/gcc/arm-none-eabi/4.7.4/../../../../arm-none-eabi/lib/armv7-m/libc.a(lib_a-impure.o)
                              /home/laurence/ARM-GCC/bin/../lib/gcc/arm-none-eabi/4.7.4/../../../../arm-none-eabi/lib/armv7-m/libc.a(lib_a-__atexit.o) (_global_impure_ptr)
/home/laurence/ARM-GCC/bin/../lib/gcc/arm-none-eabi/4.7.4/../../../../arm-none-eabi/lib/armv7-m/libc.a(lib_a-init.o)
                              /home/laurence/ARM-GCC/bin/../lib/gcc/arm-none-eabi/4.7.4/../../../../arm-none-eabi/lib/armv7-m/crt0.o (__libc_init_array)
/home/laurence/ARM-GCC/bin/../lib/gcc/arm-none-eabi/4.7.4/../../../../arm-none-eabi/lib/armv7-m/libc.a(lib_a-memset.o)
                              /home/laurence/ARM-GCC/bin/../lib/gcc/arm-none-eabi/4.7.4/../../../../arm-none-eabi/lib/armv7-m/crt0.o (memset)
/home/laurence/ARM-GCC/bin/../lib/gcc/arm-none-eabi/4.7.4/../../../../arm-none-eabi/lib/armv7-m/libc.a(lib_a-rand.o)
                              Util/sp1ml_command.o (symbol from plugin) (srand)
[...]
Memory Configuration

Name             Origin             Length             Attributes
RAM              0x20000000         0x00005000         xrw
FLASH            0x08000000         0x00020000         xr
FLASHB1          0x00000000         0x00000000         xr
EXTMEMB0         0x00000000         0x00000000         xr
EXTMEMB1         0x00000000         0x00000000         xr
EXTMEMB2         0x00000000         0x00000000         xr
EXTMEMB3         0x00000000         0x00000000         xr
STARTFLASH       0x00000000         0xffffffff
CRPPATCH         0x00000000         0xffffffff
FLASHPATCH       0x00000000         0xffffffff
ENDFLASH         0x00000000         0xffffffff
*default*        0x00000000         0xffffffff

Linker script and memory map

LOAD /home/laurence/ARM-GCC/bin/../lib/gcc/arm-none-eabi/4.7.4/armv7-m/crti.o
LOAD /home/laurence/ARM-GCC/bin/../lib/gcc/arm-none-eabi/4.7.4/armv7-m/crtbegin.o
LOAD /home/laurence/ARM-GCC/bin/../lib/gcc/arm-none-eabi/4.7.4/../../../../arm-none-eabi/lib/armv7-m/crt0.o
LOAD Util/USB/hw_config.o
LOAD /tmp/ccVp97q9.ltrans0.ltrans.o
LOAD /tmp/ccVp97q9.ltrans1.ltrans.o
LOAD /tmp/ccVp97q9.ltrans2.ltrans.o
LOAD /tmp/ccVp97q9.ltrans3.ltrans.o
LOAD /tmp/ccVp97q9.ltrans4.ltrans.o
LOAD /tmp/ccVp97q9.ltrans5.ltrans.o
LOAD /tmp/ccVp97q9.ltrans6.ltrans.o
LOAD /tmp/ccVp97q9.ltrans7.ltrans.o
LOAD /tmp/ccVp97q9.ltrans8.ltrans.o
LOAD /tmp/ccVp97q9.ltrans9.ltrans.o
LOAD /tmp/ccVp97q9.ltrans10.ltrans.o
LOAD /home/laurence/ARM-GCC/bin/../lib/gcc/arm-none-eabi/4.7.4/armv7-m/libgcc.a
LOAD /home/laurence/ARM-GCC/bin/../lib/gcc/arm-none-eabi/4.7.4/../../../../arm-none-eabi/lib/armv7-m/libc.a
LOAD Util/USB/mass_mal.o
LOAD Util/USB/memory.o
LOAD Util/USB/scsi_data.o
LOAD Util/USB/usb_bot.o
LOAD Util/USB/usb_desc.o
LOAD Util/USB/usb_endp.o
LOAD Util/USB/usb_istr.o
LOAD Util/USB/usb_prop.o
LOAD Util/USB/usb_pwr.o
LOAD Util/USB/usb_scsi.o
LOAD Util/buffer.o
LOAD Util/data_alignment.o
LOAD Util/delay.o
LOAD Util/fat_fs/option/ccsbcs.o
LOAD Util/fat_fs/src/fattime.o
LOAD Util/fat_fs/src/ff.o
LOAD Util/fat_fs/src/rtc.o
LOAD Util/fat_fs/src/sd_spi_stm32.o
LOAD Util/filter.o
LOAD Util/load_setting.o
LOAD Util/rn42_command.o
LOAD Util/rn42_conf.o
LOAD Util/rprintf.o
LOAD Util/sp1ml_command.o
LOAD Util/wave.o
LOAD adc.o
LOAD bootload.o
LOAD dma.o
LOAD gpio.o
LOAD i2c_int.o
LOAD interrupts.o
LOAD lib/CMSIS_CM3/core_cm3.o
LOAD lib/CMSIS_CM3/startup/gcc/startup_stm32f10x_md.o
LOAD lib/CMSIS_CM3/system_stm32f10x.o
LOAD main.o
LOAD pwr.o
LOAD timer.o
LOAD usart.o
LOAD watchdog.o
LOAD Sensors/ads1298.o
LOAD Sensors/lsm9ds1.o
LOAD Sensors/ubx.o
LOAD lib/STM32F10x_StdPeriph_Driver/libstm32fw.a
LOAD lib/STM32_USB-FS-Device_Driver/libstm32usb.a
LOAD /home/laurence/ARM-GCC/bin/../lib/gcc/arm-none-eabi/4.7.4/../../../../arm-none-eabi/lib/armv7-m/libm.a
LOAD /home/laurence/ARM-GCC/bin/../lib/gcc/arm-none-eabi/4.7.4/../../../../arm-none-eabi/lib/armv7-m/libnosys.a
START GROUP
LOAD /home/laurence/ARM-GCC/bin/../lib/gcc/arm-none-eabi/4.7.4/armv7-m/libgcc.a
LOAD /home/laurence/ARM-GCC/bin/../lib/gcc/arm-none-eabi/4.7.4/../../../../arm-none-eabi/lib/armv7-m/libc.a
END GROUP
LOAD /home/laurence/ARM-GCC/bin/../lib/gcc/arm-none-eabi/4.7.4/armv7-m/crtend.o
LOAD /home/laurence/ARM-GCC/bin/../lib/gcc/arm-none-eabi/4.7.4/armv7-m/crtn.o
                0x00002000                __Stack_Size = 0x2000
                0x00002000                PROVIDE (_Stack_Size, __Stack_Size)
                0x20003000                __Stack_Init = (_estack - __Stack_Size)
                0x20003000                PROVIDE (_Stack_Init, __Stack_Init)
                0x00002000                _Minimum_Stack_Size = 0x2000
                0x00000000                PROVIDE (Undefined_Handler, 0x0)
                0x00000000                PROVIDE (SWI_Handler, 0x0)
                0x00000000                PROVIDE (IRQ_Handler, 0x0)
                0x00000000                PROVIDE (Prefetch_Handler, 0x0)
                0x00000000                PROVIDE (Abort_Handler, 0x0)
                0x00000000                PROVIDE (FIQ_Handler, 0x0)
                0x00000000                PROVIDE (NMIException, 0x0)
                0x00000000                PROVIDE (NMI_Handler, 0x0)
                0x00000000                PROVIDE (HardFaultException, 0x0)
                0x00000000                PROVIDE (HardFault_Handler, 0x0)
                0x00000000                PROVIDE (MemManageException, 0x0)
                0x00000000                PROVIDE (MemManage_Handler, 0x0)
                0x00000000                PROVIDE (BusFaultException, 0x0)
                0x00000000                PROVIDE (BusFault_Handler, 0x0)
                0x00000000                PROVIDE (UsageFaultException, 0x0)
                0x00000000                PROVIDE (UsageFault_Handler, 0x0)
                0x00000000                PROVIDE (SVCHandler, 0x0)
                0x00000000                PROVIDE (SVC_Handler, 0x0)
                0x00000000                PROVIDE (DebugMonitor, 0x0)
                0x00000000                PROVIDE (DebugMon_Handler, 0x0)
                0x00000000                PROVIDE (PendSVC, 0x0)
                0x00000000                PROVIDE (PendSV_Handler, 0x0)
                0x00000000                PROVIDE (SysTickHandler, 0x0)
                0x00000000                PROVIDE (SysTick_Handler, 0x0)
                0x00000000                PROVIDE (WWDG_IRQHandler, 0x0)
                0x00000000                PROVIDE (PVD_IRQHandler, 0x0)
                0x00000000                PROVIDE (TAMPER_IRQHandler, 0x0)
                0x00000000                PROVIDE (RTC_IRQHandler, 0x0)
                0x00000000                PROVIDE (FLASH_IRQHandler, 0x0)
                0x00000000                PROVIDE (RCC_IRQHandler, 0x0)
                0x00000000                PROVIDE (EXTI0_IRQHandler, 0x0)
                0x00000000                PROVIDE (EXTI1_IRQHandler, 0x0)
                0x00000000                PROVIDE (EXTI2_IRQHandler, 0x0)
                0x00000000                PROVIDE (EXTI3_IRQHandler, 0x0)
                0x00000000                PROVIDE (EXTI4_IRQHandler, 0x0)
                0x00000000                PROVIDE (DMAChannel1_IRQHandler, 0x0)
                0x00000000                PROVIDE (DMAChannel2_IRQHandler, 0x0)
                0x00000000                PROVIDE (DMAChannel3_IRQHandler, 0x0)
                0x00000000                PROVIDE (DMAChannel4_IRQHandler, 0x0)
                0x00000000                PROVIDE (DMAChannel5_IRQHandler, 0x0)
                0x00000000                PROVIDE (DMAChannel6_IRQHandler, 0x0)
                0x00000000                PROVIDE (DMAChannel7_IRQHandler, 0x0)
                0x00000000                PROVIDE (DMA1_Channel1_IRQHandler, 0x0)
                0x00000000                PROVIDE (DMA1_Channel2_IRQHandler, 0x0)
                0x00000000                PROVIDE (DMA1_Channel3_IRQHandler, 0x0)
                0x00000000                PROVIDE (DMA1_Channel4_IRQHandler, 0x0)
                0x00000000                PROVIDE (DMA1_Channel5_IRQHandler, 0x0)
                0x00000000                PROVIDE (DMA1_Channel6_IRQHandler, 0x0)
                0x00000000                PROVIDE (DMA1_Channel7_IRQHandler, 0x0)
                0x00000000                PROVIDE (ADC_IRQHandler, 0x0)
                0x00000000                PROVIDE (ADC1_2_IRQHandler, 0x0)
                0x00000000                PROVIDE (USB_HP_CAN_TX_IRQHandler, 0x0)
                0x00000000                PROVIDE (USB_HP_CAN1_TX_IRQHandler, 0x0)
                0x00000000                PROVIDE (USB_LP_CAN_RX0_IRQHandler, 0x0)
                0x00000000                PROVIDE (USB_LP_CAN1_RX0_IRQHandler, 0x0)
                0x00000000                PROVIDE (CAN_RX1_IRQHandler, 0x0)
                0x00000000                PROVIDE (CAN1_RX1_IRQHandler, 0x0)
                0x00000000                PROVIDE (CAN_SCE_IRQHandler, 0x0)
                0x00000000                PROVIDE (CAN1_SCE_IRQHandler, 0x0)
                0x00000000                PROVIDE (EXTI9_5_IRQHandler, 0x0)
                0x00000000                PROVIDE (TIM1_BRK_IRQHandler, 0x0)
                0x00000000                PROVIDE (TIM1_UP_IRQHandler, 0x0)
                0x00000000                PROVIDE (TIM1_TRG_COM_IRQHandler, 0x0)
                0x00000000                PROVIDE (TIM1_CC_IRQHandler, 0x0)
                0x00000000                PROVIDE (TIM2_IRQHandler, 0x0)
                0x00000000                PROVIDE (TIM3_IRQHandler, 0x0)
                0x00000000                PROVIDE (TIM4_IRQHandler, 0x0)
                0x00000000                PROVIDE (I2C1_EV_IRQHandler, 0x0)
                0x00000000                PROVIDE (I2C1_ER_IRQHandler, 0x0)
                0x00000000                PROVIDE (I2C2_EV_IRQHandler, 0x0)
                0x00000000                PROVIDE (I2C2_ER_IRQHandler, 0x0)
                0x00000000                PROVIDE (SPI1_IRQHandler, 0x0)
                0x00000000                PROVIDE (SPI2_IRQHandler, 0x0)
                0x00000000                PROVIDE (USART1_IRQHandler, 0x0)
                0x00000000                PROVIDE (USART2_IRQHandler, 0x0)
                0x00000000                PROVIDE (USART3_IRQHandler, 0x0)
                0x00000000                PROVIDE (EXTI15_10_IRQHandler, 0x0)
                0x00000000                PROVIDE (RTCAlarm_IRQHandler, 0x0)
                0x00000000                PROVIDE (USBWakeUp_IRQHandler, 0x0)
                0x00000000                PROVIDE (TIM8_BRK_IRQHandler, 0x0)
                0x00000000                PROVIDE (TIM8_UP_IRQHandler, 0x0)
                0x00000000                PROVIDE (TIM8_TRG_COM_IRQHandler, 0x0)
                0x00000000                PROVIDE (TIM8_CC_IRQHandler, 0x0)
                0x00000000                PROVIDE (ADC3_IRQHandler, 0x0)
                0x00000000                PROVIDE (FSMC_IRQHandler, 0x0)
                0x00000000                PROVIDE (SDIO_IRQHandler, 0x0)
                0x00000000                PROVIDE (TIM5_IRQHandler, 0x0)
                0x00000000                PROVIDE (SPI3_IRQHandler, 0x0)
                0x00000000                PROVIDE (UART4_IRQHandler, 0x0)
                0x00000000                PROVIDE (UART5_IRQHandler, 0x0)
                0x00000000                PROVIDE (TIM6_IRQHandler, 0x0)
                0x00000000                PROVIDE (TIM7_IRQHandler, 0x0)
                0x00000000                PROVIDE (DMA2_Channel1_IRQHandler, 0x0)
                0x00000000                PROVIDE (DMA2_Channel2_IRQHandler, 0x0)
                0x00000000                PROVIDE (DMA2_Channel3_IRQHandler, 0x0)
                0x00000000                PROVIDE (DMA2_Channel4_5_IRQHandler, 0x0)
                0x42000000                PERIPH_BB_BASE = 0x42000000
                0x22000000                SRAM_BB_BASE = 0x22000000
                0x20000000                SRAM_BASE = 0x20000000
                0x40000000                PERIPH_BASE = 0x40000000
                0x40022000                PROVIDE (FLASH_BASE, 0x40022000)
                0x1ffff800                PROVIDE (OB_BASE, 0x1ffff800)
                0x40000000                APB1PERIPH_BASE = PERIPH_BASE
                0x40010000                APB2PERIPH_BASE = (PERIPH_BASE + 0x10000)
                0x40020000                AHBPERIPH_BASE = (PERIPH_BASE + 0x20000)
                0x40000000                PROVIDE (TIM2, (APB1PERIPH_BASE + 0x0))
                0x40000400                PROVIDE (TIM3, (APB1PERIPH_BASE + 0x400))
                0x40000800                PROVIDE (TIM4, (APB1PERIPH_BASE + 0x800))
                0x40002800                PROVIDE (RTC, (APB1PERIPH_BASE + 0x2800))
                0x40002c00                PROVIDE (WWDG, (APB1PERIPH_BASE + 0x2c00))
                0x40003000                PROVIDE (IWDG, (APB1PERIPH_BASE + 0x3000))
                0x40003800                PROVIDE (SPI2, (APB1PERIPH_BASE + 0x3800))
                0x40004400                PROVIDE (USART2, (APB1PERIPH_BASE + 0x4400))
                0x40004800                PROVIDE (USART3, (APB1PERIPH_BASE + 0x4800))
                0x40005400                PROVIDE (I2C1, (APB1PERIPH_BASE + 0x5400))
                0x40005800                PROVIDE (I2C2, (APB1PERIPH_BASE + 0x5800))
                0x40006400                PROVIDE (CAN, (APB1PERIPH_BASE + 0x6400))
                0x40006c00                PROVIDE (BKP, (APB1PERIPH_BASE + 0x6c00))
                0x40007000                PROVIDE (PWR, (APB1PERIPH_BASE + 0x7000))
                0x40010000                PROVIDE (AFIO, (APB2PERIPH_BASE + 0x0))
                0x40010400                PROVIDE (EXTI, (APB2PERIPH_BASE + 0x400))
                0x40010800                PROVIDE (GPIOA, (APB2PERIPH_BASE + 0x800))
                0x40010c00                PROVIDE (GPIOB, (APB2PERIPH_BASE + 0xc00))
                0x40011000                PROVIDE (GPIOC, (APB2PERIPH_BASE + 0x1000))
                0x40011400                PROVIDE (GPIOD, (APB2PERIPH_BASE + 0x1400))
                0x40011800                PROVIDE (GPIOE, (APB2PERIPH_BASE + 0x1800))
                0x40012400                PROVIDE (ADC1, (APB2PERIPH_BASE + 0x2400))
                0x40012800                PROVIDE (ADC2, (APB2PERIPH_BASE + 0x2800))
                0x40012c00                PROVIDE (TIM1, (APB2PERIPH_BASE + 0x2c00))
                0x40013000                PROVIDE (SPI1, (APB2PERIPH_BASE + 0x3000))
                0x40013800                PROVIDE (USART1, (APB2PERIPH_BASE + 0x3800))
                0x40020000                PROVIDE (DMA, (AHBPERIPH_BASE + 0x0))
                0x40020008                PROVIDE (DMA_Channel1, (AHBPERIPH_BASE + 0x8))
                0x4002001c                PROVIDE (DMA_Channel2, (AHBPERIPH_BASE + 0x1c))
                0x40020030                PROVIDE (DMA_Channel3, (AHBPERIPH_BASE + 0x30))
                0x40020044                PROVIDE (DMA_Channel4, (AHBPERIPH_BASE + 0x44))
                0x40020058                PROVIDE (DMA_Channel5, (AHBPERIPH_BASE + 0x58))
                0x4002006c                PROVIDE (DMA_Channel6, (AHBPERIPH_BASE + 0x6c))
                0x40020080                PROVIDE (DMA_Channel7, (AHBPERIPH_BASE + 0x80))
                0x40021000                PROVIDE (RCC, (AHBPERIPH_BASE + 0x1000))
                0xe000e000                SCS_BASE = 0xe000e000
                0xe000e010                PROVIDE (SysTick, (SCS_BASE + 0x10))
                0xe000e100                PROVIDE (NVIC, (SCS_BASE + 0x100))
                0xe000ed00                PROVIDE (SCB, (SCS_BASE + 0xd00))
                0x20005000                PROVIDE (_estack, (ORIGIN (RAM) + 0x5000))

.isr_vector     0x08000000      0x10c
                0x08000000                . = ALIGN (0x4)
 *(.isr_vector)
 .isr_vector    0x08000000      0x10c lib/CMSIS_CM3/startup/gcc/startup_stm32f10x_md.o
                0x08000000                g_pfnVectors
                0x0800010c                . = ALIGN (0x4)

.flash_start    0x00000000        0x0
                0x00000000                . = ALIGN (0x4)
 *(.flash_start)
 *(.flash_start.*)
                0x00000000                . = ALIGN (0x4)

.crp_patch      0x00000000        0x0
                0x00000000                . = ALIGN (0x4)
 *(.crp_patch)
                0x00000000                . = ALIGN (0x4)

.flashtext      0x0800010c        0x0
                0x0800010c                . = ALIGN (0x4)
 *(.flashtext)
                0x0800010c                . = ALIGN (0x4)

.text           0x08000110     0xd8d8
                0x08000110                . = ALIGN (0x4)
 *(.text)
 .text          0x08000110      0x370 /home/laurence/ARM-GCC/bin/../lib/gcc/arm-none-eabi/4.7.4/armv7-m/libgcc.a(_arm_addsubdf3.o)
                0x08000110                __aeabi_drsub
                0x08000118                __aeabi_dsub
                0x08000118                __subdf3
                0x0800011c                __adddf3
                0x0800011c                __aeabi_dadd
                0x08000394                __aeabi_ui2d
                0x08000394                __floatunsidf
                0x080003b4                __floatsidf
                0x080003b4                __aeabi_i2d
                0x080003d8                __extendsfdf2
                0x080003d8                __aeabi_f2d
                0x08000414                __aeabi_ul2d
                0x08000414                __floatundidf
                0x08000424                __floatdidf
                0x08000424                __aeabi_l2d
 .text          0x08000480      0x424 /home/laurence/ARM-GCC/bin/../lib/gcc/arm-none-eabi/4.7.4/armv7-m/libgcc.a(_arm_muldivdf3.o)
                0x08000480                __aeabi_dmul
                0x08000480                __muldf3
                0x080006d4                __aeabi_ddiv
                0x080006d4                __divdf3
 .text          0x080008a4      0x110 /home/laurence/ARM-GCC/bin/../lib/gcc/arm-none-eabi/4.7.4/armv7-m/libgcc.a(_arm_cmpdf2.o)
                0x080008a4                __gtdf2
                0x080008a4                __gedf2
                0x080008ac                __ltdf2
                0x080008ac                __ledf2
                0x080008b4                __cmpdf2
                0x080008b4                __eqdf2
                0x080008b4                __nedf2
                0x08000930                __aeabi_cdrcmple
                0x08000940                __aeabi_cdcmple
                0x08000940                __aeabi_cdcmpeq
                0x08000950                __aeabi_dcmpeq
                0x08000964                __aeabi_dcmplt
                0x08000978                __aeabi_dcmple
                0x0800098c                __aeabi_dcmpge
                0x080009a0                __aeabi_dcmpgt
 .text          0x080009b4       0xa0 /home/laurence/ARM-GCC/bin/../lib/gcc/arm-none-eabi/4.7.4/armv7-m/libgcc.a(_arm_truncdfsf2.o)
                0x080009b4                __aeabi_d2f
                0x080009b4                __truncdfsf2
 .text          0x08000a54      0x21c /home/laurence/ARM-GCC/bin/../lib/gcc/arm-none-eabi/4.7.4/armv7-m/libgcc.a(_arm_addsubsf3.o)
                0x08000a54                __aeabi_frsub
                0x08000a5c                __subsf3
                0x08000a5c                __aeabi_fsub
                0x08000a60                __aeabi_fadd
                0x08000a60                __addsf3
                0x08000bc0                __aeabi_ui2f
                0x08000bc0                __floatunsisf
                0x08000bc8                __aeabi_i2f
                0x08000bc8                __floatsisf
                0x08000be4                __floatundisf
                0x08000be4                __aeabi_ul2f
                0x08000bf4                __floatdisf
                0x08000bf4                __aeabi_l2f
 .text          0x08000c70      0x2a0 /home/laurence/ARM-GCC/bin/../lib/gcc/arm-none-eabi/4.7.4/armv7-m/libgcc.a(_arm_muldivsf3.o)
                0x08000c70                __mulsf3
                0x08000c70                __aeabi_fmul
                0x08000dd8                __divsf3
                0x08000dd8                __aeabi_fdiv
 .text          0x08000f10       0xec /home/laurence/ARM-GCC/bin/../lib/gcc/arm-none-eabi/4.7.4/armv7-m/libgcc.a(_arm_cmpsf2.o)
                0x08000f10                __gtsf2
                0x08000f10                __gesf2
                0x08000f18                __lesf2
                0x08000f18                __ltsf2
                0x08000f20                __nesf2
                0x08000f20                __eqsf2
                0x08000f20                __cmpsf2
                0x08000f80                __aeabi_cfrcmple
                0x08000f88                __aeabi_cfcmple
                0x08000f88                __aeabi_cfcmpeq
                0x08000f98                __aeabi_fcmpeq
                0x08000fac                __aeabi_fcmplt
                0x08000fc0                __aeabi_fcmple
                0x08000fd4                __aeabi_fcmpge
                0x08000fe8                __aeabi_fcmpgt
 .text          0x08000ffc       0x4c /home/laurence/ARM-GCC/bin/../lib/gcc/arm-none-eabi/4.7.4/armv7-m/libgcc.a(_arm_fixsfsi.o)
                0x08000ffc                __fixsfsi
                0x08000ffc                __aeabi_f2iz
 .text          0x08001048       0x40 /home/laurence/ARM-GCC/bin/../lib/gcc/arm-none-eabi/4.7.4/armv7-m/libgcc.a(_arm_fixunssfsi.o)
                0x08001048                __aeabi_f2uiz
                0x08001048                __fixunssfsi
 *(.text.*)
 .text.startup.main
                0x08001088     0x21e0 /tmp/ccVp97q9.ltrans0.ltrans.o
                0x08001088                main
 .text.__usart_send_char
                0x08003268       0x50 /tmp/ccVp97q9.ltrans1.ltrans.o
                0x08003268                __usart_send_char
 .text.RN42_generate_packet
                0x080032b8       0x64 /tmp/ccVp97q9.ltrans1.ltrans.o
                0x080032b8                RN42_generate_packet
 .text.Resume_Init.4157
                0x0800331c       0x54 /tmp/ccVp97q9.ltrans1.ltrans.o
 .text.stm32_dma_transfer.5308.4111
                0x08003370       0xc8 /tmp/ccVp97q9.ltrans1.ltrans.o
 .text.MASS_Reset
                0x08003438       0xf0 /tmp/ccVp97q9.ltrans1.ltrans.o
                0x08003438                MASS_Reset
 .text.__gps_send_char.4179
                0x08003528       0x1c /tmp/ccVp97q9.ltrans1.ltrans.o
 .text.__str_print_char
                0x08003544       0x2c /tmp/ccVp97q9.ltrans1.ltrans.o
                0x08003544                __str_print_char
 .text.__sp1ml_send_char
                0x08003570       0x40 /tmp/ccVp97q9.ltrans1.ltrans.o
                0x08003570                __sp1ml_send_char
 .text.ads1298_spi_dma_transaction
                0x080035b0       0xe4 /tmp/ccVp97q9.ltrans1.ltrans.o
                0x080035b0                ads1298_spi_dma_transaction
 .text.power_on.5299
                0x08003694       0xec /tmp/ccVp97q9.ltrans1.ltrans.o
                0x08003694                power_on.5299
 .text.stm32_spi_rw.5301
                0x08003780       0x24 /tmp/ccVp97q9.ltrans1.ltrans.o
                0x08003780                stm32_spi_rw.5301
 .text.rcvr_spi.5304
                0x080037a4        0x6 /tmp/ccVp97q9.ltrans1.ltrans.o
                0x080037a4                rcvr_spi.5304
 *fill*         0x080037aa        0x2 00
 .text.rcvr_datablock
                0x080037ac       0x54 /tmp/ccVp97q9.ltrans1.ltrans.o
                0x080037ac                rcvr_datablock
 .text.xmit_datablock.part.1.5313
                0x08003800       0x2c /tmp/ccVp97q9.ltrans1.ltrans.o
                0x08003800                xmit_datablock.part.1.5313
 .text.release_spi
                0x0800382c       0x18 /tmp/ccVp97q9.ltrans1.ltrans.o
                0x0800382c                release_spi
 .text.wait_ready.5306
                0x08003844       0x24 /tmp/ccVp97q9.ltrans1.ltrans.o
                0x08003844                wait_ready.5306
 .text.send_cmd
                0x08003868       0x8c /tmp/ccVp97q9.ltrans1.ltrans.o
                0x08003868                send_cmd
 .text.disk_read
                0x080038f4       0xa0 /tmp/ccVp97q9.ltrans1.ltrans.o
                0x080038f4                disk_read
 .text.Read_Memory
                0x08003994      0x158 /tmp/ccVp97q9.ltrans1.ltrans.o
                0x08003994                Read_Memory
 .text.check_fs.4950
                0x08003aec       0x88 /tmp/ccVp97q9.ltrans1.ltrans.o
                0x08003aec                check_fs.4950
 .text.EXTI_ONOFF_EN
                0x08003b74       0x54 /tmp/ccVp97q9.ltrans1.ltrans.o
                0x08003b74                EXTI_ONOFF_EN
 .text.ads1298_busy_wait_command
                0x08003bc8       0x4c /tmp/ccVp97q9.ltrans1.ltrans.o
                0x08003bc8                ads1298_busy_wait_command
 .text.ads1298_busy_wait_write
                0x08003c14       0x88 /tmp/ccVp97q9.ltrans1.ltrans.o
                0x08003c14                ads1298_busy_wait_write
 .text.Resume   0x08003c9c       0xa4 /tmp/ccVp97q9.ltrans1.ltrans.o
                0x08003c9c                Resume
 .text.switch_leds_on
                0x08003d40       0x20 /tmp/ccVp97q9.ltrans1.ltrans.o
                0x08003d40                switch_leds_on
 .text.switch_leds_off
                0x08003d60       0x20 /tmp/ccVp97q9.ltrans1.ltrans.o
                0x08003d60                switch_leds_off
 .text.red_flash
                0x08003d80       0x2c /tmp/ccVp97q9.ltrans1.ltrans.o
                0x08003d80                red_flash
 .text.Gps_Send_Utf8
                0x08003dac       0x1a /tmp/ccVp97q9.ltrans1.ltrans.o
                0x08003dac                Gps_Send_Utf8
 .text.Gps_Send_Str
                0x08003dc6       0x16 /tmp/ccVp97q9.ltrans1.ltrans.o
                0x08003dc6                Gps_Send_Str
 .text.Usart3_Send_Str
                0x08003ddc       0x28 /tmp/ccVp97q9.ltrans1.ltrans.o
                0x08003ddc                Usart3_Send_Str
 .text.SP1ML_command
                0x08003e04       0xa4 /tmp/ccVp97q9.ltrans1.ltrans.o
                0x08003e04                SP1ML_command
 .text.SP1ML_assign_addr.part.1.5754
                0x08003ea8       0x38 /tmp/ccVp97q9.ltrans1.ltrans.o
                0x08003ea8                SP1ML_assign_addr.part.1.5754
 .text.Usart_Send_Str
                0x08003ee0       0x16 /tmp/ccVp97q9.ltrans1.ltrans.o
                0x08003ee0                Usart_Send_Str
 .text.shutdown
                0x08003ef6       0x10 /tmp/ccVp97q9.ltrans1.ltrans.o
                0x08003ef6                shutdown
 .text.my_RTC_SetCounter
                0x08003f06       0x22 /tmp/ccVp97q9.ltrans1.ltrans.o
                0x08003f06                my_RTC_SetCounter
 .text.I2C1_Request_Job
                0x08003f28       0x80 /tmp/ccVp97q9.ltrans1.ltrans.o
                0x08003f28                I2C1_Request_Job
 .text.SCSI_Write10_Cmd.4071
                0x08003fa8      0x14c /tmp/ccVp97q9.ltrans2.ltrans.o
 .text.EP2_OUT_Callback.4009
                0x080040f4      0x30c /tmp/ccVp97q9.ltrans2.ltrans.o
 .text.dir_register.5056
                0x08004400      0x24c /tmp/ccVp97q9.ltrans2.ltrans.o
                0x08004400                dir_register.5056
 .text.dir_read.5033
                0x0800464c      0x104 /tmp/ccVp97q9.ltrans2.ltrans.o
                0x0800464c                dir_read.5033
 .text.disk_write
                0x08004750       0xcc /tmp/ccVp97q9.ltrans3.ltrans.o
                0x08004750                disk_write
 .text.move_window.4933
                0x0800481c       0x76 /tmp/ccVp97q9.ltrans3.ltrans.o
                0x0800481c                move_window.4933
 .text.get_fat  0x08004892       0xca /tmp/ccVp97q9.ltrans3.ltrans.o
                0x08004892                get_fat
 .text.SCSI_Invalid_Cmd
                0x0800495c       0x3c /tmp/ccVp97q9.ltrans3.ltrans.o
                0x0800495c                SCSI_Invalid_Cmd
 .text.SCSI_Address_Management
                0x08004998       0x74 /tmp/ccVp97q9.ltrans3.ltrans.o
                0x08004998                SCSI_Address_Management
 .text.SCSI_Read10_Cmd
                0x08004a0c       0x6c /tmp/ccVp97q9.ltrans3.ltrans.o
                0x08004a0c                SCSI_Read10_Cmd
 .text.EP1_IN_Callback.4107
                0x08004a78       0x5c /tmp/ccVp97q9.ltrans3.ltrans.o
 .text.disk_initialize
                0x08004ad4      0x148 /tmp/ccVp97q9.ltrans3.ltrans.o
                0x08004ad4                disk_initialize
 .text.chk_mounted.4954
                0x08004c1c      0x320 /tmp/ccVp97q9.ltrans3.ltrans.o
                0x08004c1c                chk_mounted.4954
 .text.Gps_DMA_Process
                0x08004f3c      0x1e0 /tmp/ccVp97q9.ltrans3.ltrans.o
                0x08004f3c                Gps_DMA_Process
 .text.I2C1_EV_IRQHandler
                0x0800511c      0x58c /tmp/ccVp97q9.ltrans4.ltrans.o
                0x0800511c                I2C1_EV_IRQHandler
 .text.file_preallocation_control
                0x080056a8       0x44 /tmp/ccVp97q9.ltrans4.ltrans.o
                0x080056a8                file_preallocation_control
 .text.f_close  0x080056ec        0xe /tmp/ccVp97q9.ltrans4.ltrans.o
                0x080056ec                f_close
 .text.wave_terminate.4094
                0x080056fa       0xe4 /tmp/ccVp97q9.ltrans4.ltrans.o
 *fill*         0x080057de        0x2 00
 .text.shutdown_filesystem
                0x080057e0      0x368 /tmp/ccVp97q9.ltrans4.ltrans.o
                0x080057e0                shutdown_filesystem
 .text.put_fat  0x08005b48       0xf6 /tmp/ccVp97q9.ltrans5.ltrans.o
                0x08005b48                put_fat
 .text.remove_chain.5046
                0x08005c3e       0x54 /tmp/ccVp97q9.ltrans5.ltrans.o
                0x08005c3e                remove_chain.5046
 .text.create_chain.5012
                0x08005c92       0x9a /tmp/ccVp97q9.ltrans5.ltrans.o
                0x08005c92                create_chain.5012
 .text.dir_next.5016
                0x08005d2c       0xf4 /tmp/ccVp97q9.ltrans5.ltrans.o
                0x08005d2c                dir_next.5016
 .text.dir_find.part.4.5020
                0x08005e20      0x164 /tmp/ccVp97q9.ltrans5.ltrans.o
                0x08005e20                dir_find.part.4.5020
 .text.f_lseek  0x08005f84      0x140 /tmp/ccVp97q9.ltrans5.ltrans.o
                0x08005f84                f_lseek
 .text.f_write  0x080060c4      0x19a /tmp/ccVp97q9.ltrans5.ltrans.o
                0x080060c4                f_write
 .text.write_wave_header
                0x0800625e       0xda /tmp/ccVp97q9.ltrans5.ltrans.o
                0x0800625e                write_wave_header
 .text.write_wave_samples
                0x08006338       0xaa /tmp/ccVp97q9.ltrans5.ltrans.o
                0x08006338                write_wave_samples
 *fill*         0x080063e2        0x2 00
 .text.__fat_print_char
                0x080063e4       0x1c /tmp/ccVp97q9.ltrans5.ltrans.o
                0x080063e4                __fat_print_char
 .text.dir_sdi.4980
                0x08006400       0x84 /tmp/ccVp97q9.ltrans5.ltrans.o
                0x08006400                dir_sdi.4980
 .text.hex_to_byte.4039
                0x08006484       0x1a /tmp/ccVp97q9.ltrans6.ltrans.o
 .text.atoiRamRom.4055
                0x0800649e       0x20 /tmp/ccVp97q9.ltrans6.ltrans.o
 *fill*         0x080064be        0x2 00
 .text.rprintfChar.4058
                0x080064c0       0x1c /tmp/ccVp97q9.ltrans6.ltrans.o
 .text.Get_Max_Lun
                0x080064dc       0x18 /tmp/ccVp97q9.ltrans6.ltrans.o
                0x080064dc                Get_Max_Lun
 .text.MASS_Get_Interface_Setting
                0x080064f4        0xc /tmp/ccVp97q9.ltrans6.ltrans.o
                0x080064f4                MASS_Get_Interface_Setting
 .text.MASS_Status_Out
                0x08006500        0x2 /tmp/ccVp97q9.ltrans6.ltrans.o
                0x08006500                MASS_Status_Out
 .text.MASS_Status_In
                0x08006502        0x2 /tmp/ccVp97q9.ltrans6.ltrans.o
                0x08006502                MASS_Status_In
 .text.Mass_Storage_SetDeviceAddress
                0x08006504        0xc /tmp/ccVp97q9.ltrans6.ltrans.o
                0x08006504                Mass_Storage_SetDeviceAddress
 .text.Mass_Storage_SetConfiguration
                0x08006510       0x30 /tmp/ccVp97q9.ltrans6.ltrans.o
                0x08006510                Mass_Storage_SetConfiguration
 .text.MASS_NoData_Setup
                0x08006540       0x4c /tmp/ccVp97q9.ltrans6.ltrans.o
                0x08006540                MASS_NoData_Setup
 .text.MASS_GetDeviceDescriptor
                0x0800658c        0xc /tmp/ccVp97q9.ltrans6.ltrans.o
                0x0800658c                MASS_GetDeviceDescriptor
 .text.MASS_GetConfigDescriptor
                0x08006598        0xc /tmp/ccVp97q9.ltrans6.ltrans.o
                0x08006598                MASS_GetConfigDescriptor
 .text.MASS_GetStringDescriptor
                0x080065a4       0x20 /tmp/ccVp97q9.ltrans6.ltrans.o
                0x080065a4                MASS_GetStringDescriptor
 .text.rprintf2RamRom
                0x080065c4      0x404 /tmp/ccVp97q9.ltrans6.ltrans.o
                0x080065c4                rprintf2RamRom
 .text.validate.4943
                0x080069c8       0x2c /tmp/ccVp97q9.ltrans6.ltrans.o
                0x080069c8                validate.4943
 .text.counter_to_struct.5215
                0x080069f4       0xa8 /tmp/ccVp97q9.ltrans6.ltrans.o
                0x080069f4                counter_to_struct.5215
 .text.isDST.5197
                0x08006a9c       0x2a /tmp/ccVp97q9.ltrans6.ltrans.o
                0x08006a9c                isDST.5197
 *fill*         0x08006ac6        0x2 00
 .text.rtc_gettime
                0x08006ac8       0x74 /tmp/ccVp97q9.ltrans6.ltrans.o
                0x08006ac8                rtc_gettime
 .text.get_fattime
                0x08006b3c       0x40 /tmp/ccVp97q9.ltrans6.ltrans.o
                0x08006b3c                get_fattime
 .text.clust2sect
                0x08006b7c       0x18 /tmp/ccVp97q9.ltrans6.ltrans.o
                0x08006b7c                clust2sect
 .text.sum_sfn.4904
                0x08006b94       0x1e /tmp/ccVp97q9.ltrans6.ltrans.o
                0x08006b94                sum_sfn.4904
 .text.mem_cpy.4874
                0x08006bb2       0x12 /tmp/ccVp97q9.ltrans6.ltrans.o
                0x08006bb2                mem_cpy.4874
 .text.ff_convert.part.0.4806
                0x08006bc4       0x24 /tmp/ccVp97q9.ltrans6.ltrans.o
                0x08006bc4                ff_convert.part.0.4806
 .text.Delay    0x08006be8       0x18 /tmp/ccVp97q9.ltrans6.ltrans.o
                0x08006be8                Delay
 .text.Add_To_Buffer
                0x08006c00       0x4a /tmp/ccVp97q9.ltrans6.ltrans.o
                0x08006c00                Add_To_Buffer
 .text.Get_From_Buffer
                0x08006c4a       0x4a /tmp/ccVp97q9.ltrans6.ltrans.o
                0x08006c4a                Get_From_Buffer
 .text.SP1ML_rx_tx_data_processor
                0x08006c94      0x1b8 /tmp/ccVp97q9.ltrans6.ltrans.o
                0x08006c94                SP1ML_rx_tx_data_processor
 .text.Bot_Abort.part.2.4258
                0x08006e4c       0x18 /tmp/ccVp97q9.ltrans6.ltrans.o
                0x08006e4c                Bot_Abort.part.2.4258
 .text.Set_CSW  0x08006e64       0x3c /tmp/ccVp97q9.ltrans6.ltrans.o
                0x08006e64                Set_CSW
 .text.Transfer_Data_Request
                0x08006ea0       0x34 /tmp/ccVp97q9.ltrans6.ltrans.o
                0x08006ea0                Transfer_Data_Request
 .text.IntToUnicode.4023
                0x08006ed4       0x2a /tmp/ccVp97q9.ltrans6.ltrans.o
                0x08006ed4                IntToUnicode.4023
 *fill*         0x08006efe        0x2 00
 .text.MASS_Data_Setup
                0x08006f00       0x38 /tmp/ccVp97q9.ltrans7.ltrans.o
                0x08006f00                MASS_Data_Setup
 .text.Mass_Storage_ClearFeature.4147
                0x08006f38       0x18 /tmp/ccVp97q9.ltrans7.ltrans.o
 .text.MASS_init
                0x08006f50       0x70 /tmp/ccVp97q9.ltrans7.ltrans.o
                0x08006f50                MASS_init
 .text.SP1ML_generate_packet
                0x08006fc0       0x64 /tmp/ccVp97q9.ltrans7.ltrans.o
                0x08006fc0                SP1ML_generate_packet
 .text.get_fileinfo.4925
                0x08007024       0xf0 /tmp/ccVp97q9.ltrans7.ltrans.o
                0x08007024                get_fileinfo.4925
 .text.Get_UBX_Ack.constprop.10
                0x08007114       0xd0 /tmp/ccVp97q9.ltrans7.ltrans.o
                0x08007114                Get_UBX_Ack.constprop.10
 .text.I2C_Config
                0x080071e4      0x1f4 /tmp/ccVp97q9.ltrans7.ltrans.o
                0x080071e4                I2C_Config
 .text.MAL_GetStatus
                0x080073d8       0xdc /tmp/ccVp97q9.ltrans7.ltrans.o
                0x080073d8                MAL_GetStatus
 .text.aligndata.constprop.26
                0x080074b4       0x44 /tmp/ccVp97q9.ltrans7.ltrans.o
                0x080074b4                aligndata.constprop.26
 .text.ADC_Configuration
                0x080074f8      0x10c /tmp/ccVp97q9.ltrans7.ltrans.o
                0x080074f8                ADC_Configuration
 .text.USART2_reconf.constprop.9
                0x08007604       0x50 /tmp/ccVp97q9.ltrans7.ltrans.o
                0x08007604                USART2_reconf.constprop.9
 .text.ads1298_wct_config.constprop.7
                0x08007654       0xdc /tmp/ccVp97q9.ltrans7.ltrans.o
                0x08007654                ads1298_wct_config.constprop.7
 .text.sync.4937
                0x08007730       0xd8 /tmp/ccVp97q9.ltrans8.ltrans.o
                0x08007730                sync.4937
 .text.f_sync   0x08007808       0xac /tmp/ccVp97q9.ltrans8.ltrans.o
                0x08007808                f_sync
 .text.follow_path.5026
                0x080078b4      0x2c8 /tmp/ccVp97q9.ltrans8.ltrans.o
                0x080078b4                follow_path.5026
 .text.f_open   0x08007b7c      0x158 /tmp/ccVp97q9.ltrans8.ltrans.o
                0x08007b7c                f_open
 .text.EXTI9_5_IRQHandler
                0x08007cd4       0x2c /tmp/ccVp97q9.ltrans9.ltrans.o
                0x08007cd4                EXTI9_5_IRQHandler
 .text.DMA1_Channel4_IRQHandler
                0x08007d00      0x948 /tmp/ccVp97q9.ltrans9.ltrans.o
                0x08007d00                DMA1_Channel4_IRQHandler
 .text.USART3_IRQHandler
                0x08008648       0xbc /tmp/ccVp97q9.ltrans9.ltrans.o
                0x08008648                USART3_IRQHandler
 .text.USART1_IRQHandler
                0x08008704       0x90 /tmp/ccVp97q9.ltrans9.ltrans.o
                0x08008704                USART1_IRQHandler
 .text.USB_LP_CAN1_RX0_IRQHandler
                0x08008794      0x120 /tmp/ccVp97q9.ltrans10.ltrans.o
                0x08008794                USB_LP_CAN1_RX0_IRQHandler
 .text.USB_HP_CAN1_TX_IRQHandler
                0x080088b4        0x4 /tmp/ccVp97q9.ltrans10.ltrans.o
                0x080088b4                USB_HP_CAN1_TX_IRQHandler
 .text.SysTick_Handler
                0x080088b8      0x180 /tmp/ccVp97q9.ltrans10.ltrans.o
                0x080088b8                SysTick_Handler
 .text.EXTI15_10_IRQHandler
                0x08008a38       0x64 /tmp/ccVp97q9.ltrans10.ltrans.o
                0x08008a38                EXTI15_10_IRQHandler
 .text.ADC1_2_IRQHandler
                0x08008a9c       0x70 /tmp/ccVp97q9.ltrans10.ltrans.o
                0x08008a9c                ADC1_2_IRQHandler
 .text.EXTI0_IRQHandler
                0x08008b0c       0x7c /tmp/ccVp97q9.ltrans10.ltrans.o
                0x08008b0c                EXTI0_IRQHandler
 .text.I2C1_ER_IRQHandler
                0x08008b88      0x13c /tmp/ccVp97q9.ltrans10.ltrans.o
                0x08008b88                I2C1_ER_IRQHandler
 .text.malloc   0x08008cc4       0x10 /home/laurence/ARM-GCC/bin/../lib/gcc/arm-none-eabi/4.7.4/../../../../arm-none-eabi/lib/armv7-m/libc.a(lib_a-malloc.o)
                0x08008cc4                malloc
 .text._malloc_r
                0x08008cd4      0x530 /home/laurence/ARM-GCC/bin/../lib/gcc/arm-none-eabi/4.7.4/../../../../arm-none-eabi/lib/armv7-m/libc.a(lib_a-mallocr.o)
                0x08008cd4                _malloc_r
 .text.memcmp   0x08009204       0xb8 /home/laurence/ARM-GCC/bin/../lib/gcc/arm-none-eabi/4.7.4/../../../../arm-none-eabi/lib/armv7-m/libc.a(lib_a-memcmp.o)
                0x08009204                memcmp
 .text.memcpy   0x080092bc      0x15c /home/laurence/ARM-GCC/bin/../lib/gcc/arm-none-eabi/4.7.4/../../../../arm-none-eabi/lib/armv7-m/libc.a(lib_a-memcpy.o)
                0x080092bc                memcpy
 .text.__malloc_lock
                0x08009418        0x4 /home/laurence/ARM-GCC/bin/../lib/gcc/arm-none-eabi/4.7.4/../../../../arm-none-eabi/lib/armv7-m/libc.a(lib_a-mlock.o)
                0x08009418                __malloc_lock
 .text.__malloc_unlock
                0x0800941c        0x4 /home/laurence/ARM-GCC/bin/../lib/gcc/arm-none-eabi/4.7.4/../../../../arm-none-eabi/lib/armv7-m/libc.a(lib_a-mlock.o)
                0x0800941c                __malloc_unlock
 .text._sbrk_r  0x08009420       0x24 /home/laurence/ARM-GCC/bin/../lib/gcc/arm-none-eabi/4.7.4/../../../../arm-none-eabi/lib/armv7-m/libc.a(lib_a-sbrkr.o)
                0x08009420                _sbrk_r
 .text.strcat   0x08009444       0x4c /home/laurence/ARM-GCC/bin/../lib/gcc/arm-none-eabi/4.7.4/../../../../arm-none-eabi/lib/armv7-m/libc.a(lib_a-strcat.o)
                0x08009444                strcat
 .text.strcpy   0x08009490       0xbc /home/laurence/ARM-GCC/bin/../lib/gcc/arm-none-eabi/4.7.4/../../../../arm-none-eabi/lib/armv7-m/libc.a(lib_a-strcpy.o)
                0x08009490                strcpy
 .text.strlen   0x0800954c       0x60 /home/laurence/ARM-GCC/bin/../lib/gcc/arm-none-eabi/4.7.4/../../../../arm-none-eabi/lib/armv7-m/libc.a(lib_a-strlen.o)
                0x0800954c                strlen
 .text._malloc_trim_r
                0x080095ac       0x98 /home/laurence/ARM-GCC/bin/../lib/gcc/arm-none-eabi/4.7.4/../../../../arm-none-eabi/lib/armv7-m/libc.a(lib_a-freer.o)
                0x080095ac                _malloc_trim_r
 .text._free_r  0x08009644      0x194 /home/laurence/ARM-GCC/bin/../lib/gcc/arm-none-eabi/4.7.4/../../../../arm-none-eabi/lib/armv7-m/libc.a(lib_a-freer.o)
                0x08009644                _free_r
 .text.Reset_Handler
                0x080097d8       0x48 lib/CMSIS_CM3/startup/gcc/startup_stm32f10x_md.o
                0x080097d8                Reset_Handler
 .text.Default_Handler
                0x08009820        0x4 lib/CMSIS_CM3/startup/gcc/startup_stm32f10x_md.o
                0x08009820                EXTI2_IRQHandler
                0x08009820                DebugMon_Handler
                0x08009820                TIM1_CC_IRQHandler
                0x08009820                HardFault_Handler
                0x08009820                PVD_IRQHandler
                0x08009820                PendSV_Handler
                0x08009820                NMI_Handler
                0x08009820                EXTI3_IRQHandler
                0x08009820                I2C2_EV_IRQHandler
                0x08009820                UsageFault_Handler
                0x08009820                SPI1_IRQHandler
                0x08009820                TAMPER_IRQHandler
                0x08009820                RTC_IRQHandler
                0x08009820                DMA1_Channel7_IRQHandler
                0x08009820                CAN1_RX1_IRQHandler
                0x08009820                TIM4_IRQHandler
                0x08009820                DMA1_Channel6_IRQHandler
                0x08009820                TIM3_IRQHandler
                0x08009820                RCC_IRQHandler
                0x08009820                TIM1_TRG_COM_IRQHandler
                0x08009820                DMA1_Channel1_IRQHandler
                0x08009820                Default_Handler
                0x08009820                SPI2_IRQHandler
                0x08009820                MemManage_Handler
                0x08009820                SVC_Handler
                0x08009820                DMA1_Channel5_IRQHandler
                0x08009820                EXTI4_IRQHandler
                0x08009820                DMA1_Channel3_IRQHandler
                0x08009820                TIM1_UP_IRQHandler
                0x08009820                WWDG_IRQHandler
                0x08009820                TIM2_IRQHandler
                0x08009820                TIM1_BRK_IRQHandler
                0x08009820                EXTI1_IRQHandler
                0x08009820                RTCAlarm_IRQHandler
                0x08009820                USART2_IRQHandler
                0x08009820                I2C2_ER_IRQHandler
                0x08009820                DMA1_Channel2_IRQHandler
                0x08009820                CAN1_SCE_IRQHandler
                0x08009820                FLASH_IRQHandler
                0x08009820                BusFault_Handler
                0x08009820                USBWakeUp_IRQHandler
 .text.NVIC_PriorityGroupConfig
                0x08009824       0x14 lib/STM32F10x_StdPeriph_Driver/libstm32fw.a(misc.o)
                0x08009824                NVIC_PriorityGroupConfig
 .text.NVIC_Init
                0x08009838       0x68 lib/STM32F10x_StdPeriph_Driver/libstm32fw.a(misc.o)
                0x08009838                NVIC_Init
 .text.NVIC_SetVectorTable
                0x080098a0       0x14 lib/STM32F10x_StdPeriph_Driver/libstm32fw.a(misc.o)
                0x080098a0                NVIC_SetVectorTable
 .text.SysTick_CLKSourceConfig
                0x080098b4       0x18 lib/STM32F10x_StdPeriph_Driver/libstm32fw.a(misc.o)
                0x080098b4                SysTick_CLKSourceConfig
 .text.ADC_DeInit
                0x080098cc       0x5c lib/STM32F10x_StdPeriph_Driver/libstm32fw.a(stm32f10x_adc.o)
                0x080098cc                ADC_DeInit
 .text.ADC_Init
                0x08009928       0x48 lib/STM32F10x_StdPeriph_Driver/libstm32fw.a(stm32f10x_adc.o)
                0x08009928                ADC_Init
 .text.ADC_Cmd  0x08009970       0x12 lib/STM32F10x_StdPeriph_Driver/libstm32fw.a(stm32f10x_adc.o)
                0x08009970                ADC_Cmd
 .text.ADC_ITConfig
                0x08009982       0x12 lib/STM32F10x_StdPeriph_Driver/libstm32fw.a(stm32f10x_adc.o)
                0x08009982                ADC_ITConfig
 .text.ADC_ResetCalibration
                0x08009994        0xa lib/STM32F10x_StdPeriph_Driver/libstm32fw.a(stm32f10x_adc.o)
                0x08009994                ADC_ResetCalibration
 .text.ADC_GetResetCalibrationStatus
                0x0800999e        0x8 lib/STM32F10x_StdPeriph_Driver/libstm32fw.a(stm32f10x_adc.o)
                0x0800999e                ADC_GetResetCalibrationStatus
 .text.ADC_StartCalibration
                0x080099a6        0xa lib/STM32F10x_StdPeriph_Driver/libstm32fw.a(stm32f10x_adc.o)
                0x080099a6                ADC_StartCalibration
 .text.ADC_GetCalibrationStatus
                0x080099b0        0x8 lib/STM32F10x_StdPeriph_Driver/libstm32fw.a(stm32f10x_adc.o)
                0x080099b0                ADC_GetCalibrationStatus
 .text.ADC_SoftwareStartConvCmd
                0x080099b8       0x12 lib/STM32F10x_StdPeriph_Driver/libstm32fw.a(stm32f10x_adc.o)
                0x080099b8                ADC_SoftwareStartConvCmd
 .text.ADC_RegularChannelConfig
                0x080099ca       0x9a lib/STM32F10x_StdPeriph_Driver/libstm32fw.a(stm32f10x_adc.o)
                0x080099ca                ADC_RegularChannelConfig
 .text.ADC_GetConversionValue
                0x08009a64        0x6 lib/STM32F10x_StdPeriph_Driver/libstm32fw.a(stm32f10x_adc.o)
                0x08009a64                ADC_GetConversionValue
 .text.ADC_ExternalTrigInjectedConvConfig
                0x08009a6a        0xc lib/STM32F10x_StdPeriph_Driver/libstm32fw.a(stm32f10x_adc.o)
                0x08009a6a                ADC_ExternalTrigInjectedConvConfig
 .text.ADC_SoftwareStartInjectedConvCmd
                0x08009a76       0x12 lib/STM32F10x_StdPeriph_Driver/libstm32fw.a(stm32f10x_adc.o)
                0x08009a76                ADC_SoftwareStartInjectedConvCmd
 .text.ADC_InjectedChannelConfig
                0x08009a88       0x60 lib/STM32F10x_StdPeriph_Driver/libstm32fw.a(stm32f10x_adc.o)
                0x08009a88                ADC_InjectedChannelConfig
 .text.ADC_InjectedSequencerLengthConfig
                0x08009ae8       0x10 lib/STM32F10x_StdPeriph_Driver/libstm32fw.a(stm32f10x_adc.o)
                0x08009ae8                ADC_InjectedSequencerLengthConfig
 .text.ADC_GetInjectedConversionValue
                0x08009af8       0x1a lib/STM32F10x_StdPeriph_Driver/libstm32fw.a(stm32f10x_adc.o)
                0x08009af8                ADC_GetInjectedConversionValue
 .text.ADC_AnalogWatchdogCmd
                0x08009b12       0x10 lib/STM32F10x_StdPeriph_Driver/libstm32fw.a(stm32f10x_adc.o)
                0x08009b12                ADC_AnalogWatchdogCmd
 .text.ADC_AnalogWatchdogThresholdsConfig
                0x08009b22        0x6 lib/STM32F10x_StdPeriph_Driver/libstm32fw.a(stm32f10x_adc.o)
                0x08009b22                ADC_AnalogWatchdogThresholdsConfig
 .text.ADC_AnalogWatchdogSingleChannelConfig
                0x08009b28        0xc lib/STM32F10x_StdPeriph_Driver/libstm32fw.a(stm32f10x_adc.o)
                0x08009b28                ADC_AnalogWatchdogSingleChannelConfig
 .text.ADC_GetFlagStatus
                0x08009b34        0xc lib/STM32F10x_StdPeriph_Driver/libstm32fw.a(stm32f10x_adc.o)
                0x08009b34                ADC_GetFlagStatus
 .text.ADC_ClearFlag
                0x08009b40        0x6 lib/STM32F10x_StdPeriph_Driver/libstm32fw.a(stm32f10x_adc.o)
                0x08009b40                ADC_ClearFlag
 .text.ADC_GetITStatus
                0x08009b46       0x16 lib/STM32F10x_StdPeriph_Driver/libstm32fw.a(stm32f10x_adc.o)
                0x08009b46                ADC_GetITStatus
 .text.ADC_ClearITPendingBit
                0x08009b5c        0x8 lib/STM32F10x_StdPeriph_Driver/libstm32fw.a(stm32f10x_adc.o)
                0x08009b5c                ADC_ClearITPendingBit
 .text.BKP_DeInit
                0x08009b64       0x12 lib/STM32F10x_StdPeriph_Driver/libstm32fw.a(stm32f10x_bkp.o)
                0x08009b64                BKP_DeInit
 *fill*         0x08009b76        0x2 00
 .text.BKP_RTCOutputConfig
                0x08009b78       0x18 lib/STM32F10x_StdPeriph_Driver/libstm32fw.a(stm32f10x_bkp.o)
                0x08009b78                BKP_RTCOutputConfig
 .text.BKP_SetRTCCalibrationValue
                0x08009b90       0x18 lib/STM32F10x_StdPeriph_Driver/libstm32fw.a(stm32f10x_bkp.o)
                0x08009b90                BKP_SetRTCCalibrationValue
 .text.BKP_WriteBackupRegister
                0x08009ba8       0x1c lib/STM32F10x_StdPeriph_Driver/libstm32fw.a(stm32f10x_bkp.o)
                0x08009ba8                BKP_WriteBackupRegister
 .text.BKP_ReadBackupRegister
                0x08009bc4       0x20 lib/STM32F10x_StdPeriph_Driver/libstm32fw.a(stm32f10x_bkp.o)
                0x08009bc4                BKP_ReadBackupRegister
 .text.DBGMCU_Config
                0x08009be4       0x18 lib/STM32F10x_StdPeriph_Driver/libstm32fw.a(stm32f10x_dbgmcu.o)
                0x08009be4                DBGMCU_Config
 .text.DMA_DeInit
                0x08009bfc       0xec lib/STM32F10x_StdPeriph_Driver/libstm32fw.a(stm32f10x_dma.o)
                0x08009bfc                DMA_DeInit
 .text.DMA_Init
                0x08009ce8       0x40 lib/STM32F10x_StdPeriph_Driver/libstm32fw.a(stm32f10x_dma.o)
                0x08009ce8                DMA_Init
 .text.DMA_Cmd  0x08009d28       0x12 lib/STM32F10x_StdPeriph_Driver/libstm32fw.a(stm32f10x_dma.o)
                0x08009d28                DMA_Cmd
 .text.DMA_ITConfig
                0x08009d3a       0x10 lib/STM32F10x_StdPeriph_Driver/libstm32fw.a(stm32f10x_dma.o)
                0x08009d3a                DMA_ITConfig
 .text.DMA_GetCurrDataCounter
                0x08009d4a        0x6 lib/STM32F10x_StdPeriph_Driver/libstm32fw.a(stm32f10x_dma.o)
                0x08009d4a                DMA_GetCurrDataCounter
 .text.DMA_GetFlagStatus
                0x08009d50       0x1c lib/STM32F10x_StdPeriph_Driver/libstm32fw.a(stm32f10x_dma.o)
                0x08009d50                DMA_GetFlagStatus
 .text.DMA_ClearFlag
                0x08009d6c       0x14 lib/STM32F10x_StdPeriph_Driver/libstm32fw.a(stm32f10x_dma.o)
                0x08009d6c                DMA_ClearFlag
 .text.DMA_GetITStatus
                0x08009d80       0x1c lib/STM32F10x_StdPeriph_Driver/libstm32fw.a(stm32f10x_dma.o)
                0x08009d80                DMA_GetITStatus
 .text.DMA_ClearITPendingBit
                0x08009d9c       0x14 lib/STM32F10x_StdPeriph_Driver/libstm32fw.a(stm32f10x_dma.o)
                0x08009d9c                DMA_ClearITPendingBit
 .text.EXTI_DeInit
                0x08009db0       0x1c lib/STM32F10x_StdPeriph_Driver/libstm32fw.a(stm32f10x_exti.o)
                0x08009db0                EXTI_DeInit
 .text.EXTI_Init
                0x08009dcc       0x88 lib/STM32F10x_StdPeriph_Driver/libstm32fw.a(stm32f10x_exti.o)
                0x08009dcc                EXTI_Init
 .text.EXTI_GetITStatus
                0x08009e54       0x20 lib/STM32F10x_StdPeriph_Driver/libstm32fw.a(stm32f10x_exti.o)
                0x08009e54                EXTI_GetITStatus
 .text.EXTI_ClearITPendingBit
                0x08009e74        0xc lib/STM32F10x_StdPeriph_Driver/libstm32fw.a(stm32f10x_exti.o)
                0x08009e74                EXTI_ClearITPendingBit
 .text.GPIO_Init
                0x08009e80       0x9a lib/STM32F10x_StdPeriph_Driver/libstm32fw.a(stm32f10x_gpio.o)
                0x08009e80                GPIO_Init
 .text.GPIO_StructInit
                0x08009f1a       0x10 lib/STM32F10x_StdPeriph_Driver/libstm32fw.a(stm32f10x_gpio.o)
                0x08009f1a                GPIO_StructInit
 .text.GPIO_ReadInputDataBit
                0x08009f2a        0xc lib/STM32F10x_StdPeriph_Driver/libstm32fw.a(stm32f10x_gpio.o)
                0x08009f2a                GPIO_ReadInputDataBit
 .text.GPIO_SetBits
                0x08009f36        0x4 lib/STM32F10x_StdPeriph_Driver/libstm32fw.a(stm32f10x_gpio.o)
                0x08009f36                GPIO_SetBits
 .text.GPIO_ResetBits
                0x08009f3a        0x4 lib/STM32F10x_StdPeriph_Driver/libstm32fw.a(stm32f10x_gpio.o)
                0x08009f3a                GPIO_ResetBits
 .text.GPIO_WriteBit
                0x08009f3e        0xa lib/STM32F10x_StdPeriph_Driver/libstm32fw.a(stm32f10x_gpio.o)
                0x08009f3e                GPIO_WriteBit
 .text.GPIO_PinRemapConfig
                0x08009f48       0x58 lib/STM32F10x_StdPeriph_Driver/libstm32fw.a(stm32f10x_gpio.o)
                0x08009f48                GPIO_PinRemapConfig
 .text.GPIO_EXTILineConfig
                0x08009fa0       0x34 lib/STM32F10x_StdPeriph_Driver/libstm32fw.a(stm32f10x_gpio.o)
                0x08009fa0                GPIO_EXTILineConfig
 .text.I2C_DeInit
                0x08009fd4       0x34 lib/STM32F10x_StdPeriph_Driver/libstm32fw.a(stm32f10x_i2c.o)
                0x08009fd4                I2C_DeInit
 .text.I2C_Init
                0x0800a008       0xd4 lib/STM32F10x_StdPeriph_Driver/libstm32fw.a(stm32f10x_i2c.o)
                0x0800a008                I2C_Init
 .text.I2C_Cmd  0x0800a0dc       0x18 lib/STM32F10x_StdPeriph_Driver/libstm32fw.a(stm32f10x_i2c.o)
                0x0800a0dc                I2C_Cmd
 .text.I2C_GenerateSTART
                0x0800a0f4       0x18 lib/STM32F10x_StdPeriph_Driver/libstm32fw.a(stm32f10x_i2c.o)
                0x0800a0f4                I2C_GenerateSTART
 .text.I2C_GenerateSTOP
                0x0800a10c       0x18 lib/STM32F10x_StdPeriph_Driver/libstm32fw.a(stm32f10x_i2c.o)
                0x0800a10c                I2C_GenerateSTOP
 .text.I2C_AcknowledgeConfig
                0x0800a124       0x18 lib/STM32F10x_StdPeriph_Driver/libstm32fw.a(stm32f10x_i2c.o)
                0x0800a124                I2C_AcknowledgeConfig
 .text.I2C_ITConfig
                0x0800a13c       0x12 lib/STM32F10x_StdPeriph_Driver/libstm32fw.a(stm32f10x_i2c.o)
                0x0800a13c                I2C_ITConfig
 .text.I2C_SendData
                0x0800a14e        0x4 lib/STM32F10x_StdPeriph_Driver/libstm32fw.a(stm32f10x_i2c.o)
                0x0800a14e                I2C_SendData
 .text.I2C_ReceiveData
                0x0800a152        0x6 lib/STM32F10x_StdPeriph_Driver/libstm32fw.a(stm32f10x_i2c.o)
                0x0800a152                I2C_ReceiveData
 .text.I2C_Send7bitAddress
                0x0800a158       0x10 lib/STM32F10x_StdPeriph_Driver/libstm32fw.a(stm32f10x_i2c.o)
                0x0800a158                I2C_Send7bitAddress
 .text.I2C_SoftwareResetCmd
                0x0800a168       0x18 lib/STM32F10x_StdPeriph_Driver/libstm32fw.a(stm32f10x_i2c.o)
                0x0800a168                I2C_SoftwareResetCmd
 .text.IWDG_WriteAccessCmd
                0x0800a180        0xc lib/STM32F10x_StdPeriph_Driver/libstm32fw.a(stm32f10x_iwdg.o)
                0x0800a180                IWDG_WriteAccessCmd
 .text.IWDG_SetPrescaler
                0x0800a18c        0xc lib/STM32F10x_StdPeriph_Driver/libstm32fw.a(stm32f10x_iwdg.o)
                0x0800a18c                IWDG_SetPrescaler
 .text.IWDG_SetReload
                0x0800a198        0xc lib/STM32F10x_StdPeriph_Driver/libstm32fw.a(stm32f10x_iwdg.o)
                0x0800a198                IWDG_SetReload
 .text.IWDG_ReloadCounter
                0x0800a1a4       0x10 lib/STM32F10x_StdPeriph_Driver/libstm32fw.a(stm32f10x_iwdg.o)
                0x0800a1a4                IWDG_ReloadCounter
 .text.IWDG_Enable
                0x0800a1b4       0x10 lib/STM32F10x_StdPeriph_Driver/libstm32fw.a(stm32f10x_iwdg.o)
                0x0800a1b4                IWDG_Enable
 .text.PWR_DeInit
                0x0800a1c4       0x1a lib/STM32F10x_StdPeriph_Driver/libstm32fw.a(stm32f10x_pwr.o)
                0x0800a1c4                PWR_DeInit
 *fill*         0x0800a1de        0x2 00
 .text.PWR_BackupAccessCmd
                0x0800a1e0        0xc lib/STM32F10x_StdPeriph_Driver/libstm32fw.a(stm32f10x_pwr.o)
                0x0800a1e0                PWR_BackupAccessCmd
 .text.PWR_WakeUpPinCmd
                0x0800a1ec        0xc lib/STM32F10x_StdPeriph_Driver/libstm32fw.a(stm32f10x_pwr.o)
                0x0800a1ec                PWR_WakeUpPinCmd
 .text.PWR_EnterSTANDBYMode
                0x0800a1f8       0x28 lib/STM32F10x_StdPeriph_Driver/libstm32fw.a(stm32f10x_pwr.o)
                0x0800a1f8                PWR_EnterSTANDBYMode
 .text.RCC_HCLKConfig
                0x0800a220       0x14 lib/STM32F10x_StdPeriph_Driver/libstm32fw.a(stm32f10x_rcc.o)
                0x0800a220                RCC_HCLKConfig
 .text.RCC_USBCLKConfig
                0x0800a234        0xc lib/STM32F10x_StdPeriph_Driver/libstm32fw.a(stm32f10x_rcc.o)
                0x0800a234                RCC_USBCLKConfig
 .text.RCC_ADCCLKConfig
                0x0800a240       0x14 lib/STM32F10x_StdPeriph_Driver/libstm32fw.a(stm32f10x_rcc.o)
                0x0800a240                RCC_ADCCLKConfig
 .text.RCC_LSEConfig
                0x0800a254       0x20 lib/STM32F10x_StdPeriph_Driver/libstm32fw.a(stm32f10x_rcc.o)
                0x0800a254                RCC_LSEConfig
 .text.RCC_RTCCLKConfig
                0x0800a274       0x10 lib/STM32F10x_StdPeriph_Driver/libstm32fw.a(stm32f10x_rcc.o)
                0x0800a274                RCC_RTCCLKConfig
 .text.RCC_RTCCLKCmd
                0x0800a284        0xc lib/STM32F10x_StdPeriph_Driver/libstm32fw.a(stm32f10x_rcc.o)
                0x0800a284                RCC_RTCCLKCmd
 .text.RCC_GetClocksFreq
                0x0800a290       0x9c lib/STM32F10x_StdPeriph_Driver/libstm32fw.a(stm32f10x_rcc.o)
                0x0800a290                RCC_GetClocksFreq
 .text.RCC_AHBPeriphClockCmd
                0x0800a32c       0x18 lib/STM32F10x_StdPeriph_Driver/libstm32fw.a(stm32f10x_rcc.o)
                0x0800a32c                RCC_AHBPeriphClockCmd
 .text.RCC_APB2PeriphClockCmd
                0x0800a344       0x18 lib/STM32F10x_StdPeriph_Driver/libstm32fw.a(stm32f10x_rcc.o)
                0x0800a344                RCC_APB2PeriphClockCmd
 .text.RCC_APB1PeriphClockCmd
                0x0800a35c       0x18 lib/STM32F10x_StdPeriph_Driver/libstm32fw.a(stm32f10x_rcc.o)
                0x0800a35c                RCC_APB1PeriphClockCmd
 .text.RCC_APB2PeriphResetCmd
                0x0800a374       0x18 lib/STM32F10x_StdPeriph_Driver/libstm32fw.a(stm32f10x_rcc.o)
                0x0800a374                RCC_APB2PeriphResetCmd
 .text.RCC_APB1PeriphResetCmd
                0x0800a38c       0x18 lib/STM32F10x_StdPeriph_Driver/libstm32fw.a(stm32f10x_rcc.o)
                0x0800a38c                RCC_APB1PeriphResetCmd
 .text.RCC_BackupResetCmd
                0x0800a3a4        0xc lib/STM32F10x_StdPeriph_Driver/libstm32fw.a(stm32f10x_rcc.o)
                0x0800a3a4                RCC_BackupResetCmd
 .text.RCC_GetFlagStatus
                0x0800a3b0       0x28 lib/STM32F10x_StdPeriph_Driver/libstm32fw.a(stm32f10x_rcc.o)
                0x0800a3b0                RCC_GetFlagStatus
 .text.RTC_EnterConfigMode
                0x0800a3d8       0x14 lib/STM32F10x_StdPeriph_Driver/libstm32fw.a(stm32f10x_rtc.o)
                0x0800a3d8                RTC_EnterConfigMode
 .text.RTC_ExitConfigMode
                0x0800a3ec       0x14 lib/STM32F10x_StdPeriph_Driver/libstm32fw.a(stm32f10x_rtc.o)
                0x0800a3ec                RTC_ExitConfigMode
 .text.RTC_GetCounter
                0x0800a400       0x14 lib/STM32F10x_StdPeriph_Driver/libstm32fw.a(stm32f10x_rtc.o)
                0x0800a400                RTC_GetCounter
 .text.RTC_SetCounter
                0x0800a414       0x20 lib/STM32F10x_StdPeriph_Driver/libstm32fw.a(stm32f10x_rtc.o)
                0x0800a414                RTC_SetCounter
 .text.RTC_SetPrescaler
                0x0800a434       0x20 lib/STM32F10x_StdPeriph_Driver/libstm32fw.a(stm32f10x_rtc.o)
                0x0800a434                RTC_SetPrescaler
 .text.RTC_WaitForLastTask
                0x0800a454       0x14 lib/STM32F10x_StdPeriph_Driver/libstm32fw.a(stm32f10x_rtc.o)
                0x0800a454                RTC_WaitForLastTask
 .text.RTC_WaitForSynchro
                0x0800a468       0x24 lib/STM32F10x_StdPeriph_Driver/libstm32fw.a(stm32f10x_rtc.o)
                0x0800a468                RTC_WaitForSynchro
 .text.SPI_Init
                0x0800a48c       0x3e lib/STM32F10x_StdPeriph_Driver/libstm32fw.a(stm32f10x_spi.o)
                0x0800a48c                SPI_Init
 .text.SPI_StructInit
                0x0800a4ca       0x18 lib/STM32F10x_StdPeriph_Driver/libstm32fw.a(stm32f10x_spi.o)
                0x0800a4ca                SPI_StructInit
 .text.SPI_Cmd  0x0800a4e2       0x18 lib/STM32F10x_StdPeriph_Driver/libstm32fw.a(stm32f10x_spi.o)
                0x0800a4e2                SPI_Cmd
 .text.SPI_I2S_DMACmd
                0x0800a4fa       0x12 lib/STM32F10x_StdPeriph_Driver/libstm32fw.a(stm32f10x_spi.o)
                0x0800a4fa                SPI_I2S_DMACmd
 .text.SPI_I2S_SendData
                0x0800a50c        0x4 lib/STM32F10x_StdPeriph_Driver/libstm32fw.a(stm32f10x_spi.o)
                0x0800a50c                SPI_I2S_SendData
 .text.SPI_I2S_ReceiveData
                0x0800a510        0x6 lib/STM32F10x_StdPeriph_Driver/libstm32fw.a(stm32f10x_spi.o)
                0x0800a510                SPI_I2S_ReceiveData
 .text.SPI_CalculateCRC
                0x0800a516       0x18 lib/STM32F10x_StdPeriph_Driver/libstm32fw.a(stm32f10x_spi.o)
                0x0800a516                SPI_CalculateCRC
 .text.SPI_I2S_GetFlagStatus
                0x0800a52e        0xc lib/STM32F10x_StdPeriph_Driver/libstm32fw.a(stm32f10x_spi.o)
                0x0800a52e                SPI_I2S_GetFlagStatus
 *fill*         0x0800a53a        0x2 00
 .text.TIM_DeInit
                0x0800a53c       0xc8 lib/STM32F10x_StdPeriph_Driver/libstm32fw.a(stm32f10x_tim.o)
                0x0800a53c                TIM_DeInit
 .text.TIM_TimeBaseInit
                0x0800a604       0x3c lib/STM32F10x_StdPeriph_Driver/libstm32fw.a(stm32f10x_tim.o)
                0x0800a604                TIM_TimeBaseInit
 .text.TIM_OC4Init
                0x0800a640       0x68 lib/STM32F10x_StdPeriph_Driver/libstm32fw.a(stm32f10x_tim.o)
                0x0800a640                TIM_OC4Init
 .text.TIM_Cmd  0x0800a6a8       0x18 lib/STM32F10x_StdPeriph_Driver/libstm32fw.a(stm32f10x_tim.o)
                0x0800a6a8                TIM_Cmd
 .text.TIM_OC4PreloadConfig
                0x0800a6c0       0x14 lib/STM32F10x_StdPeriph_Driver/libstm32fw.a(stm32f10x_tim.o)
                0x0800a6c0                TIM_OC4PreloadConfig
 .text.USART_DeInit
                0x0800a6d4       0x98 lib/STM32F10x_StdPeriph_Driver/libstm32fw.a(stm32f10x_usart.o)
                0x0800a6d4                USART_DeInit
 .text.USART_Init
                0x0800a76c       0x88 lib/STM32F10x_StdPeriph_Driver/libstm32fw.a(stm32f10x_usart.o)
                0x0800a76c                USART_Init
 .text.USART_Cmd
                0x0800a7f4       0x18 lib/STM32F10x_StdPeriph_Driver/libstm32fw.a(stm32f10x_usart.o)
                0x0800a7f4                USART_Cmd
 .text.USART_ITConfig
                0x0800a80c       0x34 lib/STM32F10x_StdPeriph_Driver/libstm32fw.a(stm32f10x_usart.o)
                0x0800a80c                USART_ITConfig
 .text.USART_DMACmd
                0x0800a840       0x12 lib/STM32F10x_StdPeriph_Driver/libstm32fw.a(stm32f10x_usart.o)
                0x0800a840                USART_DMACmd
 .text.USART_SendData
                0x0800a852        0x8 lib/STM32F10x_StdPeriph_Driver/libstm32fw.a(stm32f10x_usart.o)
                0x0800a852                USART_SendData
 .text.USART_ReceiveData
                0x0800a85a        0x8 lib/STM32F10x_StdPeriph_Driver/libstm32fw.a(stm32f10x_usart.o)
                0x0800a85a                USART_ReceiveData
 .text.USART_GetFlagStatus
                0x0800a862        0xc lib/STM32F10x_StdPeriph_Driver/libstm32fw.a(stm32f10x_usart.o)
                0x0800a862                USART_GetFlagStatus
 .text.USART_GetITStatus
                0x0800a86e       0x40 lib/STM32F10x_StdPeriph_Driver/libstm32fw.a(stm32f10x_usart.o)
                0x0800a86e                USART_GetITStatus
 .text.USART_ClearITPendingBit
                0x0800a8ae       0x10 lib/STM32F10x_StdPeriph_Driver/libstm32fw.a(stm32f10x_usart.o)
                0x0800a8ae                USART_ClearITPendingBit
 *fill*         0x0800a8be        0x2 00
 .text.Standard_GetConfiguration
                0x0800a8c0       0x24 lib/STM32_USB-FS-Device_Driver/libstm32usb.a(usb_core.o)
                0x0800a8c0                Standard_GetConfiguration
 .text.Standard_GetInterface
                0x0800a8e4       0x24 lib/STM32_USB-FS-Device_Driver/libstm32usb.a(usb_core.o)
                0x0800a8e4                Standard_GetInterface
 .text.Standard_GetStatus
                0x0800a908       0x9c lib/STM32_USB-FS-Device_Driver/libstm32usb.a(usb_core.o)
                0x0800a908                Standard_GetStatus
 .text.DataStageIn
                0x0800a9a4       0xa4 lib/STM32_USB-FS-Device_Driver/libstm32usb.a(usb_core.o)
 .text.Standard_SetConfiguration
                0x0800aa48       0x38 lib/STM32_USB-FS-Device_Driver/libstm32usb.a(usb_core.o)
                0x0800aa48                Standard_SetConfiguration
 .text.Standard_SetInterface
                0x0800aa80       0x48 lib/STM32_USB-FS-Device_Driver/libstm32usb.a(usb_core.o)
                0x0800aa80                Standard_SetInterface
 .text.Standard_ClearFeature
                0x0800aac8       0xdc lib/STM32_USB-FS-Device_Driver/libstm32usb.a(usb_core.o)
                0x0800aac8                Standard_ClearFeature
 .text.Standard_SetEndPointFeature
                0x0800aba4       0x8c lib/STM32_USB-FS-Device_Driver/libstm32usb.a(usb_core.o)
                0x0800aba4                Standard_SetEndPointFeature
 .text.Standard_SetDeviceFeature
                0x0800ac30       0x24 lib/STM32_USB-FS-Device_Driver/libstm32usb.a(usb_core.o)
                0x0800ac30                Standard_SetDeviceFeature
 .text.Standard_GetDescriptorData
                0x0800ac54       0x1c lib/STM32_USB-FS-Device_Driver/libstm32usb.a(usb_core.o)
                0x0800ac54                Standard_GetDescriptorData
 .text.Post0_Process
                0x0800ac70       0x40 lib/STM32_USB-FS-Device_Driver/libstm32usb.a(usb_core.o)
                0x0800ac70                Post0_Process
 .text.Out0_Process
                0x0800acb0       0xd4 lib/STM32_USB-FS-Device_Driver/libstm32usb.a(usb_core.o)
                0x0800acb0                Out0_Process
 .text.Setup0_Process
                0x0800ad84      0x2f8 lib/STM32_USB-FS-Device_Driver/libstm32usb.a(usb_core.o)
                0x0800ad84                Setup0_Process
 .text.SetDeviceAddress
                0x0800b07c       0x40 lib/STM32_USB-FS-Device_Driver/libstm32usb.a(usb_core.o)
                0x0800b07c                SetDeviceAddress
 .text.In0_Process
                0x0800b0bc       0x60 lib/STM32_USB-FS-Device_Driver/libstm32usb.a(usb_core.o)
                0x0800b0bc                In0_Process
 .text.NOP_Process
                0x0800b11c        0x2 lib/STM32_USB-FS-Device_Driver/libstm32usb.a(usb_core.o)
                0x0800b11c                NOP_Process
 *fill*         0x0800b11e        0x2 00
 .text.USB_Init
                0x0800b120       0x38 lib/STM32_USB-FS-Device_Driver/libstm32usb.a(usb_init.o)
                0x0800b120                USB_Init
 .text.CTR_LP   0x0800b158      0x190 lib/STM32_USB-FS-Device_Driver/libstm32usb.a(usb_int.o)
                0x0800b158                CTR_LP
 .text.CTR_HP   0x0800b2e8       0x74 lib/STM32_USB-FS-Device_Driver/libstm32usb.a(usb_int.o)
                0x0800b2e8                CTR_HP
 .text.UserToPMABufferCopy
                0x0800b35c       0x2e lib/STM32_USB-FS-Device_Driver/libstm32usb.a(usb_mem.o)
                0x0800b35c                UserToPMABufferCopy
 .text.PMAToUserBufferCopy
                0x0800b38a       0x24 lib/STM32_USB-FS-Device_Driver/libstm32usb.a(usb_mem.o)
                0x0800b38a                PMAToUserBufferCopy
 *fill*         0x0800b3ae        0x2 00
 .text.SetBTABLE
                0x0800b3b0       0x10 lib/STM32_USB-FS-Device_Driver/libstm32usb.a(usb_regs.o)
                0x0800b3b0                SetBTABLE
 .text.SetEPType
                0x0800b3c0       0x18 lib/STM32_USB-FS-Device_Driver/libstm32usb.a(usb_regs.o)
                0x0800b3c0                SetEPType
 .text.SetEPTxStatus
                0x0800b3d8       0x3a lib/STM32_USB-FS-Device_Driver/libstm32usb.a(usb_regs.o)
                0x0800b3d8                SetEPTxStatus
 .text.SetEPRxStatus
                0x0800b412       0x3a lib/STM32_USB-FS-Device_Driver/libstm32usb.a(usb_regs.o)
                0x0800b412                SetEPRxStatus
 .text.SetEPRxValid
                0x0800b44c       0x22 lib/STM32_USB-FS-Device_Driver/libstm32usb.a(usb_regs.o)
                0x0800b44c                SetEPRxValid
 .text.Clear_Status_Out
                0x0800b46e       0x1e lib/STM32_USB-FS-Device_Driver/libstm32usb.a(usb_regs.o)
                0x0800b46e                Clear_Status_Out
 .text.ClearDTOG_RX
                0x0800b48c       0x24 lib/STM32_USB-FS-Device_Driver/libstm32usb.a(usb_regs.o)
                0x0800b48c                ClearDTOG_RX
 .text.ClearDTOG_TX
                0x0800b4b0       0x24 lib/STM32_USB-FS-Device_Driver/libstm32usb.a(usb_regs.o)
                0x0800b4b0                ClearDTOG_TX
 .text.SetEPTxAddr
                0x0800b4d4       0x20 lib/STM32_USB-FS-Device_Driver/libstm32usb.a(usb_regs.o)
                0x0800b4d4                SetEPTxAddr
 .text.SetEPRxAddr
                0x0800b4f4       0x20 lib/STM32_USB-FS-Device_Driver/libstm32usb.a(usb_regs.o)
                0x0800b4f4                SetEPRxAddr
 .text.GetEPTxAddr
                0x0800b514       0x1c lib/STM32_USB-FS-Device_Driver/libstm32usb.a(usb_regs.o)
                0x0800b514                GetEPTxAddr
 .text.GetEPRxAddr
                0x0800b530       0x1c lib/STM32_USB-FS-Device_Driver/libstm32usb.a(usb_regs.o)
                0x0800b530                GetEPRxAddr
 .text.SetEPTxCount
                0x0800b54c       0x1c lib/STM32_USB-FS-Device_Driver/libstm32usb.a(usb_regs.o)
                0x0800b54c                SetEPTxCount
 .text.SetEPRxCount
                0x0800b568       0x3c lib/STM32_USB-FS-Device_Driver/libstm32usb.a(usb_regs.o)
                0x0800b568                SetEPRxCount
 .text.GetEPRxCount
                0x0800b5a4       0x20 lib/STM32_USB-FS-Device_Driver/libstm32usb.a(usb_regs.o)
                0x0800b5a4                GetEPRxCount
 .text.ByteSwap
                0x0800b5c4        0xa lib/STM32_USB-FS-Device_Driver/libstm32usb.a(usb_regs.o)
                0x0800b5c4                ByteSwap
 *fill*         0x0800b5ce        0x2 00
 .text.USB_SIL_Init
                0x0800b5d0       0x20 lib/STM32_USB-FS-Device_Driver/libstm32usb.a(usb_sil.o)
                0x0800b5d0                USB_SIL_Init
 .text.USB_SIL_Write
                0x0800b5f0       0x28 lib/STM32_USB-FS-Device_Driver/libstm32usb.a(usb_sil.o)
                0x0800b5f0                USB_SIL_Write
 .text.USB_SIL_Read
                0x0800b618       0x24 lib/STM32_USB-FS-Device_Driver/libstm32usb.a(usb_sil.o)
                0x0800b618                USB_SIL_Read
 .text.memset   0x0800b63c      0x12c /home/laurence/ARM-GCC/bin/../lib/gcc/arm-none-eabi/4.7.4/../../../../arm-none-eabi/lib/armv7-m/libc.a(lib_a-memset.o)
                0x0800b63c                memset
 .text.srand    0x0800b768       0x18 /home/laurence/ARM-GCC/bin/../lib/gcc/arm-none-eabi/4.7.4/../../../../arm-none-eabi/lib/armv7-m/libc.a(lib_a-rand.o)
                0x0800b768                srand
 .text.rand     0x0800b780       0x48 /home/laurence/ARM-GCC/bin/../lib/gcc/arm-none-eabi/4.7.4/../../../../arm-none-eabi/lib/armv7-m/libc.a(lib_a-rand.o)
                0x0800b780                rand
 .text.sinf     0x0800b7c8       0x78 /home/laurence/ARM-GCC/bin/../lib/gcc/arm-none-eabi/4.7.4/../../../../arm-none-eabi/lib/armv7-m/libm.a(lib_a-sf_sin.o)
                0x0800b7c8                sinf
 .text.__ieee754_rem_pio2f
                0x0800b840      0x358 /home/laurence/ARM-GCC/bin/../lib/gcc/arm-none-eabi/4.7.4/../../../../arm-none-eabi/lib/armv7-m/libm.a(lib_a-ef_rem_pio2.o)
                0x0800b840                __ieee754_rem_pio2f
 .text.__kernel_cosf
                0x0800bb98      0x1b8 /home/laurence/ARM-GCC/bin/../lib/gcc/arm-none-eabi/4.7.4/../../../../arm-none-eabi/lib/armv7-m/libm.a(lib_a-kf_cos.o)
                0x0800bb98                __kernel_cosf
 .text.__kernel_rem_pio2f
                0x0800bd50      0xba0 /home/laurence/ARM-GCC/bin/../lib/gcc/arm-none-eabi/4.7.4/../../../../arm-none-eabi/lib/armv7-m/libm.a(lib_a-kf_rem_pio2.o)
                0x0800bd50                __kernel_rem_pio2f
 .text.__kernel_sinf
                0x0800c8f0      0x100 /home/laurence/ARM-GCC/bin/../lib/gcc/arm-none-eabi/4.7.4/../../../../arm-none-eabi/lib/armv7-m/libm.a(lib_a-kf_sin.o)
                0x0800c8f0                __kernel_sinf
 .text.fabsf    0x0800c9f0        0x8 /home/laurence/ARM-GCC/bin/../lib/gcc/arm-none-eabi/4.7.4/../../../../arm-none-eabi/lib/armv7-m/libm.a(lib_a-sf_fabs.o)
                0x0800c9f0                fabsf
 .text.floorf   0x0800c9f8       0x94 /home/laurence/ARM-GCC/bin/../lib/gcc/arm-none-eabi/4.7.4/../../../../arm-none-eabi/lib/armv7-m/libm.a(lib_a-sf_floor.o)
                0x0800c9f8                floorf
 .text.scalbnf  0x0800ca8c       0xc0 /home/laurence/ARM-GCC/bin/../lib/gcc/arm-none-eabi/4.7.4/../../../../arm-none-eabi/lib/armv7-m/libm.a(lib_a-sf_scalbn.o)
                0x0800ca8c                scalbnf
 .text.copysignf
                0x0800cb4c        0xc /home/laurence/ARM-GCC/bin/../lib/gcc/arm-none-eabi/4.7.4/../../../../arm-none-eabi/lib/armv7-m/libm.a(lib_a-sf_copysign.o)
                0x0800cb4c                copysignf
 .text._sbrk    0x0800cb58       0x34 /home/laurence/ARM-GCC/bin/../lib/gcc/arm-none-eabi/4.7.4/../../../../arm-none-eabi/lib/armv7-m/libnosys.a(sbrk.o)
                0x0800cb58                _sbrk
 *(.rodata)
 .rodata        0x0800cb8c       0xb4 /tmp/ccVp97q9.ltrans0.ltrans.o
                0x0800cc31                DaysInMonth.5249
 .rodata        0x0800cc40       0x20 /tmp/ccVp97q9.ltrans1.ltrans.o
 .rodata        0x0800cc60        0xd /tmp/ccVp97q9.ltrans2.ltrans.o
                0x0800cc60                LfnOfs.5167
 *fill*         0x0800cc6d        0x1 00
 .rodata        0x0800cc6e      0x3c0 /tmp/ccVp97q9.ltrans5.ltrans.o
 .rodata        0x0800d02e       0x12 /tmp/ccVp97q9.ltrans6.ltrans.o
 .rodata        0x0800d040       0x74 /tmp/ccVp97q9.ltrans7.ltrans.o
 .rodata        0x0800d0b4      0x180 /tmp/ccVp97q9.ltrans8.ltrans.o
                0x0800d0b4                Tbl.4816
 *(.rodata*)
 .rodata.str1.1
                0x0800d234      0x3a2 /tmp/ccVp97q9.ltrans0.ltrans.o
                                0x3a7 (size before relaxing)
 .rodata.str1.1
                0x0800d5d6       0x10 /tmp/ccVp97q9.ltrans1.ltrans.o
                                 0x13 (size before relaxing)
 .rodata.str1.1
                0x0800d5e6        0x6 /tmp/ccVp97q9.ltrans6.ltrans.o
 .rodata.str1.1
                0x0800d5ec       0x10 /tmp/ccVp97q9.ltrans8.ltrans.o
 .rodata.str1.4
                0x0800d5fc        0x4 /home/laurence/ARM-GCC/bin/../lib/gcc/arm-none-eabi/4.7.4/../../../../arm-none-eabi/lib/armv7-m/libc.a(lib_a-impure.o)
 .rodata.npio2_hw
                0x0800d600       0x80 /home/laurence/ARM-GCC/bin/../lib/gcc/arm-none-eabi/4.7.4/../../../../arm-none-eabi/lib/armv7-m/libm.a(lib_a-ef_rem_pio2.o)
 .rodata.two_over_pi
                0x0800d680      0x318 /home/laurence/ARM-GCC/bin/../lib/gcc/arm-none-eabi/4.7.4/../../../../arm-none-eabi/lib/armv7-m/libm.a(lib_a-ef_rem_pio2.o)
 .rodata.init_jk
                0x0800d998        0xc /home/laurence/ARM-GCC/bin/../lib/gcc/arm-none-eabi/4.7.4/../../../../arm-none-eabi/lib/armv7-m/libm.a(lib_a-kf_rem_pio2.o)
 .rodata.PIo2   0x0800d9a4       0x2c /home/laurence/ARM-GCC/bin/../lib/gcc/arm-none-eabi/4.7.4/../../../../arm-none-eabi/lib/armv7-m/libm.a(lib_a-kf_rem_pio2.o)
 *(.glue_7)
 .glue_7        0x00000000        0x0 linker stubs
 *(.glue_7t)
 .glue_7t       0x00000000        0x0 linker stubs
 *(.init)
 .init          0x0800d9d0        0x4 /home/laurence/ARM-GCC/bin/../lib/gcc/arm-none-eabi/4.7.4/armv7-m/crti.o
                0x0800d9d0                _init
 .init          0x0800d9d4        0x8 /home/laurence/ARM-GCC/bin/../lib/gcc/arm-none-eabi/4.7.4/armv7-m/crtn.o
 *(.fini)
 .fini          0x0800d9dc        0x4 /home/laurence/ARM-GCC/bin/../lib/gcc/arm-none-eabi/4.7.4/armv7-m/crti.o
                0x0800d9dc                _fini
 .fini          0x0800d9e0        0x8 /home/laurence/ARM-GCC/bin/../lib/gcc/arm-none-eabi/4.7.4/armv7-m/crtn.o
                0x0800d9e8                . = ALIGN (0x4)
                0x0800d9e8                _etext = .
                0x0800d9e8                _sidata = _etext

.vfp11_veneer   0x0800d9e8        0x0
 .vfp11_veneer  0x00000000        0x0 linker stubs

.v4_bx          0x0800d9e8        0x0
 .v4_bx         0x00000000        0x0 linker stubs

.iplt           0x0800d9e8        0x0
 .iplt          0x00000000        0x0 /home/laurence/ARM-GCC/bin/../lib/gcc/arm-none-eabi/4.7.4/armv7-m/crtbegin.o

.rel.dyn        0x0800d9e8        0x0
 .rel.iplt      0x00000000        0x0 /home/laurence/ARM-GCC/bin/../lib/gcc/arm-none-eabi/4.7.4/armv7-m/crtbegin.o

.flashpatch     0x00000000        0x0
                0x00000000                . = ALIGN (0x4)
 *(.flashpatch)
                0x00000000                . = ALIGN (0x4)

.endflash       0x00000000        0x0
                0x00000000                . = ALIGN (0x4)
 *(.endflash)
                0x00000000                . = ALIGN (0x4)
                0x00000000                _e_endflash = .

.data           0x20000000      0xa04 load address 0x0800d9e8
                0x20000000                . = ALIGN (0x4)
                0x20000000                _sdata = .
                0x20000000                _data = .
 *(.data)
 .data          0x20000000        0xc /tmp/ccVp97q9.ltrans0.ltrans.o
                0x20000008                SP1ML_network_address
 .data          0x2000000c        0xc /tmp/ccVp97q9.ltrans1.ltrans.o
                0x20000010                Config_Descriptor
 .data          0x20000018       0x90 /tmp/ccVp97q9.ltrans2.ltrans.o
                0x20000018                Scsi_Sense_Data
                0x2000008c                pEpInt_OUT
 .data          0x200000a8       0x1c /tmp/ccVp97q9.ltrans3.ltrans.o
                0x200000a8                pEpInt_IN
 .data          0x200000c4       0x40 /tmp/ccVp97q9.ltrans4.ltrans.o
                0x200000c4                I2C_jobs
 .data          0x20000104        0xc /tmp/ccVp97q9.ltrans6.ltrans.o
                0x2000010c                Device_Table
 .data          0x20000110       0x68 /tmp/ccVp97q9.ltrans7.ltrans.o
                0x2000012c                String_Descriptor
                0x20000154                User_Standard_Requests
 .data          0x20000178        0x1 /tmp/ccVp97q9.ltrans9.ltrans.o
 *fill*         0x20000179        0x3 00
 .data          0x2000017c       0x34 /tmp/ccVp97q9.ltrans10.ltrans.o
                0x2000017c                Device_Property
                0x200001ad                Stat.5443
 *(.data.*)
 .data.__malloc_av_
                0x200001b0      0x408 /home/laurence/ARM-GCC/bin/../lib/gcc/arm-none-eabi/4.7.4/../../../../arm-none-eabi/lib/armv7-m/libc.a(lib_a-mallocr.o)
                0x200001b0                __malloc_av_
 .data.__malloc_trim_threshold
                0x200005b8        0x4 /home/laurence/ARM-GCC/bin/../lib/gcc/arm-none-eabi/4.7.4/../../../../arm-none-eabi/lib/armv7-m/libc.a(lib_a-mallocr.o)
                0x200005b8                __malloc_trim_threshold
 .data.__malloc_sbrk_base
                0x200005bc        0x4 /home/laurence/ARM-GCC/bin/../lib/gcc/arm-none-eabi/4.7.4/../../../../arm-none-eabi/lib/armv7-m/libc.a(lib_a-mallocr.o)
                0x200005bc                __malloc_sbrk_base
 .data.ADCPrescTable
                0x200005c0        0x4 lib/STM32F10x_StdPeriph_Driver/libstm32fw.a(stm32f10x_rcc.o)
 .data.APBAHBPrescTable
                0x200005c4       0x10 lib/STM32F10x_StdPeriph_Driver/libstm32fw.a(stm32f10x_rcc.o)
 *fill*         0x200005d4        0x4 00
 .data.impure_data
                0x200005d8      0x428 /home/laurence/ARM-GCC/bin/../lib/gcc/arm-none-eabi/4.7.4/../../../../arm-none-eabi/lib/armv7-m/libc.a(lib_a-impure.o)
 .data._impure_ptr
                0x20000a00        0x4 /home/laurence/ARM-GCC/bin/../lib/gcc/arm-none-eabi/4.7.4/../../../../arm-none-eabi/lib/armv7-m/libc.a(lib_a-impure.o)
                0x20000a00                _impure_ptr
 *(.RAMtext)
                0x20000a04                . = ALIGN (0x4)
                0x20000a04                _edata = .
                0x0800e3ec                _eidata = (_sidata + (_edata - _sdata))
                0x08020000                _lastdataromaddress = (ORIGIN (FLASH) + 0x20000)
                0x00000000                toobig = (_eidata > _lastdataromaddress)?!!!!!!!!! FLASH IS FULL !!!!!!!!!:0x0

.igot.plt       0x20000a04        0x0 load address 0x0800e3ec
 .igot.plt      0x00000000        0x0 /home/laurence/ARM-GCC/bin/../lib/gcc/arm-none-eabi/4.7.4/armv7-m/crtbegin.o

.bss            0x20000a08     0x1304 load address 0x0800e3f0
                0x20000a08                . = ALIGN (0x4)
                0x20000a08                _sbss = .
                0x20000a08                _bss = .
 *(.bss)
 .bss           0x20000a08      0xda0 /tmp/ccVp97q9.ltrans0.ltrans.o
                0x20000e30                bootsource
                0x20000e34                Millis
                0x20000e3c                Gps_Buffer
                0x20000e48                rputchar.5713
                0x20000e4c                Status
                0x20000e50                Data_Buffer
                0x20000e54                bDeviceState
                0x20000e58                Battery_Voltage
                0x20000e5c                Jobs
                0x20000e60                FatFs.5170
                0x2000109c                FATFS_wavfile
                0x200012f4                print_string
                0x20001310                FATFS_wavfile_gps
                0x20001534                FATFS_wavfile_imu
                0x20001758                file_opened
                0x20001759                flashCodeEnabled
                0x2000175c                Gps
                0x20001798                flashCode
                0x200017a1                System_state_Global
                0x200017a2                Shutdown_System
 .bss           0x200017a8       0x2c /tmp/ccVp97q9.ltrans1.ltrans.o
 .bss           0x200017d4       0xb8 /tmp/ccVp97q9.ltrans2.ltrans.o
                0x200017d4                Bot_State
                0x200017d8                CBW
                0x200017fe                TransferState
                0x20001800                Mass_Block_Size
                0x20001854                Sd_Spi_Called_From_USB_MSC
                0x20001858                CSW
                0x20001870                SCSI_LBA
                0x20001874                SCSI_BlkLen
                0x20001878                Max_Lun
                0x2000187c                Mass_Block_Count
 .bss           0x2000188c        0xc /tmp/ccVp97q9.ltrans3.ltrans.o
 .bss           0x20001898        0x4 /tmp/ccVp97q9.ltrans4.ltrans.o
                0x2000189b                CurrVol.5169
 .bss           0x2000189c        0x4 /tmp/ccVp97q9.ltrans5.ltrans.o
 .bss           0x200018a0       0x88 /tmp/ccVp97q9.ltrans6.ltrans.o
 .bss           0x20001928        0xc /tmp/ccVp97q9.ltrans7.ltrans.o
 .bss           0x20001934        0x1 /tmp/ccVp97q9.ltrans8.ltrans.o
                0x20001934                CardType.5444
 *fill*         0x20001935        0x3 00
 .bss           0x20001938      0x33c /tmp/ccVp97q9.ltrans9.ltrans.o
                0x200019bc                raw_data.7436
                0x200019d8                channel_wct_conf.7446
                0x200019dc                wct.7434
                0x200019e0                ECG_buffers
                0x20001aa0                Enable.7448
                0x20001aa1                old_quality_mask.7451
                0x20001aa4                old_wct.7450
                0x20001aa9                ADS1298_Error_Status
                0x20001ab3                Gain.7449
                0x20001ab4                Completed_Jobs
                0x20001ab8                LSM9DS1_Gyro_Buffer
                0x20001ac4                IMU_buff
                0x20001b64                LSM9DS1_Acc_Buffer
                0x20001b6c                LSM9DS1_Mag_Buffer
                0x20001b7a                I2C1error
                0x20001b7c                I2C_failure
                0x20001c00                Filtered_ECG
                0x20001c12                SP1ML_tx_rx_state
                0x20001c1c                Usart3_rx_buff
                0x20001c2c                SP1ML_tx_sequence_number
                0x20001c38                Usart1_rx_buff
                0x20001c4c                Usart3_tx_buff
                0x20001c5c                SP1ML_tx_bytes
                0x20001c60                SP1ML_withold
                0x20001c64                Usart1_tx_buff
 .bss           0x20001c74       0x1c /tmp/ccVp97q9.ltrans10.ltrans.o
                0x20001c74                wIstr
                0x20001c78                Timer1.5438
                0x20001c7c                Timer2.5439
                0x20001c8d                job
 *(.bss.*)
 .bss.__malloc_max_total_mem
                0x20001c90        0x4 /home/laurence/ARM-GCC/bin/../lib/gcc/arm-none-eabi/4.7.4/../../../../arm-none-eabi/lib/armv7-m/libc.a(lib_a-mallocr.o)
                0x20001c90                __malloc_max_total_mem
 .bss.__malloc_max_sbrked_mem
                0x20001c94        0x4 /home/laurence/ARM-GCC/bin/../lib/gcc/arm-none-eabi/4.7.4/../../../../arm-none-eabi/lib/armv7-m/libc.a(lib_a-mallocr.o)
                0x20001c94                __malloc_max_sbrked_mem
 .bss.__malloc_top_pad
                0x20001c98        0x4 /home/laurence/ARM-GCC/bin/../lib/gcc/arm-none-eabi/4.7.4/../../../../arm-none-eabi/lib/armv7-m/libc.a(lib_a-mallocr.o)
                0x20001c98                __malloc_top_pad
 .bss.__malloc_current_mallinfo
                0x20001c9c       0x28 /home/laurence/ARM-GCC/bin/../lib/gcc/arm-none-eabi/4.7.4/../../../../arm-none-eabi/lib/armv7-m/libc.a(lib_a-mallocr.o)
                0x20001c9c                __malloc_current_mallinfo
 .bss.Data_Mul_MaxPacketSize
                0x20001cc4        0x1 lib/STM32_USB-FS-Device_Driver/libstm32usb.a(usb_core.o)
                0x20001cc4                Data_Mul_MaxPacketSize
 *fill*         0x20001cc5        0x3 00
 .bss.heap_end.4231
                0x20001cc8        0x4 /home/laurence/ARM-GCC/bin/../lib/gcc/arm-none-eabi/4.7.4/../../../../arm-none-eabi/lib/armv7-m/libnosys.a(sbrk.o)
 *(COMMON)
 COMMON         0x20001ccc        0x4 /home/laurence/ARM-GCC/bin/../lib/gcc/arm-none-eabi/4.7.4/../../../../arm-none-eabi/lib/armv7-m/libc.a(lib_a-reent.o)
                0x20001ccc                errno
 COMMON         0x20001cd0        0x2 lib/STM32_USB-FS-Device_Driver/libstm32usb.a(usb_core.o)
                0x20001cd0                StatusInfo
 *fill*         0x20001cd2        0x2 00
 COMMON         0x20001cd4       0x32 lib/STM32_USB-FS-Device_Driver/libstm32usb.a(usb_init.o)
                0x20001cd4                SaveState
                0x20001cd8                pProperty
                0x20001cdc                EPindex
                0x20001ce0                Device_Info
                0x20001cfc                pUser_Standard_Requests
                0x20001d00                pInformation
                0x20001d04                wInterrupt_Mask
 COMMON         0x20001d06        0x4 lib/STM32_USB-FS-Device_Driver/libstm32usb.a(usb_int.o)
                0x20001d06                SaveRState
                0x20001d08                SaveTState
                0x20001d0c                . = ALIGN (0x4)
 *fill*         0x20001d0a        0x2 00
                0x20001d0c                _ebss = .
                0x20001d0c                PROVIDE (end, _ebss)
                0x20001d0c                PROVIDE (_end, _ebss)

._usrstack      0x20001d0c     0x2000 load address 0x0800f6f4
                0x20001d0c                . = ALIGN (0x4)
                0x20001d0c                _susrstack = .
                0x20003d0c                . = (. + _Minimum_Stack_Size)
 *fill*         0x20001d0c     0x2000 00
                0x20003d0c                . = ALIGN (0x4)
                0x20003d0c                _eusrstack = .
                0x20005000                _lastramaddress = (ORIGIN (RAM) + 0x5000)
                0x00000000                toobig = (_eusrstack > _lastramaddress)?!!!!!!!!! RAM IS FULL !!!!!!!!!:0x0

.b1text
 *(.b1text)
 *(.b1rodata)
 *(.b1rodata*)

.eb0text
 *(.eb0text)
 *(.eb0rodata)
 *(.eb0rodata*)

.eb1text
 *(.eb1text)
 *(.eb1rodata)
 *(.eb1rodata*)

.eb2text
 *(.eb2text)
 *(.eb2rodata)
 *(.eb2rodata*)

.eb3text
 *(.eb3text)
 *(.eb3rodata)
 *(.eb3rodata*)
                0x20003d0c                __exidx_start = .
                0x20003d0c                __exidx_end = .

/DISCARD/
 libc.a(*)
 libm.a(*)
 libgcc.a(*)

.stab
 *(.stab)

.stabstr
 *(.stabstr)

.stab.excl
 *(.stab.excl)

.stab.exclstr
 *(.stab.exclstr)

.stab.index
 *(.stab.index)

.stab.indexstr
 *(.stab.indexstr)

.comment        0x00000000       0x70
 *(.comment)
 .comment       0x00000000       0x71 /tmp/ccVp97q9.ltrans0.ltrans.o
 .comment       0x00000000       0x71 /tmp/ccVp97q9.ltrans1.ltrans.o
 .comment       0x00000000       0x71 /tmp/ccVp97q9.ltrans2.ltrans.o
 .comment       0x00000000       0x71 /tmp/ccVp97q9.ltrans3.ltrans.o
 .comment       0x00000000       0x71 /tmp/ccVp97q9.ltrans4.ltrans.o
 .comment       0x00000000       0x71 /tmp/ccVp97q9.ltrans5.ltrans.o
 .comment       0x00000000       0x71 /tmp/ccVp97q9.ltrans6.ltrans.o
 .comment       0x00000000       0x71 /tmp/ccVp97q9.ltrans7.ltrans.o
 .comment       0x00000000       0x71 /tmp/ccVp97q9.ltrans8.ltrans.o
 .comment       0x00000000       0x71 /tmp/ccVp97q9.ltrans9.ltrans.o
 .comment       0x00000000       0x71 /tmp/ccVp97q9.ltrans10.ltrans.o
 .comment       0x00000000       0x70 lib/STM32F10x_StdPeriph_Driver/libstm32fw.a(misc.o)
                                 0x71 (size before relaxing)
 .comment       0x00000000       0x71 lib/STM32F10x_StdPeriph_Driver/libstm32fw.a(stm32f10x_adc.o)
 .comment       0x00000000       0x71 lib/STM32F10x_StdPeriph_Driver/libstm32fw.a(stm32f10x_bkp.o)
 .comment       0x00000000       0x71 lib/STM32F10x_StdPeriph_Driver/libstm32fw.a(stm32f10x_dbgmcu.o)
 .comment       0x00000000       0x71 lib/STM32F10x_StdPeriph_Driver/libstm32fw.a(stm32f10x_dma.o)
 .comment       0x00000000       0x71 lib/STM32F10x_StdPeriph_Driver/libstm32fw.a(stm32f10x_exti.o)
 .comment       0x00000000       0x71 lib/STM32F10x_StdPeriph_Driver/libstm32fw.a(stm32f10x_gpio.o)
 .comment       0x00000000       0x71 lib/STM32F10x_StdPeriph_Driver/libstm32fw.a(stm32f10x_i2c.o)
 .comment       0x00000000       0x71 lib/STM32F10x_StdPeriph_Driver/libstm32fw.a(stm32f10x_iwdg.o)
 .comment       0x00000000       0x71 lib/STM32F10x_StdPeriph_Driver/libstm32fw.a(stm32f10x_pwr.o)
 .comment       0x00000000       0x71 lib/STM32F10x_StdPeriph_Driver/libstm32fw.a(stm32f10x_rcc.o)
 .comment       0x00000000       0x71 lib/STM32F10x_StdPeriph_Driver/libstm32fw.a(stm32f10x_rtc.o)
 .comment       0x00000000       0x71 lib/STM32F10x_StdPeriph_Driver/libstm32fw.a(stm32f10x_spi.o)
 .comment       0x00000000       0x71 lib/STM32F10x_StdPeriph_Driver/libstm32fw.a(stm32f10x_tim.o)
 .comment       0x00000000       0x71 lib/STM32F10x_StdPeriph_Driver/libstm32fw.a(stm32f10x_usart.o)
 .comment       0x00000000       0x71 lib/STM32_USB-FS-Device_Driver/libstm32usb.a(usb_core.o)
 .comment       0x00000000       0x71 lib/STM32_USB-FS-Device_Driver/libstm32usb.a(usb_init.o)
 .comment       0x00000000       0x71 lib/STM32_USB-FS-Device_Driver/libstm32usb.a(usb_int.o)
 .comment       0x00000000       0x71 lib/STM32_USB-FS-Device_Driver/libstm32usb.a(usb_mem.o)