Archive member included to satisfy reference by file (symbol)

lib/STM32F10x_StdPeriph_Driver/libstm32fw.a(misc.o)
                              interrupts.o (symbol from plugin) (NVIC_PriorityGroupConfig)
lib/STM32F10x_StdPeriph_Driver/libstm32fw.a(stm32f10x_adc.o)
                              adc.o (symbol from plugin) (ADC_DeInit)
lib/STM32F10x_StdPeriph_Driver/libstm32fw.a(stm32f10x_bkp.o)
                              Util/fat_fs/src/rtc.o (symbol from plugin) (BKP_DeInit)
lib/STM32F10x_StdPeriph_Driver/libstm32fw.a(stm32f10x_dbgmcu.o)
                              main.o (symbol from plugin) (DBGMCU_Config)
lib/STM32F10x_StdPeriph_Driver/libstm32fw.a(stm32f10x_dma.o)
                              Util/fat_fs/src/sd_spi_stm32.o (symbol from plugin) (DMA_DeInit)
lib/STM32F10x_StdPeriph_Driver/libstm32fw.a(stm32f10x_exti.o)
                              interrupts.o (symbol from plugin) (EXTI_DeInit)
lib/STM32F10x_StdPeriph_Driver/libstm32fw.a(stm32f10x_gpio.o)
                              Util/fat_fs/src/sd_spi_stm32.o (symbol from plugin) (GPIO_Init)
lib/STM32F10x_StdPeriph_Driver/libstm32fw.a(stm32f10x_i2c.o)
                              i2c_int.o (symbol from plugin) (I2C_DeInit)
lib/STM32F10x_StdPeriph_Driver/libstm32fw.a(stm32f10x_iwdg.o)
                              watchdog.o (symbol from plugin) (IWDG_WriteAccessCmd)
lib/STM32F10x_StdPeriph_Driver/libstm32fw.a(stm32f10x_pwr.o)
                              pwr.o (symbol from plugin) (PWR_DeInit)
lib/STM32F10x_StdPeriph_Driver/libstm32fw.a(stm32f10x_rcc.o)
                              interrupts.o (symbol from plugin) (RCC_HCLKConfig)
lib/STM32F10x_StdPeriph_Driver/libstm32fw.a(stm32f10x_rtc.o)
                              Util/fat_fs/src/rtc.o (symbol from plugin) (RTC_GetCounter)
lib/STM32F10x_StdPeriph_Driver/libstm32fw.a(stm32f10x_spi.o)
                              Util/fat_fs/src/sd_spi_stm32.o (symbol from plugin) (SPI_I2S_DeInit)
lib/STM32F10x_StdPeriph_Driver/libstm32fw.a(stm32f10x_tim.o)
                              timer.o (symbol from plugin) (TIM_DeInit)
lib/STM32F10x_StdPeriph_Driver/libstm32fw.a(stm32f10x_usart.o)
                              Util/rn42_command.o (symbol from plugin) (USART_DeInit)
lib/STM32_USB-FS-Device_Driver/libstm32usb.a(usb_core.o)
                              Util/USB/usb_prop.o (symbol from plugin) (Standard_GetDescriptorData)
lib/STM32_USB-FS-Device_Driver/libstm32usb.a(usb_init.o)
                              main.o (symbol from plugin) (USB_Init)
lib/STM32_USB-FS-Device_Driver/libstm32usb.a(usb_int.o)
                              Util/USB/usb_istr.o (symbol from plugin) (CTR_LP)
lib/STM32_USB-FS-Device_Driver/libstm32usb.a(usb_mem.o)
                              lib/STM32_USB-FS-Device_Driver/libstm32usb.a(usb_core.o) (UserToPMABufferCopy)
lib/STM32_USB-FS-Device_Driver/libstm32usb.a(usb_regs.o)
                              Util/USB/usb_prop.o (symbol from plugin) (SetBTABLE)
lib/STM32_USB-FS-Device_Driver/libstm32usb.a(usb_sil.o)
                              Util/USB/usb_prop.o (symbol from plugin) (USB_SIL_Init)
/home/laurence/ARM-GCC/bin/../lib/gcc/arm-none-eabi/5.3.1/../../../../arm-none-eabi/lib/armv7-m/libc_nano.a(lib_a-exit.o)
                              /home/laurence/ARM-GCC/bin/../lib/gcc/arm-none-eabi/5.3.1/../../../../arm-none-eabi/lib/armv7-m/crt0.o (exit)
/home/laurence/ARM-GCC/bin/../lib/gcc/arm-none-eabi/5.3.1/../../../../arm-none-eabi/lib/armv7-m/libc_nano.a(lib_a-impure.o)
                              /home/laurence/ARM-GCC/bin/../lib/gcc/arm-none-eabi/5.3.1/../../../../arm-none-eabi/lib/armv7-m/libc_nano.a(lib_a-exit.o) (_global_impure_ptr)
/home/laurence/ARM-GCC/bin/../lib/gcc/arm-none-eabi/5.3.1/../../../../arm-none-eabi/lib/armv7-m/libc_nano.a(lib_a-init.o)
                              /home/laurence/ARM-GCC/bin/../lib/gcc/arm-none-eabi/5.3.1/../../../../arm-none-eabi/lib/armv7-m/crt0.o (__libc_init_array)
/home/laurence/ARM-GCC/bin/../lib/gcc/arm-none-eabi/5.3.1/../../../../arm-none-eabi/lib/armv7-m/libc_nano.a(lib_a-memset.o)
                              /home/laurence/ARM-GCC/bin/../lib/gcc/arm-none-eabi/5.3.1/../../../../arm-none-eabi/lib/armv7-m/crt0.o (memset)
/home/laurence/ARM-GCC/bin/../lib/gcc/arm-none-eabi/5.3.1/../../../../arm-none-eabi/lib/armv7-m/libc_nano.a(lib_a-rand.o)
                              Util/sp1ml_command.o (symbol from plugin) (srand)
/home/laurence/ARM-GCC/bin/../lib/gcc/arm-none-eabi/5.3.1/../../../../arm-none-eabi/lib/armv7-m/libc_nano.a(lib_a-malloc.o)
                              /home/laurence/ARM-GCC/bin/../lib/gcc/arm-none-eabi/5.3.1/../../../../arm-none-eabi/lib/armv7-m/libc_nano.a(lib_a-rand.o) (malloc)
/home/laurence/ARM-GCC/bin/../lib/gcc/arm-none-eabi/5.3.1/../../../../arm-none-eabi/lib/armv7-m/libc_nano.a(lib_a-nano-freer.o)
                              /home/laurence/ARM-GCC/bin/../lib/gcc/arm-none-eabi/5.3.1/../../../../arm-none-eabi/lib/armv7-m/libc_nano.a(lib_a-malloc.o) (_free_r)
[...]
Memory Configuration

Name             Origin             Length             Attributes
RAM              0x20000000         0x00005000         xrw
FLASH            0x08000000         0x00020000         xr
*default*        0x00000000         0xffffffff

Linker script and memory map

LOAD /home/laurence/ARM-GCC/bin/../lib/gcc/arm-none-eabi/5.3.1/armv7-m/crti.o
LOAD /home/laurence/ARM-GCC/bin/../lib/gcc/arm-none-eabi/5.3.1/armv7-m/crtbegin.o
LOAD /home/laurence/ARM-GCC/bin/../lib/gcc/arm-none-eabi/5.3.1/../../../../arm-none-eabi/lib/armv7-m/crt0.o
LOAD Util/USB/hw_config.o
LOAD /tmp/ccka9TAd.ltrans0.ltrans.o
LOAD /tmp/ccka9TAd.ltrans1.ltrans.o
LOAD /tmp/ccka9TAd.ltrans2.ltrans.o
LOAD /tmp/ccka9TAd.ltrans3.ltrans.o
LOAD /tmp/ccka9TAd.ltrans4.ltrans.o
LOAD /tmp/ccka9TAd.ltrans5.ltrans.o
LOAD /tmp/ccka9TAd.ltrans6.ltrans.o
LOAD /tmp/ccka9TAd.ltrans7.ltrans.o
LOAD /tmp/ccka9TAd.ltrans8.ltrans.o
LOAD /tmp/ccka9TAd.ltrans9.ltrans.o
LOAD /tmp/ccka9TAd.ltrans10.ltrans.o
LOAD Util/USB/mass_mal.o
LOAD Util/USB/memory.o
LOAD Util/USB/scsi_data.o
LOAD Util/USB/usb_bot.o
LOAD Util/USB/usb_desc.o
LOAD Util/USB/usb_endp.o
LOAD Util/USB/usb_istr.o
LOAD Util/USB/usb_prop.o
LOAD Util/USB/usb_pwr.o
LOAD Util/USB/usb_scsi.o
LOAD Util/buffer.o
LOAD Util/data_alignment.o
LOAD Util/dcm_attitude.o
LOAD Util/delay.o
LOAD Util/fat_fs/option/ccsbcs.o
LOAD Util/fat_fs/src/fattime.o
LOAD Util/fat_fs/src/ff.o
LOAD Util/fat_fs/src/rtc.o
LOAD Util/fat_fs/src/sd_spi_stm32.o
LOAD Util/filter.o
LOAD Util/load_setting.o
LOAD Util/rn42_command.o
LOAD Util/rn42_conf.o
LOAD Util/rprintf.o
LOAD Util/rtc_correct.o
LOAD Util/sp1ml_command.o
LOAD Util/wave.o
LOAD adc.o
LOAD bootload.o
LOAD dma.o
LOAD gpio.o
LOAD i2c_int.o
LOAD interrupts.o
LOAD lib/ARM-GCC/startup_ARMCM3.o
LOAD lib/CMSIS_CM3/core_cm3.o
LOAD lib/CMSIS_CM3/system_stm32f10x.o
LOAD main.o
LOAD pwr.o
LOAD timer.o
LOAD usart.o
LOAD watchdog.o
LOAD Sensors/ads1298.o
LOAD Sensors/lsm9ds1.o
LOAD Sensors/ubx.o
LOAD lib/STM32F10x_StdPeriph_Driver/libstm32fw.a
LOAD lib/STM32_USB-FS-Device_Driver/libstm32usb.a
LOAD /home/laurence/ARM-GCC/bin/../lib/gcc/arm-none-eabi/5.3.1/../../../../arm-none-eabi/lib/armv7-m/libm.a
LOAD /home/laurence/ARM-GCC/bin/../lib/gcc/arm-none-eabi/5.3.1/../../../../arm-none-eabi/lib/armv7-m/libnosys.a
START GROUP
LOAD /home/laurence/ARM-GCC/bin/../lib/gcc/arm-none-eabi/5.3.1/armv7-m/libgcc.a
LOAD /home/laurence/ARM-GCC/bin/../lib/gcc/arm-none-eabi/5.3.1/../../../../arm-none-eabi/lib/armv7-m/libc_nano.a
END GROUP
START GROUP
LOAD /home/laurence/ARM-GCC/bin/../lib/gcc/arm-none-eabi/5.3.1/armv7-m/libgcc.a
LOAD /home/laurence/ARM-GCC/bin/../lib/gcc/arm-none-eabi/5.3.1/../../../../arm-none-eabi/lib/armv7-m/libc_nano.a
LOAD /home/laurence/ARM-GCC/bin/../lib/gcc/arm-none-eabi/5.3.1/../../../../arm-none-eabi/lib/armv7-m/libnosys.a
END GROUP
START GROUP
LOAD /home/laurence/ARM-GCC/bin/../lib/gcc/arm-none-eabi/5.3.1/armv7-m/libgcc.a
LOAD /home/laurence/ARM-GCC/bin/../lib/gcc/arm-none-eabi/5.3.1/../../../../arm-none-eabi/lib/armv7-m/libc_nano.a
LOAD /home/laurence/ARM-GCC/bin/../lib/gcc/arm-none-eabi/5.3.1/../../../../arm-none-eabi/lib/armv7-m/libnosys.a
END GROUP
LOAD /home/laurence/ARM-GCC/bin/../lib/gcc/arm-none-eabi/5.3.1/armv7-m/crtend.o
LOAD /home/laurence/ARM-GCC/bin/../lib/gcc/arm-none-eabi/5.3.1/armv7-m/crtn.o
                0x00002000                __HEAP_SIZE = 0x2000
                0x00000c00                __STACK_SIZE = 0xc00

.text           0x08000000     0xf514
 *(.isr_vector)
 .isr_vector    0x08000000      0x10c lib/ARM-GCC/startup_ARMCM3.o
                0x08000000                __isr_vector
 *(.text*)
 .text          0x0800010c       0x5c /home/laurence/ARM-GCC/bin/../lib/gcc/arm-none-eabi/5.3.1/armv7-m/crtbegin.o
 .text          0x08000168       0x74 /home/laurence/ARM-GCC/bin/../lib/gcc/arm-none-eabi/5.3.1/../../../../arm-none-eabi/lib/armv7-m/crt0.o
                0x08000168                _mainCRTStartup
                0x08000168                _start
 *fill*         0x080001dc        0x4 
 .text.startup.main
                0x080001e0     0x23b4 /tmp/ccka9TAd.ltrans0.ltrans.o
                0x080001e0                main
 .text.Get_Max_Lun
                0x08002594       0x18 /tmp/ccka9TAd.ltrans1.ltrans.o
 .text.MASS_Get_Interface_Setting
                0x080025ac       0x10 /tmp/ccka9TAd.ltrans1.ltrans.o
                0x080025ac                MASS_Get_Interface_Setting
 .text.MASS_Data_Setup
                0x080025bc       0x3c /tmp/ccka9TAd.ltrans1.ltrans.o
                0x080025bc                MASS_Data_Setup
 .text.MASS_Status_In
                0x080025f8        0x2 /tmp/ccka9TAd.ltrans1.ltrans.o
                0x080025f8                MASS_Status_In
 .text.MASS_Status_Out
                0x080025fa        0x2 /tmp/ccka9TAd.ltrans1.ltrans.o
                0x080025fa                MASS_Status_Out
 .text.Mass_Storage_SetDeviceAddress
                0x080025fc        0xc /tmp/ccka9TAd.ltrans1.ltrans.o
 .text.IntToUnicode
                0x08002608       0x2a /tmp/ccka9TAd.ltrans1.ltrans.o
 *fill*         0x08002632        0x2 
 .text.MASS_GetStringDescriptor
                0x08002634       0x20 /tmp/ccka9TAd.ltrans1.ltrans.o
                0x08002634                MASS_GetStringDescriptor
 .text.MASS_GetConfigDescriptor
                0x08002654        0xc /tmp/ccka9TAd.ltrans1.ltrans.o
                0x08002654                MASS_GetConfigDescriptor
 .text.MASS_GetDeviceDescriptor
                0x08002660        0xc /tmp/ccka9TAd.ltrans1.ltrans.o
                0x08002660                MASS_GetDeviceDescriptor
 .text.MASS_NoData_Setup
                0x0800266c       0x4c /tmp/ccka9TAd.ltrans1.ltrans.o
                0x0800266c                MASS_NoData_Setup
 .text.Mass_Storage_SetConfiguration
                0x080026b8       0x30 /tmp/ccka9TAd.ltrans1.ltrans.o
 .text.MASS_Reset
                0x080026e8       0xf0 /tmp/ccka9TAd.ltrans1.ltrans.o
                0x080026e8                MASS_Reset
 .text.MASS_init
                0x080027d8       0x70 /tmp/ccka9TAd.ltrans1.ltrans.o
                0x080027d8                MASS_init
 .text.unlikely.Transfer_Data_Request
                0x08002848       0x34 /tmp/ccka9TAd.ltrans1.ltrans.o
 .text.unlikely.MAL_GetStatus
                0x0800287c       0xdc /tmp/ccka9TAd.ltrans1.ltrans.o
 .text.Resume_Init
                0x08002958       0x54 /tmp/ccka9TAd.ltrans1.ltrans.o
                0x08002958                Resume_Init
 .text.Bot_Abort.part.2.lto_priv.81
                0x080029ac       0x18 /tmp/ccka9TAd.ltrans1.ltrans.o
                0x080029ac                Bot_Abort.part.2.lto_priv.81
 .text.Mass_Storage_ClearFeature
                0x080029c4       0x18 /tmp/ccka9TAd.ltrans1.ltrans.o
 .text.Set_CSW  0x080029dc       0x3c /tmp/ccka9TAd.ltrans1.ltrans.o
                0x080029dc                Set_CSW
 .text.EP2_OUT_Callback
                0x08002a18      0x2f4 /tmp/ccka9TAd.ltrans1.ltrans.o
 .text.EP1_IN_Callback
                0x08002d0c       0x58 /tmp/ccka9TAd.ltrans1.ltrans.o
 .text.Read_Memory
                0x08002d64      0x160 /tmp/ccka9TAd.ltrans1.ltrans.o
                0x08002d64                Read_Memory
 .text.ads1298_spi_dma_transaction
                0x08002ec4       0xe8 /tmp/ccka9TAd.ltrans2.ltrans.o
                0x08002ec4                ads1298_spi_dma_transaction
 *fill*         0x08002fac        0x4 
 .text.DMA1_Channel4_IRQHandler
                0x08002fb0     0x1410 /tmp/ccka9TAd.ltrans2.ltrans.o
                0x08002fb0                DMA1_Channel4_IRQHandler
 .text.ads1298_busy_wait_command
                0x080043c0       0x4c /tmp/ccka9TAd.ltrans2.ltrans.o
                0x080043c0                ads1298_busy_wait_command
 .text.unlikely.ads1298_busy_wait_write
                0x0800440c       0x88 /tmp/ccka9TAd.ltrans2.ltrans.o
                0x0800440c                ads1298_busy_wait_write
 .text.rprintfChar
                0x08004494       0x20 /tmp/ccka9TAd.ltrans3.ltrans.o
 .text.RN42_generate_packet
                0x080044b4       0x60 /tmp/ccka9TAd.ltrans3.ltrans.o
                0x080044b4                RN42_generate_packet
 .text.stm32_dma_transfer
                0x08004514       0xc8 /tmp/ccka9TAd.ltrans3.ltrans.o
 .text.stm32_spi_rw
                0x080045dc       0x24 /tmp/ccka9TAd.ltrans3.ltrans.o
 .text.rcvr_spi
                0x08004600        0x6 /tmp/ccka9TAd.ltrans3.ltrans.o
 .text.xmit_datablock.part.1
                0x08004606       0x2c /tmp/ccka9TAd.ltrans3.ltrans.o
 *fill*         0x08004632        0x2 
 .text.rprintf2RamRom
                0x08004634      0x414 /tmp/ccka9TAd.ltrans3.ltrans.o
                0x08004634                rprintf2RamRom
 .text.rcvr_datablock
                0x08004a48       0x54 /tmp/ccka9TAd.ltrans3.ltrans.o
                0x08004a48                rcvr_datablock
 .text.release_spi
                0x08004a9c       0x18 /tmp/ccka9TAd.ltrans3.ltrans.o
                0x08004a9c                release_spi
 .text.wait_ready.lto_priv.80
                0x08004ab4       0x20 /tmp/ccka9TAd.ltrans3.ltrans.o
                0x08004ab4                wait_ready.lto_priv.80
 .text.send_cmd
                0x08004ad4       0x94 /tmp/ccka9TAd.ltrans3.ltrans.o
                0x08004ad4                send_cmd
 .text.disk_write
                0x08004b68       0xc4 /tmp/ccka9TAd.ltrans3.ltrans.o
                0x08004b68                disk_write
 .text.disk_read
                0x08004c2c       0x94 /tmp/ccka9TAd.ltrans3.ltrans.o
                0x08004c2c                disk_read
 .text.disk_initialize
                0x08004cc0      0x218 /tmp/ccka9TAd.ltrans3.ltrans.o
                0x08004cc0                disk_initialize
 .text.my_RTC_SetCounter
                0x08004ed8       0x22 /tmp/ccka9TAd.ltrans3.ltrans.o
                0x08004ed8                my_RTC_SetCounter
 *fill*         0x08004efa        0x2 
 .text.counter_to_struct.lto_priv.68
                0x08004efc       0xc4 /tmp/ccka9TAd.ltrans3.ltrans.o
                0x08004efc                counter_to_struct.lto_priv.68
 .text.isDST.lto_priv.67
                0x08004fc0       0x2c /tmp/ccka9TAd.ltrans3.ltrans.o
                0x08004fc0                isDST.lto_priv.67
 .text.rtc_gettime
                0x08004fec       0x70 /tmp/ccka9TAd.ltrans3.ltrans.o
                0x08004fec                rtc_gettime
 .text.dir_find.part.4.lto_priv.78
                0x0800505c      0x16c /tmp/ccka9TAd.ltrans3.ltrans.o
                0x0800505c                dir_find.part.4.lto_priv.78
 .text.SystemInit
                0x080051c8       0xe8 /tmp/ccka9TAd.ltrans4.ltrans.o
                0x080051c8                SystemInit
 .text.USB_LP_CAN1_RX0_IRQHandler
                0x080052b0       0xf0 /tmp/ccka9TAd.ltrans4.ltrans.o
                0x080052b0                USB_LP_CAN1_RX0_IRQHandler
 .text.USB_HP_CAN1_TX_IRQHandler
                0x080053a0        0x4 /tmp/ccka9TAd.ltrans4.ltrans.o
                0x080053a0                USB_HP_CAN1_TX_IRQHandler
 *fill*         0x080053a4        0x4 
 .text.SysTick_Handler
                0x080053a8      0x17c /tmp/ccka9TAd.ltrans4.ltrans.o
                0x080053a8                SysTick_Handler
 .text.EXTI15_10_IRQHandler
                0x08005524       0x64 /tmp/ccka9TAd.ltrans4.ltrans.o
                0x08005524                EXTI15_10_IRQHandler
 .text.ADC1_2_IRQHandler
                0x08005588       0x70 /tmp/ccka9TAd.ltrans4.ltrans.o
                0x08005588                ADC1_2_IRQHandler
 .text.EXTI_ONOFF_EN
                0x080055f8       0x54 /tmp/ccka9TAd.ltrans4.ltrans.o
                0x080055f8                EXTI_ONOFF_EN
 .text.I2C_Config
                0x0800564c      0x1c8 /tmp/ccka9TAd.ltrans4.ltrans.o
                0x0800564c                I2C_Config
 .text.I2C1_ER_IRQHandler
                0x08005814      0x12c /tmp/ccka9TAd.ltrans4.ltrans.o
                0x08005814                I2C1_ER_IRQHandler
 .text.I2C1_EV_IRQHandler
                0x08005940      0x590 /tmp/ccka9TAd.ltrans4.ltrans.o
                0x08005940                I2C1_EV_IRQHandler
 .text.red_flash
                0x08005ed0       0x2c /tmp/ccka9TAd.ltrans4.ltrans.o
                0x08005ed0                red_flash
 .text.EXTI0_IRQHandler
                0x08005efc       0x7c /tmp/ccka9TAd.ltrans4.ltrans.o
                0x08005efc                EXTI0_IRQHandler
 .text.switch_leds_off
                0x08005f78       0x1c /tmp/ccka9TAd.ltrans4.ltrans.o
                0x08005f78                switch_leds_off
 .text.switch_leds_on
                0x08005f94       0x1c /tmp/ccka9TAd.ltrans4.ltrans.o
                0x08005f94                switch_leds_on
 .text.SCSI_Address_Management
                0x08005fb0       0x6c /tmp/ccka9TAd.ltrans5.ltrans.o
 .text.clust2sect
                0x0800601c       0x16 /tmp/ccka9TAd.ltrans5.ltrans.o
                0x0800601c                clust2sect
 .text.move_window.lto_priv.58
                0x08006032       0x76 /tmp/ccka9TAd.ltrans5.ltrans.o
                0x08006032                move_window.lto_priv.58
 .text.put_fat  0x080060a8       0xf6 /tmp/ccka9TAd.ltrans5.ltrans.o
                0x080060a8                put_fat
 .text.get_fat  0x0800619e       0xcc /tmp/ccka9TAd.ltrans5.ltrans.o
                0x0800619e                get_fat
 *fill*         0x0800626a        0x2 
 .text.sync.lto_priv.50
                0x0800626c       0xdc /tmp/ccka9TAd.ltrans5.ltrans.o
                0x0800626c                sync.lto_priv.50
 .text.mem_cpy.lto_priv.54
                0x08006348       0x14 /tmp/ccka9TAd.ltrans5.ltrans.o
                0x08006348                mem_cpy.lto_priv.54
 .text.get_fattime
                0x0800635c       0x42 /tmp/ccka9TAd.ltrans5.ltrans.o
                0x0800635c                get_fattime
 .text.Delay    0x0800639e       0x18 /tmp/ccka9TAd.ltrans5.ltrans.o
                0x0800639e                Delay
 .text.normalize_vector
                0x080063b6       0x5e /tmp/ccka9TAd.ltrans5.ltrans.o
                0x080063b6                normalize_vector
 .text.Get_From_Buffer
                0x08006414       0x4a /tmp/ccka9TAd.ltrans5.ltrans.o
                0x08006414                Get_From_Buffer
 .text.Add_To_Buffer
                0x0800645e       0x56 /tmp/ccka9TAd.ltrans5.ltrans.o
                0x0800645e                Add_To_Buffer
 .text.unlikely.SCSI_ReadFormatCapacity_Cmd.part.0.lto_priv.82
                0x080064b4       0x24 /tmp/ccka9TAd.ltrans5.ltrans.o
                0x080064b4                SCSI_ReadCapacity10_Cmd.part.1.lto_priv.83
                0x080064b4                SCSI_TestUnitReady_Cmd.part.4.lto_priv.84
                0x080064b4                SCSI_ReadFormatCapacity_Cmd.part.0.lto_priv.82
 .text.unlikely.SCSI_Invalid_Cmd
                0x080064d8       0x3c /tmp/ccka9TAd.ltrans5.ltrans.o
                0x080064d8                SCSI_Invalid_Cmd
 .text.SCSI_Write10_Cmd
                0x08006514      0x164 /tmp/ccka9TAd.ltrans5.ltrans.o
                0x08006514                SCSI_Write10_Cmd
 .text.SCSI_Read10_Cmd
                0x08006678       0x68 /tmp/ccka9TAd.ltrans5.ltrans.o
                0x08006678                SCSI_Read10_Cmd
 .text.Resume   0x080066e0       0xa4 /tmp/ccka9TAd.ltrans5.ltrans.o
                0x080066e0                Resume
 .text.hex_to_byte
                0x08006784       0x18 /tmp/ccka9TAd.ltrans6.ltrans.o
 .text.SP1ML_generate_packet
                0x0800679c       0xbc /tmp/ccka9TAd.ltrans6.ltrans.o
                0x0800679c                SP1ML_generate_packet
 .text.ADC_Configuration
                0x08006858      0x10c /tmp/ccka9TAd.ltrans6.ltrans.o
                0x08006858                ADC_Configuration
 .text.wave_terminate
                0x08006964       0xde /tmp/ccka9TAd.ltrans6.ltrans.o
                0x08006964                wave_terminate
 .text.write_wave_samples
                0x08006a42       0xaa /tmp/ccka9TAd.ltrans6.ltrans.o
                0x08006a42                write_wave_samples
 .text.write_wave_header
                0x08006aec       0xdc /tmp/ccka9TAd.ltrans6.ltrans.o
                0x08006aec                write_wave_header
 .text.SP1ML_command
                0x08006bc8       0xb8 /tmp/ccka9TAd.ltrans6.ltrans.o
                0x08006bc8                SP1ML_command
 .text.SP1ML_assign_addr
                0x08006c80       0x50 /tmp/ccka9TAd.ltrans6.ltrans.o
                0x08006c80                SP1ML_assign_addr
 .text.SP1ML_rx_tx_data_processor
                0x08006cd0      0x818 /tmp/ccka9TAd.ltrans6.ltrans.o
                0x08006cd0                SP1ML_rx_tx_data_processor
 .text.update_rtc_timestamp
                0x080074e8       0x2a /tmp/ccka9TAd.ltrans6.ltrans.o
                0x080074e8                update_rtc_timestamp
 *fill*         0x08007512        0x2 
 .text.set_rtc_correction
                0x08007514       0x50 /tmp/ccka9TAd.ltrans6.ltrans.o
                0x08007514                set_rtc_correction
 .text.atoiRamRom
                0x08007564       0x24 /tmp/ccka9TAd.ltrans6.ltrans.o
                0x08007564                atoiRamRom
 .text.get_fileinfo.lto_priv.59
                0x08007588      0x10c /tmp/ccka9TAd.ltrans7.ltrans.o
                0x08007588                get_fileinfo.lto_priv.59
 .text.sum_sfn.lto_priv.74
                0x08007694       0x1e /tmp/ccka9TAd.ltrans7.ltrans.o
                0x08007694                sum_sfn.lto_priv.74
 .text.dir_sdi.lto_priv.53
                0x080076b2       0x84 /tmp/ccka9TAd.ltrans7.ltrans.o
                0x080076b2                dir_sdi.lto_priv.53
 *fill*         0x08007736        0x2 
 .text.follow_path.lto_priv.55
                0x08007738      0x2e4 /tmp/ccka9TAd.ltrans7.ltrans.o
                0x08007738                follow_path.lto_priv.55
 .text.create_chain.lto_priv.65
                0x08007a1c       0x9a /tmp/ccka9TAd.ltrans7.ltrans.o
                0x08007a1c                create_chain.lto_priv.65
 .text.dir_next.lto_priv.57
                0x08007ab6      0x100 /tmp/ccka9TAd.ltrans7.ltrans.o
                0x08007ab6                dir_next.lto_priv.57
 *fill*         0x08007bb6        0x2 
 .text.dir_register.lto_priv.66
                0x08007bb8      0x24c /tmp/ccka9TAd.ltrans7.ltrans.o
                0x08007bb8                dir_register.lto_priv.66
 .text.dir_read.lto_priv.52
                0x08007e04       0xfc /tmp/ccka9TAd.ltrans7.ltrans.o
                0x08007e04                dir_read.lto_priv.52
 .text.remove_chain.lto_priv.51
                0x08007f00       0x54 /tmp/ccka9TAd.ltrans7.ltrans.o
                0x08007f00                remove_chain.lto_priv.51
 .text.check_fs
                0x08007f54       0x54 /tmp/ccka9TAd.ltrans8.ltrans.o
 .text.validate.lto_priv.60
                0x08007fa8       0x30 /tmp/ccka9TAd.ltrans8.ltrans.o
                0x08007fa8                validate.lto_priv.60
 .text.f_lseek  0x08007fd8      0x144 /tmp/ccka9TAd.ltrans8.ltrans.o
                0x08007fd8                f_lseek
 .text.f_sync   0x0800811c       0xa8 /tmp/ccka9TAd.ltrans8.ltrans.o
                0x0800811c                f_sync
 .text.f_close  0x080081c4        0xe /tmp/ccka9TAd.ltrans8.ltrans.o
                0x080081c4                f_close
 .text.f_write  0x080081d2      0x18c /tmp/ccka9TAd.ltrans8.ltrans.o
                0x080081d2                f_write
 *fill*         0x0800835e        0x2 
 .text.chk_mounted.lto_priv.56
                0x08008360      0x240 /tmp/ccka9TAd.ltrans8.ltrans.o
                0x08008360                chk_mounted.lto_priv.56
 .text.f_open   0x080085a0      0x136 /tmp/ccka9TAd.ltrans8.ltrans.o
                0x080085a0                f_open
 *fill*         0x080086d6        0x2 
 .text.Get_UBX_Ack
                0x080086d8      0x184 /tmp/ccka9TAd.ltrans9.ltrans.o
 .text.USART2_reconf.constprop.7
                0x0800885c       0x54 /tmp/ccka9TAd.ltrans9.ltrans.o
 .text.vector_by_matrix.constprop.29
                0x080088b0       0x50 /tmp/ccka9TAd.ltrans9.ltrans.o
                0x080088b0                vector_by_matrix.constprop.29
 .text.ads1298_wct_config.constprop.3
                0x08008900      0x134 /tmp/ccka9TAd.ltrans9.ltrans.o
                0x08008900                ads1298_wct_config.constprop.3
 .text.unlikely.ads1298_setup.constprop.2
                0x08008a34      0x398 /tmp/ccka9TAd.ltrans9.ltrans.o
                0x08008a34                ads1298_setup.constprop.2
 .text.Config_Gps
                0x08008dcc      0x110 /tmp/ccka9TAd.ltrans9.ltrans.o
                0x08008dcc                Config_Gps
 .text.Gps_DMA_Process
                0x08008edc      0x304 /tmp/ccka9TAd.ltrans9.ltrans.o
                0x08008edc                Gps_DMA_Process
 .text.check_lsm9ds1_functionality.part.0.lto_priv.64
                0x080091e0      0x128 /tmp/ccka9TAd.ltrans9.ltrans.o
                0x080091e0                check_lsm9ds1_functionality.part.0.lto_priv.64
 .text.configure_i2c_buffers
                0x08009308       0x60 /tmp/ccka9TAd.ltrans9.ltrans.o
                0x08009308                configure_i2c_buffers
 .text.EXTI9_5_IRQHandler
                0x08009368       0x34 /tmp/ccka9TAd.ltrans9.ltrans.o
                0x08009368                EXTI9_5_IRQHandler
 .text.__usart_send_char
                0x0800939c       0x58 /tmp/ccka9TAd.ltrans10.ltrans.o
                0x0800939c                __usart_send_char
 .text.__gps_send_char
                0x080093f4       0x1c /tmp/ccka9TAd.ltrans10.ltrans.o
 .text.__str_print_char
                0x08009410       0x30 /tmp/ccka9TAd.ltrans10.ltrans.o
                0x08009410                __str_print_char
 .text.__fat_print_char
                0x08009440       0x20 /tmp/ccka9TAd.ltrans10.ltrans.o
                0x08009440                __fat_print_char
 .text.__sp1ml_send_char
                0x08009460       0x48 /tmp/ccka9TAd.ltrans10.ltrans.o
                0x08009460                __sp1ml_send_char
 .text.USART3_IRQHandler
                0x080094a8       0xc4 /tmp/ccka9TAd.ltrans10.ltrans.o
                0x080094a8                USART3_IRQHandler
 .text.USART1_IRQHandler
                0x0800956c       0x90 /tmp/ccka9TAd.ltrans10.ltrans.o
                0x0800956c                USART1_IRQHandler
 .text.Gps_Send_Str
                0x080095fc       0x16 /tmp/ccka9TAd.ltrans10.ltrans.o
                0x080095fc                Gps_Send_Str
 .text.Gps_Send_Utf8
                0x08009612       0x1e /tmp/ccka9TAd.ltrans10.ltrans.o
                0x08009612                Gps_Send_Utf8
 .text.Usart3_Send_Str
                0x08009630       0x28 /tmp/ccka9TAd.ltrans10.ltrans.o
                0x08009630                Usart3_Send_Str
 .text.Usart_Send_Str
                0x08009658       0x16 /tmp/ccka9TAd.ltrans10.ltrans.o
                0x08009658                Usart_Send_Str
 *fill*         0x0800966e        0x2 
 .text.shutdown_filesystem
                0x08009670      0x370 /tmp/ccka9TAd.ltrans10.ltrans.o
                0x08009670                shutdown_filesystem
 .text.shutdown
                0x080099e0       0x10 /tmp/ccka9TAd.ltrans10.ltrans.o
                0x080099e0                shutdown
 .text.file_preallocation_control
                0x080099f0       0x44 /tmp/ccka9TAd.ltrans10.ltrans.o
                0x080099f0                file_preallocation_control
 .text          0x08009a34       0x3c lib/ARM-GCC/startup_ARMCM3.o
                0x08009a34                Reset_Handler
                0x08009a6e                EXTI2_IRQHandler
                0x08009a6e                DebugMon_Handler
                0x08009a6e                TIM1_CC_IRQHandler
                0x08009a6e                HardFault_Handler
                0x08009a6e                PVD_IRQHandler
                0x08009a6e                PendSV_Handler
                0x08009a6e                NMI_Handler
                0x08009a6e                EXTI3_IRQHandler
                0x08009a6e                I2C2_EV_IRQHandler
                0x08009a6e                UsageFault_Handler
                0x08009a6e                SPI1_IRQHandler
                0x08009a6e                TAMPER_IRQHandler
                0x08009a6e                RTC_IRQHandler
                0x08009a6e                DMA1_Channel7_IRQHandler
                0x08009a6e                CAN1_RX1_IRQHandler
                0x08009a6e                TIM4_IRQHandler
                0x08009a6e                DMA1_Channel6_IRQHandler
                0x08009a6e                TIM3_IRQHandler
                0x08009a6e                RCC_IRQHandler
                0x08009a6e                TIM1_TRG_COM_IRQHandler
                0x08009a6e                DMA1_Channel1_IRQHandler
                0x08009a6e                Default_Handler
                0x08009a6e                SPI2_IRQHandler
                0x08009a6e                MemManage_Handler
                0x08009a6e                SVC_Handler
                0x08009a6e                DMA1_Channel5_IRQHandler
                0x08009a6e                EXTI4_IRQHandler
                0x08009a6e                DMA1_Channel3_IRQHandler
                0x08009a6e                TIM1_UP_IRQHandler
                0x08009a6e                WWDG_IRQHandler
                0x08009a6e                TIM2_IRQHandler
                0x08009a6e                DEF_IRQHandler
                0x08009a6e                TIM1_BRK_IRQHandler
                0x08009a6e                EXTI1_IRQHandler
                0x08009a6e                RTCAlarm_IRQHandler
                0x08009a6e                USART2_IRQHandler
                0x08009a6e                I2C2_ER_IRQHandler
                0x08009a6e                DMA1_Channel2_IRQHandler
                0x08009a6e                CAN1_SCE_IRQHandler
                0x08009a6e                FLASH_IRQHandler
                0x08009a6e                BusFault_Handler
                0x08009a6e                USBWakeUp_IRQHandler
 .text.NVIC_PriorityGroupConfig
                0x08009a70       0x14 lib/STM32F10x_StdPeriph_Driver/libstm32fw.a(misc.o)
                0x08009a70                NVIC_PriorityGroupConfig
 .text.NVIC_Init
                0x08009a84       0x6c lib/STM32F10x_StdPeriph_Driver/libstm32fw.a(misc.o)
                0x08009a84                NVIC_Init
 .text.NVIC_SetVectorTable
                0x08009af0       0x14 lib/STM32F10x_StdPeriph_Driver/libstm32fw.a(misc.o)
                0x08009af0                NVIC_SetVectorTable
 .text.SysTick_CLKSourceConfig
                0x08009b04       0x18 lib/STM32F10x_StdPeriph_Driver/libstm32fw.a(misc.o)
                0x08009b04                SysTick_CLKSourceConfig
 .text.ADC_DeInit
                0x08009b1c       0x5c lib/STM32F10x_StdPeriph_Driver/libstm32fw.a(stm32f10x_adc.o)
                0x08009b1c                ADC_DeInit
 .text.ADC_Init
                0x08009b78       0x48 lib/STM32F10x_StdPeriph_Driver/libstm32fw.a(stm32f10x_adc.o)
                0x08009b78                ADC_Init
 .text.ADC_Cmd  0x08009bc0       0x12 lib/STM32F10x_StdPeriph_Driver/libstm32fw.a(stm32f10x_adc.o)
                0x08009bc0                ADC_Cmd
 .text.ADC_ITConfig
                0x08009bd2       0x12 lib/STM32F10x_StdPeriph_Driver/libstm32fw.a(stm32f10x_adc.o)
                0x08009bd2                ADC_ITConfig
 .text.ADC_ResetCalibration
                0x08009be4        0xa lib/STM32F10x_StdPeriph_Driver/libstm32fw.a(stm32f10x_adc.o)
                0x08009be4                ADC_ResetCalibration
 .text.ADC_GetResetCalibrationStatus
                0x08009bee        0x8 lib/STM32F10x_StdPeriph_Driver/libstm32fw.a(stm32f10x_adc.o)
                0x08009bee                ADC_GetResetCalibrationStatus
 .text.ADC_StartCalibration
                0x08009bf6        0xa lib/STM32F10x_StdPeriph_Driver/libstm32fw.a(stm32f10x_adc.o)
                0x08009bf6                ADC_StartCalibration
 .text.ADC_GetCalibrationStatus
                0x08009c00        0x8 lib/STM32F10x_StdPeriph_Driver/libstm32fw.a(stm32f10x_adc.o)
                0x08009c00                ADC_GetCalibrationStatus
 .text.ADC_SoftwareStartConvCmd
                0x08009c08       0x12 lib/STM32F10x_StdPeriph_Driver/libstm32fw.a(stm32f10x_adc.o)
                0x08009c08                ADC_SoftwareStartConvCmd
 .text.ADC_RegularChannelConfig
                0x08009c1a       0x84 lib/STM32F10x_StdPeriph_Driver/libstm32fw.a(stm32f10x_adc.o)
                0x08009c1a                ADC_RegularChannelConfig
 .text.ADC_GetConversionValue
                0x08009c9e        0x6 lib/STM32F10x_StdPeriph_Driver/libstm32fw.a(stm32f10x_adc.o)
                0x08009c9e                ADC_GetConversionValue
 .text.ADC_ExternalTrigInjectedConvConfig
                0x08009ca4        0xc lib/STM32F10x_StdPeriph_Driver/libstm32fw.a(stm32f10x_adc.o)
                0x08009ca4                ADC_ExternalTrigInjectedConvConfig
 .text.ADC_SoftwareStartInjectedConvCmd
                0x08009cb0       0x12 lib/STM32F10x_StdPeriph_Driver/libstm32fw.a(stm32f10x_adc.o)
                0x08009cb0                ADC_SoftwareStartInjectedConvCmd
 .text.ADC_InjectedChannelConfig
                0x08009cc2       0x54 lib/STM32F10x_StdPeriph_Driver/libstm32fw.a(stm32f10x_adc.o)
                0x08009cc2                ADC_InjectedChannelConfig
 .text.ADC_InjectedSequencerLengthConfig
                0x08009d16       0x10 lib/STM32F10x_StdPeriph_Driver/libstm32fw.a(stm32f10x_adc.o)
                0x08009d16                ADC_InjectedSequencerLengthConfig
 .text.ADC_GetInjectedConversionValue
                0x08009d26       0x1a lib/STM32F10x_StdPeriph_Driver/libstm32fw.a(stm32f10x_adc.o)
                0x08009d26                ADC_GetInjectedConversionValue
 .text.ADC_AnalogWatchdogCmd
                0x08009d40       0x10 lib/STM32F10x_StdPeriph_Driver/libstm32fw.a(stm32f10x_adc.o)
                0x08009d40                ADC_AnalogWatchdogCmd
 .text.ADC_AnalogWatchdogThresholdsConfig
                0x08009d50        0x6 lib/STM32F10x_StdPeriph_Driver/libstm32fw.a(stm32f10x_adc.o)
                0x08009d50                ADC_AnalogWatchdogThresholdsConfig
 .text.ADC_AnalogWatchdogSingleChannelConfig
                0x08009d56        0xc lib/STM32F10x_StdPeriph_Driver/libstm32fw.a(stm32f10x_adc.o)
                0x08009d56                ADC_AnalogWatchdogSingleChannelConfig
 .text.ADC_GetFlagStatus
                0x08009d62        0xc lib/STM32F10x_StdPeriph_Driver/libstm32fw.a(stm32f10x_adc.o)
                0x08009d62                ADC_GetFlagStatus
 .text.ADC_ClearFlag
                0x08009d6e        0x6 lib/STM32F10x_StdPeriph_Driver/libstm32fw.a(stm32f10x_adc.o)
                0x08009d6e                ADC_ClearFlag
 .text.ADC_GetITStatus
                0x08009d74       0x16 lib/STM32F10x_StdPeriph_Driver/libstm32fw.a(stm32f10x_adc.o)
                0x08009d74                ADC_GetITStatus
 .text.ADC_ClearITPendingBit
                0x08009d8a        0x8 lib/STM32F10x_StdPeriph_Driver/libstm32fw.a(stm32f10x_adc.o)
                0x08009d8a                ADC_ClearITPendingBit
 .text.BKP_DeInit
                0x08009d92       0x12 lib/STM32F10x_StdPeriph_Driver/libstm32fw.a(stm32f10x_bkp.o)
                0x08009d92                BKP_DeInit
 .text.BKP_RTCOutputConfig
                0x08009da4       0x18 lib/STM32F10x_StdPeriph_Driver/libstm32fw.a(stm32f10x_bkp.o)
                0x08009da4                BKP_RTCOutputConfig
 .text.BKP_SetRTCCalibrationValue
                0x08009dbc       0x18 lib/STM32F10x_StdPeriph_Driver/libstm32fw.a(stm32f10x_bkp.o)
                0x08009dbc                BKP_SetRTCCalibrationValue
 .text.BKP_WriteBackupRegister
                0x08009dd4       0x1c lib/STM32F10x_StdPeriph_Driver/libstm32fw.a(stm32f10x_bkp.o)
                0x08009dd4                BKP_WriteBackupRegister
 .text.BKP_ReadBackupRegister
                0x08009df0       0x20 lib/STM32F10x_StdPeriph_Driver/libstm32fw.a(stm32f10x_bkp.o)
                0x08009df0                BKP_ReadBackupRegister
 .text.DBGMCU_Config
                0x08009e10       0x18 lib/STM32F10x_StdPeriph_Driver/libstm32fw.a(stm32f10x_dbgmcu.o)
                0x08009e10                DBGMCU_Config
 .text.DMA_DeInit
                0x08009e28       0xf0 lib/STM32F10x_StdPeriph_Driver/libstm32fw.a(stm32f10x_dma.o)
                0x08009e28                DMA_DeInit
 .text.DMA_Init
                0x08009f18       0x3c lib/STM32F10x_StdPeriph_Driver/libstm32fw.a(stm32f10x_dma.o)
                0x08009f18                DMA_Init
 .text.DMA_Cmd  0x08009f54       0x12 lib/STM32F10x_StdPeriph_Driver/libstm32fw.a(stm32f10x_dma.o)
                0x08009f54                DMA_Cmd
 .text.DMA_ITConfig
                0x08009f66       0x10 lib/STM32F10x_StdPeriph_Driver/libstm32fw.a(stm32f10x_dma.o)
                0x08009f66                DMA_ITConfig
 .text.DMA_GetCurrDataCounter
                0x08009f76        0x6 lib/STM32F10x_StdPeriph_Driver/libstm32fw.a(stm32f10x_dma.o)
                0x08009f76                DMA_GetCurrDataCounter
 .text.DMA_GetFlagStatus
                0x08009f7c       0x1c lib/STM32F10x_StdPeriph_Driver/libstm32fw.a(stm32f10x_dma.o)
                0x08009f7c                DMA_GetFlagStatus
 .text.DMA_ClearFlag
                0x08009f98       0x14 lib/STM32F10x_StdPeriph_Driver/libstm32fw.a(stm32f10x_dma.o)
                0x08009f98                DMA_ClearFlag
 .text.DMA_GetITStatus
                0x08009fac       0x1c lib/STM32F10x_StdPeriph_Driver/libstm32fw.a(stm32f10x_dma.o)
                0x08009fac                DMA_GetITStatus
 .text.DMA_ClearITPendingBit
                0x08009fc8       0x14 lib/STM32F10x_StdPeriph_Driver/libstm32fw.a(stm32f10x_dma.o)
                0x08009fc8                DMA_ClearITPendingBit
 .text.EXTI_DeInit
                0x08009fdc       0x1c lib/STM32F10x_StdPeriph_Driver/libstm32fw.a(stm32f10x_exti.o)
                0x08009fdc                EXTI_DeInit
 .text.EXTI_Init
                0x08009ff8       0x88 lib/STM32F10x_StdPeriph_Driver/libstm32fw.a(stm32f10x_exti.o)
                0x08009ff8                EXTI_Init
 .text.EXTI_GenerateSWInterrupt
                0x0800a080       0x10 lib/STM32F10x_StdPeriph_Driver/libstm32fw.a(stm32f10x_exti.o)
                0x0800a080                EXTI_GenerateSWInterrupt
 .text.EXTI_GetITStatus
                0x0800a090       0x1c lib/STM32F10x_StdPeriph_Driver/libstm32fw.a(stm32f10x_exti.o)
                0x0800a090                EXTI_GetITStatus
 .text.EXTI_ClearITPendingBit
                0x0800a0ac        0xc lib/STM32F10x_StdPeriph_Driver/libstm32fw.a(stm32f10x_exti.o)
                0x0800a0ac                EXTI_ClearITPendingBit
 .text.GPIO_Init
                0x0800a0b8       0x90 lib/STM32F10x_StdPeriph_Driver/libstm32fw.a(stm32f10x_gpio.o)
                0x0800a0b8                GPIO_Init
 .text.GPIO_StructInit
                0x0800a148       0x10 lib/STM32F10x_StdPeriph_Driver/libstm32fw.a(stm32f10x_gpio.o)
                0x0800a148                GPIO_StructInit
 .text.GPIO_ReadInputDataBit
                0x0800a158        0xc lib/STM32F10x_StdPeriph_Driver/libstm32fw.a(stm32f10x_gpio.o)
                0x0800a158                GPIO_ReadInputDataBit
 .text.GPIO_SetBits
                0x0800a164        0x4 lib/STM32F10x_StdPeriph_Driver/libstm32fw.a(stm32f10x_gpio.o)
                0x0800a164                GPIO_SetBits
 .text.GPIO_ResetBits
                0x0800a168        0x4 lib/STM32F10x_StdPeriph_Driver/libstm32fw.a(stm32f10x_gpio.o)
                0x0800a168                GPIO_ResetBits
 .text.GPIO_WriteBit
                0x0800a16c        0xa lib/STM32F10x_StdPeriph_Driver/libstm32fw.a(stm32f10x_gpio.o)
                0x0800a16c                GPIO_WriteBit
 *fill*         0x0800a176        0x2 
 .text.GPIO_PinRemapConfig
                0x0800a178       0x54 lib/STM32F10x_StdPeriph_Driver/libstm32fw.a(stm32f10x_gpio.o)
                0x0800a178                GPIO_PinRemapConfig
 .text.GPIO_EXTILineConfig
                0x0800a1cc       0x2a lib/STM32F10x_StdPeriph_Driver/libstm32fw.a(stm32f10x_gpio.o)
                0x0800a1cc                GPIO_EXTILineConfig
 *fill*         0x0800a1f6        0x2 
 .text.I2C_DeInit
                0x0800a1f8       0x34 lib/STM32F10x_StdPeriph_Driver/libstm32fw.a(stm32f10x_i2c.o)
                0x0800a1f8                I2C_DeInit
 .text.I2C_Init
                0x0800a22c       0xd4 lib/STM32F10x_StdPeriph_Driver/libstm32fw.a(stm32f10x_i2c.o)
                0x0800a22c                I2C_Init
 .text.I2C_Cmd  0x0800a300       0x18 lib/STM32F10x_StdPeriph_Driver/libstm32fw.a(stm32f10x_i2c.o)
                0x0800a300                I2C_Cmd
 .text.I2C_GenerateSTART
                0x0800a318       0x18 lib/STM32F10x_StdPeriph_Driver/libstm32fw.a(stm32f10x_i2c.o)
                0x0800a318                I2C_GenerateSTART
 .text.I2C_GenerateSTOP
                0x0800a330       0x18 lib/STM32F10x_StdPeriph_Driver/libstm32fw.a(stm32f10x_i2c.o)
                0x0800a330                I2C_GenerateSTOP
 .text.I2C_AcknowledgeConfig
                0x0800a348       0x18 lib/STM32F10x_StdPeriph_Driver/libstm32fw.a(stm32f10x_i2c.o)
                0x0800a348                I2C_AcknowledgeConfig
 .text.I2C_ITConfig
                0x0800a360       0x12 lib/STM32F10x_StdPeriph_Driver/libstm32fw.a(stm32f10x_i2c.o)
                0x0800a360                I2C_ITConfig
 .text.I2C_SendData
                0x0800a372        0x4 lib/STM32F10x_StdPeriph_Driver/libstm32fw.a(stm32f10x_i2c.o)
                0x0800a372                I2C_SendData
 .text.I2C_ReceiveData
                0x0800a376        0x6 lib/STM32F10x_StdPeriph_Driver/libstm32fw.a(stm32f10x_i2c.o)
                0x0800a376                I2C_ReceiveData
 .text.I2C_Send7bitAddress
                0x0800a37c       0x12 lib/STM32F10x_StdPeriph_Driver/libstm32fw.a(stm32f10x_i2c.o)
                0x0800a37c                I2C_Send7bitAddress
 .text.I2C_SoftwareResetCmd
                0x0800a38e       0x18 lib/STM32F10x_StdPeriph_Driver/libstm32fw.a(stm32f10x_i2c.o)
                0x0800a38e                I2C_SoftwareResetCmd
 *fill*         0x0800a3a6        0x2 
 .text.IWDG_WriteAccessCmd
                0x0800a3a8        0xc lib/STM32F10x_StdPeriph_Driver/libstm32fw.a(stm32f10x_iwdg.o)
                0x0800a3a8                IWDG_WriteAccessCmd
 .text.IWDG_SetPrescaler
                0x0800a3b4        0xc lib/STM32F10x_StdPeriph_Driver/libstm32fw.a(stm32f10x_iwdg.o)
                0x0800a3b4                IWDG_SetPrescaler
 .text.IWDG_SetReload
                0x0800a3c0        0xc lib/STM32F10x_StdPeriph_Driver/libstm32fw.a(stm32f10x_iwdg.o)
                0x0800a3c0                IWDG_SetReload
 .text.IWDG_ReloadCounter
                0x0800a3cc       0x10 lib/STM32F10x_StdPeriph_Driver/libstm32fw.a(stm32f10x_iwdg.o)
                0x0800a3cc                IWDG_ReloadCounter
 .text.IWDG_Enable
                0x0800a3dc       0x10 lib/STM32F10x_StdPeriph_Driver/libstm32fw.a(stm32f10x_iwdg.o)
                0x0800a3dc                IWDG_Enable
 .text.PWR_DeInit
                0x0800a3ec       0x1a lib/STM32F10x_StdPeriph_Driver/libstm32fw.a(stm32f10x_pwr.o)
                0x0800a3ec                PWR_DeInit
 *fill*         0x0800a406        0x2 
 .text.PWR_BackupAccessCmd
                0x0800a408        0xc lib/STM32F10x_StdPeriph_Driver/libstm32fw.a(stm32f10x_pwr.o)
                0x0800a408                PWR_BackupAccessCmd
 .text.PWR_WakeUpPinCmd
                0x0800a414        0xc lib/STM32F10x_StdPeriph_Driver/libstm32fw.a(stm32f10x_pwr.o)
                0x0800a414                PWR_WakeUpPinCmd
 .text.PWR_EnterSTANDBYMode
                0x0800a420       0x28 lib/STM32F10x_StdPeriph_Driver/libstm32fw.a(stm32f10x_pwr.o)
                0x0800a420                PWR_EnterSTANDBYMode
 .text.RCC_HCLKConfig
                0x0800a448       0x14 lib/STM32F10x_StdPeriph_Driver/libstm32fw.a(stm32f10x_rcc.o)
                0x0800a448                RCC_HCLKConfig
 .text.RCC_USBCLKConfig
                0x0800a45c        0xc lib/STM32F10x_StdPeriph_Driver/libstm32fw.a(stm32f10x_rcc.o)
                0x0800a45c                RCC_USBCLKConfig
 .text.RCC_ADCCLKConfig
                0x0800a468       0x14 lib/STM32F10x_StdPeriph_Driver/libstm32fw.a(stm32f10x_rcc.o)
                0x0800a468                RCC_ADCCLKConfig
 .text.RCC_LSEConfig
                0x0800a47c       0x20 lib/STM32F10x_StdPeriph_Driver/libstm32fw.a(stm32f10x_rcc.o)
                0x0800a47c                RCC_LSEConfig
 .text.RCC_RTCCLKConfig
                0x0800a49c       0x10 lib/STM32F10x_StdPeriph_Driver/libstm32fw.a(stm32f10x_rcc.o)
                0x0800a49c                RCC_RTCCLKConfig
 .text.RCC_RTCCLKCmd
                0x0800a4ac        0xc lib/STM32F10x_StdPeriph_Driver/libstm32fw.a(stm32f10x_rcc.o)
                0x0800a4ac                RCC_RTCCLKCmd
 .text.RCC_GetClocksFreq
                0x0800a4b8       0x94 lib/STM32F10x_StdPeriph_Driver/libstm32fw.a(stm32f10x_rcc.o)
                0x0800a4b8                RCC_GetClocksFreq
 .text.RCC_AHBPeriphClockCmd
                0x0800a54c       0x18 lib/STM32F10x_StdPeriph_Driver/libstm32fw.a(stm32f10x_rcc.o)
                0x0800a54c                RCC_AHBPeriphClockCmd
 .text.RCC_APB2PeriphClockCmd
                0x0800a564       0x18 lib/STM32F10x_StdPeriph_Driver/libstm32fw.a(stm32f10x_rcc.o)
                0x0800a564                RCC_APB2PeriphClockCmd
 .text.RCC_APB1PeriphClockCmd
                0x0800a57c       0x18 lib/STM32F10x_StdPeriph_Driver/libstm32fw.a(stm32f10x_rcc.o)
                0x0800a57c                RCC_APB1PeriphClockCmd
 .text.RCC_APB2PeriphResetCmd
                0x0800a594       0x18 lib/STM32F10x_StdPeriph_Driver/libstm32fw.a(stm32f10x_rcc.o)
                0x0800a594                RCC_APB2PeriphResetCmd
 .text.RCC_APB1PeriphResetCmd
                0x0800a5ac       0x18 lib/STM32F10x_StdPeriph_Driver/libstm32fw.a(stm32f10x_rcc.o)
                0x0800a5ac                RCC_APB1PeriphResetCmd
 .text.RCC_BackupResetCmd
                0x0800a5c4        0xc lib/STM32F10x_StdPeriph_Driver/libstm32fw.a(stm32f10x_rcc.o)
                0x0800a5c4                RCC_BackupResetCmd
 .text.RCC_GetFlagStatus
                0x0800a5d0       0x28 lib/STM32F10x_StdPeriph_Driver/libstm32fw.a(stm32f10x_rcc.o)
                0x0800a5d0                RCC_GetFlagStatus
 .text.RTC_EnterConfigMode
                0x0800a5f8       0x14 lib/STM32F10x_StdPeriph_Driver/libstm32fw.a(stm32f10x_rtc.o)
                0x0800a5f8                RTC_EnterConfigMode
 .text.RTC_ExitConfigMode
                0x0800a60c       0x14 lib/STM32F10x_StdPeriph_Driver/libstm32fw.a(stm32f10x_rtc.o)
                0x0800a60c                RTC_ExitConfigMode
 .text.RTC_GetCounter
                0x0800a620       0x14 lib/STM32F10x_StdPeriph_Driver/libstm32fw.a(stm32f10x_rtc.o)
                0x0800a620                RTC_GetCounter
 .text.RTC_SetCounter
                0x0800a634       0x20 lib/STM32F10x_StdPeriph_Driver/libstm32fw.a(stm32f10x_rtc.o)
                0x0800a634                RTC_SetCounter
 .text.RTC_SetPrescaler
                0x0800a654       0x20 lib/STM32F10x_StdPeriph_Driver/libstm32fw.a(stm32f10x_rtc.o)
                0x0800a654                RTC_SetPrescaler
 .text.RTC_WaitForLastTask
                0x0800a674       0x10 lib/STM32F10x_StdPeriph_Driver/libstm32fw.a(stm32f10x_rtc.o)
                0x0800a674                RTC_WaitForLastTask
 .text.RTC_WaitForSynchro
                0x0800a684       0x1c lib/STM32F10x_StdPeriph_Driver/libstm32fw.a(stm32f10x_rtc.o)
                0x0800a684                RTC_WaitForSynchro
 .text.SPI_Init
                0x0800a6a0       0x3e lib/STM32F10x_StdPeriph_Driver/libstm32fw.a(stm32f10x_spi.o)
                0x0800a6a0                SPI_Init
 .text.SPI_StructInit
                0x0800a6de       0x18 lib/STM32F10x_StdPeriph_Driver/libstm32fw.a(stm32f10x_spi.o)
                0x0800a6de                SPI_StructInit
 .text.SPI_Cmd  0x0800a6f6       0x18 lib/STM32F10x_StdPeriph_Driver/libstm32fw.a(stm32f10x_spi.o)
                0x0800a6f6                SPI_Cmd
 .text.SPI_I2S_DMACmd
                0x0800a70e       0x12 lib/STM32F10x_StdPeriph_Driver/libstm32fw.a(stm32f10x_spi.o)
                0x0800a70e                SPI_I2S_DMACmd
 .text.SPI_I2S_SendData
                0x0800a720        0x4 lib/STM32F10x_StdPeriph_Driver/libstm32fw.a(stm32f10x_spi.o)
                0x0800a720                SPI_I2S_SendData
 .text.SPI_I2S_ReceiveData
                0x0800a724        0x6 lib/STM32F10x_StdPeriph_Driver/libstm32fw.a(stm32f10x_spi.o)
                0x0800a724                SPI_I2S_ReceiveData
 .text.SPI_CalculateCRC
                0x0800a72a       0x18 lib/STM32F10x_StdPeriph_Driver/libstm32fw.a(stm32f10x_spi.o)
                0x0800a72a                SPI_CalculateCRC
 .text.SPI_I2S_GetFlagStatus
                0x0800a742        0xc lib/STM32F10x_StdPeriph_Driver/libstm32fw.a(stm32f10x_spi.o)
                0x0800a742                SPI_I2S_GetFlagStatus
 *fill*         0x0800a74e        0x2 
 .text.TIM_DeInit
                0x0800a750       0xc8 lib/STM32F10x_StdPeriph_Driver/libstm32fw.a(stm32f10x_tim.o)
                0x0800a750                TIM_DeInit
 .text.TIM_TimeBaseInit
                0x0800a818       0x3c lib/STM32F10x_StdPeriph_Driver/libstm32fw.a(stm32f10x_tim.o)
                0x0800a818                TIM_TimeBaseInit
 .text.TIM_OC4Init
                0x0800a854       0x68 lib/STM32F10x_StdPeriph_Driver/libstm32fw.a(stm32f10x_tim.o)
                0x0800a854                TIM_OC4Init
 .text.TIM_Cmd  0x0800a8bc       0x18 lib/STM32F10x_StdPeriph_Driver/libstm32fw.a(stm32f10x_tim.o)
                0x0800a8bc                TIM_Cmd
 .text.TIM_OC4PreloadConfig
                0x0800a8d4       0x14 lib/STM32F10x_StdPeriph_Driver/libstm32fw.a(stm32f10x_tim.o)
                0x0800a8d4                TIM_OC4PreloadConfig
 .text.USART_DeInit
                0x0800a8e8       0x98 lib/STM32F10x_StdPeriph_Driver/libstm32fw.a(stm32f10x_usart.o)
                0x0800a8e8                USART_DeInit
 .text.USART_Init
                0x0800a980       0x88 lib/STM32F10x_StdPeriph_Driver/libstm32fw.a(stm32f10x_usart.o)
                0x0800a980                USART_Init
 .text.USART_Cmd
                0x0800aa08       0x18 lib/STM32F10x_StdPeriph_Driver/libstm32fw.a(stm32f10x_usart.o)
                0x0800aa08                USART_Cmd
 .text.USART_ITConfig
                0x0800aa20       0x32 lib/STM32F10x_StdPeriph_Driver/libstm32fw.a(stm32f10x_usart.o)
                0x0800aa20                USART_ITConfig
 .text.USART_DMACmd
                0x0800aa52       0x12 lib/STM32F10x_StdPeriph_Driver/libstm32fw.a(stm32f10x_usart.o)
                0x0800aa52                USART_DMACmd
 .text.USART_SendData
                0x0800aa64        0x8 lib/STM32F10x_StdPeriph_Driver/libstm32fw.a(stm32f10x_usart.o)
                0x0800aa64                USART_SendData
 .text.USART_ReceiveData
                0x0800aa6c        0x8 lib/STM32F10x_StdPeriph_Driver/libstm32fw.a(stm32f10x_usart.o)
                0x0800aa6c                USART_ReceiveData
 .text.USART_GetFlagStatus
                0x0800aa74        0xc lib/STM32F10x_StdPeriph_Driver/libstm32fw.a(stm32f10x_usart.o)
                0x0800aa74                USART_GetFlagStatus
 .text.USART_GetITStatus
                0x0800aa80       0x3e lib/STM32F10x_StdPeriph_Driver/libstm32fw.a(stm32f10x_usart.o)
                0x0800aa80                USART_GetITStatus
 .text.USART_ClearITPendingBit
                0x0800aabe        0xe lib/STM32F10x_StdPeriph_Driver/libstm32fw.a(stm32f10x_usart.o)
                0x0800aabe                USART_ClearITPendingBit
 .text.Standard_GetConfiguration
                0x0800aacc       0x24 lib/STM32_USB-FS-Device_Driver/libstm32usb.a(usb_core.o)
                0x0800aacc                Standard_GetConfiguration
 .text.Standard_GetInterface
                0x0800aaf0       0x24 lib/STM32_USB-FS-Device_Driver/libstm32usb.a(usb_core.o)
                0x0800aaf0                Standard_GetInterface
 .text.Standard_GetStatus
                0x0800ab14       0x90 lib/STM32_USB-FS-Device_Driver/libstm32usb.a(usb_core.o)
                0x0800ab14                Standard_GetStatus
 .text.DataStageIn
                0x0800aba4       0xac lib/STM32_USB-FS-Device_Driver/libstm32usb.a(usb_core.o)
 .text.Standard_SetConfiguration
                0x0800ac50       0x38 lib/STM32_USB-FS-Device_Driver/libstm32usb.a(usb_core.o)
                0x0800ac50                Standard_SetConfiguration
 .text.Standard_SetInterface
                0x0800ac88       0x48 lib/STM32_USB-FS-Device_Driver/libstm32usb.a(usb_core.o)
                0x0800ac88                Standard_SetInterface
 .text.Standard_ClearFeature
                0x0800acd0       0xd8 lib/STM32_USB-FS-Device_Driver/libstm32usb.a(usb_core.o)
                0x0800acd0                Standard_ClearFeature
 .text.Standard_SetEndPointFeature
                0x0800ada8       0x8c lib/STM32_USB-FS-Device_Driver/libstm32usb.a(usb_core.o)
                0x0800ada8                Standard_SetEndPointFeature
 .text.Standard_SetDeviceFeature
                0x0800ae34       0x24 lib/STM32_USB-FS-Device_Driver/libstm32usb.a(usb_core.o)
                0x0800ae34                Standard_SetDeviceFeature
 .text.Standard_GetDescriptorData
                0x0800ae58       0x1c lib/STM32_USB-FS-Device_Driver/libstm32usb.a(usb_core.o)
                0x0800ae58                Standard_GetDescriptorData
 .text.Post0_Process
                0x0800ae74       0x44 lib/STM32_USB-FS-Device_Driver/libstm32usb.a(usb_core.o)
                0x0800ae74                Post0_Process
 .text.Setup0_Process
                0x0800aeb8      0x2dc lib/STM32_USB-FS-Device_Driver/libstm32usb.a(usb_core.o)
                0x0800aeb8                Setup0_Process
 .text.Out0_Process
                0x0800b194       0xcc lib/STM32_USB-FS-Device_Driver/libstm32usb.a(usb_core.o)
                0x0800b194                Out0_Process
 .text.SetDeviceAddress
                0x0800b260       0x40 lib/STM32_USB-FS-Device_Driver/libstm32usb.a(usb_core.o)
                0x0800b260                SetDeviceAddress
 .text.In0_Process
                0x0800b2a0       0x5c lib/STM32_USB-FS-Device_Driver/libstm32usb.a(usb_core.o)
                0x0800b2a0                In0_Process
 .text.NOP_Process
                0x0800b2fc        0x2 lib/STM32_USB-FS-Device_Driver/libstm32usb.a(usb_core.o)
                0x0800b2fc                NOP_Process
 *fill*         0x0800b2fe        0x2 
 .text.USB_Init
                0x0800b300       0x34 lib/STM32_USB-FS-Device_Driver/libstm32usb.a(usb_init.o)
                0x0800b300                USB_Init
 .text.CTR_LP   0x0800b334      0x170 lib/STM32_USB-FS-Device_Driver/libstm32usb.a(usb_int.o)
                0x0800b334                CTR_LP
 .text.CTR_HP   0x0800b4a4       0x74 lib/STM32_USB-FS-Device_Driver/libstm32usb.a(usb_int.o)
                0x0800b4a4                CTR_HP
 .text.UserToPMABufferCopy
                0x0800b518       0x30 lib/STM32_USB-FS-Device_Driver/libstm32usb.a(usb_mem.o)
                0x0800b518                UserToPMABufferCopy
 .text.PMAToUserBufferCopy
                0x0800b548       0x24 lib/STM32_USB-FS-Device_Driver/libstm32usb.a(usb_mem.o)
                0x0800b548                PMAToUserBufferCopy
 .text.SetBTABLE
                0x0800b56c       0x10 lib/STM32_USB-FS-Device_Driver/libstm32usb.a(usb_regs.o)
                0x0800b56c                SetBTABLE
 .text.SetEPType
                0x0800b57c       0x1c lib/STM32_USB-FS-Device_Driver/libstm32usb.a(usb_regs.o)
                0x0800b57c                SetEPType
 .text.SetEPTxStatus
                0x0800b598       0x32 lib/STM32_USB-FS-Device_Driver/libstm32usb.a(usb_regs.o)
                0x0800b598                SetEPTxStatus
 .text.SetEPRxStatus
                0x0800b5ca       0x32 lib/STM32_USB-FS-Device_Driver/libstm32usb.a(usb_regs.o)
                0x0800b5ca                SetEPRxStatus
 .text.SetEPRxValid
                0x0800b5fc       0x26 lib/STM32_USB-FS-Device_Driver/libstm32usb.a(usb_regs.o)
                0x0800b5fc                SetEPRxValid
 .text.Clear_Status_Out
                0x0800b622       0x20 lib/STM32_USB-FS-Device_Driver/libstm32usb.a(usb_regs.o)
                0x0800b622                Clear_Status_Out
 .text.ClearDTOG_RX
                0x0800b642       0x26 lib/STM32_USB-FS-Device_Driver/libstm32usb.a(usb_regs.o)
                0x0800b642                ClearDTOG_RX
 .text.ClearDTOG_TX
                0x0800b668       0x26 lib/STM32_USB-FS-Device_Driver/libstm32usb.a(usb_regs.o)
                0x0800b668                ClearDTOG_TX
 *fill*         0x0800b68e        0x2 
 .text.SetEPTxAddr
                0x0800b690       0x20 lib/STM32_USB-FS-Device_Driver/libstm32usb.a(usb_regs.o)
                0x0800b690                SetEPTxAddr
 .text.SetEPRxAddr
                0x0800b6b0       0x20 lib/STM32_USB-FS-Device_Driver/libstm32usb.a(usb_regs.o)
                0x0800b6b0                SetEPRxAddr
 .text.GetEPTxAddr
                0x0800b6d0       0x20 lib/STM32_USB-FS-Device_Driver/libstm32usb.a(usb_regs.o)
                0x0800b6d0                GetEPTxAddr
 .text.GetEPRxAddr
                0x0800b6f0       0x20 lib/STM32_USB-FS-Device_Driver/libstm32usb.a(usb_regs.o)
                0x0800b6f0                GetEPRxAddr
 .text.SetEPTxCount
                0x0800b710       0x1c lib/STM32_USB-FS-Device_Driver/libstm32usb.a(usb_regs.o)
                0x0800b710                SetEPTxCount
 .text.SetEPRxCount
                0x0800b72c       0x40 lib/STM32_USB-FS-Device_Driver/libstm32usb.a(usb_regs.o)
                0x0800b72c                SetEPRxCount
 .text.GetEPRxCount
                0x0800b76c       0x20 lib/STM32_USB-FS-Device_Driver/libstm32usb.a(usb_regs.o)
                0x0800b76c                GetEPRxCount
 .text.ByteSwap
                0x0800b78c        0xa lib/STM32_USB-FS-Device_Driver/libstm32usb.a(usb_regs.o)
                0x0800b78c                ByteSwap
 *fill*         0x0800b796        0x2 
 .text.USB_SIL_Init
                0x0800b798       0x20 lib/STM32_USB-FS-Device_Driver/libstm32usb.a(usb_sil.o)
                0x0800b798                USB_SIL_Init
 .text.USB_SIL_Write
                0x0800b7b8       0x28 lib/STM32_USB-FS-Device_Driver/libstm32usb.a(usb_sil.o)
                0x0800b7b8                USB_SIL_Write
 .text.USB_SIL_Read
                0x0800b7e0       0x24 lib/STM32_USB-FS-Device_Driver/libstm32usb.a(usb_sil.o)
                0x0800b7e0                USB_SIL_Read
 .text.exit     0x0800b804       0x28 /home/laurence/ARM-GCC/bin/../lib/gcc/arm-none-eabi/5.3.1/../../../../arm-none-eabi/lib/armv7-m/libc_nano.a(lib_a-exit.o)
                0x0800b804                exit
 .text.__libc_init_array
                0x0800b82c       0x4c /home/laurence/ARM-GCC/bin/../lib/gcc/arm-none-eabi/5.3.1/../../../../arm-none-eabi/lib/armv7-m/libc_nano.a(lib_a-init.o)
                0x0800b82c                __libc_init_array
 .text.memset   0x0800b878       0x10 /home/laurence/ARM-GCC/bin/../lib/gcc/arm-none-eabi/5.3.1/../../../../arm-none-eabi/lib/armv7-m/libc_nano.a(lib_a-memset.o)
                0x0800b878                memset
 .text.srand    0x0800b888       0x50 /home/laurence/ARM-GCC/bin/../lib/gcc/arm-none-eabi/5.3.1/../../../../arm-none-eabi/lib/armv7-m/libc_nano.a(lib_a-rand.o)
                0x0800b888                srand
 .text.rand     0x0800b8d8       0x74 /home/laurence/ARM-GCC/bin/../lib/gcc/arm-none-eabi/5.3.1/../../../../arm-none-eabi/lib/armv7-m/libc_nano.a(lib_a-rand.o)
                0x0800b8d8                rand
 .text.malloc   0x0800b94c       0x10 /home/laurence/ARM-GCC/bin/../lib/gcc/arm-none-eabi/5.3.1/../../../../arm-none-eabi/lib/armv7-m/libc_nano.a(lib_a-malloc.o)
                0x0800b94c                malloc
 .text._malloc_r
                0x0800b95c       0xa8 /home/laurence/ARM-GCC/bin/../lib/gcc/arm-none-eabi/5.3.1/../../../../arm-none-eabi/lib/armv7-m/libc_nano.a(lib_a-nano-mallocr.o)
                0x0800b95c                _malloc_r
 .text._sbrk_r  0x0800ba04       0x20 /home/laurence/ARM-GCC/bin/../lib/gcc/arm-none-eabi/5.3.1/../../../../arm-none-eabi/lib/armv7-m/libc_nano.a(lib_a-sbrkr.o)
                0x0800ba04                _sbrk_r
 .text._sbrk    0x0800ba24       0x1c /home/laurence/ARM-GCC/bin/../lib/gcc/arm-none-eabi/5.3.1/../../../../arm-none-eabi/lib/armv7-m/libnosys.a(sbrk.o)
                0x0800ba24                _sbrk
 .text._exit    0x0800ba40        0x4 /home/laurence/ARM-GCC/bin/../lib/gcc/arm-none-eabi/5.3.1/../../../../arm-none-eabi/lib/armv7-m/libnosys.a(_exit.o)
                0x0800ba40                _exit
 .text.roundf   0x0800ba44       0x48 /home/laurence/ARM-GCC/bin/../lib/gcc/arm-none-eabi/5.3.1/../../../../arm-none-eabi/lib/armv7-m/libm.a(lib_a-sf_round.o)
                0x0800ba44                roundf
 .text.sinf     0x0800ba8c       0x7c /home/laurence/ARM-GCC/bin/../lib/gcc/arm-none-eabi/5.3.1/../../../../arm-none-eabi/lib/armv7-m/libm.a(lib_a-sf_sin.o)
                0x0800ba8c                sinf
 .text.atan2    0x0800bb08        0x4 /home/laurence/ARM-GCC/bin/../lib/gcc/arm-none-eabi/5.3.1/../../../../arm-none-eabi/lib/armv7-m/libm.a(lib_a-w_atan2.o)
                0x0800bb08                atan2
 .text.acosf    0x0800bb0c       0xa4 /home/laurence/ARM-GCC/bin/../lib/gcc/arm-none-eabi/5.3.1/../../../../arm-none-eabi/lib/armv7-m/libm.a(lib_a-wf_acos.o)
                0x0800bb0c                acosf
 .text.atan2f   0x0800bbb0        0x4 /home/laurence/ARM-GCC/bin/../lib/gcc/arm-none-eabi/5.3.1/../../../../arm-none-eabi/lib/armv7-m/libm.a(lib_a-wf_atan2.o)
                0x0800bbb0                atan2f
 .text.sqrtf    0x0800bbb4       0x9c /home/laurence/ARM-GCC/bin/../lib/gcc/arm-none-eabi/5.3.1/../../../../arm-none-eabi/lib/armv7-m/libm.a(lib_a-wf_sqrt.o)
                0x0800bbb4                sqrtf
 .text.__ieee754_atan2
                0x0800bc50      0x194 /home/laurence/ARM-GCC/bin/../lib/gcc/arm-none-eabi/5.3.1/../../../../arm-none-eabi/lib/armv7-m/libm.a(lib_a-e_atan2.o)
                0x0800bc50                __ieee754_atan2
 .text.__ieee754_acosf
                0x0800bde4      0x2c8 /home/laurence/ARM-GCC/bin/../lib/gcc/arm-none-eabi/5.3.1/../../../../arm-none-eabi/lib/armv7-m/libm.a(lib_a-ef_acos.o)
                0x0800bde4                __ieee754_acosf
 .text.__ieee754_atan2f
                0x0800c0ac      0x124 /home/laurence/ARM-GCC/bin/../lib/gcc/arm-none-eabi/5.3.1/../../../../arm-none-eabi/lib/armv7-m/libm.a(lib_a-ef_atan2.o)
                0x0800c0ac                __ieee754_atan2f
 .text.__ieee754_rem_pio2f
                0x0800c1d0      0x2e4 /home/laurence/ARM-GCC/bin/../lib/gcc/arm-none-eabi/5.3.1/../../../../arm-none-eabi/lib/armv7-m/libm.a(lib_a-ef_rem_pio2.o)
                0x0800c1d0                __ieee754_rem_pio2f
 .text.__ieee754_sqrtf
                0x0800c4b4       0xa8 /home/laurence/ARM-GCC/bin/../lib/gcc/arm-none-eabi/5.3.1/../../../../arm-none-eabi/lib/armv7-m/libm.a(lib_a-ef_sqrt.o)
                0x0800c4b4                __ieee754_sqrtf
 .text.__kernel_cosf
                0x0800c55c      0x188 /home/laurence/ARM-GCC/bin/../lib/gcc/arm-none-eabi/5.3.1/../../../../arm-none-eabi/lib/armv7-m/libm.a(lib_a-kf_cos.o)
                0x0800c55c                __kernel_cosf
 .text.__kernel_rem_pio2f
                0x0800c6e4      0x6a8 /home/laurence/ARM-GCC/bin/../lib/gcc/arm-none-eabi/5.3.1/../../../../arm-none-eabi/lib/armv7-m/libm.a(lib_a-kf_rem_pio2.o)
                0x0800c6e4                __kernel_rem_pio2f
 .text.__kernel_sinf
                0x0800cd8c       0xec /home/laurence/ARM-GCC/bin/../lib/gcc/arm-none-eabi/5.3.1/../../../../arm-none-eabi/lib/armv7-m/libm.a(lib_a-kf_sin.o)
                0x0800cd8c                __kernel_sinf
 .text.atan     0x0800ce78      0x33c /home/laurence/ARM-GCC/bin/../lib/gcc/arm-none-eabi/5.3.1/../../../../arm-none-eabi/lib/armv7-m/libm.a(lib_a-s_atan.o)
                0x0800ce78                atan
 .text.fabs     0x0800d1b4        0x8 /home/laurence/ARM-GCC/bin/../lib/gcc/arm-none-eabi/5.3.1/../../../../arm-none-eabi/lib/armv7-m/libm.a(lib_a-s_fabs.o)
                0x0800d1b4                fabs
 .text.matherr  0x0800d1bc        0x4 /home/laurence/ARM-GCC/bin/../lib/gcc/arm-none-eabi/5.3.1/../../../../arm-none-eabi/lib/armv7-m/libm.a(lib_a-s_matherr.o)
                0x0800d1bc                matherr
 .text.nan      0x0800d1c0        0xc /home/laurence/ARM-GCC/bin/../lib/gcc/arm-none-eabi/5.3.1/../../../../arm-none-eabi/lib/armv7-m/libm.a(lib_a-s_nan.o)
                0x0800d1c0                nan
 .text.atanf    0x0800d1cc      0x22c /home/laurence/ARM-GCC/bin/../lib/gcc/arm-none-eabi/5.3.1/../../../../arm-none-eabi/lib/armv7-m/libm.a(lib_a-sf_atan.o)
                0x0800d1cc                atanf
 .text.fabsf    0x0800d3f8        0x8 /home/laurence/ARM-GCC/bin/../lib/gcc/arm-none-eabi/5.3.1/../../../../arm-none-eabi/lib/armv7-m/libm.a(lib_a-sf_fabs.o)
                0x0800d3f8                fabsf
 .text.floorf   0x0800d400       0x8c /home/laurence/ARM-GCC/bin/../lib/gcc/arm-none-eabi/5.3.1/../../../../arm-none-eabi/lib/armv7-m/libm.a(lib_a-sf_floor.o)
                0x0800d400                floorf
 .text.scalbnf  0x0800d48c       0xb0 /home/laurence/ARM-GCC/bin/../lib/gcc/arm-none-eabi/5.3.1/../../../../arm-none-eabi/lib/armv7-m/libm.a(lib_a-sf_scalbn.o)
                0x0800d48c                scalbnf
 .text.copysignf
                0x0800d53c        0xc /home/laurence/ARM-GCC/bin/../lib/gcc/arm-none-eabi/5.3.1/../../../../arm-none-eabi/lib/armv7-m/libm.a(lib_a-sf_copysign.o)
                0x0800d53c                copysignf
 .text          0x0800d548      0x370 /home/laurence/ARM-GCC/bin/../lib/gcc/arm-none-eabi/5.3.1/armv7-m/libgcc.a(_arm_addsubdf3.o)
                0x0800d548                __aeabi_drsub
                0x0800d550                __aeabi_dsub
                0x0800d550                __subdf3
                0x0800d554                __adddf3
                0x0800d554                __aeabi_dadd
                0x0800d7cc                __aeabi_ui2d
                0x0800d7cc                __floatunsidf
                0x0800d7ec                __floatsidf
                0x0800d7ec                __aeabi_i2d
                0x0800d810                __extendsfdf2
                0x0800d810                __aeabi_f2d
                0x0800d84c                __aeabi_ul2d
                0x0800d84c                __floatundidf
                0x0800d85c                __floatdidf
                0x0800d85c                __aeabi_l2d
 .text          0x0800d8b8      0x424 /home/laurence/ARM-GCC/bin/../lib/gcc/arm-none-eabi/5.3.1/armv7-m/libgcc.a(_arm_muldivdf3.o)
                0x0800d8b8                __aeabi_dmul
                0x0800d8b8                __muldf3
                0x0800db0c                __aeabi_ddiv
                0x0800db0c                __divdf3
 .text          0x0800dcdc      0x110 /home/laurence/ARM-GCC/bin/../lib/gcc/arm-none-eabi/5.3.1/armv7-m/libgcc.a(_arm_cmpdf2.o)
                0x0800dcdc                __gtdf2
                0x0800dcdc                __gedf2
                0x0800dce4                __ltdf2
                0x0800dce4                __ledf2
                0x0800dcec                __cmpdf2
                0x0800dcec                __eqdf2
                0x0800dcec                __nedf2
                0x0800dd68                __aeabi_cdrcmple
                0x0800dd78                __aeabi_cdcmple
                0x0800dd78                __aeabi_cdcmpeq
                0x0800dd88                __aeabi_dcmpeq
                0x0800dd9c                __aeabi_dcmplt
                0x0800ddb0                __aeabi_dcmple
                0x0800ddc4                __aeabi_dcmpge
                0x0800ddd8                __aeabi_dcmpgt
 .text          0x0800ddec       0x50 /home/laurence/ARM-GCC/bin/../lib/gcc/arm-none-eabi/5.3.1/armv7-m/libgcc.a(_arm_fixdfsi.o)
                0x0800ddec                __fixdfsi
                0x0800ddec                __aeabi_d2iz
 .text          0x0800de3c       0x40 /home/laurence/ARM-GCC/bin/../lib/gcc/arm-none-eabi/5.3.1/armv7-m/libgcc.a(_arm_fixunsdfsi.o)
                0x0800de3c                __fixunsdfsi
                0x0800de3c                __aeabi_d2uiz
 .text          0x0800de7c       0xa0 /home/laurence/ARM-GCC/bin/../lib/gcc/arm-none-eabi/5.3.1/armv7-m/libgcc.a(_arm_truncdfsf2.o)
                0x0800de7c                __aeabi_d2f
                0x0800de7c                __truncdfsf2
 .text          0x0800df1c      0x21c /home/laurence/ARM-GCC/bin/../lib/gcc/arm-none-eabi/5.3.1/armv7-m/libgcc.a(_arm_addsubsf3.o)
                0x0800df1c                __aeabi_frsub
                0x0800df24                __subsf3
                0x0800df24                __aeabi_fsub
                0x0800df28                __aeabi_fadd
                0x0800df28                __addsf3
                0x0800e088                __aeabi_ui2f
                0x0800e088                __floatunsisf
                0x0800e090                __aeabi_i2f
                0x0800e090                __floatsisf
                0x0800e0ac                __floatundisf
                0x0800e0ac                __aeabi_ul2f
                0x0800e0bc                __floatdisf
                0x0800e0bc                __aeabi_l2f
 .text          0x0800e138      0x2a0 /home/laurence/ARM-GCC/bin/../lib/gcc/arm-none-eabi/5.3.1/armv7-m/libgcc.a(_arm_muldivsf3.o)
                0x0800e138                __mulsf3
                0x0800e138                __aeabi_fmul
                0x0800e2a0                __divsf3
                0x0800e2a0                __aeabi_fdiv
 .text          0x0800e3d8       0xec /home/laurence/ARM-GCC/bin/../lib/gcc/arm-none-eabi/5.3.1/armv7-m/libgcc.a(_arm_cmpsf2.o)
                0x0800e3d8                __gtsf2
                0x0800e3d8                __gesf2
                0x0800e3e0                __lesf2
                0x0800e3e0                __ltsf2
                0x0800e3e8                __nesf2
                0x0800e3e8                __eqsf2
                0x0800e3e8                __cmpsf2
                0x0800e448                __aeabi_cfrcmple
                0x0800e450                __aeabi_cfcmple
                0x0800e450                __aeabi_cfcmpeq
                0x0800e460                __aeabi_fcmpeq
                0x0800e474                __aeabi_fcmplt
                0x0800e488                __aeabi_fcmple
                0x0800e49c                __aeabi_fcmpge
                0x0800e4b0                __aeabi_fcmpgt
 .text          0x0800e4c4       0x2c /home/laurence/ARM-GCC/bin/../lib/gcc/arm-none-eabi/5.3.1/armv7-m/libgcc.a(_arm_unordsf2.o)
                0x0800e4c4                __aeabi_fcmpun
                0x0800e4c4                __unordsf2
 .text          0x0800e4f0       0x4c /home/laurence/ARM-GCC/bin/../lib/gcc/arm-none-eabi/5.3.1/armv7-m/libgcc.a(_arm_fixsfsi.o)
                0x0800e4f0                __fixsfsi
                0x0800e4f0                __aeabi_f2iz
 .text          0x0800e53c       0x40 /home/laurence/ARM-GCC/bin/../lib/gcc/arm-none-eabi/5.3.1/armv7-m/libgcc.a(_arm_fixunssfsi.o)
                0x0800e53c                __aeabi_f2uiz
                0x0800e53c                __fixunssfsi
 .text.__errno  0x0800e57c        0xc /home/laurence/ARM-GCC/bin/../lib/gcc/arm-none-eabi/5.3.1/../../../../arm-none-eabi/lib/armv7-m/libc_nano.a(lib_a-errno.o)
                0x0800e57c                __errno
 .text.memcmp   0x0800e588       0x1e /home/laurence/ARM-GCC/bin/../lib/gcc/arm-none-eabi/5.3.1/../../../../arm-none-eabi/lib/armv7-m/libc_nano.a(lib_a-memcmp.o)
                0x0800e588                memcmp
 .text.memcpy   0x0800e5a6       0x16 /home/laurence/ARM-GCC/bin/../lib/gcc/arm-none-eabi/5.3.1/../../../../arm-none-eabi/lib/armv7-m/libc_nano.a(lib_a-memcpy-stub.o)
                0x0800e5a6                memcpy
 .text.strcat   0x0800e5bc       0x1e /home/laurence/ARM-GCC/bin/../lib/gcc/arm-none-eabi/5.3.1/../../../../arm-none-eabi/lib/armv7-m/libc_nano.a(lib_a-strcat.o)
                0x0800e5bc                strcat
 .text.strcpy   0x0800e5da       0x10 /home/laurence/ARM-GCC/bin/../lib/gcc/arm-none-eabi/5.3.1/../../../../arm-none-eabi/lib/armv7-m/libc_nano.a(lib_a-strcpy.o)
                0x0800e5da                strcpy
 .text          0x0800e5ea       0x10 /home/laurence/ARM-GCC/bin/../lib/gcc/arm-none-eabi/5.3.1/../../../../arm-none-eabi/lib/armv7-m/libc_nano.a(lib_a-strlen.o)
                0x0800e5ea                strlen
 *(.init)
 *fill*         0x0800e5fa        0x2 
 .init          0x0800e5fc        0x4 /home/laurence/ARM-GCC/bin/../lib/gcc/arm-none-eabi/5.3.1/armv7-m/crti.o
                0x0800e5fc                _init
 .init          0x0800e600        0x8 /home/laurence/ARM-GCC/bin/../lib/gcc/arm-none-eabi/5.3.1/armv7-m/crtn.o
 *(.fini)
 .fini          0x0800e608        0x4 /home/laurence/ARM-GCC/bin/../lib/gcc/arm-none-eabi/5.3.1/armv7-m/crti.o
                0x0800e608                _fini
 .fini          0x0800e60c        0x8 /home/laurence/ARM-GCC/bin/../lib/gcc/arm-none-eabi/5.3.1/armv7-m/crtn.o
 *crtbegin.o(.ctors)
 *crtbegin?.o(.ctors)
 *(EXCLUDE_FILE(*crtend.o *crtend?.o) .ctors)
 *(SORT(.ctors.*))
 *(.ctors)
 *crtbegin.o(.dtors)
 *crtbegin?.o(.dtors)
 *(EXCLUDE_FILE(*crtend.o *crtend?.o) .dtors)
 *(SORT(.dtors.*))
 *(.dtors)
 *(.rodata*)
 .rodata        0x0800e614        0xc /tmp/ccka9TAd.ltrans0.ltrans.o
                0x0800e614                DaysInMonth.lto_priv.73
 .rodata.str1.1
                0x0800e620      0x279 /tmp/ccka9TAd.ltrans0.ltrans.o
                                0x280 (size before relaxing)
 .rodata        0x0800e899       0xa6 /tmp/ccka9TAd.ltrans1.ltrans.o
 *fill*         0x0800e93f        0x1 
 .rodata        0x0800e940      0x3ce /tmp/ccka9TAd.ltrans3.ltrans.o
                0x0800e940                LfnOfs.lto_priv.77
 .rodata.str1.1
                0x0800ed0e        0x6 /tmp/ccka9TAd.ltrans3.ltrans.o
 .rodata.str1.1
                0x0800ed14       0x10 /tmp/ccka9TAd.ltrans6.ltrans.o
                                 0x13 (size before relaxing)
 .rodata        0x0800ed24      0x180 /tmp/ccka9TAd.ltrans7.ltrans.o
 .rodata.str1.1
                0x0800eea4       0x10 /tmp/ccka9TAd.ltrans7.ltrans.o
 .rodata        0x0800eeb4       0xc4 /tmp/ccka9TAd.ltrans9.ltrans.o
 .rodata.str1.4
                0x0800ef78      0x152 /tmp/ccka9TAd.ltrans9.ltrans.o
 .rodata.str1.1
                0x0800f0ca        0x2 /home/laurence/ARM-GCC/bin/../lib/gcc/arm-none-eabi/5.3.1/../../../../arm-none-eabi/lib/armv7-m/libc_nano.a(lib_a-impure.o)
 .rodata._global_impure_ptr
                0x0800f0cc        0x4 /home/laurence/ARM-GCC/bin/../lib/gcc/arm-none-eabi/5.3.1/../../../../arm-none-eabi/lib/armv7-m/libc_nano.a(lib_a-impure.o)
                0x0800f0cc                _global_impure_ptr
 .rodata.str1.4
                0x0800f0d0        0x6 /home/laurence/ARM-GCC/bin/../lib/gcc/arm-none-eabi/5.3.1/../../../../arm-none-eabi/lib/armv7-m/libm.a(lib_a-wf_acos.o)
                                  0x9 (size before relaxing)
 *fill*         0x0800f0d6        0x2 
 .rodata.str1.4
                0x0800f0d8        0x8 /home/laurence/ARM-GCC/bin/../lib/gcc/arm-none-eabi/5.3.1/../../../../arm-none-eabi/lib/armv7-m/libm.a(lib_a-wf_sqrt.o)
                                  0x6 (size before relaxing)
 .rodata.npio2_hw
                0x0800f0e0       0x80 /home/laurence/ARM-GCC/bin/../lib/gcc/arm-none-eabi/5.3.1/../../../../arm-none-eabi/lib/armv7-m/libm.a(lib_a-ef_rem_pio2.o)
 .rodata.two_over_pi
                0x0800f160      0x318 /home/laurence/ARM-GCC/bin/../lib/gcc/arm-none-eabi/5.3.1/../../../../arm-none-eabi/lib/armv7-m/libm.a(lib_a-ef_rem_pio2.o)
 .rodata.init_jk
                0x0800f478        0xc /home/laurence/ARM-GCC/bin/../lib/gcc/arm-none-eabi/5.3.1/../../../../arm-none-eabi/lib/armv7-m/libm.a(lib_a-kf_rem_pio2.o)
 .rodata.PIo2   0x0800f484       0x2c /home/laurence/ARM-GCC/bin/../lib/gcc/arm-none-eabi/5.3.1/../../../../arm-none-eabi/lib/armv7-m/libm.a(lib_a-kf_rem_pio2.o)
 .rodata.atanlo
                0x0800f4b0       0x20 /home/laurence/ARM-GCC/bin/../lib/gcc/arm-none-eabi/5.3.1/../../../../arm-none-eabi/lib/armv7-m/libm.a(lib_a-s_atan.o)
 .rodata.atanhi
                0x0800f4d0       0x20 /home/laurence/ARM-GCC/bin/../lib/gcc/arm-none-eabi/5.3.1/../../../../arm-none-eabi/lib/armv7-m/libm.a(lib_a-s_atan.o)
 .rodata.atanlo
                0x0800f4f0       0x10 /home/laurence/ARM-GCC/bin/../lib/gcc/arm-none-eabi/5.3.1/../../../../arm-none-eabi/lib/armv7-m/libm.a(lib_a-sf_atan.o)
 .rodata.atanhi
                0x0800f500       0x10 /home/laurence/ARM-GCC/bin/../lib/gcc/arm-none-eabi/5.3.1/../../../../arm-none-eabi/lib/armv7-m/libm.a(lib_a-sf_atan.o)
 *(.eh_frame*)
 .eh_frame      0x0800f510        0x0 /home/laurence/ARM-GCC/bin/../lib/gcc/arm-none-eabi/5.3.1/armv7-m/crtbegin.o
 .eh_frame      0x0800f510        0x4 /home/laurence/ARM-GCC/bin/../lib/gcc/arm-none-eabi/5.3.1/armv7-m/crtend.o

.glue_7         0x0800f514        0x0
 .glue_7        0x0800f514        0x0 linker stubs

.glue_7t        0x0800f514        0x0
 .glue_7t       0x0800f514        0x0 linker stubs

.vfp11_veneer   0x0800f514        0x0
 .vfp11_veneer  0x0800f514        0x0 linker stubs

.v4_bx          0x0800f514        0x0
 .v4_bx         0x0800f514        0x0 linker stubs

.iplt           0x0800f514        0x0
 .iplt          0x0800f514        0x0 /home/laurence/ARM-GCC/bin/../lib/gcc/arm-none-eabi/5.3.1/armv7-m/crtbegin.o

.ARM.extab
 *(.ARM.extab* .gnu.linkonce.armextab.*)
                0x0800f514                __exidx_start = .

.ARM.exidx      0x0800f514        0x8
 *(.ARM.exidx* .gnu.linkonce.armexidx.*)
 .ARM.exidx     0x0800f514        0x8 /home/laurence/ARM-GCC/bin/../lib/gcc/arm-none-eabi/5.3.1/../../../../arm-none-eabi/lib/armv7-m/crt0.o
                0x0800f51c                __exidx_end = .
                0x0800f51c                __etext = .

.rel.dyn        0x0800f51c        0x0
 .rel.iplt      0x0800f51c        0x0 /home/laurence/ARM-GCC/bin/../lib/gcc/arm-none-eabi/5.3.1/armv7-m/crtbegin.o

.data           0x20000000      0x25c load address 0x0800f51c
                0x20000000                __data_start__ = .
 *(vtable)
 *(.data*)
 .data          0x20000000        0x9 /tmp/ccka9TAd.ltrans0.ltrans.o
                0x20000008                SP1ML_network_address
 *fill*         0x20000009        0x3 
 .data          0x2000000c      0x110 /tmp/ccka9TAd.ltrans1.ltrans.o
                0x200000be                Device_Table
                0x200000c0                pEpInt_IN
                0x200000dc                pEpInt_OUT
                0x200000f8                User_Standard_Requests
 .data          0x2000011c        0x3 /tmp/ccka9TAd.ltrans2.ltrans.o
                0x2000011c                RLD_replaced.lto_priv.61
 *fill*         0x2000011f        0x1 
 .data          0x20000120        0x2 /tmp/ccka9TAd.ltrans3.ltrans.o
 *fill*         0x20000122        0x2 
 .data          0x20000124       0x32 /tmp/ccka9TAd.ltrans4.ltrans.o
                0x20000124                Device_Property
                0x20000155                Stat.lto_priv.70
 .data          0x20000156       0x12 /tmp/ccka9TAd.ltrans5.ltrans.o
                0x20000156                Scsi_Sense_Data
 .data          0x20000168       0x69 /tmp/ccka9TAd.ltrans9.ltrans.o
                0x20000168                DCM_glob
                0x2000018c                I2C_jobs
 .data.ADCPrescTable
                0x200001d1        0x4 lib/STM32F10x_StdPeriph_Driver/libstm32fw.a(stm32f10x_rcc.o)
 .data.APBAHBPrescTable
                0x200001d5       0x10 lib/STM32F10x_StdPeriph_Driver/libstm32fw.a(stm32f10x_rcc.o)
 *fill*         0x200001e5        0x3 
 .data.impure_data
                0x200001e8       0x60 /home/laurence/ARM-GCC/bin/../lib/gcc/arm-none-eabi/5.3.1/../../../../arm-none-eabi/lib/armv7-m/libc_nano.a(lib_a-impure.o)
 .data._impure_ptr
                0x20000248        0x4 /home/laurence/ARM-GCC/bin/../lib/gcc/arm-none-eabi/5.3.1/../../../../arm-none-eabi/lib/armv7-m/libc_nano.a(lib_a-impure.o)
                0x20000248                _impure_ptr
 .data.__fdlib_version
                0x2000024c        0x1 /home/laurence/ARM-GCC/bin/../lib/gcc/arm-none-eabi/5.3.1/../../../../arm-none-eabi/lib/armv7-m/libm.a(lib_a-s_lib_ver.o)
                0x2000024c                __fdlib_version
                0x20000250                . = ALIGN (0x4)
 *fill*         0x2000024d        0x3 
                0x20000250                PROVIDE (__preinit_array_start, .)
 *(.preinit_array)
                0x20000250                PROVIDE (__preinit_array_end, .)
                0x20000250                . = ALIGN (0x4)
                0x20000250                PROVIDE (__init_array_start, .)
 *(SORT(.init_array.*))
 *(.init_array)
 .init_array    0x20000250        0x4 /home/laurence/ARM-GCC/bin/../lib/gcc/arm-none-eabi/5.3.1/armv7-m/crtbegin.o
                0x20000254                PROVIDE (__init_array_end, .)
                0x20000254                . = ALIGN (0x4)
                [!provide]                PROVIDE (__fini_array_start, .)
 *(SORT(.fini_array.*))
 *(.fini_array)
 .fini_array    0x20000254        0x4 /home/laurence/ARM-GCC/bin/../lib/gcc/arm-none-eabi/5.3.1/armv7-m/crtbegin.o
                [!provide]                PROVIDE (__fini_array_end, .)
 *(.jcr*)
 .jcr           0x20000258        0x0 /home/laurence/ARM-GCC/bin/../lib/gcc/arm-none-eabi/5.3.1/armv7-m/crtbegin.o
 .jcr           0x20000258        0x4 /home/laurence/ARM-GCC/bin/../lib/gcc/arm-none-eabi/5.3.1/armv7-m/crtend.o
                0x2000025c                . = ALIGN (0x4)
                0x2000025c                __data_end__ = .

.igot.plt       0x2000025c        0x0 load address 0x0800f778
 .igot.plt      0x2000025c        0x0 /home/laurence/ARM-GCC/bin/../lib/gcc/arm-none-eabi/5.3.1/armv7-m/crtbegin.o

.bss            0x20000260     0x161c load address 0x0800f780
                0x20000260                . = ALIGN (0x4)
                0x20000260                __bss_start__ = .
 *(.bss*)
 .bss           0x20000260       0x1c /home/laurence/ARM-GCC/bin/../lib/gcc/arm-none-eabi/5.3.1/armv7-m/crtbegin.o
 *fill*         0x2000027c        0x4 
 .bss           0x20000280      0x706 /tmp/ccka9TAd.ltrans0.ltrans.o
                0x200006a8                bootsource
                0x200006b0                rputchar.lto_priv.69
                0x200006b4                Status
                0x200006b8                Data_Buffer
                0x200006bc                bDeviceState
                0x200006c0                Battery_Voltage
                0x200006c4                FatFs.lto_priv.76
                0x20000920                LSM9DS1_Mag_Offset
                0x2000093a                file_opened
                0x2000093c                PI_glob
                0x20000954                I_limits
                0x20000960                flashCodeEnabled
                0x2000096c                GPS_telem
                0x2000097c                flashCode
                0x20000980                SP1ML_state
                0x20000984                System_state_Global
                0x20000985                Shutdown_System
 *fill*         0x20000986        0x2 
 .bss           0x20000988       0x30 /tmp/ccka9TAd.ltrans1.ltrans.o
 .bss           0x200009b8      0x498 /tmp/ccka9TAd.ltrans2.ltrans.o
                0x20000d2c                rld_sense.lto_priv.63
                0x20000d32                rld_replace_counter.lto_priv.62
                0x20000dfc                Filtered_ECG
                0x20000e10                SP1ML_tx_rx_state
                0x20000e1c                SP1ML_tx_sequence_number
                0x20000e20                Usart3_rx_buff
                0x20000e30                RN42_tx_sequence_number
                0x20000e34                Usart1_rx_buff
 .bss           0x20000e50       0x82 /tmp/ccka9TAd.ltrans3.ltrans.o
                0x20000e50                Sd_Spi_Called_From_USB_MSC
                0x20000ed1                CardType.lto_priv.79
 *fill*         0x20000ed2        0x2 
 .bss           0x20000ed4       0x1d /tmp/ccka9TAd.ltrans4.ltrans.o
                0x20000ed4                wIstr
                0x20000ed8                Timer1.lto_priv.71
                0x20000edc                Timer2.lto_priv.72
 *fill*         0x20000ef1        0x3 
 .bss           0x20000ef4       0x9a /tmp/ccka9TAd.ltrans5.ltrans.o
                0x20000ef4                Mass_Block_Count
                0x20000efc                CBW
                0x20000f1c                Mass_Block_Size
                0x20000f24                Bot_State
                0x20000f26                Data_Len
                0x20000f2c                TransferState
                0x20000f3c                Bulk_Data_Buff
                0x20000f7c                CSW
 *fill*         0x20000f8e        0x2 
 .bss           0x20000f90        0xc /tmp/ccka9TAd.ltrans6.ltrans.o
 .bss           0x20000f9c        0x2 /tmp/ccka9TAd.ltrans8.ltrans.o
 *fill*         0x20000f9e        0x2 
 .bss           0x20000fa0      0x1cd /tmp/ccka9TAd.ltrans9.ltrans.o
                0x20000fa0                Gps_Buffer
                0x20000fac                wct.lto_priv.41
                0x20000fae                channel_wct_conf.lto_priv.40
                0x20000faf                ADS1298_Error_Status
                0x20000fb0                Enable.lto_priv.43
                0x20000fb4                ECG_buffers
                0x20001034                Gain.lto_priv.49
                0x20001035                Actual_gain.lto_priv.46
                0x20001036                Cap.lto_priv.45
                0x20001037                quality_mask.lto_priv.42
                0x20001038                qualityfilter.lto_priv.44
                0x20001058                old_wct.lto_priv.48
                0x2000105c                Millis
                0x20001060                old_quality_mask.lto_priv.47
                0x2000106c                Gps
                0x200010a0                I2C1error
                0x200010a2                I2C_failure
                0x200010a4                Completed_Jobs
                0x200010a8                Jobs
                0x200010b0                LSM9DS1_Gyro_Buffer
                0x200010bc                LSM9DS1_Acc_Buffer
                0x200010c4                LSM9DS1_Mag_Buffer
                0x200010cc                IMU_buff
                0x2000116c                read_transaction.lto_priv.39
 *fill*         0x2000116d        0x3 
 .bss           0x20001170      0x6bd /tmp/ccka9TAd.ltrans10.ltrans.o
                0x20001170                Usart1_tx_buff
                0x20001180                print_string
                0x200011a8                FATFS_wavfile
                0x200013cc                Usart3_tx_buff
                0x200013dc                SP1ML_withold
                0x200013e0                SP1ML_tx_bytes
                0x200013e4                FATFS_wavfile_gps
                0x20001608                FATFS_wavfile_imu
                0x2000182c                CurrVol.lto_priv.75
 .bss.Data_Mul_MaxPacketSize
                0x2000182d        0x1 lib/STM32_USB-FS-Device_Driver/libstm32usb.a(usb_core.o)
                0x2000182d                Data_Mul_MaxPacketSize
 *fill*         0x2000182e        0x2 
 .bss.__malloc_sbrk_start
                0x20001830        0x4 /home/laurence/ARM-GCC/bin/../lib/gcc/arm-none-eabi/5.3.1/../../../../arm-none-eabi/lib/armv7-m/libc_nano.a(lib_a-nano-mallocr.o)
                0x20001830                __malloc_sbrk_start
 .bss.__malloc_free_list
                0x20001834        0x4 /home/laurence/ARM-GCC/bin/../lib/gcc/arm-none-eabi/5.3.1/../../../../arm-none-eabi/lib/armv7-m/libc_nano.a(lib_a-nano-mallocr.o)
                0x20001834                __malloc_free_list
 .bss.heap_end.4167
                0x20001838        0x4 /home/laurence/ARM-GCC/bin/../lib/gcc/arm-none-eabi/5.3.1/../../../../arm-none-eabi/lib/armv7-m/libnosys.a(sbrk.o)
 *(COMMON)
 COMMON         0x2000183c        0x2 lib/STM32_USB-FS-Device_Driver/libstm32usb.a(usb_core.o)
                0x2000183c                StatusInfo
 *fill*         0x2000183e        0x2 
 COMMON         0x20001840       0x32 lib/STM32_USB-FS-Device_Driver/libstm32usb.a(usb_init.o)
                0x20001840                SaveState
                0x20001844                pProperty
                0x20001848                EPindex
                0x2000184c                Device_Info
                0x20001868                pUser_Standard_Requests
                0x2000186c                pInformation
                0x20001870                wInterrupt_Mask
 COMMON         0x20001872        0x4 lib/STM32_USB-FS-Device_Driver/libstm32usb.a(usb_int.o)
                0x20001872                SaveRState
                0x20001874                SaveTState
 *fill*         0x20001876        0x2 
 COMMON         0x20001878        0x4 /home/laurence/ARM-GCC/bin/../lib/gcc/arm-none-eabi/5.3.1/../../../../arm-none-eabi/lib/armv7-m/libc_nano.a(lib_a-reent.o)
                0x20001878                errno
                0x2000187c                . = ALIGN (0x4)
                0x2000187c                __bss_end__ = .

.heap           0x20001880        0x0
                0x20001880                __end__ = .
                0x20001880                end = __end__
 *(.heap*)
 .heap          0x20001880        0x0 lib/ARM-GCC/startup_ARMCM3.o
                0x20001880                __HeapLimit = .

.stack_dummy    0x20001880      0xc00
 *(.stack*)
 .stack         0x20001880      0xc00 lib/ARM-GCC/startup_ARMCM3.o
                0x20005000                __StackTop = (ORIGIN (RAM) + LENGTH (RAM))
                0x20004400                __StackLimit = (__StackTop - SIZEOF (.stack_dummy))
                0x20005000                PROVIDE (__stack, __StackTop)
                0x00000001                ASSERT ((__StackLimit >= __HeapLimit), region RAM overflowed with stack)
OUTPUT(main.elf elf32-littlearm)

.ARM.attributes
                0x00000000       0x29
 .ARM.attributes
                0x00000000       0x1d /home/laurence/ARM-GCC/bin/../lib/gcc/arm-none-eabi/5.3.1/armv7-m/crti.o
 .ARM.attributes
                0x0000001d       0x2d /home/laurence/ARM-GCC/bin/../lib/gcc/arm-none-eabi/5.3.1/armv7-m/crtbegin.o
 .ARM.attributes
                0x0000004a       0x1b /home/laurence/ARM-GCC/bin/../lib/gcc/arm-none-eabi/5.3.1/../../../../arm-none-eabi/lib/armv7-m/crt0.o
 .ARM.attributes
                0x00000065       0x31 /tmp/ccka9TAd.ltrans0.ltrans.o
 .ARM.attributes
                0x00000096       0x31 /tmp/ccka9TAd.ltrans1.ltrans.o
 .ARM.attributes
                0x000000c7       0x31 /tmp/ccka9TAd.ltrans2.ltrans.o
 .ARM.attributes
                0x000000f8       0x31 /tmp/ccka9TAd.ltrans3.ltrans.o
 .ARM.attributes
                0x00000129       0x31 /tmp/ccka9TAd.ltrans4.ltrans.o
 .ARM.attributes
                0x0000015a       0x31 /tmp/ccka9TAd.ltrans5.ltrans.o
 .ARM.attributes
                0x0000018b       0x31 /tmp/ccka9TAd.ltrans6.ltrans.o
 .ARM.attributes
                0x000001bc       0x31 /tmp/ccka9TAd.ltrans7.ltrans.o
 .ARM.attributes
                0x000001ed       0x31 /tmp/ccka9TAd.ltrans8.ltrans.o
 .ARM.attributes
                0x0000021e       0x31 /tmp/ccka9TAd.ltrans9.ltrans.o
 .ARM.attributes
                0x0000024f       0x31 /tmp/ccka9TAd.ltrans10.ltrans.o
 .ARM.attributes
                0x00000280       0x1b lib/ARM-GCC/startup_ARMCM3.o
 .ARM.attributes
                0x0000029b       0x33 lib/STM32F10x_StdPeriph_Driver/libstm32fw.a(misc.o)
 .ARM.attributes
                0x000002ce       0x33 lib/STM32F10x_StdPeriph_Driver/libstm32fw.a(stm32f10x_adc.o)
 .ARM.attributes
                0x00000301       0x33 lib/STM32F10x_StdPeriph_Driver/libstm32fw.a(stm32f10x_bkp.o)
 .ARM.attributes
                0x00000334       0x33 lib/STM32F10x_StdPeriph_Driver/libstm32fw.a(stm32f10x_dbgmcu.o)
 .ARM.attributes
                0x00000367       0x33 lib/STM32F10x_StdPeriph_Driver/libstm32fw.a(stm32f10x_dma.o)
 .ARM.attributes
                0x0000039a       0x33 lib/STM32F10x_StdPeriph_Driver/libstm32fw.a(stm32f10x_exti.o)
 .ARM.attributes
                0x000003cd       0x33 lib/STM32F10x_StdPeriph_Driver/libstm32fw.a(stm32f10x_gpio.o)
 .ARM.attributes
                0x00000400       0x33 lib/STM32F10x_StdPeriph_Driver/libstm32fw.a(stm32f10x_i2c.o)
 .ARM.attributes
                0x00000433       0x33 lib/STM32F10x_StdPeriph_Driver/libstm32fw.a(stm32f10x_iwdg.o)
 .ARM.attributes
                0x00000466       0x33 lib/STM32F10x_StdPeriph_Driver/libstm32fw.a(stm32f10x_pwr.o)
 .ARM.attributes
                0x00000499       0x33 lib/STM32F10x_StdPeriph_Driver/libstm32fw.a(stm32f10x_rcc.o)
 .ARM.attributes
                0x000004cc       0x33 lib/STM32F10x_StdPeriph_Driver/libstm32fw.a(stm32f10x_rtc.o)
 .ARM.attributes
                0x000004ff       0x33 lib/STM32F10x_StdPeriph_Driver/libstm32fw.a(stm32f10x_spi.o)
 .ARM.attributes
                0x00000532       0x33 lib/STM32F10x_StdPeriph_Driver/libstm32fw.a(stm32f10x_tim.o)
 .ARM.attributes
                0x00000565       0x33 lib/STM32F10x_StdPeriph_Driver/libstm32fw.a(stm32f10x_usart.o)
 .ARM.attributes
                0x00000598       0x33 lib/STM32_USB-FS-Device_Driver/libstm32usb.a(usb_core.o)
 .ARM.attributes
                0x000005cb       0x33 lib/STM32_USB-FS-Device_Driver/libstm32usb.a(usb_init.o)
 .ARM.attributes
                0x000005fe       0x33 lib/STM32_USB-FS-Device_Driver/libstm32usb.a(usb_int.o)
 .ARM.attributes
                0x00000631       0x33 lib/STM32_USB-FS-Device_Driver/libstm32usb.a(usb_mem.o)
 .ARM.attributes
                0x00000664       0x33 lib/STM32_USB-FS-Device_Driver/libstm32usb.a(usb_regs.o)
 .ARM.attributes
                0x00000697       0x33 lib/STM32_USB-FS-Device_Driver/libstm32usb.a(usb_sil.o)
 .ARM.attributes
                0x000006ca       0x2d /home/laurence/ARM-GCC/bin/../lib/gcc/arm-none-eabi/5.3.1/../../../../arm-none-eabi/lib/armv7-m/libc_nano.a(lib_a-exit.o)
 .ARM.attributes
                0x000006f7       0x2d /home/laurence/ARM-GCC/bin/../lib/gcc/arm-none-eabi/5.3.1/../../../../arm-none-eabi/lib/armv7-m/libc_nano.a(lib_a-impure.o)
 .ARM.attributes
                0x00000724       0x2d /home/laurence/ARM-GCC/bin/../lib/gcc/arm-none-eabi/5.3.1/../../../../arm-none-eabi/lib/armv7-m/libc_nano.a(lib_a-init.o)
 .ARM.attributes
                0x00000751       0x2d /home/laurence/ARM-GCC/bin/../lib/gcc/arm-none-eabi/5.3.1/../../../../arm-none-eabi/lib/armv7-m/libc_nano.a(lib_a-memset.o)
 .ARM.attributes
                0x0000077e       0x2d /home/laurence/ARM-GCC/bin/../lib/gcc/arm-none-eabi/5.3.1/../../../../arm-none-eabi/lib/armv7-m/libc_nano.a(lib_a-rand.o)
 .ARM.attributes
                0x000007ab       0x2d /home/laurence/ARM-GCC/bin/../lib/gcc/arm-none-eabi/5.3.1/../../../../arm-none-eabi/lib/armv7-m/libc_nano.a(lib_a-malloc.o)
 .ARM.attributes
                0x000007d8       0x2d /home/laurence/ARM-GCC/bin/../lib/gcc/arm-none-eabi/5.3.1/../../../../arm-none-eabi/lib/armv7-m/libc_nano.a(lib_a-nano-mallocr.o)
 .ARM.attributes
                0x00000805       0x2d /home/laurence/ARM-GCC/bin/../lib/gcc/arm-none-eabi/5.3.1/../../../../arm-none-eabi/lib/armv7-m/libc_nano.a(lib_a-sbrkr.o)
 .ARM.attributes
                0x00000832       0x2d /home/laurence/ARM-GCC/bin/../lib/gcc/arm-none-eabi/5.3.1/../../../../arm-none-eabi/lib/armv7-m/libc_nano.a(lib_a-reent.o)
 .ARM.attributes
                0x0000085f       0x2d /home/laurence/ARM-GCC/bin/../lib/gcc/arm-none-eabi/5.3.1/../../../../arm-none-eabi/lib/armv7-m/libnosys.a(sbrk.o)
 .ARM.attributes
                0x0000088c       0x2d /home/laurence/ARM-GCC/bin/../lib/gcc/arm-none-eabi/5.3.1/../../../../arm-none-eabi/lib/armv7-m/libnosys.a(_exit.o)
 .ARM.attributes
                0x000008b9       0x2d /home/laurence/ARM-GCC/bin/../lib/gcc/arm-none-eabi/5.3.1/armv7-m/crtend.o
 .ARM.attributes
                0x000008e6       0x1d /home/laurence/ARM-GCC/bin/../lib/gcc/arm-none-eabi/5.3.1/armv7-m/crtn.o
 .ARM.attributes
                0x00000903       0x2d /home/laurence/ARM-GCC/bin/../lib/gcc/arm-none-eabi/5.3.1/../../../../arm-none-eabi/lib/armv7-m/libm.a(lib_a-sf_round.o)
 .ARM.attributes
                0x00000930       0x2d /home/laurence/ARM-GCC/bin/../lib/gcc/arm-none-eabi/5.3.1/../../../../arm-none-eabi/lib/armv7-m/libm.a(lib_a-sf_sin.o)
 .ARM.attributes
                0x0000095d       0x2d /home/laurence/ARM-GCC/bin/../lib/gcc/arm-none-eabi/5.3.1/../../../../arm-none-eabi/lib/armv7-m/libm.a(lib_a-w_atan2.o)
 .ARM.attributes
                0x0000098a       0x2d /home/laurence/ARM-GCC/bin/../lib/gcc/arm-none-eabi/5.3.1/../../../../arm-none-eabi/lib/armv7-m/libm.a(lib_a-wf_acos.o)
 .ARM.attributes
                0x000009b7       0x2d /home/laurence/ARM-GCC/bin/../lib/gcc/arm-none-eabi/5.3.1/../../../../arm-none-eabi/lib/armv7-m/libm.a(lib_a-wf_atan2.o)
 .ARM.attributes
                0x000009e4       0x2d /home/laurence/ARM-GCC/bin/../lib/gcc/arm-none-eabi/5.3.1/../../../../arm-none-eabi/lib/armv7-m/libm.a(lib_a-wf_sqrt.o)
 .ARM.attributes
                0x00000a11       0x2d /home/laurence/ARM-GCC/bin/../lib/gcc/arm-none-eabi/5.3.1/../../../../arm-none-eabi/lib/armv7-m/libm.a(lib_a-e_atan2.o)
 .ARM.attributes
                0x00000a3e       0x2d /home/laurence/ARM-GCC/bin/../lib/gcc/arm-none-eabi/5.3.1/../../../../arm-none-eabi/lib/armv7-m/libm.a(lib_a-ef_acos.o)
 .ARM.attributes
                0x00000a6b       0x2d /home/laurence/ARM-GCC/bin/../lib/gcc/arm-none-eabi/5.3.1/../../../../arm-none-eabi/lib/armv7-m/libm.a(lib_a-ef_atan2.o)