Archive member included because of file (symbol)

lib/STM32F10x_StdPeriph_Driver/libstm32fw.a(misc.o)
                              interrupts.o (symbol from plugin) (NVIC_PriorityGroupConfig)
lib/STM32F10x_StdPeriph_Driver/libstm32fw.a(stm32f10x_adc.o)
                              adc.o (symbol from plugin) (ADC_DeInit)
lib/STM32F10x_StdPeriph_Driver/libstm32fw.a(stm32f10x_bkp.o)
                              Util/fat_fs/src/rtc.o (symbol from plugin) (BKP_DeInit)
lib/STM32F10x_StdPeriph_Driver/libstm32fw.a(stm32f10x_dbgmcu.o)
                              main.o (symbol from plugin) (DBGMCU_Config)
lib/STM32F10x_StdPeriph_Driver/libstm32fw.a(stm32f10x_dma.o)
                              Util/fat_fs/src/sd_spi_stm32.o (symbol from plugin) (DMA_DeInit)
lib/STM32F10x_StdPeriph_Driver/libstm32fw.a(stm32f10x_exti.o)
                              interrupts.o (symbol from plugin) (EXTI_DeInit)
lib/STM32F10x_StdPeriph_Driver/libstm32fw.a(stm32f10x_gpio.o)
                              Util/fat_fs/src/sd_spi_stm32.o (symbol from plugin) (GPIO_Init)
lib/STM32F10x_StdPeriph_Driver/libstm32fw.a(stm32f10x_i2c.o)
                              i2c_int.o (symbol from plugin) (I2C_DeInit)
lib/STM32F10x_StdPeriph_Driver/libstm32fw.a(stm32f10x_iwdg.o)
                              watchdog.o (symbol from plugin) (IWDG_WriteAccessCmd)
lib/STM32F10x_StdPeriph_Driver/libstm32fw.a(stm32f10x_pwr.o)
                              pwr.o (symbol from plugin) (PWR_DeInit)
lib/STM32F10x_StdPeriph_Driver/libstm32fw.a(stm32f10x_rcc.o)
                              interrupts.o (symbol from plugin) (RCC_HCLKConfig)
lib/STM32F10x_StdPeriph_Driver/libstm32fw.a(stm32f10x_rtc.o)
                              Util/fat_fs/src/rtc.o (symbol from plugin) (RTC_GetCounter)
lib/STM32F10x_StdPeriph_Driver/libstm32fw.a(stm32f10x_spi.o)
                              Util/fat_fs/src/sd_spi_stm32.o (symbol from plugin) (SPI_I2S_DeInit)
lib/STM32F10x_StdPeriph_Driver/libstm32fw.a(stm32f10x_tim.o)
                              timer.o (symbol from plugin) (TIM_DeInit)
lib/STM32F10x_StdPeriph_Driver/libstm32fw.a(stm32f10x_usart.o)
                              Util/rn42_command.o (symbol from plugin) (USART_DeInit)
lib/STM32_USB-FS-Device_Driver/libstm32usb.a(usb_core.o)
                              Util/USB/usb_prop.o (symbol from plugin) (Standard_GetDescriptorData)
lib/STM32_USB-FS-Device_Driver/libstm32usb.a(usb_init.o)
                              main.o (symbol from plugin) (USB_Init)
lib/STM32_USB-FS-Device_Driver/libstm32usb.a(usb_int.o)
                              Util/USB/usb_istr.o (symbol from plugin) (CTR_LP)
lib/STM32_USB-FS-Device_Driver/libstm32usb.a(usb_mem.o)
                              lib/STM32_USB-FS-Device_Driver/libstm32usb.a(usb_core.o) (UserToPMABufferCopy)
lib/STM32_USB-FS-Device_Driver/libstm32usb.a(usb_regs.o)
                              Util/USB/usb_prop.o (symbol from plugin) (SetBTABLE)
lib/STM32_USB-FS-Device_Driver/libstm32usb.a(usb_sil.o)
                              Util/USB/usb_prop.o (symbol from plugin) (USB_SIL_Init)
/home/laurence/ARM-GCC/bin/../lib/gcc/arm-none-eabi/4.7.4/../../../../arm-none-eabi/lib/armv7-m/libc.a(lib_a-__atexit.o)
                              /home/laurence/ARM-GCC/bin/../lib/gcc/arm-none-eabi/4.7.4/../../../../arm-none-eabi/lib/armv7-m/crt0.o (__register_exitproc)
/home/laurence/ARM-GCC/bin/../lib/gcc/arm-none-eabi/4.7.4/../../../../arm-none-eabi/lib/armv7-m/libc.a(lib_a-exit.o)
                              /home/laurence/ARM-GCC/bin/../lib/gcc/arm-none-eabi/4.7.4/../../../../arm-none-eabi/lib/armv7-m/crt0.o (exit)
/home/laurence/ARM-GCC/bin/../lib/gcc/arm-none-eabi/4.7.4/../../../../arm-none-eabi/lib/armv7-m/libc.a(lib_a-fini.o)
                              /home/laurence/ARM-GCC/bin/../lib/gcc/arm-none-eabi/4.7.4/../../../../arm-none-eabi/lib/armv7-m/crt0.o (__libc_fini_array)
/home/laurence/ARM-GCC/bin/../lib/gcc/arm-none-eabi/4.7.4/../../../../arm-none-eabi/lib/armv7-m/libc.a(lib_a-impure.o)
                              /home/laurence/ARM-GCC/bin/../lib/gcc/arm-none-eabi/4.7.4/../../../../arm-none-eabi/lib/armv7-m/libc.a(lib_a-__atexit.o) (_global_impure_ptr)
/home/laurence/ARM-GCC/bin/../lib/gcc/arm-none-eabi/4.7.4/../../../../arm-none-eabi/lib/armv7-m/libc.a(lib_a-init.o)
                              /home/laurence/ARM-GCC/bin/../lib/gcc/arm-none-eabi/4.7.4/../../../../arm-none-eabi/lib/armv7-m/crt0.o (__libc_init_array)
/home/laurence/ARM-GCC/bin/../lib/gcc/arm-none-eabi/4.7.4/../../../../arm-none-eabi/lib/armv7-m/libc.a(lib_a-memset.o)
                              /home/laurence/ARM-GCC/bin/../lib/gcc/arm-none-eabi/4.7.4/../../../../arm-none-eabi/lib/armv7-m/crt0.o (memset)
/home/laurence/ARM-GCC/bin/../lib/gcc/arm-none-eabi/4.7.4/../../../../arm-none-eabi/lib/armv7-m/libc.a(lib_a-rand.o)
                              Util/sp1ml_command.o (symbol from plugin) (srand)
[...]
Memory Configuration

Name             Origin             Length             Attributes
RAM              0x20000000         0x00005000         xrw
FLASH            0x08000000         0x00020000         xr
FLASHB1          0x00000000         0x00000000         xr
EXTMEMB0         0x00000000         0x00000000         xr
EXTMEMB1         0x00000000         0x00000000         xr
EXTMEMB2         0x00000000         0x00000000         xr
EXTMEMB3         0x00000000         0x00000000         xr
STARTFLASH       0x00000000         0xffffffff
CRPPATCH         0x00000000         0xffffffff
FLASHPATCH       0x00000000         0xffffffff
ENDFLASH         0x00000000         0xffffffff
*default*        0x00000000         0xffffffff

Linker script and memory map

LOAD /home/laurence/ARM-GCC/bin/../lib/gcc/arm-none-eabi/4.7.4/armv7-m/crti.o
LOAD /home/laurence/ARM-GCC/bin/../lib/gcc/arm-none-eabi/4.7.4/armv7-m/crtbegin.o
LOAD /home/laurence/ARM-GCC/bin/../lib/gcc/arm-none-eabi/4.7.4/../../../../arm-none-eabi/lib/armv7-m/crt0.o
LOAD Util/USB/hw_config.o
LOAD /tmp/cc3cDaCH.ltrans0.ltrans.o
LOAD /tmp/cc3cDaCH.ltrans1.ltrans.o
LOAD /tmp/cc3cDaCH.ltrans2.ltrans.o
LOAD /tmp/cc3cDaCH.ltrans3.ltrans.o
LOAD /tmp/cc3cDaCH.ltrans4.ltrans.o
LOAD /tmp/cc3cDaCH.ltrans5.ltrans.o
LOAD /tmp/cc3cDaCH.ltrans6.ltrans.o
LOAD /tmp/cc3cDaCH.ltrans7.ltrans.o
LOAD /tmp/cc3cDaCH.ltrans8.ltrans.o
LOAD /tmp/cc3cDaCH.ltrans9.ltrans.o
LOAD /tmp/cc3cDaCH.ltrans10.ltrans.o
LOAD /home/laurence/ARM-GCC/bin/../lib/gcc/arm-none-eabi/4.7.4/armv7-m/libgcc.a
LOAD /home/laurence/ARM-GCC/bin/../lib/gcc/arm-none-eabi/4.7.4/../../../../arm-none-eabi/lib/armv7-m/libc.a
LOAD Util/USB/mass_mal.o
LOAD Util/USB/memory.o
LOAD Util/USB/scsi_data.o
LOAD Util/USB/usb_bot.o
LOAD Util/USB/usb_desc.o
LOAD Util/USB/usb_endp.o
LOAD Util/USB/usb_istr.o
LOAD Util/USB/usb_prop.o
LOAD Util/USB/usb_pwr.o
LOAD Util/USB/usb_scsi.o
LOAD Util/buffer.o
LOAD Util/data_alignment.o
LOAD Util/dcm_attitude.o
LOAD Util/delay.o
LOAD Util/fat_fs/option/ccsbcs.o
LOAD Util/fat_fs/src/fattime.o
LOAD Util/fat_fs/src/ff.o
LOAD Util/fat_fs/src/rtc.o
LOAD Util/fat_fs/src/sd_spi_stm32.o
LOAD Util/filter.o
LOAD Util/load_setting.o
LOAD Util/rn42_command.o
LOAD Util/rn42_conf.o
LOAD Util/rprintf.o
LOAD Util/rtc_correct.o
LOAD Util/sp1ml_command.o
LOAD Util/wave.o
LOAD adc.o
LOAD bootload.o
LOAD dma.o
LOAD gpio.o
LOAD i2c_int.o
LOAD interrupts.o
LOAD lib/CMSIS_CM3/core_cm3.o
LOAD lib/CMSIS_CM3/startup/gcc/startup_stm32f10x_md.o
LOAD lib/CMSIS_CM3/system_stm32f10x.o
LOAD main.o
LOAD pwr.o
LOAD timer.o
LOAD usart.o
LOAD watchdog.o
LOAD Sensors/ads1298.o
LOAD Sensors/lsm9ds1.o
LOAD Sensors/ubx.o
LOAD lib/STM32F10x_StdPeriph_Driver/libstm32fw.a
LOAD lib/STM32_USB-FS-Device_Driver/libstm32usb.a
LOAD /home/laurence/ARM-GCC/bin/../lib/gcc/arm-none-eabi/4.7.4/../../../../arm-none-eabi/lib/armv7-m/libm.a
LOAD /home/laurence/ARM-GCC/bin/../lib/gcc/arm-none-eabi/4.7.4/../../../../arm-none-eabi/lib/armv7-m/libnosys.a
START GROUP
LOAD /home/laurence/ARM-GCC/bin/../lib/gcc/arm-none-eabi/4.7.4/armv7-m/libgcc.a
LOAD /home/laurence/ARM-GCC/bin/../lib/gcc/arm-none-eabi/4.7.4/../../../../arm-none-eabi/lib/armv7-m/libc.a
END GROUP
LOAD /home/laurence/ARM-GCC/bin/../lib/gcc/arm-none-eabi/4.7.4/armv7-m/crtend.o
LOAD /home/laurence/ARM-GCC/bin/../lib/gcc/arm-none-eabi/4.7.4/armv7-m/crtn.o
                0x00002000                __Stack_Size = 0x2000
                0x00002000                PROVIDE (_Stack_Size, __Stack_Size)
                0x20003000                __Stack_Init = (_estack - __Stack_Size)
                0x20003000                PROVIDE (_Stack_Init, __Stack_Init)
                0x00002000                _Minimum_Stack_Size = 0x2000
                0x00000000                PROVIDE (Undefined_Handler, 0x0)
                0x00000000                PROVIDE (SWI_Handler, 0x0)
                0x00000000                PROVIDE (IRQ_Handler, 0x0)
                0x00000000                PROVIDE (Prefetch_Handler, 0x0)
                0x00000000                PROVIDE (Abort_Handler, 0x0)
                0x00000000                PROVIDE (FIQ_Handler, 0x0)
                0x00000000                PROVIDE (NMIException, 0x0)
                0x00000000                PROVIDE (NMI_Handler, 0x0)
                0x00000000                PROVIDE (HardFaultException, 0x0)
                0x00000000                PROVIDE (HardFault_Handler, 0x0)
                0x00000000                PROVIDE (MemManageException, 0x0)
                0x00000000                PROVIDE (MemManage_Handler, 0x0)
                0x00000000                PROVIDE (BusFaultException, 0x0)
                0x00000000                PROVIDE (BusFault_Handler, 0x0)
                0x00000000                PROVIDE (UsageFaultException, 0x0)
                0x00000000                PROVIDE (UsageFault_Handler, 0x0)
                0x00000000                PROVIDE (SVCHandler, 0x0)
                0x00000000                PROVIDE (SVC_Handler, 0x0)
                0x00000000                PROVIDE (DebugMonitor, 0x0)
                0x00000000                PROVIDE (DebugMon_Handler, 0x0)
                0x00000000                PROVIDE (PendSVC, 0x0)
                0x00000000                PROVIDE (PendSV_Handler, 0x0)
                0x00000000                PROVIDE (SysTickHandler, 0x0)
                0x00000000                PROVIDE (SysTick_Handler, 0x0)
                0x00000000                PROVIDE (WWDG_IRQHandler, 0x0)
                0x00000000                PROVIDE (PVD_IRQHandler, 0x0)
                0x00000000                PROVIDE (TAMPER_IRQHandler, 0x0)
                0x00000000                PROVIDE (RTC_IRQHandler, 0x0)
                0x00000000                PROVIDE (FLASH_IRQHandler, 0x0)
                0x00000000                PROVIDE (RCC_IRQHandler, 0x0)
                0x00000000                PROVIDE (EXTI0_IRQHandler, 0x0)
                0x00000000                PROVIDE (EXTI1_IRQHandler, 0x0)
                0x00000000                PROVIDE (EXTI2_IRQHandler, 0x0)
                0x00000000                PROVIDE (EXTI3_IRQHandler, 0x0)
                0x00000000                PROVIDE (EXTI4_IRQHandler, 0x0)
                0x00000000                PROVIDE (DMAChannel1_IRQHandler, 0x0)
                0x00000000                PROVIDE (DMAChannel2_IRQHandler, 0x0)
                0x00000000                PROVIDE (DMAChannel3_IRQHandler, 0x0)
                0x00000000                PROVIDE (DMAChannel4_IRQHandler, 0x0)
                0x00000000                PROVIDE (DMAChannel5_IRQHandler, 0x0)
                0x00000000                PROVIDE (DMAChannel6_IRQHandler, 0x0)
                0x00000000                PROVIDE (DMAChannel7_IRQHandler, 0x0)
                0x00000000                PROVIDE (DMA1_Channel1_IRQHandler, 0x0)
                0x00000000                PROVIDE (DMA1_Channel2_IRQHandler, 0x0)
                0x00000000                PROVIDE (DMA1_Channel3_IRQHandler, 0x0)
                0x00000000                PROVIDE (DMA1_Channel4_IRQHandler, 0x0)
                0x00000000                PROVIDE (DMA1_Channel5_IRQHandler, 0x0)
                0x00000000                PROVIDE (DMA1_Channel6_IRQHandler, 0x0)
                0x00000000                PROVIDE (DMA1_Channel7_IRQHandler, 0x0)
                0x00000000                PROVIDE (ADC_IRQHandler, 0x0)
                0x00000000                PROVIDE (ADC1_2_IRQHandler, 0x0)
                0x00000000                PROVIDE (USB_HP_CAN_TX_IRQHandler, 0x0)
                0x00000000                PROVIDE (USB_HP_CAN1_TX_IRQHandler, 0x0)
                0x00000000                PROVIDE (USB_LP_CAN_RX0_IRQHandler, 0x0)
                0x00000000                PROVIDE (USB_LP_CAN1_RX0_IRQHandler, 0x0)
                0x00000000                PROVIDE (CAN_RX1_IRQHandler, 0x0)
                0x00000000                PROVIDE (CAN1_RX1_IRQHandler, 0x0)
                0x00000000                PROVIDE (CAN_SCE_IRQHandler, 0x0)
                0x00000000                PROVIDE (CAN1_SCE_IRQHandler, 0x0)
                0x00000000                PROVIDE (EXTI9_5_IRQHandler, 0x0)
                0x00000000                PROVIDE (TIM1_BRK_IRQHandler, 0x0)
                0x00000000                PROVIDE (TIM1_UP_IRQHandler, 0x0)
                0x00000000                PROVIDE (TIM1_TRG_COM_IRQHandler, 0x0)
                0x00000000                PROVIDE (TIM1_CC_IRQHandler, 0x0)
                0x00000000                PROVIDE (TIM2_IRQHandler, 0x0)
                0x00000000                PROVIDE (TIM3_IRQHandler, 0x0)
                0x00000000                PROVIDE (TIM4_IRQHandler, 0x0)
                0x00000000                PROVIDE (I2C1_EV_IRQHandler, 0x0)
                0x00000000                PROVIDE (I2C1_ER_IRQHandler, 0x0)
                0x00000000                PROVIDE (I2C2_EV_IRQHandler, 0x0)
                0x00000000                PROVIDE (I2C2_ER_IRQHandler, 0x0)
                0x00000000                PROVIDE (SPI1_IRQHandler, 0x0)
                0x00000000                PROVIDE (SPI2_IRQHandler, 0x0)
                0x00000000                PROVIDE (USART1_IRQHandler, 0x0)
                0x00000000                PROVIDE (USART2_IRQHandler, 0x0)
                0x00000000                PROVIDE (USART3_IRQHandler, 0x0)
                0x00000000                PROVIDE (EXTI15_10_IRQHandler, 0x0)
                0x00000000                PROVIDE (RTCAlarm_IRQHandler, 0x0)
                0x00000000                PROVIDE (USBWakeUp_IRQHandler, 0x0)
                0x00000000                PROVIDE (TIM8_BRK_IRQHandler, 0x0)
                0x00000000                PROVIDE (TIM8_UP_IRQHandler, 0x0)
                0x00000000                PROVIDE (TIM8_TRG_COM_IRQHandler, 0x0)
                0x00000000                PROVIDE (TIM8_CC_IRQHandler, 0x0)
                0x00000000                PROVIDE (ADC3_IRQHandler, 0x0)
                0x00000000                PROVIDE (FSMC_IRQHandler, 0x0)
                0x00000000                PROVIDE (SDIO_IRQHandler, 0x0)
                0x00000000                PROVIDE (TIM5_IRQHandler, 0x0)
                0x00000000                PROVIDE (SPI3_IRQHandler, 0x0)
                0x00000000                PROVIDE (UART4_IRQHandler, 0x0)
                0x00000000                PROVIDE (UART5_IRQHandler, 0x0)
                0x00000000                PROVIDE (TIM6_IRQHandler, 0x0)
                0x00000000                PROVIDE (TIM7_IRQHandler, 0x0)
                0x00000000                PROVIDE (DMA2_Channel1_IRQHandler, 0x0)
                0x00000000                PROVIDE (DMA2_Channel2_IRQHandler, 0x0)
                0x00000000                PROVIDE (DMA2_Channel3_IRQHandler, 0x0)
                0x00000000                PROVIDE (DMA2_Channel4_5_IRQHandler, 0x0)
                0x42000000                PERIPH_BB_BASE = 0x42000000
                0x22000000                SRAM_BB_BASE = 0x22000000
                0x20000000                SRAM_BASE = 0x20000000
                0x40000000                PERIPH_BASE = 0x40000000
                0x40022000                PROVIDE (FLASH_BASE, 0x40022000)
                0x1ffff800                PROVIDE (OB_BASE, 0x1ffff800)
                0x40000000                APB1PERIPH_BASE = PERIPH_BASE
                0x40010000                APB2PERIPH_BASE = (PERIPH_BASE + 0x10000)
                0x40020000                AHBPERIPH_BASE = (PERIPH_BASE + 0x20000)
                0x40000000                PROVIDE (TIM2, (APB1PERIPH_BASE + 0x0))
                0x40000400                PROVIDE (TIM3, (APB1PERIPH_BASE + 0x400))
                0x40000800                PROVIDE (TIM4, (APB1PERIPH_BASE + 0x800))
                0x40002800                PROVIDE (RTC, (APB1PERIPH_BASE + 0x2800))
                0x40002c00                PROVIDE (WWDG, (APB1PERIPH_BASE + 0x2c00))
                0x40003000                PROVIDE (IWDG, (APB1PERIPH_BASE + 0x3000))
                0x40003800                PROVIDE (SPI2, (APB1PERIPH_BASE + 0x3800))
                0x40004400                PROVIDE (USART2, (APB1PERIPH_BASE + 0x4400))
                0x40004800                PROVIDE (USART3, (APB1PERIPH_BASE + 0x4800))
                0x40005400                PROVIDE (I2C1, (APB1PERIPH_BASE + 0x5400))
                0x40005800                PROVIDE (I2C2, (APB1PERIPH_BASE + 0x5800))
                0x40006400                PROVIDE (CAN, (APB1PERIPH_BASE + 0x6400))
                0x40006c00                PROVIDE (BKP, (APB1PERIPH_BASE + 0x6c00))
                0x40007000                PROVIDE (PWR, (APB1PERIPH_BASE + 0x7000))
                0x40010000                PROVIDE (AFIO, (APB2PERIPH_BASE + 0x0))
                0x40010400                PROVIDE (EXTI, (APB2PERIPH_BASE + 0x400))
                0x40010800                PROVIDE (GPIOA, (APB2PERIPH_BASE + 0x800))
                0x40010c00                PROVIDE (GPIOB, (APB2PERIPH_BASE + 0xc00))
                0x40011000                PROVIDE (GPIOC, (APB2PERIPH_BASE + 0x1000))
                0x40011400                PROVIDE (GPIOD, (APB2PERIPH_BASE + 0x1400))
                0x40011800                PROVIDE (GPIOE, (APB2PERIPH_BASE + 0x1800))
                0x40012400                PROVIDE (ADC1, (APB2PERIPH_BASE + 0x2400))
                0x40012800                PROVIDE (ADC2, (APB2PERIPH_BASE + 0x2800))
                0x40012c00                PROVIDE (TIM1, (APB2PERIPH_BASE + 0x2c00))
                0x40013000                PROVIDE (SPI1, (APB2PERIPH_BASE + 0x3000))
                0x40013800                PROVIDE (USART1, (APB2PERIPH_BASE + 0x3800))
                0x40020000                PROVIDE (DMA, (AHBPERIPH_BASE + 0x0))
                0x40020008                PROVIDE (DMA_Channel1, (AHBPERIPH_BASE + 0x8))
                0x4002001c                PROVIDE (DMA_Channel2, (AHBPERIPH_BASE + 0x1c))
                0x40020030                PROVIDE (DMA_Channel3, (AHBPERIPH_BASE + 0x30))
                0x40020044                PROVIDE (DMA_Channel4, (AHBPERIPH_BASE + 0x44))
                0x40020058                PROVIDE (DMA_Channel5, (AHBPERIPH_BASE + 0x58))
                0x4002006c                PROVIDE (DMA_Channel6, (AHBPERIPH_BASE + 0x6c))
                0x40020080                PROVIDE (DMA_Channel7, (AHBPERIPH_BASE + 0x80))
                0x40021000                PROVIDE (RCC, (AHBPERIPH_BASE + 0x1000))
                0xe000e000                SCS_BASE = 0xe000e000
                0xe000e010                PROVIDE (SysTick, (SCS_BASE + 0x10))
                0xe000e100                PROVIDE (NVIC, (SCS_BASE + 0x100))
                0xe000ed00                PROVIDE (SCB, (SCS_BASE + 0xd00))
                0x20005000                PROVIDE (_estack, (ORIGIN (RAM) + 0x5000))

.isr_vector     0x08000000      0x10c
                0x08000000                . = ALIGN (0x4)
 *(.isr_vector)
 .isr_vector    0x08000000      0x10c lib/CMSIS_CM3/startup/gcc/startup_stm32f10x_md.o
                0x08000000                g_pfnVectors
                0x0800010c                . = ALIGN (0x4)

.flash_start    0x00000000        0x0
                0x00000000                . = ALIGN (0x4)
 *(.flash_start)
 *(.flash_start.*)
                0x00000000                . = ALIGN (0x4)

.crp_patch      0x00000000        0x0
                0x00000000                . = ALIGN (0x4)
 *(.crp_patch)
                0x00000000                . = ALIGN (0x4)

.flashtext      0x0800010c        0x0
                0x0800010c                . = ALIGN (0x4)
 *(.flashtext)
                0x0800010c                . = ALIGN (0x4)

.text           0x08000110     0xdb44
                0x08000110                . = ALIGN (0x4)
 *(.text)
 .text          0x08000110      0x370 /home/laurence/ARM-GCC/bin/../lib/gcc/arm-none-eabi/4.7.4/armv7-m/libgcc.a(_arm_addsubdf3.o)
                0x08000110                __aeabi_drsub
                0x08000118                __aeabi_dsub
                0x08000118                __subdf3
                0x0800011c                __adddf3
                0x0800011c                __aeabi_dadd
                0x08000394                __aeabi_ui2d
                0x08000394                __floatunsidf
                0x080003b4                __floatsidf
                0x080003b4                __aeabi_i2d
                0x080003d8                __extendsfdf2
                0x080003d8                __aeabi_f2d
                0x08000414                __aeabi_ul2d
                0x08000414                __floatundidf
                0x08000424                __floatdidf
                0x08000424                __aeabi_l2d
 .text          0x08000480      0x424 /home/laurence/ARM-GCC/bin/../lib/gcc/arm-none-eabi/4.7.4/armv7-m/libgcc.a(_arm_muldivdf3.o)
                0x08000480                __aeabi_dmul
                0x08000480                __muldf3
                0x080006d4                __aeabi_ddiv
                0x080006d4                __divdf3
 .text          0x080008a4      0x110 /home/laurence/ARM-GCC/bin/../lib/gcc/arm-none-eabi/4.7.4/armv7-m/libgcc.a(_arm_cmpdf2.o)
                0x080008a4                __gtdf2
                0x080008a4                __gedf2
                0x080008ac                __ltdf2
                0x080008ac                __ledf2
                0x080008b4                __cmpdf2
                0x080008b4                __eqdf2
                0x080008b4                __nedf2
                0x08000930                __aeabi_cdrcmple
                0x08000940                __aeabi_cdcmple
                0x08000940                __aeabi_cdcmpeq
                0x08000950                __aeabi_dcmpeq
                0x08000964                __aeabi_dcmplt
                0x08000978                __aeabi_dcmple
                0x0800098c                __aeabi_dcmpge
                0x080009a0                __aeabi_dcmpgt
 .text          0x080009b4       0xa0 /home/laurence/ARM-GCC/bin/../lib/gcc/arm-none-eabi/4.7.4/armv7-m/libgcc.a(_arm_truncdfsf2.o)
                0x080009b4                __aeabi_d2f
                0x080009b4                __truncdfsf2
 .text          0x08000a54      0x21c /home/laurence/ARM-GCC/bin/../lib/gcc/arm-none-eabi/4.7.4/armv7-m/libgcc.a(_arm_addsubsf3.o)
                0x08000a54                __aeabi_frsub
                0x08000a5c                __subsf3
                0x08000a5c                __aeabi_fsub
                0x08000a60                __aeabi_fadd
                0x08000a60                __addsf3
                0x08000bc0                __aeabi_ui2f
                0x08000bc0                __floatunsisf
                0x08000bc8                __aeabi_i2f
                0x08000bc8                __floatsisf
                0x08000be4                __floatundisf
                0x08000be4                __aeabi_ul2f
                0x08000bf4                __floatdisf
                0x08000bf4                __aeabi_l2f
 .text          0x08000c70      0x2a0 /home/laurence/ARM-GCC/bin/../lib/gcc/arm-none-eabi/4.7.4/armv7-m/libgcc.a(_arm_muldivsf3.o)
                0x08000c70                __mulsf3
                0x08000c70                __aeabi_fmul
                0x08000dd8                __divsf3
                0x08000dd8                __aeabi_fdiv
 .text          0x08000f10       0xec /home/laurence/ARM-GCC/bin/../lib/gcc/arm-none-eabi/4.7.4/armv7-m/libgcc.a(_arm_cmpsf2.o)
                0x08000f10                __gtsf2
                0x08000f10                __gesf2
                0x08000f18                __lesf2
                0x08000f18                __ltsf2
                0x08000f20                __nesf2
                0x08000f20                __eqsf2
                0x08000f20                __cmpsf2
                0x08000f80                __aeabi_cfrcmple
                0x08000f88                __aeabi_cfcmple
                0x08000f88                __aeabi_cfcmpeq
                0x08000f98                __aeabi_fcmpeq
                0x08000fac                __aeabi_fcmplt
                0x08000fc0                __aeabi_fcmple
                0x08000fd4                __aeabi_fcmpge
                0x08000fe8                __aeabi_fcmpgt
 .text          0x08000ffc       0x4c /home/laurence/ARM-GCC/bin/../lib/gcc/arm-none-eabi/4.7.4/armv7-m/libgcc.a(_arm_fixsfsi.o)
                0x08000ffc                __fixsfsi
                0x08000ffc                __aeabi_f2iz
 .text          0x08001048       0x40 /home/laurence/ARM-GCC/bin/../lib/gcc/arm-none-eabi/4.7.4/armv7-m/libgcc.a(_arm_fixunssfsi.o)
                0x08001048                __aeabi_f2uiz
                0x08001048                __fixunssfsi
 *(.text.*)
 .text.startup.main
                0x08001088     0x1fc8 /tmp/cc3cDaCH.ltrans0.ltrans.o
                0x08001088                main
 .text.hex_to_byte.4173
                0x08003050       0x1a /tmp/cc3cDaCH.ltrans1.ltrans.o
 .text.atoiRamRom.4187
                0x0800306a       0x20 /tmp/cc3cDaCH.ltrans1.ltrans.o
 *fill*         0x0800308a        0x2 00
 .text.rprintfChar.4190
                0x0800308c       0x1c /tmp/cc3cDaCH.ltrans1.ltrans.o
 .text.Get_Max_Lun
                0x080030a8       0x18 /tmp/cc3cDaCH.ltrans1.ltrans.o
                0x080030a8                Get_Max_Lun
 .text.MASS_Get_Interface_Setting
                0x080030c0        0xc /tmp/cc3cDaCH.ltrans1.ltrans.o
                0x080030c0                MASS_Get_Interface_Setting
 .text.MASS_Status_Out
                0x080030cc        0x2 /tmp/cc3cDaCH.ltrans1.ltrans.o
                0x080030cc                MASS_Status_Out
 .text.MASS_Status_In
                0x080030ce        0x2 /tmp/cc3cDaCH.ltrans1.ltrans.o
                0x080030ce                MASS_Status_In
 .text.Mass_Storage_SetDeviceAddress
                0x080030d0        0xc /tmp/cc3cDaCH.ltrans1.ltrans.o
                0x080030d0                Mass_Storage_SetDeviceAddress
 .text.Resume_Init.4041
                0x080030dc       0x54 /tmp/cc3cDaCH.ltrans1.ltrans.o
 .text.MASS_Reset
                0x08003130       0xf0 /tmp/cc3cDaCH.ltrans1.ltrans.o
                0x08003130                MASS_Reset
 .text.__gps_send_char.4066
                0x08003220       0x1c /tmp/cc3cDaCH.ltrans1.ltrans.o
 .text.Mass_Storage_SetConfiguration
                0x0800323c       0x30 /tmp/cc3cDaCH.ltrans1.ltrans.o
                0x0800323c                Mass_Storage_SetConfiguration
 .text.MASS_NoData_Setup
                0x0800326c       0x4c /tmp/cc3cDaCH.ltrans1.ltrans.o
                0x0800326c                MASS_NoData_Setup
 .text.MASS_GetDeviceDescriptor
                0x080032b8        0xc /tmp/cc3cDaCH.ltrans1.ltrans.o
                0x080032b8                MASS_GetDeviceDescriptor
 .text.MASS_GetConfigDescriptor
                0x080032c4        0xc /tmp/cc3cDaCH.ltrans1.ltrans.o
                0x080032c4                MASS_GetConfigDescriptor
 .text.MASS_GetStringDescriptor
                0x080032d0       0x20 /tmp/cc3cDaCH.ltrans1.ltrans.o
                0x080032d0                MASS_GetStringDescriptor
 .text.stm32_spi_rw.5372
                0x080032f0       0x24 /tmp/cc3cDaCH.ltrans1.ltrans.o
                0x080032f0                stm32_spi_rw.5372
 .text.rcvr_spi.5375
                0x08003314        0x6 /tmp/cc3cDaCH.ltrans1.ltrans.o
                0x08003314                rcvr_spi.5375
 *fill*         0x0800331a        0x2 00
 .text.EXTI_ONOFF_EN
                0x0800331c       0x54 /tmp/cc3cDaCH.ltrans1.ltrans.o
                0x0800331c                EXTI_ONOFF_EN
 .text.Resume   0x08003370       0x88 /tmp/cc3cDaCH.ltrans1.ltrans.o
                0x08003370                Resume
 .text.switch_leds_on
                0x080033f8       0x20 /tmp/cc3cDaCH.ltrans1.ltrans.o
                0x080033f8                switch_leds_on
 .text.switch_leds_off
                0x08003418       0x20 /tmp/cc3cDaCH.ltrans1.ltrans.o
                0x08003418                switch_leds_off
 .text.Gps_Send_Utf8
                0x08003438       0x1a /tmp/cc3cDaCH.ltrans1.ltrans.o
                0x08003438                Gps_Send_Utf8
 .text.Gps_Send_Str
                0x08003452       0x16 /tmp/cc3cDaCH.ltrans1.ltrans.o
                0x08003452                Gps_Send_Str
 .text.Usart3_Send_Str
                0x08003468       0x28 /tmp/cc3cDaCH.ltrans1.ltrans.o
                0x08003468                Usart3_Send_Str
 .text.SP1ML_assign_addr.part.1.5882
                0x08003490       0x38 /tmp/cc3cDaCH.ltrans1.ltrans.o
                0x08003490                SP1ML_assign_addr.part.1.5882
 .text.shutdown
                0x080034c8       0x10 /tmp/cc3cDaCH.ltrans1.ltrans.o
                0x080034c8                shutdown
 .text.set_rtc_correction
                0x080034d8       0x4c /tmp/cc3cDaCH.ltrans1.ltrans.o
                0x080034d8                set_rtc_correction
 .text.my_RTC_SetCounter
                0x08003524       0x22 /tmp/cc3cDaCH.ltrans1.ltrans.o
                0x08003524                my_RTC_SetCounter
 .text.update_rtc_timestamp
                0x08003546       0x26 /tmp/cc3cDaCH.ltrans1.ltrans.o
                0x08003546                update_rtc_timestamp
 .text.I2C1_Request_Job
                0x0800356c       0x80 /tmp/cc3cDaCH.ltrans1.ltrans.o
                0x0800356c                I2C1_Request_Job
 .text.rprintf2RamRom
                0x080035ec      0x404 /tmp/cc3cDaCH.ltrans1.ltrans.o
                0x080035ec                rprintf2RamRom
 .text.validate.5014
                0x080039f0       0x2c /tmp/cc3cDaCH.ltrans1.ltrans.o
                0x080039f0                validate.5014
 .text.counter_to_struct.5286
                0x08003a1c       0xa8 /tmp/cc3cDaCH.ltrans1.ltrans.o
                0x08003a1c                counter_to_struct.5286
 .text.isDST.5268
                0x08003ac4       0x2a /tmp/cc3cDaCH.ltrans1.ltrans.o
                0x08003ac4                isDST.5268
 *fill*         0x08003aee        0x2 00
 .text.rtc_gettime
                0x08003af0       0x74 /tmp/cc3cDaCH.ltrans1.ltrans.o
                0x08003af0                rtc_gettime
 .text.get_fattime
                0x08003b64       0x40 /tmp/cc3cDaCH.ltrans1.ltrans.o
                0x08003b64                get_fattime
 .text.clust2sect
                0x08003ba4       0x18 /tmp/cc3cDaCH.ltrans1.ltrans.o
                0x08003ba4                clust2sect
 .text.sum_sfn.4975
                0x08003bbc       0x1e /tmp/cc3cDaCH.ltrans1.ltrans.o
                0x08003bbc                sum_sfn.4975
 .text.mem_cpy.4945
                0x08003bda       0x12 /tmp/cc3cDaCH.ltrans1.ltrans.o
                0x08003bda                mem_cpy.4945
 .text.ff_convert.part.0.4877
                0x08003bec       0x24 /tmp/cc3cDaCH.ltrans1.ltrans.o
                0x08003bec                ff_convert.part.0.4877
 .text.Delay    0x08003c10       0x18 /tmp/cc3cDaCH.ltrans1.ltrans.o
                0x08003c10                Delay
 .text.ads1298_busy_wait_command
                0x08003c28       0x4c /tmp/cc3cDaCH.ltrans1.ltrans.o
                0x08003c28                ads1298_busy_wait_command
 .text.ads1298_busy_wait_write
                0x08003c74       0x88 /tmp/cc3cDaCH.ltrans1.ltrans.o
                0x08003c74                ads1298_busy_wait_write
 .text.red_flash
                0x08003cfc       0x2c /tmp/cc3cDaCH.ltrans1.ltrans.o
                0x08003cfc                red_flash
 .text.Add_To_Buffer
                0x08003d28       0x4a /tmp/cc3cDaCH.ltrans1.ltrans.o
                0x08003d28                Add_To_Buffer
 *fill*         0x08003d72        0x2 00
 .text.__usart_send_char
                0x08003d74       0x50 /tmp/cc3cDaCH.ltrans1.ltrans.o
                0x08003d74                __usart_send_char
 .text.Usart_Send_Str
                0x08003dc4       0x16 /tmp/cc3cDaCH.ltrans1.ltrans.o
                0x08003dc4                Usart_Send_Str
 *fill*         0x08003dda        0x2 00
 .text.RN42_generate_packet
                0x08003ddc       0x64 /tmp/cc3cDaCH.ltrans1.ltrans.o
                0x08003ddc                RN42_generate_packet
 .text.__str_print_char
                0x08003e40       0x2c /tmp/cc3cDaCH.ltrans1.ltrans.o
                0x08003e40                __str_print_char
 .text.Get_From_Buffer
                0x08003e6c       0x4a /tmp/cc3cDaCH.ltrans1.ltrans.o
                0x08003e6c                Get_From_Buffer
 *fill*         0x08003eb6        0x2 00
 .text.SP1ML_command
                0x08003eb8       0xa4 /tmp/cc3cDaCH.ltrans1.ltrans.o
                0x08003eb8                SP1ML_command
 .text.SP1ML_rx_tx_data_processor
                0x08003f5c      0x1d4 /tmp/cc3cDaCH.ltrans1.ltrans.o
                0x08003f5c                SP1ML_rx_tx_data_processor
 .text.Bot_Abort.part.2.4258
                0x08004130       0x18 /tmp/cc3cDaCH.ltrans1.ltrans.o
                0x08004130                Bot_Abort.part.2.4258
 .text.Set_CSW  0x08004148       0x3c /tmp/cc3cDaCH.ltrans1.ltrans.o
                0x08004148                Set_CSW
 .text.Transfer_Data_Request
                0x08004184       0x34 /tmp/cc3cDaCH.ltrans1.ltrans.o
                0x08004184                Transfer_Data_Request
 .text.IntToUnicode.4023
                0x080041b8       0x2a /tmp/cc3cDaCH.ltrans1.ltrans.o
                0x080041b8                IntToUnicode.4023
 *fill*         0x080041e2        0x2 00
 .text.SCSI_Write10_Cmd.4071
                0x080041e4      0x14c /tmp/cc3cDaCH.ltrans2.ltrans.o
 .text.EP2_OUT_Callback.4009
                0x08004330      0x30c /tmp/cc3cDaCH.ltrans2.ltrans.o
 .text.dir_register.5127
                0x0800463c      0x24c /tmp/cc3cDaCH.ltrans2.ltrans.o
                0x0800463c                dir_register.5127
 .text.dir_read.5104
                0x08004888      0x104 /tmp/cc3cDaCH.ltrans2.ltrans.o
                0x08004888                dir_read.5104
 .text.disk_write
                0x0800498c       0xcc /tmp/cc3cDaCH.ltrans3.ltrans.o
                0x0800498c                disk_write
 .text.move_window.5004
                0x08004a58       0x76 /tmp/cc3cDaCH.ltrans3.ltrans.o
                0x08004a58                move_window.5004
 .text.get_fat  0x08004ace       0xca /tmp/cc3cDaCH.ltrans3.ltrans.o
                0x08004ace                get_fat
 .text.SCSI_Invalid_Cmd
                0x08004b98       0x3c /tmp/cc3cDaCH.ltrans3.ltrans.o
                0x08004b98                SCSI_Invalid_Cmd
 .text.SCSI_Address_Management
                0x08004bd4       0x74 /tmp/cc3cDaCH.ltrans3.ltrans.o
                0x08004bd4                SCSI_Address_Management
 .text.SCSI_Read10_Cmd
                0x08004c48       0x6c /tmp/cc3cDaCH.ltrans3.ltrans.o
                0x08004c48                SCSI_Read10_Cmd
 .text.EP1_IN_Callback.4107
                0x08004cb4       0x5c /tmp/cc3cDaCH.ltrans3.ltrans.o
 .text.disk_initialize
                0x08004d10      0x148 /tmp/cc3cDaCH.ltrans3.ltrans.o
                0x08004d10                disk_initialize
 .text.chk_mounted.5025
                0x08004e58      0x320 /tmp/cc3cDaCH.ltrans3.ltrans.o
                0x08004e58                chk_mounted.5025
 .text.Gps_DMA_Process
                0x08005178      0x1e0 /tmp/cc3cDaCH.ltrans3.ltrans.o
                0x08005178                Gps_DMA_Process
 .text.I2C1_EV_IRQHandler
                0x08005358      0x58c /tmp/cc3cDaCH.ltrans4.ltrans.o
                0x08005358                I2C1_EV_IRQHandler
 .text.file_preallocation_control
                0x080058e4       0x44 /tmp/cc3cDaCH.ltrans4.ltrans.o
                0x080058e4                file_preallocation_control
 .text.f_close  0x08005928        0xe /tmp/cc3cDaCH.ltrans4.ltrans.o
                0x08005928                f_close
 .text.wave_terminate.4094
                0x08005936       0xe4 /tmp/cc3cDaCH.ltrans4.ltrans.o
 *fill*         0x08005a1a        0x2 00
 .text.shutdown_filesystem
                0x08005a1c      0x368 /tmp/cc3cDaCH.ltrans4.ltrans.o
                0x08005a1c                shutdown_filesystem
 .text.put_fat  0x08005d84       0xf6 /tmp/cc3cDaCH.ltrans5.ltrans.o
                0x08005d84                put_fat
 .text.remove_chain.5117
                0x08005e7a       0x54 /tmp/cc3cDaCH.ltrans5.ltrans.o
                0x08005e7a                remove_chain.5117
 .text.create_chain.5083
                0x08005ece       0x9a /tmp/cc3cDaCH.ltrans5.ltrans.o
                0x08005ece                create_chain.5083
 .text.dir_next.5087
                0x08005f68       0xf4 /tmp/cc3cDaCH.ltrans5.ltrans.o
                0x08005f68                dir_next.5087
 .text.dir_find.part.4.5091
                0x0800605c      0x164 /tmp/cc3cDaCH.ltrans5.ltrans.o
                0x0800605c                dir_find.part.4.5091
 .text.f_lseek  0x080061c0      0x140 /tmp/cc3cDaCH.ltrans5.ltrans.o
                0x080061c0                f_lseek
 .text.f_write  0x08006300      0x19a /tmp/cc3cDaCH.ltrans5.ltrans.o
                0x08006300                f_write
 .text.write_wave_header
                0x0800649a       0xda /tmp/cc3cDaCH.ltrans5.ltrans.o
                0x0800649a                write_wave_header
 .text.write_wave_samples
                0x08006574       0xaa /tmp/cc3cDaCH.ltrans5.ltrans.o
                0x08006574                write_wave_samples
 *fill*         0x0800661e        0x2 00
 .text.__fat_print_char
                0x08006620       0x1c /tmp/cc3cDaCH.ltrans5.ltrans.o
                0x08006620                __fat_print_char
 .text.dir_sdi.5051
                0x0800663c       0x84 /tmp/cc3cDaCH.ltrans5.ltrans.o
                0x0800663c                dir_sdi.5051
 .text.Mass_Storage_ClearFeature.4013
                0x080066c0       0x18 /tmp/cc3cDaCH.ltrans6.ltrans.o
 .text.MASS_init
                0x080066d8       0x70 /tmp/cc3cDaCH.ltrans6.ltrans.o
                0x080066d8                MASS_init
 .text.__sp1ml_send_char.4084
                0x08006748       0x40 /tmp/cc3cDaCH.ltrans6.ltrans.o
 .text.SP1ML_generate_packet
                0x08006788       0xa8 /tmp/cc3cDaCH.ltrans6.ltrans.o
                0x08006788                SP1ML_generate_packet
 .text.stm32_dma_transfer.5379.4180
                0x08006830       0xc8 /tmp/cc3cDaCH.ltrans6.ltrans.o
 .text.aligndata.constprop.25
                0x080068f8       0x44 /tmp/cc3cDaCH.ltrans6.ltrans.o
                0x080068f8                aligndata.constprop.25
 .text.ADC_Configuration
                0x0800693c      0x10c /tmp/cc3cDaCH.ltrans6.ltrans.o
                0x0800693c                ADC_Configuration
 .text.USART2_reconf.constprop.8
                0x08006a48       0x50 /tmp/cc3cDaCH.ltrans6.ltrans.o
                0x08006a48                USART2_reconf.constprop.8
 .text.ads1298_wct_config.constprop.6
                0x08006a98       0xdc /tmp/cc3cDaCH.ltrans6.ltrans.o
                0x08006a98                ads1298_wct_config.constprop.6
 .text.ads1298_spi_dma_transaction
                0x08006b74       0xe4 /tmp/cc3cDaCH.ltrans6.ltrans.o
                0x08006b74                ads1298_spi_dma_transaction
 .text.rcvr_datablock
                0x08006c58       0x54 /tmp/cc3cDaCH.ltrans6.ltrans.o
                0x08006c58                rcvr_datablock
 .text.xmit_datablock.part.1.5384
                0x08006cac       0x30 /tmp/cc3cDaCH.ltrans6.ltrans.o
                0x08006cac                xmit_datablock.part.1.5384
 .text.power_on.5370
                0x08006cdc       0xec /tmp/cc3cDaCH.ltrans6.ltrans.o
                0x08006cdc                power_on.5370
 .text.release_spi
                0x08006dc8       0x18 /tmp/cc3cDaCH.ltrans6.ltrans.o
                0x08006dc8                release_spi
 .text.wait_ready.5377
                0x08006de0       0x24 /tmp/cc3cDaCH.ltrans6.ltrans.o
                0x08006de0                wait_ready.5377
 .text.send_cmd
                0x08006e04       0x8c /tmp/cc3cDaCH.ltrans6.ltrans.o
                0x08006e04                send_cmd
 .text.disk_read
                0x08006e90       0xa0 /tmp/cc3cDaCH.ltrans6.ltrans.o
                0x08006e90                disk_read
 .text.Read_Memory
                0x08006f30      0x158 /tmp/cc3cDaCH.ltrans6.ltrans.o
                0x08006f30                Read_Memory
 .text.check_fs.5021
                0x08007088       0x88 /tmp/cc3cDaCH.ltrans6.ltrans.o
                0x08007088                check_fs.5021
 .text.MASS_Data_Setup
                0x08007110       0x38 /tmp/cc3cDaCH.ltrans7.ltrans.o
                0x08007110                MASS_Data_Setup
 .text.get_fileinfo.4996
                0x08007148       0xf0 /tmp/cc3cDaCH.ltrans7.ltrans.o
                0x08007148                get_fileinfo.4996
 .text.Get_UBX_Ack.constprop.9
                0x08007238       0xd0 /tmp/cc3cDaCH.ltrans7.ltrans.o
                0x08007238                Get_UBX_Ack.constprop.9
 .text.ads1298_setup.constprop.5
                0x08007308      0x370 /tmp/cc3cDaCH.ltrans7.ltrans.o
                0x08007308                ads1298_setup.constprop.5
 .text.I2C_Config
                0x08007678      0x1f4 /tmp/cc3cDaCH.ltrans7.ltrans.o
                0x08007678                I2C_Config
 .text.MAL_GetStatus
                0x0800786c       0xdc /tmp/cc3cDaCH.ltrans7.ltrans.o
                0x0800786c                MAL_GetStatus
 .text.sync.5008
                0x08007948       0xd8 /tmp/cc3cDaCH.ltrans8.ltrans.o
                0x08007948                sync.5008
 .text.f_sync   0x08007a20       0xac /tmp/cc3cDaCH.ltrans8.ltrans.o
                0x08007a20                f_sync
 .text.follow_path.5097
                0x08007acc      0x2c8 /tmp/cc3cDaCH.ltrans8.ltrans.o
                0x08007acc                follow_path.5097
 .text.f_open   0x08007d94      0x158 /tmp/cc3cDaCH.ltrans8.ltrans.o
                0x08007d94                f_open
 .text.EXTI9_5_IRQHandler
                0x08007eec       0x2c /tmp/cc3cDaCH.ltrans9.ltrans.o
                0x08007eec                EXTI9_5_IRQHandler
 .text.DMA1_Channel4_IRQHandler
                0x08007f18      0x988 /tmp/cc3cDaCH.ltrans9.ltrans.o
                0x08007f18                DMA1_Channel4_IRQHandler
 .text.USART3_IRQHandler
                0x080088a0       0xbc /tmp/cc3cDaCH.ltrans9.ltrans.o
                0x080088a0                USART3_IRQHandler
 .text.USART1_IRQHandler
                0x0800895c       0x90 /tmp/cc3cDaCH.ltrans9.ltrans.o
                0x0800895c                USART1_IRQHandler
 .text.USB_LP_CAN1_RX0_IRQHandler
                0x080089ec      0x120 /tmp/cc3cDaCH.ltrans10.ltrans.o
                0x080089ec                USB_LP_CAN1_RX0_IRQHandler
 .text.USB_HP_CAN1_TX_IRQHandler
                0x08008b0c        0x4 /tmp/cc3cDaCH.ltrans10.ltrans.o
                0x08008b0c                USB_HP_CAN1_TX_IRQHandler
 .text.SysTick_Handler
                0x08008b10      0x180 /tmp/cc3cDaCH.ltrans10.ltrans.o
                0x08008b10                SysTick_Handler
 .text.EXTI15_10_IRQHandler
                0x08008c90       0x64 /tmp/cc3cDaCH.ltrans10.ltrans.o
                0x08008c90                EXTI15_10_IRQHandler
 .text.ADC1_2_IRQHandler
                0x08008cf4       0x70 /tmp/cc3cDaCH.ltrans10.ltrans.o
                0x08008cf4                ADC1_2_IRQHandler
 .text.EXTI0_IRQHandler
                0x08008d64       0x7c /tmp/cc3cDaCH.ltrans10.ltrans.o
                0x08008d64                EXTI0_IRQHandler
 .text.I2C1_ER_IRQHandler
                0x08008de0      0x13c /tmp/cc3cDaCH.ltrans10.ltrans.o
                0x08008de0                I2C1_ER_IRQHandler
 .text.malloc   0x08008f1c       0x10 /home/laurence/ARM-GCC/bin/../lib/gcc/arm-none-eabi/4.7.4/../../../../arm-none-eabi/lib/armv7-m/libc.a(lib_a-malloc.o)
                0x08008f1c                malloc
 .text._malloc_r
                0x08008f2c      0x530 /home/laurence/ARM-GCC/bin/../lib/gcc/arm-none-eabi/4.7.4/../../../../arm-none-eabi/lib/armv7-m/libc.a(lib_a-mallocr.o)
                0x08008f2c                _malloc_r
 .text.memcmp   0x0800945c       0xb8 /home/laurence/ARM-GCC/bin/../lib/gcc/arm-none-eabi/4.7.4/../../../../arm-none-eabi/lib/armv7-m/libc.a(lib_a-memcmp.o)
                0x0800945c                memcmp
 .text.memcpy   0x08009514      0x15c /home/laurence/ARM-GCC/bin/../lib/gcc/arm-none-eabi/4.7.4/../../../../arm-none-eabi/lib/armv7-m/libc.a(lib_a-memcpy.o)
                0x08009514                memcpy
 .text.__malloc_lock
                0x08009670        0x4 /home/laurence/ARM-GCC/bin/../lib/gcc/arm-none-eabi/4.7.4/../../../../arm-none-eabi/lib/armv7-m/libc.a(lib_a-mlock.o)
                0x08009670                __malloc_lock
 .text.__malloc_unlock
                0x08009674        0x4 /home/laurence/ARM-GCC/bin/../lib/gcc/arm-none-eabi/4.7.4/../../../../arm-none-eabi/lib/armv7-m/libc.a(lib_a-mlock.o)
                0x08009674                __malloc_unlock
 .text._sbrk_r  0x08009678       0x24 /home/laurence/ARM-GCC/bin/../lib/gcc/arm-none-eabi/4.7.4/../../../../arm-none-eabi/lib/armv7-m/libc.a(lib_a-sbrkr.o)
                0x08009678                _sbrk_r
 .text.strcat   0x0800969c       0x4c /home/laurence/ARM-GCC/bin/../lib/gcc/arm-none-eabi/4.7.4/../../../../arm-none-eabi/lib/armv7-m/libc.a(lib_a-strcat.o)
                0x0800969c                strcat
 .text.strcpy   0x080096e8       0xbc /home/laurence/ARM-GCC/bin/../lib/gcc/arm-none-eabi/4.7.4/../../../../arm-none-eabi/lib/armv7-m/libc.a(lib_a-strcpy.o)
                0x080096e8                strcpy
 .text.strlen   0x080097a4       0x60 /home/laurence/ARM-GCC/bin/../lib/gcc/arm-none-eabi/4.7.4/../../../../arm-none-eabi/lib/armv7-m/libc.a(lib_a-strlen.o)
                0x080097a4                strlen
 .text._malloc_trim_r
                0x08009804       0x98 /home/laurence/ARM-GCC/bin/../lib/gcc/arm-none-eabi/4.7.4/../../../../arm-none-eabi/lib/armv7-m/libc.a(lib_a-freer.o)
                0x08009804                _malloc_trim_r
 .text._free_r  0x0800989c      0x194 /home/laurence/ARM-GCC/bin/../lib/gcc/arm-none-eabi/4.7.4/../../../../arm-none-eabi/lib/armv7-m/libc.a(lib_a-freer.o)
                0x0800989c                _free_r
 .text.Reset_Handler
                0x08009a30       0x48 lib/CMSIS_CM3/startup/gcc/startup_stm32f10x_md.o
                0x08009a30                Reset_Handler
 .text.Default_Handler
                0x08009a78        0x4 lib/CMSIS_CM3/startup/gcc/startup_stm32f10x_md.o
                0x08009a78                EXTI2_IRQHandler
                0x08009a78                DebugMon_Handler
                0x08009a78                TIM1_CC_IRQHandler
                0x08009a78                HardFault_Handler
                0x08009a78                PVD_IRQHandler
                0x08009a78                PendSV_Handler
                0x08009a78                NMI_Handler
                0x08009a78                EXTI3_IRQHandler
                0x08009a78                I2C2_EV_IRQHandler
                0x08009a78                UsageFault_Handler
                0x08009a78                SPI1_IRQHandler
                0x08009a78                TAMPER_IRQHandler
                0x08009a78                RTC_IRQHandler
                0x08009a78                DMA1_Channel7_IRQHandler
                0x08009a78                CAN1_RX1_IRQHandler
                0x08009a78                TIM4_IRQHandler
                0x08009a78                DMA1_Channel6_IRQHandler
                0x08009a78                TIM3_IRQHandler
                0x08009a78                RCC_IRQHandler
                0x08009a78                TIM1_TRG_COM_IRQHandler
                0x08009a78                DMA1_Channel1_IRQHandler
                0x08009a78                Default_Handler
                0x08009a78                SPI2_IRQHandler
                0x08009a78                MemManage_Handler
                0x08009a78                SVC_Handler
                0x08009a78                DMA1_Channel5_IRQHandler
                0x08009a78                EXTI4_IRQHandler
                0x08009a78                DMA1_Channel3_IRQHandler
                0x08009a78                TIM1_UP_IRQHandler
                0x08009a78                WWDG_IRQHandler
                0x08009a78                TIM2_IRQHandler
                0x08009a78                TIM1_BRK_IRQHandler
                0x08009a78                EXTI1_IRQHandler
                0x08009a78                RTCAlarm_IRQHandler
                0x08009a78                USART2_IRQHandler
                0x08009a78                I2C2_ER_IRQHandler
                0x08009a78                DMA1_Channel2_IRQHandler
                0x08009a78                CAN1_SCE_IRQHandler
                0x08009a78                FLASH_IRQHandler
                0x08009a78                BusFault_Handler
                0x08009a78                USBWakeUp_IRQHandler
 .text.NVIC_PriorityGroupConfig
                0x08009a7c       0x14 lib/STM32F10x_StdPeriph_Driver/libstm32fw.a(misc.o)
                0x08009a7c                NVIC_PriorityGroupConfig
 .text.NVIC_Init
                0x08009a90       0x68 lib/STM32F10x_StdPeriph_Driver/libstm32fw.a(misc.o)
                0x08009a90                NVIC_Init
 .text.NVIC_SetVectorTable
                0x08009af8       0x14 lib/STM32F10x_StdPeriph_Driver/libstm32fw.a(misc.o)
                0x08009af8                NVIC_SetVectorTable
 .text.SysTick_CLKSourceConfig
                0x08009b0c       0x18 lib/STM32F10x_StdPeriph_Driver/libstm32fw.a(misc.o)
                0x08009b0c                SysTick_CLKSourceConfig
 .text.ADC_DeInit
                0x08009b24       0x5c lib/STM32F10x_StdPeriph_Driver/libstm32fw.a(stm32f10x_adc.o)
                0x08009b24                ADC_DeInit
 .text.ADC_Init
                0x08009b80       0x48 lib/STM32F10x_StdPeriph_Driver/libstm32fw.a(stm32f10x_adc.o)
                0x08009b80                ADC_Init
 .text.ADC_Cmd  0x08009bc8       0x12 lib/STM32F10x_StdPeriph_Driver/libstm32fw.a(stm32f10x_adc.o)
                0x08009bc8                ADC_Cmd
 .text.ADC_ITConfig
                0x08009bda       0x12 lib/STM32F10x_StdPeriph_Driver/libstm32fw.a(stm32f10x_adc.o)
                0x08009bda                ADC_ITConfig
 .text.ADC_ResetCalibration
                0x08009bec        0xa lib/STM32F10x_StdPeriph_Driver/libstm32fw.a(stm32f10x_adc.o)
                0x08009bec                ADC_ResetCalibration
 .text.ADC_GetResetCalibrationStatus
                0x08009bf6        0x8 lib/STM32F10x_StdPeriph_Driver/libstm32fw.a(stm32f10x_adc.o)
                0x08009bf6                ADC_GetResetCalibrationStatus
 .text.ADC_StartCalibration
                0x08009bfe        0xa lib/STM32F10x_StdPeriph_Driver/libstm32fw.a(stm32f10x_adc.o)
                0x08009bfe                ADC_StartCalibration
 .text.ADC_GetCalibrationStatus
                0x08009c08        0x8 lib/STM32F10x_StdPeriph_Driver/libstm32fw.a(stm32f10x_adc.o)
                0x08009c08                ADC_GetCalibrationStatus
 .text.ADC_SoftwareStartConvCmd
                0x08009c10       0x12 lib/STM32F10x_StdPeriph_Driver/libstm32fw.a(stm32f10x_adc.o)
                0x08009c10                ADC_SoftwareStartConvCmd
 .text.ADC_RegularChannelConfig
                0x08009c22       0x9a lib/STM32F10x_StdPeriph_Driver/libstm32fw.a(stm32f10x_adc.o)
                0x08009c22                ADC_RegularChannelConfig
 .text.ADC_GetConversionValue
                0x08009cbc        0x6 lib/STM32F10x_StdPeriph_Driver/libstm32fw.a(stm32f10x_adc.o)
                0x08009cbc                ADC_GetConversionValue
 .text.ADC_ExternalTrigInjectedConvConfig
                0x08009cc2        0xc lib/STM32F10x_StdPeriph_Driver/libstm32fw.a(stm32f10x_adc.o)
                0x08009cc2                ADC_ExternalTrigInjectedConvConfig
 .text.ADC_SoftwareStartInjectedConvCmd
                0x08009cce       0x12 lib/STM32F10x_StdPeriph_Driver/libstm32fw.a(stm32f10x_adc.o)
                0x08009cce                ADC_SoftwareStartInjectedConvCmd
 .text.ADC_InjectedChannelConfig
                0x08009ce0       0x60 lib/STM32F10x_StdPeriph_Driver/libstm32fw.a(stm32f10x_adc.o)
                0x08009ce0                ADC_InjectedChannelConfig
 .text.ADC_InjectedSequencerLengthConfig
                0x08009d40       0x10 lib/STM32F10x_StdPeriph_Driver/libstm32fw.a(stm32f10x_adc.o)
                0x08009d40                ADC_InjectedSequencerLengthConfig
 .text.ADC_GetInjectedConversionValue
                0x08009d50       0x1a lib/STM32F10x_StdPeriph_Driver/libstm32fw.a(stm32f10x_adc.o)
                0x08009d50                ADC_GetInjectedConversionValue
 .text.ADC_AnalogWatchdogCmd
                0x08009d6a       0x10 lib/STM32F10x_StdPeriph_Driver/libstm32fw.a(stm32f10x_adc.o)
                0x08009d6a                ADC_AnalogWatchdogCmd
 .text.ADC_AnalogWatchdogThresholdsConfig
                0x08009d7a        0x6 lib/STM32F10x_StdPeriph_Driver/libstm32fw.a(stm32f10x_adc.o)
                0x08009d7a                ADC_AnalogWatchdogThresholdsConfig
 .text.ADC_AnalogWatchdogSingleChannelConfig
                0x08009d80        0xc lib/STM32F10x_StdPeriph_Driver/libstm32fw.a(stm32f10x_adc.o)
                0x08009d80                ADC_AnalogWatchdogSingleChannelConfig
 .text.ADC_GetFlagStatus
                0x08009d8c        0xc lib/STM32F10x_StdPeriph_Driver/libstm32fw.a(stm32f10x_adc.o)
                0x08009d8c                ADC_GetFlagStatus
 .text.ADC_ClearFlag
                0x08009d98        0x6 lib/STM32F10x_StdPeriph_Driver/libstm32fw.a(stm32f10x_adc.o)
                0x08009d98                ADC_ClearFlag
 .text.ADC_GetITStatus
                0x08009d9e       0x16 lib/STM32F10x_StdPeriph_Driver/libstm32fw.a(stm32f10x_adc.o)
                0x08009d9e                ADC_GetITStatus
 .text.ADC_ClearITPendingBit
                0x08009db4        0x8 lib/STM32F10x_StdPeriph_Driver/libstm32fw.a(stm32f10x_adc.o)
                0x08009db4                ADC_ClearITPendingBit
 .text.BKP_DeInit
                0x08009dbc       0x12 lib/STM32F10x_StdPeriph_Driver/libstm32fw.a(stm32f10x_bkp.o)
                0x08009dbc                BKP_DeInit
 *fill*         0x08009dce        0x2 00
 .text.BKP_RTCOutputConfig
                0x08009dd0       0x18 lib/STM32F10x_StdPeriph_Driver/libstm32fw.a(stm32f10x_bkp.o)
                0x08009dd0                BKP_RTCOutputConfig
 .text.BKP_SetRTCCalibrationValue
                0x08009de8       0x18 lib/STM32F10x_StdPeriph_Driver/libstm32fw.a(stm32f10x_bkp.o)
                0x08009de8                BKP_SetRTCCalibrationValue
 .text.BKP_WriteBackupRegister
                0x08009e00       0x1c lib/STM32F10x_StdPeriph_Driver/libstm32fw.a(stm32f10x_bkp.o)
                0x08009e00                BKP_WriteBackupRegister
 .text.BKP_ReadBackupRegister
                0x08009e1c       0x20 lib/STM32F10x_StdPeriph_Driver/libstm32fw.a(stm32f10x_bkp.o)
                0x08009e1c                BKP_ReadBackupRegister
 .text.DBGMCU_Config
                0x08009e3c       0x18 lib/STM32F10x_StdPeriph_Driver/libstm32fw.a(stm32f10x_dbgmcu.o)
                0x08009e3c                DBGMCU_Config
 .text.DMA_DeInit
                0x08009e54       0xec lib/STM32F10x_StdPeriph_Driver/libstm32fw.a(stm32f10x_dma.o)
                0x08009e54                DMA_DeInit
 .text.DMA_Init
                0x08009f40       0x40 lib/STM32F10x_StdPeriph_Driver/libstm32fw.a(stm32f10x_dma.o)
                0x08009f40                DMA_Init
 .text.DMA_Cmd  0x08009f80       0x12 lib/STM32F10x_StdPeriph_Driver/libstm32fw.a(stm32f10x_dma.o)
                0x08009f80                DMA_Cmd
 .text.DMA_ITConfig
                0x08009f92       0x10 lib/STM32F10x_StdPeriph_Driver/libstm32fw.a(stm32f10x_dma.o)
                0x08009f92                DMA_ITConfig
 .text.DMA_GetCurrDataCounter
                0x08009fa2        0x6 lib/STM32F10x_StdPeriph_Driver/libstm32fw.a(stm32f10x_dma.o)
                0x08009fa2                DMA_GetCurrDataCounter
 .text.DMA_GetFlagStatus
                0x08009fa8       0x1c lib/STM32F10x_StdPeriph_Driver/libstm32fw.a(stm32f10x_dma.o)
                0x08009fa8                DMA_GetFlagStatus
 .text.DMA_ClearFlag
                0x08009fc4       0x14 lib/STM32F10x_StdPeriph_Driver/libstm32fw.a(stm32f10x_dma.o)
                0x08009fc4                DMA_ClearFlag
 .text.DMA_GetITStatus
                0x08009fd8       0x1c lib/STM32F10x_StdPeriph_Driver/libstm32fw.a(stm32f10x_dma.o)
                0x08009fd8                DMA_GetITStatus
 .text.DMA_ClearITPendingBit
                0x08009ff4       0x14 lib/STM32F10x_StdPeriph_Driver/libstm32fw.a(stm32f10x_dma.o)
                0x08009ff4                DMA_ClearITPendingBit
 .text.EXTI_DeInit
                0x0800a008       0x1c lib/STM32F10x_StdPeriph_Driver/libstm32fw.a(stm32f10x_exti.o)
                0x0800a008                EXTI_DeInit
 .text.EXTI_Init
                0x0800a024       0x88 lib/STM32F10x_StdPeriph_Driver/libstm32fw.a(stm32f10x_exti.o)
                0x0800a024                EXTI_Init
 .text.EXTI_GetITStatus
                0x0800a0ac       0x20 lib/STM32F10x_StdPeriph_Driver/libstm32fw.a(stm32f10x_exti.o)
                0x0800a0ac                EXTI_GetITStatus
 .text.EXTI_ClearITPendingBit
                0x0800a0cc        0xc lib/STM32F10x_StdPeriph_Driver/libstm32fw.a(stm32f10x_exti.o)
                0x0800a0cc                EXTI_ClearITPendingBit
 .text.GPIO_Init
                0x0800a0d8       0x9a lib/STM32F10x_StdPeriph_Driver/libstm32fw.a(stm32f10x_gpio.o)
                0x0800a0d8                GPIO_Init
 .text.GPIO_StructInit
                0x0800a172       0x10 lib/STM32F10x_StdPeriph_Driver/libstm32fw.a(stm32f10x_gpio.o)
                0x0800a172                GPIO_StructInit
 .text.GPIO_ReadInputDataBit
                0x0800a182        0xc lib/STM32F10x_StdPeriph_Driver/libstm32fw.a(stm32f10x_gpio.o)
                0x0800a182                GPIO_ReadInputDataBit
 .text.GPIO_SetBits
                0x0800a18e        0x4 lib/STM32F10x_StdPeriph_Driver/libstm32fw.a(stm32f10x_gpio.o)
                0x0800a18e                GPIO_SetBits
 .text.GPIO_ResetBits
                0x0800a192        0x4 lib/STM32F10x_StdPeriph_Driver/libstm32fw.a(stm32f10x_gpio.o)
                0x0800a192                GPIO_ResetBits
 .text.GPIO_WriteBit
                0x0800a196        0xa lib/STM32F10x_StdPeriph_Driver/libstm32fw.a(stm32f10x_gpio.o)
                0x0800a196                GPIO_WriteBit
 .text.GPIO_PinRemapConfig
                0x0800a1a0       0x58 lib/STM32F10x_StdPeriph_Driver/libstm32fw.a(stm32f10x_gpio.o)
                0x0800a1a0                GPIO_PinRemapConfig
 .text.GPIO_EXTILineConfig
                0x0800a1f8       0x34 lib/STM32F10x_StdPeriph_Driver/libstm32fw.a(stm32f10x_gpio.o)
                0x0800a1f8                GPIO_EXTILineConfig
 .text.I2C_DeInit
                0x0800a22c       0x34 lib/STM32F10x_StdPeriph_Driver/libstm32fw.a(stm32f10x_i2c.o)
                0x0800a22c                I2C_DeInit
 .text.I2C_Init
                0x0800a260       0xd4 lib/STM32F10x_StdPeriph_Driver/libstm32fw.a(stm32f10x_i2c.o)
                0x0800a260                I2C_Init
 .text.I2C_Cmd  0x0800a334       0x18 lib/STM32F10x_StdPeriph_Driver/libstm32fw.a(stm32f10x_i2c.o)
                0x0800a334                I2C_Cmd
 .text.I2C_GenerateSTART
                0x0800a34c       0x18 lib/STM32F10x_StdPeriph_Driver/libstm32fw.a(stm32f10x_i2c.o)
                0x0800a34c                I2C_GenerateSTART
 .text.I2C_GenerateSTOP
                0x0800a364       0x18 lib/STM32F10x_StdPeriph_Driver/libstm32fw.a(stm32f10x_i2c.o)
                0x0800a364                I2C_GenerateSTOP
 .text.I2C_AcknowledgeConfig
                0x0800a37c       0x18 lib/STM32F10x_StdPeriph_Driver/libstm32fw.a(stm32f10x_i2c.o)
                0x0800a37c                I2C_AcknowledgeConfig
 .text.I2C_ITConfig
                0x0800a394       0x12 lib/STM32F10x_StdPeriph_Driver/libstm32fw.a(stm32f10x_i2c.o)
                0x0800a394                I2C_ITConfig
 .text.I2C_SendData
                0x0800a3a6        0x4 lib/STM32F10x_StdPeriph_Driver/libstm32fw.a(stm32f10x_i2c.o)
                0x0800a3a6                I2C_SendData
 .text.I2C_ReceiveData
                0x0800a3aa        0x6 lib/STM32F10x_StdPeriph_Driver/libstm32fw.a(stm32f10x_i2c.o)
                0x0800a3aa                I2C_ReceiveData
 .text.I2C_Send7bitAddress
                0x0800a3b0       0x10 lib/STM32F10x_StdPeriph_Driver/libstm32fw.a(stm32f10x_i2c.o)
                0x0800a3b0                I2C_Send7bitAddress
 .text.I2C_SoftwareResetCmd
                0x0800a3c0       0x18 lib/STM32F10x_StdPeriph_Driver/libstm32fw.a(stm32f10x_i2c.o)
                0x0800a3c0                I2C_SoftwareResetCmd
 .text.IWDG_WriteAccessCmd
                0x0800a3d8        0xc lib/STM32F10x_StdPeriph_Driver/libstm32fw.a(stm32f10x_iwdg.o)
                0x0800a3d8                IWDG_WriteAccessCmd
 .text.IWDG_SetPrescaler
                0x0800a3e4        0xc lib/STM32F10x_StdPeriph_Driver/libstm32fw.a(stm32f10x_iwdg.o)
                0x0800a3e4                IWDG_SetPrescaler
 .text.IWDG_SetReload
                0x0800a3f0        0xc lib/STM32F10x_StdPeriph_Driver/libstm32fw.a(stm32f10x_iwdg.o)
                0x0800a3f0                IWDG_SetReload
 .text.IWDG_ReloadCounter
                0x0800a3fc       0x10 lib/STM32F10x_StdPeriph_Driver/libstm32fw.a(stm32f10x_iwdg.o)
                0x0800a3fc                IWDG_ReloadCounter
 .text.IWDG_Enable
                0x0800a40c       0x10 lib/STM32F10x_StdPeriph_Driver/libstm32fw.a(stm32f10x_iwdg.o)
                0x0800a40c                IWDG_Enable
 .text.PWR_DeInit
                0x0800a41c       0x1a lib/STM32F10x_StdPeriph_Driver/libstm32fw.a(stm32f10x_pwr.o)
                0x0800a41c                PWR_DeInit
 *fill*         0x0800a436        0x2 00
 .text.PWR_BackupAccessCmd
                0x0800a438        0xc lib/STM32F10x_StdPeriph_Driver/libstm32fw.a(stm32f10x_pwr.o)
                0x0800a438                PWR_BackupAccessCmd
 .text.PWR_WakeUpPinCmd
                0x0800a444        0xc lib/STM32F10x_StdPeriph_Driver/libstm32fw.a(stm32f10x_pwr.o)
                0x0800a444                PWR_WakeUpPinCmd
 .text.PWR_EnterSTANDBYMode
                0x0800a450       0x28 lib/STM32F10x_StdPeriph_Driver/libstm32fw.a(stm32f10x_pwr.o)
                0x0800a450                PWR_EnterSTANDBYMode
 .text.RCC_HCLKConfig
                0x0800a478       0x14 lib/STM32F10x_StdPeriph_Driver/libstm32fw.a(stm32f10x_rcc.o)
                0x0800a478                RCC_HCLKConfig
 .text.RCC_USBCLKConfig
                0x0800a48c        0xc lib/STM32F10x_StdPeriph_Driver/libstm32fw.a(stm32f10x_rcc.o)
                0x0800a48c                RCC_USBCLKConfig
 .text.RCC_ADCCLKConfig
                0x0800a498       0x14 lib/STM32F10x_StdPeriph_Driver/libstm32fw.a(stm32f10x_rcc.o)
                0x0800a498                RCC_ADCCLKConfig
 .text.RCC_LSEConfig
                0x0800a4ac       0x20 lib/STM32F10x_StdPeriph_Driver/libstm32fw.a(stm32f10x_rcc.o)
                0x0800a4ac                RCC_LSEConfig
 .text.RCC_RTCCLKConfig
                0x0800a4cc       0x10 lib/STM32F10x_StdPeriph_Driver/libstm32fw.a(stm32f10x_rcc.o)
                0x0800a4cc                RCC_RTCCLKConfig
 .text.RCC_RTCCLKCmd
                0x0800a4dc        0xc lib/STM32F10x_StdPeriph_Driver/libstm32fw.a(stm32f10x_rcc.o)
                0x0800a4dc                RCC_RTCCLKCmd
 .text.RCC_GetClocksFreq
                0x0800a4e8       0x9c lib/STM32F10x_StdPeriph_Driver/libstm32fw.a(stm32f10x_rcc.o)
                0x0800a4e8                RCC_GetClocksFreq
 .text.RCC_AHBPeriphClockCmd
                0x0800a584       0x18 lib/STM32F10x_StdPeriph_Driver/libstm32fw.a(stm32f10x_rcc.o)
                0x0800a584                RCC_AHBPeriphClockCmd
 .text.RCC_APB2PeriphClockCmd
                0x0800a59c       0x18 lib/STM32F10x_StdPeriph_Driver/libstm32fw.a(stm32f10x_rcc.o)
                0x0800a59c                RCC_APB2PeriphClockCmd
 .text.RCC_APB1PeriphClockCmd
                0x0800a5b4       0x18 lib/STM32F10x_StdPeriph_Driver/libstm32fw.a(stm32f10x_rcc.o)
                0x0800a5b4                RCC_APB1PeriphClockCmd
 .text.RCC_APB2PeriphResetCmd
                0x0800a5cc       0x18 lib/STM32F10x_StdPeriph_Driver/libstm32fw.a(stm32f10x_rcc.o)
                0x0800a5cc                RCC_APB2PeriphResetCmd
 .text.RCC_APB1PeriphResetCmd
                0x0800a5e4       0x18 lib/STM32F10x_StdPeriph_Driver/libstm32fw.a(stm32f10x_rcc.o)
                0x0800a5e4                RCC_APB1PeriphResetCmd
 .text.RCC_BackupResetCmd
                0x0800a5fc        0xc lib/STM32F10x_StdPeriph_Driver/libstm32fw.a(stm32f10x_rcc.o)
                0x0800a5fc                RCC_BackupResetCmd
 .text.RCC_GetFlagStatus
                0x0800a608       0x28 lib/STM32F10x_StdPeriph_Driver/libstm32fw.a(stm32f10x_rcc.o)
                0x0800a608                RCC_GetFlagStatus
 .text.RTC_EnterConfigMode
                0x0800a630       0x14 lib/STM32F10x_StdPeriph_Driver/libstm32fw.a(stm32f10x_rtc.o)
                0x0800a630                RTC_EnterConfigMode
 .text.RTC_ExitConfigMode
                0x0800a644       0x14 lib/STM32F10x_StdPeriph_Driver/libstm32fw.a(stm32f10x_rtc.o)
                0x0800a644                RTC_ExitConfigMode
 .text.RTC_GetCounter
                0x0800a658       0x14 lib/STM32F10x_StdPeriph_Driver/libstm32fw.a(stm32f10x_rtc.o)
                0x0800a658                RTC_GetCounter
 .text.RTC_SetCounter
                0x0800a66c       0x20 lib/STM32F10x_StdPeriph_Driver/libstm32fw.a(stm32f10x_rtc.o)
                0x0800a66c                RTC_SetCounter
 .text.RTC_SetPrescaler
                0x0800a68c       0x20 lib/STM32F10x_StdPeriph_Driver/libstm32fw.a(stm32f10x_rtc.o)
                0x0800a68c                RTC_SetPrescaler
 .text.RTC_WaitForLastTask
                0x0800a6ac       0x14 lib/STM32F10x_StdPeriph_Driver/libstm32fw.a(stm32f10x_rtc.o)
                0x0800a6ac                RTC_WaitForLastTask
 .text.RTC_WaitForSynchro
                0x0800a6c0       0x24 lib/STM32F10x_StdPeriph_Driver/libstm32fw.a(stm32f10x_rtc.o)
                0x0800a6c0                RTC_WaitForSynchro
 .text.SPI_Init
                0x0800a6e4       0x3e lib/STM32F10x_StdPeriph_Driver/libstm32fw.a(stm32f10x_spi.o)
                0x0800a6e4                SPI_Init
 .text.SPI_StructInit
                0x0800a722       0x18 lib/STM32F10x_StdPeriph_Driver/libstm32fw.a(stm32f10x_spi.o)
                0x0800a722                SPI_StructInit
 .text.SPI_Cmd  0x0800a73a       0x18 lib/STM32F10x_StdPeriph_Driver/libstm32fw.a(stm32f10x_spi.o)
                0x0800a73a                SPI_Cmd
 .text.SPI_I2S_DMACmd
                0x0800a752       0x12 lib/STM32F10x_StdPeriph_Driver/libstm32fw.a(stm32f10x_spi.o)
                0x0800a752                SPI_I2S_DMACmd
 .text.SPI_I2S_SendData
                0x0800a764        0x4 lib/STM32F10x_StdPeriph_Driver/libstm32fw.a(stm32f10x_spi.o)
                0x0800a764                SPI_I2S_SendData
 .text.SPI_I2S_ReceiveData
                0x0800a768        0x6 lib/STM32F10x_StdPeriph_Driver/libstm32fw.a(stm32f10x_spi.o)
                0x0800a768                SPI_I2S_ReceiveData
 .text.SPI_CalculateCRC
                0x0800a76e       0x18 lib/STM32F10x_StdPeriph_Driver/libstm32fw.a(stm32f10x_spi.o)
                0x0800a76e                SPI_CalculateCRC
 .text.SPI_I2S_GetFlagStatus
                0x0800a786        0xc lib/STM32F10x_StdPeriph_Driver/libstm32fw.a(stm32f10x_spi.o)
                0x0800a786                SPI_I2S_GetFlagStatus
 *fill*         0x0800a792        0x2 00
 .text.TIM_DeInit
                0x0800a794       0xc8 lib/STM32F10x_StdPeriph_Driver/libstm32fw.a(stm32f10x_tim.o)
                0x0800a794                TIM_DeInit
 .text.TIM_TimeBaseInit
                0x0800a85c       0x3c lib/STM32F10x_StdPeriph_Driver/libstm32fw.a(stm32f10x_tim.o)
                0x0800a85c                TIM_TimeBaseInit
 .text.TIM_OC4Init
                0x0800a898       0x68 lib/STM32F10x_StdPeriph_Driver/libstm32fw.a(stm32f10x_tim.o)
                0x0800a898                TIM_OC4Init
 .text.TIM_Cmd  0x0800a900       0x18 lib/STM32F10x_StdPeriph_Driver/libstm32fw.a(stm32f10x_tim.o)
                0x0800a900                TIM_Cmd
 .text.TIM_OC4PreloadConfig
                0x0800a918       0x14 lib/STM32F10x_StdPeriph_Driver/libstm32fw.a(stm32f10x_tim.o)
                0x0800a918                TIM_OC4PreloadConfig
 .text.USART_DeInit
                0x0800a92c       0x98 lib/STM32F10x_StdPeriph_Driver/libstm32fw.a(stm32f10x_usart.o)
                0x0800a92c                USART_DeInit
 .text.USART_Init
                0x0800a9c4       0x88 lib/STM32F10x_StdPeriph_Driver/libstm32fw.a(stm32f10x_usart.o)
                0x0800a9c4                USART_Init
 .text.USART_Cmd
                0x0800aa4c       0x18 lib/STM32F10x_StdPeriph_Driver/libstm32fw.a(stm32f10x_usart.o)
                0x0800aa4c                USART_Cmd
 .text.USART_ITConfig
                0x0800aa64       0x34 lib/STM32F10x_StdPeriph_Driver/libstm32fw.a(stm32f10x_usart.o)
                0x0800aa64                USART_ITConfig
 .text.USART_DMACmd
                0x0800aa98       0x12 lib/STM32F10x_StdPeriph_Driver/libstm32fw.a(stm32f10x_usart.o)
                0x0800aa98                USART_DMACmd
 .text.USART_SendData
                0x0800aaaa        0x8 lib/STM32F10x_StdPeriph_Driver/libstm32fw.a(stm32f10x_usart.o)
                0x0800aaaa                USART_SendData
 .text.USART_ReceiveData
                0x0800aab2        0x8 lib/STM32F10x_StdPeriph_Driver/libstm32fw.a(stm32f10x_usart.o)
                0x0800aab2                USART_ReceiveData
 .text.USART_GetFlagStatus
                0x0800aaba        0xc lib/STM32F10x_StdPeriph_Driver/libstm32fw.a(stm32f10x_usart.o)
                0x0800aaba                USART_GetFlagStatus
 .text.USART_GetITStatus
                0x0800aac6       0x40 lib/STM32F10x_StdPeriph_Driver/libstm32fw.a(stm32f10x_usart.o)
                0x0800aac6                USART_GetITStatus
 .text.USART_ClearITPendingBit
                0x0800ab06       0x10 lib/STM32F10x_StdPeriph_Driver/libstm32fw.a(stm32f10x_usart.o)
                0x0800ab06                USART_ClearITPendingBit
 *fill*         0x0800ab16        0x2 00
 .text.Standard_GetConfiguration
                0x0800ab18       0x24 lib/STM32_USB-FS-Device_Driver/libstm32usb.a(usb_core.o)
                0x0800ab18                Standard_GetConfiguration
 .text.Standard_GetInterface
                0x0800ab3c       0x24 lib/STM32_USB-FS-Device_Driver/libstm32usb.a(usb_core.o)
                0x0800ab3c                Standard_GetInterface
 .text.Standard_GetStatus
                0x0800ab60       0x9c lib/STM32_USB-FS-Device_Driver/libstm32usb.a(usb_core.o)
                0x0800ab60                Standard_GetStatus
 .text.DataStageIn
                0x0800abfc       0xa4 lib/STM32_USB-FS-Device_Driver/libstm32usb.a(usb_core.o)
 .text.Standard_SetConfiguration
                0x0800aca0       0x38 lib/STM32_USB-FS-Device_Driver/libstm32usb.a(usb_core.o)
                0x0800aca0                Standard_SetConfiguration
 .text.Standard_SetInterface
                0x0800acd8       0x48 lib/STM32_USB-FS-Device_Driver/libstm32usb.a(usb_core.o)
                0x0800acd8                Standard_SetInterface
 .text.Standard_ClearFeature
                0x0800ad20       0xdc lib/STM32_USB-FS-Device_Driver/libstm32usb.a(usb_core.o)
                0x0800ad20                Standard_ClearFeature
 .text.Standard_SetEndPointFeature
                0x0800adfc       0x8c lib/STM32_USB-FS-Device_Driver/libstm32usb.a(usb_core.o)
                0x0800adfc                Standard_SetEndPointFeature
 .text.Standard_SetDeviceFeature
                0x0800ae88       0x24 lib/STM32_USB-FS-Device_Driver/libstm32usb.a(usb_core.o)
                0x0800ae88                Standard_SetDeviceFeature
 .text.Standard_GetDescriptorData
                0x0800aeac       0x1c lib/STM32_USB-FS-Device_Driver/libstm32usb.a(usb_core.o)
                0x0800aeac                Standard_GetDescriptorData
 .text.Post0_Process
                0x0800aec8       0x40 lib/STM32_USB-FS-Device_Driver/libstm32usb.a(usb_core.o)
                0x0800aec8                Post0_Process
 .text.Out0_Process
                0x0800af08       0xd4 lib/STM32_USB-FS-Device_Driver/libstm32usb.a(usb_core.o)
                0x0800af08                Out0_Process
 .text.Setup0_Process
                0x0800afdc      0x2f8 lib/STM32_USB-FS-Device_Driver/libstm32usb.a(usb_core.o)
                0x0800afdc                Setup0_Process
 .text.SetDeviceAddress
                0x0800b2d4       0x40 lib/STM32_USB-FS-Device_Driver/libstm32usb.a(usb_core.o)
                0x0800b2d4                SetDeviceAddress
 .text.In0_Process
                0x0800b314       0x60 lib/STM32_USB-FS-Device_Driver/libstm32usb.a(usb_core.o)
                0x0800b314                In0_Process
 .text.NOP_Process
                0x0800b374        0x2 lib/STM32_USB-FS-Device_Driver/libstm32usb.a(usb_core.o)
                0x0800b374                NOP_Process
 *fill*         0x0800b376        0x2 00
 .text.USB_Init
                0x0800b378       0x38 lib/STM32_USB-FS-Device_Driver/libstm32usb.a(usb_init.o)
                0x0800b378                USB_Init
 .text.CTR_LP   0x0800b3b0      0x190 lib/STM32_USB-FS-Device_Driver/libstm32usb.a(usb_int.o)
                0x0800b3b0                CTR_LP
 .text.CTR_HP   0x0800b540       0x74 lib/STM32_USB-FS-Device_Driver/libstm32usb.a(usb_int.o)
                0x0800b540                CTR_HP
 .text.UserToPMABufferCopy
                0x0800b5b4       0x2e lib/STM32_USB-FS-Device_Driver/libstm32usb.a(usb_mem.o)
                0x0800b5b4                UserToPMABufferCopy
 .text.PMAToUserBufferCopy
                0x0800b5e2       0x24 lib/STM32_USB-FS-Device_Driver/libstm32usb.a(usb_mem.o)
                0x0800b5e2                PMAToUserBufferCopy
 *fill*         0x0800b606        0x2 00
 .text.SetBTABLE
                0x0800b608       0x10 lib/STM32_USB-FS-Device_Driver/libstm32usb.a(usb_regs.o)
                0x0800b608                SetBTABLE
 .text.SetEPType
                0x0800b618       0x18 lib/STM32_USB-FS-Device_Driver/libstm32usb.a(usb_regs.o)
                0x0800b618                SetEPType
 .text.SetEPTxStatus
                0x0800b630       0x3a lib/STM32_USB-FS-Device_Driver/libstm32usb.a(usb_regs.o)
                0x0800b630                SetEPTxStatus
 .text.SetEPRxStatus
                0x0800b66a       0x3a lib/STM32_USB-FS-Device_Driver/libstm32usb.a(usb_regs.o)
                0x0800b66a                SetEPRxStatus
 .text.SetEPRxValid
                0x0800b6a4       0x22 lib/STM32_USB-FS-Device_Driver/libstm32usb.a(usb_regs.o)
                0x0800b6a4                SetEPRxValid
 .text.Clear_Status_Out
                0x0800b6c6       0x1e lib/STM32_USB-FS-Device_Driver/libstm32usb.a(usb_regs.o)
                0x0800b6c6                Clear_Status_Out
 .text.ClearDTOG_RX
                0x0800b6e4       0x24 lib/STM32_USB-FS-Device_Driver/libstm32usb.a(usb_regs.o)
                0x0800b6e4                ClearDTOG_RX
 .text.ClearDTOG_TX
                0x0800b708       0x24 lib/STM32_USB-FS-Device_Driver/libstm32usb.a(usb_regs.o)
                0x0800b708                ClearDTOG_TX
 .text.SetEPTxAddr
                0x0800b72c       0x20 lib/STM32_USB-FS-Device_Driver/libstm32usb.a(usb_regs.o)
                0x0800b72c                SetEPTxAddr
 .text.SetEPRxAddr
                0x0800b74c       0x20 lib/STM32_USB-FS-Device_Driver/libstm32usb.a(usb_regs.o)
                0x0800b74c                SetEPRxAddr
 .text.GetEPTxAddr
                0x0800b76c       0x1c lib/STM32_USB-FS-Device_Driver/libstm32usb.a(usb_regs.o)
                0x0800b76c                GetEPTxAddr
 .text.GetEPRxAddr
                0x0800b788       0x1c lib/STM32_USB-FS-Device_Driver/libstm32usb.a(usb_regs.o)
                0x0800b788                GetEPRxAddr
 .text.SetEPTxCount
                0x0800b7a4       0x1c lib/STM32_USB-FS-Device_Driver/libstm32usb.a(usb_regs.o)
                0x0800b7a4                SetEPTxCount
 .text.SetEPRxCount
                0x0800b7c0       0x3c lib/STM32_USB-FS-Device_Driver/libstm32usb.a(usb_regs.o)
                0x0800b7c0                SetEPRxCount
 .text.GetEPRxCount
                0x0800b7fc       0x20 lib/STM32_USB-FS-Device_Driver/libstm32usb.a(usb_regs.o)
                0x0800b7fc                GetEPRxCount
 .text.ByteSwap
                0x0800b81c        0xa lib/STM32_USB-FS-Device_Driver/libstm32usb.a(usb_regs.o)
                0x0800b81c                ByteSwap
 *fill*         0x0800b826        0x2 00
 .text.USB_SIL_Init
                0x0800b828       0x20 lib/STM32_USB-FS-Device_Driver/libstm32usb.a(usb_sil.o)
                0x0800b828                USB_SIL_Init
 .text.USB_SIL_Write
                0x0800b848       0x28 lib/STM32_USB-FS-Device_Driver/libstm32usb.a(usb_sil.o)
                0x0800b848                USB_SIL_Write
 .text.USB_SIL_Read
                0x0800b870       0x24 lib/STM32_USB-FS-Device_Driver/libstm32usb.a(usb_sil.o)
                0x0800b870                USB_SIL_Read
 .text.memset   0x0800b894      0x12c /home/laurence/ARM-GCC/bin/../lib/gcc/arm-none-eabi/4.7.4/../../../../arm-none-eabi/lib/armv7-m/libc.a(lib_a-memset.o)
                0x0800b894                memset
 .text.srand    0x0800b9c0       0x18 /home/laurence/ARM-GCC/bin/../lib/gcc/arm-none-eabi/4.7.4/../../../../arm-none-eabi/lib/armv7-m/libc.a(lib_a-rand.o)
                0x0800b9c0                srand
 .text.rand     0x0800b9d8       0x48 /home/laurence/ARM-GCC/bin/../lib/gcc/arm-none-eabi/4.7.4/../../../../arm-none-eabi/lib/armv7-m/libc.a(lib_a-rand.o)
                0x0800b9d8                rand
 .text.sinf     0x0800ba20       0x78 /home/laurence/ARM-GCC/bin/../lib/gcc/arm-none-eabi/4.7.4/../../../../arm-none-eabi/lib/armv7-m/libm.a(lib_a-sf_sin.o)
                0x0800ba20                sinf
 .text.__ieee754_rem_pio2f
                0x0800ba98      0x358 /home/laurence/ARM-GCC/bin/../lib/gcc/arm-none-eabi/4.7.4/../../../../arm-none-eabi/lib/armv7-m/libm.a(lib_a-ef_rem_pio2.o)
                0x0800ba98                __ieee754_rem_pio2f
 .text.__kernel_cosf
                0x0800bdf0      0x1b8 /home/laurence/ARM-GCC/bin/../lib/gcc/arm-none-eabi/4.7.4/../../../../arm-none-eabi/lib/armv7-m/libm.a(lib_a-kf_cos.o)
                0x0800bdf0                __kernel_cosf
 .text.__kernel_rem_pio2f
                0x0800bfa8      0xba0 /home/laurence/ARM-GCC/bin/../lib/gcc/arm-none-eabi/4.7.4/../../../../arm-none-eabi/lib/armv7-m/libm.a(lib_a-kf_rem_pio2.o)
                0x0800bfa8                __kernel_rem_pio2f
 .text.__kernel_sinf
                0x0800cb48      0x100 /home/laurence/ARM-GCC/bin/../lib/gcc/arm-none-eabi/4.7.4/../../../../arm-none-eabi/lib/armv7-m/libm.a(lib_a-kf_sin.o)
                0x0800cb48                __kernel_sinf
 .text.fabsf    0x0800cc48        0x8 /home/laurence/ARM-GCC/bin/../lib/gcc/arm-none-eabi/4.7.4/../../../../arm-none-eabi/lib/armv7-m/libm.a(lib_a-sf_fabs.o)
                0x0800cc48                fabsf
 .text.floorf   0x0800cc50       0x94 /home/laurence/ARM-GCC/bin/../lib/gcc/arm-none-eabi/4.7.4/../../../../arm-none-eabi/lib/armv7-m/libm.a(lib_a-sf_floor.o)
                0x0800cc50                floorf
 .text.scalbnf  0x0800cce4       0xc0 /home/laurence/ARM-GCC/bin/../lib/gcc/arm-none-eabi/4.7.4/../../../../arm-none-eabi/lib/armv7-m/libm.a(lib_a-sf_scalbn.o)
                0x0800cce4                scalbnf
 .text.copysignf
                0x0800cda4        0xc /home/laurence/ARM-GCC/bin/../lib/gcc/arm-none-eabi/4.7.4/../../../../arm-none-eabi/lib/armv7-m/libm.a(lib_a-sf_copysign.o)
                0x0800cda4                copysignf
 .text._sbrk    0x0800cdb0       0x34 /home/laurence/ARM-GCC/bin/../lib/gcc/arm-none-eabi/4.7.4/../../../../arm-none-eabi/lib/armv7-m/libnosys.a(sbrk.o)
                0x0800cdb0                _sbrk
 *(.rodata)
 .rodata        0x0800cde4       0xb4 /tmp/cc3cDaCH.ltrans0.ltrans.o
                0x0800ce89                DaysInMonth.5320
 .rodata        0x0800ce98       0x32 /tmp/cc3cDaCH.ltrans1.ltrans.o
 .rodata        0x0800ceca        0xd /tmp/cc3cDaCH.ltrans2.ltrans.o
                0x0800ceca                LfnOfs.5238
 *fill*         0x0800ced7        0x1 00
 .rodata        0x0800ced8      0x3c0 /tmp/cc3cDaCH.ltrans5.ltrans.o
 .rodata        0x0800d298       0x74 /tmp/cc3cDaCH.ltrans6.ltrans.o
 .rodata        0x0800d30c      0x180 /tmp/cc3cDaCH.ltrans8.ltrans.o
                0x0800d30c                Tbl.4887
 *(.rodata*)
 .rodata.str1.1
                0x0800d48c      0x3b6 /tmp/cc3cDaCH.ltrans0.ltrans.o
                                0x3bb (size before relaxing)
 .rodata.str1.1
                0x0800d842       0x16 /tmp/cc3cDaCH.ltrans1.ltrans.o
                                 0x19 (size before relaxing)
 .rodata.str1.1
                0x0800d858       0x10 /tmp/cc3cDaCH.ltrans8.ltrans.o
 .rodata.str1.4
                0x0800d868        0x4 /home/laurence/ARM-GCC/bin/../lib/gcc/arm-none-eabi/4.7.4/../../../../arm-none-eabi/lib/armv7-m/libc.a(lib_a-impure.o)
 .rodata.npio2_hw
                0x0800d86c       0x80 /home/laurence/ARM-GCC/bin/../lib/gcc/arm-none-eabi/4.7.4/../../../../arm-none-eabi/lib/armv7-m/libm.a(lib_a-ef_rem_pio2.o)
 .rodata.two_over_pi
                0x0800d8ec      0x318 /home/laurence/ARM-GCC/bin/../lib/gcc/arm-none-eabi/4.7.4/../../../../arm-none-eabi/lib/armv7-m/libm.a(lib_a-ef_rem_pio2.o)
 .rodata.init_jk
                0x0800dc04        0xc /home/laurence/ARM-GCC/bin/../lib/gcc/arm-none-eabi/4.7.4/../../../../arm-none-eabi/lib/armv7-m/libm.a(lib_a-kf_rem_pio2.o)
 .rodata.PIo2   0x0800dc10       0x2c /home/laurence/ARM-GCC/bin/../lib/gcc/arm-none-eabi/4.7.4/../../../../arm-none-eabi/lib/armv7-m/libm.a(lib_a-kf_rem_pio2.o)
 *(.glue_7)
 .glue_7        0x00000000        0x0 linker stubs
 *(.glue_7t)
 .glue_7t       0x00000000        0x0 linker stubs
 *(.init)
 .init          0x0800dc3c        0x4 /home/laurence/ARM-GCC/bin/../lib/gcc/arm-none-eabi/4.7.4/armv7-m/crti.o
                0x0800dc3c                _init
 .init          0x0800dc40        0x8 /home/laurence/ARM-GCC/bin/../lib/gcc/arm-none-eabi/4.7.4/armv7-m/crtn.o
 *(.fini)
 .fini          0x0800dc48        0x4 /home/laurence/ARM-GCC/bin/../lib/gcc/arm-none-eabi/4.7.4/armv7-m/crti.o
                0x0800dc48                _fini
 .fini          0x0800dc4c        0x8 /home/laurence/ARM-GCC/bin/../lib/gcc/arm-none-eabi/4.7.4/armv7-m/crtn.o
                0x0800dc54                . = ALIGN (0x4)
                0x0800dc54                _etext = .
                0x0800dc54                _sidata = _etext

.vfp11_veneer   0x0800dc54        0x0
 .vfp11_veneer  0x00000000        0x0 linker stubs

.v4_bx          0x0800dc54        0x0
 .v4_bx         0x00000000        0x0 linker stubs

.iplt           0x0800dc54        0x0
 .iplt          0x00000000        0x0 /home/laurence/ARM-GCC/bin/../lib/gcc/arm-none-eabi/4.7.4/armv7-m/crtbegin.o

.rel.dyn        0x0800dc54        0x0
 .rel.iplt      0x00000000        0x0 /home/laurence/ARM-GCC/bin/../lib/gcc/arm-none-eabi/4.7.4/armv7-m/crtbegin.o

.flashpatch     0x00000000        0x0
                0x00000000                . = ALIGN (0x4)
 *(.flashpatch)
                0x00000000                . = ALIGN (0x4)

.endflash       0x00000000        0x0
                0x00000000                . = ALIGN (0x4)
 *(.endflash)
                0x00000000                . = ALIGN (0x4)
                0x00000000                _e_endflash = .

.data           0x20000000      0x9fc load address 0x0800dc54
                0x20000000                . = ALIGN (0x4)
                0x20000000                _sdata = .
                0x20000000                _data = .
 *(.data)
 .data          0x20000000        0xc /tmp/cc3cDaCH.ltrans0.ltrans.o
                0x20000008                SP1ML_network_address
 .data          0x2000000c       0x14 /tmp/cc3cDaCH.ltrans1.ltrans.o
                0x2000001c                Device_Table
 .data          0x20000020       0x90 /tmp/cc3cDaCH.ltrans2.ltrans.o
                0x20000020                Scsi_Sense_Data
                0x20000094                pEpInt_OUT
 .data          0x200000b0       0x1c /tmp/cc3cDaCH.ltrans3.ltrans.o
                0x200000b0                pEpInt_IN
 .data          0x200000cc       0x40 /tmp/cc3cDaCH.ltrans4.ltrans.o
                0x200000cc                I2C_jobs
 .data          0x2000010c       0x68 /tmp/cc3cDaCH.ltrans6.ltrans.o
                0x20000128                String_Descriptor
                0x20000150                User_Standard_Requests
 .data          0x20000174        0x1 /tmp/cc3cDaCH.ltrans9.ltrans.o
 *fill*         0x20000175        0x3 00
 .data          0x20000178       0x34 /tmp/cc3cDaCH.ltrans10.ltrans.o
                0x20000178                Device_Property
                0x200001a9                Stat.5514
 *(.data.*)
 .data.__malloc_av_
                0x200001ac      0x408 /home/laurence/ARM-GCC/bin/../lib/gcc/arm-none-eabi/4.7.4/../../../../arm-none-eabi/lib/armv7-m/libc.a(lib_a-mallocr.o)
                0x200001ac                __malloc_av_
 .data.__malloc_trim_threshold
                0x200005b4        0x4 /home/laurence/ARM-GCC/bin/../lib/gcc/arm-none-eabi/4.7.4/../../../../arm-none-eabi/lib/armv7-m/libc.a(lib_a-mallocr.o)
                0x200005b4                __malloc_trim_threshold
 .data.__malloc_sbrk_base
                0x200005b8        0x4 /home/laurence/ARM-GCC/bin/../lib/gcc/arm-none-eabi/4.7.4/../../../../arm-none-eabi/lib/armv7-m/libc.a(lib_a-mallocr.o)
                0x200005b8                __malloc_sbrk_base
 .data.ADCPrescTable
                0x200005bc        0x4 lib/STM32F10x_StdPeriph_Driver/libstm32fw.a(stm32f10x_rcc.o)
 .data.APBAHBPrescTable
                0x200005c0       0x10 lib/STM32F10x_StdPeriph_Driver/libstm32fw.a(stm32f10x_rcc.o)
 .data.impure_data
                0x200005d0      0x428 /home/laurence/ARM-GCC/bin/../lib/gcc/arm-none-eabi/4.7.4/../../../../arm-none-eabi/lib/armv7-m/libc.a(lib_a-impure.o)
 .data._impure_ptr
                0x200009f8        0x4 /home/laurence/ARM-GCC/bin/../lib/gcc/arm-none-eabi/4.7.4/../../../../arm-none-eabi/lib/armv7-m/libc.a(lib_a-impure.o)
                0x200009f8                _impure_ptr
 *(.RAMtext)
                0x200009fc                . = ALIGN (0x4)
                0x200009fc                _edata = .
                0x0800e650                _eidata = (_sidata + (_edata - _sdata))
                0x08020000                _lastdataromaddress = (ORIGIN (FLASH) + 0x20000)
                0x00000000                toobig = (_eidata > _lastdataromaddress)?!!!!!!!!! FLASH IS FULL !!!!!!!!!:0x0

.igot.plt       0x200009fc        0x0 load address 0x0800e650
 .igot.plt      0x00000000        0x0 /home/laurence/ARM-GCC/bin/../lib/gcc/arm-none-eabi/4.7.4/armv7-m/crtbegin.o

.bss            0x20000a00     0x134c load address 0x0800e658
                0x20000a00                . = ALIGN (0x4)
                0x20000a00                _sbss = .
                0x20000a00                _bss = .
 *(.bss)
 .bss           0x20000a00      0xda0 /tmp/cc3cDaCH.ltrans0.ltrans.o
                0x20000e28                bootsource
                0x20000e2c                Millis
                0x20000e34                Gps_Buffer
                0x20000e40                rputchar.5793
                0x20000e44                Status
                0x20000e48                Data_Buffer
                0x20000e4c                bDeviceState
                0x20000e50                Battery_Voltage
                0x20000e54                Jobs
                0x20000e58                FatFs.5241
                0x20001094                FATFS_wavfile
                0x200012ec                print_string
                0x20001308                FATFS_wavfile_gps
                0x2000152c                FATFS_wavfile_imu
                0x20001750                file_opened
                0x20001751                flashCodeEnabled
                0x20001754                Gps
                0x20001790                flashCode
                0x20001795                SP1ML_state
                0x20001799                System_state_Global
                0x2000179a                Shutdown_System
 .bss           0x200017a0       0x8c /tmp/cc3cDaCH.ltrans1.ltrans.o
 .bss           0x2000182c       0xb8 /tmp/cc3cDaCH.ltrans2.ltrans.o
                0x2000182c                Bot_State
                0x20001830                CBW
                0x20001856                TransferState
                0x20001858                Mass_Block_Size
                0x200018ac                Sd_Spi_Called_From_USB_MSC
                0x200018b0                CSW
                0x200018c8                SCSI_LBA
                0x200018cc                SCSI_BlkLen
                0x200018d0                Max_Lun
                0x200018d4                Mass_Block_Count
 .bss           0x200018e4        0xc /tmp/cc3cDaCH.ltrans3.ltrans.o
 .bss           0x200018f0        0x4 /tmp/cc3cDaCH.ltrans4.ltrans.o
                0x200018f3                CurrVol.5240
 .bss           0x200018f4        0x4 /tmp/cc3cDaCH.ltrans5.ltrans.o
 .bss           0x200018f8       0x2c /tmp/cc3cDaCH.ltrans6.ltrans.o
 .bss           0x20001924        0x8 /tmp/cc3cDaCH.ltrans7.ltrans.o
 .bss           0x2000192c        0x1 /tmp/cc3cDaCH.ltrans8.ltrans.o
                0x2000192c                CardType.5515
 *fill*         0x2000192d        0x3 00
 .bss           0x20001930      0x384 /tmp/cc3cDaCH.ltrans9.ltrans.o
                0x200019b4                raw_data.7556
                0x200019d0                channel_wct_conf.7567
                0x200019d4                wct.7554
                0x200019d7                Enable.7569
                0x200019d8                ECG_buffers
                0x20001a98                old_quality_mask.7571
                0x20001a9c                old_wct.7570
                0x20001aa1                ADS1298_Error_Status
                0x20001aa9                Gain.7566
                0x20001aac                Completed_Jobs
                0x20001ab0                LSM9DS1_Gyro_Buffer
                0x20001abc                IMU_buff
                0x20001b5c                LSM9DS1_Acc_Buffer
                0x20001b64                LSM9DS1_Mag_Buffer
                0x20001b72                I2C1error
                0x20001b74                I2C_failure
                0x20001c38                Filtered_ECG
                0x20001c4a                SP1ML_tx_rx_state
                0x20001c58                Usart3_rx_buff
                0x20001c68                SP1ML_tx_sequence_number
                0x20001c78                Usart1_rx_buff
                0x20001c88                RN42_tx_sequence_number
                0x20001c8c                Usart3_tx_buff
                0x20001c9c                SP1ML_tx_bytes
                0x20001ca0                SP1ML_withold
                0x20001ca4                Usart1_tx_buff
 .bss           0x20001cb4       0x1c /tmp/cc3cDaCH.ltrans10.ltrans.o
                0x20001cb4                wIstr
                0x20001cb8                Timer1.5509
                0x20001cbc                Timer2.5510
                0x20001ccd                job
 *(.bss.*)
 .bss.__malloc_max_total_mem
                0x20001cd0        0x4 /home/laurence/ARM-GCC/bin/../lib/gcc/arm-none-eabi/4.7.4/../../../../arm-none-eabi/lib/armv7-m/libc.a(lib_a-mallocr.o)
                0x20001cd0                __malloc_max_total_mem
 .bss.__malloc_max_sbrked_mem
                0x20001cd4        0x4 /home/laurence/ARM-GCC/bin/../lib/gcc/arm-none-eabi/4.7.4/../../../../arm-none-eabi/lib/armv7-m/libc.a(lib_a-mallocr.o)
                0x20001cd4                __malloc_max_sbrked_mem
 .bss.__malloc_top_pad
                0x20001cd8        0x4 /home/laurence/ARM-GCC/bin/../lib/gcc/arm-none-eabi/4.7.4/../../../../arm-none-eabi/lib/armv7-m/libc.a(lib_a-mallocr.o)
                0x20001cd8                __malloc_top_pad
 .bss.__malloc_current_mallinfo
                0x20001cdc       0x28 /home/laurence/ARM-GCC/bin/../lib/gcc/arm-none-eabi/4.7.4/../../../../arm-none-eabi/lib/armv7-m/libc.a(lib_a-mallocr.o)
                0x20001cdc                __malloc_current_mallinfo
 .bss.Data_Mul_MaxPacketSize
                0x20001d04        0x1 lib/STM32_USB-FS-Device_Driver/libstm32usb.a(usb_core.o)
                0x20001d04                Data_Mul_MaxPacketSize
 *fill*         0x20001d05        0x3 00
 .bss.heap_end.4231
                0x20001d08        0x4 /home/laurence/ARM-GCC/bin/../lib/gcc/arm-none-eabi/4.7.4/../../../../arm-none-eabi/lib/armv7-m/libnosys.a(sbrk.o)
 *(COMMON)
 COMMON         0x20001d0c        0x4 /home/laurence/ARM-GCC/bin/../lib/gcc/arm-none-eabi/4.7.4/../../../../arm-none-eabi/lib/armv7-m/libc.a(lib_a-reent.o)
                0x20001d0c                errno
 COMMON         0x20001d10        0x2 lib/STM32_USB-FS-Device_Driver/libstm32usb.a(usb_core.o)
                0x20001d10                StatusInfo
 *fill*         0x20001d12        0x2 00
 COMMON         0x20001d14       0x32 lib/STM32_USB-FS-Device_Driver/libstm32usb.a(usb_init.o)
                0x20001d14                SaveState
                0x20001d18                pProperty
                0x20001d1c                EPindex
                0x20001d20                Device_Info
                0x20001d3c                pUser_Standard_Requests
                0x20001d40                pInformation
                0x20001d44                wInterrupt_Mask
 COMMON         0x20001d46        0x4 lib/STM32_USB-FS-Device_Driver/libstm32usb.a(usb_int.o)
                0x20001d46                SaveRState
                0x20001d48                SaveTState
                0x20001d4c                . = ALIGN (0x4)
 *fill*         0x20001d4a        0x2 00
                0x20001d4c                _ebss = .
                0x20001d4c                PROVIDE (end, _ebss)
                0x20001d4c                PROVIDE (_end, _ebss)

._usrstack      0x20001d4c     0x2000 load address 0x0800f9a4
                0x20001d4c                . = ALIGN (0x4)
                0x20001d4c                _susrstack = .
                0x20003d4c                . = (. + _Minimum_Stack_Size)
 *fill*         0x20001d4c     0x2000 00
                0x20003d4c                . = ALIGN (0x4)
                0x20003d4c                _eusrstack = .
                0x20005000                _lastramaddress = (ORIGIN (RAM) + 0x5000)
                0x00000000                toobig = (_eusrstack > _lastramaddress)?!!!!!!!!! RAM IS FULL !!!!!!!!!:0x0

.b1text
 *(.b1text)
 *(.b1rodata)
 *(.b1rodata*)

.eb0text
 *(.eb0text)
 *(.eb0rodata)
 *(.eb0rodata*)

.eb1text
 *(.eb1text)
 *(.eb1rodata)
 *(.eb1rodata*)

.eb2text
 *(.eb2text)
 *(.eb2rodata)
 *(.eb2rodata*)

.eb3text
 *(.eb3text)
 *(.eb3rodata)
 *(.eb3rodata*)
                0x20003d4c                __exidx_start = .
                0x20003d4c                __exidx_end = .

/DISCARD/
 libc.a(*)
 libm.a(*)
 libgcc.a(*)

.stab
 *(.stab)

.stabstr
 *(.stabstr)

.stab.excl
 *(.stab.excl)

.stab.exclstr
 *(.stab.exclstr)

.stab.index
 *(.stab.index)

.stab.indexstr
 *(.stab.indexstr)

.comment        0x00000000       0x70
 *(.comment)
 .comment       0x00000000       0x71 /tmp/cc3cDaCH.ltrans0.ltrans.o
 .comment       0x00000000       0x71 /tmp/cc3cDaCH.ltrans1.ltrans.o
 .comment       0x00000000       0x71 /tmp/cc3cDaCH.ltrans2.ltrans.o
 .comment       0x00000000       0x71 /tmp/cc3cDaCH.ltrans3.ltrans.o
 .comment       0x00000000       0x71 /tmp/cc3cDaCH.ltrans4.ltrans.o
 .comment       0x00000000       0x71 /tmp/cc3cDaCH.ltrans5.ltrans.o
 .comment       0x00000000       0x71 /tmp/cc3cDaCH.ltrans6.ltrans.o
 .comment       0x00000000       0x71 /tmp/cc3cDaCH.ltrans7.ltrans.o
 .comment       0x00000000       0x71 /tmp/cc3cDaCH.ltrans8.ltrans.o
 .comment       0x00000000       0x71 /tmp/cc3cDaCH.ltrans9.ltrans.o
 .comment       0x00000000       0x71 /tmp/cc3cDaCH.ltrans10.ltrans.o
 .comment       0x00000000       0x70 lib/STM32F10x_StdPeriph_Driver/libstm32fw.a(misc.o)
                                 0x71 (size before relaxing)
 .comment       0x00000000       0x71 lib/STM32F10x_StdPeriph_Driver/libstm32fw.a(stm32f10x_adc.o)
 .comment       0x00000000       0x71 lib/STM32F10x_StdPeriph_Driver/libstm32fw.a(stm32f10x_bkp.o)
 .comment       0x00000000       0x71 lib/STM32F10x_StdPeriph_Driver/libstm32fw.a(stm32f10x_dbgmcu.o)
 .comment       0x00000000       0x71 lib/STM32F10x_StdPeriph_Driver/libstm32fw.a(stm32f10x_dma.o)
 .comment       0x00000000       0x71 lib/STM32F10x_StdPeriph_Driver/libstm32fw.a(stm32f10x_exti.o)
 .comment       0x00000000       0x71 lib/STM32F10x_StdPeriph_Driver/libstm32fw.a(stm32f10x_gpio.o)
 .comment       0x00000000       0x71 lib/STM32F10x_StdPeriph_Driver/libstm32fw.a(stm32f10x_i2c.o)
 .comment       0x00000000       0x71 lib/STM32F10x_StdPeriph_Driver/libstm32fw.a(stm32f10x_iwdg.o)
 .comment       0x00000000       0x71 lib/STM32F10x_StdPeriph_Driver/libstm32fw.a(stm32f10x_pwr.o)
 .comment       0x00000000       0x71 lib/STM32F10x_StdPeriph_Driver/libstm32fw.a(stm32f10x_rcc.o)
 .comment       0x00000000       0x71 lib/STM32F10x_StdPeriph_Driver/libstm32fw.a(stm32f10x_rtc.o)
 .comment       0x00000000       0x71 lib/STM32F10x_StdPeriph_Driver/libstm32fw.a(stm32f10x_spi.o)
 .comment       0x00000000       0x71 lib/STM32F10x_StdPeriph_Driver/libstm32fw.a(stm32f10x_tim.o)
 .comment       0x00000000       0x71 lib/STM32F10x_StdPeriph_Driver/libstm32fw.a(stm32f10x_usart.o)