Archive member included because of file (symbol)

lib/STM32F10x_StdPeriph_Driver/libstm32fw.a(misc.o)
                              interrupts.o (symbol from plugin) (NVIC_PriorityGroupConfig)
lib/STM32F10x_StdPeriph_Driver/libstm32fw.a(stm32f10x_adc.o)
                              adc.o (symbol from plugin) (ADC_DeInit)
lib/STM32F10x_StdPeriph_Driver/libstm32fw.a(stm32f10x_bkp.o)
                              Util/fat_fs/src/rtc.o (symbol from plugin) (BKP_DeInit)
lib/STM32F10x_StdPeriph_Driver/libstm32fw.a(stm32f10x_dbgmcu.o)
                              main.o (symbol from plugin) (DBGMCU_Config)
lib/STM32F10x_StdPeriph_Driver/libstm32fw.a(stm32f10x_dma.o)
                              Util/fat_fs/src/sd_spi_stm32.o (symbol from plugin) (DMA_DeInit)
lib/STM32F10x_StdPeriph_Driver/libstm32fw.a(stm32f10x_exti.o)
                              interrupts.o (symbol from plugin) (EXTI_DeInit)
lib/STM32F10x_StdPeriph_Driver/libstm32fw.a(stm32f10x_gpio.o)
                              Util/fat_fs/src/sd_spi_stm32.o (symbol from plugin) (GPIO_Init)
lib/STM32F10x_StdPeriph_Driver/libstm32fw.a(stm32f10x_i2c.o)
                              i2c_int.o (symbol from plugin) (I2C_DeInit)
lib/STM32F10x_StdPeriph_Driver/libstm32fw.a(stm32f10x_iwdg.o)
                              watchdog.o (symbol from plugin) (IWDG_WriteAccessCmd)
lib/STM32F10x_StdPeriph_Driver/libstm32fw.a(stm32f10x_pwr.o)
                              pwr.o (symbol from plugin) (PWR_DeInit)
lib/STM32F10x_StdPeriph_Driver/libstm32fw.a(stm32f10x_rcc.o)
                              interrupts.o (symbol from plugin) (RCC_HCLKConfig)
lib/STM32F10x_StdPeriph_Driver/libstm32fw.a(stm32f10x_rtc.o)
                              Util/fat_fs/src/rtc.o (symbol from plugin) (RTC_GetCounter)
lib/STM32F10x_StdPeriph_Driver/libstm32fw.a(stm32f10x_spi.o)
                              Util/fat_fs/src/sd_spi_stm32.o (symbol from plugin) (SPI_I2S_DeInit)
lib/STM32F10x_StdPeriph_Driver/libstm32fw.a(stm32f10x_tim.o)
                              timer.o (symbol from plugin) (TIM_DeInit)
lib/STM32F10x_StdPeriph_Driver/libstm32fw.a(stm32f10x_usart.o)
                              Util/rn42_command.o (symbol from plugin) (USART_DeInit)
lib/STM32_USB-FS-Device_Driver/libstm32usb.a(usb_core.o)
                              Util/USB/usb_prop.o (symbol from plugin) (Standard_GetDescriptorData)
lib/STM32_USB-FS-Device_Driver/libstm32usb.a(usb_init.o)
                              main.o (symbol from plugin) (USB_Init)
lib/STM32_USB-FS-Device_Driver/libstm32usb.a(usb_int.o)
                              Util/USB/usb_istr.o (symbol from plugin) (CTR_LP)
lib/STM32_USB-FS-Device_Driver/libstm32usb.a(usb_mem.o)
                              lib/STM32_USB-FS-Device_Driver/libstm32usb.a(usb_core.o) (UserToPMABufferCopy)
lib/STM32_USB-FS-Device_Driver/libstm32usb.a(usb_regs.o)
                              Util/USB/usb_prop.o (symbol from plugin) (SetBTABLE)
lib/STM32_USB-FS-Device_Driver/libstm32usb.a(usb_sil.o)
                              Util/USB/usb_prop.o (symbol from plugin) (USB_SIL_Init)
/home/laurence/ARM-GCC/bin/../lib/gcc/arm-none-eabi/4.7.4/../../../../arm-none-eabi/lib/armv7-m/libg.a(lib_a-__atexit.o)
                              /home/laurence/ARM-GCC/bin/../lib/gcc/arm-none-eabi/4.7.4/../../../../arm-none-eabi/lib/armv7-m/crt0.o (__register_exitproc)
/home/laurence/ARM-GCC/bin/../lib/gcc/arm-none-eabi/4.7.4/../../../../arm-none-eabi/lib/armv7-m/libg.a(lib_a-exit.o)
                              /home/laurence/ARM-GCC/bin/../lib/gcc/arm-none-eabi/4.7.4/../../../../arm-none-eabi/lib/armv7-m/crt0.o (exit)
/home/laurence/ARM-GCC/bin/../lib/gcc/arm-none-eabi/4.7.4/../../../../arm-none-eabi/lib/armv7-m/libg.a(lib_a-fini.o)
                              /home/laurence/ARM-GCC/bin/../lib/gcc/arm-none-eabi/4.7.4/../../../../arm-none-eabi/lib/armv7-m/crt0.o (__libc_fini_array)
/home/laurence/ARM-GCC/bin/../lib/gcc/arm-none-eabi/4.7.4/../../../../arm-none-eabi/lib/armv7-m/libg.a(lib_a-impure.o)
                              /home/laurence/ARM-GCC/bin/../lib/gcc/arm-none-eabi/4.7.4/../../../../arm-none-eabi/lib/armv7-m/libg.a(lib_a-__atexit.o) (_global_impure_ptr)
/home/laurence/ARM-GCC/bin/../lib/gcc/arm-none-eabi/4.7.4/../../../../arm-none-eabi/lib/armv7-m/libg.a(lib_a-init.o)
                              /home/laurence/ARM-GCC/bin/../lib/gcc/arm-none-eabi/4.7.4/../../../../arm-none-eabi/lib/armv7-m/crt0.o (__libc_init_array)
/home/laurence/ARM-GCC/bin/../lib/gcc/arm-none-eabi/4.7.4/../../../../arm-none-eabi/lib/armv7-m/libg.a(lib_a-memset.o)
                              /home/laurence/ARM-GCC/bin/../lib/gcc/arm-none-eabi/4.7.4/../../../../arm-none-eabi/lib/armv7-m/crt0.o (memset)
/home/laurence/ARM-GCC/bin/../lib/gcc/arm-none-eabi/4.7.4/../../../../arm-none-eabi/lib/armv7-m/libg.a(lib_a-rand.o)
                              Util/sp1ml_command.o (symbol from plugin) (srand)
[...]
Memory Configuration

Name             Origin             Length             Attributes
RAM              0x20000000         0x00005000         xrw
FLASH            0x08000000         0x00020000         xr
*default*        0x00000000         0xffffffff

Linker script and memory map

LOAD /home/laurence/ARM-GCC/bin/../lib/gcc/arm-none-eabi/4.7.4/armv7-m/crti.o
LOAD /home/laurence/ARM-GCC/bin/../lib/gcc/arm-none-eabi/4.7.4/armv7-m/crtbegin.o
LOAD /home/laurence/ARM-GCC/bin/../lib/gcc/arm-none-eabi/4.7.4/../../../../arm-none-eabi/lib/armv7-m/crt0.o
LOAD Util/USB/hw_config.o
LOAD /tmp/ccbLjpJb.ltrans0.ltrans.o
LOAD /tmp/ccbLjpJb.ltrans1.ltrans.o
LOAD /tmp/ccbLjpJb.ltrans2.ltrans.o
LOAD /tmp/ccbLjpJb.ltrans3.ltrans.o
LOAD /tmp/ccbLjpJb.ltrans4.ltrans.o
LOAD /tmp/ccbLjpJb.ltrans5.ltrans.o
LOAD /tmp/ccbLjpJb.ltrans6.ltrans.o
LOAD /tmp/ccbLjpJb.ltrans7.ltrans.o
LOAD /tmp/ccbLjpJb.ltrans8.ltrans.o
LOAD /tmp/ccbLjpJb.ltrans9.ltrans.o
LOAD /tmp/ccbLjpJb.ltrans10.ltrans.o
LOAD /tmp/ccbLjpJb.ltrans11.ltrans.o
LOAD /tmp/ccbLjpJb.ltrans12.ltrans.o
LOAD /tmp/ccbLjpJb.ltrans13.ltrans.o
LOAD /tmp/ccbLjpJb.ltrans14.ltrans.o
LOAD /tmp/ccbLjpJb.ltrans15.ltrans.o
LOAD /tmp/ccbLjpJb.ltrans16.ltrans.o
LOAD /tmp/ccbLjpJb.ltrans17.ltrans.o
LOAD /home/laurence/ARM-GCC/bin/../lib/gcc/arm-none-eabi/4.7.4/armv7-m/libgcc.a
LOAD /home/laurence/ARM-GCC/bin/../lib/gcc/arm-none-eabi/4.7.4/../../../../arm-none-eabi/lib/armv7-m/libg.a
LOAD /home/laurence/ARM-GCC/bin/../lib/gcc/arm-none-eabi/4.7.4/../../../../arm-none-eabi/lib/armv7-m/libc.a
LOAD Util/USB/mass_mal.o
LOAD Util/USB/memory.o
LOAD Util/USB/scsi_data.o
LOAD Util/USB/usb_bot.o
LOAD Util/USB/usb_desc.o
LOAD Util/USB/usb_endp.o
LOAD Util/USB/usb_istr.o
LOAD Util/USB/usb_prop.o
LOAD Util/USB/usb_pwr.o
LOAD Util/USB/usb_scsi.o
LOAD Util/buffer.o
LOAD Util/data_alignment.o
LOAD Util/dcm_attitude.o
LOAD Util/delay.o
LOAD Util/fat_fs/option/ccsbcs.o
LOAD Util/fat_fs/src/fattime.o
LOAD Util/fat_fs/src/ff.o
LOAD Util/fat_fs/src/rtc.o
LOAD Util/fat_fs/src/sd_spi_stm32.o
LOAD Util/filter.o
LOAD Util/load_setting.o
LOAD Util/rn42_command.o
LOAD Util/rn42_conf.o
LOAD Util/rprintf.o
LOAD Util/rtc_correct.o
LOAD Util/sp1ml_command.o
LOAD Util/wave.o
LOAD adc.o
LOAD bootload.o
LOAD dma.o
LOAD gpio.o
LOAD i2c_int.o
LOAD interrupts.o
LOAD lib/ARM-GCC/startup_ARMCM3.o
LOAD lib/CMSIS_CM3/core_cm3.o
LOAD lib/CMSIS_CM3/system_stm32f10x.o
LOAD main.o
LOAD pwr.o
LOAD timer.o
LOAD usart.o
LOAD watchdog.o
LOAD Sensors/ads1298.o
LOAD Sensors/lsm9ds1.o
LOAD Sensors/ubx.o
LOAD lib/STM32F10x_StdPeriph_Driver/libstm32fw.a
LOAD lib/STM32_USB-FS-Device_Driver/libstm32usb.a
LOAD /home/laurence/ARM-GCC/bin/../lib/gcc/arm-none-eabi/4.7.4/../../../../arm-none-eabi/lib/armv7-m/libm.a
LOAD /home/laurence/ARM-GCC/bin/../lib/gcc/arm-none-eabi/4.7.4/../../../../arm-none-eabi/lib/armv7-m/libnosys.a
START GROUP
LOAD /home/laurence/ARM-GCC/bin/../lib/gcc/arm-none-eabi/4.7.4/armv7-m/libgcc.a
LOAD /home/laurence/ARM-GCC/bin/../lib/gcc/arm-none-eabi/4.7.4/../../../../arm-none-eabi/lib/armv7-m/libg.a
LOAD /home/laurence/ARM-GCC/bin/../lib/gcc/arm-none-eabi/4.7.4/../../../../arm-none-eabi/lib/armv7-m/libc.a
END GROUP
LOAD /home/laurence/ARM-GCC/bin/../lib/gcc/arm-none-eabi/4.7.4/armv7-m/crtend.o
LOAD /home/laurence/ARM-GCC/bin/../lib/gcc/arm-none-eabi/4.7.4/armv7-m/crtn.o
                0x00002000                __HEAP_SIZE = 0x2000
                0x00000c00                __STACK_SIZE = 0xc00

.text           0x08000000    0x17a74
 *(.isr_vector)
 .isr_vector    0x08000000      0x10c lib/ARM-GCC/startup_ARMCM3.o
                0x08000000                __isr_vector
 *(.text*)
 .text          0x0800010c       0x54 /home/laurence/ARM-GCC/bin/../lib/gcc/arm-none-eabi/4.7.4/armv7-m/crtbegin.o
 .text          0x08000160       0x70 /home/laurence/ARM-GCC/bin/../lib/gcc/arm-none-eabi/4.7.4/../../../../arm-none-eabi/lib/armv7-m/crt0.o
                0x08000160                _mainCRTStartup
                0x08000160                _start
                0x08000160                start
 .text.startup.main
                0x080001d0     0x3b20 /tmp/ccbLjpJb.ltrans0.ltrans.o
                0x080001d0                main
 .text.EP2_OUT_Callback.4009
                0x08003cf0      0xb98 /tmp/ccbLjpJb.ltrans1.ltrans.o
 .text.Get_Max_Lun.4099
                0x08004888       0x18 /tmp/ccbLjpJb.ltrans2.ltrans.o
 .text.MASS_Data_Setup
                0x080048a0       0x38 /tmp/ccbLjpJb.ltrans2.ltrans.o
                0x080048a0                MASS_Data_Setup
 .text.MASS_Get_Interface_Setting
                0x080048d8        0xc /tmp/ccbLjpJb.ltrans2.ltrans.o
                0x080048d8                MASS_Get_Interface_Setting
 .text.MASS_Status_Out
                0x080048e4        0x4 /tmp/ccbLjpJb.ltrans2.ltrans.o
                0x080048e4                MASS_Status_Out
 .text.MASS_Status_In
                0x080048e8        0x4 /tmp/ccbLjpJb.ltrans2.ltrans.o
                0x080048e8                MASS_Status_In
 .text.Mass_Storage_SetDeviceAddress
                0x080048ec       0x10 /tmp/ccbLjpJb.ltrans2.ltrans.o
                0x080048ec                Mass_Storage_SetDeviceAddress
 .text.MASS_Reset
                0x080048fc      0x104 /tmp/ccbLjpJb.ltrans2.ltrans.o
                0x080048fc                MASS_Reset
 .text.Mass_Storage_SetConfiguration
                0x08004a00       0x30 /tmp/ccbLjpJb.ltrans2.ltrans.o
                0x08004a00                Mass_Storage_SetConfiguration
 .text.MASS_NoData_Setup
                0x08004a30       0x50 /tmp/ccbLjpJb.ltrans2.ltrans.o
                0x08004a30                MASS_NoData_Setup
 .text.MASS_GetDeviceDescriptor
                0x08004a80        0xc /tmp/ccbLjpJb.ltrans2.ltrans.o
                0x08004a80                MASS_GetDeviceDescriptor
 .text.MASS_GetConfigDescriptor
                0x08004a8c        0xc /tmp/ccbLjpJb.ltrans2.ltrans.o
                0x08004a8c                MASS_GetConfigDescriptor
 .text.MASS_GetStringDescriptor
                0x08004a98       0x20 /tmp/ccbLjpJb.ltrans2.ltrans.o
                0x08004a98                MASS_GetStringDescriptor
 .text.Gps_Send_Utf8
                0x08004ab8       0x38 /tmp/ccbLjpJb.ltrans2.ltrans.o
                0x08004ab8                Gps_Send_Utf8
 .text.Usart_Send_Str
                0x08004af0       0xe4 /tmp/ccbLjpJb.ltrans2.ltrans.o
                0x08004af0                Usart_Send_Str
 .text.Gps_DMA_Process
                0x08004bd4      0x2d8 /tmp/ccbLjpJb.ltrans2.ltrans.o
                0x08004bd4                Gps_DMA_Process
 .text.Get_UBX_Ack.constprop.9
                0x08004eac      0x1b8 /tmp/ccbLjpJb.ltrans2.ltrans.o
                0x08004eac                Get_UBX_Ack.constprop.9
 .text.ADC_Configuration
                0x08005064      0x194 /tmp/ccbLjpJb.ltrans2.ltrans.o
                0x08005064                ADC_Configuration
 .text.USART2_reconf.constprop.8
                0x080051f8       0x58 /tmp/ccbLjpJb.ltrans2.ltrans.o
                0x080051f8                USART2_reconf.constprop.8
 .text.ads1298_wct_config.constprop.4
                0x08005250      0x15c /tmp/ccbLjpJb.ltrans2.ltrans.o
                0x08005250                ads1298_wct_config.constprop.4
 .text.ads1298_spi_dma_transaction
                0x080053ac       0xf4 /tmp/ccbLjpJb.ltrans2.ltrans.o
                0x080053ac                ads1298_spi_dma_transaction
 .text.stm32_dma_transfer.5360
                0x080054a0       0xfc /tmp/ccbLjpJb.ltrans2.ltrans.o
                0x080054a0                stm32_dma_transfer.5360
 .text.power_on.5351
                0x0800559c      0x114 /tmp/ccbLjpJb.ltrans2.ltrans.o
                0x0800559c                power_on.5351
 .text.setup_pwm
                0x080056b0       0x8c /tmp/ccbLjpJb.ltrans2.ltrans.o
                0x080056b0                setup_pwm
 .text.stm32_spi_rw.5353
                0x0800573c       0x34 /tmp/ccbLjpJb.ltrans2.ltrans.o
                0x0800573c                stm32_spi_rw.5353
 .text.EXTI_ONOFF_EN
                0x08005770       0x54 /tmp/ccbLjpJb.ltrans2.ltrans.o
                0x08005770                EXTI_ONOFF_EN
 .text.Gps_Send_Str
                0x080057c4       0x34 /tmp/ccbLjpJb.ltrans2.ltrans.o
                0x080057c4                Gps_Send_Str
 .text.rprintf2RamRom
                0x080057f8      0xb70 /tmp/ccbLjpJb.ltrans2.ltrans.o
                0x080057f8                rprintf2RamRom
 .text.counter_to_struct.5271
                0x08006368       0xf0 /tmp/ccbLjpJb.ltrans2.ltrans.o
                0x08006368                counter_to_struct.5271
 .text.Delay    0x08006458       0x20 /tmp/ccbLjpJb.ltrans2.ltrans.o
                0x08006458                Delay
 .text.RN42_conf
                0x08006478      0x158 /tmp/ccbLjpJb.ltrans2.ltrans.o
                0x08006478                RN42_conf
 .text.ads1298_busy_wait_command
                0x080065d0       0x68 /tmp/ccbLjpJb.ltrans2.ltrans.o
                0x080065d0                ads1298_busy_wait_command
 .text.unlikely.ads1298_busy_wait_write
                0x08006638       0xb0 /tmp/ccbLjpJb.ltrans2.ltrans.o
                0x08006638                ads1298_busy_wait_write
 .text.Bot_Abort.part.2.4258
                0x080066e8       0x18 /tmp/ccbLjpJb.ltrans2.ltrans.o
                0x080066e8                Bot_Abort.part.2.4258
 .text.DMA1_Channel4_IRQHandler
                0x08006700     0x2408 /tmp/ccbLjpJb.ltrans3.ltrans.o
                0x08006700                DMA1_Channel4_IRQHandler
 .text.USART3_IRQHandler
                0x08008b08      0x1a4 /tmp/ccbLjpJb.ltrans3.ltrans.o
                0x08008b08                USART3_IRQHandler
 .text.RN42_generate_packet
                0x08008cac      0x36c /tmp/ccbLjpJb.ltrans4.ltrans.o
                0x08008cac                RN42_generate_packet
 .text.__usart_send_char
                0x08009018       0xa0 /tmp/ccbLjpJb.ltrans4.ltrans.o
                0x08009018                __usart_send_char
 .text.__str_print_char
                0x080090b8       0xfc /tmp/ccbLjpJb.ltrans4.ltrans.o
                0x080090b8                __str_print_char
 .text.I2C_Config
                0x080091b4      0x358 /tmp/ccbLjpJb.ltrans4.ltrans.o
                0x080091b4                I2C_Config
 .text.RN42_get_command
                0x0800950c      0x230 /tmp/ccbLjpJb.ltrans4.ltrans.o
                0x0800950c                RN42_get_command
 .text.rtc_gettime
                0x0800973c       0x88 /tmp/ccbLjpJb.ltrans4.ltrans.o
                0x0800973c                rtc_gettime
 .text.get_fattime
                0x080097c4       0x44 /tmp/ccbLjpJb.ltrans4.ltrans.o
                0x080097c4                get_fattime
 .text.get_fileinfo.4981
                0x08009808      0x2fc /tmp/ccbLjpJb.ltrans4.ltrans.o
                0x08009808                get_fileinfo.4981
 .text.Config_Gps
                0x08009b04      0x104 /tmp/ccbLjpJb.ltrans4.ltrans.o
                0x08009b04                Config_Gps
 .text.rcvr_datablock
                0x08009c08       0xcc /tmp/ccbLjpJb.ltrans5.ltrans.o
                0x08009c08                rcvr_datablock
 .text.send_cmd
                0x08009cd4      0x23c /tmp/ccbLjpJb.ltrans5.ltrans.o
                0x08009cd4                send_cmd
 .text.disk_read.part.4.5397
                0x08009f10      0x190 /tmp/ccbLjpJb.ltrans5.ltrans.o
                0x08009f10                disk_read.part.4.5397
 .text.Read_Memory
                0x0800a0a0      0x1dc /tmp/ccbLjpJb.ltrans5.ltrans.o
                0x0800a0a0                Read_Memory
 .text.EP1_IN_Callback.4009
                0x0800a27c       0x8c /tmp/ccbLjpJb.ltrans5.ltrans.o
 .text.Set_RTC_From_GPS
                0x0800a308      0x12c /tmp/ccbLjpJb.ltrans5.ltrans.o
                0x0800a308                Set_RTC_From_GPS
 .text.Resume   0x0800a434      0x14c /tmp/ccbLjpJb.ltrans5.ltrans.o
                0x0800a434                Resume
 .text.__fat_print_char
                0x0800a580       0x5c /tmp/ccbLjpJb.ltrans6.ltrans.o
                0x0800a580                __fat_print_char
 .text.sync.4993
                0x0800a5dc      0x1dc /tmp/ccbLjpJb.ltrans6.ltrans.o
                0x0800a5dc                sync.4993
 .text.f_sync   0x0800a7b8      0x114 /tmp/ccbLjpJb.ltrans6.ltrans.o
                0x0800a7b8                f_sync
 .text.f_lseek  0x0800a8cc      0x25c /tmp/ccbLjpJb.ltrans6.ltrans.o
                0x0800a8cc                f_lseek
 .text.write_wave_header
                0x0800ab28      0x13c /tmp/ccbLjpJb.ltrans6.ltrans.o
                0x0800ab28                write_wave_header
 .text.I2C1_EV_IRQHandler
                0x0800ac64      0x740 /tmp/ccbLjpJb.ltrans7.ltrans.o
                0x0800ac64                I2C1_EV_IRQHandler
 .text.shutdown_filesystem
                0x0800b3a4      0x43c /tmp/ccbLjpJb.ltrans7.ltrans.o
                0x0800b3a4                shutdown_filesystem
 .text.f_open   0x0800b7e0      0x180 /tmp/ccbLjpJb.ltrans7.ltrans.o
                0x0800b7e0                f_open
 .text.disk_write.part.5.5404
                0x0800b960      0x288 /tmp/ccbLjpJb.ltrans8.ltrans.o
                0x0800b960                disk_write.part.5.5404
 .text.Write_Memory
                0x0800bbe8      0x170 /tmp/ccbLjpJb.ltrans8.ltrans.o
                0x0800bbe8                Write_Memory
 .text.dir_register.5112
                0x0800bd58      0x6c8 /tmp/ccbLjpJb.ltrans8.ltrans.o
                0x0800bd58                dir_register.5112
 .text.dir_read.5089
                0x0800c420      0x3b0 /tmp/ccbLjpJb.ltrans8.ltrans.o
                0x0800c420                dir_read.5089
 .text.Mass_Storage_ClearFeature.4029
                0x0800c7d0       0x30 /tmp/ccbLjpJb.ltrans9.ltrans.o
 .text.MASS_init
                0x0800c800      0x208 /tmp/ccbLjpJb.ltrans9.ltrans.o
                0x0800c800                MASS_init
 .text.wait_ready.5358
                0x0800ca08       0x74 /tmp/ccbLjpJb.ltrans9.ltrans.o
                0x0800ca08                wait_ready.5358
 *fill*         0x0800ca7c        0x4 00
 .text.SP1ML_rx_tx_data_processor
                0x0800ca80      0xea8 /tmp/ccbLjpJb.ltrans9.ltrans.o
                0x0800ca80                SP1ML_rx_tx_data_processor
 .text.SP1ML_command
                0x0800d928      0x148 /tmp/ccbLjpJb.ltrans9.ltrans.o
                0x0800d928                SP1ML_command
 .text.f_write.part.8.5092
                0x0800da70      0x43c /tmp/ccbLjpJb.ltrans10.ltrans.o
                0x0800da70                f_write.part.8.5092
 .text.unlikely.read_config_file.constprop.20
                0x0800deac      0x41c /tmp/ccbLjpJb.ltrans10.ltrans.o
                0x0800deac                read_config_file.constprop.20
 .text.SP1ML_generate_packet
                0x0800e2c8      0x3b4 /tmp/ccbLjpJb.ltrans11.ltrans.o
                0x0800e2c8                SP1ML_generate_packet
 .text.SP1ML_configure.part.0.5857
                0x0800e67c      0x3e4 /tmp/ccbLjpJb.ltrans11.ltrans.o
                0x0800e67c                SP1ML_configure.part.0.5857
 .text.SP1ML_assign_addr.part.1.5859
                0x0800ea60       0xc4 /tmp/ccbLjpJb.ltrans11.ltrans.o
                0x0800ea60                SP1ML_assign_addr.part.1.5859
 .text.xmit_datablock.part.1.5365
                0x0800eb24       0xa0 /tmp/ccbLjpJb.ltrans11.ltrans.o
                0x0800eb24                xmit_datablock.part.1.5365
 .text.put_fat.part.3.5019
                0x0800ebc4       0xfc /tmp/ccbLjpJb.ltrans12.ltrans.o
                0x0800ebc4                put_fat.part.3.5019
 .text.create_chain.5068
                0x0800ecc0       0xe8 /tmp/ccbLjpJb.ltrans12.ltrans.o
                0x0800ecc0                create_chain.5068
 .text.dir_next.5072.constprop.27
                0x0800eda8       0x88 /tmp/ccbLjpJb.ltrans12.ltrans.o
                0x0800eda8                dir_next.5072.constprop.27
 .text.dir_find.part.4.5076
                0x0800ee30      0x27c /tmp/ccbLjpJb.ltrans12.ltrans.o
                0x0800ee30                dir_find.part.4.5076
 .text.remove_chain.part.5.5098
                0x0800f0ac       0x5c /tmp/ccbLjpJb.ltrans12.ltrans.o
                0x0800f0ac                remove_chain.part.5.5098
 .text.dir_sdi.5036
                0x0800f108       0xa8 /tmp/ccbLjpJb.ltrans12.ltrans.o
                0x0800f108                dir_sdi.5036
 .text.follow_path.5082
                0x0800f1b0      0x438 /tmp/ccbLjpJb.ltrans12.ltrans.o
                0x0800f1b0                follow_path.5082
 .text.disk_initialize.part.3.5394
                0x0800f5e8      0x1e4 /tmp/ccbLjpJb.ltrans13.ltrans.o
                0x0800f5e8                disk_initialize.part.3.5394
 .text.chk_mounted.5010
                0x0800f7cc      0x34c /tmp/ccbLjpJb.ltrans13.ltrans.o
                0x0800f7cc                chk_mounted.5010
 .text.wave_terminate
                0x0800fb18      0x1e4 /tmp/ccbLjpJb.ltrans13.ltrans.o
                0x0800fb18                wave_terminate
 .text.f_close  0x0800fcfc       0x10 /tmp/ccbLjpJb.ltrans13.ltrans.o
                0x0800fcfc                f_close
 .text.move_window.4989
                0x0800fd0c      0x1f4 /tmp/ccbLjpJb.ltrans14.ltrans.o
                0x0800fd0c                move_window.4989
 .text.get_fat.part.2.5015
                0x0800ff00       0xc0 /tmp/ccbLjpJb.ltrans14.ltrans.o
                0x0800ff00                get_fat.part.2.5015
 .text.check_fs.5006
                0x0800ffc0       0xe8 /tmp/ccbLjpJb.ltrans14.ltrans.o
                0x0800ffc0                check_fs.5006
 .text.SystemInit
                0x080100a8      0x114 /tmp/ccbLjpJb.ltrans15.ltrans.o
                0x080100a8                SystemInit
 .text.USB_LP_CAN1_RX0_IRQHandler
                0x080101bc      0x144 /tmp/ccbLjpJb.ltrans15.ltrans.o
                0x080101bc                USB_LP_CAN1_RX0_IRQHandler
 .text.USB_HP_CAN1_TX_IRQHandler
                0x08010300        0x4 /tmp/ccbLjpJb.ltrans15.ltrans.o
                0x08010300                USB_HP_CAN1_TX_IRQHandler
 *fill*         0x08010304        0x4 00
 .text.SysTick_Handler
                0x08010308      0x1a8 /tmp/ccbLjpJb.ltrans15.ltrans.o
                0x08010308                SysTick_Handler
 .text.EXTI15_10_IRQHandler
                0x080104b0       0x70 /tmp/ccbLjpJb.ltrans15.ltrans.o
                0x080104b0                EXTI15_10_IRQHandler
 .text.ADC1_2_IRQHandler
                0x08010520       0x98 /tmp/ccbLjpJb.ltrans15.ltrans.o
                0x08010520                ADC1_2_IRQHandler
 .text.EXTI0_IRQHandler
                0x080105b8       0xb0 /tmp/ccbLjpJb.ltrans15.ltrans.o
                0x080105b8                EXTI0_IRQHandler
 .text.I2C1_ER_IRQHandler
                0x08010668      0x1b8 /tmp/ccbLjpJb.ltrans15.ltrans.o
                0x08010668                I2C1_ER_IRQHandler
 .text.USART1_IRQHandler
                0x08010820      0x138 /tmp/ccbLjpJb.ltrans16.ltrans.o
                0x08010820                USART1_IRQHandler
 .text.EXTI9_5_IRQHandler
                0x08010958       0x30 /tmp/ccbLjpJb.ltrans17.ltrans.o
                0x08010958                EXTI9_5_IRQHandler
 .text          0x08010988      0x370 /home/laurence/ARM-GCC/bin/../lib/gcc/arm-none-eabi/4.7.4/armv7-m/libgcc.a(_arm_addsubdf3.o)
                0x08010988                __aeabi_drsub
                0x08010990                __aeabi_dsub
                0x08010990                __subdf3
                0x08010994                __adddf3
                0x08010994                __aeabi_dadd
                0x08010c0c                __aeabi_ui2d
                0x08010c0c                __floatunsidf
                0x08010c2c                __floatsidf
                0x08010c2c                __aeabi_i2d
                0x08010c50                __extendsfdf2
                0x08010c50                __aeabi_f2d
                0x08010c8c                __aeabi_ul2d
                0x08010c8c                __floatundidf
                0x08010c9c                __floatdidf
                0x08010c9c                __aeabi_l2d
 .text          0x08010cf8      0x424 /home/laurence/ARM-GCC/bin/../lib/gcc/arm-none-eabi/4.7.4/armv7-m/libgcc.a(_arm_muldivdf3.o)
                0x08010cf8                __aeabi_dmul
                0x08010cf8                __muldf3
                0x08010f4c                __aeabi_ddiv
                0x08010f4c                __divdf3
 .text          0x0801111c      0x110 /home/laurence/ARM-GCC/bin/../lib/gcc/arm-none-eabi/4.7.4/armv7-m/libgcc.a(_arm_cmpdf2.o)
                0x0801111c                __gtdf2
                0x0801111c                __gedf2
                0x08011124                __ltdf2
                0x08011124                __ledf2
                0x0801112c                __cmpdf2
                0x0801112c                __eqdf2
                0x0801112c                __nedf2
                0x080111a8                __aeabi_cdrcmple
                0x080111b8                __aeabi_cdcmple
                0x080111b8                __aeabi_cdcmpeq
                0x080111c8                __aeabi_dcmpeq
                0x080111dc                __aeabi_dcmplt
                0x080111f0                __aeabi_dcmple
                0x08011204                __aeabi_dcmpge
                0x08011218                __aeabi_dcmpgt
 .text          0x0801122c       0x50 /home/laurence/ARM-GCC/bin/../lib/gcc/arm-none-eabi/4.7.4/armv7-m/libgcc.a(_arm_fixdfsi.o)
                0x0801122c                __fixdfsi
                0x0801122c                __aeabi_d2iz
 .text          0x0801127c       0x40 /home/laurence/ARM-GCC/bin/../lib/gcc/arm-none-eabi/4.7.4/armv7-m/libgcc.a(_arm_fixunsdfsi.o)
                0x0801127c                __fixunsdfsi
                0x0801127c                __aeabi_d2uiz
 .text          0x080112bc       0xa0 /home/laurence/ARM-GCC/bin/../lib/gcc/arm-none-eabi/4.7.4/armv7-m/libgcc.a(_arm_truncdfsf2.o)
                0x080112bc                __aeabi_d2f
                0x080112bc                __truncdfsf2
 .text          0x0801135c      0x21c /home/laurence/ARM-GCC/bin/../lib/gcc/arm-none-eabi/4.7.4/armv7-m/libgcc.a(_arm_addsubsf3.o)
                0x0801135c                __aeabi_frsub
                0x08011364                __subsf3
                0x08011364                __aeabi_fsub
                0x08011368                __aeabi_fadd
                0x08011368                __addsf3
                0x080114c8                __aeabi_ui2f
                0x080114c8                __floatunsisf
                0x080114d0                __aeabi_i2f
                0x080114d0                __floatsisf
                0x080114ec                __floatundisf
                0x080114ec                __aeabi_ul2f
                0x080114fc                __floatdisf
                0x080114fc                __aeabi_l2f
 .text          0x08011578      0x2a0 /home/laurence/ARM-GCC/bin/../lib/gcc/arm-none-eabi/4.7.4/armv7-m/libgcc.a(_arm_muldivsf3.o)
                0x08011578                __mulsf3
                0x08011578                __aeabi_fmul
                0x080116e0                __divsf3
                0x080116e0                __aeabi_fdiv
 .text          0x08011818       0xec /home/laurence/ARM-GCC/bin/../lib/gcc/arm-none-eabi/4.7.4/armv7-m/libgcc.a(_arm_cmpsf2.o)
                0x08011818                __gtsf2
                0x08011818                __gesf2
                0x08011820                __lesf2
                0x08011820                __ltsf2
                0x08011828                __nesf2
                0x08011828                __eqsf2
                0x08011828                __cmpsf2
                0x08011888                __aeabi_cfrcmple
                0x08011890                __aeabi_cfcmple
                0x08011890                __aeabi_cfcmpeq
                0x080118a0                __aeabi_fcmpeq
                0x080118b4                __aeabi_fcmplt
                0x080118c8                __aeabi_fcmple
                0x080118dc                __aeabi_fcmpge
                0x080118f0                __aeabi_fcmpgt
 .text          0x08011904       0x4c /home/laurence/ARM-GCC/bin/../lib/gcc/arm-none-eabi/4.7.4/armv7-m/libgcc.a(_arm_fixsfsi.o)
                0x08011904                __fixsfsi
                0x08011904                __aeabi_f2iz
 .text          0x08011950       0x40 /home/laurence/ARM-GCC/bin/../lib/gcc/arm-none-eabi/4.7.4/armv7-m/libgcc.a(_arm_fixunssfsi.o)
                0x08011950                __aeabi_f2uiz
                0x08011950                __fixunssfsi
 .text.malloc   0x08011990       0x10 /home/laurence/ARM-GCC/bin/../lib/gcc/arm-none-eabi/4.7.4/../../../../arm-none-eabi/lib/armv7-m/libg.a(lib_a-malloc.o)
                0x08011990                malloc
 .text.free     0x080119a0       0x10 /home/laurence/ARM-GCC/bin/../lib/gcc/arm-none-eabi/4.7.4/../../../../arm-none-eabi/lib/armv7-m/libg.a(lib_a-malloc.o)
                0x080119a0                free
 .text._malloc_r
                0x080119b0      0x530 /home/laurence/ARM-GCC/bin/../lib/gcc/arm-none-eabi/4.7.4/../../../../arm-none-eabi/lib/armv7-m/libg.a(lib_a-mallocr.o)
                0x080119b0                _malloc_r
 .text.memcmp   0x08011ee0       0xb8 /home/laurence/ARM-GCC/bin/../lib/gcc/arm-none-eabi/4.7.4/../../../../arm-none-eabi/lib/armv7-m/libg.a(lib_a-memcmp.o)
                0x08011ee0                memcmp
 .text.memcpy   0x08011f98      0x15c /home/laurence/ARM-GCC/bin/../lib/gcc/arm-none-eabi/4.7.4/../../../../arm-none-eabi/lib/armv7-m/libg.a(lib_a-memcpy.o)
                0x08011f98                memcpy
 .text.__malloc_lock
                0x080120f4        0x4 /home/laurence/ARM-GCC/bin/../lib/gcc/arm-none-eabi/4.7.4/../../../../arm-none-eabi/lib/armv7-m/libg.a(lib_a-mlock.o)
                0x080120f4                __malloc_lock
 .text.__malloc_unlock
                0x080120f8        0x4 /home/laurence/ARM-GCC/bin/../lib/gcc/arm-none-eabi/4.7.4/../../../../arm-none-eabi/lib/armv7-m/libg.a(lib_a-mlock.o)
                0x080120f8                __malloc_unlock
 .text._sbrk_r  0x080120fc       0x24 /home/laurence/ARM-GCC/bin/../lib/gcc/arm-none-eabi/4.7.4/../../../../arm-none-eabi/lib/armv7-m/libg.a(lib_a-sbrkr.o)
                0x080120fc                _sbrk_r
 .text.strlen   0x08012120       0x60 /home/laurence/ARM-GCC/bin/../lib/gcc/arm-none-eabi/4.7.4/../../../../arm-none-eabi/lib/armv7-m/libg.a(lib_a-strlen.o)
                0x08012120                strlen
 .text._malloc_trim_r
                0x08012180       0x98 /home/laurence/ARM-GCC/bin/../lib/gcc/arm-none-eabi/4.7.4/../../../../arm-none-eabi/lib/armv7-m/libg.a(lib_a-freer.o)
                0x08012180                _malloc_trim_r
 .text._free_r  0x08012218      0x194 /home/laurence/ARM-GCC/bin/../lib/gcc/arm-none-eabi/4.7.4/../../../../arm-none-eabi/lib/armv7-m/libg.a(lib_a-freer.o)
                0x08012218                _free_r
 .text          0x080123ac       0x3c lib/ARM-GCC/startup_ARMCM3.o
                0x080123ac                Reset_Handler
                0x080123e6                EXTI2_IRQHandler
                0x080123e6                DebugMon_Handler
                0x080123e6                TIM1_CC_IRQHandler
                0x080123e6                HardFault_Handler
                0x080123e6                PVD_IRQHandler
                0x080123e6                PendSV_Handler
                0x080123e6                NMI_Handler
                0x080123e6                EXTI3_IRQHandler
                0x080123e6                I2C2_EV_IRQHandler
                0x080123e6                UsageFault_Handler
                0x080123e6                SPI1_IRQHandler
                0x080123e6                TAMPER_IRQHandler
                0x080123e6                RTC_IRQHandler
                0x080123e6                DMA1_Channel7_IRQHandler
                0x080123e6                CAN1_RX1_IRQHandler
                0x080123e6                TIM4_IRQHandler
                0x080123e6                DMA1_Channel6_IRQHandler
                0x080123e6                TIM3_IRQHandler
                0x080123e6                RCC_IRQHandler
                0x080123e6                TIM1_TRG_COM_IRQHandler
                0x080123e6                DMA1_Channel1_IRQHandler
                0x080123e6                Default_Handler
                0x080123e6                SPI2_IRQHandler
                0x080123e6                MemManage_Handler
                0x080123e6                SVC_Handler
                0x080123e6                DMA1_Channel5_IRQHandler
                0x080123e6                EXTI4_IRQHandler
                0x080123e6                DMA1_Channel3_IRQHandler
                0x080123e6                TIM1_UP_IRQHandler
                0x080123e6                WWDG_IRQHandler
                0x080123e6                TIM2_IRQHandler
                0x080123e6                DEF_IRQHandler
                0x080123e6                TIM1_BRK_IRQHandler
                0x080123e6                EXTI1_IRQHandler
                0x080123e6                RTCAlarm_IRQHandler
                0x080123e6                USART2_IRQHandler
                0x080123e6                I2C2_ER_IRQHandler
                0x080123e6                DMA1_Channel2_IRQHandler
                0x080123e6                CAN1_SCE_IRQHandler
                0x080123e6                FLASH_IRQHandler
                0x080123e6                BusFault_Handler
                0x080123e6                USBWakeUp_IRQHandler
 .text.NVIC_PriorityGroupConfig
                0x080123e8       0x14 lib/STM32F10x_StdPeriph_Driver/libstm32fw.a(misc.o)
                0x080123e8                NVIC_PriorityGroupConfig
 .text.NVIC_Init
                0x080123fc       0x68 lib/STM32F10x_StdPeriph_Driver/libstm32fw.a(misc.o)
                0x080123fc                NVIC_Init
 .text.NVIC_SetVectorTable
                0x08012464       0x14 lib/STM32F10x_StdPeriph_Driver/libstm32fw.a(misc.o)
                0x08012464                NVIC_SetVectorTable
 .text.SysTick_CLKSourceConfig
                0x08012478       0x18 lib/STM32F10x_StdPeriph_Driver/libstm32fw.a(misc.o)
                0x08012478                SysTick_CLKSourceConfig
 .text.ADC_DeInit
                0x08012490       0x5c lib/STM32F10x_StdPeriph_Driver/libstm32fw.a(stm32f10x_adc.o)
                0x08012490                ADC_DeInit
 .text.ADC_Init
                0x080124ec       0x48 lib/STM32F10x_StdPeriph_Driver/libstm32fw.a(stm32f10x_adc.o)
                0x080124ec                ADC_Init
 .text.ADC_Cmd  0x08012534       0x12 lib/STM32F10x_StdPeriph_Driver/libstm32fw.a(stm32f10x_adc.o)
                0x08012534                ADC_Cmd
 .text.ADC_ITConfig
                0x08012546       0x12 lib/STM32F10x_StdPeriph_Driver/libstm32fw.a(stm32f10x_adc.o)
                0x08012546                ADC_ITConfig
 .text.ADC_ResetCalibration
                0x08012558        0xa lib/STM32F10x_StdPeriph_Driver/libstm32fw.a(stm32f10x_adc.o)
                0x08012558                ADC_ResetCalibration
 .text.ADC_GetResetCalibrationStatus
                0x08012562        0x8 lib/STM32F10x_StdPeriph_Driver/libstm32fw.a(stm32f10x_adc.o)
                0x08012562                ADC_GetResetCalibrationStatus
 .text.ADC_StartCalibration
                0x0801256a        0xa lib/STM32F10x_StdPeriph_Driver/libstm32fw.a(stm32f10x_adc.o)
                0x0801256a                ADC_StartCalibration
 .text.ADC_GetCalibrationStatus
                0x08012574        0x8 lib/STM32F10x_StdPeriph_Driver/libstm32fw.a(stm32f10x_adc.o)
                0x08012574                ADC_GetCalibrationStatus
 .text.ADC_SoftwareStartConvCmd
                0x0801257c       0x12 lib/STM32F10x_StdPeriph_Driver/libstm32fw.a(stm32f10x_adc.o)
                0x0801257c                ADC_SoftwareStartConvCmd
 .text.ADC_RegularChannelConfig
                0x0801258e       0x9a lib/STM32F10x_StdPeriph_Driver/libstm32fw.a(stm32f10x_adc.o)
                0x0801258e                ADC_RegularChannelConfig
 .text.ADC_GetConversionValue
                0x08012628        0x6 lib/STM32F10x_StdPeriph_Driver/libstm32fw.a(stm32f10x_adc.o)
                0x08012628                ADC_GetConversionValue
 .text.ADC_ExternalTrigInjectedConvConfig
                0x0801262e        0xc lib/STM32F10x_StdPeriph_Driver/libstm32fw.a(stm32f10x_adc.o)
                0x0801262e                ADC_ExternalTrigInjectedConvConfig
 .text.ADC_SoftwareStartInjectedConvCmd
                0x0801263a       0x12 lib/STM32F10x_StdPeriph_Driver/libstm32fw.a(stm32f10x_adc.o)
                0x0801263a                ADC_SoftwareStartInjectedConvCmd
 .text.ADC_InjectedChannelConfig
                0x0801264c       0x60 lib/STM32F10x_StdPeriph_Driver/libstm32fw.a(stm32f10x_adc.o)
                0x0801264c                ADC_InjectedChannelConfig
 .text.ADC_InjectedSequencerLengthConfig
                0x080126ac       0x10 lib/STM32F10x_StdPeriph_Driver/libstm32fw.a(stm32f10x_adc.o)
                0x080126ac                ADC_InjectedSequencerLengthConfig
 .text.ADC_GetInjectedConversionValue
                0x080126bc       0x1a lib/STM32F10x_StdPeriph_Driver/libstm32fw.a(stm32f10x_adc.o)
                0x080126bc                ADC_GetInjectedConversionValue
 .text.ADC_AnalogWatchdogCmd
                0x080126d6       0x10 lib/STM32F10x_StdPeriph_Driver/libstm32fw.a(stm32f10x_adc.o)
                0x080126d6                ADC_AnalogWatchdogCmd
 .text.ADC_AnalogWatchdogThresholdsConfig
                0x080126e6        0x6 lib/STM32F10x_StdPeriph_Driver/libstm32fw.a(stm32f10x_adc.o)
                0x080126e6                ADC_AnalogWatchdogThresholdsConfig
 .text.ADC_AnalogWatchdogSingleChannelConfig
                0x080126ec        0xc lib/STM32F10x_StdPeriph_Driver/libstm32fw.a(stm32f10x_adc.o)
                0x080126ec                ADC_AnalogWatchdogSingleChannelConfig
 .text.ADC_GetFlagStatus
                0x080126f8        0xc lib/STM32F10x_StdPeriph_Driver/libstm32fw.a(stm32f10x_adc.o)
                0x080126f8                ADC_GetFlagStatus
 .text.ADC_ClearFlag
                0x08012704        0x6 lib/STM32F10x_StdPeriph_Driver/libstm32fw.a(stm32f10x_adc.o)
                0x08012704                ADC_ClearFlag
 .text.ADC_GetITStatus
                0x0801270a       0x16 lib/STM32F10x_StdPeriph_Driver/libstm32fw.a(stm32f10x_adc.o)
                0x0801270a                ADC_GetITStatus
 .text.ADC_ClearITPendingBit
                0x08012720        0x8 lib/STM32F10x_StdPeriph_Driver/libstm32fw.a(stm32f10x_adc.o)
                0x08012720                ADC_ClearITPendingBit
 .text.BKP_DeInit
                0x08012728       0x12 lib/STM32F10x_StdPeriph_Driver/libstm32fw.a(stm32f10x_bkp.o)
                0x08012728                BKP_DeInit
 *fill*         0x0801273a        0x2 00
 .text.BKP_RTCOutputConfig
                0x0801273c       0x18 lib/STM32F10x_StdPeriph_Driver/libstm32fw.a(stm32f10x_bkp.o)
                0x0801273c                BKP_RTCOutputConfig
 .text.BKP_SetRTCCalibrationValue
                0x08012754       0x18 lib/STM32F10x_StdPeriph_Driver/libstm32fw.a(stm32f10x_bkp.o)
                0x08012754                BKP_SetRTCCalibrationValue
 .text.BKP_WriteBackupRegister
                0x0801276c       0x1c lib/STM32F10x_StdPeriph_Driver/libstm32fw.a(stm32f10x_bkp.o)
                0x0801276c                BKP_WriteBackupRegister
 .text.BKP_ReadBackupRegister
                0x08012788       0x20 lib/STM32F10x_StdPeriph_Driver/libstm32fw.a(stm32f10x_bkp.o)
                0x08012788                BKP_ReadBackupRegister
 .text.DBGMCU_Config
                0x080127a8       0x18 lib/STM32F10x_StdPeriph_Driver/libstm32fw.a(stm32f10x_dbgmcu.o)
                0x080127a8                DBGMCU_Config
 .text.DMA_DeInit
                0x080127c0       0xec lib/STM32F10x_StdPeriph_Driver/libstm32fw.a(stm32f10x_dma.o)
                0x080127c0                DMA_DeInit
 .text.DMA_Init
                0x080128ac       0x40 lib/STM32F10x_StdPeriph_Driver/libstm32fw.a(stm32f10x_dma.o)
                0x080128ac                DMA_Init
 .text.DMA_Cmd  0x080128ec       0x12 lib/STM32F10x_StdPeriph_Driver/libstm32fw.a(stm32f10x_dma.o)
                0x080128ec                DMA_Cmd
 .text.DMA_ITConfig
                0x080128fe       0x10 lib/STM32F10x_StdPeriph_Driver/libstm32fw.a(stm32f10x_dma.o)
                0x080128fe                DMA_ITConfig
 .text.DMA_GetCurrDataCounter
                0x0801290e        0x6 lib/STM32F10x_StdPeriph_Driver/libstm32fw.a(stm32f10x_dma.o)
                0x0801290e                DMA_GetCurrDataCounter
 .text.DMA_GetFlagStatus
                0x08012914       0x1c lib/STM32F10x_StdPeriph_Driver/libstm32fw.a(stm32f10x_dma.o)
                0x08012914                DMA_GetFlagStatus
 .text.DMA_ClearFlag
                0x08012930       0x14 lib/STM32F10x_StdPeriph_Driver/libstm32fw.a(stm32f10x_dma.o)
                0x08012930                DMA_ClearFlag
 .text.DMA_GetITStatus
                0x08012944       0x1c lib/STM32F10x_StdPeriph_Driver/libstm32fw.a(stm32f10x_dma.o)
                0x08012944                DMA_GetITStatus
 .text.DMA_ClearITPendingBit
                0x08012960       0x14 lib/STM32F10x_StdPeriph_Driver/libstm32fw.a(stm32f10x_dma.o)
                0x08012960                DMA_ClearITPendingBit
 .text.EXTI_DeInit
                0x08012974       0x1c lib/STM32F10x_StdPeriph_Driver/libstm32fw.a(stm32f10x_exti.o)
                0x08012974                EXTI_DeInit
 .text.EXTI_Init
                0x08012990       0x88 lib/STM32F10x_StdPeriph_Driver/libstm32fw.a(stm32f10x_exti.o)
                0x08012990                EXTI_Init
 .text.EXTI_GenerateSWInterrupt
                0x08012a18       0x10 lib/STM32F10x_StdPeriph_Driver/libstm32fw.a(stm32f10x_exti.o)
                0x08012a18                EXTI_GenerateSWInterrupt
 .text.EXTI_GetITStatus
                0x08012a28       0x20 lib/STM32F10x_StdPeriph_Driver/libstm32fw.a(stm32f10x_exti.o)
                0x08012a28                EXTI_GetITStatus
 .text.EXTI_ClearITPendingBit
                0x08012a48        0xc lib/STM32F10x_StdPeriph_Driver/libstm32fw.a(stm32f10x_exti.o)
                0x08012a48                EXTI_ClearITPendingBit
 .text.GPIO_Init
                0x08012a54       0x9a lib/STM32F10x_StdPeriph_Driver/libstm32fw.a(stm32f10x_gpio.o)
                0x08012a54                GPIO_Init
 .text.GPIO_StructInit
                0x08012aee       0x10 lib/STM32F10x_StdPeriph_Driver/libstm32fw.a(stm32f10x_gpio.o)
                0x08012aee                GPIO_StructInit
 .text.GPIO_ReadInputDataBit
                0x08012afe        0xc lib/STM32F10x_StdPeriph_Driver/libstm32fw.a(stm32f10x_gpio.o)
                0x08012afe                GPIO_ReadInputDataBit
 .text.GPIO_SetBits
                0x08012b0a        0x4 lib/STM32F10x_StdPeriph_Driver/libstm32fw.a(stm32f10x_gpio.o)
                0x08012b0a                GPIO_SetBits
 .text.GPIO_ResetBits
                0x08012b0e        0x4 lib/STM32F10x_StdPeriph_Driver/libstm32fw.a(stm32f10x_gpio.o)
                0x08012b0e                GPIO_ResetBits
 .text.GPIO_WriteBit
                0x08012b12        0xa lib/STM32F10x_StdPeriph_Driver/libstm32fw.a(stm32f10x_gpio.o)
                0x08012b12                GPIO_WriteBit
 .text.GPIO_PinRemapConfig
                0x08012b1c       0x58 lib/STM32F10x_StdPeriph_Driver/libstm32fw.a(stm32f10x_gpio.o)
                0x08012b1c                GPIO_PinRemapConfig
 .text.GPIO_EXTILineConfig
                0x08012b74       0x34 lib/STM32F10x_StdPeriph_Driver/libstm32fw.a(stm32f10x_gpio.o)
                0x08012b74                GPIO_EXTILineConfig
 .text.I2C_DeInit
                0x08012ba8       0x34 lib/STM32F10x_StdPeriph_Driver/libstm32fw.a(stm32f10x_i2c.o)
                0x08012ba8                I2C_DeInit
 .text.I2C_Init
                0x08012bdc       0xd4 lib/STM32F10x_StdPeriph_Driver/libstm32fw.a(stm32f10x_i2c.o)
                0x08012bdc                I2C_Init
 .text.I2C_Cmd  0x08012cb0       0x18 lib/STM32F10x_StdPeriph_Driver/libstm32fw.a(stm32f10x_i2c.o)
                0x08012cb0                I2C_Cmd
 .text.I2C_GenerateSTART
                0x08012cc8       0x18 lib/STM32F10x_StdPeriph_Driver/libstm32fw.a(stm32f10x_i2c.o)
                0x08012cc8                I2C_GenerateSTART
 .text.I2C_GenerateSTOP
                0x08012ce0       0x18 lib/STM32F10x_StdPeriph_Driver/libstm32fw.a(stm32f10x_i2c.o)
                0x08012ce0                I2C_GenerateSTOP
 .text.I2C_AcknowledgeConfig
                0x08012cf8       0x18 lib/STM32F10x_StdPeriph_Driver/libstm32fw.a(stm32f10x_i2c.o)
                0x08012cf8                I2C_AcknowledgeConfig
 .text.I2C_ITConfig
                0x08012d10       0x12 lib/STM32F10x_StdPeriph_Driver/libstm32fw.a(stm32f10x_i2c.o)
                0x08012d10                I2C_ITConfig
 .text.I2C_SendData
                0x08012d22        0x4 lib/STM32F10x_StdPeriph_Driver/libstm32fw.a(stm32f10x_i2c.o)
                0x08012d22                I2C_SendData
 .text.I2C_ReceiveData
                0x08012d26        0x6 lib/STM32F10x_StdPeriph_Driver/libstm32fw.a(stm32f10x_i2c.o)
                0x08012d26                I2C_ReceiveData
 .text.I2C_Send7bitAddress
                0x08012d2c       0x10 lib/STM32F10x_StdPeriph_Driver/libstm32fw.a(stm32f10x_i2c.o)
                0x08012d2c                I2C_Send7bitAddress
 .text.I2C_SoftwareResetCmd
                0x08012d3c       0x18 lib/STM32F10x_StdPeriph_Driver/libstm32fw.a(stm32f10x_i2c.o)
                0x08012d3c                I2C_SoftwareResetCmd
 .text.IWDG_WriteAccessCmd
                0x08012d54        0xc lib/STM32F10x_StdPeriph_Driver/libstm32fw.a(stm32f10x_iwdg.o)
                0x08012d54                IWDG_WriteAccessCmd
 .text.IWDG_SetPrescaler
                0x08012d60        0xc lib/STM32F10x_StdPeriph_Driver/libstm32fw.a(stm32f10x_iwdg.o)
                0x08012d60                IWDG_SetPrescaler
 .text.IWDG_SetReload
                0x08012d6c        0xc lib/STM32F10x_StdPeriph_Driver/libstm32fw.a(stm32f10x_iwdg.o)
                0x08012d6c                IWDG_SetReload
 .text.IWDG_ReloadCounter
                0x08012d78       0x10 lib/STM32F10x_StdPeriph_Driver/libstm32fw.a(stm32f10x_iwdg.o)
                0x08012d78                IWDG_ReloadCounter
 .text.IWDG_Enable
                0x08012d88       0x10 lib/STM32F10x_StdPeriph_Driver/libstm32fw.a(stm32f10x_iwdg.o)
                0x08012d88                IWDG_Enable
 .text.PWR_DeInit
                0x08012d98       0x1a lib/STM32F10x_StdPeriph_Driver/libstm32fw.a(stm32f10x_pwr.o)
                0x08012d98                PWR_DeInit
 *fill*         0x08012db2        0x2 00
 .text.PWR_BackupAccessCmd
                0x08012db4        0xc lib/STM32F10x_StdPeriph_Driver/libstm32fw.a(stm32f10x_pwr.o)
                0x08012db4                PWR_BackupAccessCmd
 .text.PWR_WakeUpPinCmd
                0x08012dc0        0xc lib/STM32F10x_StdPeriph_Driver/libstm32fw.a(stm32f10x_pwr.o)
                0x08012dc0                PWR_WakeUpPinCmd
 .text.PWR_EnterSTANDBYMode
                0x08012dcc       0x28 lib/STM32F10x_StdPeriph_Driver/libstm32fw.a(stm32f10x_pwr.o)
                0x08012dcc                PWR_EnterSTANDBYMode
 .text.RCC_HCLKConfig
                0x08012df4       0x14 lib/STM32F10x_StdPeriph_Driver/libstm32fw.a(stm32f10x_rcc.o)
                0x08012df4                RCC_HCLKConfig
 .text.RCC_USBCLKConfig
                0x08012e08        0xc lib/STM32F10x_StdPeriph_Driver/libstm32fw.a(stm32f10x_rcc.o)
                0x08012e08                RCC_USBCLKConfig
 .text.RCC_ADCCLKConfig
                0x08012e14       0x14 lib/STM32F10x_StdPeriph_Driver/libstm32fw.a(stm32f10x_rcc.o)
                0x08012e14                RCC_ADCCLKConfig
 .text.RCC_LSEConfig
                0x08012e28       0x20 lib/STM32F10x_StdPeriph_Driver/libstm32fw.a(stm32f10x_rcc.o)
                0x08012e28                RCC_LSEConfig
 .text.RCC_RTCCLKConfig
                0x08012e48       0x10 lib/STM32F10x_StdPeriph_Driver/libstm32fw.a(stm32f10x_rcc.o)
                0x08012e48                RCC_RTCCLKConfig
 .text.RCC_RTCCLKCmd
                0x08012e58        0xc lib/STM32F10x_StdPeriph_Driver/libstm32fw.a(stm32f10x_rcc.o)
                0x08012e58                RCC_RTCCLKCmd
 .text.RCC_GetClocksFreq
                0x08012e64       0x9c lib/STM32F10x_StdPeriph_Driver/libstm32fw.a(stm32f10x_rcc.o)
                0x08012e64                RCC_GetClocksFreq
 .text.RCC_AHBPeriphClockCmd
                0x08012f00       0x18 lib/STM32F10x_StdPeriph_Driver/libstm32fw.a(stm32f10x_rcc.o)
                0x08012f00                RCC_AHBPeriphClockCmd
 .text.RCC_APB2PeriphClockCmd
                0x08012f18       0x18 lib/STM32F10x_StdPeriph_Driver/libstm32fw.a(stm32f10x_rcc.o)
                0x08012f18                RCC_APB2PeriphClockCmd
 .text.RCC_APB1PeriphClockCmd
                0x08012f30       0x18 lib/STM32F10x_StdPeriph_Driver/libstm32fw.a(stm32f10x_rcc.o)
                0x08012f30                RCC_APB1PeriphClockCmd
 .text.RCC_APB2PeriphResetCmd
                0x08012f48       0x18 lib/STM32F10x_StdPeriph_Driver/libstm32fw.a(stm32f10x_rcc.o)
                0x08012f48                RCC_APB2PeriphResetCmd
 .text.RCC_APB1PeriphResetCmd
                0x08012f60       0x18 lib/STM32F10x_StdPeriph_Driver/libstm32fw.a(stm32f10x_rcc.o)
                0x08012f60                RCC_APB1PeriphResetCmd
 .text.RCC_BackupResetCmd
                0x08012f78        0xc lib/STM32F10x_StdPeriph_Driver/libstm32fw.a(stm32f10x_rcc.o)
                0x08012f78                RCC_BackupResetCmd
 .text.RCC_GetFlagStatus
                0x08012f84       0x28 lib/STM32F10x_StdPeriph_Driver/libstm32fw.a(stm32f10x_rcc.o)
                0x08012f84                RCC_GetFlagStatus
 .text.RTC_EnterConfigMode
                0x08012fac       0x14 lib/STM32F10x_StdPeriph_Driver/libstm32fw.a(stm32f10x_rtc.o)
                0x08012fac                RTC_EnterConfigMode
 .text.RTC_ExitConfigMode
                0x08012fc0       0x14 lib/STM32F10x_StdPeriph_Driver/libstm32fw.a(stm32f10x_rtc.o)
                0x08012fc0                RTC_ExitConfigMode
 .text.RTC_GetCounter
                0x08012fd4       0x14 lib/STM32F10x_StdPeriph_Driver/libstm32fw.a(stm32f10x_rtc.o)
                0x08012fd4                RTC_GetCounter
 .text.RTC_SetCounter
                0x08012fe8       0x20 lib/STM32F10x_StdPeriph_Driver/libstm32fw.a(stm32f10x_rtc.o)
                0x08012fe8                RTC_SetCounter
 .text.RTC_SetPrescaler
                0x08013008       0x20 lib/STM32F10x_StdPeriph_Driver/libstm32fw.a(stm32f10x_rtc.o)
                0x08013008                RTC_SetPrescaler
 .text.RTC_WaitForLastTask
                0x08013028       0x14 lib/STM32F10x_StdPeriph_Driver/libstm32fw.a(stm32f10x_rtc.o)
                0x08013028                RTC_WaitForLastTask
 .text.RTC_WaitForSynchro
                0x0801303c       0x24 lib/STM32F10x_StdPeriph_Driver/libstm32fw.a(stm32f10x_rtc.o)
                0x0801303c                RTC_WaitForSynchro
 .text.SPI_Init
                0x08013060       0x3e lib/STM32F10x_StdPeriph_Driver/libstm32fw.a(stm32f10x_spi.o)
                0x08013060                SPI_Init
 .text.SPI_StructInit
                0x0801309e       0x18 lib/STM32F10x_StdPeriph_Driver/libstm32fw.a(stm32f10x_spi.o)
                0x0801309e                SPI_StructInit
 .text.SPI_Cmd  0x080130b6       0x18 lib/STM32F10x_StdPeriph_Driver/libstm32fw.a(stm32f10x_spi.o)
                0x080130b6                SPI_Cmd
 .text.SPI_I2S_DMACmd
                0x080130ce       0x12 lib/STM32F10x_StdPeriph_Driver/libstm32fw.a(stm32f10x_spi.o)
                0x080130ce                SPI_I2S_DMACmd
 .text.SPI_I2S_SendData
                0x080130e0        0x4 lib/STM32F10x_StdPeriph_Driver/libstm32fw.a(stm32f10x_spi.o)
                0x080130e0                SPI_I2S_SendData
 .text.SPI_I2S_ReceiveData
                0x080130e4        0x6 lib/STM32F10x_StdPeriph_Driver/libstm32fw.a(stm32f10x_spi.o)
                0x080130e4                SPI_I2S_ReceiveData
 .text.SPI_CalculateCRC
                0x080130ea       0x18 lib/STM32F10x_StdPeriph_Driver/libstm32fw.a(stm32f10x_spi.o)
                0x080130ea                SPI_CalculateCRC
 .text.SPI_I2S_GetFlagStatus
                0x08013102        0xc lib/STM32F10x_StdPeriph_Driver/libstm32fw.a(stm32f10x_spi.o)
                0x08013102                SPI_I2S_GetFlagStatus
 *fill*         0x0801310e        0x2 00
 .text.TIM_DeInit
                0x08013110       0xc8 lib/STM32F10x_StdPeriph_Driver/libstm32fw.a(stm32f10x_tim.o)
                0x08013110                TIM_DeInit
 .text.TIM_TimeBaseInit
                0x080131d8       0x3c lib/STM32F10x_StdPeriph_Driver/libstm32fw.a(stm32f10x_tim.o)
                0x080131d8                TIM_TimeBaseInit
 .text.TIM_OC4Init
                0x08013214       0x68 lib/STM32F10x_StdPeriph_Driver/libstm32fw.a(stm32f10x_tim.o)
                0x08013214                TIM_OC4Init
 .text.TIM_Cmd  0x0801327c       0x18 lib/STM32F10x_StdPeriph_Driver/libstm32fw.a(stm32f10x_tim.o)
                0x0801327c                TIM_Cmd
 .text.TIM_OC4PreloadConfig
                0x08013294       0x14 lib/STM32F10x_StdPeriph_Driver/libstm32fw.a(stm32f10x_tim.o)
                0x08013294                TIM_OC4PreloadConfig
 .text.USART_DeInit
                0x080132a8       0x98 lib/STM32F10x_StdPeriph_Driver/libstm32fw.a(stm32f10x_usart.o)
                0x080132a8                USART_DeInit
 .text.USART_Init
                0x08013340       0x88 lib/STM32F10x_StdPeriph_Driver/libstm32fw.a(stm32f10x_usart.o)
                0x08013340                USART_Init
 .text.USART_Cmd
                0x080133c8       0x18 lib/STM32F10x_StdPeriph_Driver/libstm32fw.a(stm32f10x_usart.o)
                0x080133c8                USART_Cmd
 .text.USART_ITConfig
                0x080133e0       0x34 lib/STM32F10x_StdPeriph_Driver/libstm32fw.a(stm32f10x_usart.o)
                0x080133e0                USART_ITConfig
 .text.USART_DMACmd
                0x08013414       0x12 lib/STM32F10x_StdPeriph_Driver/libstm32fw.a(stm32f10x_usart.o)
                0x08013414                USART_DMACmd
 .text.USART_SendData
                0x08013426        0x8 lib/STM32F10x_StdPeriph_Driver/libstm32fw.a(stm32f10x_usart.o)
                0x08013426                USART_SendData
 .text.USART_ReceiveData
                0x0801342e        0x8 lib/STM32F10x_StdPeriph_Driver/libstm32fw.a(stm32f10x_usart.o)
                0x0801342e                USART_ReceiveData
 .text.USART_GetFlagStatus
                0x08013436        0xc lib/STM32F10x_StdPeriph_Driver/libstm32fw.a(stm32f10x_usart.o)
                0x08013436                USART_GetFlagStatus
 .text.USART_GetITStatus
                0x08013442       0x40 lib/STM32F10x_StdPeriph_Driver/libstm32fw.a(stm32f10x_usart.o)
                0x08013442                USART_GetITStatus
 .text.USART_ClearITPendingBit
                0x08013482       0x10 lib/STM32F10x_StdPeriph_Driver/libstm32fw.a(stm32f10x_usart.o)
                0x08013482                USART_ClearITPendingBit
 *fill*         0x08013492        0x2 00
 .text.Standard_GetConfiguration
                0x08013494       0x24 lib/STM32_USB-FS-Device_Driver/libstm32usb.a(usb_core.o)
                0x08013494                Standard_GetConfiguration
 .text.Standard_GetInterface
                0x080134b8       0x24 lib/STM32_USB-FS-Device_Driver/libstm32usb.a(usb_core.o)
                0x080134b8                Standard_GetInterface
 .text.Standard_GetStatus
                0x080134dc       0x9c lib/STM32_USB-FS-Device_Driver/libstm32usb.a(usb_core.o)
                0x080134dc                Standard_GetStatus
 .text.DataStageIn
                0x08013578       0xa4 lib/STM32_USB-FS-Device_Driver/libstm32usb.a(usb_core.o)
 .text.Standard_SetConfiguration
                0x0801361c       0x38 lib/STM32_USB-FS-Device_Driver/libstm32usb.a(usb_core.o)
                0x0801361c                Standard_SetConfiguration
 .text.Standard_SetInterface
                0x08013654       0x48 lib/STM32_USB-FS-Device_Driver/libstm32usb.a(usb_core.o)
                0x08013654                Standard_SetInterface
 .text.Standard_ClearFeature
                0x0801369c       0xdc lib/STM32_USB-FS-Device_Driver/libstm32usb.a(usb_core.o)
                0x0801369c                Standard_ClearFeature
 .text.Standard_SetEndPointFeature
                0x08013778       0x8c lib/STM32_USB-FS-Device_Driver/libstm32usb.a(usb_core.o)
                0x08013778                Standard_SetEndPointFeature
 .text.Standard_SetDeviceFeature
                0x08013804       0x24 lib/STM32_USB-FS-Device_Driver/libstm32usb.a(usb_core.o)
                0x08013804                Standard_SetDeviceFeature
 .text.Standard_GetDescriptorData
                0x08013828       0x1c lib/STM32_USB-FS-Device_Driver/libstm32usb.a(usb_core.o)
                0x08013828                Standard_GetDescriptorData
 .text.Post0_Process
                0x08013844       0x40 lib/STM32_USB-FS-Device_Driver/libstm32usb.a(usb_core.o)
                0x08013844                Post0_Process
 .text.Out0_Process
                0x08013884       0xd4 lib/STM32_USB-FS-Device_Driver/libstm32usb.a(usb_core.o)
                0x08013884                Out0_Process
 .text.Setup0_Process
                0x08013958      0x2f8 lib/STM32_USB-FS-Device_Driver/libstm32usb.a(usb_core.o)
                0x08013958                Setup0_Process
 .text.SetDeviceAddress
                0x08013c50       0x40 lib/STM32_USB-FS-Device_Driver/libstm32usb.a(usb_core.o)
                0x08013c50                SetDeviceAddress
 .text.In0_Process
                0x08013c90       0x60 lib/STM32_USB-FS-Device_Driver/libstm32usb.a(usb_core.o)
                0x08013c90                In0_Process
 .text.NOP_Process
                0x08013cf0        0x2 lib/STM32_USB-FS-Device_Driver/libstm32usb.a(usb_core.o)
                0x08013cf0                NOP_Process
 *fill*         0x08013cf2        0x2 00
 .text.USB_Init
                0x08013cf4       0x38 lib/STM32_USB-FS-Device_Driver/libstm32usb.a(usb_init.o)
                0x08013cf4                USB_Init
 .text.CTR_LP   0x08013d2c      0x190 lib/STM32_USB-FS-Device_Driver/libstm32usb.a(usb_int.o)
                0x08013d2c                CTR_LP
 .text.CTR_HP   0x08013ebc       0x74 lib/STM32_USB-FS-Device_Driver/libstm32usb.a(usb_int.o)
                0x08013ebc                CTR_HP
 .text.UserToPMABufferCopy
                0x08013f30       0x2e lib/STM32_USB-FS-Device_Driver/libstm32usb.a(usb_mem.o)
                0x08013f30                UserToPMABufferCopy
 .text.PMAToUserBufferCopy
                0x08013f5e       0x24 lib/STM32_USB-FS-Device_Driver/libstm32usb.a(usb_mem.o)
                0x08013f5e                PMAToUserBufferCopy
 *fill*         0x08013f82        0x2 00
 .text.SetBTABLE
                0x08013f84       0x10 lib/STM32_USB-FS-Device_Driver/libstm32usb.a(usb_regs.o)
                0x08013f84                SetBTABLE
 .text.SetEPType
                0x08013f94       0x18 lib/STM32_USB-FS-Device_Driver/libstm32usb.a(usb_regs.o)
                0x08013f94                SetEPType
 .text.SetEPTxStatus
                0x08013fac       0x3a lib/STM32_USB-FS-Device_Driver/libstm32usb.a(usb_regs.o)
                0x08013fac                SetEPTxStatus
 .text.SetEPRxStatus
                0x08013fe6       0x3a lib/STM32_USB-FS-Device_Driver/libstm32usb.a(usb_regs.o)
                0x08013fe6                SetEPRxStatus
 .text.SetEPRxValid
                0x08014020       0x22 lib/STM32_USB-FS-Device_Driver/libstm32usb.a(usb_regs.o)
                0x08014020                SetEPRxValid
 .text.Clear_Status_Out
                0x08014042       0x1e lib/STM32_USB-FS-Device_Driver/libstm32usb.a(usb_regs.o)
                0x08014042                Clear_Status_Out
 .text.ClearDTOG_RX
                0x08014060       0x24 lib/STM32_USB-FS-Device_Driver/libstm32usb.a(usb_regs.o)
                0x08014060                ClearDTOG_RX
 .text.ClearDTOG_TX
                0x08014084       0x24 lib/STM32_USB-FS-Device_Driver/libstm32usb.a(usb_regs.o)
                0x08014084                ClearDTOG_TX
 .text.SetEPTxAddr
                0x080140a8       0x20 lib/STM32_USB-FS-Device_Driver/libstm32usb.a(usb_regs.o)
                0x080140a8                SetEPTxAddr
 .text.SetEPRxAddr
                0x080140c8       0x20 lib/STM32_USB-FS-Device_Driver/libstm32usb.a(usb_regs.o)
                0x080140c8                SetEPRxAddr
 .text.GetEPTxAddr
                0x080140e8       0x1c lib/STM32_USB-FS-Device_Driver/libstm32usb.a(usb_regs.o)
                0x080140e8                GetEPTxAddr
 .text.GetEPRxAddr
                0x08014104       0x1c lib/STM32_USB-FS-Device_Driver/libstm32usb.a(usb_regs.o)
                0x08014104                GetEPRxAddr
 .text.SetEPTxCount
                0x08014120       0x1c lib/STM32_USB-FS-Device_Driver/libstm32usb.a(usb_regs.o)
                0x08014120                SetEPTxCount
 .text.SetEPRxCount
                0x0801413c       0x3c lib/STM32_USB-FS-Device_Driver/libstm32usb.a(usb_regs.o)
                0x0801413c                SetEPRxCount
 .text.GetEPRxCount
                0x08014178       0x20 lib/STM32_USB-FS-Device_Driver/libstm32usb.a(usb_regs.o)
                0x08014178                GetEPRxCount
 .text.ByteSwap
                0x08014198        0xa lib/STM32_USB-FS-Device_Driver/libstm32usb.a(usb_regs.o)
                0x08014198                ByteSwap
 *fill*         0x080141a2        0x2 00
 .text.USB_SIL_Init
                0x080141a4       0x20 lib/STM32_USB-FS-Device_Driver/libstm32usb.a(usb_sil.o)
                0x080141a4                USB_SIL_Init
 .text.USB_SIL_Write
                0x080141c4       0x28 lib/STM32_USB-FS-Device_Driver/libstm32usb.a(usb_sil.o)
                0x080141c4                USB_SIL_Write
 .text.USB_SIL_Read
                0x080141ec       0x24 lib/STM32_USB-FS-Device_Driver/libstm32usb.a(usb_sil.o)
                0x080141ec                USB_SIL_Read
 .text.__register_exitproc
                0x08014210       0xac /home/laurence/ARM-GCC/bin/../lib/gcc/arm-none-eabi/4.7.4/../../../../arm-none-eabi/lib/armv7-m/libg.a(lib_a-__atexit.o)
                0x08014210                __register_exitproc
 .text.exit     0x080142bc       0x20 /home/laurence/ARM-GCC/bin/../lib/gcc/arm-none-eabi/4.7.4/../../../../arm-none-eabi/lib/armv7-m/libg.a(lib_a-exit.o)
                0x080142bc                exit
 .text.__libc_fini_array
                0x080142dc       0x50 /home/laurence/ARM-GCC/bin/../lib/gcc/arm-none-eabi/4.7.4/../../../../arm-none-eabi/lib/armv7-m/libg.a(lib_a-fini.o)
                0x080142dc                __libc_fini_array
 .text.__libc_init_array
                0x0801432c       0x94 /home/laurence/ARM-GCC/bin/../lib/gcc/arm-none-eabi/4.7.4/../../../../arm-none-eabi/lib/armv7-m/libg.a(lib_a-init.o)
                0x0801432c                __libc_init_array
 .text.memset   0x080143c0      0x12c /home/laurence/ARM-GCC/bin/../lib/gcc/arm-none-eabi/4.7.4/../../../../arm-none-eabi/lib/armv7-m/libg.a(lib_a-memset.o)
                0x080143c0                memset
 .text.srand    0x080144ec       0x18 /home/laurence/ARM-GCC/bin/../lib/gcc/arm-none-eabi/4.7.4/../../../../arm-none-eabi/lib/armv7-m/libg.a(lib_a-rand.o)
                0x080144ec                srand
 .text.rand     0x08014504       0x48 /home/laurence/ARM-GCC/bin/../lib/gcc/arm-none-eabi/4.7.4/../../../../arm-none-eabi/lib/armv7-m/libg.a(lib_a-rand.o)
                0x08014504                rand
 .text.startup.register_fini
                0x0801454c       0x14 /home/laurence/ARM-GCC/bin/../lib/gcc/arm-none-eabi/4.7.4/../../../../arm-none-eabi/lib/armv7-m/libg.a(lib_a-__call_atexit.o)
 .text.__call_exitprocs
                0x08014560      0x288 /home/laurence/ARM-GCC/bin/../lib/gcc/arm-none-eabi/4.7.4/../../../../arm-none-eabi/lib/armv7-m/libg.a(lib_a-__call_atexit.o)
                0x08014560                __call_exitprocs
 .text.atexit   0x080147e8        0xc /home/laurence/ARM-GCC/bin/../lib/gcc/arm-none-eabi/4.7.4/../../../../arm-none-eabi/lib/armv7-m/libg.a(lib_a-atexit.o)
                0x080147e8                atexit
 .text.roundf   0x080147f4       0x54 /home/laurence/ARM-GCC/bin/../lib/gcc/arm-none-eabi/4.7.4/../../../../arm-none-eabi/lib/armv7-m/libm.a(lib_a-sf_round.o)
                0x080147f4                roundf
 .text.sinf     0x08014848       0x78 /home/laurence/ARM-GCC/bin/../lib/gcc/arm-none-eabi/4.7.4/../../../../arm-none-eabi/lib/armv7-m/libm.a(lib_a-sf_sin.o)
                0x08014848                sinf
 .text.atan2    0x080148c0        0x4 /home/laurence/ARM-GCC/bin/../lib/gcc/arm-none-eabi/4.7.4/../../../../arm-none-eabi/lib/armv7-m/libm.a(lib_a-w_atan2.o)
                0x080148c0                atan2
 .text.acosf    0x080148c4       0xa0 /home/laurence/ARM-GCC/bin/../lib/gcc/arm-none-eabi/4.7.4/../../../../arm-none-eabi/lib/armv7-m/libm.a(lib_a-wf_acos.o)
                0x080148c4                acosf
 .text.atan2f   0x08014964        0x4 /home/laurence/ARM-GCC/bin/../lib/gcc/arm-none-eabi/4.7.4/../../../../arm-none-eabi/lib/armv7-m/libm.a(lib_a-wf_atan2.o)
                0x08014964                atan2f
 .text.sqrtf    0x08014968       0x9c /home/laurence/ARM-GCC/bin/../lib/gcc/arm-none-eabi/4.7.4/../../../../arm-none-eabi/lib/armv7-m/libm.a(lib_a-wf_sqrt.o)
                0x08014968                sqrtf
 *fill*         0x08014a04        0x4 00
 .text.__ieee754_atan2
                0x08014a08      0x218 /home/laurence/ARM-GCC/bin/../lib/gcc/arm-none-eabi/4.7.4/../../../../arm-none-eabi/lib/armv7-m/libm.a(lib_a-e_atan2.o)
                0x08014a08                __ieee754_atan2
 .text.__ieee754_acosf
                0x08014c20      0x368 /home/laurence/ARM-GCC/bin/../lib/gcc/arm-none-eabi/4.7.4/../../../../arm-none-eabi/lib/armv7-m/libm.a(lib_a-ef_acos.o)
                0x08014c20                __ieee754_acosf
 .text.__ieee754_atan2f
                0x08014f88      0x14c /home/laurence/ARM-GCC/bin/../lib/gcc/arm-none-eabi/4.7.4/../../../../arm-none-eabi/lib/armv7-m/libm.a(lib_a-ef_atan2.o)
                0x08014f88                __ieee754_atan2f
 .text.__ieee754_rem_pio2f
                0x080150d4      0x358 /home/laurence/ARM-GCC/bin/../lib/gcc/arm-none-eabi/4.7.4/../../../../arm-none-eabi/lib/armv7-m/libm.a(lib_a-ef_rem_pio2.o)
                0x080150d4                __ieee754_rem_pio2f
 .text.__ieee754_sqrtf
                0x0801542c       0xd4 /home/laurence/ARM-GCC/bin/../lib/gcc/arm-none-eabi/4.7.4/../../../../arm-none-eabi/lib/armv7-m/libm.a(lib_a-ef_sqrt.o)
                0x0801542c                __ieee754_sqrtf
 .text.__kernel_cosf
                0x08015500      0x1b8 /home/laurence/ARM-GCC/bin/../lib/gcc/arm-none-eabi/4.7.4/../../../../arm-none-eabi/lib/armv7-m/libm.a(lib_a-kf_cos.o)
                0x08015500                __kernel_cosf
 .text.__kernel_rem_pio2f
                0x080156b8      0xba0 /home/laurence/ARM-GCC/bin/../lib/gcc/arm-none-eabi/4.7.4/../../../../arm-none-eabi/lib/armv7-m/libm.a(lib_a-kf_rem_pio2.o)
                0x080156b8                __kernel_rem_pio2f
 .text.__kernel_sinf
                0x08016258      0x100 /home/laurence/ARM-GCC/bin/../lib/gcc/arm-none-eabi/4.7.4/../../../../arm-none-eabi/lib/armv7-m/libm.a(lib_a-kf_sin.o)
                0x08016258                __kernel_sinf
 .text.atan     0x08016358      0x368 /home/laurence/ARM-GCC/bin/../lib/gcc/arm-none-eabi/4.7.4/../../../../arm-none-eabi/lib/armv7-m/libm.a(lib_a-s_atan.o)
                0x08016358                atan
 .text.fabs     0x080166c0        0x8 /home/laurence/ARM-GCC/bin/../lib/gcc/arm-none-eabi/4.7.4/../../../../arm-none-eabi/lib/armv7-m/libm.a(lib_a-s_fabs.o)
                0x080166c0                fabs
 .text.matherr  0x080166c8        0x4 /home/laurence/ARM-GCC/bin/../lib/gcc/arm-none-eabi/4.7.4/../../../../arm-none-eabi/lib/armv7-m/libm.a(lib_a-s_matherr.o)
                0x080166c8                matherr
 .text.nan      0x080166cc        0xc /home/laurence/ARM-GCC/bin/../lib/gcc/arm-none-eabi/4.7.4/../../../../arm-none-eabi/lib/armv7-m/libm.a(lib_a-s_nan.o)
                0x080166cc                nan
 .text.atanf    0x080166d8      0x258 /home/laurence/ARM-GCC/bin/../lib/gcc/arm-none-eabi/4.7.4/../../../../arm-none-eabi/lib/armv7-m/libm.a(lib_a-sf_atan.o)
                0x080166d8                atanf
 .text.fabsf    0x08016930        0x8 /home/laurence/ARM-GCC/bin/../lib/gcc/arm-none-eabi/4.7.4/../../../../arm-none-eabi/lib/armv7-m/libm.a(lib_a-sf_fabs.o)
                0x08016930                fabsf
 .text.floorf   0x08016938       0x94 /home/laurence/ARM-GCC/bin/../lib/gcc/arm-none-eabi/4.7.4/../../../../arm-none-eabi/lib/armv7-m/libm.a(lib_a-sf_floor.o)
                0x08016938                floorf
 .text.__fpclassifyf
                0x080169cc       0x58 /home/laurence/ARM-GCC/bin/../lib/gcc/arm-none-eabi/4.7.4/../../../../arm-none-eabi/lib/armv7-m/libm.a(lib_a-sf_fpclassify.o)
                0x080169cc                __fpclassifyf
 .text.scalbnf  0x08016a24       0xc0 /home/laurence/ARM-GCC/bin/../lib/gcc/arm-none-eabi/4.7.4/../../../../arm-none-eabi/lib/armv7-m/libm.a(lib_a-sf_scalbn.o)
                0x08016a24                scalbnf
 .text.copysignf
                0x08016ae4        0xc /home/laurence/ARM-GCC/bin/../lib/gcc/arm-none-eabi/4.7.4/../../../../arm-none-eabi/lib/armv7-m/libm.a(lib_a-sf_copysign.o)
                0x08016ae4                copysignf
 .text._sbrk    0x08016af0       0x34 /home/laurence/ARM-GCC/bin/../lib/gcc/arm-none-eabi/4.7.4/../../../../arm-none-eabi/lib/armv7-m/libnosys.a(sbrk.o)
                0x08016af0                _sbrk
 .text._exit    0x08016b24        0x4 /home/laurence/ARM-GCC/bin/../lib/gcc/arm-none-eabi/4.7.4/../../../../arm-none-eabi/lib/armv7-m/libnosys.a(_exit.o)
                0x08016b24                _exit
 .text.__errno  0x08016b28        0xc /home/laurence/ARM-GCC/bin/../lib/gcc/arm-none-eabi/4.7.4/../../../../arm-none-eabi/lib/armv7-m/libg.a(lib_a-errno.o)
                0x08016b28                __errno
 *(.init)
 .init          0x08016b34        0x4 /home/laurence/ARM-GCC/bin/../lib/gcc/arm-none-eabi/4.7.4/armv7-m/crti.o
                0x08016b34                _init
 .init          0x08016b38        0x8 /home/laurence/ARM-GCC/bin/../lib/gcc/arm-none-eabi/4.7.4/armv7-m/crtn.o
 *(.fini)
 .fini          0x08016b40        0x4 /home/laurence/ARM-GCC/bin/../lib/gcc/arm-none-eabi/4.7.4/armv7-m/crti.o
                0x08016b40                _fini
 .fini          0x08016b44        0x8 /home/laurence/ARM-GCC/bin/../lib/gcc/arm-none-eabi/4.7.4/armv7-m/crtn.o
 *crtbegin.o(.ctors)
 *crtbegin?.o(.ctors)
 *(EXCLUDE_FILE(*crtend.o *crtend?.o) .ctors)
 *(SORT(.ctors.*))
 *(.ctors)
 *crtbegin.o(.dtors)
 *crtbegin?.o(.dtors)
 *(EXCLUDE_FILE(*crtend.o *crtend?.o) .dtors)
 *(SORT(.dtors.*))
 *(.dtors)
 *(.rodata*)
 .rodata        0x08016b4c       0x10 /tmp/ccbLjpJb.ltrans0.ltrans.o
                0x08016b4c                DaysInMonth.5305
                0x08016b58                SystemFrequency
 .rodata.str1.4
                0x08016b5c      0x1a2 /tmp/ccbLjpJb.ltrans0.ltrans.o
                                0x1b0 (size before relaxing)
 *fill*         0x08016cfe        0x2 00
 .rodata        0x08016d00       0x34 /tmp/ccbLjpJb.ltrans2.ltrans.o
 .rodata.str1.4
                0x08016d34       0x31 /tmp/ccbLjpJb.ltrans2.ltrans.o
                                 0x34 (size before relaxing)
 *fill*         0x08016d65        0x3 00
 .rodata        0x08016d68       0xa8 /tmp/ccbLjpJb.ltrans4.ltrans.o
 .rodata.str1.4
                0x08016e10      0x139 /tmp/ccbLjpJb.ltrans4.ltrans.o
                                0x140 (size before relaxing)
 *fill*         0x08016f49        0x3 00
 .rodata        0x08016f4c       0x10 /tmp/ccbLjpJb.ltrans8.ltrans.o
                0x08016f4c                LfnOfs.5223
 .rodata        0x08016f5c       0x78 /tmp/ccbLjpJb.ltrans9.ltrans.o
 .rodata.str1.4
                0x08016fd4        0x9 /tmp/ccbLjpJb.ltrans9.ltrans.o
                                  0xc (size before relaxing)
 *fill*         0x08016fdd        0x3 00
 .rodata.str1.4
                0x08016fe0       0xf3 /tmp/ccbLjpJb.ltrans11.ltrans.o
                                0x100 (size before relaxing)
 *fill*         0x080170d3        0x1 00
 .rodata        0x080170d4      0x540 /tmp/ccbLjpJb.ltrans12.ltrans.o
                0x08017494                Tbl.4894
 .rodata.str1.4
                0x08017614       0x13 /tmp/ccbLjpJb.ltrans12.ltrans.o
                                 0x14 (size before relaxing)
 *fill*         0x08017627        0x1 00
 .rodata.str1.4
                0x08017628        0x2 /home/laurence/ARM-GCC/bin/../lib/gcc/arm-none-eabi/4.7.4/../../../../arm-none-eabi/lib/armv7-m/libg.a(lib_a-impure.o)
                                  0x4 (size before relaxing)
 *fill*         0x0801762a        0x2 00
 .rodata._global_impure_ptr
                0x0801762c        0x4 /home/laurence/ARM-GCC/bin/../lib/gcc/arm-none-eabi/4.7.4/../../../../arm-none-eabi/lib/armv7-m/libg.a(lib_a-impure.o)
                0x0801762c                _global_impure_ptr
 .rodata.str1.4
                0x08017630        0x6 /home/laurence/ARM-GCC/bin/../lib/gcc/arm-none-eabi/4.7.4/../../../../arm-none-eabi/lib/armv7-m/libm.a(lib_a-wf_acos.o)
                                  0xc (size before relaxing)
 *fill*         0x08017636        0x2 00
 .rodata.str1.4
                0x08017638        0x8 /home/laurence/ARM-GCC/bin/../lib/gcc/arm-none-eabi/4.7.4/../../../../arm-none-eabi/lib/armv7-m/libm.a(lib_a-wf_sqrt.o)
 .rodata.npio2_hw
                0x08017640       0x80 /home/laurence/ARM-GCC/bin/../lib/gcc/arm-none-eabi/4.7.4/../../../../arm-none-eabi/lib/armv7-m/libm.a(lib_a-ef_rem_pio2.o)
 .rodata.two_over_pi
                0x080176c0      0x318 /home/laurence/ARM-GCC/bin/../lib/gcc/arm-none-eabi/4.7.4/../../../../arm-none-eabi/lib/armv7-m/libm.a(lib_a-ef_rem_pio2.o)
 .rodata.init_jk
                0x080179d8        0xc /home/laurence/ARM-GCC/bin/../lib/gcc/arm-none-eabi/4.7.4/../../../../arm-none-eabi/lib/armv7-m/libm.a(lib_a-kf_rem_pio2.o)
 .rodata.PIo2   0x080179e4       0x2c /home/laurence/ARM-GCC/bin/../lib/gcc/arm-none-eabi/4.7.4/../../../../arm-none-eabi/lib/armv7-m/libm.a(lib_a-kf_rem_pio2.o)
 .rodata.atanlo
                0x08017a10       0x20 /home/laurence/ARM-GCC/bin/../lib/gcc/arm-none-eabi/4.7.4/../../../../arm-none-eabi/lib/armv7-m/libm.a(lib_a-s_atan.o)
 .rodata.atanhi
                0x08017a30       0x20 /home/laurence/ARM-GCC/bin/../lib/gcc/arm-none-eabi/4.7.4/../../../../arm-none-eabi/lib/armv7-m/libm.a(lib_a-s_atan.o)
 .rodata.atanlo
                0x08017a50       0x10 /home/laurence/ARM-GCC/bin/../lib/gcc/arm-none-eabi/4.7.4/../../../../arm-none-eabi/lib/armv7-m/libm.a(lib_a-sf_atan.o)
 .rodata.atanhi
                0x08017a60       0x10 /home/laurence/ARM-GCC/bin/../lib/gcc/arm-none-eabi/4.7.4/../../../../arm-none-eabi/lib/armv7-m/libm.a(lib_a-sf_atan.o)
 *(.eh_frame*)
 .eh_frame      0x08017a70        0x0 /home/laurence/ARM-GCC/bin/../lib/gcc/arm-none-eabi/4.7.4/armv7-m/crtbegin.o
 .eh_frame      0x08017a70        0x4 /home/laurence/ARM-GCC/bin/../lib/gcc/arm-none-eabi/4.7.4/armv7-m/crtend.o

.glue_7         0x08017a74        0x0
 .glue_7        0x00000000        0x0 linker stubs

.glue_7t        0x08017a74        0x0
 .glue_7t       0x00000000        0x0 linker stubs

.vfp11_veneer   0x08017a74        0x0
 .vfp11_veneer  0x00000000        0x0 linker stubs

.v4_bx          0x08017a74        0x0
 .v4_bx         0x00000000        0x0 linker stubs

.iplt           0x08017a74        0x0
 .iplt          0x00000000        0x0 /home/laurence/ARM-GCC/bin/../lib/gcc/arm-none-eabi/4.7.4/armv7-m/crtbegin.o

.ARM.extab
 *(.ARM.extab* .gnu.linkonce.armextab.*)
                0x08017a74                __exidx_start = .

.ARM.exidx      0x08017a74        0x8
 *(.ARM.exidx* .gnu.linkonce.armexidx.*)
 .ARM.exidx     0x08017a74        0x8 /home/laurence/ARM-GCC/bin/../lib/gcc/arm-none-eabi/4.7.4/../../../../arm-none-eabi/lib/armv7-m/crt0.o
                0x08017a7c                __exidx_end = .
                0x08017a7c                __etext = .

.rel.dyn        0x08017a7c        0x0
 .rel.iplt      0x00000000        0x0 /home/laurence/ARM-GCC/bin/../lib/gcc/arm-none-eabi/4.7.4/armv7-m/crtbegin.o

.data           0x20000000      0xa48 load address 0x08017a7c
                0x20000000                __data_start__ = .
 *(vtable)
 *(.data*)
 .data          0x20000000        0xc /tmp/ccbLjpJb.ltrans0.ltrans.o
                0x20000000                Stat.5495
                0x20000001                rtc_correction
                0x20000008                SP1ML_network_address
 .data          0x2000000c       0x90 /tmp/ccbLjpJb.ltrans1.ltrans.o
                0x20000054                Scsi_Sense_Data
                0x20000080                pEpInt_OUT
 .data          0x2000009c       0x18 /tmp/ccbLjpJb.ltrans2.ltrans.o
                0x200000b0                Device_Table
 .data          0x200000b4        0x3 /tmp/ccbLjpJb.ltrans3.ltrans.o
                0x200000b4                RLD_replaced.7607
 *fill*         0x200000b7        0x1 00
 .data          0x200000b8       0x1c /tmp/ccbLjpJb.ltrans5.ltrans.o
                0x200000b8                pEpInt_IN
 .data          0x200000d4       0x4c /tmp/ccbLjpJb.ltrans7.ltrans.o
                0x200000d4                I2C_jobs
 .data          0x20000120       0x8c /tmp/ccbLjpJb.ltrans9.ltrans.o
                0x20000160                String_Descriptor
                0x20000188                User_Standard_Requests
 .data          0x200001ac       0x34 /tmp/ccbLjpJb.ltrans15.ltrans.o
                0x200001ac                Device_Property
 .data.__malloc_av_
                0x200001e0      0x408 /home/laurence/ARM-GCC/bin/../lib/gcc/arm-none-eabi/4.7.4/../../../../arm-none-eabi/lib/armv7-m/libg.a(lib_a-mallocr.o)
                0x200001e0                __malloc_av_
 .data.__malloc_trim_threshold
                0x200005e8        0x4 /home/laurence/ARM-GCC/bin/../lib/gcc/arm-none-eabi/4.7.4/../../../../arm-none-eabi/lib/armv7-m/libg.a(lib_a-mallocr.o)
                0x200005e8                __malloc_trim_threshold
 .data.__malloc_sbrk_base
                0x200005ec        0x4 /home/laurence/ARM-GCC/bin/../lib/gcc/arm-none-eabi/4.7.4/../../../../arm-none-eabi/lib/armv7-m/libg.a(lib_a-mallocr.o)
                0x200005ec                __malloc_sbrk_base
 .data.ADCPrescTable
                0x200005f0        0x4 lib/STM32F10x_StdPeriph_Driver/libstm32fw.a(stm32f10x_rcc.o)
 .data.APBAHBPrescTable
                0x200005f4       0x10 lib/STM32F10x_StdPeriph_Driver/libstm32fw.a(stm32f10x_rcc.o)
 *fill*         0x20000604        0x4 00
 .data.impure_data
                0x20000608      0x428 /home/laurence/ARM-GCC/bin/../lib/gcc/arm-none-eabi/4.7.4/../../../../arm-none-eabi/lib/armv7-m/libg.a(lib_a-impure.o)
 .data._impure_ptr
                0x20000a30        0x4 /home/laurence/ARM-GCC/bin/../lib/gcc/arm-none-eabi/4.7.4/../../../../arm-none-eabi/lib/armv7-m/libg.a(lib_a-impure.o)
                0x20000a30                _impure_ptr
 .data.__fdlib_version
                0x20000a34        0x1 /home/laurence/ARM-GCC/bin/../lib/gcc/arm-none-eabi/4.7.4/../../../../arm-none-eabi/lib/armv7-m/libm.a(lib_a-s_lib_ver.o)
                0x20000a34                __fdlib_version
                0x20000a38                . = ALIGN (0x4)
 *fill*         0x20000a35        0x3 00
                0x20000a38                PROVIDE (__preinit_array_start, .)
 *(.preinit_array)
                0x20000a38                PROVIDE (__preinit_array_end, .)
                0x20000a38                . = ALIGN (0x4)
                0x20000a38                PROVIDE (__init_array_start, .)
 *(SORT(.init_array.*))
 .init_array.00000
                0x20000a38        0x4 /home/laurence/ARM-GCC/bin/../lib/gcc/arm-none-eabi/4.7.4/../../../../arm-none-eabi/lib/armv7-m/libg.a(lib_a-__call_atexit.o)
 *(.init_array)
 .init_array    0x20000a3c        0x4 /home/laurence/ARM-GCC/bin/../lib/gcc/arm-none-eabi/4.7.4/armv7-m/crtbegin.o
                0x20000a40                PROVIDE (__init_array_end, .)
                0x20000a40                . = ALIGN (0x4)
                0x20000a40                PROVIDE (__fini_array_start, .)
 *(SORT(.fini_array.*))
 *(.fini_array)
 .fini_array    0x20000a40        0x4 /home/laurence/ARM-GCC/bin/../lib/gcc/arm-none-eabi/4.7.4/armv7-m/crtbegin.o
                0x20000a44                PROVIDE (__fini_array_end, .)
 *(.jcr*)
 .jcr           0x20000a44        0x0 /home/laurence/ARM-GCC/bin/../lib/gcc/arm-none-eabi/4.7.4/armv7-m/crtbegin.o
 .jcr           0x20000a44        0x4 /home/laurence/ARM-GCC/bin/../lib/gcc/arm-none-eabi/4.7.4/armv7-m/crtend.o
                0x20000a48                . = ALIGN (0x4)
                0x20000a48                __data_end__ = .

.igot.plt       0x20000a48        0x0 load address 0x080184c4
 .igot.plt      0x00000000        0x0 /home/laurence/ARM-GCC/bin/../lib/gcc/arm-none-eabi/4.7.4/armv7-m/crtbegin.o

.bss            0x20000a48     0x1410 load address 0x080184c8
                0x20000a48                . = ALIGN (0x4)
                0x20000a48                __bss_start__ = .
 *(.bss*)
 .bss           0x20000a48       0x1c /home/laurence/ARM-GCC/bin/../lib/gcc/arm-none-eabi/4.7.4/armv7-m/crtbegin.o
 *fill*         0x20000a64        0x4 00
 .bss           0x20000a68      0xdd8 /tmp/ccbLjpJb.ltrans0.ltrans.o
                0x20000e90                bootsource
                0x20000e94                Millis
                0x20000e9c                Gps_Buffer
                0x20000ea8                rputchar.5784
                0x20000eac                Status
                0x20000eb0                Data_Buffer
                0x20000eb4                bDeviceState
                0x20000eb8                Battery_Voltage
                0x20000ebc                FatFs.5226
                0x200010f8                FATFS_wavfile
                0x20001350                print_string
                0x20001374                FATFS_wavfile_gps
                0x20001598                FATFS_wavfile_imu
                0x200017bc                file_opened
                0x200017c0                PI_glob
                0x200017d8                I_limits
                0x200017e4                flashCodeEnabled
                0x200017e8                Gps
                0x20001824                GPS_telem
                0x20001834                flashCode
                0x20001839                SP1ML_state
                0x2000183d                System_state_Global
                0x2000183e                Shutdown_System
 .bss           0x20001840       0xa8 /tmp/ccbLjpJb.ltrans1.ltrans.o
                0x20001848                CBW
                0x20001868                Bulk_Data_Buff
                0x200018a8                Data_Len
                0x200018aa                Bot_State
                0x200018ac                CSW
                0x200018bc                SCSI_LBA
                0x200018c0                SCSI_BlkLen
                0x200018c4                Max_Lun
                0x200018c8                Mass_Block_Count
                0x200018d0                Mass_Block_Size
 .bss           0x200018e8       0xb0 /tmp/ccbLjpJb.ltrans2.ltrans.o
 .bss           0x20001998      0x3ac /tmp/ccbLjpJb.ltrans3.ltrans.o
                0x2000199c                ECG_buffers
                0x20001a9c                channel_wct_conf.7610
                0x20001aa0                wct.7594
                0x20001aac                quality_mask.7615
                0x20001aad                Enable.7612
                0x20001b10                qualityfilter.7616
                0x20001b30                Cap.7614
                0x20001b31                Actual_gain.7613
                0x20001b32                old_quality_mask.7619
                0x20001b34                old_wct.7617
                0x20001b3c                rld_sense.7609
                0x20001b3e                ADS1298_Error_Status
                0x20001b42                rld_replace_counter.7608
                0x20001b44                Gain.7606
                0x20001b48                Completed_Jobs
                0x20001b4c                IMU_buff
                0x20001bec                LSM9DS1_Gyro_Buffer
                0x20001bf8                LSM9DS1_Acc_Buffer
                0x20001c00                LSM9DS1_Mag_Buffer
                0x20001c08                I2C1error
                0x20001c0c                Jobs
                0x20001c16                I2C_failure
                0x20001cd8                Filtered_ECG
                0x20001cec                SP1ML_tx_rx_state
                0x20001cf8                Usart3_rx_buff
                0x20001d08                SP1ML_tx_sequence_number
                0x20001d18                Usart1_rx_buff
                0x20001d28                RN42_tx_sequence_number
                0x20001d2c                Usart3_tx_buff
                0x20001d3c                SP1ML_tx_bytes
                0x20001d40                SP1ML_withold
 .bss           0x20001d44       0x10 /tmp/ccbLjpJb.ltrans5.ltrans.o
 .bss           0x20001d54        0x8 /tmp/ccbLjpJb.ltrans6.ltrans.o
                0x20001d58                Sd_Spi_Called_From_USB_MSC
 .bss           0x20001d5c        0x4 /tmp/ccbLjpJb.ltrans7.ltrans.o
                0x20001d5f                CurrVol.5225
 .bss           0x20001d60       0x14 /tmp/ccbLjpJb.ltrans8.ltrans.o
                0x20001d64                TransferState
 .bss           0x20001d74        0xc /tmp/ccbLjpJb.ltrans9.ltrans.o
 .bss           0x20001d80        0x8 /tmp/ccbLjpJb.ltrans10.ltrans.o
                0x20001d80                LSM9DS1_Mag_Offset
 .bss           0x20001d88        0x4 /tmp/ccbLjpJb.ltrans13.ltrans.o
                0x20001d88                CardType.5496
 .bss           0x20001d8c       0x1c /tmp/ccbLjpJb.ltrans15.ltrans.o
                0x20001d8c                wIstr
                0x20001d90                Timer1.5490
                0x20001d94                Timer2.5491
                0x20001da5                job
 .bss           0x20001da8       0x10 /tmp/ccbLjpJb.ltrans16.ltrans.o
                0x20001da8                Usart1_tx_buff
 .bss           0x20001db8       0x24 /tmp/ccbLjpJb.ltrans17.ltrans.o
                0x20001db8                read_transaction.7620
                0x20001dbc                raw_data.7596
 .bss.__malloc_max_total_mem
                0x20001ddc        0x4 /home/laurence/ARM-GCC/bin/../lib/gcc/arm-none-eabi/4.7.4/../../../../arm-none-eabi/lib/armv7-m/libg.a(lib_a-mallocr.o)
                0x20001ddc                __malloc_max_total_mem
 .bss.__malloc_max_sbrked_mem
                0x20001de0        0x4 /home/laurence/ARM-GCC/bin/../lib/gcc/arm-none-eabi/4.7.4/../../../../arm-none-eabi/lib/armv7-m/libg.a(lib_a-mallocr.o)
                0x20001de0                __malloc_max_sbrked_mem
 .bss.__malloc_top_pad
                0x20001de4        0x4 /home/laurence/ARM-GCC/bin/../lib/gcc/arm-none-eabi/4.7.4/../../../../arm-none-eabi/lib/armv7-m/libg.a(lib_a-mallocr.o)
                0x20001de4                __malloc_top_pad
 .bss.__malloc_current_mallinfo
                0x20001de8       0x28 /home/laurence/ARM-GCC/bin/../lib/gcc/arm-none-eabi/4.7.4/../../../../arm-none-eabi/lib/armv7-m/libg.a(lib_a-mallocr.o)
                0x20001de8                __malloc_current_mallinfo
 .bss.Data_Mul_MaxPacketSize
                0x20001e10        0x1 lib/STM32_USB-FS-Device_Driver/libstm32usb.a(usb_core.o)
                0x20001e10                Data_Mul_MaxPacketSize
 *fill*         0x20001e11        0x3 00
 .bss.heap_end.4231
                0x20001e14        0x4 /home/laurence/ARM-GCC/bin/../lib/gcc/arm-none-eabi/4.7.4/../../../../arm-none-eabi/lib/armv7-m/libnosys.a(sbrk.o)
 *(COMMON)
 COMMON         0x20001e18        0x4 /home/laurence/ARM-GCC/bin/../lib/gcc/arm-none-eabi/4.7.4/../../../../arm-none-eabi/lib/armv7-m/libg.a(lib_a-reent.o)
                0x20001e18                errno
 COMMON         0x20001e1c        0x2 lib/STM32_USB-FS-Device_Driver/libstm32usb.a(usb_core.o)
                0x20001e1c                StatusInfo
 *fill*         0x20001e1e        0x2 00
 COMMON         0x20001e20       0x32 lib/STM32_USB-FS-Device_Driver/libstm32usb.a(usb_init.o)
                0x20001e20                SaveState
                0x20001e24                pProperty
                0x20001e28                EPindex
                0x20001e2c                Device_Info
                0x20001e48                pUser_Standard_Requests
                0x20001e4c                pInformation
                0x20001e50                wInterrupt_Mask
 COMMON         0x20001e52        0x4 lib/STM32_USB-FS-Device_Driver/libstm32usb.a(usb_int.o)
                0x20001e52                SaveRState
                0x20001e54                SaveTState
                0x20001e58                . = ALIGN (0x4)
 *fill*         0x20001e56        0x2 00
                0x20001e58                __bss_end__ = .

.heap           0x20001e58        0x0
                0x20001e58                __end__ = .
                0x20001e58                end = __end__
 *(.heap*)
 .heap          0x20001e58        0x0 lib/ARM-GCC/startup_ARMCM3.o
                0x20001e58                __HeapLimit = .

.stack_dummy    0x20001e58      0xc00
 *(.stack*)
 .stack         0x20001e58      0xc00 lib/ARM-GCC/startup_ARMCM3.o
                0x20005000                __StackTop = (ORIGIN (RAM) + 0x5000)
                0x20004400                __StackLimit = (__StackTop - SIZEOF (.stack_dummy))
                0x20005000                PROVIDE (__stack, __StackTop)
                0x00000001                ASSERT ((__StackLimit >= __HeapLimit), region RAM overflowed with stack)
OUTPUT(main.elf elf32-littlearm)

.ARM.attributes
                0x00000000       0x29
 .ARM.attributes
                0x00000000       0x1d /home/laurence/ARM-GCC/bin/../lib/gcc/arm-none-eabi/4.7.4/armv7-m/crti.o
 .ARM.attributes
                0x0000001d       0x2d /home/laurence/ARM-GCC/bin/../lib/gcc/arm-none-eabi/4.7.4/armv7-m/crtbegin.o
 .ARM.attributes
                0x0000004a       0x1b /home/laurence/ARM-GCC/bin/../lib/gcc/arm-none-eabi/4.7.4/../../../../arm-none-eabi/lib/armv7-m/crt0.o
 .ARM.attributes
                0x00000065       0x31 /tmp/ccbLjpJb.ltrans0.ltrans.o
 .ARM.attributes
                0x00000096       0x31 /tmp/ccbLjpJb.ltrans1.ltrans.o
 .ARM.attributes
                0x000000c7       0x31 /tmp/ccbLjpJb.ltrans2.ltrans.o
 .ARM.attributes
                0x000000f8       0x31 /tmp/ccbLjpJb.ltrans3.ltrans.o
 .ARM.attributes
                0x00000129       0x31 /tmp/ccbLjpJb.ltrans4.ltrans.o
 .ARM.attributes
                0x0000015a       0x31 /tmp/ccbLjpJb.ltrans5.ltrans.o
 .ARM.attributes
                0x0000018b       0x31 /tmp/ccbLjpJb.ltrans6.ltrans.o
 .ARM.attributes
                0x000001bc       0x31 /tmp/ccbLjpJb.ltrans7.ltrans.o
 .ARM.attributes
                0x000001ed       0x31 /tmp/ccbLjpJb.ltrans8.ltrans.o
 .ARM.attributes
                0x0000021e       0x31 /tmp/ccbLjpJb.ltrans9.ltrans.o
 .ARM.attributes
                0x0000024f       0x31 /tmp/ccbLjpJb.ltrans10.ltrans.o
 .ARM.attributes
                0x00000280       0x31 /tmp/ccbLjpJb.ltrans11.ltrans.o
 .ARM.attributes
                0x000002b1       0x31 /tmp/ccbLjpJb.ltrans12.ltrans.o
 .ARM.attributes
                0x000002e2       0x31 /tmp/ccbLjpJb.ltrans13.ltrans.o
 .ARM.attributes
                0x00000313       0x31 /tmp/ccbLjpJb.ltrans14.ltrans.o
 .ARM.attributes
                0x00000344       0x31 /tmp/ccbLjpJb.ltrans15.ltrans.o
 .ARM.attributes
                0x00000375       0x31 /tmp/ccbLjpJb.ltrans16.ltrans.o
 .ARM.attributes
                0x000003a6       0x31 /tmp/ccbLjpJb.ltrans17.ltrans.o
 .ARM.attributes
                0x000003d7       0x1d /home/laurence/ARM-GCC/bin/../lib/gcc/arm-none-eabi/4.7.4/armv7-m/libgcc.a(_arm_addsubdf3.o)
 .ARM.attributes
                0x000003f4       0x1d /home/laurence/ARM-GCC/bin/../lib/gcc/arm-none-eabi/4.7.4/armv7-m/libgcc.a(_arm_muldivdf3.o)
 .ARM.attributes
                0x00000411       0x1d /home/laurence/ARM-GCC/bin/../lib/gcc/arm-none-eabi/4.7.4/armv7-m/libgcc.a(_arm_cmpdf2.o)
 .ARM.attributes
                0x0000042e       0x1d /home/laurence/ARM-GCC/bin/../lib/gcc/arm-none-eabi/4.7.4/armv7-m/libgcc.a(_arm_fixdfsi.o)
 .ARM.attributes
                0x0000044b       0x1d /home/laurence/ARM-GCC/bin/../lib/gcc/arm-none-eabi/4.7.4/armv7-m/libgcc.a(_arm_fixunsdfsi.o)
 .ARM.attributes
                0x00000468       0x1d /home/laurence/ARM-GCC/bin/../lib/gcc/arm-none-eabi/4.7.4/armv7-m/libgcc.a(_arm_truncdfsf2.o)
 .ARM.attributes
                0x00000485       0x1d /home/laurence/ARM-GCC/bin/../lib/gcc/arm-none-eabi/4.7.4/armv7-m/libgcc.a(_arm_addsubsf3.o)
 .ARM.attributes
                0x000004a2       0x1d /home/laurence/ARM-GCC/bin/../lib/gcc/arm-none-eabi/4.7.4/armv7-m/libgcc.a(_arm_muldivsf3.o)
 .ARM.attributes
                0x000004bf       0x1d /home/laurence/ARM-GCC/bin/../lib/gcc/arm-none-eabi/4.7.4/armv7-m/libgcc.a(_arm_cmpsf2.o)
 .ARM.attributes
                0x000004dc       0x1d /home/laurence/ARM-GCC/bin/../lib/gcc/arm-none-eabi/4.7.4/armv7-m/libgcc.a(_arm_fixsfsi.o)
 .ARM.attributes
                0x000004f9       0x1d /home/laurence/ARM-GCC/bin/../lib/gcc/arm-none-eabi/4.7.4/armv7-m/libgcc.a(_arm_fixunssfsi.o)
 .ARM.attributes
                0x00000516       0x2d /home/laurence/ARM-GCC/bin/../lib/gcc/arm-none-eabi/4.7.4/../../../../arm-none-eabi/lib/armv7-m/libg.a(lib_a-malloc.o)
 .ARM.attributes
                0x00000543       0x2d /home/laurence/ARM-GCC/bin/../lib/gcc/arm-none-eabi/4.7.4/../../../../arm-none-eabi/lib/armv7-m/libg.a(lib_a-mallocr.o)
 .ARM.attributes
                0x00000570       0x2d /home/laurence/ARM-GCC/bin/../lib/gcc/arm-none-eabi/4.7.4/../../../../arm-none-eabi/lib/armv7-m/libg.a(lib_a-memcmp.o)
 .ARM.attributes
                0x0000059d       0x2d /home/laurence/ARM-GCC/bin/../lib/gcc/arm-none-eabi/4.7.4/../../../../arm-none-eabi/lib/armv7-m/libg.a(lib_a-memcpy.o)
 .ARM.attributes
                0x000005ca       0x2d /home/laurence/ARM-GCC/bin/../lib/gcc/arm-none-eabi/4.7.4/../../../../arm-none-eabi/lib/armv7-m/libg.a(lib_a-mlock.o)
 .ARM.attributes
                0x000005f7       0x2d /home/laurence/ARM-GCC/bin/../lib/gcc/arm-none-eabi/4.7.4/../../../../arm-none-eabi/lib/armv7-m/libg.a(lib_a-sbrkr.o)
 .ARM.attributes
                0x00000624       0x2d /home/laurence/ARM-GCC/bin/../lib/gcc/arm-none-eabi/4.7.4/../../../../arm-none-eabi/lib/armv7-m/libg.a(lib_a-strlen.o)
 .ARM.attributes
                0x00000651       0x2d /home/laurence/ARM-GCC/bin/../lib/gcc/arm-none-eabi/4.7.4/../../../../arm-none-eabi/lib/armv7-m/libg.a(lib_a-freer.o)
 .ARM.attributes
                0x0000067e       0x2d /home/laurence/ARM-GCC/bin/../lib/gcc/arm-none-eabi/4.7.4/../../../../arm-none-eabi/lib/armv7-m/libg.a(lib_a-reent.o)
 .ARM.attributes
                0x000006ab       0x1b lib/ARM-GCC/startup_ARMCM3.o
 .ARM.attributes
                0x000006c6       0x33 lib/STM32F10x_StdPeriph_Driver/libstm32fw.a(misc.o)
 .ARM.attributes
                0x000006f9       0x33 lib/STM32F10x_StdPeriph_Driver/libstm32fw.a(stm32f10x_adc.o)
 .ARM.attributes
                0x0000072c       0x33 lib/STM32F10x_StdPeriph_Driver/libstm32fw.a(stm32f10x_bkp.o)
 .ARM.attributes
                0x0000075f       0x33 lib/STM32F10x_StdPeriph_Driver/libstm32fw.a(stm32f10x_dbgmcu.o)
 .ARM.attributes
                0x00000792       0x33 lib/STM32F10x_StdPeriph_Driver/libstm32fw.a(stm32f10x_dma.o)
 .ARM.attributes
                0x000007c5       0x33 lib/STM32F10x_StdPeriph_Driver/libstm32fw.a(stm32f10x_exti.o)
 .ARM.attributes
                0x000007f8       0x33 lib/STM32F10x_StdPeriph_Driver/libstm32fw.a(stm32f10x_gpio.o)
 .ARM.attributes
                0x0000082b       0x33 lib/STM32F10x_StdPeriph_Driver/libstm32fw.a(stm32f10x_i2c.o)
 .ARM.attributes
                0x0000085e       0x33 lib/STM32F10x_StdPeriph_Driver/libstm32fw.a(stm32f10x_iwdg.o)
 .ARM.attributes
                0x00000891       0x33 lib/STM32F10x_StdPeriph_Driver/libstm32fw.a(stm32f10x_pwr.o)
 .ARM.attributes
                0x000008c4       0x33 lib/STM32F10x_StdPeriph_Driver/libstm32fw.a(stm32f10x_rcc.o)
 .ARM.attributes
                0x000008f7       0x33 lib/STM32F10x_StdPeriph_Driver/libstm32fw.a(stm32f10x_rtc.o)
 .ARM.attributes
                0x0000092a       0x33 lib/STM32F10x_StdPeriph_Driver/libstm32fw.a(stm32f10x_spi.o)
 .ARM.attributes
                0x0000095d       0x33 lib/STM32F10x_StdPeriph_Driver/libstm32fw.a(stm32f10x_tim.o)
 .ARM.attributes
                0x00000990       0x33 lib/STM32F10x_StdPeriph_Driver/libstm32fw.a(stm32f10x_usart.o)
 .ARM.attributes
                0x000009c3       0x33 lib/STM32_USB-FS-Device_Driver/libstm32usb.a(usb_core.o)
 .ARM.attributes
                0x000009f6       0x33 lib/STM32_USB-FS-Device_Driver/libstm32usb.a(usb_init.o)
 .ARM.attributes
                0x00000a29       0x33 lib/STM32_USB-FS-Device_Driver/libstm32usb.a(usb_int.o)
 .ARM.attributes
                0x00000a5c       0x33 lib/STM32_USB-FS-Device_Driver/libstm32usb.a(usb_mem.o)
 .ARM.attributes
                0x00000a8f       0x33 lib/STM32_USB-FS-Device_Driver/libstm32usb.a(usb_regs.o)
 .ARM.attributes
                0x00000ac2       0x33 lib/STM32_USB-FS-Device_Driver/libstm32usb.a(usb_sil.o)
 .ARM.attributes
                0x00000af5       0x2d /home/laurence/ARM-GCC/bin/../lib/gcc/arm-none-eabi/4.7.4/../../../../arm-none-eabi/lib/armv7-m/libg.a(lib_a-__atexit.o)