Archive member included because of file (symbol)

lib/STM32F10x_StdPeriph_Driver/libstm32fw.a(misc.o)
                              interrupts.o (symbol from plugin) (NVIC_PriorityGroupConfig)
lib/STM32F10x_StdPeriph_Driver/libstm32fw.a(stm32f10x_adc.o)
                              adc.o (symbol from plugin) (ADC_DeInit)
lib/STM32F10x_StdPeriph_Driver/libstm32fw.a(stm32f10x_bkp.o)
                              Util/fat_fs/src/rtc.o (symbol from plugin) (BKP_DeInit)
lib/STM32F10x_StdPeriph_Driver/libstm32fw.a(stm32f10x_dbgmcu.o)
                              main.o (symbol from plugin) (DBGMCU_Config)
lib/STM32F10x_StdPeriph_Driver/libstm32fw.a(stm32f10x_dma.o)
                              Util/fat_fs/src/sd_spi_stm32.o (symbol from plugin) (DMA_DeInit)
lib/STM32F10x_StdPeriph_Driver/libstm32fw.a(stm32f10x_exti.o)
                              interrupts.o (symbol from plugin) (EXTI_DeInit)
lib/STM32F10x_StdPeriph_Driver/libstm32fw.a(stm32f10x_gpio.o)
                              Util/fat_fs/src/sd_spi_stm32.o (symbol from plugin) (GPIO_Init)
lib/STM32F10x_StdPeriph_Driver/libstm32fw.a(stm32f10x_i2c.o)
                              i2c_int.o (symbol from plugin) (I2C_DeInit)
lib/STM32F10x_StdPeriph_Driver/libstm32fw.a(stm32f10x_iwdg.o)
                              watchdog.o (symbol from plugin) (IWDG_WriteAccessCmd)
lib/STM32F10x_StdPeriph_Driver/libstm32fw.a(stm32f10x_pwr.o)
                              pwr.o (symbol from plugin) (PWR_DeInit)
lib/STM32F10x_StdPeriph_Driver/libstm32fw.a(stm32f10x_rcc.o)
                              interrupts.o (symbol from plugin) (RCC_HCLKConfig)
lib/STM32F10x_StdPeriph_Driver/libstm32fw.a(stm32f10x_rtc.o)
                              Util/fat_fs/src/rtc.o (symbol from plugin) (RTC_GetCounter)
lib/STM32F10x_StdPeriph_Driver/libstm32fw.a(stm32f10x_spi.o)
                              Util/fat_fs/src/sd_spi_stm32.o (symbol from plugin) (SPI_I2S_DeInit)
lib/STM32F10x_StdPeriph_Driver/libstm32fw.a(stm32f10x_tim.o)
                              timer.o (symbol from plugin) (TIM_DeInit)
lib/STM32F10x_StdPeriph_Driver/libstm32fw.a(stm32f10x_usart.o)
                              Util/rn42_command.o (symbol from plugin) (USART_DeInit)
lib/STM32_USB-FS-Device_Driver/libstm32usb.a(usb_core.o)
                              Util/USB/usb_prop.o (symbol from plugin) (Standard_GetDescriptorData)
lib/STM32_USB-FS-Device_Driver/libstm32usb.a(usb_init.o)
                              main.o (symbol from plugin) (USB_Init)
lib/STM32_USB-FS-Device_Driver/libstm32usb.a(usb_int.o)
                              Util/USB/usb_istr.o (symbol from plugin) (CTR_LP)
lib/STM32_USB-FS-Device_Driver/libstm32usb.a(usb_mem.o)
                              lib/STM32_USB-FS-Device_Driver/libstm32usb.a(usb_core.o) (UserToPMABufferCopy)
lib/STM32_USB-FS-Device_Driver/libstm32usb.a(usb_regs.o)
                              Util/USB/usb_prop.o (symbol from plugin) (SetBTABLE)
lib/STM32_USB-FS-Device_Driver/libstm32usb.a(usb_sil.o)
                              Util/USB/usb_prop.o (symbol from plugin) (USB_SIL_Init)
/home/laurence/ARM-GCC/bin/../lib/gcc/arm-none-eabi/4.7.4/../../../../arm-none-eabi/lib/armv7-m/libc.a(lib_a-__atexit.o)
                              /home/laurence/ARM-GCC/bin/../lib/gcc/arm-none-eabi/4.7.4/../../../../arm-none-eabi/lib/armv7-m/crt0.o (__register_exitproc)
/home/laurence/ARM-GCC/bin/../lib/gcc/arm-none-eabi/4.7.4/../../../../arm-none-eabi/lib/armv7-m/libc.a(lib_a-exit.o)
                              /home/laurence/ARM-GCC/bin/../lib/gcc/arm-none-eabi/4.7.4/../../../../arm-none-eabi/lib/armv7-m/crt0.o (exit)
/home/laurence/ARM-GCC/bin/../lib/gcc/arm-none-eabi/4.7.4/../../../../arm-none-eabi/lib/armv7-m/libc.a(lib_a-fini.o)
                              /home/laurence/ARM-GCC/bin/../lib/gcc/arm-none-eabi/4.7.4/../../../../arm-none-eabi/lib/armv7-m/crt0.o (__libc_fini_array)
/home/laurence/ARM-GCC/bin/../lib/gcc/arm-none-eabi/4.7.4/../../../../arm-none-eabi/lib/armv7-m/libc.a(lib_a-impure.o)
                              /home/laurence/ARM-GCC/bin/../lib/gcc/arm-none-eabi/4.7.4/../../../../arm-none-eabi/lib/armv7-m/libc.a(lib_a-__atexit.o) (_global_impure_ptr)
/home/laurence/ARM-GCC/bin/../lib/gcc/arm-none-eabi/4.7.4/../../../../arm-none-eabi/lib/armv7-m/libc.a(lib_a-init.o)
                              /home/laurence/ARM-GCC/bin/../lib/gcc/arm-none-eabi/4.7.4/../../../../arm-none-eabi/lib/armv7-m/crt0.o (__libc_init_array)
/home/laurence/ARM-GCC/bin/../lib/gcc/arm-none-eabi/4.7.4/../../../../arm-none-eabi/lib/armv7-m/libc.a(lib_a-memset.o)
                              /home/laurence/ARM-GCC/bin/../lib/gcc/arm-none-eabi/4.7.4/../../../../arm-none-eabi/lib/armv7-m/crt0.o (memset)
/home/laurence/ARM-GCC/bin/../lib/gcc/arm-none-eabi/4.7.4/../../../../arm-none-eabi/lib/armv7-m/libc.a(lib_a-rand.o)
                              Util/sp1ml_command.o (symbol from plugin) (srand)
[...]
Memory Configuration

Name             Origin             Length             Attributes
RAM              0x20000000         0x00005000         xrw
FLASH            0x08000000         0x00020000         xr
FLASHB1          0x00000000         0x00000000         xr
EXTMEMB0         0x00000000         0x00000000         xr
EXTMEMB1         0x00000000         0x00000000         xr
EXTMEMB2         0x00000000         0x00000000         xr
EXTMEMB3         0x00000000         0x00000000         xr
STARTFLASH       0x00000000         0xffffffff
CRPPATCH         0x00000000         0xffffffff
FLASHPATCH       0x00000000         0xffffffff
ENDFLASH         0x00000000         0xffffffff
*default*        0x00000000         0xffffffff

Linker script and memory map

LOAD /home/laurence/ARM-GCC/bin/../lib/gcc/arm-none-eabi/4.7.4/armv7-m/crti.o
LOAD /home/laurence/ARM-GCC/bin/../lib/gcc/arm-none-eabi/4.7.4/armv7-m/crtbegin.o
LOAD /home/laurence/ARM-GCC/bin/../lib/gcc/arm-none-eabi/4.7.4/../../../../arm-none-eabi/lib/armv7-m/crt0.o
LOAD Util/USB/hw_config.o
LOAD /tmp/ccfLrzqR.ltrans0.ltrans.o
LOAD /tmp/ccfLrzqR.ltrans1.ltrans.o
LOAD /tmp/ccfLrzqR.ltrans2.ltrans.o
LOAD /tmp/ccfLrzqR.ltrans3.ltrans.o
LOAD /tmp/ccfLrzqR.ltrans4.ltrans.o
LOAD /tmp/ccfLrzqR.ltrans5.ltrans.o
LOAD /tmp/ccfLrzqR.ltrans6.ltrans.o
LOAD /tmp/ccfLrzqR.ltrans7.ltrans.o
LOAD /tmp/ccfLrzqR.ltrans8.ltrans.o
LOAD /tmp/ccfLrzqR.ltrans9.ltrans.o
LOAD /tmp/ccfLrzqR.ltrans10.ltrans.o
LOAD /home/laurence/ARM-GCC/bin/../lib/gcc/arm-none-eabi/4.7.4/armv7-m/libgcc.a
LOAD /home/laurence/ARM-GCC/bin/../lib/gcc/arm-none-eabi/4.7.4/../../../../arm-none-eabi/lib/armv7-m/libc.a
LOAD Util/USB/mass_mal.o
LOAD Util/USB/memory.o
LOAD Util/USB/scsi_data.o
LOAD Util/USB/usb_bot.o
LOAD Util/USB/usb_desc.o
LOAD Util/USB/usb_endp.o
LOAD Util/USB/usb_istr.o
LOAD Util/USB/usb_prop.o
LOAD Util/USB/usb_pwr.o
LOAD Util/USB/usb_scsi.o
LOAD Util/buffer.o
LOAD Util/data_alignment.o
LOAD Util/dcm_attitude.o
LOAD Util/delay.o
LOAD Util/fat_fs/option/ccsbcs.o
LOAD Util/fat_fs/src/fattime.o
LOAD Util/fat_fs/src/ff.o
LOAD Util/fat_fs/src/rtc.o
LOAD Util/fat_fs/src/sd_spi_stm32.o
LOAD Util/filter.o
LOAD Util/load_setting.o
LOAD Util/rn42_command.o
LOAD Util/rn42_conf.o
LOAD Util/rprintf.o
LOAD Util/rtc_correct.o
LOAD Util/sp1ml_command.o
LOAD Util/wave.o
LOAD adc.o
LOAD bootload.o
LOAD dma.o
LOAD gpio.o
LOAD i2c_int.o
LOAD interrupts.o
LOAD lib/CMSIS_CM3/core_cm3.o
LOAD lib/CMSIS_CM3/startup/gcc/startup_stm32f10x_md.o
LOAD lib/CMSIS_CM3/system_stm32f10x.o
LOAD main.o
LOAD pwr.o
LOAD timer.o
LOAD usart.o
LOAD watchdog.o
LOAD Sensors/ads1298.o
LOAD Sensors/lsm9ds1.o
LOAD Sensors/ubx.o
LOAD lib/STM32F10x_StdPeriph_Driver/libstm32fw.a
LOAD lib/STM32_USB-FS-Device_Driver/libstm32usb.a
LOAD /home/laurence/ARM-GCC/bin/../lib/gcc/arm-none-eabi/4.7.4/../../../../arm-none-eabi/lib/armv7-m/libm.a
LOAD /home/laurence/ARM-GCC/bin/../lib/gcc/arm-none-eabi/4.7.4/../../../../arm-none-eabi/lib/armv7-m/libnosys.a
START GROUP
LOAD /home/laurence/ARM-GCC/bin/../lib/gcc/arm-none-eabi/4.7.4/armv7-m/libgcc.a
LOAD /home/laurence/ARM-GCC/bin/../lib/gcc/arm-none-eabi/4.7.4/../../../../arm-none-eabi/lib/armv7-m/libc.a
END GROUP
LOAD /home/laurence/ARM-GCC/bin/../lib/gcc/arm-none-eabi/4.7.4/armv7-m/crtend.o
LOAD /home/laurence/ARM-GCC/bin/../lib/gcc/arm-none-eabi/4.7.4/armv7-m/crtn.o
                0x00002000                __Stack_Size = 0x2000
                0x00002000                PROVIDE (_Stack_Size, __Stack_Size)
                0x20003000                __Stack_Init = (_estack - __Stack_Size)
                0x20003000                PROVIDE (_Stack_Init, __Stack_Init)
                0x00002000                _Minimum_Stack_Size = 0x2000
                0x00000000                PROVIDE (Undefined_Handler, 0x0)
                0x00000000                PROVIDE (SWI_Handler, 0x0)
                0x00000000                PROVIDE (IRQ_Handler, 0x0)
                0x00000000                PROVIDE (Prefetch_Handler, 0x0)
                0x00000000                PROVIDE (Abort_Handler, 0x0)
                0x00000000                PROVIDE (FIQ_Handler, 0x0)
                0x00000000                PROVIDE (NMIException, 0x0)
                0x00000000                PROVIDE (NMI_Handler, 0x0)
                0x00000000                PROVIDE (HardFaultException, 0x0)
                0x00000000                PROVIDE (HardFault_Handler, 0x0)
                0x00000000                PROVIDE (MemManageException, 0x0)
                0x00000000                PROVIDE (MemManage_Handler, 0x0)
                0x00000000                PROVIDE (BusFaultException, 0x0)
                0x00000000                PROVIDE (BusFault_Handler, 0x0)
                0x00000000                PROVIDE (UsageFaultException, 0x0)
                0x00000000                PROVIDE (UsageFault_Handler, 0x0)
                0x00000000                PROVIDE (SVCHandler, 0x0)
                0x00000000                PROVIDE (SVC_Handler, 0x0)
                0x00000000                PROVIDE (DebugMonitor, 0x0)
                0x00000000                PROVIDE (DebugMon_Handler, 0x0)
                0x00000000                PROVIDE (PendSVC, 0x0)
                0x00000000                PROVIDE (PendSV_Handler, 0x0)
                0x00000000                PROVIDE (SysTickHandler, 0x0)
                0x00000000                PROVIDE (SysTick_Handler, 0x0)
                0x00000000                PROVIDE (WWDG_IRQHandler, 0x0)
                0x00000000                PROVIDE (PVD_IRQHandler, 0x0)
                0x00000000                PROVIDE (TAMPER_IRQHandler, 0x0)
                0x00000000                PROVIDE (RTC_IRQHandler, 0x0)
                0x00000000                PROVIDE (FLASH_IRQHandler, 0x0)
                0x00000000                PROVIDE (RCC_IRQHandler, 0x0)
                0x00000000                PROVIDE (EXTI0_IRQHandler, 0x0)
                0x00000000                PROVIDE (EXTI1_IRQHandler, 0x0)
                0x00000000                PROVIDE (EXTI2_IRQHandler, 0x0)
                0x00000000                PROVIDE (EXTI3_IRQHandler, 0x0)
                0x00000000                PROVIDE (EXTI4_IRQHandler, 0x0)
                0x00000000                PROVIDE (DMAChannel1_IRQHandler, 0x0)
                0x00000000                PROVIDE (DMAChannel2_IRQHandler, 0x0)
                0x00000000                PROVIDE (DMAChannel3_IRQHandler, 0x0)
                0x00000000                PROVIDE (DMAChannel4_IRQHandler, 0x0)
                0x00000000                PROVIDE (DMAChannel5_IRQHandler, 0x0)
                0x00000000                PROVIDE (DMAChannel6_IRQHandler, 0x0)
                0x00000000                PROVIDE (DMAChannel7_IRQHandler, 0x0)
                0x00000000                PROVIDE (DMA1_Channel1_IRQHandler, 0x0)
                0x00000000                PROVIDE (DMA1_Channel2_IRQHandler, 0x0)
                0x00000000                PROVIDE (DMA1_Channel3_IRQHandler, 0x0)
                0x00000000                PROVIDE (DMA1_Channel4_IRQHandler, 0x0)
                0x00000000                PROVIDE (DMA1_Channel5_IRQHandler, 0x0)
                0x00000000                PROVIDE (DMA1_Channel6_IRQHandler, 0x0)
                0x00000000                PROVIDE (DMA1_Channel7_IRQHandler, 0x0)
                0x00000000                PROVIDE (ADC_IRQHandler, 0x0)
                0x00000000                PROVIDE (ADC1_2_IRQHandler, 0x0)
                0x00000000                PROVIDE (USB_HP_CAN_TX_IRQHandler, 0x0)
                0x00000000                PROVIDE (USB_HP_CAN1_TX_IRQHandler, 0x0)
                0x00000000                PROVIDE (USB_LP_CAN_RX0_IRQHandler, 0x0)
                0x00000000                PROVIDE (USB_LP_CAN1_RX0_IRQHandler, 0x0)
                0x00000000                PROVIDE (CAN_RX1_IRQHandler, 0x0)
                0x00000000                PROVIDE (CAN1_RX1_IRQHandler, 0x0)
                0x00000000                PROVIDE (CAN_SCE_IRQHandler, 0x0)
                0x00000000                PROVIDE (CAN1_SCE_IRQHandler, 0x0)
                0x00000000                PROVIDE (EXTI9_5_IRQHandler, 0x0)
                0x00000000                PROVIDE (TIM1_BRK_IRQHandler, 0x0)
                0x00000000                PROVIDE (TIM1_UP_IRQHandler, 0x0)
                0x00000000                PROVIDE (TIM1_TRG_COM_IRQHandler, 0x0)
                0x00000000                PROVIDE (TIM1_CC_IRQHandler, 0x0)
                0x00000000                PROVIDE (TIM2_IRQHandler, 0x0)
                0x00000000                PROVIDE (TIM3_IRQHandler, 0x0)
                0x00000000                PROVIDE (TIM4_IRQHandler, 0x0)
                0x00000000                PROVIDE (I2C1_EV_IRQHandler, 0x0)
                0x00000000                PROVIDE (I2C1_ER_IRQHandler, 0x0)
                0x00000000                PROVIDE (I2C2_EV_IRQHandler, 0x0)
                0x00000000                PROVIDE (I2C2_ER_IRQHandler, 0x0)
                0x00000000                PROVIDE (SPI1_IRQHandler, 0x0)
                0x00000000                PROVIDE (SPI2_IRQHandler, 0x0)
                0x00000000                PROVIDE (USART1_IRQHandler, 0x0)
                0x00000000                PROVIDE (USART2_IRQHandler, 0x0)
                0x00000000                PROVIDE (USART3_IRQHandler, 0x0)
                0x00000000                PROVIDE (EXTI15_10_IRQHandler, 0x0)
                0x00000000                PROVIDE (RTCAlarm_IRQHandler, 0x0)
                0x00000000                PROVIDE (USBWakeUp_IRQHandler, 0x0)
                0x00000000                PROVIDE (TIM8_BRK_IRQHandler, 0x0)
                0x00000000                PROVIDE (TIM8_UP_IRQHandler, 0x0)
                0x00000000                PROVIDE (TIM8_TRG_COM_IRQHandler, 0x0)
                0x00000000                PROVIDE (TIM8_CC_IRQHandler, 0x0)
                0x00000000                PROVIDE (ADC3_IRQHandler, 0x0)
                0x00000000                PROVIDE (FSMC_IRQHandler, 0x0)
                0x00000000                PROVIDE (SDIO_IRQHandler, 0x0)
                0x00000000                PROVIDE (TIM5_IRQHandler, 0x0)
                0x00000000                PROVIDE (SPI3_IRQHandler, 0x0)
                0x00000000                PROVIDE (UART4_IRQHandler, 0x0)
                0x00000000                PROVIDE (UART5_IRQHandler, 0x0)
                0x00000000                PROVIDE (TIM6_IRQHandler, 0x0)
                0x00000000                PROVIDE (TIM7_IRQHandler, 0x0)
                0x00000000                PROVIDE (DMA2_Channel1_IRQHandler, 0x0)
                0x00000000                PROVIDE (DMA2_Channel2_IRQHandler, 0x0)
                0x00000000                PROVIDE (DMA2_Channel3_IRQHandler, 0x0)
                0x00000000                PROVIDE (DMA2_Channel4_5_IRQHandler, 0x0)
                0x42000000                PERIPH_BB_BASE = 0x42000000
                0x22000000                SRAM_BB_BASE = 0x22000000
                0x20000000                SRAM_BASE = 0x20000000
                0x40000000                PERIPH_BASE = 0x40000000
                0x40022000                PROVIDE (FLASH_BASE, 0x40022000)
                0x1ffff800                PROVIDE (OB_BASE, 0x1ffff800)
                0x40000000                APB1PERIPH_BASE = PERIPH_BASE
                0x40010000                APB2PERIPH_BASE = (PERIPH_BASE + 0x10000)
                0x40020000                AHBPERIPH_BASE = (PERIPH_BASE + 0x20000)
                0x40000000                PROVIDE (TIM2, (APB1PERIPH_BASE + 0x0))
                0x40000400                PROVIDE (TIM3, (APB1PERIPH_BASE + 0x400))
                0x40000800                PROVIDE (TIM4, (APB1PERIPH_BASE + 0x800))
                0x40002800                PROVIDE (RTC, (APB1PERIPH_BASE + 0x2800))
                0x40002c00                PROVIDE (WWDG, (APB1PERIPH_BASE + 0x2c00))
                0x40003000                PROVIDE (IWDG, (APB1PERIPH_BASE + 0x3000))
                0x40003800                PROVIDE (SPI2, (APB1PERIPH_BASE + 0x3800))
                0x40004400                PROVIDE (USART2, (APB1PERIPH_BASE + 0x4400))
                0x40004800                PROVIDE (USART3, (APB1PERIPH_BASE + 0x4800))
                0x40005400                PROVIDE (I2C1, (APB1PERIPH_BASE + 0x5400))
                0x40005800                PROVIDE (I2C2, (APB1PERIPH_BASE + 0x5800))
                0x40006400                PROVIDE (CAN, (APB1PERIPH_BASE + 0x6400))
                0x40006c00                PROVIDE (BKP, (APB1PERIPH_BASE + 0x6c00))
                0x40007000                PROVIDE (PWR, (APB1PERIPH_BASE + 0x7000))
                0x40010000                PROVIDE (AFIO, (APB2PERIPH_BASE + 0x0))
                0x40010400                PROVIDE (EXTI, (APB2PERIPH_BASE + 0x400))
                0x40010800                PROVIDE (GPIOA, (APB2PERIPH_BASE + 0x800))
                0x40010c00                PROVIDE (GPIOB, (APB2PERIPH_BASE + 0xc00))
                0x40011000                PROVIDE (GPIOC, (APB2PERIPH_BASE + 0x1000))
                0x40011400                PROVIDE (GPIOD, (APB2PERIPH_BASE + 0x1400))
                0x40011800                PROVIDE (GPIOE, (APB2PERIPH_BASE + 0x1800))
                0x40012400                PROVIDE (ADC1, (APB2PERIPH_BASE + 0x2400))
                0x40012800                PROVIDE (ADC2, (APB2PERIPH_BASE + 0x2800))
                0x40012c00                PROVIDE (TIM1, (APB2PERIPH_BASE + 0x2c00))
                0x40013000                PROVIDE (SPI1, (APB2PERIPH_BASE + 0x3000))
                0x40013800                PROVIDE (USART1, (APB2PERIPH_BASE + 0x3800))
                0x40020000                PROVIDE (DMA, (AHBPERIPH_BASE + 0x0))
                0x40020008                PROVIDE (DMA_Channel1, (AHBPERIPH_BASE + 0x8))
                0x4002001c                PROVIDE (DMA_Channel2, (AHBPERIPH_BASE + 0x1c))
                0x40020030                PROVIDE (DMA_Channel3, (AHBPERIPH_BASE + 0x30))
                0x40020044                PROVIDE (DMA_Channel4, (AHBPERIPH_BASE + 0x44))
                0x40020058                PROVIDE (DMA_Channel5, (AHBPERIPH_BASE + 0x58))
                0x4002006c                PROVIDE (DMA_Channel6, (AHBPERIPH_BASE + 0x6c))
                0x40020080                PROVIDE (DMA_Channel7, (AHBPERIPH_BASE + 0x80))
                0x40021000                PROVIDE (RCC, (AHBPERIPH_BASE + 0x1000))
                0xe000e000                SCS_BASE = 0xe000e000
                0xe000e010                PROVIDE (SysTick, (SCS_BASE + 0x10))
                0xe000e100                PROVIDE (NVIC, (SCS_BASE + 0x100))
                0xe000ed00                PROVIDE (SCB, (SCS_BASE + 0xd00))
                0x20005000                PROVIDE (_estack, (ORIGIN (RAM) + 0x5000))

.isr_vector     0x08000000      0x10c
                0x08000000                . = ALIGN (0x4)
 *(.isr_vector)
 .isr_vector    0x08000000      0x10c lib/CMSIS_CM3/startup/gcc/startup_stm32f10x_md.o
                0x08000000                g_pfnVectors
                0x0800010c                . = ALIGN (0x4)

.flash_start    0x00000000        0x0
                0x00000000                . = ALIGN (0x4)
 *(.flash_start)
 *(.flash_start.*)
                0x00000000                . = ALIGN (0x4)

.crp_patch      0x00000000        0x0
                0x00000000                . = ALIGN (0x4)
 *(.crp_patch)
                0x00000000                . = ALIGN (0x4)

.flashtext      0x0800010c        0x0
                0x0800010c                . = ALIGN (0x4)
 *(.flashtext)
                0x0800010c                . = ALIGN (0x4)

.text           0x08000110     0xf588
                0x08000110                . = ALIGN (0x4)
 *(.text)
 .text          0x08000110      0x370 /home/laurence/ARM-GCC/bin/../lib/gcc/arm-none-eabi/4.7.4/armv7-m/libgcc.a(_arm_addsubdf3.o)
                0x08000110                __aeabi_drsub
                0x08000118                __aeabi_dsub
                0x08000118                __subdf3
                0x0800011c                __adddf3
                0x0800011c                __aeabi_dadd
                0x08000394                __aeabi_ui2d
                0x08000394                __floatunsidf
                0x080003b4                __floatsidf
                0x080003b4                __aeabi_i2d
                0x080003d8                __extendsfdf2
                0x080003d8                __aeabi_f2d
                0x08000414                __aeabi_ul2d
                0x08000414                __floatundidf
                0x08000424                __floatdidf
                0x08000424                __aeabi_l2d
 .text          0x08000480      0x424 /home/laurence/ARM-GCC/bin/../lib/gcc/arm-none-eabi/4.7.4/armv7-m/libgcc.a(_arm_muldivdf3.o)
                0x08000480                __aeabi_dmul
                0x08000480                __muldf3
                0x080006d4                __aeabi_ddiv
                0x080006d4                __divdf3
 .text          0x080008a4      0x110 /home/laurence/ARM-GCC/bin/../lib/gcc/arm-none-eabi/4.7.4/armv7-m/libgcc.a(_arm_cmpdf2.o)
                0x080008a4                __gtdf2
                0x080008a4                __gedf2
                0x080008ac                __ltdf2
                0x080008ac                __ledf2
                0x080008b4                __cmpdf2
                0x080008b4                __eqdf2
                0x080008b4                __nedf2
                0x08000930                __aeabi_cdrcmple
                0x08000940                __aeabi_cdcmple
                0x08000940                __aeabi_cdcmpeq
                0x08000950                __aeabi_dcmpeq
                0x08000964                __aeabi_dcmplt
                0x08000978                __aeabi_dcmple
                0x0800098c                __aeabi_dcmpge
                0x080009a0                __aeabi_dcmpgt
 .text          0x080009b4       0x50 /home/laurence/ARM-GCC/bin/../lib/gcc/arm-none-eabi/4.7.4/armv7-m/libgcc.a(_arm_fixdfsi.o)
                0x080009b4                __fixdfsi
                0x080009b4                __aeabi_d2iz
 .text          0x08000a04       0x40 /home/laurence/ARM-GCC/bin/../lib/gcc/arm-none-eabi/4.7.4/armv7-m/libgcc.a(_arm_fixunsdfsi.o)
                0x08000a04                __fixunsdfsi
                0x08000a04                __aeabi_d2uiz
 .text          0x08000a44       0xa0 /home/laurence/ARM-GCC/bin/../lib/gcc/arm-none-eabi/4.7.4/armv7-m/libgcc.a(_arm_truncdfsf2.o)
                0x08000a44                __aeabi_d2f
                0x08000a44                __truncdfsf2
 .text          0x08000ae4      0x21c /home/laurence/ARM-GCC/bin/../lib/gcc/arm-none-eabi/4.7.4/armv7-m/libgcc.a(_arm_addsubsf3.o)
                0x08000ae4                __aeabi_frsub
                0x08000aec                __subsf3
                0x08000aec                __aeabi_fsub
                0x08000af0                __aeabi_fadd
                0x08000af0                __addsf3
                0x08000c50                __aeabi_ui2f
                0x08000c50                __floatunsisf
                0x08000c58                __aeabi_i2f
                0x08000c58                __floatsisf
                0x08000c74                __floatundisf
                0x08000c74                __aeabi_ul2f
                0x08000c84                __floatdisf
                0x08000c84                __aeabi_l2f
 .text          0x08000d00      0x2a0 /home/laurence/ARM-GCC/bin/../lib/gcc/arm-none-eabi/4.7.4/armv7-m/libgcc.a(_arm_muldivsf3.o)
                0x08000d00                __mulsf3
                0x08000d00                __aeabi_fmul
                0x08000e68                __divsf3
                0x08000e68                __aeabi_fdiv
 .text          0x08000fa0       0xec /home/laurence/ARM-GCC/bin/../lib/gcc/arm-none-eabi/4.7.4/armv7-m/libgcc.a(_arm_cmpsf2.o)
                0x08000fa0                __gtsf2
                0x08000fa0                __gesf2
                0x08000fa8                __lesf2
                0x08000fa8                __ltsf2
                0x08000fb0                __nesf2
                0x08000fb0                __eqsf2
                0x08000fb0                __cmpsf2
                0x08001010                __aeabi_cfrcmple
                0x08001018                __aeabi_cfcmple
                0x08001018                __aeabi_cfcmpeq
                0x08001028                __aeabi_fcmpeq
                0x0800103c                __aeabi_fcmplt
                0x08001050                __aeabi_fcmple
                0x08001064                __aeabi_fcmpge
                0x08001078                __aeabi_fcmpgt
 .text          0x0800108c       0x4c /home/laurence/ARM-GCC/bin/../lib/gcc/arm-none-eabi/4.7.4/armv7-m/libgcc.a(_arm_fixsfsi.o)
                0x0800108c                __fixsfsi
                0x0800108c                __aeabi_f2iz
 .text          0x080010d8       0x40 /home/laurence/ARM-GCC/bin/../lib/gcc/arm-none-eabi/4.7.4/armv7-m/libgcc.a(_arm_fixunssfsi.o)
                0x080010d8                __aeabi_f2uiz
                0x080010d8                __fixunssfsi
 *(.text.*)
 .text.startup.main
                0x08001118     0x2560 /tmp/ccfLrzqR.ltrans0.ltrans.o
                0x08001118                main
 .text.atoiRamRom.4185
                0x08003678       0x20 /tmp/ccfLrzqR.ltrans1.ltrans.o
 .text.rprintfChar.4188
                0x08003698       0x1c /tmp/ccfLrzqR.ltrans1.ltrans.o
 .text.Get_Max_Lun
                0x080036b4       0x18 /tmp/ccfLrzqR.ltrans1.ltrans.o
                0x080036b4                Get_Max_Lun
 .text.MASS_Get_Interface_Setting
                0x080036cc        0xc /tmp/ccfLrzqR.ltrans1.ltrans.o
                0x080036cc                MASS_Get_Interface_Setting
 .text.MASS_Status_Out
                0x080036d8        0x2 /tmp/ccfLrzqR.ltrans1.ltrans.o
                0x080036d8                MASS_Status_Out
 .text.MASS_Status_In
                0x080036da        0x2 /tmp/ccfLrzqR.ltrans1.ltrans.o
                0x080036da                MASS_Status_In
 .text.Mass_Storage_SetDeviceAddress
                0x080036dc        0xc /tmp/ccfLrzqR.ltrans1.ltrans.o
                0x080036dc                Mass_Storage_SetDeviceAddress
 .text.Resume_Init.4067
                0x080036e8       0x54 /tmp/ccfLrzqR.ltrans1.ltrans.o
 .text.MASS_Reset
                0x0800373c       0xf0 /tmp/ccfLrzqR.ltrans1.ltrans.o
                0x0800373c                MASS_Reset
 .text.__gps_send_char.4092
                0x0800382c       0x1c /tmp/ccfLrzqR.ltrans1.ltrans.o
 .text.Mass_Storage_SetConfiguration
                0x08003848       0x30 /tmp/ccfLrzqR.ltrans1.ltrans.o
                0x08003848                Mass_Storage_SetConfiguration
 .text.MASS_NoData_Setup
                0x08003878       0x4c /tmp/ccfLrzqR.ltrans1.ltrans.o
                0x08003878                MASS_NoData_Setup
 .text.MASS_GetDeviceDescriptor
                0x080038c4        0xc /tmp/ccfLrzqR.ltrans1.ltrans.o
                0x080038c4                MASS_GetDeviceDescriptor
 .text.MASS_GetConfigDescriptor
                0x080038d0        0xc /tmp/ccfLrzqR.ltrans1.ltrans.o
                0x080038d0                MASS_GetConfigDescriptor
 .text.MASS_GetStringDescriptor
                0x080038dc       0x20 /tmp/ccfLrzqR.ltrans1.ltrans.o
                0x080038dc                MASS_GetStringDescriptor
 .text.stm32_dma_transfer.5386
                0x080038fc       0xc8 /tmp/ccfLrzqR.ltrans1.ltrans.o
                0x080038fc                stm32_dma_transfer.5386
 .text.power_on.5377
                0x080039c4       0xec /tmp/ccfLrzqR.ltrans1.ltrans.o
                0x080039c4                power_on.5377
 .text.setup_pwm
                0x08003ab0       0x8c /tmp/ccfLrzqR.ltrans1.ltrans.o
                0x08003ab0                setup_pwm
 .text.stm32_spi_rw.5379
                0x08003b3c       0x24 /tmp/ccfLrzqR.ltrans1.ltrans.o
                0x08003b3c                stm32_spi_rw.5379
 .text.rcvr_spi.5382
                0x08003b60        0x6 /tmp/ccfLrzqR.ltrans1.ltrans.o
                0x08003b60                rcvr_spi.5382
 *fill*         0x08003b66        0x2 00
 .text.release_spi
                0x08003b68       0x18 /tmp/ccfLrzqR.ltrans1.ltrans.o
                0x08003b68                release_spi
 .text.wait_ready.5384
                0x08003b80       0x24 /tmp/ccfLrzqR.ltrans1.ltrans.o
                0x08003b80                wait_ready.5384
 .text.send_cmd
                0x08003ba4       0x8c /tmp/ccfLrzqR.ltrans1.ltrans.o
                0x08003ba4                send_cmd
 .text.EXTI_ONOFF_EN
                0x08003c30       0x54 /tmp/ccfLrzqR.ltrans1.ltrans.o
                0x08003c30                EXTI_ONOFF_EN
 .text.Resume   0x08003c84       0x88 /tmp/ccfLrzqR.ltrans1.ltrans.o
                0x08003c84                Resume
 .text.switch_leds_on
                0x08003d0c       0x20 /tmp/ccfLrzqR.ltrans1.ltrans.o
                0x08003d0c                switch_leds_on
 .text.switch_leds_off
                0x08003d2c       0x20 /tmp/ccfLrzqR.ltrans1.ltrans.o
                0x08003d2c                switch_leds_off
 .text.Gps_Send_Utf8
                0x08003d4c       0x1a /tmp/ccfLrzqR.ltrans1.ltrans.o
                0x08003d4c                Gps_Send_Utf8
 .text.Gps_Send_Str
                0x08003d66       0x16 /tmp/ccfLrzqR.ltrans1.ltrans.o
                0x08003d66                Gps_Send_Str
 .text.Usart3_Send_Str
                0x08003d7c       0x28 /tmp/ccfLrzqR.ltrans1.ltrans.o
                0x08003d7c                Usart3_Send_Str
 .text.SP1ML_assign_addr.part.1.5894
                0x08003da4       0x38 /tmp/ccfLrzqR.ltrans1.ltrans.o
                0x08003da4                SP1ML_assign_addr.part.1.5894
 .text.shutdown
                0x08003ddc       0x10 /tmp/ccfLrzqR.ltrans1.ltrans.o
                0x08003ddc                shutdown
 .text.set_rtc_correction
                0x08003dec       0x4c /tmp/ccfLrzqR.ltrans1.ltrans.o
                0x08003dec                set_rtc_correction
 .text.my_RTC_SetCounter
                0x08003e38       0x22 /tmp/ccfLrzqR.ltrans1.ltrans.o
                0x08003e38                my_RTC_SetCounter
 .text.update_rtc_timestamp
                0x08003e5a       0x26 /tmp/ccfLrzqR.ltrans1.ltrans.o
                0x08003e5a                update_rtc_timestamp
 .text.I2C1_Request_Job
                0x08003e80       0x80 /tmp/ccfLrzqR.ltrans1.ltrans.o
                0x08003e80                I2C1_Request_Job
 .text.hex_to_byte
                0x08003f00       0x1a /tmp/ccfLrzqR.ltrans1.ltrans.o
                0x08003f00                hex_to_byte
 *fill*         0x08003f1a        0x2 00
 .text.rprintf2RamRom
                0x08003f1c      0x404 /tmp/ccfLrzqR.ltrans1.ltrans.o
                0x08003f1c                rprintf2RamRom
 .text.validate.5021
                0x08004320       0x2c /tmp/ccfLrzqR.ltrans1.ltrans.o
                0x08004320                validate.5021
 .text.counter_to_struct.5293
                0x0800434c       0xa8 /tmp/ccfLrzqR.ltrans1.ltrans.o
                0x0800434c                counter_to_struct.5293
 .text.isDST.5275
                0x080043f4       0x2a /tmp/ccfLrzqR.ltrans1.ltrans.o
                0x080043f4                isDST.5275
 *fill*         0x0800441e        0x2 00
 .text.rtc_gettime
                0x08004420       0x74 /tmp/ccfLrzqR.ltrans1.ltrans.o
                0x08004420                rtc_gettime
 .text.get_fattime
                0x08004494       0x40 /tmp/ccfLrzqR.ltrans1.ltrans.o
                0x08004494                get_fattime
 .text.clust2sect
                0x080044d4       0x18 /tmp/ccfLrzqR.ltrans1.ltrans.o
                0x080044d4                clust2sect
 .text.sum_sfn.4982
                0x080044ec       0x1e /tmp/ccfLrzqR.ltrans1.ltrans.o
                0x080044ec                sum_sfn.4982
 .text.mem_cpy.4952
                0x0800450a       0x12 /tmp/ccfLrzqR.ltrans1.ltrans.o
                0x0800450a                mem_cpy.4952
 .text.ff_convert.part.0.4884
                0x0800451c       0x24 /tmp/ccfLrzqR.ltrans1.ltrans.o
                0x0800451c                ff_convert.part.0.4884
 .text.Delay    0x08004540       0x18 /tmp/ccfLrzqR.ltrans1.ltrans.o
                0x08004540                Delay
 .text.ads1298_busy_wait_command
                0x08004558       0x4c /tmp/ccfLrzqR.ltrans1.ltrans.o
                0x08004558                ads1298_busy_wait_command
 .text.unlikely.ads1298_busy_wait_write
                0x080045a4       0x88 /tmp/ccfLrzqR.ltrans1.ltrans.o
                0x080045a4                ads1298_busy_wait_write
 .text.red_flash
                0x0800462c       0x2c /tmp/ccfLrzqR.ltrans1.ltrans.o
                0x0800462c                red_flash
 .text.normalize_vector
                0x08004658       0x64 /tmp/ccfLrzqR.ltrans1.ltrans.o
                0x08004658                normalize_vector
 .text.Add_To_Buffer
                0x080046bc       0x4a /tmp/ccfLrzqR.ltrans1.ltrans.o
                0x080046bc                Add_To_Buffer
 *fill*         0x08004706        0x2 00
 .text.__usart_send_char
                0x08004708       0x50 /tmp/ccfLrzqR.ltrans1.ltrans.o
                0x08004708                __usart_send_char
 .text.Usart_Send_Str
                0x08004758       0x16 /tmp/ccfLrzqR.ltrans1.ltrans.o
                0x08004758                Usart_Send_Str
 *fill*         0x0800476e        0x2 00
 .text.RN42_generate_packet
                0x08004770       0x64 /tmp/ccfLrzqR.ltrans1.ltrans.o
                0x08004770                RN42_generate_packet
 .text.__str_print_char
                0x080047d4       0x2c /tmp/ccfLrzqR.ltrans1.ltrans.o
                0x080047d4                __str_print_char
 .text.Get_From_Buffer
                0x08004800       0x4a /tmp/ccfLrzqR.ltrans1.ltrans.o
                0x08004800                Get_From_Buffer
 *fill*         0x0800484a        0x2 00
 .text.SP1ML_command
                0x0800484c       0xa4 /tmp/ccfLrzqR.ltrans1.ltrans.o
                0x0800484c                SP1ML_command
 .text.Bot_Abort.part.2.4258
                0x080048f0       0x18 /tmp/ccfLrzqR.ltrans1.ltrans.o
                0x080048f0                Bot_Abort.part.2.4258
 .text.Set_CSW  0x08004908       0x3c /tmp/ccfLrzqR.ltrans1.ltrans.o
                0x08004908                Set_CSW
 .text.Transfer_Data_Request
                0x08004944       0x34 /tmp/ccfLrzqR.ltrans1.ltrans.o
                0x08004944                Transfer_Data_Request
 .text.IntToUnicode.4023
                0x08004978       0x2a /tmp/ccfLrzqR.ltrans1.ltrans.o
                0x08004978                IntToUnicode.4023
 *fill*         0x080049a2        0x2 00
 .text.SCSI_Write10_Cmd
                0x080049a4      0x174 /tmp/ccfLrzqR.ltrans2.ltrans.o
                0x080049a4                SCSI_Write10_Cmd
 .text.move_window.5011
                0x08004b18       0x76 /tmp/ccfLrzqR.ltrans2.ltrans.o
                0x08004b18                move_window.5011
 .text.put_fat  0x08004b8e       0xf6 /tmp/ccfLrzqR.ltrans2.ltrans.o
                0x08004b8e                put_fat
 .text.get_fat  0x08004c84       0xca /tmp/ccfLrzqR.ltrans2.ltrans.o
                0x08004c84                get_fat
 .text.remove_chain.5124
                0x08004d4e       0x54 /tmp/ccfLrzqR.ltrans2.ltrans.o
                0x08004d4e                remove_chain.5124
 .text.create_chain.5090
                0x08004da2       0x9a /tmp/ccfLrzqR.ltrans2.ltrans.o
                0x08004da2                create_chain.5090
 .text.dir_next.5094
                0x08004e3c       0xf4 /tmp/ccfLrzqR.ltrans2.ltrans.o
                0x08004e3c                dir_next.5094
 .text.f_lseek  0x08004f30      0x140 /tmp/ccfLrzqR.ltrans2.ltrans.o
                0x08004f30                f_lseek
 .text.f_write  0x08005070      0x19a /tmp/ccfLrzqR.ltrans2.ltrans.o
                0x08005070                f_write
 .text.write_wave_header
                0x0800520a       0xda /tmp/ccfLrzqR.ltrans2.ltrans.o
                0x0800520a                write_wave_header
 .text.write_wave_samples
                0x080052e4       0xaa /tmp/ccfLrzqR.ltrans2.ltrans.o
                0x080052e4                write_wave_samples
 *fill*         0x0800538e        0x2 00
 .text.__fat_print_char
                0x08005390       0x1c /tmp/ccfLrzqR.ltrans2.ltrans.o
                0x08005390                __fat_print_char
 .text.dir_sdi.5058
                0x080053ac       0x84 /tmp/ccfLrzqR.ltrans2.ltrans.o
                0x080053ac                dir_sdi.5058
 .text.SP1ML_rx_tx_data_processor
                0x08005430      0x828 /tmp/ccfLrzqR.ltrans3.ltrans.o
                0x08005430                SP1ML_rx_tx_data_processor
 .text.dir_read.5111
                0x08005c58      0x104 /tmp/ccfLrzqR.ltrans3.ltrans.o
                0x08005c58                dir_read.5111
 .text.dir_find.part.4.5098
                0x08005d5c      0x16c /tmp/ccfLrzqR.ltrans3.ltrans.o
                0x08005d5c                dir_find.part.4.5098
 .text.dir_register.5134
                0x08005ec8      0x24c /tmp/ccfLrzqR.ltrans3.ltrans.o
                0x08005ec8                dir_register.5134
 .text.MASS_Data_Setup
                0x08006114       0x38 /tmp/ccfLrzqR.ltrans4.ltrans.o
                0x08006114                MASS_Data_Setup
 .text.Mass_Storage_ClearFeature.4066
                0x0800614c       0x18 /tmp/ccfLrzqR.ltrans4.ltrans.o
 .text.MASS_init
                0x08006164       0x70 /tmp/ccfLrzqR.ltrans4.ltrans.o
                0x08006164                MASS_init
 .text.__sp1ml_send_char.4139
                0x080061d4       0x40 /tmp/ccfLrzqR.ltrans4.ltrans.o
 .text.SP1ML_generate_packet
                0x08006214       0xa8 /tmp/ccfLrzqR.ltrans4.ltrans.o
                0x08006214                SP1ML_generate_packet
 .text.I2C_Config
                0x080062bc      0x1f4 /tmp/ccfLrzqR.ltrans4.ltrans.o
                0x080062bc                I2C_Config
 .text.aligndata.constprop.32
                0x080064b0       0x44 /tmp/ccfLrzqR.ltrans4.ltrans.o
                0x080064b0                aligndata.constprop.32
 .text.vector_by_matrix.constprop.30
                0x080064f4       0x4c /tmp/ccfLrzqR.ltrans4.ltrans.o
                0x080064f4                vector_by_matrix.constprop.30
 .text.ADC_Configuration
                0x08006540      0x10c /tmp/ccfLrzqR.ltrans4.ltrans.o
                0x08006540                ADC_Configuration
 .text.USART2_reconf.constprop.8
                0x0800664c       0x50 /tmp/ccfLrzqR.ltrans4.ltrans.o
                0x0800664c                USART2_reconf.constprop.8
 .text.ads1298_wct_config.constprop.4
                0x0800669c       0xdc /tmp/ccfLrzqR.ltrans4.ltrans.o
                0x0800669c                ads1298_wct_config.constprop.4
 .text.ads1298_spi_dma_transaction
                0x08006778       0xe4 /tmp/ccfLrzqR.ltrans4.ltrans.o
                0x08006778                ads1298_spi_dma_transaction
 .text.rcvr_datablock
                0x0800685c       0x54 /tmp/ccfLrzqR.ltrans4.ltrans.o
                0x0800685c                rcvr_datablock
 .text.MAL_GetStatus
                0x080068b0       0xdc /tmp/ccfLrzqR.ltrans4.ltrans.o
                0x080068b0                MAL_GetStatus
 .text.disk_read
                0x0800698c       0xa0 /tmp/ccfLrzqR.ltrans4.ltrans.o
                0x0800698c                disk_read
 .text.check_fs.5028
                0x08006a2c       0x88 /tmp/ccfLrzqR.ltrans4.ltrans.o
                0x08006a2c                check_fs.5028
 .text.xmit_datablock.part.1.5391
                0x08006ab4       0x2c /tmp/ccfLrzqR.ltrans4.ltrans.o
                0x08006ab4                xmit_datablock.part.1.5391
 .text.disk_write
                0x08006ae0       0xcc /tmp/ccfLrzqR.ltrans5.ltrans.o
                0x08006ae0                disk_write
 .text.SCSI_Invalid_Cmd
                0x08006bac       0x3c /tmp/ccfLrzqR.ltrans5.ltrans.o
                0x08006bac                SCSI_Invalid_Cmd
 .text.SCSI_Address_Management
                0x08006be8       0x74 /tmp/ccfLrzqR.ltrans5.ltrans.o
                0x08006be8                SCSI_Address_Management
 .text.disk_initialize
                0x08006c5c      0x148 /tmp/ccfLrzqR.ltrans5.ltrans.o
                0x08006c5c                disk_initialize
 .text.chk_mounted.5032
                0x08006da4      0x320 /tmp/ccfLrzqR.ltrans5.ltrans.o
                0x08006da4                chk_mounted.5032
 .text.Gps_DMA_Process
                0x080070c4      0x1e0 /tmp/ccfLrzqR.ltrans5.ltrans.o
                0x080070c4                Gps_DMA_Process
 .text.get_fileinfo.5003
                0x080072a4       0xf0 /tmp/ccfLrzqR.ltrans5.ltrans.o
                0x080072a4                get_fileinfo.5003
 .text.Get_UBX_Ack.constprop.9
                0x08007394       0xd0 /tmp/ccfLrzqR.ltrans5.ltrans.o
                0x08007394                Get_UBX_Ack.constprop.9
 .text.I2C1_EV_IRQHandler
                0x08007464      0x58c /tmp/ccfLrzqR.ltrans6.ltrans.o
                0x08007464                I2C1_EV_IRQHandler
 .text.file_preallocation_control
                0x080079f0       0x44 /tmp/ccfLrzqR.ltrans6.ltrans.o
                0x080079f0                file_preallocation_control
 .text.f_close  0x08007a34        0xe /tmp/ccfLrzqR.ltrans6.ltrans.o
                0x08007a34                f_close
 .text.wave_terminate.4094
                0x08007a42       0xe4 /tmp/ccfLrzqR.ltrans6.ltrans.o
 *fill*         0x08007b26        0x2 00
 .text.shutdown_filesystem
                0x08007b28      0x368 /tmp/ccfLrzqR.ltrans6.ltrans.o
                0x08007b28                shutdown_filesystem
 .text.Read_Memory.4085
                0x08007e90      0x134 /tmp/ccfLrzqR.ltrans7.ltrans.o
 .text.SCSI_Read10_Cmd.4077
                0x08007fc4       0x68 /tmp/ccfLrzqR.ltrans7.ltrans.o
 .text.EP1_IN_Callback.4009
                0x0800802c       0x54 /tmp/ccfLrzqR.ltrans7.ltrans.o
 .text.EP2_OUT_Callback.4017
                0x08008080      0x31c /tmp/ccfLrzqR.ltrans7.ltrans.o
 .text.sync.5015
                0x0800839c       0xd8 /tmp/ccfLrzqR.ltrans8.ltrans.o
                0x0800839c                sync.5015
 .text.f_sync   0x08008474       0xac /tmp/ccfLrzqR.ltrans8.ltrans.o
                0x08008474                f_sync
 .text.follow_path.5104
                0x08008520      0x2c8 /tmp/ccfLrzqR.ltrans8.ltrans.o
                0x08008520                follow_path.5104
 .text.f_open   0x080087e8      0x158 /tmp/ccfLrzqR.ltrans8.ltrans.o
                0x080087e8                f_open
 .text.EXTI9_5_IRQHandler
                0x08008940       0x2c /tmp/ccfLrzqR.ltrans9.ltrans.o
                0x08008940                EXTI9_5_IRQHandler
 *fill*         0x0800896c        0x4 00
 .text.DMA1_Channel4_IRQHandler
                0x08008970      0x988 /tmp/ccfLrzqR.ltrans9.ltrans.o
                0x08008970                DMA1_Channel4_IRQHandler
 .text.USART3_IRQHandler
                0x080092f8       0xbc /tmp/ccfLrzqR.ltrans9.ltrans.o
                0x080092f8                USART3_IRQHandler
 .text.USART1_IRQHandler
                0x080093b4       0x90 /tmp/ccfLrzqR.ltrans9.ltrans.o
                0x080093b4                USART1_IRQHandler
 .text.USB_LP_CAN1_RX0_IRQHandler
                0x08009444      0x120 /tmp/ccfLrzqR.ltrans10.ltrans.o
                0x08009444                USB_LP_CAN1_RX0_IRQHandler
 .text.USB_HP_CAN1_TX_IRQHandler
                0x08009564        0x4 /tmp/ccfLrzqR.ltrans10.ltrans.o
                0x08009564                USB_HP_CAN1_TX_IRQHandler
 .text.SysTick_Handler
                0x08009568      0x180 /tmp/ccfLrzqR.ltrans10.ltrans.o
                0x08009568                SysTick_Handler
 .text.EXTI15_10_IRQHandler
                0x080096e8       0x64 /tmp/ccfLrzqR.ltrans10.ltrans.o
                0x080096e8                EXTI15_10_IRQHandler
 .text.ADC1_2_IRQHandler
                0x0800974c       0x70 /tmp/ccfLrzqR.ltrans10.ltrans.o
                0x0800974c                ADC1_2_IRQHandler
 .text.EXTI0_IRQHandler
                0x080097bc       0x7c /tmp/ccfLrzqR.ltrans10.ltrans.o
                0x080097bc                EXTI0_IRQHandler
 .text.I2C1_ER_IRQHandler
                0x08009838      0x13c /tmp/ccfLrzqR.ltrans10.ltrans.o
                0x08009838                I2C1_ER_IRQHandler
 .text.malloc   0x08009974       0x10 /home/laurence/ARM-GCC/bin/../lib/gcc/arm-none-eabi/4.7.4/../../../../arm-none-eabi/lib/armv7-m/libc.a(lib_a-malloc.o)
                0x08009974                malloc
 .text._malloc_r
                0x08009984      0x530 /home/laurence/ARM-GCC/bin/../lib/gcc/arm-none-eabi/4.7.4/../../../../arm-none-eabi/lib/armv7-m/libc.a(lib_a-mallocr.o)
                0x08009984                _malloc_r
 .text.memcmp   0x08009eb4       0xb8 /home/laurence/ARM-GCC/bin/../lib/gcc/arm-none-eabi/4.7.4/../../../../arm-none-eabi/lib/armv7-m/libc.a(lib_a-memcmp.o)
                0x08009eb4                memcmp
 .text.memcpy   0x08009f6c      0x15c /home/laurence/ARM-GCC/bin/../lib/gcc/arm-none-eabi/4.7.4/../../../../arm-none-eabi/lib/armv7-m/libc.a(lib_a-memcpy.o)
                0x08009f6c                memcpy
 .text.__malloc_lock
                0x0800a0c8        0x4 /home/laurence/ARM-GCC/bin/../lib/gcc/arm-none-eabi/4.7.4/../../../../arm-none-eabi/lib/armv7-m/libc.a(lib_a-mlock.o)
                0x0800a0c8                __malloc_lock
 .text.__malloc_unlock
                0x0800a0cc        0x4 /home/laurence/ARM-GCC/bin/../lib/gcc/arm-none-eabi/4.7.4/../../../../arm-none-eabi/lib/armv7-m/libc.a(lib_a-mlock.o)
                0x0800a0cc                __malloc_unlock
 .text._sbrk_r  0x0800a0d0       0x24 /home/laurence/ARM-GCC/bin/../lib/gcc/arm-none-eabi/4.7.4/../../../../arm-none-eabi/lib/armv7-m/libc.a(lib_a-sbrkr.o)
                0x0800a0d0                _sbrk_r
 .text.strcat   0x0800a0f4       0x4c /home/laurence/ARM-GCC/bin/../lib/gcc/arm-none-eabi/4.7.4/../../../../arm-none-eabi/lib/armv7-m/libc.a(lib_a-strcat.o)
                0x0800a0f4                strcat
 .text.strcpy   0x0800a140       0xbc /home/laurence/ARM-GCC/bin/../lib/gcc/arm-none-eabi/4.7.4/../../../../arm-none-eabi/lib/armv7-m/libc.a(lib_a-strcpy.o)
                0x0800a140                strcpy
 .text.strlen   0x0800a1fc       0x60 /home/laurence/ARM-GCC/bin/../lib/gcc/arm-none-eabi/4.7.4/../../../../arm-none-eabi/lib/armv7-m/libc.a(lib_a-strlen.o)
                0x0800a1fc                strlen
 .text._malloc_trim_r
                0x0800a25c       0x98 /home/laurence/ARM-GCC/bin/../lib/gcc/arm-none-eabi/4.7.4/../../../../arm-none-eabi/lib/armv7-m/libc.a(lib_a-freer.o)
                0x0800a25c                _malloc_trim_r
 .text._free_r  0x0800a2f4      0x194 /home/laurence/ARM-GCC/bin/../lib/gcc/arm-none-eabi/4.7.4/../../../../arm-none-eabi/lib/armv7-m/libc.a(lib_a-freer.o)
                0x0800a2f4                _free_r
 .text.Reset_Handler
                0x0800a488       0x48 lib/CMSIS_CM3/startup/gcc/startup_stm32f10x_md.o
                0x0800a488                Reset_Handler
 .text.Default_Handler
                0x0800a4d0        0x4 lib/CMSIS_CM3/startup/gcc/startup_stm32f10x_md.o
                0x0800a4d0                EXTI2_IRQHandler
                0x0800a4d0                DebugMon_Handler
                0x0800a4d0                TIM1_CC_IRQHandler
                0x0800a4d0                HardFault_Handler
                0x0800a4d0                PVD_IRQHandler
                0x0800a4d0                PendSV_Handler
                0x0800a4d0                NMI_Handler
                0x0800a4d0                EXTI3_IRQHandler
                0x0800a4d0                I2C2_EV_IRQHandler
                0x0800a4d0                UsageFault_Handler
                0x0800a4d0                SPI1_IRQHandler
                0x0800a4d0                TAMPER_IRQHandler
                0x0800a4d0                RTC_IRQHandler
                0x0800a4d0                DMA1_Channel7_IRQHandler
                0x0800a4d0                CAN1_RX1_IRQHandler
                0x0800a4d0                TIM4_IRQHandler
                0x0800a4d0                DMA1_Channel6_IRQHandler
                0x0800a4d0                TIM3_IRQHandler
                0x0800a4d0                RCC_IRQHandler
                0x0800a4d0                TIM1_TRG_COM_IRQHandler
                0x0800a4d0                DMA1_Channel1_IRQHandler
                0x0800a4d0                Default_Handler
                0x0800a4d0                SPI2_IRQHandler
                0x0800a4d0                MemManage_Handler
                0x0800a4d0                SVC_Handler
                0x0800a4d0                DMA1_Channel5_IRQHandler
                0x0800a4d0                EXTI4_IRQHandler
                0x0800a4d0                DMA1_Channel3_IRQHandler
                0x0800a4d0                TIM1_UP_IRQHandler
                0x0800a4d0                WWDG_IRQHandler
                0x0800a4d0                TIM2_IRQHandler
                0x0800a4d0                TIM1_BRK_IRQHandler
                0x0800a4d0                EXTI1_IRQHandler
                0x0800a4d0                RTCAlarm_IRQHandler
                0x0800a4d0                USART2_IRQHandler
                0x0800a4d0                I2C2_ER_IRQHandler
                0x0800a4d0                DMA1_Channel2_IRQHandler
                0x0800a4d0                CAN1_SCE_IRQHandler
                0x0800a4d0                FLASH_IRQHandler
                0x0800a4d0                BusFault_Handler
                0x0800a4d0                USBWakeUp_IRQHandler
 .text.NVIC_PriorityGroupConfig
                0x0800a4d4       0x14 lib/STM32F10x_StdPeriph_Driver/libstm32fw.a(misc.o)
                0x0800a4d4                NVIC_PriorityGroupConfig
 .text.NVIC_Init
                0x0800a4e8       0x68 lib/STM32F10x_StdPeriph_Driver/libstm32fw.a(misc.o)
                0x0800a4e8                NVIC_Init
 .text.NVIC_SetVectorTable
                0x0800a550       0x14 lib/STM32F10x_StdPeriph_Driver/libstm32fw.a(misc.o)
                0x0800a550                NVIC_SetVectorTable
 .text.SysTick_CLKSourceConfig
                0x0800a564       0x18 lib/STM32F10x_StdPeriph_Driver/libstm32fw.a(misc.o)
                0x0800a564                SysTick_CLKSourceConfig
 .text.ADC_DeInit
                0x0800a57c       0x5c lib/STM32F10x_StdPeriph_Driver/libstm32fw.a(stm32f10x_adc.o)
                0x0800a57c                ADC_DeInit
 .text.ADC_Init
                0x0800a5d8       0x48 lib/STM32F10x_StdPeriph_Driver/libstm32fw.a(stm32f10x_adc.o)
                0x0800a5d8                ADC_Init
 .text.ADC_Cmd  0x0800a620       0x12 lib/STM32F10x_StdPeriph_Driver/libstm32fw.a(stm32f10x_adc.o)
                0x0800a620                ADC_Cmd
 .text.ADC_ITConfig
                0x0800a632       0x12 lib/STM32F10x_StdPeriph_Driver/libstm32fw.a(stm32f10x_adc.o)
                0x0800a632                ADC_ITConfig
 .text.ADC_ResetCalibration
                0x0800a644        0xa lib/STM32F10x_StdPeriph_Driver/libstm32fw.a(stm32f10x_adc.o)
                0x0800a644                ADC_ResetCalibration
 .text.ADC_GetResetCalibrationStatus
                0x0800a64e        0x8 lib/STM32F10x_StdPeriph_Driver/libstm32fw.a(stm32f10x_adc.o)
                0x0800a64e                ADC_GetResetCalibrationStatus
 .text.ADC_StartCalibration
                0x0800a656        0xa lib/STM32F10x_StdPeriph_Driver/libstm32fw.a(stm32f10x_adc.o)
                0x0800a656                ADC_StartCalibration
 .text.ADC_GetCalibrationStatus
                0x0800a660        0x8 lib/STM32F10x_StdPeriph_Driver/libstm32fw.a(stm32f10x_adc.o)
                0x0800a660                ADC_GetCalibrationStatus
 .text.ADC_SoftwareStartConvCmd
                0x0800a668       0x12 lib/STM32F10x_StdPeriph_Driver/libstm32fw.a(stm32f10x_adc.o)
                0x0800a668                ADC_SoftwareStartConvCmd
 .text.ADC_RegularChannelConfig
                0x0800a67a       0x9a lib/STM32F10x_StdPeriph_Driver/libstm32fw.a(stm32f10x_adc.o)
                0x0800a67a                ADC_RegularChannelConfig
 .text.ADC_GetConversionValue
                0x0800a714        0x6 lib/STM32F10x_StdPeriph_Driver/libstm32fw.a(stm32f10x_adc.o)
                0x0800a714                ADC_GetConversionValue
 .text.ADC_ExternalTrigInjectedConvConfig
                0x0800a71a        0xc lib/STM32F10x_StdPeriph_Driver/libstm32fw.a(stm32f10x_adc.o)
                0x0800a71a                ADC_ExternalTrigInjectedConvConfig
 .text.ADC_SoftwareStartInjectedConvCmd
                0x0800a726       0x12 lib/STM32F10x_StdPeriph_Driver/libstm32fw.a(stm32f10x_adc.o)
                0x0800a726                ADC_SoftwareStartInjectedConvCmd
 .text.ADC_InjectedChannelConfig
                0x0800a738       0x60 lib/STM32F10x_StdPeriph_Driver/libstm32fw.a(stm32f10x_adc.o)
                0x0800a738                ADC_InjectedChannelConfig
 .text.ADC_InjectedSequencerLengthConfig
                0x0800a798       0x10 lib/STM32F10x_StdPeriph_Driver/libstm32fw.a(stm32f10x_adc.o)
                0x0800a798                ADC_InjectedSequencerLengthConfig
 .text.ADC_GetInjectedConversionValue
                0x0800a7a8       0x1a lib/STM32F10x_StdPeriph_Driver/libstm32fw.a(stm32f10x_adc.o)
                0x0800a7a8                ADC_GetInjectedConversionValue
 .text.ADC_AnalogWatchdogCmd
                0x0800a7c2       0x10 lib/STM32F10x_StdPeriph_Driver/libstm32fw.a(stm32f10x_adc.o)
                0x0800a7c2                ADC_AnalogWatchdogCmd
 .text.ADC_AnalogWatchdogThresholdsConfig
                0x0800a7d2        0x6 lib/STM32F10x_StdPeriph_Driver/libstm32fw.a(stm32f10x_adc.o)
                0x0800a7d2                ADC_AnalogWatchdogThresholdsConfig
 .text.ADC_AnalogWatchdogSingleChannelConfig
                0x0800a7d8        0xc lib/STM32F10x_StdPeriph_Driver/libstm32fw.a(stm32f10x_adc.o)
                0x0800a7d8                ADC_AnalogWatchdogSingleChannelConfig
 .text.ADC_GetFlagStatus
                0x0800a7e4        0xc lib/STM32F10x_StdPeriph_Driver/libstm32fw.a(stm32f10x_adc.o)
                0x0800a7e4                ADC_GetFlagStatus
 .text.ADC_ClearFlag
                0x0800a7f0        0x6 lib/STM32F10x_StdPeriph_Driver/libstm32fw.a(stm32f10x_adc.o)
                0x0800a7f0                ADC_ClearFlag
 .text.ADC_GetITStatus
                0x0800a7f6       0x16 lib/STM32F10x_StdPeriph_Driver/libstm32fw.a(stm32f10x_adc.o)
                0x0800a7f6                ADC_GetITStatus
 .text.ADC_ClearITPendingBit
                0x0800a80c        0x8 lib/STM32F10x_StdPeriph_Driver/libstm32fw.a(stm32f10x_adc.o)
                0x0800a80c                ADC_ClearITPendingBit
 .text.BKP_DeInit
                0x0800a814       0x12 lib/STM32F10x_StdPeriph_Driver/libstm32fw.a(stm32f10x_bkp.o)
                0x0800a814                BKP_DeInit
 *fill*         0x0800a826        0x2 00
 .text.BKP_RTCOutputConfig
                0x0800a828       0x18 lib/STM32F10x_StdPeriph_Driver/libstm32fw.a(stm32f10x_bkp.o)
                0x0800a828                BKP_RTCOutputConfig
 .text.BKP_SetRTCCalibrationValue
                0x0800a840       0x18 lib/STM32F10x_StdPeriph_Driver/libstm32fw.a(stm32f10x_bkp.o)
                0x0800a840                BKP_SetRTCCalibrationValue
 .text.BKP_WriteBackupRegister
                0x0800a858       0x1c lib/STM32F10x_StdPeriph_Driver/libstm32fw.a(stm32f10x_bkp.o)
                0x0800a858                BKP_WriteBackupRegister
 .text.BKP_ReadBackupRegister
                0x0800a874       0x20 lib/STM32F10x_StdPeriph_Driver/libstm32fw.a(stm32f10x_bkp.o)
                0x0800a874                BKP_ReadBackupRegister
 .text.DBGMCU_Config
                0x0800a894       0x18 lib/STM32F10x_StdPeriph_Driver/libstm32fw.a(stm32f10x_dbgmcu.o)
                0x0800a894                DBGMCU_Config
 .text.DMA_DeInit
                0x0800a8ac       0xec lib/STM32F10x_StdPeriph_Driver/libstm32fw.a(stm32f10x_dma.o)
                0x0800a8ac                DMA_DeInit
 .text.DMA_Init
                0x0800a998       0x40 lib/STM32F10x_StdPeriph_Driver/libstm32fw.a(stm32f10x_dma.o)
                0x0800a998                DMA_Init
 .text.DMA_Cmd  0x0800a9d8       0x12 lib/STM32F10x_StdPeriph_Driver/libstm32fw.a(stm32f10x_dma.o)
                0x0800a9d8                DMA_Cmd
 .text.DMA_ITConfig
                0x0800a9ea       0x10 lib/STM32F10x_StdPeriph_Driver/libstm32fw.a(stm32f10x_dma.o)
                0x0800a9ea                DMA_ITConfig
 .text.DMA_GetCurrDataCounter
                0x0800a9fa        0x6 lib/STM32F10x_StdPeriph_Driver/libstm32fw.a(stm32f10x_dma.o)
                0x0800a9fa                DMA_GetCurrDataCounter
 .text.DMA_GetFlagStatus
                0x0800aa00       0x1c lib/STM32F10x_StdPeriph_Driver/libstm32fw.a(stm32f10x_dma.o)
                0x0800aa00                DMA_GetFlagStatus
 .text.DMA_ClearFlag
                0x0800aa1c       0x14 lib/STM32F10x_StdPeriph_Driver/libstm32fw.a(stm32f10x_dma.o)
                0x0800aa1c                DMA_ClearFlag
 .text.DMA_GetITStatus
                0x0800aa30       0x1c lib/STM32F10x_StdPeriph_Driver/libstm32fw.a(stm32f10x_dma.o)
                0x0800aa30                DMA_GetITStatus
 .text.DMA_ClearITPendingBit
                0x0800aa4c       0x14 lib/STM32F10x_StdPeriph_Driver/libstm32fw.a(stm32f10x_dma.o)
                0x0800aa4c                DMA_ClearITPendingBit
 .text.EXTI_DeInit
                0x0800aa60       0x1c lib/STM32F10x_StdPeriph_Driver/libstm32fw.a(stm32f10x_exti.o)
                0x0800aa60                EXTI_DeInit
 .text.EXTI_Init
                0x0800aa7c       0x88 lib/STM32F10x_StdPeriph_Driver/libstm32fw.a(stm32f10x_exti.o)
                0x0800aa7c                EXTI_Init
 .text.EXTI_GetITStatus
                0x0800ab04       0x20 lib/STM32F10x_StdPeriph_Driver/libstm32fw.a(stm32f10x_exti.o)
                0x0800ab04                EXTI_GetITStatus
 .text.EXTI_ClearITPendingBit
                0x0800ab24        0xc lib/STM32F10x_StdPeriph_Driver/libstm32fw.a(stm32f10x_exti.o)
                0x0800ab24                EXTI_ClearITPendingBit
 .text.GPIO_Init
                0x0800ab30       0x9a lib/STM32F10x_StdPeriph_Driver/libstm32fw.a(stm32f10x_gpio.o)
                0x0800ab30                GPIO_Init
 .text.GPIO_StructInit
                0x0800abca       0x10 lib/STM32F10x_StdPeriph_Driver/libstm32fw.a(stm32f10x_gpio.o)
                0x0800abca                GPIO_StructInit
 .text.GPIO_ReadInputDataBit
                0x0800abda        0xc lib/STM32F10x_StdPeriph_Driver/libstm32fw.a(stm32f10x_gpio.o)
                0x0800abda                GPIO_ReadInputDataBit
 .text.GPIO_SetBits
                0x0800abe6        0x4 lib/STM32F10x_StdPeriph_Driver/libstm32fw.a(stm32f10x_gpio.o)
                0x0800abe6                GPIO_SetBits
 .text.GPIO_ResetBits
                0x0800abea        0x4 lib/STM32F10x_StdPeriph_Driver/libstm32fw.a(stm32f10x_gpio.o)
                0x0800abea                GPIO_ResetBits
 .text.GPIO_WriteBit
                0x0800abee        0xa lib/STM32F10x_StdPeriph_Driver/libstm32fw.a(stm32f10x_gpio.o)
                0x0800abee                GPIO_WriteBit
 .text.GPIO_PinRemapConfig
                0x0800abf8       0x58 lib/STM32F10x_StdPeriph_Driver/libstm32fw.a(stm32f10x_gpio.o)
                0x0800abf8                GPIO_PinRemapConfig
 .text.GPIO_EXTILineConfig
                0x0800ac50       0x34 lib/STM32F10x_StdPeriph_Driver/libstm32fw.a(stm32f10x_gpio.o)
                0x0800ac50                GPIO_EXTILineConfig
 .text.I2C_DeInit
                0x0800ac84       0x34 lib/STM32F10x_StdPeriph_Driver/libstm32fw.a(stm32f10x_i2c.o)
                0x0800ac84                I2C_DeInit
 .text.I2C_Init
                0x0800acb8       0xd4 lib/STM32F10x_StdPeriph_Driver/libstm32fw.a(stm32f10x_i2c.o)
                0x0800acb8                I2C_Init
 .text.I2C_Cmd  0x0800ad8c       0x18 lib/STM32F10x_StdPeriph_Driver/libstm32fw.a(stm32f10x_i2c.o)
                0x0800ad8c                I2C_Cmd
 .text.I2C_GenerateSTART
                0x0800ada4       0x18 lib/STM32F10x_StdPeriph_Driver/libstm32fw.a(stm32f10x_i2c.o)
                0x0800ada4                I2C_GenerateSTART
 .text.I2C_GenerateSTOP
                0x0800adbc       0x18 lib/STM32F10x_StdPeriph_Driver/libstm32fw.a(stm32f10x_i2c.o)
                0x0800adbc                I2C_GenerateSTOP
 .text.I2C_AcknowledgeConfig
                0x0800add4       0x18 lib/STM32F10x_StdPeriph_Driver/libstm32fw.a(stm32f10x_i2c.o)
                0x0800add4                I2C_AcknowledgeConfig
 .text.I2C_ITConfig
                0x0800adec       0x12 lib/STM32F10x_StdPeriph_Driver/libstm32fw.a(stm32f10x_i2c.o)
                0x0800adec                I2C_ITConfig
 .text.I2C_SendData
                0x0800adfe        0x4 lib/STM32F10x_StdPeriph_Driver/libstm32fw.a(stm32f10x_i2c.o)
                0x0800adfe                I2C_SendData
 .text.I2C_ReceiveData
                0x0800ae02        0x6 lib/STM32F10x_StdPeriph_Driver/libstm32fw.a(stm32f10x_i2c.o)
                0x0800ae02                I2C_ReceiveData
 .text.I2C_Send7bitAddress
                0x0800ae08       0x10 lib/STM32F10x_StdPeriph_Driver/libstm32fw.a(stm32f10x_i2c.o)
                0x0800ae08                I2C_Send7bitAddress
 .text.I2C_SoftwareResetCmd
                0x0800ae18       0x18 lib/STM32F10x_StdPeriph_Driver/libstm32fw.a(stm32f10x_i2c.o)
                0x0800ae18                I2C_SoftwareResetCmd
 .text.IWDG_WriteAccessCmd
                0x0800ae30        0xc lib/STM32F10x_StdPeriph_Driver/libstm32fw.a(stm32f10x_iwdg.o)
                0x0800ae30                IWDG_WriteAccessCmd
 .text.IWDG_SetPrescaler
                0x0800ae3c        0xc lib/STM32F10x_StdPeriph_Driver/libstm32fw.a(stm32f10x_iwdg.o)
                0x0800ae3c                IWDG_SetPrescaler
 .text.IWDG_SetReload
                0x0800ae48        0xc lib/STM32F10x_StdPeriph_Driver/libstm32fw.a(stm32f10x_iwdg.o)
                0x0800ae48                IWDG_SetReload
 .text.IWDG_ReloadCounter
                0x0800ae54       0x10 lib/STM32F10x_StdPeriph_Driver/libstm32fw.a(stm32f10x_iwdg.o)
                0x0800ae54                IWDG_ReloadCounter
 .text.IWDG_Enable
                0x0800ae64       0x10 lib/STM32F10x_StdPeriph_Driver/libstm32fw.a(stm32f10x_iwdg.o)
                0x0800ae64                IWDG_Enable
 .text.PWR_DeInit
                0x0800ae74       0x1a lib/STM32F10x_StdPeriph_Driver/libstm32fw.a(stm32f10x_pwr.o)
                0x0800ae74                PWR_DeInit
 *fill*         0x0800ae8e        0x2 00
 .text.PWR_BackupAccessCmd
                0x0800ae90        0xc lib/STM32F10x_StdPeriph_Driver/libstm32fw.a(stm32f10x_pwr.o)
                0x0800ae90                PWR_BackupAccessCmd
 .text.PWR_WakeUpPinCmd
                0x0800ae9c        0xc lib/STM32F10x_StdPeriph_Driver/libstm32fw.a(stm32f10x_pwr.o)
                0x0800ae9c                PWR_WakeUpPinCmd
 .text.PWR_EnterSTANDBYMode
                0x0800aea8       0x28 lib/STM32F10x_StdPeriph_Driver/libstm32fw.a(stm32f10x_pwr.o)
                0x0800aea8                PWR_EnterSTANDBYMode
 .text.RCC_HCLKConfig
                0x0800aed0       0x14 lib/STM32F10x_StdPeriph_Driver/libstm32fw.a(stm32f10x_rcc.o)
                0x0800aed0                RCC_HCLKConfig
 .text.RCC_USBCLKConfig
                0x0800aee4        0xc lib/STM32F10x_StdPeriph_Driver/libstm32fw.a(stm32f10x_rcc.o)
                0x0800aee4                RCC_USBCLKConfig
 .text.RCC_ADCCLKConfig
                0x0800aef0       0x14 lib/STM32F10x_StdPeriph_Driver/libstm32fw.a(stm32f10x_rcc.o)
                0x0800aef0                RCC_ADCCLKConfig
 .text.RCC_LSEConfig
                0x0800af04       0x20 lib/STM32F10x_StdPeriph_Driver/libstm32fw.a(stm32f10x_rcc.o)
                0x0800af04                RCC_LSEConfig
 .text.RCC_RTCCLKConfig
                0x0800af24       0x10 lib/STM32F10x_StdPeriph_Driver/libstm32fw.a(stm32f10x_rcc.o)
                0x0800af24                RCC_RTCCLKConfig
 .text.RCC_RTCCLKCmd
                0x0800af34        0xc lib/STM32F10x_StdPeriph_Driver/libstm32fw.a(stm32f10x_rcc.o)
                0x0800af34                RCC_RTCCLKCmd
 .text.RCC_GetClocksFreq
                0x0800af40       0x9c lib/STM32F10x_StdPeriph_Driver/libstm32fw.a(stm32f10x_rcc.o)
                0x0800af40                RCC_GetClocksFreq
 .text.RCC_AHBPeriphClockCmd
                0x0800afdc       0x18 lib/STM32F10x_StdPeriph_Driver/libstm32fw.a(stm32f10x_rcc.o)
                0x0800afdc                RCC_AHBPeriphClockCmd
 .text.RCC_APB2PeriphClockCmd
                0x0800aff4       0x18 lib/STM32F10x_StdPeriph_Driver/libstm32fw.a(stm32f10x_rcc.o)
                0x0800aff4                RCC_APB2PeriphClockCmd
 .text.RCC_APB1PeriphClockCmd
                0x0800b00c       0x18 lib/STM32F10x_StdPeriph_Driver/libstm32fw.a(stm32f10x_rcc.o)
                0x0800b00c                RCC_APB1PeriphClockCmd
 .text.RCC_APB2PeriphResetCmd
                0x0800b024       0x18 lib/STM32F10x_StdPeriph_Driver/libstm32fw.a(stm32f10x_rcc.o)
                0x0800b024                RCC_APB2PeriphResetCmd
 .text.RCC_APB1PeriphResetCmd
                0x0800b03c       0x18 lib/STM32F10x_StdPeriph_Driver/libstm32fw.a(stm32f10x_rcc.o)
                0x0800b03c                RCC_APB1PeriphResetCmd
 .text.RCC_BackupResetCmd
                0x0800b054        0xc lib/STM32F10x_StdPeriph_Driver/libstm32fw.a(stm32f10x_rcc.o)
                0x0800b054                RCC_BackupResetCmd
 .text.RCC_GetFlagStatus
                0x0800b060       0x28 lib/STM32F10x_StdPeriph_Driver/libstm32fw.a(stm32f10x_rcc.o)
                0x0800b060                RCC_GetFlagStatus
 .text.RTC_EnterConfigMode
                0x0800b088       0x14 lib/STM32F10x_StdPeriph_Driver/libstm32fw.a(stm32f10x_rtc.o)
                0x0800b088                RTC_EnterConfigMode
 .text.RTC_ExitConfigMode
                0x0800b09c       0x14 lib/STM32F10x_StdPeriph_Driver/libstm32fw.a(stm32f10x_rtc.o)
                0x0800b09c                RTC_ExitConfigMode
 .text.RTC_GetCounter
                0x0800b0b0       0x14 lib/STM32F10x_StdPeriph_Driver/libstm32fw.a(stm32f10x_rtc.o)
                0x0800b0b0                RTC_GetCounter
 .text.RTC_SetCounter
                0x0800b0c4       0x20 lib/STM32F10x_StdPeriph_Driver/libstm32fw.a(stm32f10x_rtc.o)
                0x0800b0c4                RTC_SetCounter
 .text.RTC_SetPrescaler
                0x0800b0e4       0x20 lib/STM32F10x_StdPeriph_Driver/libstm32fw.a(stm32f10x_rtc.o)
                0x0800b0e4                RTC_SetPrescaler
 .text.RTC_WaitForLastTask
                0x0800b104       0x14 lib/STM32F10x_StdPeriph_Driver/libstm32fw.a(stm32f10x_rtc.o)
                0x0800b104                RTC_WaitForLastTask
 .text.RTC_WaitForSynchro
                0x0800b118       0x24 lib/STM32F10x_StdPeriph_Driver/libstm32fw.a(stm32f10x_rtc.o)
                0x0800b118                RTC_WaitForSynchro
 .text.SPI_Init
                0x0800b13c       0x3e lib/STM32F10x_StdPeriph_Driver/libstm32fw.a(stm32f10x_spi.o)
                0x0800b13c                SPI_Init
 .text.SPI_StructInit
                0x0800b17a       0x18 lib/STM32F10x_StdPeriph_Driver/libstm32fw.a(stm32f10x_spi.o)
                0x0800b17a                SPI_StructInit
 .text.SPI_Cmd  0x0800b192       0x18 lib/STM32F10x_StdPeriph_Driver/libstm32fw.a(stm32f10x_spi.o)
                0x0800b192                SPI_Cmd
 .text.SPI_I2S_DMACmd
                0x0800b1aa       0x12 lib/STM32F10x_StdPeriph_Driver/libstm32fw.a(stm32f10x_spi.o)
                0x0800b1aa                SPI_I2S_DMACmd
 .text.SPI_I2S_SendData
                0x0800b1bc        0x4 lib/STM32F10x_StdPeriph_Driver/libstm32fw.a(stm32f10x_spi.o)
                0x0800b1bc                SPI_I2S_SendData
 .text.SPI_I2S_ReceiveData
                0x0800b1c0        0x6 lib/STM32F10x_StdPeriph_Driver/libstm32fw.a(stm32f10x_spi.o)
                0x0800b1c0                SPI_I2S_ReceiveData
 .text.SPI_CalculateCRC
                0x0800b1c6       0x18 lib/STM32F10x_StdPeriph_Driver/libstm32fw.a(stm32f10x_spi.o)
                0x0800b1c6                SPI_CalculateCRC
 .text.SPI_I2S_GetFlagStatus
                0x0800b1de        0xc lib/STM32F10x_StdPeriph_Driver/libstm32fw.a(stm32f10x_spi.o)
                0x0800b1de                SPI_I2S_GetFlagStatus
 *fill*         0x0800b1ea        0x2 00
 .text.TIM_DeInit
                0x0800b1ec       0xc8 lib/STM32F10x_StdPeriph_Driver/libstm32fw.a(stm32f10x_tim.o)
                0x0800b1ec                TIM_DeInit
 .text.TIM_TimeBaseInit
                0x0800b2b4       0x3c lib/STM32F10x_StdPeriph_Driver/libstm32fw.a(stm32f10x_tim.o)
                0x0800b2b4                TIM_TimeBaseInit
 .text.TIM_OC4Init
                0x0800b2f0       0x68 lib/STM32F10x_StdPeriph_Driver/libstm32fw.a(stm32f10x_tim.o)
                0x0800b2f0                TIM_OC4Init
 .text.TIM_Cmd  0x0800b358       0x18 lib/STM32F10x_StdPeriph_Driver/libstm32fw.a(stm32f10x_tim.o)
                0x0800b358                TIM_Cmd
 .text.TIM_OC4PreloadConfig
                0x0800b370       0x14 lib/STM32F10x_StdPeriph_Driver/libstm32fw.a(stm32f10x_tim.o)
                0x0800b370                TIM_OC4PreloadConfig
 .text.USART_DeInit
                0x0800b384       0x98 lib/STM32F10x_StdPeriph_Driver/libstm32fw.a(stm32f10x_usart.o)
                0x0800b384                USART_DeInit
 .text.USART_Init
                0x0800b41c       0x88 lib/STM32F10x_StdPeriph_Driver/libstm32fw.a(stm32f10x_usart.o)
                0x0800b41c                USART_Init
 .text.USART_Cmd
                0x0800b4a4       0x18 lib/STM32F10x_StdPeriph_Driver/libstm32fw.a(stm32f10x_usart.o)
                0x0800b4a4                USART_Cmd
 .text.USART_ITConfig
                0x0800b4bc       0x34 lib/STM32F10x_StdPeriph_Driver/libstm32fw.a(stm32f10x_usart.o)
                0x0800b4bc                USART_ITConfig
 .text.USART_DMACmd
                0x0800b4f0       0x12 lib/STM32F10x_StdPeriph_Driver/libstm32fw.a(stm32f10x_usart.o)
                0x0800b4f0                USART_DMACmd
 .text.USART_SendData
                0x0800b502        0x8 lib/STM32F10x_StdPeriph_Driver/libstm32fw.a(stm32f10x_usart.o)
                0x0800b502                USART_SendData
 .text.USART_ReceiveData
                0x0800b50a        0x8 lib/STM32F10x_StdPeriph_Driver/libstm32fw.a(stm32f10x_usart.o)
                0x0800b50a                USART_ReceiveData
 .text.USART_GetFlagStatus
                0x0800b512        0xc lib/STM32F10x_StdPeriph_Driver/libstm32fw.a(stm32f10x_usart.o)
                0x0800b512                USART_GetFlagStatus
 .text.USART_GetITStatus
                0x0800b51e       0x40 lib/STM32F10x_StdPeriph_Driver/libstm32fw.a(stm32f10x_usart.o)
                0x0800b51e                USART_GetITStatus
 .text.USART_ClearITPendingBit
                0x0800b55e       0x10 lib/STM32F10x_StdPeriph_Driver/libstm32fw.a(stm32f10x_usart.o)
                0x0800b55e                USART_ClearITPendingBit
 *fill*         0x0800b56e        0x2 00
 .text.Standard_GetConfiguration
                0x0800b570       0x24 lib/STM32_USB-FS-Device_Driver/libstm32usb.a(usb_core.o)
                0x0800b570                Standard_GetConfiguration
 .text.Standard_GetInterface
                0x0800b594       0x24 lib/STM32_USB-FS-Device_Driver/libstm32usb.a(usb_core.o)
                0x0800b594                Standard_GetInterface
 .text.Standard_GetStatus
                0x0800b5b8       0x9c lib/STM32_USB-FS-Device_Driver/libstm32usb.a(usb_core.o)
                0x0800b5b8                Standard_GetStatus
 .text.DataStageIn
                0x0800b654       0xa4 lib/STM32_USB-FS-Device_Driver/libstm32usb.a(usb_core.o)
 .text.Standard_SetConfiguration
                0x0800b6f8       0x38 lib/STM32_USB-FS-Device_Driver/libstm32usb.a(usb_core.o)
                0x0800b6f8                Standard_SetConfiguration
 .text.Standard_SetInterface
                0x0800b730       0x48 lib/STM32_USB-FS-Device_Driver/libstm32usb.a(usb_core.o)
                0x0800b730                Standard_SetInterface
 .text.Standard_ClearFeature
                0x0800b778       0xdc lib/STM32_USB-FS-Device_Driver/libstm32usb.a(usb_core.o)
                0x0800b778                Standard_ClearFeature
 .text.Standard_SetEndPointFeature
                0x0800b854       0x8c lib/STM32_USB-FS-Device_Driver/libstm32usb.a(usb_core.o)
                0x0800b854                Standard_SetEndPointFeature
 .text.Standard_SetDeviceFeature
                0x0800b8e0       0x24 lib/STM32_USB-FS-Device_Driver/libstm32usb.a(usb_core.o)
                0x0800b8e0                Standard_SetDeviceFeature
 .text.Standard_GetDescriptorData
                0x0800b904       0x1c lib/STM32_USB-FS-Device_Driver/libstm32usb.a(usb_core.o)
                0x0800b904                Standard_GetDescriptorData
 .text.Post0_Process
                0x0800b920       0x40 lib/STM32_USB-FS-Device_Driver/libstm32usb.a(usb_core.o)
                0x0800b920                Post0_Process
 .text.Out0_Process
                0x0800b960       0xd4 lib/STM32_USB-FS-Device_Driver/libstm32usb.a(usb_core.o)
                0x0800b960                Out0_Process
 .text.Setup0_Process
                0x0800ba34      0x2f8 lib/STM32_USB-FS-Device_Driver/libstm32usb.a(usb_core.o)
                0x0800ba34                Setup0_Process
 .text.SetDeviceAddress
                0x0800bd2c       0x40 lib/STM32_USB-FS-Device_Driver/libstm32usb.a(usb_core.o)
                0x0800bd2c                SetDeviceAddress
 .text.In0_Process
                0x0800bd6c       0x60 lib/STM32_USB-FS-Device_Driver/libstm32usb.a(usb_core.o)
                0x0800bd6c                In0_Process
 .text.NOP_Process
                0x0800bdcc        0x2 lib/STM32_USB-FS-Device_Driver/libstm32usb.a(usb_core.o)
                0x0800bdcc                NOP_Process
 *fill*         0x0800bdce        0x2 00
 .text.USB_Init
                0x0800bdd0       0x38 lib/STM32_USB-FS-Device_Driver/libstm32usb.a(usb_init.o)
                0x0800bdd0                USB_Init
 .text.CTR_LP   0x0800be08      0x190 lib/STM32_USB-FS-Device_Driver/libstm32usb.a(usb_int.o)
                0x0800be08                CTR_LP
 .text.CTR_HP   0x0800bf98       0x74 lib/STM32_USB-FS-Device_Driver/libstm32usb.a(usb_int.o)
                0x0800bf98                CTR_HP
 .text.UserToPMABufferCopy
                0x0800c00c       0x2e lib/STM32_USB-FS-Device_Driver/libstm32usb.a(usb_mem.o)
                0x0800c00c                UserToPMABufferCopy
 .text.PMAToUserBufferCopy
                0x0800c03a       0x24 lib/STM32_USB-FS-Device_Driver/libstm32usb.a(usb_mem.o)
                0x0800c03a                PMAToUserBufferCopy
 *fill*         0x0800c05e        0x2 00
 .text.SetBTABLE
                0x0800c060       0x10 lib/STM32_USB-FS-Device_Driver/libstm32usb.a(usb_regs.o)
                0x0800c060                SetBTABLE
 .text.SetEPType
                0x0800c070       0x18 lib/STM32_USB-FS-Device_Driver/libstm32usb.a(usb_regs.o)
                0x0800c070                SetEPType
 .text.SetEPTxStatus
                0x0800c088       0x3a lib/STM32_USB-FS-Device_Driver/libstm32usb.a(usb_regs.o)
                0x0800c088                SetEPTxStatus
 .text.SetEPRxStatus
                0x0800c0c2       0x3a lib/STM32_USB-FS-Device_Driver/libstm32usb.a(usb_regs.o)
                0x0800c0c2                SetEPRxStatus
 .text.SetEPRxValid
                0x0800c0fc       0x22 lib/STM32_USB-FS-Device_Driver/libstm32usb.a(usb_regs.o)
                0x0800c0fc                SetEPRxValid
 .text.Clear_Status_Out
                0x0800c11e       0x1e lib/STM32_USB-FS-Device_Driver/libstm32usb.a(usb_regs.o)
                0x0800c11e                Clear_Status_Out
 .text.ClearDTOG_RX
                0x0800c13c       0x24 lib/STM32_USB-FS-Device_Driver/libstm32usb.a(usb_regs.o)
                0x0800c13c                ClearDTOG_RX
 .text.ClearDTOG_TX
                0x0800c160       0x24 lib/STM32_USB-FS-Device_Driver/libstm32usb.a(usb_regs.o)
                0x0800c160                ClearDTOG_TX
 .text.SetEPTxAddr
                0x0800c184       0x20 lib/STM32_USB-FS-Device_Driver/libstm32usb.a(usb_regs.o)
                0x0800c184                SetEPTxAddr
 .text.SetEPRxAddr
                0x0800c1a4       0x20 lib/STM32_USB-FS-Device_Driver/libstm32usb.a(usb_regs.o)
                0x0800c1a4                SetEPRxAddr
 .text.GetEPTxAddr
                0x0800c1c4       0x1c lib/STM32_USB-FS-Device_Driver/libstm32usb.a(usb_regs.o)
                0x0800c1c4                GetEPTxAddr
 .text.GetEPRxAddr
                0x0800c1e0       0x1c lib/STM32_USB-FS-Device_Driver/libstm32usb.a(usb_regs.o)
                0x0800c1e0                GetEPRxAddr
 .text.SetEPTxCount
                0x0800c1fc       0x1c lib/STM32_USB-FS-Device_Driver/libstm32usb.a(usb_regs.o)
                0x0800c1fc                SetEPTxCount
 .text.SetEPRxCount
                0x0800c218       0x3c lib/STM32_USB-FS-Device_Driver/libstm32usb.a(usb_regs.o)
                0x0800c218                SetEPRxCount
 .text.GetEPRxCount
                0x0800c254       0x20 lib/STM32_USB-FS-Device_Driver/libstm32usb.a(usb_regs.o)
                0x0800c254                GetEPRxCount
 .text.ByteSwap
                0x0800c274        0xa lib/STM32_USB-FS-Device_Driver/libstm32usb.a(usb_regs.o)
                0x0800c274                ByteSwap
 *fill*         0x0800c27e        0x2 00
 .text.USB_SIL_Init
                0x0800c280       0x20 lib/STM32_USB-FS-Device_Driver/libstm32usb.a(usb_sil.o)
                0x0800c280                USB_SIL_Init
 .text.USB_SIL_Write
                0x0800c2a0       0x28 lib/STM32_USB-FS-Device_Driver/libstm32usb.a(usb_sil.o)
                0x0800c2a0                USB_SIL_Write
 .text.USB_SIL_Read
                0x0800c2c8       0x24 lib/STM32_USB-FS-Device_Driver/libstm32usb.a(usb_sil.o)
                0x0800c2c8                USB_SIL_Read
 .text.memset   0x0800c2ec      0x12c /home/laurence/ARM-GCC/bin/../lib/gcc/arm-none-eabi/4.7.4/../../../../arm-none-eabi/lib/armv7-m/libc.a(lib_a-memset.o)
                0x0800c2ec                memset
 .text.srand    0x0800c418       0x18 /home/laurence/ARM-GCC/bin/../lib/gcc/arm-none-eabi/4.7.4/../../../../arm-none-eabi/lib/armv7-m/libc.a(lib_a-rand.o)
                0x0800c418                srand
 .text.rand     0x0800c430       0x48 /home/laurence/ARM-GCC/bin/../lib/gcc/arm-none-eabi/4.7.4/../../../../arm-none-eabi/lib/armv7-m/libc.a(lib_a-rand.o)
                0x0800c430                rand
 .text.roundf   0x0800c478       0x54 /home/laurence/ARM-GCC/bin/../lib/gcc/arm-none-eabi/4.7.4/../../../../arm-none-eabi/lib/armv7-m/libm.a(lib_a-sf_round.o)
                0x0800c478                roundf
 .text.sinf     0x0800c4cc       0x78 /home/laurence/ARM-GCC/bin/../lib/gcc/arm-none-eabi/4.7.4/../../../../arm-none-eabi/lib/armv7-m/libm.a(lib_a-sf_sin.o)
                0x0800c4cc                sinf
 .text.atan2    0x0800c544        0x4 /home/laurence/ARM-GCC/bin/../lib/gcc/arm-none-eabi/4.7.4/../../../../arm-none-eabi/lib/armv7-m/libm.a(lib_a-w_atan2.o)
                0x0800c544                atan2
 .text.acosf    0x0800c548       0xa0 /home/laurence/ARM-GCC/bin/../lib/gcc/arm-none-eabi/4.7.4/../../../../arm-none-eabi/lib/armv7-m/libm.a(lib_a-wf_acos.o)
                0x0800c548                acosf
 .text.atan2f   0x0800c5e8        0x4 /home/laurence/ARM-GCC/bin/../lib/gcc/arm-none-eabi/4.7.4/../../../../arm-none-eabi/lib/armv7-m/libm.a(lib_a-wf_atan2.o)
                0x0800c5e8                atan2f
 .text.sqrtf    0x0800c5ec       0x9c /home/laurence/ARM-GCC/bin/../lib/gcc/arm-none-eabi/4.7.4/../../../../arm-none-eabi/lib/armv7-m/libm.a(lib_a-wf_sqrt.o)
                0x0800c5ec                sqrtf
 .text.__ieee754_atan2
                0x0800c688      0x218 /home/laurence/ARM-GCC/bin/../lib/gcc/arm-none-eabi/4.7.4/../../../../arm-none-eabi/lib/armv7-m/libm.a(lib_a-e_atan2.o)
                0x0800c688                __ieee754_atan2
 .text.__ieee754_acosf
                0x0800c8a0      0x368 /home/laurence/ARM-GCC/bin/../lib/gcc/arm-none-eabi/4.7.4/../../../../arm-none-eabi/lib/armv7-m/libm.a(lib_a-ef_acos.o)
                0x0800c8a0                __ieee754_acosf
 .text.__ieee754_atan2f
                0x0800cc08      0x14c /home/laurence/ARM-GCC/bin/../lib/gcc/arm-none-eabi/4.7.4/../../../../arm-none-eabi/lib/armv7-m/libm.a(lib_a-ef_atan2.o)
                0x0800cc08                __ieee754_atan2f
 .text.__ieee754_rem_pio2f
                0x0800cd54      0x358 /home/laurence/ARM-GCC/bin/../lib/gcc/arm-none-eabi/4.7.4/../../../../arm-none-eabi/lib/armv7-m/libm.a(lib_a-ef_rem_pio2.o)
                0x0800cd54                __ieee754_rem_pio2f
 .text.__ieee754_sqrtf
                0x0800d0ac       0xd4 /home/laurence/ARM-GCC/bin/../lib/gcc/arm-none-eabi/4.7.4/../../../../arm-none-eabi/lib/armv7-m/libm.a(lib_a-ef_sqrt.o)
                0x0800d0ac                __ieee754_sqrtf
 .text.__kernel_cosf
                0x0800d180      0x1b8 /home/laurence/ARM-GCC/bin/../lib/gcc/arm-none-eabi/4.7.4/../../../../arm-none-eabi/lib/armv7-m/libm.a(lib_a-kf_cos.o)
                0x0800d180                __kernel_cosf
 .text.__kernel_rem_pio2f
                0x0800d338      0xba0 /home/laurence/ARM-GCC/bin/../lib/gcc/arm-none-eabi/4.7.4/../../../../arm-none-eabi/lib/armv7-m/libm.a(lib_a-kf_rem_pio2.o)
                0x0800d338                __kernel_rem_pio2f
 .text.__kernel_sinf
                0x0800ded8      0x100 /home/laurence/ARM-GCC/bin/../lib/gcc/arm-none-eabi/4.7.4/../../../../arm-none-eabi/lib/armv7-m/libm.a(lib_a-kf_sin.o)
                0x0800ded8                __kernel_sinf
 .text.atan     0x0800dfd8      0x368 /home/laurence/ARM-GCC/bin/../lib/gcc/arm-none-eabi/4.7.4/../../../../arm-none-eabi/lib/armv7-m/libm.a(lib_a-s_atan.o)
                0x0800dfd8                atan
 .text.fabs     0x0800e340        0x8 /home/laurence/ARM-GCC/bin/../lib/gcc/arm-none-eabi/4.7.4/../../../../arm-none-eabi/lib/armv7-m/libm.a(lib_a-s_fabs.o)
                0x0800e340                fabs
 .text.matherr  0x0800e348        0x4 /home/laurence/ARM-GCC/bin/../lib/gcc/arm-none-eabi/4.7.4/../../../../arm-none-eabi/lib/armv7-m/libm.a(lib_a-s_matherr.o)
                0x0800e348                matherr
 .text.nan      0x0800e34c        0xc /home/laurence/ARM-GCC/bin/../lib/gcc/arm-none-eabi/4.7.4/../../../../arm-none-eabi/lib/armv7-m/libm.a(lib_a-s_nan.o)
                0x0800e34c                nan
 .text.atanf    0x0800e358      0x258 /home/laurence/ARM-GCC/bin/../lib/gcc/arm-none-eabi/4.7.4/../../../../arm-none-eabi/lib/armv7-m/libm.a(lib_a-sf_atan.o)
                0x0800e358                atanf
 .text.fabsf    0x0800e5b0        0x8 /home/laurence/ARM-GCC/bin/../lib/gcc/arm-none-eabi/4.7.4/../../../../arm-none-eabi/lib/armv7-m/libm.a(lib_a-sf_fabs.o)
                0x0800e5b0                fabsf
 .text.floorf   0x0800e5b8       0x94 /home/laurence/ARM-GCC/bin/../lib/gcc/arm-none-eabi/4.7.4/../../../../arm-none-eabi/lib/armv7-m/libm.a(lib_a-sf_floor.o)
                0x0800e5b8                floorf
 .text.__fpclassifyf
                0x0800e64c       0x58 /home/laurence/ARM-GCC/bin/../lib/gcc/arm-none-eabi/4.7.4/../../../../arm-none-eabi/lib/armv7-m/libm.a(lib_a-sf_fpclassify.o)
                0x0800e64c                __fpclassifyf
 .text.scalbnf  0x0800e6a4       0xc0 /home/laurence/ARM-GCC/bin/../lib/gcc/arm-none-eabi/4.7.4/../../../../arm-none-eabi/lib/armv7-m/libm.a(lib_a-sf_scalbn.o)
                0x0800e6a4                scalbnf
 .text.copysignf
                0x0800e764        0xc /home/laurence/ARM-GCC/bin/../lib/gcc/arm-none-eabi/4.7.4/../../../../arm-none-eabi/lib/armv7-m/libm.a(lib_a-sf_copysign.o)
                0x0800e764                copysignf
 .text._sbrk    0x0800e770       0x34 /home/laurence/ARM-GCC/bin/../lib/gcc/arm-none-eabi/4.7.4/../../../../arm-none-eabi/lib/armv7-m/libnosys.a(sbrk.o)
                0x0800e770                _sbrk
 .text.__errno  0x0800e7a4        0xc /home/laurence/ARM-GCC/bin/../lib/gcc/arm-none-eabi/4.7.4/../../../../arm-none-eabi/lib/armv7-m/libc.a(lib_a-errno.o)
                0x0800e7a4                __errno
 *(.rodata)
 .rodata        0x0800e7b0       0xb4 /tmp/ccfLrzqR.ltrans0.ltrans.o
                0x0800e855                DaysInMonth.5327
 .rodata        0x0800e864       0x32 /tmp/ccfLrzqR.ltrans1.ltrans.o
 .rodata        0x0800e896      0x3ce /tmp/ccfLrzqR.ltrans3.ltrans.o
 .rodata        0x0800ec64       0x74 /tmp/ccfLrzqR.ltrans4.ltrans.o
 .rodata        0x0800ecd8      0x180 /tmp/ccfLrzqR.ltrans8.ltrans.o
                0x0800ecd8                Tbl.4894
 *(.rodata*)
 .rodata.str1.1
                0x0800ee58      0x3b6 /tmp/ccfLrzqR.ltrans0.ltrans.o
                                0x3bb (size before relaxing)
 .rodata.str1.1
                0x0800f20e       0x16 /tmp/ccfLrzqR.ltrans1.ltrans.o
                                 0x19 (size before relaxing)
 .rodata.str1.1
                0x0800f224       0x10 /tmp/ccfLrzqR.ltrans8.ltrans.o
 .rodata.str1.4
                0x0800f234        0x2 /home/laurence/ARM-GCC/bin/../lib/gcc/arm-none-eabi/4.7.4/../../../../arm-none-eabi/lib/armv7-m/libc.a(lib_a-impure.o)
                                  0x4 (size before relaxing)
 *fill*         0x0800f236        0x2 00
 .rodata.str1.4
                0x0800f238        0x9 /home/laurence/ARM-GCC/bin/../lib/gcc/arm-none-eabi/4.7.4/../../../../arm-none-eabi/lib/armv7-m/libm.a(lib_a-wf_acos.o)
                                  0xc (size before relaxing)
 *fill*         0x0800f241        0x3 00
 .rodata.str1.4
                0x0800f244        0x8 /home/laurence/ARM-GCC/bin/../lib/gcc/arm-none-eabi/4.7.4/../../../../arm-none-eabi/lib/armv7-m/libm.a(lib_a-wf_sqrt.o)
 .rodata.npio2_hw
                0x0800f24c       0x80 /home/laurence/ARM-GCC/bin/../lib/gcc/arm-none-eabi/4.7.4/../../../../arm-none-eabi/lib/armv7-m/libm.a(lib_a-ef_rem_pio2.o)
 .rodata.two_over_pi
                0x0800f2cc      0x318 /home/laurence/ARM-GCC/bin/../lib/gcc/arm-none-eabi/4.7.4/../../../../arm-none-eabi/lib/armv7-m/libm.a(lib_a-ef_rem_pio2.o)
 .rodata.init_jk
                0x0800f5e4        0xc /home/laurence/ARM-GCC/bin/../lib/gcc/arm-none-eabi/4.7.4/../../../../arm-none-eabi/lib/armv7-m/libm.a(lib_a-kf_rem_pio2.o)
 .rodata.PIo2   0x0800f5f0       0x2c /home/laurence/ARM-GCC/bin/../lib/gcc/arm-none-eabi/4.7.4/../../../../arm-none-eabi/lib/armv7-m/libm.a(lib_a-kf_rem_pio2.o)
 *fill*         0x0800f61c        0x4 00
 .rodata.atanlo
                0x0800f620       0x20 /home/laurence/ARM-GCC/bin/../lib/gcc/arm-none-eabi/4.7.4/../../../../arm-none-eabi/lib/armv7-m/libm.a(lib_a-s_atan.o)
 .rodata.atanhi
                0x0800f640       0x20 /home/laurence/ARM-GCC/bin/../lib/gcc/arm-none-eabi/4.7.4/../../../../arm-none-eabi/lib/armv7-m/libm.a(lib_a-s_atan.o)
 .rodata.atanlo
                0x0800f660       0x10 /home/laurence/ARM-GCC/bin/../lib/gcc/arm-none-eabi/4.7.4/../../../../arm-none-eabi/lib/armv7-m/libm.a(lib_a-sf_atan.o)
 .rodata.atanhi
                0x0800f670       0x10 /home/laurence/ARM-GCC/bin/../lib/gcc/arm-none-eabi/4.7.4/../../../../arm-none-eabi/lib/armv7-m/libm.a(lib_a-sf_atan.o)
 *(.glue_7)
 .glue_7        0x00000000        0x0 linker stubs
 *(.glue_7t)
 .glue_7t       0x00000000        0x0 linker stubs
 *(.init)
 .init          0x0800f680        0x4 /home/laurence/ARM-GCC/bin/../lib/gcc/arm-none-eabi/4.7.4/armv7-m/crti.o
                0x0800f680                _init
 .init          0x0800f684        0x8 /home/laurence/ARM-GCC/bin/../lib/gcc/arm-none-eabi/4.7.4/armv7-m/crtn.o
 *(.fini)
 .fini          0x0800f68c        0x4 /home/laurence/ARM-GCC/bin/../lib/gcc/arm-none-eabi/4.7.4/armv7-m/crti.o
                0x0800f68c                _fini
 .fini          0x0800f690        0x8 /home/laurence/ARM-GCC/bin/../lib/gcc/arm-none-eabi/4.7.4/armv7-m/crtn.o
                0x0800f698                . = ALIGN (0x4)
                0x0800f698                _etext = .
                0x0800f698                _sidata = _etext

.vfp11_veneer   0x0800f698        0x0
 .vfp11_veneer  0x00000000        0x0 linker stubs

.v4_bx          0x0800f698        0x0
 .v4_bx         0x00000000        0x0 linker stubs

.iplt           0x0800f698        0x0
 .iplt          0x00000000        0x0 /home/laurence/ARM-GCC/bin/../lib/gcc/arm-none-eabi/4.7.4/armv7-m/crtbegin.o

.rel.dyn        0x0800f698        0x0
 .rel.iplt      0x00000000        0x0 /home/laurence/ARM-GCC/bin/../lib/gcc/arm-none-eabi/4.7.4/armv7-m/crtbegin.o

.flashpatch     0x00000000        0x0
                0x00000000                . = ALIGN (0x4)
 *(.flashpatch)
                0x00000000                . = ALIGN (0x4)

.endflash       0x00000000        0x0
                0x00000000                . = ALIGN (0x4)
 *(.endflash)
                0x00000000                . = ALIGN (0x4)
                0x00000000                _e_endflash = .

.data           0x20000000      0xa28 load address 0x0800f698
                0x20000000                . = ALIGN (0x4)
                0x20000000                _sdata = .
                0x20000000                _data = .
 *(.data)
 .data          0x20000000        0xc /tmp/ccfLrzqR.ltrans0.ltrans.o
                0x20000008                SP1ML_network_address
 .data          0x2000000c       0x14 /tmp/ccfLrzqR.ltrans1.ltrans.o
                0x2000001e                Device_Table
 .data          0x20000020       0x24 /tmp/ccfLrzqR.ltrans3.ltrans.o
                0x20000020                DCM_glob
 .data          0x20000044       0x68 /tmp/ccfLrzqR.ltrans4.ltrans.o
                0x20000060                String_Descriptor
                0x20000088                User_Standard_Requests
 .data          0x200000ac       0x40 /tmp/ccfLrzqR.ltrans6.ltrans.o
                0x200000ac                I2C_jobs
 .data          0x200000ec       0xac /tmp/ccfLrzqR.ltrans7.ltrans.o
                0x200000ec                Scsi_Sense_Data
                0x20000160                pEpInt_OUT
                0x2000017c                pEpInt_IN
 .data          0x20000198        0x1 /tmp/ccfLrzqR.ltrans9.ltrans.o
 *fill*         0x20000199        0x3 00
 .data          0x2000019c       0x34 /tmp/ccfLrzqR.ltrans10.ltrans.o
                0x2000019c                Device_Property
                0x200001cd                Stat.5521
 *(.data.*)
 .data.__malloc_av_
                0x200001d0      0x408 /home/laurence/ARM-GCC/bin/../lib/gcc/arm-none-eabi/4.7.4/../../../../arm-none-eabi/lib/armv7-m/libc.a(lib_a-mallocr.o)
                0x200001d0                __malloc_av_
 .data.__malloc_trim_threshold
                0x200005d8        0x4 /home/laurence/ARM-GCC/bin/../lib/gcc/arm-none-eabi/4.7.4/../../../../arm-none-eabi/lib/armv7-m/libc.a(lib_a-mallocr.o)
                0x200005d8                __malloc_trim_threshold
 .data.__malloc_sbrk_base
                0x200005dc        0x4 /home/laurence/ARM-GCC/bin/../lib/gcc/arm-none-eabi/4.7.4/../../../../arm-none-eabi/lib/armv7-m/libc.a(lib_a-mallocr.o)
                0x200005dc                __malloc_sbrk_base
 .data.ADCPrescTable
                0x200005e0        0x4 lib/STM32F10x_StdPeriph_Driver/libstm32fw.a(stm32f10x_rcc.o)
 .data.APBAHBPrescTable
                0x200005e4       0x10 lib/STM32F10x_StdPeriph_Driver/libstm32fw.a(stm32f10x_rcc.o)
 *fill*         0x200005f4        0x4 00
 .data.impure_data
                0x200005f8      0x428 /home/laurence/ARM-GCC/bin/../lib/gcc/arm-none-eabi/4.7.4/../../../../arm-none-eabi/lib/armv7-m/libc.a(lib_a-impure.o)
 .data._impure_ptr
                0x20000a20        0x4 /home/laurence/ARM-GCC/bin/../lib/gcc/arm-none-eabi/4.7.4/../../../../arm-none-eabi/lib/armv7-m/libc.a(lib_a-impure.o)
                0x20000a20                _impure_ptr
 .data.__fdlib_version
                0x20000a24        0x1 /home/laurence/ARM-GCC/bin/../lib/gcc/arm-none-eabi/4.7.4/../../../../arm-none-eabi/lib/armv7-m/libm.a(lib_a-s_lib_ver.o)
                0x20000a24                __fdlib_version
 *(.RAMtext)
                0x20000a28                . = ALIGN (0x4)
 *fill*         0x20000a25        0x3 00
                0x20000a28                _edata = .
                0x080100c0                _eidata = (_sidata + (_edata - _sdata))
                0x08020000                _lastdataromaddress = (ORIGIN (FLASH) + 0x20000)
                0x00000000                toobig = (_eidata > _lastdataromaddress)?!!!!!!!!! FLASH IS FULL !!!!!!!!!:0x0

.igot.plt       0x20000a28        0x0 load address 0x080100c0
 .igot.plt      0x00000000        0x0 /home/laurence/ARM-GCC/bin/../lib/gcc/arm-none-eabi/4.7.4/armv7-m/crtbegin.o

.bss            0x20000a28     0x138c load address 0x080100c0
                0x20000a28                . = ALIGN (0x4)
                0x20000a28                _sbss = .
                0x20000a28                _bss = .
 *(.bss)
 .bss           0x20000a28      0xdd8 /tmp/ccfLrzqR.ltrans0.ltrans.o
                0x20000e50                bootsource
                0x20000e54                Millis
                0x20000e5c                Gps_Buffer
                0x20000e68                rputchar.5805
                0x20000e6c                Status
                0x20000e70                Data_Buffer
                0x20000e74                bDeviceState
                0x20000e78                Battery_Voltage
                0x20000e7c                Jobs
                0x20000e80                FatFs.5248
                0x200010bc                FATFS_wavfile
                0x20001300                LSM9DS1_Mag_Offset
                0x2000131a                print_string
                0x20001334                FATFS_wavfile_gps
                0x20001558                FATFS_wavfile_imu
                0x2000177c                file_opened
                0x20001780                PI_glob
                0x20001798                I_limits
                0x200017a4                flashCodeEnabled
                0x200017a8                Gps
                0x200017e4                GPS_telem
                0x200017f0                flashCode
                0x200017f5                SP1ML_state
                0x200017f9                System_state_Global
                0x200017fa                Shutdown_System
 .bss           0x20001800       0x8c /tmp/ccfLrzqR.ltrans1.ltrans.o
 .bss           0x2000188c       0x14 /tmp/ccfLrzqR.ltrans2.ltrans.o
 .bss           0x200018a0        0xc /tmp/ccfLrzqR.ltrans3.ltrans.o
 .bss           0x200018ac       0x28 /tmp/ccfLrzqR.ltrans4.ltrans.o
 .bss           0x200018d4        0xc /tmp/ccfLrzqR.ltrans5.ltrans.o
 .bss           0x200018e0        0x4 /tmp/ccfLrzqR.ltrans6.ltrans.o
                0x200018e3                CurrVol.5247
 .bss           0x200018e4       0xb0 /tmp/ccfLrzqR.ltrans7.ltrans.o
                0x200018e4                TransferState
                0x200018e8                Mass_Block_Size
                0x200018f4                Sd_Spi_Called_From_USB_MSC
                0x200018fc                CSW
                0x2000190c                Bot_State
                0x20001910                CBW
                0x2000193d                Bulk_Data_Buff
                0x2000197e                Data_Len
                0x20001980                Max_Lun
                0x20001984                Mass_Block_Count
 .bss           0x20001994        0x1 /tmp/ccfLrzqR.ltrans8.ltrans.o
                0x20001994                CardType.5522
 *fill*         0x20001995        0x3 00
 .bss           0x20001998      0x384 /tmp/ccfLrzqR.ltrans9.ltrans.o
                0x20001a1c                raw_data.7604
                0x20001a38                channel_wct_conf.7615
                0x20001a3c                wct.7602
                0x20001a3f                Enable.7617
                0x20001a40                ECG_buffers
                0x20001b00                old_quality_mask.7619
                0x20001b04                old_wct.7618
                0x20001b09                ADS1298_Error_Status
                0x20001b11                Gain.7614
                0x20001b14                Completed_Jobs
                0x20001b18                LSM9DS1_Gyro_Buffer
                0x20001b24                IMU_buff
                0x20001bc4                LSM9DS1_Acc_Buffer
                0x20001bcc                LSM9DS1_Mag_Buffer
                0x20001bda                I2C1error
                0x20001bdc                I2C_failure
                0x20001ca0                Filtered_ECG
                0x20001cb2                SP1ML_tx_rx_state
                0x20001cc0                Usart3_rx_buff
                0x20001cd0                SP1ML_tx_sequence_number
                0x20001ce0                Usart1_rx_buff
                0x20001cf0                RN42_tx_sequence_number
                0x20001cf4                Usart3_tx_buff
                0x20001d04                SP1ML_tx_bytes
                0x20001d08                SP1ML_withold
                0x20001d0c                Usart1_tx_buff
 .bss           0x20001d1c       0x1c /tmp/ccfLrzqR.ltrans10.ltrans.o
                0x20001d1c                wIstr
                0x20001d20                Timer1.5516
                0x20001d24                Timer2.5517
                0x20001d35                job
 *(.bss.*)
 .bss.__malloc_max_total_mem
                0x20001d38        0x4 /home/laurence/ARM-GCC/bin/../lib/gcc/arm-none-eabi/4.7.4/../../../../arm-none-eabi/lib/armv7-m/libc.a(lib_a-mallocr.o)
                0x20001d38                __malloc_max_total_mem
 .bss.__malloc_max_sbrked_mem