Archive member included to satisfy reference by file (symbol)

lib/STM32F10x_StdPeriph_Driver/libstm32fw.a(misc.o)
                              interrupts.o (symbol from plugin) (NVIC_PriorityGroupConfig)
lib/STM32F10x_StdPeriph_Driver/libstm32fw.a(stm32f10x_adc.o)
                              adc.o (symbol from plugin) (ADC_DeInit)
lib/STM32F10x_StdPeriph_Driver/libstm32fw.a(stm32f10x_bkp.o)
                              Util/fat_fs/src/rtc.o (symbol from plugin) (BKP_DeInit)
lib/STM32F10x_StdPeriph_Driver/libstm32fw.a(stm32f10x_dbgmcu.o)
                              main.o (symbol from plugin) (DBGMCU_Config)
lib/STM32F10x_StdPeriph_Driver/libstm32fw.a(stm32f10x_dma.o)
                              Util/fat_fs/src/sd_spi_stm32.o (symbol from plugin) (DMA_DeInit)
lib/STM32F10x_StdPeriph_Driver/libstm32fw.a(stm32f10x_exti.o)
                              interrupts.o (symbol from plugin) (EXTI_DeInit)
lib/STM32F10x_StdPeriph_Driver/libstm32fw.a(stm32f10x_gpio.o)
                              Util/fat_fs/src/sd_spi_stm32.o (symbol from plugin) (GPIO_Init)
lib/STM32F10x_StdPeriph_Driver/libstm32fw.a(stm32f10x_i2c.o)
                              i2c_int.o (symbol from plugin) (I2C_DeInit)
lib/STM32F10x_StdPeriph_Driver/libstm32fw.a(stm32f10x_iwdg.o)
                              watchdog.o (symbol from plugin) (IWDG_WriteAccessCmd)
lib/STM32F10x_StdPeriph_Driver/libstm32fw.a(stm32f10x_pwr.o)
                              pwr.o (symbol from plugin) (PWR_DeInit)
lib/STM32F10x_StdPeriph_Driver/libstm32fw.a(stm32f10x_rcc.o)
                              interrupts.o (symbol from plugin) (RCC_HCLKConfig)
lib/STM32F10x_StdPeriph_Driver/libstm32fw.a(stm32f10x_rtc.o)
                              Util/fat_fs/src/rtc.o (symbol from plugin) (RTC_GetCounter)
lib/STM32F10x_StdPeriph_Driver/libstm32fw.a(stm32f10x_spi.o)
                              Util/fat_fs/src/sd_spi_stm32.o (symbol from plugin) (SPI_I2S_DeInit)
lib/STM32F10x_StdPeriph_Driver/libstm32fw.a(stm32f10x_tim.o)
                              timer.o (symbol from plugin) (TIM_DeInit)
lib/STM32F10x_StdPeriph_Driver/libstm32fw.a(stm32f10x_usart.o)
                              Util/rn42_command.o (symbol from plugin) (USART_DeInit)
lib/STM32_USB-FS-Device_Driver/libstm32usb.a(usb_core.o)
                              Util/USB/usb_prop.o (symbol from plugin) (Standard_GetDescriptorData)
lib/STM32_USB-FS-Device_Driver/libstm32usb.a(usb_init.o)
                              main.o (symbol from plugin) (USB_Init)
lib/STM32_USB-FS-Device_Driver/libstm32usb.a(usb_int.o)
                              Util/USB/usb_istr.o (symbol from plugin) (CTR_LP)
lib/STM32_USB-FS-Device_Driver/libstm32usb.a(usb_mem.o)
                              lib/STM32_USB-FS-Device_Driver/libstm32usb.a(usb_core.o) (UserToPMABufferCopy)
lib/STM32_USB-FS-Device_Driver/libstm32usb.a(usb_regs.o)
                              Util/USB/usb_prop.o (symbol from plugin) (SetBTABLE)
lib/STM32_USB-FS-Device_Driver/libstm32usb.a(usb_sil.o)
                              Util/USB/usb_prop.o (symbol from plugin) (USB_SIL_Init)
/home/laurence/ARM-GCC/gcc-arm-none-eabi-5_3-2016q1/bin/../lib/gcc/arm-none-eabi/5.3.1/../../../../arm-none-eabi/lib/armv7-m/libg.a(lib_a-exit.o)
                              /home/laurence/ARM-GCC/gcc-arm-none-eabi-5_3-2016q1/bin/../lib/gcc/arm-none-eabi/5.3.1/../../../../arm-none-eabi/lib/armv7-m/crt0.o (exit)
/home/laurence/ARM-GCC/gcc-arm-none-eabi-5_3-2016q1/bin/../lib/gcc/arm-none-eabi/5.3.1/../../../../arm-none-eabi/lib/armv7-m/libg.a(lib_a-impure.o)
                              /home/laurence/ARM-GCC/gcc-arm-none-eabi-5_3-2016q1/bin/../lib/gcc/arm-none-eabi/5.3.1/../../../../arm-none-eabi/lib/armv7-m/libg.a(lib_a-exit.o) (_global_impure_ptr)
/home/laurence/ARM-GCC/gcc-arm-none-eabi-5_3-2016q1/bin/../lib/gcc/arm-none-eabi/5.3.1/../../../../arm-none-eabi/lib/armv7-m/libg.a(lib_a-init.o)
                              /home/laurence/ARM-GCC/gcc-arm-none-eabi-5_3-2016q1/bin/../lib/gcc/arm-none-eabi/5.3.1/../../../../arm-none-eabi/lib/armv7-m/crt0.o (__libc_init_array)
/home/laurence/ARM-GCC/gcc-arm-none-eabi-5_3-2016q1/bin/../lib/gcc/arm-none-eabi/5.3.1/../../../../arm-none-eabi/lib/armv7-m/libg.a(lib_a-memset.o)
                              /home/laurence/ARM-GCC/gcc-arm-none-eabi-5_3-2016q1/bin/../lib/gcc/arm-none-eabi/5.3.1/../../../../arm-none-eabi/lib/armv7-m/crt0.o (memset)
/home/laurence/ARM-GCC/gcc-arm-none-eabi-5_3-2016q1/bin/../lib/gcc/arm-none-eabi/5.3.1/../../../../arm-none-eabi/lib/armv7-m/libg.a(lib_a-rand.o)
                              Util/sp1ml_command.o (symbol from plugin) (srand)
/home/laurence/ARM-GCC/gcc-arm-none-eabi-5_3-2016q1/bin/../lib/gcc/arm-none-eabi/5.3.1/../../../../arm-none-eabi/lib/armv7-m/libg.a(lib_a-__call_atexit.o)
                              /home/laurence/ARM-GCC/gcc-arm-none-eabi-5_3-2016q1/bin/../lib/gcc/arm-none-eabi/5.3.1/../../../../arm-none-eabi/lib/armv7-m/libg.a(lib_a-exit.o) (__call_exitprocs)
[...]
Memory Configuration

Name             Origin             Length             Attributes
RAM              0x20000000         0x00005000         xrw
FLASH            0x08000000         0x00020000         xr
FLASHB1          0x00000000         0x00000000         xr
EXTMEMB0         0x00000000         0x00000000         xr
EXTMEMB1         0x00000000         0x00000000         xr
EXTMEMB2         0x00000000         0x00000000         xr
EXTMEMB3         0x00000000         0x00000000         xr
STARTFLASH       0x00000000         0xffffffff
CRPPATCH         0x00000000         0xffffffff
FLASHPATCH       0x00000000         0xffffffff
ENDFLASH         0x00000000         0xffffffff
*default*        0x00000000         0xffffffff

Linker script and memory map

LOAD /home/laurence/ARM-GCC/gcc-arm-none-eabi-5_3-2016q1/bin/../lib/gcc/arm-none-eabi/5.3.1/armv7-m/crti.o
LOAD /home/laurence/ARM-GCC/gcc-arm-none-eabi-5_3-2016q1/bin/../lib/gcc/arm-none-eabi/5.3.1/armv7-m/crtbegin.o
LOAD /home/laurence/ARM-GCC/gcc-arm-none-eabi-5_3-2016q1/bin/../lib/gcc/arm-none-eabi/5.3.1/../../../../arm-none-eabi/lib/armv7-m/crt0.o
LOAD Util/USB/hw_config.o
LOAD /tmp/ccUiCVFX.ltrans0.ltrans.o
LOAD /tmp/ccUiCVFX.ltrans1.ltrans.o
LOAD /tmp/ccUiCVFX.ltrans2.ltrans.o
LOAD /tmp/ccUiCVFX.ltrans3.ltrans.o
LOAD /tmp/ccUiCVFX.ltrans4.ltrans.o
LOAD /tmp/ccUiCVFX.ltrans5.ltrans.o
LOAD /tmp/ccUiCVFX.ltrans6.ltrans.o
LOAD /tmp/ccUiCVFX.ltrans7.ltrans.o
LOAD /tmp/ccUiCVFX.ltrans8.ltrans.o
LOAD /tmp/ccUiCVFX.ltrans9.ltrans.o
LOAD /tmp/ccUiCVFX.ltrans10.ltrans.o
LOAD /tmp/ccUiCVFX.ltrans11.ltrans.o
LOAD /tmp/ccUiCVFX.ltrans12.ltrans.o
LOAD /tmp/ccUiCVFX.ltrans13.ltrans.o
LOAD /tmp/ccUiCVFX.ltrans14.ltrans.o
LOAD /tmp/ccUiCVFX.ltrans15.ltrans.o
LOAD /tmp/ccUiCVFX.ltrans16.ltrans.o
LOAD Util/USB/mass_mal.o
LOAD Util/USB/memory.o
LOAD Util/USB/scsi_data.o
LOAD Util/USB/usb_bot.o
LOAD Util/USB/usb_desc.o
LOAD Util/USB/usb_endp.o
LOAD Util/USB/usb_istr.o
LOAD Util/USB/usb_prop.o
LOAD Util/USB/usb_pwr.o
LOAD Util/USB/usb_scsi.o
LOAD Util/buffer.o
LOAD Util/data_alignment.o
LOAD Util/dcm_attitude.o
LOAD Util/delay.o
LOAD Util/fat_fs/option/ccsbcs.o
LOAD Util/fat_fs/src/fattime.o
LOAD Util/fat_fs/src/ff.o
LOAD Util/fat_fs/src/rtc.o
LOAD Util/fat_fs/src/sd_spi_stm32.o
LOAD Util/filter.o
LOAD Util/load_setting.o
LOAD Util/rn42_command.o
LOAD Util/rn42_conf.o
LOAD Util/rprintf.o
LOAD Util/rtc_correct.o
LOAD Util/sp1ml_command.o
LOAD Util/wave.o
LOAD adc.o
LOAD bootload.o
LOAD dma.o
LOAD gpio.o
LOAD i2c_int.o
LOAD interrupts.o
LOAD lib/CMSIS_CM3/core_cm3.o
LOAD lib/CMSIS_CM3/startup/gcc/startup_stm32f10x_md.o
LOAD lib/CMSIS_CM3/system_stm32f10x.o
LOAD main.o
LOAD pwr.o
LOAD timer.o
LOAD usart.o
LOAD watchdog.o
LOAD Sensors/ads1298.o
LOAD Sensors/lsm9ds1.o
LOAD Sensors/ubx.o
LOAD lib/STM32F10x_StdPeriph_Driver/libstm32fw.a
LOAD lib/STM32_USB-FS-Device_Driver/libstm32usb.a
LOAD /home/laurence/ARM-GCC/gcc-arm-none-eabi-5_3-2016q1/bin/../lib/gcc/arm-none-eabi/5.3.1/../../../../arm-none-eabi/lib/armv7-m/libm.a
LOAD /home/laurence/ARM-GCC/gcc-arm-none-eabi-5_3-2016q1/bin/../lib/gcc/arm-none-eabi/5.3.1/../../../../arm-none-eabi/lib/armv7-m/libnosys.a
START GROUP
LOAD /home/laurence/ARM-GCC/gcc-arm-none-eabi-5_3-2016q1/bin/../lib/gcc/arm-none-eabi/5.3.1/armv7-m/libgcc.a
LOAD /home/laurence/ARM-GCC/gcc-arm-none-eabi-5_3-2016q1/bin/../lib/gcc/arm-none-eabi/5.3.1/../../../../arm-none-eabi/lib/armv7-m/libg.a
LOAD /home/laurence/ARM-GCC/gcc-arm-none-eabi-5_3-2016q1/bin/../lib/gcc/arm-none-eabi/5.3.1/../../../../arm-none-eabi/lib/armv7-m/libc.a
END GROUP
START GROUP
LOAD /home/laurence/ARM-GCC/gcc-arm-none-eabi-5_3-2016q1/bin/../lib/gcc/arm-none-eabi/5.3.1/armv7-m/libgcc.a
LOAD /home/laurence/ARM-GCC/gcc-arm-none-eabi-5_3-2016q1/bin/../lib/gcc/arm-none-eabi/5.3.1/../../../../arm-none-eabi/lib/armv7-m/libc.a
LOAD /home/laurence/ARM-GCC/gcc-arm-none-eabi-5_3-2016q1/bin/../lib/gcc/arm-none-eabi/5.3.1/../../../../arm-none-eabi/lib/armv7-m/libnosys.a
END GROUP
LOAD /home/laurence/ARM-GCC/gcc-arm-none-eabi-5_3-2016q1/bin/../lib/gcc/arm-none-eabi/5.3.1/armv7-m/crtend.o
LOAD /home/laurence/ARM-GCC/gcc-arm-none-eabi-5_3-2016q1/bin/../lib/gcc/arm-none-eabi/5.3.1/armv7-m/crtn.o
                0x00002000                __Stack_Size = 0x2000
                [!provide]                PROVIDE (_Stack_Size, __Stack_Size)
                0x20003000                __Stack_Init = (_estack - __Stack_Size)
                [!provide]                PROVIDE (_Stack_Init, __Stack_Init)
                0x00002000                _Minimum_Stack_Size = 0x2000
                [!provide]                PROVIDE (Undefined_Handler, 0x0)
                [!provide]                PROVIDE (SWI_Handler, 0x0)
                [!provide]                PROVIDE (IRQ_Handler, 0x0)
                [!provide]                PROVIDE (Prefetch_Handler, 0x0)
                [!provide]                PROVIDE (Abort_Handler, 0x0)
                [!provide]                PROVIDE (FIQ_Handler, 0x0)
                [!provide]                PROVIDE (NMIException, 0x0)
                [!provide]                PROVIDE (NMI_Handler, 0x0)
                [!provide]                PROVIDE (HardFaultException, 0x0)
                [!provide]                PROVIDE (HardFault_Handler, 0x0)
                [!provide]                PROVIDE (MemManageException, 0x0)
                [!provide]                PROVIDE (MemManage_Handler, 0x0)
                [!provide]                PROVIDE (BusFaultException, 0x0)
                [!provide]                PROVIDE (BusFault_Handler, 0x0)
                [!provide]                PROVIDE (UsageFaultException, 0x0)
                [!provide]                PROVIDE (UsageFault_Handler, 0x0)
                [!provide]                PROVIDE (SVCHandler, 0x0)
                [!provide]                PROVIDE (SVC_Handler, 0x0)
                [!provide]                PROVIDE (DebugMonitor, 0x0)
                [!provide]                PROVIDE (DebugMon_Handler, 0x0)
                [!provide]                PROVIDE (PendSVC, 0x0)
                [!provide]                PROVIDE (PendSV_Handler, 0x0)
                [!provide]                PROVIDE (SysTickHandler, 0x0)
                [!provide]                PROVIDE (SysTick_Handler, 0x0)
                [!provide]                PROVIDE (WWDG_IRQHandler, 0x0)
                [!provide]                PROVIDE (PVD_IRQHandler, 0x0)
                [!provide]                PROVIDE (TAMPER_IRQHandler, 0x0)
                [!provide]                PROVIDE (RTC_IRQHandler, 0x0)
                [!provide]                PROVIDE (FLASH_IRQHandler, 0x0)
                [!provide]                PROVIDE (RCC_IRQHandler, 0x0)
                [!provide]                PROVIDE (EXTI0_IRQHandler, 0x0)
                [!provide]                PROVIDE (EXTI1_IRQHandler, 0x0)
                [!provide]                PROVIDE (EXTI2_IRQHandler, 0x0)
                [!provide]                PROVIDE (EXTI3_IRQHandler, 0x0)
                [!provide]                PROVIDE (EXTI4_IRQHandler, 0x0)
                [!provide]                PROVIDE (DMAChannel1_IRQHandler, 0x0)
                [!provide]                PROVIDE (DMAChannel2_IRQHandler, 0x0)
                [!provide]                PROVIDE (DMAChannel3_IRQHandler, 0x0)
                [!provide]                PROVIDE (DMAChannel4_IRQHandler, 0x0)
                [!provide]                PROVIDE (DMAChannel5_IRQHandler, 0x0)
                [!provide]                PROVIDE (DMAChannel6_IRQHandler, 0x0)
                [!provide]                PROVIDE (DMAChannel7_IRQHandler, 0x0)
                [!provide]                PROVIDE (DMA1_Channel1_IRQHandler, 0x0)
                [!provide]                PROVIDE (DMA1_Channel2_IRQHandler, 0x0)
                [!provide]                PROVIDE (DMA1_Channel3_IRQHandler, 0x0)
                [!provide]                PROVIDE (DMA1_Channel4_IRQHandler, 0x0)
                [!provide]                PROVIDE (DMA1_Channel5_IRQHandler, 0x0)
                [!provide]                PROVIDE (DMA1_Channel6_IRQHandler, 0x0)
                [!provide]                PROVIDE (DMA1_Channel7_IRQHandler, 0x0)
                [!provide]                PROVIDE (ADC_IRQHandler, 0x0)
                [!provide]                PROVIDE (ADC1_2_IRQHandler, 0x0)
                [!provide]                PROVIDE (USB_HP_CAN_TX_IRQHandler, 0x0)
                [!provide]                PROVIDE (USB_HP_CAN1_TX_IRQHandler, 0x0)
                [!provide]                PROVIDE (USB_LP_CAN_RX0_IRQHandler, 0x0)
                [!provide]                PROVIDE (USB_LP_CAN1_RX0_IRQHandler, 0x0)
                [!provide]                PROVIDE (CAN_RX1_IRQHandler, 0x0)
                [!provide]                PROVIDE (CAN1_RX1_IRQHandler, 0x0)
                [!provide]                PROVIDE (CAN_SCE_IRQHandler, 0x0)
                [!provide]                PROVIDE (CAN1_SCE_IRQHandler, 0x0)
                [!provide]                PROVIDE (EXTI9_5_IRQHandler, 0x0)
                [!provide]                PROVIDE (TIM1_BRK_IRQHandler, 0x0)
                [!provide]                PROVIDE (TIM1_UP_IRQHandler, 0x0)
                [!provide]                PROVIDE (TIM1_TRG_COM_IRQHandler, 0x0)
                [!provide]                PROVIDE (TIM1_CC_IRQHandler, 0x0)
                [!provide]                PROVIDE (TIM2_IRQHandler, 0x0)
                [!provide]                PROVIDE (TIM3_IRQHandler, 0x0)
                [!provide]                PROVIDE (TIM4_IRQHandler, 0x0)
                [!provide]                PROVIDE (I2C1_EV_IRQHandler, 0x0)
                [!provide]                PROVIDE (I2C1_ER_IRQHandler, 0x0)
                [!provide]                PROVIDE (I2C2_EV_IRQHandler, 0x0)
                [!provide]                PROVIDE (I2C2_ER_IRQHandler, 0x0)
                [!provide]                PROVIDE (SPI1_IRQHandler, 0x0)
                [!provide]                PROVIDE (SPI2_IRQHandler, 0x0)
                [!provide]                PROVIDE (USART1_IRQHandler, 0x0)
                [!provide]                PROVIDE (USART2_IRQHandler, 0x0)
                [!provide]                PROVIDE (USART3_IRQHandler, 0x0)
                [!provide]                PROVIDE (EXTI15_10_IRQHandler, 0x0)
                [!provide]                PROVIDE (RTCAlarm_IRQHandler, 0x0)
                [!provide]                PROVIDE (USBWakeUp_IRQHandler, 0x0)
                [!provide]                PROVIDE (TIM8_BRK_IRQHandler, 0x0)
                [!provide]                PROVIDE (TIM8_UP_IRQHandler, 0x0)
                [!provide]                PROVIDE (TIM8_TRG_COM_IRQHandler, 0x0)
                [!provide]                PROVIDE (TIM8_CC_IRQHandler, 0x0)
                [!provide]                PROVIDE (ADC3_IRQHandler, 0x0)
                [!provide]                PROVIDE (FSMC_IRQHandler, 0x0)
                [!provide]                PROVIDE (SDIO_IRQHandler, 0x0)
                [!provide]                PROVIDE (TIM5_IRQHandler, 0x0)
                [!provide]                PROVIDE (SPI3_IRQHandler, 0x0)
                [!provide]                PROVIDE (UART4_IRQHandler, 0x0)
                [!provide]                PROVIDE (UART5_IRQHandler, 0x0)
                [!provide]                PROVIDE (TIM6_IRQHandler, 0x0)
                [!provide]                PROVIDE (TIM7_IRQHandler, 0x0)
                [!provide]                PROVIDE (DMA2_Channel1_IRQHandler, 0x0)
                [!provide]                PROVIDE (DMA2_Channel2_IRQHandler, 0x0)
                [!provide]                PROVIDE (DMA2_Channel3_IRQHandler, 0x0)
                [!provide]                PROVIDE (DMA2_Channel4_5_IRQHandler, 0x0)
                0x42000000                PERIPH_BB_BASE = 0x42000000
                0x22000000                SRAM_BB_BASE = 0x22000000
                0x20000000                SRAM_BASE = 0x20000000
                0x40000000                PERIPH_BASE = 0x40000000
                [!provide]                PROVIDE (FLASH_BASE, 0x40022000)
                [!provide]                PROVIDE (OB_BASE, 0x1ffff800)
                0x40000000                APB1PERIPH_BASE = PERIPH_BASE
                0x40010000                APB2PERIPH_BASE = (PERIPH_BASE + 0x10000)
                0x40020000                AHBPERIPH_BASE = (PERIPH_BASE + 0x20000)
                [!provide]                PROVIDE (TIM2, (APB1PERIPH_BASE + 0x0))
                [!provide]                PROVIDE (TIM3, (APB1PERIPH_BASE + 0x400))
                [!provide]                PROVIDE (TIM4, (APB1PERIPH_BASE + 0x800))
                [!provide]                PROVIDE (RTC, (APB1PERIPH_BASE + 0x2800))
                [!provide]                PROVIDE (WWDG, (APB1PERIPH_BASE + 0x2c00))
                [!provide]                PROVIDE (IWDG, (APB1PERIPH_BASE + 0x3000))
                [!provide]                PROVIDE (SPI2, (APB1PERIPH_BASE + 0x3800))
                [!provide]                PROVIDE (USART2, (APB1PERIPH_BASE + 0x4400))
                [!provide]                PROVIDE (USART3, (APB1PERIPH_BASE + 0x4800))
                [!provide]                PROVIDE (I2C1, (APB1PERIPH_BASE + 0x5400))
                [!provide]                PROVIDE (I2C2, (APB1PERIPH_BASE + 0x5800))
                [!provide]                PROVIDE (CAN, (APB1PERIPH_BASE + 0x6400))
                [!provide]                PROVIDE (BKP, (APB1PERIPH_BASE + 0x6c00))
                [!provide]                PROVIDE (PWR, (APB1PERIPH_BASE + 0x7000))
                [!provide]                PROVIDE (AFIO, (APB2PERIPH_BASE + 0x0))
                [!provide]                PROVIDE (EXTI, (APB2PERIPH_BASE + 0x400))
                [!provide]                PROVIDE (GPIOA, (APB2PERIPH_BASE + 0x800))
                [!provide]                PROVIDE (GPIOB, (APB2PERIPH_BASE + 0xc00))
                [!provide]                PROVIDE (GPIOC, (APB2PERIPH_BASE + 0x1000))
                [!provide]                PROVIDE (GPIOD, (APB2PERIPH_BASE + 0x1400))
                [!provide]                PROVIDE (GPIOE, (APB2PERIPH_BASE + 0x1800))
                [!provide]                PROVIDE (ADC1, (APB2PERIPH_BASE + 0x2400))
                [!provide]                PROVIDE (ADC2, (APB2PERIPH_BASE + 0x2800))
                [!provide]                PROVIDE (TIM1, (APB2PERIPH_BASE + 0x2c00))
                [!provide]                PROVIDE (SPI1, (APB2PERIPH_BASE + 0x3000))
                [!provide]                PROVIDE (USART1, (APB2PERIPH_BASE + 0x3800))
                [!provide]                PROVIDE (DMA, (AHBPERIPH_BASE + 0x0))
                [!provide]                PROVIDE (DMA_Channel1, (AHBPERIPH_BASE + 0x8))
                [!provide]                PROVIDE (DMA_Channel2, (AHBPERIPH_BASE + 0x1c))
                [!provide]                PROVIDE (DMA_Channel3, (AHBPERIPH_BASE + 0x30))
                [!provide]                PROVIDE (DMA_Channel4, (AHBPERIPH_BASE + 0x44))
                [!provide]                PROVIDE (DMA_Channel5, (AHBPERIPH_BASE + 0x58))
                [!provide]                PROVIDE (DMA_Channel6, (AHBPERIPH_BASE + 0x6c))
                [!provide]                PROVIDE (DMA_Channel7, (AHBPERIPH_BASE + 0x80))
                [!provide]                PROVIDE (RCC, (AHBPERIPH_BASE + 0x1000))
                0xe000e000                SCS_BASE = 0xe000e000
                [!provide]                PROVIDE (SysTick, (SCS_BASE + 0x10))
                [!provide]                PROVIDE (NVIC, (SCS_BASE + 0x100))
                [!provide]                PROVIDE (SCB, (SCS_BASE + 0xd00))
                0x20005000                PROVIDE (_estack, (ORIGIN (RAM) + LENGTH (RAM)))

.isr_vector     0x08000000      0x10c
                0x08000000                . = ALIGN (0x4)
 *(.isr_vector)
 .isr_vector    0x08000000      0x10c lib/CMSIS_CM3/startup/gcc/startup_stm32f10x_md.o
                0x08000000                g_pfnVectors
                0x0800010c                . = ALIGN (0x4)

.flash_start    0x00000000        0x0
                0x00000000                . = ALIGN (0x4)
 *(.flash_start)
 *(.flash_start.*)
                0x00000000                . = ALIGN (0x4)

.crp_patch      0x00000000        0x0
                0x00000000                . = ALIGN (0x4)
 *(.crp_patch)
                0x00000000                . = ALIGN (0x4)

.flashtext      0x0800010c        0x0
                0x0800010c                . = ALIGN (0x4)
 *(.flashtext)
                0x0800010c                . = ALIGN (0x4)

.text           0x08000110    0x13580
                0x08000110                . = ALIGN (0x4)
 *(.text)
 .text          0x08000110      0x370 /home/laurence/ARM-GCC/gcc-arm-none-eabi-5_3-2016q1/bin/../lib/gcc/arm-none-eabi/5.3.1/armv7-m/libgcc.a(_arm_addsubdf3.o)
                0x08000110                __aeabi_drsub
                0x08000118                __aeabi_dsub
                0x08000118                __subdf3
                0x0800011c                __adddf3
                0x0800011c                __aeabi_dadd
                0x08000394                __aeabi_ui2d
                0x08000394                __floatunsidf
                0x080003b4                __floatsidf
                0x080003b4                __aeabi_i2d
                0x080003d8                __extendsfdf2
                0x080003d8                __aeabi_f2d
                0x08000414                __aeabi_ul2d
                0x08000414                __floatundidf
                0x08000424                __floatdidf
                0x08000424                __aeabi_l2d
 .text          0x08000480      0x424 /home/laurence/ARM-GCC/gcc-arm-none-eabi-5_3-2016q1/bin/../lib/gcc/arm-none-eabi/5.3.1/armv7-m/libgcc.a(_arm_muldivdf3.o)
                0x08000480                __aeabi_dmul
                0x08000480                __muldf3
                0x080006d4                __aeabi_ddiv
                0x080006d4                __divdf3
 .text          0x080008a4      0x110 /home/laurence/ARM-GCC/gcc-arm-none-eabi-5_3-2016q1/bin/../lib/gcc/arm-none-eabi/5.3.1/armv7-m/libgcc.a(_arm_cmpdf2.o)
                0x080008a4                __gtdf2
                0x080008a4                __gedf2
                0x080008ac                __ltdf2
                0x080008ac                __ledf2
                0x080008b4                __cmpdf2
                0x080008b4                __eqdf2
                0x080008b4                __nedf2
                0x08000930                __aeabi_cdrcmple
                0x08000940                __aeabi_cdcmple
                0x08000940                __aeabi_cdcmpeq
                0x08000950                __aeabi_dcmpeq
                0x08000964                __aeabi_dcmplt
                0x08000978                __aeabi_dcmple
                0x0800098c                __aeabi_dcmpge
                0x080009a0                __aeabi_dcmpgt
 .text          0x080009b4       0x50 /home/laurence/ARM-GCC/gcc-arm-none-eabi-5_3-2016q1/bin/../lib/gcc/arm-none-eabi/5.3.1/armv7-m/libgcc.a(_arm_fixdfsi.o)
                0x080009b4                __fixdfsi
                0x080009b4                __aeabi_d2iz
 .text          0x08000a04       0x40 /home/laurence/ARM-GCC/gcc-arm-none-eabi-5_3-2016q1/bin/../lib/gcc/arm-none-eabi/5.3.1/armv7-m/libgcc.a(_arm_fixunsdfsi.o)
                0x08000a04                __fixunsdfsi
                0x08000a04                __aeabi_d2uiz
 .text          0x08000a44       0xa0 /home/laurence/ARM-GCC/gcc-arm-none-eabi-5_3-2016q1/bin/../lib/gcc/arm-none-eabi/5.3.1/armv7-m/libgcc.a(_arm_truncdfsf2.o)
                0x08000a44                __aeabi_d2f
                0x08000a44                __truncdfsf2
 .text          0x08000ae4      0x21c /home/laurence/ARM-GCC/gcc-arm-none-eabi-5_3-2016q1/bin/../lib/gcc/arm-none-eabi/5.3.1/armv7-m/libgcc.a(_arm_addsubsf3.o)
                0x08000ae4                __aeabi_frsub
                0x08000aec                __subsf3
                0x08000aec                __aeabi_fsub
                0x08000af0                __aeabi_fadd
                0x08000af0                __addsf3
                0x08000c50                __aeabi_ui2f
                0x08000c50                __floatunsisf
                0x08000c58                __aeabi_i2f
                0x08000c58                __floatsisf
                0x08000c74                __floatundisf
                0x08000c74                __aeabi_ul2f
                0x08000c84                __floatdisf
                0x08000c84                __aeabi_l2f
 .text          0x08000d00      0x2a0 /home/laurence/ARM-GCC/gcc-arm-none-eabi-5_3-2016q1/bin/../lib/gcc/arm-none-eabi/5.3.1/armv7-m/libgcc.a(_arm_muldivsf3.o)
                0x08000d00                __mulsf3
                0x08000d00                __aeabi_fmul
                0x08000e68                __divsf3
                0x08000e68                __aeabi_fdiv
 .text          0x08000fa0       0xec /home/laurence/ARM-GCC/gcc-arm-none-eabi-5_3-2016q1/bin/../lib/gcc/arm-none-eabi/5.3.1/armv7-m/libgcc.a(_arm_cmpsf2.o)
                0x08000fa0                __gtsf2
                0x08000fa0                __gesf2
                0x08000fa8                __lesf2
                0x08000fa8                __ltsf2
                0x08000fb0                __nesf2
                0x08000fb0                __eqsf2
                0x08000fb0                __cmpsf2
                0x08001010                __aeabi_cfrcmple
                0x08001018                __aeabi_cfcmple
                0x08001018                __aeabi_cfcmpeq
                0x08001028                __aeabi_fcmpeq
                0x0800103c                __aeabi_fcmplt
                0x08001050                __aeabi_fcmple
                0x08001064                __aeabi_fcmpge
                0x08001078                __aeabi_fcmpgt
 .text          0x0800108c       0x2c /home/laurence/ARM-GCC/gcc-arm-none-eabi-5_3-2016q1/bin/../lib/gcc/arm-none-eabi/5.3.1/armv7-m/libgcc.a(_arm_unordsf2.o)
                0x0800108c                __aeabi_fcmpun
                0x0800108c                __unordsf2
 .text          0x080010b8       0x4c /home/laurence/ARM-GCC/gcc-arm-none-eabi-5_3-2016q1/bin/../lib/gcc/arm-none-eabi/5.3.1/armv7-m/libgcc.a(_arm_fixsfsi.o)
                0x080010b8                __fixsfsi
                0x080010b8                __aeabi_f2iz
 .text          0x08001104       0x40 /home/laurence/ARM-GCC/gcc-arm-none-eabi-5_3-2016q1/bin/../lib/gcc/arm-none-eabi/5.3.1/armv7-m/libgcc.a(_arm_fixunssfsi.o)
                0x08001104                __aeabi_f2uiz
                0x08001104                __fixunssfsi
 .text          0x08001144       0xec /home/laurence/ARM-GCC/gcc-arm-none-eabi-5_3-2016q1/bin/../lib/gcc/arm-none-eabi/5.3.1/../../../../arm-none-eabi/lib/armv7-m/libg.a(lib_a-memcpy.o)
                0x08001144                memcpy
 *(.text.*)
 .text.startup.main
                0x08001230     0x2d38 /tmp/ccUiCVFX.ltrans0.ltrans.o
                0x08001230                main
 .text.EP2_OUT_Callback
                0x08003f68      0x9e8 /tmp/ccUiCVFX.ltrans1.ltrans.o
 .text.check_fs
                0x08004950       0xac /tmp/ccUiCVFX.ltrans2.ltrans.o
 .text.f_sync   0x080049fc      0x108 /tmp/ccUiCVFX.ltrans2.ltrans.o
                0x080049fc                f_sync
 .text.f_write  0x08004b04       0x4c /tmp/ccUiCVFX.ltrans2.ltrans.o
                0x08004b04                f_write
 .text.chk_mounted.lto_priv.64
                0x08004b50      0x264 /tmp/ccUiCVFX.ltrans2.ltrans.o
                0x08004b50                chk_mounted.lto_priv.64
 .text.follow_path.lto_priv.65
                0x08004db4      0x3b8 /tmp/ccUiCVFX.ltrans2.ltrans.o
                0x08004db4                follow_path.lto_priv.65
 .text.f_open   0x0800516c      0x14c /tmp/ccUiCVFX.ltrans2.ltrans.o
                0x0800516c                f_open
 .text.get_fileinfo.lto_priv.83
                0x080052b8      0x2c8 /tmp/ccUiCVFX.ltrans2.ltrans.o
                0x080052b8                get_fileinfo.lto_priv.83
 .text.move_window.lto_priv.82
                0x08005580      0x1a8 /tmp/ccUiCVFX.ltrans3.ltrans.o
                0x08005580                move_window.lto_priv.82
 .text.get_fattime
                0x08005728       0x44 /tmp/ccUiCVFX.ltrans3.ltrans.o
                0x08005728                get_fattime
 .text.Delay    0x0800576c       0x20 /tmp/ccUiCVFX.ltrans3.ltrans.o
                0x0800576c                Delay
 .text.Add_To_Buffer
                0x0800578c       0x50 /tmp/ccUiCVFX.ltrans3.ltrans.o
                0x0800578c                Add_To_Buffer
 .text.unlikely.SCSI_Invalid_Cmd
                0x080057dc       0x6c /tmp/ccUiCVFX.ltrans3.ltrans.o
                0x080057dc                SCSI_Invalid_Cmd
 .text.SCSI_Write10_Cmd
                0x08005848      0x214 /tmp/ccUiCVFX.ltrans3.ltrans.o
                0x08005848                SCSI_Write10_Cmd
 .text.SCSI_Read10_Cmd
                0x08005a5c       0xe4 /tmp/ccUiCVFX.ltrans3.ltrans.o
                0x08005a5c                SCSI_Read10_Cmd
 .text.put_fat.part.4.lto_priv.92
                0x08005b40      0x128 /tmp/ccUiCVFX.ltrans4.ltrans.o
                0x08005b40                put_fat.part.4.lto_priv.92
 .text.get_fat.part.3.lto_priv.63
                0x08005c68       0xc0 /tmp/ccUiCVFX.ltrans4.ltrans.o
                0x08005c68                get_fat.part.3.lto_priv.63
 .text.dir_find.part.5.lto_priv.99
                0x08005d28      0x4b0 /tmp/ccUiCVFX.ltrans4.ltrans.o
                0x08005d28                dir_find.part.5.lto_priv.99
 .text.f_lseek  0x080061d8      0x204 /tmp/ccUiCVFX.ltrans4.ltrans.o
                0x080061d8                f_lseek
 .text.unlikely.f_close
                0x080063dc       0x10 /tmp/ccUiCVFX.ltrans4.ltrans.o
                0x080063dc                f_close
 .text.RN42_generate_packet
                0x080063ec      0x390 /tmp/ccUiCVFX.ltrans5.ltrans.o
                0x080063ec                RN42_generate_packet
 .text.rprintf2RamRom
                0x0800677c      0x7d4 /tmp/ccUiCVFX.ltrans5.ltrans.o
                0x0800677c                rprintf2RamRom
 .text.disk_write.part.5.lto_priv.59
                0x08006f50      0x22c /tmp/ccUiCVFX.ltrans5.ltrans.o
                0x08006f50                disk_write.part.5.lto_priv.59
 .text.disk_read.part.4.lto_priv.61
                0x0800717c      0x13c /tmp/ccUiCVFX.ltrans5.ltrans.o
                0x0800717c                disk_read.part.4.lto_priv.61
 .text.__usart_send_char
                0x080072b8       0xa0 /tmp/ccUiCVFX.ltrans6.ltrans.o
                0x080072b8                __usart_send_char
 .text.ads1298_spi_dma_transaction
                0x08007358       0xec /tmp/ccUiCVFX.ltrans6.ltrans.o
                0x08007358                ads1298_spi_dma_transaction
 *fill*         0x08007444        0x4 
 .text.DMA1_Channel4_IRQHandler
                0x08007448      0xef0 /tmp/ccUiCVFX.ltrans6.ltrans.o
                0x08007448                DMA1_Channel4_IRQHandler
 .text.ads1298_busy_wait_command
                0x08008338       0x4c /tmp/ccUiCVFX.ltrans6.ltrans.o
                0x08008338                ads1298_busy_wait_command
 .text.unlikely.ads1298_busy_wait_write
                0x08008384       0x88 /tmp/ccUiCVFX.ltrans6.ltrans.o
                0x08008384                ads1298_busy_wait_write
 .text.USART3_IRQHandler
                0x0800840c      0x17c /tmp/ccUiCVFX.ltrans6.ltrans.o
                0x0800840c                USART3_IRQHandler
 .text.dir_read.lto_priv.80
                0x08008588      0x434 /tmp/ccUiCVFX.ltrans7.ltrans.o
                0x08008588                dir_read.lto_priv.80
 .text.dir_sdi.lto_priv.81
                0x080089bc       0xa8 /tmp/ccUiCVFX.ltrans7.ltrans.o
                0x080089bc                dir_sdi.lto_priv.81
 .text.create_chain.lto_priv.88
                0x08008a64      0x190 /tmp/ccUiCVFX.ltrans7.ltrans.o
                0x08008a64                create_chain.lto_priv.88
 .text.dir_register.lto_priv.89
                0x08008bf4      0x6f0 /tmp/ccUiCVFX.ltrans7.ltrans.o
                0x08008bf4                dir_register.lto_priv.89
 .text.sync.lto_priv.78
                0x080092e4       0xe0 /tmp/ccUiCVFX.ltrans7.ltrans.o
                0x080092e4                sync.lto_priv.78
 .text.stm32_spi_rw.lto_priv.58
                0x080093c4       0x24 /tmp/ccUiCVFX.ltrans8.ltrans.o
                0x080093c4                stm32_spi_rw.lto_priv.58
 .text.send_cmd
                0x080093e8      0x16c /tmp/ccUiCVFX.ltrans8.ltrans.o
                0x080093e8                send_cmd
 .text.disk_initialize
                0x08009554      0x260 /tmp/ccUiCVFX.ltrans8.ltrans.o
                0x08009554                disk_initialize
 .text.wait_ready.lto_priv.60
                0x080097b4       0x54 /tmp/ccUiCVFX.ltrans8.ltrans.o
                0x080097b4                wait_ready.lto_priv.60
 .text.stm32_dma_transfer.lto_priv.62
                0x08009808       0xd4 /tmp/ccUiCVFX.ltrans8.ltrans.o
                0x08009808                stm32_dma_transfer.lto_priv.62
 .text.rcvr_datablock
                0x080098dc       0x9c /tmp/ccUiCVFX.ltrans8.ltrans.o
                0x080098dc                rcvr_datablock
 .text.counter_to_struct.lto_priv.90
                0x08009978      0x128 /tmp/ccUiCVFX.ltrans8.ltrans.o
                0x08009978                counter_to_struct.lto_priv.90
 .text.rtc_gettime
                0x08009aa0       0x84 /tmp/ccUiCVFX.ltrans8.ltrans.o
                0x08009aa0                rtc_gettime
 .text.f_write.part.9.lto_priv.84
                0x08009b24      0x350 /tmp/ccUiCVFX.ltrans8.ltrans.o
                0x08009b24                f_write.part.9.lto_priv.84
 .text.remove_chain.part.6.lto_priv.79
                0x08009e74      0x110 /tmp/ccUiCVFX.ltrans8.ltrans.o
                0x08009e74                remove_chain.part.6.lto_priv.79
 .text.SP1ML_generate_packet
                0x08009f84      0x39c /tmp/ccUiCVFX.ltrans9.ltrans.o
                0x08009f84                SP1ML_generate_packet
 .text.SP1ML_command
                0x0800a320      0x148 /tmp/ccUiCVFX.ltrans9.ltrans.o
                0x0800a320                SP1ML_command
 .text.SP1ML_rx_tx_data_processor
                0x0800a468      0xe00 /tmp/ccUiCVFX.ltrans9.ltrans.o
                0x0800a468                SP1ML_rx_tx_data_processor
 .text.set_rtc_correction
                0x0800b268       0x5c /tmp/ccUiCVFX.ltrans9.ltrans.o
                0x0800b268                set_rtc_correction
 .text.unlikely.read_config_file.constprop.20
                0x0800b2c4      0x4c0 /tmp/ccUiCVFX.ltrans10.ltrans.o
                0x0800b2c4                read_config_file.constprop.20
 .text.Get_UBX_Ack.constprop.7
                0x0800b784       0xcc /tmp/ccUiCVFX.ltrans10.ltrans.o
                0x0800b784                Get_UBX_Ack.constprop.7
 .text.USART2_reconf.constprop.6
                0x0800b850       0x54 /tmp/ccUiCVFX.ltrans10.ltrans.o
                0x0800b850                USART2_reconf.constprop.6
 .text.ads1298_wct_config.constprop.2
                0x0800b8a4      0x15c /tmp/ccUiCVFX.ltrans10.ltrans.o
                0x0800b8a4                ads1298_wct_config.constprop.2
 .text.unlikely.ads1298_setup.constprop.1
                0x0800ba00      0x39c /tmp/ccUiCVFX.ltrans10.ltrans.o
                0x0800ba00                ads1298_setup.constprop.1
 .text.Gps_DMA_Process
                0x0800bd9c      0x318 /tmp/ccUiCVFX.ltrans10.ltrans.o
                0x0800bd9c                Gps_DMA_Process
 .text.EXTI9_5_IRQHandler
                0x0800c0b4       0x34 /tmp/ccUiCVFX.ltrans10.ltrans.o
                0x0800c0b4                EXTI9_5_IRQHandler
 .text.I2C1_ER_IRQHandler
                0x0800c0e8      0x150 /tmp/ccUiCVFX.ltrans11.ltrans.o
                0x0800c0e8                I2C1_ER_IRQHandler
 .text.I2C1_EV_IRQHandler
                0x0800c238      0x608 /tmp/ccUiCVFX.ltrans11.ltrans.o
                0x0800c238                I2C1_EV_IRQHandler
 .text.ADC_Configuration
                0x0800c840      0x10c /tmp/ccUiCVFX.ltrans11.ltrans.o
                0x0800c840                ADC_Configuration
 .text.wave_terminate
                0x0800c94c      0x1c0 /tmp/ccUiCVFX.ltrans11.ltrans.o
                0x0800c94c                wave_terminate
 .text.write_wave_header
                0x0800cb0c       0xf0 /tmp/ccUiCVFX.ltrans11.ltrans.o
                0x0800cb0c                write_wave_header
 .text.__str_print_char
                0x0800cbfc       0xfc /tmp/ccUiCVFX.ltrans12.ltrans.o
                0x0800cbfc                __str_print_char
 .text.__fat_print_char
                0x0800ccf8       0x58 /tmp/ccUiCVFX.ltrans12.ltrans.o
                0x0800ccf8                __fat_print_char
 .text.USART1_IRQHandler
                0x0800cd50      0x11c /tmp/ccUiCVFX.ltrans12.ltrans.o
                0x0800cd50                USART1_IRQHandler
 .text.Gps_Send_Str
                0x0800ce6c       0x2c /tmp/ccUiCVFX.ltrans12.ltrans.o
                0x0800ce6c                Gps_Send_Str
 .text.Gps_Send_Utf8
                0x0800ce98       0x30 /tmp/ccUiCVFX.ltrans12.ltrans.o
                0x0800ce98                Gps_Send_Utf8
 .text.Usart3_Send_Str
                0x0800cec8       0x2c /tmp/ccUiCVFX.ltrans12.ltrans.o
                0x0800cec8                Usart3_Send_Str
 .text.Usart_Send_Str
                0x0800cef4       0xf8 /tmp/ccUiCVFX.ltrans12.ltrans.o
                0x0800cef4                Usart_Send_Str
 .text.shutdown_filesystem
                0x0800cfec      0x464 /tmp/ccUiCVFX.ltrans12.ltrans.o
                0x0800cfec                shutdown_filesystem
 .text.USB_LP_CAN1_RX0_IRQHandler
                0x0800d450      0x118 /tmp/ccUiCVFX.ltrans13.ltrans.o
                0x0800d450                USB_LP_CAN1_RX0_IRQHandler
 .text.USB_HP_CAN1_TX_IRQHandler
                0x0800d568        0x4 /tmp/ccUiCVFX.ltrans13.ltrans.o
                0x0800d568                USB_HP_CAN1_TX_IRQHandler
 *fill*         0x0800d56c        0x4 
 .text.SysTick_Handler
                0x0800d570      0x17c /tmp/ccUiCVFX.ltrans13.ltrans.o
                0x0800d570                SysTick_Handler
 .text.EXTI15_10_IRQHandler
                0x0800d6ec       0x68 /tmp/ccUiCVFX.ltrans13.ltrans.o
                0x0800d6ec                EXTI15_10_IRQHandler
 .text.ADC1_2_IRQHandler
                0x0800d754       0x70 /tmp/ccUiCVFX.ltrans13.ltrans.o
                0x0800d754                ADC1_2_IRQHandler
 .text.EXTI0_IRQHandler
                0x0800d7c4       0x98 /tmp/ccUiCVFX.ltrans13.ltrans.o
                0x0800d7c4                EXTI0_IRQHandler
 .text.EXTI_ONOFF_EN
                0x0800d85c       0x54 /tmp/ccUiCVFX.ltrans13.ltrans.o
                0x0800d85c                EXTI_ONOFF_EN
 .text.I2C_Config
                0x0800d8b0      0x23c /tmp/ccUiCVFX.ltrans13.ltrans.o
                0x0800d8b0                I2C_Config
 .text.I2C1_Request_Job
                0x0800daec       0x78 /tmp/ccUiCVFX.ltrans13.ltrans.o
                0x0800daec                I2C1_Request_Job
 .text.stm32_spi_rw.constprop.55
                0x0800db64       0x24 /tmp/ccUiCVFX.ltrans14.ltrans.o
                0x0800db64                stm32_spi_rw.constprop.55
 .text.disk_write.constprop.52
                0x0800db88       0x84 /tmp/ccUiCVFX.ltrans14.ltrans.o
                0x0800db88                disk_write.constprop.52
 .text.unlikely.disk_read.constprop.51
                0x0800dc0c       0x60 /tmp/ccUiCVFX.ltrans14.ltrans.o
                0x0800dc0c                disk_read.constprop.51
 .text.unlikely.Set_CSW.constprop.49
                0x0800dc6c       0x2c /tmp/ccUiCVFX.ltrans14.ltrans.o
                0x0800dc6c                Set_CSW.constprop.49
 .text.dir_next.constprop.29
                0x0800dc98       0x88 /tmp/ccUiCVFX.ltrans14.ltrans.o
                0x0800dc98                dir_next.constprop.29
 .text.unlikely.f_chdir.constprop.24
                0x0800dd20       0x68 /tmp/ccUiCVFX.ltrans14.ltrans.o
                0x0800dd20                f_chdir.constprop.24
 .text.Get_Max_Lun
                0x0800dd88       0x18 /tmp/ccUiCVFX.ltrans15.ltrans.o
 .text.MASS_Get_Interface_Setting
                0x0800dda0       0x10 /tmp/ccUiCVFX.ltrans15.ltrans.o
                0x0800dda0                MASS_Get_Interface_Setting
 .text.MASS_Data_Setup
                0x0800ddb0       0x38 /tmp/ccUiCVFX.ltrans15.ltrans.o
                0x0800ddb0                MASS_Data_Setup
 .text.MASS_Status_In
                0x0800dde8        0x4 /tmp/ccUiCVFX.ltrans15.ltrans.o
                0x0800dde8                MASS_Status_In
 .text.MASS_Status_Out
                0x0800ddec        0x4 /tmp/ccUiCVFX.ltrans15.ltrans.o
                0x0800ddec                MASS_Status_Out
 .text.Mass_Storage_SetDeviceAddress
                0x0800ddf0        0xc /tmp/ccUiCVFX.ltrans15.ltrans.o
 .text.MASS_GetStringDescriptor
                0x0800ddfc       0x20 /tmp/ccUiCVFX.ltrans15.ltrans.o
                0x0800ddfc                MASS_GetStringDescriptor
 .text.MASS_GetConfigDescriptor
                0x0800de1c        0xc /tmp/ccUiCVFX.ltrans15.ltrans.o
                0x0800de1c                MASS_GetConfigDescriptor
 .text.MASS_GetDeviceDescriptor
                0x0800de28        0xc /tmp/ccUiCVFX.ltrans15.ltrans.o
                0x0800de28                MASS_GetDeviceDescriptor
 .text.MASS_NoData_Setup
                0x0800de34       0x50 /tmp/ccUiCVFX.ltrans15.ltrans.o
                0x0800de34                MASS_NoData_Setup
 .text.Mass_Storage_SetConfiguration
                0x0800de84       0x30 /tmp/ccUiCVFX.ltrans15.ltrans.o
 .text.Mass_Storage_ClearFeature
                0x0800deb4       0x2c /tmp/ccUiCVFX.ltrans15.ltrans.o
 .text.MASS_Reset
                0x0800dee0       0xf0 /tmp/ccUiCVFX.ltrans15.ltrans.o
                0x0800dee0                MASS_Reset
 .text.MASS_init
                0x0800dfd0      0x17c /tmp/ccUiCVFX.ltrans15.ltrans.o
                0x0800dfd0                MASS_init
 .text.Resume   0x0800e14c      0x118 /tmp/ccUiCVFX.ltrans15.ltrans.o
                0x0800e14c                Resume
 .text.EP1_IN_Callback
                0x0800e264       0x88 /tmp/ccUiCVFX.ltrans16.ltrans.o
 .text.unlikely.Transfer_Data_Request
                0x0800e2ec       0x34 /tmp/ccUiCVFX.ltrans16.ltrans.o
                0x0800e2ec                Transfer_Data_Request
 .text.Read_Memory
                0x0800e320      0x1b4 /tmp/ccUiCVFX.ltrans16.ltrans.o
                0x0800e320                Read_Memory
 .text.Reset_Handler
                0x0800e4d4       0x40 lib/CMSIS_CM3/startup/gcc/startup_stm32f10x_md.o
                0x0800e4d4                Reset_Handler
 .text.Default_Handler
                0x0800e514        0x2 lib/CMSIS_CM3/startup/gcc/startup_stm32f10x_md.o
                0x0800e514                EXTI2_IRQHandler
                0x0800e514                DebugMon_Handler
                0x0800e514                TIM1_CC_IRQHandler
                0x0800e514                HardFault_Handler
                0x0800e514                PVD_IRQHandler
                0x0800e514                PendSV_Handler
                0x0800e514                NMI_Handler
                0x0800e514                EXTI3_IRQHandler
                0x0800e514                I2C2_EV_IRQHandler
                0x0800e514                UsageFault_Handler
                0x0800e514                SPI1_IRQHandler
                0x0800e514                TAMPER_IRQHandler
                0x0800e514                RTC_IRQHandler
                0x0800e514                DMA1_Channel7_IRQHandler
                0x0800e514                CAN1_RX1_IRQHandler
                0x0800e514                TIM4_IRQHandler
                0x0800e514                DMA1_Channel6_IRQHandler
                0x0800e514                TIM3_IRQHandler
                0x0800e514                RCC_IRQHandler
                0x0800e514                TIM1_TRG_COM_IRQHandler
                0x0800e514                DMA1_Channel1_IRQHandler
                0x0800e514                Default_Handler
                0x0800e514                SPI2_IRQHandler
                0x0800e514                MemManage_Handler
                0x0800e514                SVC_Handler
                0x0800e514                DMA1_Channel5_IRQHandler
                0x0800e514                EXTI4_IRQHandler
                0x0800e514                DMA1_Channel3_IRQHandler
                0x0800e514                TIM1_UP_IRQHandler
                0x0800e514                WWDG_IRQHandler
                0x0800e514                TIM2_IRQHandler
                0x0800e514                TIM1_BRK_IRQHandler
                0x0800e514                EXTI1_IRQHandler
                0x0800e514                RTCAlarm_IRQHandler
                0x0800e514                USART2_IRQHandler
                0x0800e514                I2C2_ER_IRQHandler
                0x0800e514                DMA1_Channel2_IRQHandler
                0x0800e514                CAN1_SCE_IRQHandler
                0x0800e514                FLASH_IRQHandler
                0x0800e514                BusFault_Handler
                0x0800e514                USBWakeUp_IRQHandler
 *fill*         0x0800e516        0x2 
 .text.NVIC_PriorityGroupConfig
                0x0800e518       0x14 lib/STM32F10x_StdPeriph_Driver/libstm32fw.a(misc.o)
                0x0800e518                NVIC_PriorityGroupConfig
 .text.NVIC_Init
                0x0800e52c       0x6c lib/STM32F10x_StdPeriph_Driver/libstm32fw.a(misc.o)
                0x0800e52c                NVIC_Init
 .text.NVIC_SetVectorTable
                0x0800e598       0x14 lib/STM32F10x_StdPeriph_Driver/libstm32fw.a(misc.o)
                0x0800e598                NVIC_SetVectorTable
 .text.SysTick_CLKSourceConfig
                0x0800e5ac       0x18 lib/STM32F10x_StdPeriph_Driver/libstm32fw.a(misc.o)
                0x0800e5ac                SysTick_CLKSourceConfig
 .text.ADC_DeInit
                0x0800e5c4       0x5c lib/STM32F10x_StdPeriph_Driver/libstm32fw.a(stm32f10x_adc.o)
                0x0800e5c4                ADC_DeInit
 .text.ADC_Init
                0x0800e620       0x48 lib/STM32F10x_StdPeriph_Driver/libstm32fw.a(stm32f10x_adc.o)
                0x0800e620                ADC_Init
 .text.ADC_Cmd  0x0800e668       0x12 lib/STM32F10x_StdPeriph_Driver/libstm32fw.a(stm32f10x_adc.o)
                0x0800e668                ADC_Cmd
 .text.ADC_ITConfig
                0x0800e67a       0x12 lib/STM32F10x_StdPeriph_Driver/libstm32fw.a(stm32f10x_adc.o)
                0x0800e67a                ADC_ITConfig
 .text.ADC_ResetCalibration
                0x0800e68c        0xa lib/STM32F10x_StdPeriph_Driver/libstm32fw.a(stm32f10x_adc.o)
                0x0800e68c                ADC_ResetCalibration
 .text.ADC_GetResetCalibrationStatus
                0x0800e696        0x8 lib/STM32F10x_StdPeriph_Driver/libstm32fw.a(stm32f10x_adc.o)
                0x0800e696                ADC_GetResetCalibrationStatus
 .text.ADC_StartCalibration
                0x0800e69e        0xa lib/STM32F10x_StdPeriph_Driver/libstm32fw.a(stm32f10x_adc.o)
                0x0800e69e                ADC_StartCalibration
 .text.ADC_GetCalibrationStatus
                0x0800e6a8        0x8 lib/STM32F10x_StdPeriph_Driver/libstm32fw.a(stm32f10x_adc.o)
                0x0800e6a8                ADC_GetCalibrationStatus
 .text.ADC_SoftwareStartConvCmd
                0x0800e6b0       0x12 lib/STM32F10x_StdPeriph_Driver/libstm32fw.a(stm32f10x_adc.o)
                0x0800e6b0                ADC_SoftwareStartConvCmd
 .text.ADC_RegularChannelConfig
                0x0800e6c2       0x84 lib/STM32F10x_StdPeriph_Driver/libstm32fw.a(stm32f10x_adc.o)
                0x0800e6c2                ADC_RegularChannelConfig
 .text.ADC_GetConversionValue
                0x0800e746        0x6 lib/STM32F10x_StdPeriph_Driver/libstm32fw.a(stm32f10x_adc.o)
                0x0800e746                ADC_GetConversionValue
 .text.ADC_ExternalTrigInjectedConvConfig
                0x0800e74c        0xc lib/STM32F10x_StdPeriph_Driver/libstm32fw.a(stm32f10x_adc.o)
                0x0800e74c                ADC_ExternalTrigInjectedConvConfig
 .text.ADC_SoftwareStartInjectedConvCmd
                0x0800e758       0x12 lib/STM32F10x_StdPeriph_Driver/libstm32fw.a(stm32f10x_adc.o)
                0x0800e758                ADC_SoftwareStartInjectedConvCmd
 .text.ADC_InjectedChannelConfig
                0x0800e76a       0x54 lib/STM32F10x_StdPeriph_Driver/libstm32fw.a(stm32f10x_adc.o)
                0x0800e76a                ADC_InjectedChannelConfig
 .text.ADC_InjectedSequencerLengthConfig
                0x0800e7be       0x10 lib/STM32F10x_StdPeriph_Driver/libstm32fw.a(stm32f10x_adc.o)
                0x0800e7be                ADC_InjectedSequencerLengthConfig
 .text.ADC_GetInjectedConversionValue
                0x0800e7ce       0x1a lib/STM32F10x_StdPeriph_Driver/libstm32fw.a(stm32f10x_adc.o)
                0x0800e7ce                ADC_GetInjectedConversionValue
 .text.ADC_AnalogWatchdogCmd
                0x0800e7e8       0x10 lib/STM32F10x_StdPeriph_Driver/libstm32fw.a(stm32f10x_adc.o)
                0x0800e7e8                ADC_AnalogWatchdogCmd
 .text.ADC_AnalogWatchdogThresholdsConfig
                0x0800e7f8        0x6 lib/STM32F10x_StdPeriph_Driver/libstm32fw.a(stm32f10x_adc.o)
                0x0800e7f8                ADC_AnalogWatchdogThresholdsConfig
 .text.ADC_AnalogWatchdogSingleChannelConfig
                0x0800e7fe        0xc lib/STM32F10x_StdPeriph_Driver/libstm32fw.a(stm32f10x_adc.o)
                0x0800e7fe                ADC_AnalogWatchdogSingleChannelConfig
 .text.ADC_GetFlagStatus
                0x0800e80a        0xc lib/STM32F10x_StdPeriph_Driver/libstm32fw.a(stm32f10x_adc.o)
                0x0800e80a                ADC_GetFlagStatus
 .text.ADC_ClearFlag
                0x0800e816        0x6 lib/STM32F10x_StdPeriph_Driver/libstm32fw.a(stm32f10x_adc.o)
                0x0800e816                ADC_ClearFlag
 .text.ADC_GetITStatus
                0x0800e81c       0x16 lib/STM32F10x_StdPeriph_Driver/libstm32fw.a(stm32f10x_adc.o)
                0x0800e81c                ADC_GetITStatus
 .text.ADC_ClearITPendingBit
                0x0800e832        0x8 lib/STM32F10x_StdPeriph_Driver/libstm32fw.a(stm32f10x_adc.o)
                0x0800e832                ADC_ClearITPendingBit
 .text.BKP_DeInit
                0x0800e83a       0x12 lib/STM32F10x_StdPeriph_Driver/libstm32fw.a(stm32f10x_bkp.o)
                0x0800e83a                BKP_DeInit
 .text.BKP_RTCOutputConfig
                0x0800e84c       0x18 lib/STM32F10x_StdPeriph_Driver/libstm32fw.a(stm32f10x_bkp.o)
                0x0800e84c                BKP_RTCOutputConfig
 .text.BKP_SetRTCCalibrationValue
                0x0800e864       0x18 lib/STM32F10x_StdPeriph_Driver/libstm32fw.a(stm32f10x_bkp.o)
                0x0800e864                BKP_SetRTCCalibrationValue
 .text.BKP_WriteBackupRegister
                0x0800e87c       0x1c lib/STM32F10x_StdPeriph_Driver/libstm32fw.a(stm32f10x_bkp.o)
                0x0800e87c                BKP_WriteBackupRegister
 .text.BKP_ReadBackupRegister
                0x0800e898       0x20 lib/STM32F10x_StdPeriph_Driver/libstm32fw.a(stm32f10x_bkp.o)
                0x0800e898                BKP_ReadBackupRegister
 .text.DBGMCU_Config
                0x0800e8b8       0x18 lib/STM32F10x_StdPeriph_Driver/libstm32fw.a(stm32f10x_dbgmcu.o)
                0x0800e8b8                DBGMCU_Config
 .text.DMA_DeInit
                0x0800e8d0       0xf0 lib/STM32F10x_StdPeriph_Driver/libstm32fw.a(stm32f10x_dma.o)
                0x0800e8d0                DMA_DeInit
 .text.DMA_Init
                0x0800e9c0       0x3c lib/STM32F10x_StdPeriph_Driver/libstm32fw.a(stm32f10x_dma.o)
                0x0800e9c0                DMA_Init
 .text.DMA_Cmd  0x0800e9fc       0x12 lib/STM32F10x_StdPeriph_Driver/libstm32fw.a(stm32f10x_dma.o)
                0x0800e9fc                DMA_Cmd
 .text.DMA_ITConfig
                0x0800ea0e       0x10 lib/STM32F10x_StdPeriph_Driver/libstm32fw.a(stm32f10x_dma.o)
                0x0800ea0e                DMA_ITConfig
 .text.DMA_GetCurrDataCounter
                0x0800ea1e        0x6 lib/STM32F10x_StdPeriph_Driver/libstm32fw.a(stm32f10x_dma.o)
                0x0800ea1e                DMA_GetCurrDataCounter
 .text.DMA_GetFlagStatus
                0x0800ea24       0x1c lib/STM32F10x_StdPeriph_Driver/libstm32fw.a(stm32f10x_dma.o)
                0x0800ea24                DMA_GetFlagStatus
 .text.DMA_ClearFlag
                0x0800ea40       0x14 lib/STM32F10x_StdPeriph_Driver/libstm32fw.a(stm32f10x_dma.o)
                0x0800ea40                DMA_ClearFlag
 .text.DMA_GetITStatus
                0x0800ea54       0x1c lib/STM32F10x_StdPeriph_Driver/libstm32fw.a(stm32f10x_dma.o)
                0x0800ea54                DMA_GetITStatus
 .text.DMA_ClearITPendingBit
                0x0800ea70       0x14 lib/STM32F10x_StdPeriph_Driver/libstm32fw.a(stm32f10x_dma.o)
                0x0800ea70                DMA_ClearITPendingBit
 .text.EXTI_DeInit
                0x0800ea84       0x1c lib/STM32F10x_StdPeriph_Driver/libstm32fw.a(stm32f10x_exti.o)
                0x0800ea84                EXTI_DeInit
 .text.EXTI_Init
                0x0800eaa0       0x88 lib/STM32F10x_StdPeriph_Driver/libstm32fw.a(stm32f10x_exti.o)
                0x0800eaa0                EXTI_Init
 .text.EXTI_GenerateSWInterrupt
                0x0800eb28       0x10 lib/STM32F10x_StdPeriph_Driver/libstm32fw.a(stm32f10x_exti.o)
                0x0800eb28                EXTI_GenerateSWInterrupt
 .text.EXTI_GetITStatus
                0x0800eb38       0x1c lib/STM32F10x_StdPeriph_Driver/libstm32fw.a(stm32f10x_exti.o)
                0x0800eb38                EXTI_GetITStatus
 .text.EXTI_ClearITPendingBit
                0x0800eb54        0xc lib/STM32F10x_StdPeriph_Driver/libstm32fw.a(stm32f10x_exti.o)
                0x0800eb54                EXTI_ClearITPendingBit
 .text.GPIO_Init
                0x0800eb60       0x90 lib/STM32F10x_StdPeriph_Driver/libstm32fw.a(stm32f10x_gpio.o)
                0x0800eb60                GPIO_Init
 .text.GPIO_StructInit
                0x0800ebf0       0x10 lib/STM32F10x_StdPeriph_Driver/libstm32fw.a(stm32f10x_gpio.o)
                0x0800ebf0                GPIO_StructInit
 .text.GPIO_ReadInputDataBit
                0x0800ec00        0xc lib/STM32F10x_StdPeriph_Driver/libstm32fw.a(stm32f10x_gpio.o)
                0x0800ec00                GPIO_ReadInputDataBit
 .text.GPIO_SetBits
                0x0800ec0c        0x4 lib/STM32F10x_StdPeriph_Driver/libstm32fw.a(stm32f10x_gpio.o)
                0x0800ec0c                GPIO_SetBits
 .text.GPIO_ResetBits
                0x0800ec10        0x4 lib/STM32F10x_StdPeriph_Driver/libstm32fw.a(stm32f10x_gpio.o)
                0x0800ec10                GPIO_ResetBits
 .text.GPIO_WriteBit
                0x0800ec14        0xa lib/STM32F10x_StdPeriph_Driver/libstm32fw.a(stm32f10x_gpio.o)
                0x0800ec14                GPIO_WriteBit
 *fill*         0x0800ec1e        0x2 
 .text.GPIO_PinRemapConfig
                0x0800ec20       0x54 lib/STM32F10x_StdPeriph_Driver/libstm32fw.a(stm32f10x_gpio.o)
                0x0800ec20                GPIO_PinRemapConfig
 .text.GPIO_EXTILineConfig
                0x0800ec74       0x2a lib/STM32F10x_StdPeriph_Driver/libstm32fw.a(stm32f10x_gpio.o)
                0x0800ec74                GPIO_EXTILineConfig
 *fill*         0x0800ec9e        0x2 
 .text.I2C_DeInit
                0x0800eca0       0x34 lib/STM32F10x_StdPeriph_Driver/libstm32fw.a(stm32f10x_i2c.o)
                0x0800eca0                I2C_DeInit
 .text.I2C_Init
                0x0800ecd4       0xd4 lib/STM32F10x_StdPeriph_Driver/libstm32fw.a(stm32f10x_i2c.o)
                0x0800ecd4                I2C_Init
 .text.I2C_Cmd  0x0800eda8       0x18 lib/STM32F10x_StdPeriph_Driver/libstm32fw.a(stm32f10x_i2c.o)
                0x0800eda8                I2C_Cmd
 .text.I2C_GenerateSTART
                0x0800edc0       0x18 lib/STM32F10x_StdPeriph_Driver/libstm32fw.a(stm32f10x_i2c.o)
                0x0800edc0                I2C_GenerateSTART
 .text.I2C_GenerateSTOP
                0x0800edd8       0x18 lib/STM32F10x_StdPeriph_Driver/libstm32fw.a(stm32f10x_i2c.o)
                0x0800edd8                I2C_GenerateSTOP
 .text.I2C_AcknowledgeConfig
                0x0800edf0       0x18 lib/STM32F10x_StdPeriph_Driver/libstm32fw.a(stm32f10x_i2c.o)
                0x0800edf0                I2C_AcknowledgeConfig
 .text.I2C_ITConfig
                0x0800ee08       0x12 lib/STM32F10x_StdPeriph_Driver/libstm32fw.a(stm32f10x_i2c.o)
                0x0800ee08                I2C_ITConfig
 .text.I2C_SendData
                0x0800ee1a        0x4 lib/STM32F10x_StdPeriph_Driver/libstm32fw.a(stm32f10x_i2c.o)
                0x0800ee1a                I2C_SendData
 .text.I2C_ReceiveData
                0x0800ee1e        0x6 lib/STM32F10x_StdPeriph_Driver/libstm32fw.a(stm32f10x_i2c.o)
                0x0800ee1e                I2C_ReceiveData
 .text.I2C_Send7bitAddress
                0x0800ee24       0x12 lib/STM32F10x_StdPeriph_Driver/libstm32fw.a(stm32f10x_i2c.o)
                0x0800ee24                I2C_Send7bitAddress
 .text.I2C_SoftwareResetCmd
                0x0800ee36       0x18 lib/STM32F10x_StdPeriph_Driver/libstm32fw.a(stm32f10x_i2c.o)
                0x0800ee36                I2C_SoftwareResetCmd
 *fill*         0x0800ee4e        0x2 
 .text.IWDG_ReloadCounter
                0x0800ee50       0x10 lib/STM32F10x_StdPeriph_Driver/libstm32fw.a(stm32f10x_iwdg.o)
                0x0800ee50                IWDG_ReloadCounter
 .text.PWR_DeInit
                0x0800ee60       0x1a lib/STM32F10x_StdPeriph_Driver/libstm32fw.a(stm32f10x_pwr.o)
                0x0800ee60                PWR_DeInit
 *fill*         0x0800ee7a        0x2 
 .text.PWR_BackupAccessCmd
                0x0800ee7c        0xc lib/STM32F10x_StdPeriph_Driver/libstm32fw.a(stm32f10x_pwr.o)
                0x0800ee7c                PWR_BackupAccessCmd
 .text.PWR_WakeUpPinCmd
                0x0800ee88        0xc lib/STM32F10x_StdPeriph_Driver/libstm32fw.a(stm32f10x_pwr.o)
                0x0800ee88                PWR_WakeUpPinCmd
 .text.PWR_EnterSTANDBYMode
                0x0800ee94       0x28 lib/STM32F10x_StdPeriph_Driver/libstm32fw.a(stm32f10x_pwr.o)
                0x0800ee94                PWR_EnterSTANDBYMode
 .text.RCC_HCLKConfig
                0x0800eebc       0x14 lib/STM32F10x_StdPeriph_Driver/libstm32fw.a(stm32f10x_rcc.o)
                0x0800eebc                RCC_HCLKConfig
 .text.RCC_USBCLKConfig
                0x0800eed0        0xc lib/STM32F10x_StdPeriph_Driver/libstm32fw.a(stm32f10x_rcc.o)
                0x0800eed0                RCC_USBCLKConfig
 .text.RCC_ADCCLKConfig
                0x0800eedc       0x14 lib/STM32F10x_StdPeriph_Driver/libstm32fw.a(stm32f10x_rcc.o)
                0x0800eedc                RCC_ADCCLKConfig
 .text.RCC_LSEConfig
                0x0800eef0       0x20 lib/STM32F10x_StdPeriph_Driver/libstm32fw.a(stm32f10x_rcc.o)
                0x0800eef0                RCC_LSEConfig
 .text.RCC_RTCCLKConfig
                0x0800ef10       0x10 lib/STM32F10x_StdPeriph_Driver/libstm32fw.a(stm32f10x_rcc.o)
                0x0800ef10                RCC_RTCCLKConfig
 .text.RCC_RTCCLKCmd
                0x0800ef20        0xc lib/STM32F10x_StdPeriph_Driver/libstm32fw.a(stm32f10x_rcc.o)
                0x0800ef20                RCC_RTCCLKCmd
 .text.RCC_GetClocksFreq
                0x0800ef2c       0x94 lib/STM32F10x_StdPeriph_Driver/libstm32fw.a(stm32f10x_rcc.o)
                0x0800ef2c                RCC_GetClocksFreq
 .text.RCC_AHBPeriphClockCmd
                0x0800efc0       0x18 lib/STM32F10x_StdPeriph_Driver/libstm32fw.a(stm32f10x_rcc.o)
                0x0800efc0                RCC_AHBPeriphClockCmd
 .text.RCC_APB2PeriphClockCmd
                0x0800efd8       0x18 lib/STM32F10x_StdPeriph_Driver/libstm32fw.a(stm32f10x_rcc.o)
                0x0800efd8                RCC_APB2PeriphClockCmd
 .text.RCC_APB1PeriphClockCmd
                0x0800eff0       0x18 lib/STM32F10x_StdPeriph_Driver/libstm32fw.a(stm32f10x_rcc.o)
                0x0800eff0                RCC_APB1PeriphClockCmd
 .text.RCC_APB2PeriphResetCmd
                0x0800f008       0x18 lib/STM32F10x_StdPeriph_Driver/libstm32fw.a(stm32f10x_rcc.o)
                0x0800f008                RCC_APB2PeriphResetCmd
 .text.RCC_APB1PeriphResetCmd
                0x0800f020       0x18 lib/STM32F10x_StdPeriph_Driver/libstm32fw.a(stm32f10x_rcc.o)
                0x0800f020                RCC_APB1PeriphResetCmd
 .text.RCC_BackupResetCmd
                0x0800f038        0xc lib/STM32F10x_StdPeriph_Driver/libstm32fw.a(stm32f10x_rcc.o)
                0x0800f038                RCC_BackupResetCmd
 .text.RCC_GetFlagStatus
                0x0800f044       0x28 lib/STM32F10x_StdPeriph_Driver/libstm32fw.a(stm32f10x_rcc.o)
                0x0800f044                RCC_GetFlagStatus
 .text.RTC_EnterConfigMode
                0x0800f06c       0x14 lib/STM32F10x_StdPeriph_Driver/libstm32fw.a(stm32f10x_rtc.o)
                0x0800f06c                RTC_EnterConfigMode
 .text.RTC_ExitConfigMode
                0x0800f080       0x14 lib/STM32F10x_StdPeriph_Driver/libstm32fw.a(stm32f10x_rtc.o)
                0x0800f080                RTC_ExitConfigMode
 .text.RTC_GetCounter
                0x0800f094       0x14 lib/STM32F10x_StdPeriph_Driver/libstm32fw.a(stm32f10x_rtc.o)
                0x0800f094                RTC_GetCounter
 .text.RTC_SetCounter
                0x0800f0a8       0x20 lib/STM32F10x_StdPeriph_Driver/libstm32fw.a(stm32f10x_rtc.o)
                0x0800f0a8                RTC_SetCounter
 .text.RTC_SetPrescaler
                0x0800f0c8       0x20 lib/STM32F10x_StdPeriph_Driver/libstm32fw.a(stm32f10x_rtc.o)
                0x0800f0c8                RTC_SetPrescaler
 .text.RTC_WaitForLastTask
                0x0800f0e8       0x10 lib/STM32F10x_StdPeriph_Driver/libstm32fw.a(stm32f10x_rtc.o)
                0x0800f0e8                RTC_WaitForLastTask
 .text.RTC_WaitForSynchro
                0x0800f0f8       0x1c lib/STM32F10x_StdPeriph_Driver/libstm32fw.a(stm32f10x_rtc.o)
                0x0800f0f8                RTC_WaitForSynchro
 .text.SPI_Init
                0x0800f114       0x3e lib/STM32F10x_StdPeriph_Driver/libstm32fw.a(stm32f10x_spi.o)
                0x0800f114                SPI_Init
 .text.SPI_StructInit
                0x0800f152       0x18 lib/STM32F10x_StdPeriph_Driver/libstm32fw.a(stm32f10x_spi.o)
                0x0800f152                SPI_StructInit
 .text.SPI_Cmd  0x0800f16a       0x18 lib/STM32F10x_StdPeriph_Driver/libstm32fw.a(stm32f10x_spi.o)
                0x0800f16a                SPI_Cmd
 .text.SPI_I2S_DMACmd
                0x0800f182       0x12 lib/STM32F10x_StdPeriph_Driver/libstm32fw.a(stm32f10x_spi.o)
                0x0800f182                SPI_I2S_DMACmd
 .text.SPI_I2S_SendData
                0x0800f194        0x4 lib/STM32F10x_StdPeriph_Driver/libstm32fw.a(stm32f10x_spi.o)
                0x0800f194                SPI_I2S_SendData
 .text.SPI_I2S_ReceiveData
                0x0800f198        0x6 lib/STM32F10x_StdPeriph_Driver/libstm32fw.a(stm32f10x_spi.o)
                0x0800f198                SPI_I2S_ReceiveData
 .text.SPI_CalculateCRC
                0x0800f19e       0x18 lib/STM32F10x_StdPeriph_Driver/libstm32fw.a(stm32f10x_spi.o)
                0x0800f19e                SPI_CalculateCRC
 .text.SPI_I2S_GetFlagStatus
                0x0800f1b6        0xc lib/STM32F10x_StdPeriph_Driver/libstm32fw.a(stm32f10x_spi.o)
                0x0800f1b6                SPI_I2S_GetFlagStatus
 *fill*         0x0800f1c2        0x2 
 .text.TIM_DeInit
                0x0800f1c4       0xc8 lib/STM32F10x_StdPeriph_Driver/libstm32fw.a(stm32f10x_tim.o)
                0x0800f1c4                TIM_DeInit
 .text.TIM_TimeBaseInit
                0x0800f28c       0x3c lib/STM32F10x_StdPeriph_Driver/libstm32fw.a(stm32f10x_tim.o)
                0x0800f28c                TIM_TimeBaseInit
 .text.TIM_OC4Init
                0x0800f2c8       0x68 lib/STM32F10x_StdPeriph_Driver/libstm32fw.a(stm32f10x_tim.o)
                0x0800f2c8                TIM_OC4Init
 .text.TIM_Cmd  0x0800f330       0x18 lib/STM32F10x_StdPeriph_Driver/libstm32fw.a(stm32f10x_tim.o)
                0x0800f330                TIM_Cmd
 .text.TIM_OC4PreloadConfig
                0x0800f348       0x14 lib/STM32F10x_StdPeriph_Driver/libstm32fw.a(stm32f10x_tim.o)
                0x0800f348                TIM_OC4PreloadConfig
 .text.USART_DeInit
                0x0800f35c       0x98 lib/STM32F10x_StdPeriph_Driver/libstm32fw.a(stm32f10x_usart.o)
                0x0800f35c                USART_DeInit
 .text.USART_Init
                0x0800f3f4       0x88 lib/STM32F10x_StdPeriph_Driver/libstm32fw.a(stm32f10x_usart.o)
                0x0800f3f4                USART_Init
 .text.USART_Cmd
                0x0800f47c       0x18 lib/STM32F10x_StdPeriph_Driver/libstm32fw.a(stm32f10x_usart.o)
                0x0800f47c                USART_Cmd
 .text.USART_ITConfig
                0x0800f494       0x32 lib/STM32F10x_StdPeriph_Driver/libstm32fw.a(stm32f10x_usart.o)
                0x0800f494                USART_ITConfig
 .text.USART_DMACmd
                0x0800f4c6       0x12 lib/STM32F10x_StdPeriph_Driver/libstm32fw.a(stm32f10x_usart.o)
                0x0800f4c6                USART_DMACmd
 .text.USART_SendData
                0x0800f4d8        0x8 lib/STM32F10x_StdPeriph_Driver/libstm32fw.a(stm32f10x_usart.o)
                0x0800f4d8                USART_SendData
 .text.USART_ReceiveData
                0x0800f4e0        0x8 lib/STM32F10x_StdPeriph_Driver/libstm32fw.a(stm32f10x_usart.o)
                0x0800f4e0                USART_ReceiveData
 .text.USART_GetFlagStatus
                0x0800f4e8        0xc lib/STM32F10x_StdPeriph_Driver/libstm32fw.a(stm32f10x_usart.o)
                0x0800f4e8                USART_GetFlagStatus
 .text.USART_GetITStatus
                0x0800f4f4       0x3e lib/STM32F10x_StdPeriph_Driver/libstm32fw.a(stm32f10x_usart.o)
                0x0800f4f4                USART_GetITStatus
 .text.USART_ClearITPendingBit
                0x0800f532        0xe lib/STM32F10x_StdPeriph_Driver/libstm32fw.a(stm32f10x_usart.o)
                0x0800f532                USART_ClearITPendingBit
 .text.Standard_GetConfiguration
                0x0800f540       0x24 lib/STM32_USB-FS-Device_Driver/libstm32usb.a(usb_core.o)
                0x0800f540                Standard_GetConfiguration
 .text.Standard_GetInterface
                0x0800f564       0x24 lib/STM32_USB-FS-Device_Driver/libstm32usb.a(usb_core.o)
                0x0800f564                Standard_GetInterface
 .text.Standard_GetStatus
                0x0800f588       0x90 lib/STM32_USB-FS-Device_Driver/libstm32usb.a(usb_core.o)
                0x0800f588                Standard_GetStatus
 .text.DataStageIn
                0x0800f618       0xac lib/STM32_USB-FS-Device_Driver/libstm32usb.a(usb_core.o)
 .text.Standard_SetConfiguration
                0x0800f6c4       0x38 lib/STM32_USB-FS-Device_Driver/libstm32usb.a(usb_core.o)
                0x0800f6c4                Standard_SetConfiguration
 .text.Standard_SetInterface
                0x0800f6fc       0x48 lib/STM32_USB-FS-Device_Driver/libstm32usb.a(usb_core.o)
                0x0800f6fc                Standard_SetInterface
 .text.Standard_ClearFeature
                0x0800f744       0xd8 lib/STM32_USB-FS-Device_Driver/libstm32usb.a(usb_core.o)
                0x0800f744                Standard_ClearFeature
 .text.Standard_SetEndPointFeature
                0x0800f81c       0x8c lib/STM32_USB-FS-Device_Driver/libstm32usb.a(usb_core.o)
                0x0800f81c                Standard_SetEndPointFeature
 .text.Standard_SetDeviceFeature
                0x0800f8a8       0x24 lib/STM32_USB-FS-Device_Driver/libstm32usb.a(usb_core.o)
                0x0800f8a8                Standard_SetDeviceFeature
 .text.Standard_GetDescriptorData
                0x0800f8cc       0x1c lib/STM32_USB-FS-Device_Driver/libstm32usb.a(usb_core.o)
                0x0800f8cc                Standard_GetDescriptorData
 .text.Post0_Process
                0x0800f8e8       0x44 lib/STM32_USB-FS-Device_Driver/libstm32usb.a(usb_core.o)
                0x0800f8e8                Post0_Process
 .text.Setup0_Process
                0x0800f92c      0x2dc lib/STM32_USB-FS-Device_Driver/libstm32usb.a(usb_core.o)
                0x0800f92c                Setup0_Process
 .text.Out0_Process
                0x0800fc08       0xcc lib/STM32_USB-FS-Device_Driver/libstm32usb.a(usb_core.o)
                0x0800fc08                Out0_Process
 .text.SetDeviceAddress
                0x0800fcd4       0x40 lib/STM32_USB-FS-Device_Driver/libstm32usb.a(usb_core.o)
                0x0800fcd4                SetDeviceAddress
 .text.In0_Process
                0x0800fd14       0x5c lib/STM32_USB-FS-Device_Driver/libstm32usb.a(usb_core.o)
                0x0800fd14                In0_Process
 .text.NOP_Process
                0x0800fd70        0x2 lib/STM32_USB-FS-Device_Driver/libstm32usb.a(usb_core.o)
                0x0800fd70                NOP_Process
 *fill*         0x0800fd72        0x2 
 .text.USB_Init
                0x0800fd74       0x34 lib/STM32_USB-FS-Device_Driver/libstm32usb.a(usb_init.o)
                0x0800fd74                USB_Init
 .text.CTR_LP   0x0800fda8      0x170 lib/STM32_USB-FS-Device_Driver/libstm32usb.a(usb_int.o)
                0x0800fda8                CTR_LP
 .text.CTR_HP   0x0800ff18       0x74 lib/STM32_USB-FS-Device_Driver/libstm32usb.a(usb_int.o)
                0x0800ff18                CTR_HP
 .text.UserToPMABufferCopy
                0x0800ff8c       0x30 lib/STM32_USB-FS-Device_Driver/libstm32usb.a(usb_mem.o)
                0x0800ff8c                UserToPMABufferCopy
 .text.PMAToUserBufferCopy
                0x0800ffbc       0x24 lib/STM32_USB-FS-Device_Driver/libstm32usb.a(usb_mem.o)
                0x0800ffbc                PMAToUserBufferCopy
 .text.SetBTABLE
                0x0800ffe0       0x10 lib/STM32_USB-FS-Device_Driver/libstm32usb.a(usb_regs.o)
                0x0800ffe0                SetBTABLE
 .text.SetEPType
                0x0800fff0       0x1c lib/STM32_USB-FS-Device_Driver/libstm32usb.a(usb_regs.o)
                0x0800fff0                SetEPType
 .text.SetEPTxStatus
                0x0801000c       0x32 lib/STM32_USB-FS-Device_Driver/libstm32usb.a(usb_regs.o)
                0x0801000c                SetEPTxStatus
 .text.SetEPRxStatus
                0x0801003e       0x32 lib/STM32_USB-FS-Device_Driver/libstm32usb.a(usb_regs.o)
                0x0801003e                SetEPRxStatus
 .text.SetEPRxValid
                0x08010070       0x26 lib/STM32_USB-FS-Device_Driver/libstm32usb.a(usb_regs.o)
                0x08010070                SetEPRxValid
 .text.Clear_Status_Out
                0x08010096       0x20 lib/STM32_USB-FS-Device_Driver/libstm32usb.a(usb_regs.o)
                0x08010096                Clear_Status_Out
 .text.ClearDTOG_RX
                0x080100b6       0x26 lib/STM32_USB-FS-Device_Driver/libstm32usb.a(usb_regs.o)
                0x080100b6                ClearDTOG_RX
 .text.ClearDTOG_TX
                0x080100dc       0x26 lib/STM32_USB-FS-Device_Driver/libstm32usb.a(usb_regs.o)
                0x080100dc                ClearDTOG_TX
 *fill*         0x08010102        0x2 
 .text.SetEPTxAddr
                0x08010104       0x20 lib/STM32_USB-FS-Device_Driver/libstm32usb.a(usb_regs.o)
                0x08010104                SetEPTxAddr
 .text.SetEPRxAddr
                0x08010124       0x20 lib/STM32_USB-FS-Device_Driver/libstm32usb.a(usb_regs.o)
                0x08010124                SetEPRxAddr
 .text.GetEPTxAddr
                0x08010144       0x20 lib/STM32_USB-FS-Device_Driver/libstm32usb.a(usb_regs.o)
                0x08010144                GetEPTxAddr
 .text.GetEPRxAddr
                0x08010164       0x20 lib/STM32_USB-FS-Device_Driver/libstm32usb.a(usb_regs.o)
                0x08010164                GetEPRxAddr
 .text.SetEPTxCount
                0x08010184       0x1c lib/STM32_USB-FS-Device_Driver/libstm32usb.a(usb_regs.o)
                0x08010184                SetEPTxCount
 .text.SetEPRxCount
                0x080101a0       0x40 lib/STM32_USB-FS-Device_Driver/libstm32usb.a(usb_regs.o)
                0x080101a0                SetEPRxCount
 .text.GetEPRxCount
                0x080101e0       0x20 lib/STM32_USB-FS-Device_Driver/libstm32usb.a(usb_regs.o)
                0x080101e0                GetEPRxCount
 .text.ByteSwap
                0x08010200        0xa lib/STM32_USB-FS-Device_Driver/libstm32usb.a(usb_regs.o)
                0x08010200                ByteSwap
 *fill*         0x0801020a        0x2 
 .text.USB_SIL_Init
                0x0801020c       0x20 lib/STM32_USB-FS-Device_Driver/libstm32usb.a(usb_sil.o)
                0x0801020c                USB_SIL_Init
 .text.USB_SIL_Write
                0x0801022c       0x28 lib/STM32_USB-FS-Device_Driver/libstm32usb.a(usb_sil.o)
                0x0801022c                USB_SIL_Write
 .text.USB_SIL_Read
                0x08010254       0x24 lib/STM32_USB-FS-Device_Driver/libstm32usb.a(usb_sil.o)
                0x08010254                USB_SIL_Read
 .text.memset   0x08010278       0x9c /home/laurence/ARM-GCC/gcc-arm-none-eabi-5_3-2016q1/bin/../lib/gcc/arm-none-eabi/5.3.1/../../../../arm-none-eabi/lib/armv7-m/libg.a(lib_a-memset.o)
                0x08010278                memset
 .text.srand    0x08010314       0x14 /home/laurence/ARM-GCC/gcc-arm-none-eabi-5_3-2016q1/bin/../lib/gcc/arm-none-eabi/5.3.1/../../../../arm-none-eabi/lib/armv7-m/libg.a(lib_a-rand.o)
                0x08010314                srand
 .text.rand     0x08010328       0x40 /home/laurence/ARM-GCC/gcc-arm-none-eabi-5_3-2016q1/bin/../lib/gcc/arm-none-eabi/5.3.1/../../../../arm-none-eabi/lib/armv7-m/libg.a(lib_a-rand.o)
                0x08010328                rand
 .text.roundf   0x08010368       0x48 /home/laurence/ARM-GCC/gcc-arm-none-eabi-5_3-2016q1/bin/../lib/gcc/arm-none-eabi/5.3.1/../../../../arm-none-eabi/lib/armv7-m/libm.a(lib_a-sf_round.o)
                0x08010368                roundf
 .text.sinf     0x080103b0       0x7c /home/laurence/ARM-GCC/gcc-arm-none-eabi-5_3-2016q1/bin/../lib/gcc/arm-none-eabi/5.3.1/../../../../arm-none-eabi/lib/armv7-m/libm.a(lib_a-sf_sin.o)
                0x080103b0                sinf
 .text.atan2    0x0801042c        0x4 /home/laurence/ARM-GCC/gcc-arm-none-eabi-5_3-2016q1/bin/../lib/gcc/arm-none-eabi/5.3.1/../../../../arm-none-eabi/lib/armv7-m/libm.a(lib_a-w_atan2.o)
                0x0801042c                atan2
 .text.acosf    0x08010430       0xa4 /home/laurence/ARM-GCC/gcc-arm-none-eabi-5_3-2016q1/bin/../lib/gcc/arm-none-eabi/5.3.1/../../../../arm-none-eabi/lib/armv7-m/libm.a(lib_a-wf_acos.o)
                0x08010430                acosf
 .text.atan2f   0x080104d4        0x4 /home/laurence/ARM-GCC/gcc-arm-none-eabi-5_3-2016q1/bin/../lib/gcc/arm-none-eabi/5.3.1/../../../../arm-none-eabi/lib/armv7-m/libm.a(lib_a-wf_atan2.o)
                0x080104d4                atan2f
 .text.sqrtf    0x080104d8       0x9c /home/laurence/ARM-GCC/gcc-arm-none-eabi-5_3-2016q1/bin/../lib/gcc/arm-none-eabi/5.3.1/../../../../arm-none-eabi/lib/armv7-m/libm.a(lib_a-wf_sqrt.o)
                0x080104d8                sqrtf
 *fill*         0x08010574        0x4 
 .text.__ieee754_atan2
                0x08010578      0x194 /home/laurence/ARM-GCC/gcc-arm-none-eabi-5_3-2016q1/bin/../lib/gcc/arm-none-eabi/5.3.1/../../../../arm-none-eabi/lib/armv7-m/libm.a(lib_a-e_atan2.o)
                0x08010578                __ieee754_atan2
 .text.__ieee754_acosf
                0x0801070c      0x2c8 /home/laurence/ARM-GCC/gcc-arm-none-eabi-5_3-2016q1/bin/../lib/gcc/arm-none-eabi/5.3.1/../../../../arm-none-eabi/lib/armv7-m/libm.a(lib_a-ef_acos.o)
                0x0801070c                __ieee754_acosf
 .text.__ieee754_atan2f
                0x080109d4      0x124 /home/laurence/ARM-GCC/gcc-arm-none-eabi-5_3-2016q1/bin/../lib/gcc/arm-none-eabi/5.3.1/../../../../arm-none-eabi/lib/armv7-m/libm.a(lib_a-ef_atan2.o)
                0x080109d4                __ieee754_atan2f
 .text.__ieee754_rem_pio2f
                0x08010af8      0x2e4 /home/laurence/ARM-GCC/gcc-arm-none-eabi-5_3-2016q1/bin/../lib/gcc/arm-none-eabi/5.3.1/../../../../arm-none-eabi/lib/armv7-m/libm.a(lib_a-ef_rem_pio2.o)
                0x08010af8                __ieee754_rem_pio2f
 .text.__ieee754_sqrtf
                0x08010ddc       0xa8 /home/laurence/ARM-GCC/gcc-arm-none-eabi-5_3-2016q1/bin/../lib/gcc/arm-none-eabi/5.3.1/../../../../arm-none-eabi/lib/armv7-m/libm.a(lib_a-ef_sqrt.o)
                0x08010ddc                __ieee754_sqrtf
 .text.__kernel_cosf
                0x08010e84      0x188 /home/laurence/ARM-GCC/gcc-arm-none-eabi-5_3-2016q1/bin/../lib/gcc/arm-none-eabi/5.3.1/../../../../arm-none-eabi/lib/armv7-m/libm.a(lib_a-kf_cos.o)
                0x08010e84                __kernel_cosf
 .text.__kernel_rem_pio2f
                0x0801100c      0x6a8 /home/laurence/ARM-GCC/gcc-arm-none-eabi-5_3-2016q1/bin/../lib/gcc/arm-none-eabi/5.3.1/../../../../arm-none-eabi/lib/armv7-m/libm.a(lib_a-kf_rem_pio2.o)
                0x0801100c                __kernel_rem_pio2f
 .text.__kernel_sinf
                0x080116b4       0xec /home/laurence/ARM-GCC/gcc-arm-none-eabi-5_3-2016q1/bin/../lib/gcc/arm-none-eabi/5.3.1/../../../../arm-none-eabi/lib/armv7-m/libm.a(lib_a-kf_sin.o)
                0x080116b4                __kernel_sinf
 .text.atan     0x080117a0      0x33c /home/laurence/ARM-GCC/gcc-arm-none-eabi-5_3-2016q1/bin/../lib/gcc/arm-none-eabi/5.3.1/../../../../arm-none-eabi/lib/armv7-m/libm.a(lib_a-s_atan.o)
                0x080117a0                atan
 .text.fabs     0x08011adc        0x8 /home/laurence/ARM-GCC/gcc-arm-none-eabi-5_3-2016q1/bin/../lib/gcc/arm-none-eabi/5.3.1/../../../../arm-none-eabi/lib/armv7-m/libm.a(lib_a-s_fabs.o)
                0x08011adc                fabs
 .text.matherr  0x08011ae4        0x4 /home/laurence/ARM-GCC/gcc-arm-none-eabi-5_3-2016q1/bin/../lib/gcc/arm-none-eabi/5.3.1/../../../../arm-none-eabi/lib/armv7-m/libm.a(lib_a-s_matherr.o)
                0x08011ae4                matherr
 .text.nan      0x08011ae8        0xc /home/laurence/ARM-GCC/gcc-arm-none-eabi-5_3-2016q1/bin/../lib/gcc/arm-none-eabi/5.3.1/../../../../arm-none-eabi/lib/armv7-m/libm.a(lib_a-s_nan.o)
                0x08011ae8                nan
 .text.atanf    0x08011af4      0x22c /home/laurence/ARM-GCC/gcc-arm-none-eabi-5_3-2016q1/bin/../lib/gcc/arm-none-eabi/5.3.1/../../../../arm-none-eabi/lib/armv7-m/libm.a(lib_a-sf_atan.o)
                0x08011af4                atanf
 .text.fabsf    0x08011d20        0x8 /home/laurence/ARM-GCC/gcc-arm-none-eabi-5_3-2016q1/bin/../lib/gcc/arm-none-eabi/5.3.1/../../../../arm-none-eabi/lib/armv7-m/libm.a(lib_a-sf_fabs.o)
                0x08011d20                fabsf
 .text.floorf   0x08011d28       0x8c /home/laurence/ARM-GCC/gcc-arm-none-eabi-5_3-2016q1/bin/../lib/gcc/arm-none-eabi/5.3.1/../../../../arm-none-eabi/lib/armv7-m/libm.a(lib_a-sf_floor.o)
                0x08011d28                floorf
 .text.scalbnf  0x08011db4       0xb0 /home/laurence/ARM-GCC/gcc-arm-none-eabi-5_3-2016q1/bin/../lib/gcc/arm-none-eabi/5.3.1/../../../../arm-none-eabi/lib/armv7-m/libm.a(lib_a-sf_scalbn.o)
                0x08011db4                scalbnf
 .text.copysignf
                0x08011e64        0xc /home/laurence/ARM-GCC/gcc-arm-none-eabi-5_3-2016q1/bin/../lib/gcc/arm-none-eabi/5.3.1/../../../../arm-none-eabi/lib/armv7-m/libm.a(lib_a-sf_copysign.o)
                0x08011e64                copysignf
 .text.__errno  0x08011e70        0xc /home/laurence/ARM-GCC/gcc-arm-none-eabi-5_3-2016q1/bin/../lib/gcc/arm-none-eabi/5.3.1/../../../../arm-none-eabi/lib/armv7-m/libg.a(lib_a-errno.o)
                0x08011e70                __errno
 .text.malloc   0x08011e7c       0x10 /home/laurence/ARM-GCC/gcc-arm-none-eabi-5_3-2016q1/bin/../lib/gcc/arm-none-eabi/5.3.1/../../../../arm-none-eabi/lib/armv7-m/libg.a(lib_a-malloc.o)
                0x08011e7c                malloc
 .text._malloc_r
                0x08011e8c      0x558 /home/laurence/ARM-GCC/gcc-arm-none-eabi-5_3-2016q1/bin/../lib/gcc/arm-none-eabi/5.3.1/../../../../arm-none-eabi/lib/armv7-m/libg.a(lib_a-mallocr.o)
                0x08011e8c                _malloc_r
 .text.memcmp   0x080123e4       0x64 /home/laurence/ARM-GCC/gcc-arm-none-eabi-5_3-2016q1/bin/../lib/gcc/arm-none-eabi/5.3.1/../../../../arm-none-eabi/lib/armv7-m/libg.a(lib_a-memcmp.o)
                0x080123e4                memcmp
 .text.__malloc_lock
                0x08012448        0x4 /home/laurence/ARM-GCC/gcc-arm-none-eabi-5_3-2016q1/bin/../lib/gcc/arm-none-eabi/5.3.1/../../../../arm-none-eabi/lib/armv7-m/libg.a(lib_a-mlock.o)
                0x08012448                __malloc_lock
 .text.__malloc_unlock
                0x0801244c        0x4 /home/laurence/ARM-GCC/gcc-arm-none-eabi-5_3-2016q1/bin/../lib/gcc/arm-none-eabi/5.3.1/../../../../arm-none-eabi/lib/armv7-m/libg.a(lib_a-mlock.o)
                0x0801244c                __malloc_unlock
 .text._sbrk_r  0x08012450       0x24 /home/laurence/ARM-GCC/gcc-arm-none-eabi-5_3-2016q1/bin/../lib/gcc/arm-none-eabi/5.3.1/../../../../arm-none-eabi/lib/armv7-m/libg.a(lib_a-sbrkr.o)
                0x08012450                _sbrk_r
 .text.strlen   0x08012474       0x5c /home/laurence/ARM-GCC/gcc-arm-none-eabi-5_3-2016q1/bin/../lib/gcc/arm-none-eabi/5.3.1/../../../../arm-none-eabi/lib/armv7-m/libg.a(lib_a-strlen-stub.o)
                0x08012474                strlen
 .text._malloc_trim_r
                0x080124d0       0x9c /home/laurence/ARM-GCC/gcc-arm-none-eabi-5_3-2016q1/bin/../lib/gcc/arm-none-eabi/5.3.1/../../../../arm-none-eabi/lib/armv7-m/libg.a(lib_a-freer.o)
                0x080124d0                _malloc_trim_r
 .text._free_r  0x0801256c      0x1d0 /home/laurence/ARM-GCC/gcc-arm-none-eabi-5_3-2016q1/bin/../lib/gcc/arm-none-eabi/5.3.1/../../../../arm-none-eabi/lib/armv7-m/libg.a(lib_a-freer.o)
                0x0801256c                _free_r
 .text._sbrk    0x0801273c       0x1c /home/laurence/ARM-GCC/gcc-arm-none-eabi-5_3-2016q1/bin/../lib/gcc/arm-none-eabi/5.3.1/../../../../arm-none-eabi/lib/armv7-m/libnosys.a(sbrk.o)
                0x0801273c                _sbrk
 *(.rodata)
 .rodata        0x08012758       0xb8 /tmp/ccUiCVFX.ltrans0.ltrans.o
                0x08012800                DaysInMonth.lto_priv.96
                0x0801280c                SystemFrequency
 .rodata        0x08012810      0x180 /tmp/ccUiCVFX.ltrans2.ltrans.o
 .rodata        0x08012990      0x3d0 /tmp/ccUiCVFX.ltrans4.ltrans.o
                0x08012990                LfnOfs.lto_priv.100
 .rodata        0x08012d60       0xac /tmp/ccUiCVFX.ltrans15.ltrans.o
 *(.rodata*)
 .rodata.str1.4
                0x08012e0c      0x3fe /tmp/ccUiCVFX.ltrans0.ltrans.o
                                0x40e (size before relaxing)
 *fill*         0x0801320a        0x2 
 .rodata.str1.4
                0x0801320c       0x13 /tmp/ccUiCVFX.ltrans2.ltrans.o
 *fill*         0x0801321f        0x1 
 .rodata.str1.4
                0x08013220        0x6 /tmp/ccUiCVFX.ltrans5.ltrans.o
 *fill*         0x08013226        0x2 
 .rodata.str1.4
                0x08013228        0x9 /tmp/ccUiCVFX.ltrans9.ltrans.o
 *fill*         0x08013231        0x3 
 .rodata.str1.4
                0x08013234        0x2 /home/laurence/ARM-GCC/gcc-arm-none-eabi-5_3-2016q1/bin/../lib/gcc/arm-none-eabi/5.3.1/../../../../arm-none-eabi/lib/armv7-m/libg.a(lib_a-impure.o)
 *fill*         0x08013236        0x2 
 .rodata.str1.4
                0x08013238        0x6 /home/laurence/ARM-GCC/gcc-arm-none-eabi-5_3-2016q1/bin/../lib/gcc/arm-none-eabi/5.3.1/../../../../arm-none-eabi/lib/armv7-m/libm.a(lib_a-wf_acos.o)
                                  0x9 (size before relaxing)
 *fill*         0x0801323e        0x2 
 .rodata.str1.4
                0x08013240        0x8 /home/laurence/ARM-GCC/gcc-arm-none-eabi-5_3-2016q1/bin/../lib/gcc/arm-none-eabi/5.3.1/../../../../arm-none-eabi/lib/armv7-m/libm.a(lib_a-wf_sqrt.o)
                                  0x6 (size before relaxing)
 .rodata.npio2_hw
                0x08013248       0x80 /home/laurence/ARM-GCC/gcc-arm-none-eabi-5_3-2016q1/bin/../lib/gcc/arm-none-eabi/5.3.1/../../../../arm-none-eabi/lib/armv7-m/libm.a(lib_a-ef_rem_pio2.o)
 .rodata.two_over_pi
                0x080132c8      0x318 /home/laurence/ARM-GCC/gcc-arm-none-eabi-5_3-2016q1/bin/../lib/gcc/arm-none-eabi/5.3.1/../../../../arm-none-eabi/lib/armv7-m/libm.a(lib_a-ef_rem_pio2.o)
 .rodata.init_jk
                0x080135e0        0xc /home/laurence/ARM-GCC/gcc-arm-none-eabi-5_3-2016q1/bin/../lib/gcc/arm-none-eabi/5.3.1/../../../../arm-none-eabi/lib/armv7-m/libm.a(lib_a-kf_rem_pio2.o)
 .rodata.PIo2   0x080135ec       0x2c /home/laurence/ARM-GCC/gcc-arm-none-eabi-5_3-2016q1/bin/../lib/gcc/arm-none-eabi/5.3.1/../../../../arm-none-eabi/lib/armv7-m/libm.a(lib_a-kf_rem_pio2.o)
 .rodata.atanlo
                0x08013618       0x20 /home/laurence/ARM-GCC/gcc-arm-none-eabi-5_3-2016q1/bin/../lib/gcc/arm-none-eabi/5.3.1/../../../../arm-none-eabi/lib/armv7-m/libm.a(lib_a-s_atan.o)
 .rodata.atanhi
                0x08013638       0x20 /home/laurence/ARM-GCC/gcc-arm-none-eabi-5_3-2016q1/bin/../lib/gcc/arm-none-eabi/5.3.1/../../../../arm-none-eabi/lib/armv7-m/libm.a(lib_a-s_atan.o)
 .rodata.atanlo
                0x08013658       0x10 /home/laurence/ARM-GCC/gcc-arm-none-eabi-5_3-2016q1/bin/../lib/gcc/arm-none-eabi/5.3.1/../../../../arm-none-eabi/lib/armv7-m/libm.a(lib_a-sf_atan.o)
 .rodata.atanhi
                0x08013668       0x10 /home/laurence/ARM-GCC/gcc-arm-none-eabi-5_3-2016q1/bin/../lib/gcc/arm-none-eabi/5.3.1/../../../../arm-none-eabi/lib/armv7-m/libm.a(lib_a-sf_atan.o)
 *(.glue_7)
 .glue_7        0x08013678        0x0 linker stubs
 *(.glue_7t)
 .glue_7t       0x08013678        0x0 linker stubs
 *(.init)
 .init          0x08013678        0x4 /home/laurence/ARM-GCC/gcc-arm-none-eabi-5_3-2016q1/bin/../lib/gcc/arm-none-eabi/5.3.1/armv7-m/crti.o
                0x08013678                _init
 .init          0x0801367c        0x8 /home/laurence/ARM-GCC/gcc-arm-none-eabi-5_3-2016q1/bin/../lib/gcc/arm-none-eabi/5.3.1/armv7-m/crtn.o
 *(.fini)
 .fini          0x08013684        0x4 /home/laurence/ARM-GCC/gcc-arm-none-eabi-5_3-2016q1/bin/../lib/gcc/arm-none-eabi/5.3.1/armv7-m/crti.o
                0x08013684                _fini
 .fini          0x08013688        0x8 /home/laurence/ARM-GCC/gcc-arm-none-eabi-5_3-2016q1/bin/../lib/gcc/arm-none-eabi/5.3.1/armv7-m/crtn.o
                0x08013690                . = ALIGN (0x4)
                0x08013690                _etext = .
                0x08013690                _sidata = _etext

.vfp11_veneer   0x08013690        0x0
 .vfp11_veneer  0x08013690        0x0 linker stubs

.v4_bx          0x08013690        0x0
 .v4_bx         0x08013690        0x0 linker stubs

.iplt           0x08013690        0x0
 .iplt          0x08013690        0x0 /home/laurence/ARM-GCC/gcc-arm-none-eabi-5_3-2016q1/bin/../lib/gcc/arm-none-eabi/5.3.1/armv7-m/crtbegin.o

.rel.dyn        0x08013690        0x0
 .rel.iplt      0x08013690        0x0 /home/laurence/ARM-GCC/gcc-arm-none-eabi-5_3-2016q1/bin/../lib/gcc/arm-none-eabi/5.3.1/armv7-m/crtbegin.o

.flashpatch     0x00000000        0x0
                0x00000000                . = ALIGN (0x4)
 *(.flashpatch)
                0x00000000                . = ALIGN (0x4)

.endflash       0x00000000        0x0
                0x00000000                . = ALIGN (0x4)
 *(.endflash)
                0x00000000                . = ALIGN (0x4)
                0x00000000                _e_endflash = .

.data           0x20000000      0xa38 load address 0x08013690
                0x20000000                . = ALIGN (0x4)
                0x20000000                _sdata = .
                0x20000000                _data = .
 *(.data)
 .data          0x20000000        0x9 /tmp/ccUiCVFX.ltrans0.ltrans.o
                0x20000008                SP1ML_network_address
 *fill*         0x20000009        0x3 
 .data          0x2000000c       0x7c /tmp/ccUiCVFX.ltrans1.ltrans.o
                0x2000006c                pEpInt_OUT
 .data          0x20000088       0x12 /tmp/ccUiCVFX.ltrans3.ltrans.o
                0x20000088                Scsi_Sense_Data
 .data          0x2000009a        0x3 /tmp/ccUiCVFX.ltrans6.ltrans.o
                0x2000009a                RLD_replaced.lto_priv.85
 *fill*         0x2000009d        0x3 
 .data          0x200000a0        0x2 /tmp/ccUiCVFX.ltrans8.ltrans.o
 *fill*         0x200000a2        0x2 
 .data          0x200000a4       0x24 /tmp/ccUiCVFX.ltrans9.ltrans.o
 .data          0x200000c8        0x1 /tmp/ccUiCVFX.ltrans10.ltrans.o
                0x200000c8                rtc_correction
 *fill*         0x200000c9        0x3 
 .data          0x200000cc       0x7d /tmp/ccUiCVFX.ltrans13.ltrans.o
                0x200000cc                Device_Property
                0x20000100                I2C_jobs
 .data          0x20000149        0x1 /tmp/ccUiCVFX.ltrans14.ltrans.o
                0x20000149                Stat.lto_priv.66
 *fill*         0x2000014a        0x2 
 .data          0x2000014c       0x78 /tmp/ccUiCVFX.ltrans15.ltrans.o
                0x200001a0                User_Standard_Requests
 .data          0x200001c4       0x20 /tmp/ccUiCVFX.ltrans16.ltrans.o
                0x200001c4                Device_Table
                0x200001c8                pEpInt_IN
 *(.data.*)
 .data.ADCPrescTable
                0x200001e4        0x4 lib/STM32F10x_StdPeriph_Driver/libstm32fw.a(stm32f10x_rcc.o)
 .data.APBAHBPrescTable
                0x200001e8       0x10 lib/STM32F10x_StdPeriph_Driver/libstm32fw.a(stm32f10x_rcc.o)
 .data.impure_data
                0x200001f8      0x428 /home/laurence/ARM-GCC/gcc-arm-none-eabi-5_3-2016q1/bin/../lib/gcc/arm-none-eabi/5.3.1/../../../../arm-none-eabi/lib/armv7-m/libg.a(lib_a-impure.o)
 .data._impure_ptr
                0x20000620        0x4 /home/laurence/ARM-GCC/gcc-arm-none-eabi-5_3-2016q1/bin/../lib/gcc/arm-none-eabi/5.3.1/../../../../arm-none-eabi/lib/armv7-m/libg.a(lib_a-impure.o)
                0x20000620                _impure_ptr
 .data.__fdlib_version
                0x20000624        0x1 /home/laurence/ARM-GCC/gcc-arm-none-eabi-5_3-2016q1/bin/../lib/gcc/arm-none-eabi/5.3.1/../../../../arm-none-eabi/lib/armv7-m/libm.a(lib_a-s_lib_ver.o)
                0x20000624                __fdlib_version
 *fill*         0x20000625        0x3 
 .data.__malloc_av_
                0x20000628      0x408 /home/laurence/ARM-GCC/gcc-arm-none-eabi-5_3-2016q1/bin/../lib/gcc/arm-none-eabi/5.3.1/../../../../arm-none-eabi/lib/armv7-m/libg.a(lib_a-mallocr.o)
                0x20000628                __malloc_av_
 .data.__malloc_trim_threshold
                0x20000a30        0x4 /home/laurence/ARM-GCC/gcc-arm-none-eabi-5_3-2016q1/bin/../lib/gcc/arm-none-eabi/5.3.1/../../../../arm-none-eabi/lib/armv7-m/libg.a(lib_a-mallocr.o)
                0x20000a30                __malloc_trim_threshold
 .data.__malloc_sbrk_base
                0x20000a34        0x4 /home/laurence/ARM-GCC/gcc-arm-none-eabi-5_3-2016q1/bin/../lib/gcc/arm-none-eabi/5.3.1/../../../../arm-none-eabi/lib/armv7-m/libg.a(lib_a-mallocr.o)
                0x20000a34                __malloc_sbrk_base
 *(.RAMtext)
                0x20000a38                . = ALIGN (0x4)
                0x20000a38                _edata = .
                0x080140c8                _eidata = (_sidata + (_edata - _sdata))
                0x08020000                _lastdataromaddress = (ORIGIN (FLASH) + LENGTH (FLASH))
                0x00000000                toobig = (_eidata > _lastdataromaddress)?!!!!!!!!! FLASH IS FULL !!!!!!!!!:0x0

.igot.plt       0x20000a38        0x0 load address 0x080140c8
 .igot.plt      0x20000a38        0x0 /home/laurence/ARM-GCC/gcc-arm-none-eabi-5_3-2016q1/bin/../lib/gcc/arm-none-eabi/5.3.1/armv7-m/crtbegin.o

.bss            0x20000a38     0x13e8 load address 0x080140c8
                0x20000a38                . = ALIGN (0x4)
                0x20000a38                _sbss = .
                0x20000a38                _bss = .
 *(.bss)
 .bss           0x20000a38      0x708 /tmp/ccUiCVFX.ltrans0.ltrans.o
                0x20000e60                bootsource
                0x20000e68                rputchar.lto_priv.93
                0x20000e6c                Status
                0x20000e70                Data_Buffer
                0x20000e74                bDeviceState
                0x20000e78                Battery_Voltage
                0x20000e7c                Jobs
                0x20000eb8                file_opened
                0x20000ebc                PI_glob
                0x20000ed4                I_limits
                0x20000ee0                flashCodeEnabled
                0x20000eec                GPS_telem
                0x20000efc                flashCode
                0x20000f01                SP1ML_state
                0x20000f05                System_state_Global
                0x20000f06                Shutdown_System
                0x2000113c                FatFs.lto_priv.98
 .bss           0x20001140       0x18 /tmp/ccUiCVFX.ltrans1.ltrans.o
                0x20001148                SCSI_LBA
                0x2000114c                SCSI_BlkLen
 .bss           0x20001158        0x2 /tmp/ccUiCVFX.ltrans2.ltrans.o
 *fill*         0x2000115a        0x2 
 .bss           0x2000115c       0x88 /tmp/ccUiCVFX.ltrans3.ltrans.o
                0x2000115c                CBW
                0x2000117c                Mass_Block_Count
                0x20001184                Mass_Block_Size
                0x2000118c                Data_Len
                0x20001194                TransferState
                0x200011a4                Bulk_Data_Buff
 .bss           0x200011e4       0x80 /tmp/ccUiCVFX.ltrans5.ltrans.o
 .bss           0x20001264      0x33d /tmp/ccUiCVFX.ltrans6.ltrans.o
                0x20001264                Usart1_tx_buff
                0x200013a4                rld_sense.lto_priv.87
                0x200013aa                rld_replace_counter.lto_priv.86
                0x200013ac                Completed_Jobs
                0x200013b0                IMU_buff
                0x20001450                LSM9DS1_Gyro_Buffer
                0x2000145c                LSM9DS1_Acc_Buffer
                0x20001464                LSM9DS1_Mag_Buffer
                0x2000146c                I2C1error
                0x20001476                I2C_failure
                0x20001538                Filtered_ECG
                0x2000154c                SP1ML_tx_rx_state
                0x20001558                SP1ML_tx_sequence_number
                0x2000155c                Usart3_rx_buff
                0x2000156c                RN42_tx_sequence_number
                0x20001570                Usart1_rx_buff
                0x2000158c                Usart3_tx_buff
                0x2000159c                SP1ML_tx_bytes
                0x200015a0                SP1ML_withold
 *fill*         0x200015a1        0x3 
 .bss           0x200015a4        0xc /tmp/ccUiCVFX.ltrans9.ltrans.o
 .bss           0x200015b0      0x32c /tmp/ccUiCVFX.ltrans10.ltrans.o
                0x200015b0                FATFS_wavfile
                0x200017d4                LSM9DS1_Mag_Offset
                0x200017dc                Gps_Buffer
                0x200017e8                wct.lto_priv.69
                0x200017ea                channel_wct_conf.lto_priv.68
                0x200017eb                ADS1298_Error_Status
                0x200017ec                Enable.lto_priv.71
                0x200017f0                ECG_buffers
                0x20001870                Gain.lto_priv.77
                0x20001871                Actual_gain.lto_priv.74
                0x20001872                Cap.lto_priv.73
                0x20001873                quality_mask.lto_priv.70
                0x20001874                qualityfilter.lto_priv.72
                0x20001894                old_wct.lto_priv.76
                0x20001898                Millis
                0x2000189c                old_quality_mask.lto_priv.75
                0x200018a8                Gps
                0x200018db                read_transaction.lto_priv.67
 .bss           0x200018dc        0x4 /tmp/ccUiCVFX.ltrans11.ltrans.o
 .bss           0x200018e0      0x44d /tmp/ccUiCVFX.ltrans12.ltrans.o
                0x200018e4                FATFS_wavfile_gps
                0x20001b08                FATFS_wavfile_imu
                0x20001d2c                CurrVol.lto_priv.97
 *fill*         0x20001d2d        0x3 
 .bss           0x20001d30       0x15 /tmp/ccUiCVFX.ltrans13.ltrans.o
                0x20001d30                wIstr
                0x20001d34                Timer1.lto_priv.95
 *fill*         0x20001d45        0x3 
 .bss           0x20001d48       0x40 /tmp/ccUiCVFX.ltrans14.ltrans.o
                0x20001d48                CardType.lto_priv.94
                0x20001d49                Sd_Spi_Called_From_USB_MSC
                0x20001d4c                CSW
                0x20001d5c                Bot_State
                0x20001d60                print_string
                0x20001d84                Timer2.lto_priv.91
 .bss           0x20001d88        0x6 /tmp/ccUiCVFX.ltrans15.ltrans.o
                0x20001d88                Max_Lun
 *fill*         0x20001d8e        0x2 
 .bss           0x20001d90       0x14 /tmp/ccUiCVFX.ltrans16.ltrans.o
 *(.bss.*)
 .bss.Data_Mul_MaxPacketSize
                0x20001da4        0x1 lib/STM32_USB-FS-Device_Driver/libstm32usb.a(usb_core.o)
                0x20001da4                Data_Mul_MaxPacketSize
 *fill*         0x20001da5        0x3 
 .bss.__malloc_max_total_mem