Archive member included to satisfy reference by file (symbol)

lib/STM32F10x_StdPeriph_Driver/libstm32fw.a(misc.o)
                              interrupts.o (symbol from plugin) (NVIC_PriorityGroupConfig)
lib/STM32F10x_StdPeriph_Driver/libstm32fw.a(stm32f10x_adc.o)
                              adc.o (symbol from plugin) (ADC_DeInit)
lib/STM32F10x_StdPeriph_Driver/libstm32fw.a(stm32f10x_bkp.o)
                              Util/fat_fs/src/rtc.o (symbol from plugin) (BKP_DeInit)
lib/STM32F10x_StdPeriph_Driver/libstm32fw.a(stm32f10x_dbgmcu.o)
                              main.o (symbol from plugin) (DBGMCU_Config)
lib/STM32F10x_StdPeriph_Driver/libstm32fw.a(stm32f10x_dma.o)
                              Util/fat_fs/src/sd_spi_stm32.o (symbol from plugin) (DMA_DeInit)
lib/STM32F10x_StdPeriph_Driver/libstm32fw.a(stm32f10x_exti.o)
                              interrupts.o (symbol from plugin) (EXTI_DeInit)
lib/STM32F10x_StdPeriph_Driver/libstm32fw.a(stm32f10x_gpio.o)
                              Util/fat_fs/src/sd_spi_stm32.o (symbol from plugin) (GPIO_Init)
lib/STM32F10x_StdPeriph_Driver/libstm32fw.a(stm32f10x_i2c.o)
                              i2c_int.o (symbol from plugin) (I2C_DeInit)
lib/STM32F10x_StdPeriph_Driver/libstm32fw.a(stm32f10x_iwdg.o)
                              watchdog.o (symbol from plugin) (IWDG_WriteAccessCmd)
lib/STM32F10x_StdPeriph_Driver/libstm32fw.a(stm32f10x_pwr.o)
                              pwr.o (symbol from plugin) (PWR_DeInit)
lib/STM32F10x_StdPeriph_Driver/libstm32fw.a(stm32f10x_rcc.o)
                              interrupts.o (symbol from plugin) (RCC_HCLKConfig)
lib/STM32F10x_StdPeriph_Driver/libstm32fw.a(stm32f10x_rtc.o)
                              Util/fat_fs/src/rtc.o (symbol from plugin) (RTC_GetCounter)
lib/STM32F10x_StdPeriph_Driver/libstm32fw.a(stm32f10x_spi.o)
                              Util/fat_fs/src/sd_spi_stm32.o (symbol from plugin) (SPI_I2S_DeInit)
lib/STM32F10x_StdPeriph_Driver/libstm32fw.a(stm32f10x_tim.o)
                              timer.o (symbol from plugin) (TIM_DeInit)
lib/STM32F10x_StdPeriph_Driver/libstm32fw.a(stm32f10x_usart.o)
                              Util/rn42_command.o (symbol from plugin) (USART_DeInit)
lib/STM32_USB-FS-Device_Driver/libstm32usb.a(usb_core.o)
                              Util/USB/usb_prop.o (symbol from plugin) (Standard_GetDescriptorData)
lib/STM32_USB-FS-Device_Driver/libstm32usb.a(usb_init.o)
                              main.o (symbol from plugin) (USB_Init)
lib/STM32_USB-FS-Device_Driver/libstm32usb.a(usb_int.o)
                              Util/USB/usb_istr.o (symbol from plugin) (CTR_LP)
lib/STM32_USB-FS-Device_Driver/libstm32usb.a(usb_mem.o)
                              lib/STM32_USB-FS-Device_Driver/libstm32usb.a(usb_core.o) (UserToPMABufferCopy)
lib/STM32_USB-FS-Device_Driver/libstm32usb.a(usb_regs.o)
                              Util/USB/usb_prop.o (symbol from plugin) (SetBTABLE)
lib/STM32_USB-FS-Device_Driver/libstm32usb.a(usb_sil.o)
                              Util/USB/usb_prop.o (symbol from plugin) (USB_SIL_Init)
/home/laurence/ARM-GCC/bin/../lib/gcc/arm-none-eabi/5.3.1/../../../../arm-none-eabi/lib/armv7-m/libc_nano.a(lib_a-exit.o)
                              /home/laurence/ARM-GCC/bin/../lib/gcc/arm-none-eabi/5.3.1/../../../../arm-none-eabi/lib/armv7-m/crt0.o (exit)
/home/laurence/ARM-GCC/bin/../lib/gcc/arm-none-eabi/5.3.1/../../../../arm-none-eabi/lib/armv7-m/libc_nano.a(lib_a-impure.o)
                              /home/laurence/ARM-GCC/bin/../lib/gcc/arm-none-eabi/5.3.1/../../../../arm-none-eabi/lib/armv7-m/libc_nano.a(lib_a-exit.o) (_global_impure_ptr)
/home/laurence/ARM-GCC/bin/../lib/gcc/arm-none-eabi/5.3.1/../../../../arm-none-eabi/lib/armv7-m/libc_nano.a(lib_a-init.o)
                              /home/laurence/ARM-GCC/bin/../lib/gcc/arm-none-eabi/5.3.1/../../../../arm-none-eabi/lib/armv7-m/crt0.o (__libc_init_array)
/home/laurence/ARM-GCC/bin/../lib/gcc/arm-none-eabi/5.3.1/../../../../arm-none-eabi/lib/armv7-m/libc_nano.a(lib_a-memset.o)
                              /home/laurence/ARM-GCC/bin/../lib/gcc/arm-none-eabi/5.3.1/../../../../arm-none-eabi/lib/armv7-m/crt0.o (memset)
/home/laurence/ARM-GCC/bin/../lib/gcc/arm-none-eabi/5.3.1/../../../../arm-none-eabi/lib/armv7-m/libc_nano.a(lib_a-rand.o)
                              Util/sp1ml_command.o (symbol from plugin) (srand)
/home/laurence/ARM-GCC/bin/../lib/gcc/arm-none-eabi/5.3.1/../../../../arm-none-eabi/lib/armv7-m/libc_nano.a(lib_a-malloc.o)
                              /home/laurence/ARM-GCC/bin/../lib/gcc/arm-none-eabi/5.3.1/../../../../arm-none-eabi/lib/armv7-m/libc_nano.a(lib_a-rand.o) (malloc)
/home/laurence/ARM-GCC/bin/../lib/gcc/arm-none-eabi/5.3.1/../../../../arm-none-eabi/lib/armv7-m/libc_nano.a(lib_a-nano-freer.o)
                              /home/laurence/ARM-GCC/bin/../lib/gcc/arm-none-eabi/5.3.1/../../../../arm-none-eabi/lib/armv7-m/libc_nano.a(lib_a-malloc.o) (_free_r)
[...]
Memory Configuration

Name             Origin             Length             Attributes
RAM              0x20000000         0x00005000         xrw
FLASH            0x08000000         0x00020000         xr
*default*        0x00000000         0xffffffff

Linker script and memory map

LOAD /home/laurence/ARM-GCC/bin/../lib/gcc/arm-none-eabi/5.3.1/armv7-m/crti.o
LOAD /home/laurence/ARM-GCC/bin/../lib/gcc/arm-none-eabi/5.3.1/armv7-m/crtbegin.o
LOAD /home/laurence/ARM-GCC/bin/../lib/gcc/arm-none-eabi/5.3.1/../../../../arm-none-eabi/lib/armv7-m/crt0.o
LOAD Util/USB/hw_config.o
LOAD /tmp/ccARgpp2.ltrans0.ltrans.o
LOAD /tmp/ccARgpp2.ltrans1.ltrans.o
LOAD /tmp/ccARgpp2.ltrans2.ltrans.o
LOAD /tmp/ccARgpp2.ltrans3.ltrans.o
LOAD /tmp/ccARgpp2.ltrans4.ltrans.o
LOAD /tmp/ccARgpp2.ltrans5.ltrans.o
LOAD /tmp/ccARgpp2.ltrans6.ltrans.o
LOAD /tmp/ccARgpp2.ltrans7.ltrans.o
LOAD /tmp/ccARgpp2.ltrans8.ltrans.o
LOAD /tmp/ccARgpp2.ltrans9.ltrans.o
LOAD /tmp/ccARgpp2.ltrans10.ltrans.o
LOAD Util/USB/mass_mal.o
LOAD Util/USB/memory.o
LOAD Util/USB/scsi_data.o
LOAD Util/USB/usb_bot.o
LOAD Util/USB/usb_desc.o
LOAD Util/USB/usb_endp.o
LOAD Util/USB/usb_istr.o
LOAD Util/USB/usb_prop.o
LOAD Util/USB/usb_pwr.o
LOAD Util/USB/usb_scsi.o
LOAD Util/buffer.o
LOAD Util/data_alignment.o
LOAD Util/dcm_attitude.o
LOAD Util/delay.o
LOAD Util/fat_fs/option/ccsbcs.o
LOAD Util/fat_fs/src/fattime.o
LOAD Util/fat_fs/src/ff.o
LOAD Util/fat_fs/src/rtc.o
LOAD Util/fat_fs/src/sd_spi_stm32.o
LOAD Util/filter.o
LOAD Util/load_setting.o
LOAD Util/rn42_command.o
LOAD Util/rn42_conf.o
LOAD Util/rprintf.o
LOAD Util/rtc_correct.o
LOAD Util/sp1ml_command.o
LOAD Util/wave.o
LOAD adc.o
LOAD bootload.o
LOAD dma.o
LOAD gpio.o
LOAD i2c_int.o
LOAD interrupts.o
LOAD lib/ARM-GCC/startup_ARMCM3.o
LOAD lib/CMSIS_CM3/core_cm3.o
LOAD lib/CMSIS_CM3/system_stm32f10x.o
LOAD main.o
LOAD pwr.o
LOAD timer.o
LOAD usart.o
LOAD watchdog.o
LOAD Sensors/ads1298.o
LOAD Sensors/lsm9ds1.o
LOAD Sensors/ubx.o
LOAD lib/STM32F10x_StdPeriph_Driver/libstm32fw.a
LOAD lib/STM32_USB-FS-Device_Driver/libstm32usb.a
LOAD /home/laurence/ARM-GCC/bin/../lib/gcc/arm-none-eabi/5.3.1/../../../../arm-none-eabi/lib/armv7-m/libm.a
LOAD /home/laurence/ARM-GCC/bin/../lib/gcc/arm-none-eabi/5.3.1/../../../../arm-none-eabi/lib/armv7-m/libnosys.a
START GROUP
LOAD /home/laurence/ARM-GCC/bin/../lib/gcc/arm-none-eabi/5.3.1/armv7-m/libgcc.a
LOAD /home/laurence/ARM-GCC/bin/../lib/gcc/arm-none-eabi/5.3.1/../../../../arm-none-eabi/lib/armv7-m/libc_nano.a
END GROUP
START GROUP
LOAD /home/laurence/ARM-GCC/bin/../lib/gcc/arm-none-eabi/5.3.1/armv7-m/libgcc.a
LOAD /home/laurence/ARM-GCC/bin/../lib/gcc/arm-none-eabi/5.3.1/../../../../arm-none-eabi/lib/armv7-m/libc_nano.a
LOAD /home/laurence/ARM-GCC/bin/../lib/gcc/arm-none-eabi/5.3.1/../../../../arm-none-eabi/lib/armv7-m/libnosys.a
END GROUP
START GROUP
LOAD /home/laurence/ARM-GCC/bin/../lib/gcc/arm-none-eabi/5.3.1/armv7-m/libgcc.a
LOAD /home/laurence/ARM-GCC/bin/../lib/gcc/arm-none-eabi/5.3.1/../../../../arm-none-eabi/lib/armv7-m/libc_nano.a
LOAD /home/laurence/ARM-GCC/bin/../lib/gcc/arm-none-eabi/5.3.1/../../../../arm-none-eabi/lib/armv7-m/libnosys.a
END GROUP
LOAD /home/laurence/ARM-GCC/bin/../lib/gcc/arm-none-eabi/5.3.1/armv7-m/crtend.o
LOAD /home/laurence/ARM-GCC/bin/../lib/gcc/arm-none-eabi/5.3.1/armv7-m/crtn.o
                0x00002000                __HEAP_SIZE = 0x2000
                0x00000c00                __STACK_SIZE = 0xc00

.text           0x08000000     0xf50c
 *(.isr_vector)
 .isr_vector    0x08000000      0x10c lib/ARM-GCC/startup_ARMCM3.o
                0x08000000                __isr_vector
 *(.text*)
 .text          0x0800010c       0x5c /home/laurence/ARM-GCC/bin/../lib/gcc/arm-none-eabi/5.3.1/armv7-m/crtbegin.o
 .text          0x08000168       0x74 /home/laurence/ARM-GCC/bin/../lib/gcc/arm-none-eabi/5.3.1/../../../../arm-none-eabi/lib/armv7-m/crt0.o
                0x08000168                _mainCRTStartup
                0x08000168                _start
 *fill*         0x080001dc        0x4 
 .text.startup.main
                0x080001e0     0x23b4 /tmp/ccARgpp2.ltrans0.ltrans.o
                0x080001e0                main
 .text.Get_Max_Lun
                0x08002594       0x18 /tmp/ccARgpp2.ltrans1.ltrans.o
 .text.MASS_Get_Interface_Setting
                0x080025ac       0x10 /tmp/ccARgpp2.ltrans1.ltrans.o
                0x080025ac                MASS_Get_Interface_Setting
 .text.MASS_Data_Setup
                0x080025bc       0x3c /tmp/ccARgpp2.ltrans1.ltrans.o
                0x080025bc                MASS_Data_Setup
 .text.MASS_Status_In
                0x080025f8        0x2 /tmp/ccARgpp2.ltrans1.ltrans.o
                0x080025f8                MASS_Status_In
 .text.MASS_Status_Out
                0x080025fa        0x2 /tmp/ccARgpp2.ltrans1.ltrans.o
                0x080025fa                MASS_Status_Out
 .text.Mass_Storage_SetDeviceAddress
                0x080025fc        0xc /tmp/ccARgpp2.ltrans1.ltrans.o
 .text.IntToUnicode
                0x08002608       0x2a /tmp/ccARgpp2.ltrans1.ltrans.o
 *fill*         0x08002632        0x2 
 .text.MASS_GetStringDescriptor
                0x08002634       0x20 /tmp/ccARgpp2.ltrans1.ltrans.o
                0x08002634                MASS_GetStringDescriptor
 .text.MASS_GetConfigDescriptor
                0x08002654        0xc /tmp/ccARgpp2.ltrans1.ltrans.o
                0x08002654                MASS_GetConfigDescriptor
 .text.MASS_GetDeviceDescriptor
                0x08002660        0xc /tmp/ccARgpp2.ltrans1.ltrans.o
                0x08002660                MASS_GetDeviceDescriptor
 .text.MASS_NoData_Setup
                0x0800266c       0x4c /tmp/ccARgpp2.ltrans1.ltrans.o
                0x0800266c                MASS_NoData_Setup
 .text.Mass_Storage_SetConfiguration
                0x080026b8       0x30 /tmp/ccARgpp2.ltrans1.ltrans.o
 .text.MASS_Reset
                0x080026e8       0xf0 /tmp/ccARgpp2.ltrans1.ltrans.o
                0x080026e8                MASS_Reset
 .text.MASS_init
                0x080027d8       0x70 /tmp/ccARgpp2.ltrans1.ltrans.o
                0x080027d8                MASS_init
 .text.unlikely.Transfer_Data_Request
                0x08002848       0x34 /tmp/ccARgpp2.ltrans1.ltrans.o
 .text.unlikely.MAL_GetStatus
                0x0800287c       0xdc /tmp/ccARgpp2.ltrans1.ltrans.o
 .text.Resume_Init
                0x08002958       0x54 /tmp/ccARgpp2.ltrans1.ltrans.o
                0x08002958                Resume_Init
 .text.Bot_Abort.part.2.lto_priv.81
                0x080029ac       0x18 /tmp/ccARgpp2.ltrans1.ltrans.o
                0x080029ac                Bot_Abort.part.2.lto_priv.81
 .text.Mass_Storage_ClearFeature
                0x080029c4       0x18 /tmp/ccARgpp2.ltrans1.ltrans.o
 .text.Set_CSW  0x080029dc       0x3c /tmp/ccARgpp2.ltrans1.ltrans.o
                0x080029dc                Set_CSW
 .text.EP2_OUT_Callback
                0x08002a18      0x2f4 /tmp/ccARgpp2.ltrans1.ltrans.o
 .text.EP1_IN_Callback
                0x08002d0c       0x58 /tmp/ccARgpp2.ltrans1.ltrans.o
 .text.Read_Memory
                0x08002d64      0x160 /tmp/ccARgpp2.ltrans1.ltrans.o
                0x08002d64                Read_Memory
 .text.ads1298_spi_dma_transaction
                0x08002ec4       0xe8 /tmp/ccARgpp2.ltrans2.ltrans.o
                0x08002ec4                ads1298_spi_dma_transaction
 *fill*         0x08002fac        0x4 
 .text.DMA1_Channel4_IRQHandler
                0x08002fb0     0x140c /tmp/ccARgpp2.ltrans2.ltrans.o
                0x08002fb0                DMA1_Channel4_IRQHandler
 .text.ads1298_busy_wait_command
                0x080043bc       0x4c /tmp/ccARgpp2.ltrans2.ltrans.o
                0x080043bc                ads1298_busy_wait_command
 .text.unlikely.ads1298_busy_wait_write
                0x08004408       0x88 /tmp/ccARgpp2.ltrans2.ltrans.o
                0x08004408                ads1298_busy_wait_write
 .text.rprintfChar
                0x08004490       0x20 /tmp/ccARgpp2.ltrans3.ltrans.o
 .text.RN42_generate_packet
                0x080044b0       0x60 /tmp/ccARgpp2.ltrans3.ltrans.o
                0x080044b0                RN42_generate_packet
 .text.stm32_dma_transfer
                0x08004510       0xc8 /tmp/ccARgpp2.ltrans3.ltrans.o
 .text.stm32_spi_rw
                0x080045d8       0x24 /tmp/ccARgpp2.ltrans3.ltrans.o
 .text.rcvr_spi
                0x080045fc        0x6 /tmp/ccARgpp2.ltrans3.ltrans.o
 .text.xmit_datablock.part.1
                0x08004602       0x2c /tmp/ccARgpp2.ltrans3.ltrans.o
 *fill*         0x0800462e        0x2 
 .text.rprintf2RamRom
                0x08004630      0x414 /tmp/ccARgpp2.ltrans3.ltrans.o
                0x08004630                rprintf2RamRom
 .text.rcvr_datablock
                0x08004a44       0x54 /tmp/ccARgpp2.ltrans3.ltrans.o
                0x08004a44                rcvr_datablock
 .text.release_spi
                0x08004a98       0x18 /tmp/ccARgpp2.ltrans3.ltrans.o
                0x08004a98                release_spi
 .text.wait_ready.lto_priv.80
                0x08004ab0       0x20 /tmp/ccARgpp2.ltrans3.ltrans.o
                0x08004ab0                wait_ready.lto_priv.80
 .text.send_cmd
                0x08004ad0       0x94 /tmp/ccARgpp2.ltrans3.ltrans.o
                0x08004ad0                send_cmd
 .text.disk_write
                0x08004b64       0xc4 /tmp/ccARgpp2.ltrans3.ltrans.o
                0x08004b64                disk_write
 .text.disk_read
                0x08004c28       0x94 /tmp/ccARgpp2.ltrans3.ltrans.o
                0x08004c28                disk_read
 .text.disk_initialize
                0x08004cbc      0x218 /tmp/ccARgpp2.ltrans3.ltrans.o
                0x08004cbc                disk_initialize
 .text.my_RTC_SetCounter
                0x08004ed4       0x22 /tmp/ccARgpp2.ltrans3.ltrans.o
                0x08004ed4                my_RTC_SetCounter
 *fill*         0x08004ef6        0x2 
 .text.counter_to_struct.lto_priv.68
                0x08004ef8       0xc4 /tmp/ccARgpp2.ltrans3.ltrans.o
                0x08004ef8                counter_to_struct.lto_priv.68
 .text.isDST.lto_priv.67
                0x08004fbc       0x2c /tmp/ccARgpp2.ltrans3.ltrans.o
                0x08004fbc                isDST.lto_priv.67
 .text.rtc_gettime
                0x08004fe8       0x70 /tmp/ccARgpp2.ltrans3.ltrans.o
                0x08004fe8                rtc_gettime
 .text.dir_find.part.4.lto_priv.78
                0x08005058      0x16c /tmp/ccARgpp2.ltrans3.ltrans.o
                0x08005058                dir_find.part.4.lto_priv.78
 .text.SystemInit
                0x080051c4       0xe8 /tmp/ccARgpp2.ltrans4.ltrans.o
                0x080051c4                SystemInit
 .text.USB_LP_CAN1_RX0_IRQHandler
                0x080052ac       0xf0 /tmp/ccARgpp2.ltrans4.ltrans.o
                0x080052ac                USB_LP_CAN1_RX0_IRQHandler
 .text.USB_HP_CAN1_TX_IRQHandler
                0x0800539c        0x4 /tmp/ccARgpp2.ltrans4.ltrans.o
                0x0800539c                USB_HP_CAN1_TX_IRQHandler
 .text.SysTick_Handler
                0x080053a0      0x17c /tmp/ccARgpp2.ltrans4.ltrans.o
                0x080053a0                SysTick_Handler
 .text.EXTI15_10_IRQHandler
                0x0800551c       0x64 /tmp/ccARgpp2.ltrans4.ltrans.o
                0x0800551c                EXTI15_10_IRQHandler
 .text.ADC1_2_IRQHandler
                0x08005580       0x70 /tmp/ccARgpp2.ltrans4.ltrans.o
                0x08005580                ADC1_2_IRQHandler
 .text.EXTI_ONOFF_EN
                0x080055f0       0x54 /tmp/ccARgpp2.ltrans4.ltrans.o
                0x080055f0                EXTI_ONOFF_EN
 .text.I2C_Config
                0x08005644      0x1c8 /tmp/ccARgpp2.ltrans4.ltrans.o
                0x08005644                I2C_Config
 .text.I2C1_ER_IRQHandler
                0x0800580c      0x12c /tmp/ccARgpp2.ltrans4.ltrans.o
                0x0800580c                I2C1_ER_IRQHandler
 .text.I2C1_EV_IRQHandler
                0x08005938      0x590 /tmp/ccARgpp2.ltrans4.ltrans.o
                0x08005938                I2C1_EV_IRQHandler
 .text.red_flash
                0x08005ec8       0x2c /tmp/ccARgpp2.ltrans4.ltrans.o
                0x08005ec8                red_flash
 .text.EXTI0_IRQHandler
                0x08005ef4       0x7c /tmp/ccARgpp2.ltrans4.ltrans.o
                0x08005ef4                EXTI0_IRQHandler
 .text.switch_leds_off
                0x08005f70       0x1c /tmp/ccARgpp2.ltrans4.ltrans.o
                0x08005f70                switch_leds_off
 .text.switch_leds_on
                0x08005f8c       0x1c /tmp/ccARgpp2.ltrans4.ltrans.o
                0x08005f8c                switch_leds_on
 .text.SCSI_Address_Management
                0x08005fa8       0x6c /tmp/ccARgpp2.ltrans5.ltrans.o
 .text.clust2sect
                0x08006014       0x16 /tmp/ccARgpp2.ltrans5.ltrans.o
                0x08006014                clust2sect
 .text.move_window.lto_priv.58
                0x0800602a       0x76 /tmp/ccARgpp2.ltrans5.ltrans.o
                0x0800602a                move_window.lto_priv.58
 .text.put_fat  0x080060a0       0xf6 /tmp/ccARgpp2.ltrans5.ltrans.o
                0x080060a0                put_fat
 .text.get_fat  0x08006196       0xcc /tmp/ccARgpp2.ltrans5.ltrans.o
                0x08006196                get_fat
 *fill*         0x08006262        0x2 
 .text.sync.lto_priv.50
                0x08006264       0xdc /tmp/ccARgpp2.ltrans5.ltrans.o
                0x08006264                sync.lto_priv.50
 .text.mem_cpy.lto_priv.54
                0x08006340       0x14 /tmp/ccARgpp2.ltrans5.ltrans.o
                0x08006340                mem_cpy.lto_priv.54
 .text.get_fattime
                0x08006354       0x42 /tmp/ccARgpp2.ltrans5.ltrans.o
                0x08006354                get_fattime
 .text.Delay    0x08006396       0x18 /tmp/ccARgpp2.ltrans5.ltrans.o
                0x08006396                Delay
 .text.normalize_vector
                0x080063ae       0x5e /tmp/ccARgpp2.ltrans5.ltrans.o
                0x080063ae                normalize_vector
 .text.Get_From_Buffer
                0x0800640c       0x4a /tmp/ccARgpp2.ltrans5.ltrans.o
                0x0800640c                Get_From_Buffer
 .text.Add_To_Buffer
                0x08006456       0x56 /tmp/ccARgpp2.ltrans5.ltrans.o
                0x08006456                Add_To_Buffer
 .text.unlikely.SCSI_ReadFormatCapacity_Cmd.part.0.lto_priv.82
                0x080064ac       0x24 /tmp/ccARgpp2.ltrans5.ltrans.o
                0x080064ac                SCSI_ReadCapacity10_Cmd.part.1.lto_priv.83
                0x080064ac                SCSI_TestUnitReady_Cmd.part.4.lto_priv.84
                0x080064ac                SCSI_ReadFormatCapacity_Cmd.part.0.lto_priv.82
 .text.unlikely.SCSI_Invalid_Cmd
                0x080064d0       0x3c /tmp/ccARgpp2.ltrans5.ltrans.o
                0x080064d0                SCSI_Invalid_Cmd
 .text.SCSI_Write10_Cmd
                0x0800650c      0x164 /tmp/ccARgpp2.ltrans5.ltrans.o
                0x0800650c                SCSI_Write10_Cmd
 .text.SCSI_Read10_Cmd
                0x08006670       0x68 /tmp/ccARgpp2.ltrans5.ltrans.o
                0x08006670                SCSI_Read10_Cmd
 .text.Resume   0x080066d8       0xa4 /tmp/ccARgpp2.ltrans5.ltrans.o
                0x080066d8                Resume
 .text.hex_to_byte
                0x0800677c       0x18 /tmp/ccARgpp2.ltrans6.ltrans.o
 .text.SP1ML_generate_packet
                0x08006794       0xbc /tmp/ccARgpp2.ltrans6.ltrans.o
                0x08006794                SP1ML_generate_packet
 .text.ADC_Configuration
                0x08006850      0x10c /tmp/ccARgpp2.ltrans6.ltrans.o
                0x08006850                ADC_Configuration
 .text.wave_terminate
                0x0800695c       0xde /tmp/ccARgpp2.ltrans6.ltrans.o
                0x0800695c                wave_terminate
 .text.write_wave_samples
                0x08006a3a       0xaa /tmp/ccARgpp2.ltrans6.ltrans.o
                0x08006a3a                write_wave_samples
 .text.write_wave_header
                0x08006ae4       0xdc /tmp/ccARgpp2.ltrans6.ltrans.o
                0x08006ae4                write_wave_header
 .text.SP1ML_command
                0x08006bc0       0xb8 /tmp/ccARgpp2.ltrans6.ltrans.o
                0x08006bc0                SP1ML_command
 .text.SP1ML_assign_addr
                0x08006c78       0x50 /tmp/ccARgpp2.ltrans6.ltrans.o
                0x08006c78                SP1ML_assign_addr
 .text.SP1ML_rx_tx_data_processor
                0x08006cc8      0x818 /tmp/ccARgpp2.ltrans6.ltrans.o
                0x08006cc8                SP1ML_rx_tx_data_processor
 .text.update_rtc_timestamp
                0x080074e0       0x2a /tmp/ccARgpp2.ltrans6.ltrans.o
                0x080074e0                update_rtc_timestamp
 *fill*         0x0800750a        0x2 
 .text.set_rtc_correction
                0x0800750c       0x50 /tmp/ccARgpp2.ltrans6.ltrans.o
                0x0800750c                set_rtc_correction
 .text.atoiRamRom
                0x0800755c       0x24 /tmp/ccARgpp2.ltrans6.ltrans.o
                0x0800755c                atoiRamRom
 .text.get_fileinfo.lto_priv.59
                0x08007580      0x10c /tmp/ccARgpp2.ltrans7.ltrans.o
                0x08007580                get_fileinfo.lto_priv.59
 .text.sum_sfn.lto_priv.74
                0x0800768c       0x1e /tmp/ccARgpp2.ltrans7.ltrans.o
                0x0800768c                sum_sfn.lto_priv.74
 .text.dir_sdi.lto_priv.53
                0x080076aa       0x84 /tmp/ccARgpp2.ltrans7.ltrans.o
                0x080076aa                dir_sdi.lto_priv.53
 *fill*         0x0800772e        0x2 
 .text.follow_path.lto_priv.55
                0x08007730      0x2e4 /tmp/ccARgpp2.ltrans7.ltrans.o
                0x08007730                follow_path.lto_priv.55
 .text.create_chain.lto_priv.65
                0x08007a14       0x9a /tmp/ccARgpp2.ltrans7.ltrans.o
                0x08007a14                create_chain.lto_priv.65
 .text.dir_next.lto_priv.57
                0x08007aae      0x100 /tmp/ccARgpp2.ltrans7.ltrans.o
                0x08007aae                dir_next.lto_priv.57
 *fill*         0x08007bae        0x2 
 .text.dir_register.lto_priv.66
                0x08007bb0      0x24c /tmp/ccARgpp2.ltrans7.ltrans.o
                0x08007bb0                dir_register.lto_priv.66
 .text.dir_read.lto_priv.52
                0x08007dfc       0xfc /tmp/ccARgpp2.ltrans7.ltrans.o
                0x08007dfc                dir_read.lto_priv.52
 .text.remove_chain.lto_priv.51
                0x08007ef8       0x54 /tmp/ccARgpp2.ltrans7.ltrans.o
                0x08007ef8                remove_chain.lto_priv.51
 .text.check_fs
                0x08007f4c       0x54 /tmp/ccARgpp2.ltrans8.ltrans.o
 .text.validate.lto_priv.60
                0x08007fa0       0x30 /tmp/ccARgpp2.ltrans8.ltrans.o
                0x08007fa0                validate.lto_priv.60
 .text.f_lseek  0x08007fd0      0x144 /tmp/ccARgpp2.ltrans8.ltrans.o
                0x08007fd0                f_lseek
 .text.f_sync   0x08008114       0xa8 /tmp/ccARgpp2.ltrans8.ltrans.o
                0x08008114                f_sync
 .text.f_close  0x080081bc        0xe /tmp/ccARgpp2.ltrans8.ltrans.o
                0x080081bc                f_close
 .text.f_write  0x080081ca      0x18c /tmp/ccARgpp2.ltrans8.ltrans.o
                0x080081ca                f_write
 *fill*         0x08008356        0x2 
 .text.chk_mounted.lto_priv.56
                0x08008358      0x240 /tmp/ccARgpp2.ltrans8.ltrans.o
                0x08008358                chk_mounted.lto_priv.56
 .text.f_open   0x08008598      0x136 /tmp/ccARgpp2.ltrans8.ltrans.o
                0x08008598                f_open
 *fill*         0x080086ce        0x2 
 .text.Get_UBX_Ack
                0x080086d0      0x184 /tmp/ccARgpp2.ltrans9.ltrans.o
 .text.USART2_reconf.constprop.7
                0x08008854       0x54 /tmp/ccARgpp2.ltrans9.ltrans.o
 .text.vector_by_matrix.constprop.29
                0x080088a8       0x50 /tmp/ccARgpp2.ltrans9.ltrans.o
                0x080088a8                vector_by_matrix.constprop.29
 .text.ads1298_wct_config.constprop.3
                0x080088f8      0x134 /tmp/ccARgpp2.ltrans9.ltrans.o
                0x080088f8                ads1298_wct_config.constprop.3
 .text.unlikely.ads1298_setup.constprop.2
                0x08008a2c      0x398 /tmp/ccARgpp2.ltrans9.ltrans.o
                0x08008a2c                ads1298_setup.constprop.2
 .text.Config_Gps
                0x08008dc4      0x110 /tmp/ccARgpp2.ltrans9.ltrans.o
                0x08008dc4                Config_Gps
 .text.Gps_DMA_Process
                0x08008ed4      0x304 /tmp/ccARgpp2.ltrans9.ltrans.o
                0x08008ed4                Gps_DMA_Process
 .text.check_lsm9ds1_functionality.part.0.lto_priv.64
                0x080091d8      0x128 /tmp/ccARgpp2.ltrans9.ltrans.o
                0x080091d8                check_lsm9ds1_functionality.part.0.lto_priv.64
 .text.configure_i2c_buffers
                0x08009300       0x60 /tmp/ccARgpp2.ltrans9.ltrans.o
                0x08009300                configure_i2c_buffers
 .text.EXTI9_5_IRQHandler
                0x08009360       0x34 /tmp/ccARgpp2.ltrans9.ltrans.o
                0x08009360                EXTI9_5_IRQHandler
 .text.__usart_send_char
                0x08009394       0x58 /tmp/ccARgpp2.ltrans10.ltrans.o
                0x08009394                __usart_send_char
 .text.__gps_send_char
                0x080093ec       0x1c /tmp/ccARgpp2.ltrans10.ltrans.o
 .text.__str_print_char
                0x08009408       0x30 /tmp/ccARgpp2.ltrans10.ltrans.o
                0x08009408                __str_print_char
 .text.__fat_print_char
                0x08009438       0x20 /tmp/ccARgpp2.ltrans10.ltrans.o
                0x08009438                __fat_print_char
 .text.__sp1ml_send_char
                0x08009458       0x48 /tmp/ccARgpp2.ltrans10.ltrans.o
                0x08009458                __sp1ml_send_char
 .text.USART3_IRQHandler
                0x080094a0       0xc4 /tmp/ccARgpp2.ltrans10.ltrans.o
                0x080094a0                USART3_IRQHandler
 .text.USART1_IRQHandler
                0x08009564       0x90 /tmp/ccARgpp2.ltrans10.ltrans.o
                0x08009564                USART1_IRQHandler
 .text.Gps_Send_Str
                0x080095f4       0x16 /tmp/ccARgpp2.ltrans10.ltrans.o
                0x080095f4                Gps_Send_Str
 .text.Gps_Send_Utf8
                0x0800960a       0x1e /tmp/ccARgpp2.ltrans10.ltrans.o
                0x0800960a                Gps_Send_Utf8
 .text.Usart3_Send_Str
                0x08009628       0x28 /tmp/ccARgpp2.ltrans10.ltrans.o
                0x08009628                Usart3_Send_Str
 .text.Usart_Send_Str
                0x08009650       0x16 /tmp/ccARgpp2.ltrans10.ltrans.o
                0x08009650                Usart_Send_Str
 *fill*         0x08009666        0x2 
 .text.shutdown_filesystem
                0x08009668      0x370 /tmp/ccARgpp2.ltrans10.ltrans.o
                0x08009668                shutdown_filesystem
 .text.shutdown
                0x080099d8       0x10 /tmp/ccARgpp2.ltrans10.ltrans.o
                0x080099d8                shutdown
 .text.file_preallocation_control
                0x080099e8       0x44 /tmp/ccARgpp2.ltrans10.ltrans.o
                0x080099e8                file_preallocation_control
 .text          0x08009a2c       0x3c lib/ARM-GCC/startup_ARMCM3.o
                0x08009a2c                Reset_Handler
                0x08009a66                EXTI2_IRQHandler
                0x08009a66                DebugMon_Handler
                0x08009a66                TIM1_CC_IRQHandler
                0x08009a66                HardFault_Handler
                0x08009a66                PVD_IRQHandler
                0x08009a66                PendSV_Handler
                0x08009a66                NMI_Handler
                0x08009a66                EXTI3_IRQHandler
                0x08009a66                I2C2_EV_IRQHandler
                0x08009a66                UsageFault_Handler
                0x08009a66                SPI1_IRQHandler
                0x08009a66                TAMPER_IRQHandler
                0x08009a66                RTC_IRQHandler
                0x08009a66                DMA1_Channel7_IRQHandler
                0x08009a66                CAN1_RX1_IRQHandler
                0x08009a66                TIM4_IRQHandler
                0x08009a66                DMA1_Channel6_IRQHandler
                0x08009a66                TIM3_IRQHandler
                0x08009a66                RCC_IRQHandler
                0x08009a66                TIM1_TRG_COM_IRQHandler
                0x08009a66                DMA1_Channel1_IRQHandler
                0x08009a66                Default_Handler
                0x08009a66                SPI2_IRQHandler
                0x08009a66                MemManage_Handler
                0x08009a66                SVC_Handler
                0x08009a66                DMA1_Channel5_IRQHandler
                0x08009a66                EXTI4_IRQHandler
                0x08009a66                DMA1_Channel3_IRQHandler
                0x08009a66                TIM1_UP_IRQHandler
                0x08009a66                WWDG_IRQHandler
                0x08009a66                TIM2_IRQHandler
                0x08009a66                DEF_IRQHandler
                0x08009a66                TIM1_BRK_IRQHandler
                0x08009a66                EXTI1_IRQHandler
                0x08009a66                RTCAlarm_IRQHandler
                0x08009a66                USART2_IRQHandler
                0x08009a66                I2C2_ER_IRQHandler
                0x08009a66                DMA1_Channel2_IRQHandler
                0x08009a66                CAN1_SCE_IRQHandler
                0x08009a66                FLASH_IRQHandler
                0x08009a66                BusFault_Handler
                0x08009a66                USBWakeUp_IRQHandler
 .text.NVIC_PriorityGroupConfig
                0x08009a68       0x14 lib/STM32F10x_StdPeriph_Driver/libstm32fw.a(misc.o)
                0x08009a68                NVIC_PriorityGroupConfig
 .text.NVIC_Init
                0x08009a7c       0x6c lib/STM32F10x_StdPeriph_Driver/libstm32fw.a(misc.o)
                0x08009a7c                NVIC_Init
 .text.NVIC_SetVectorTable
                0x08009ae8       0x14 lib/STM32F10x_StdPeriph_Driver/libstm32fw.a(misc.o)
                0x08009ae8                NVIC_SetVectorTable
 .text.SysTick_CLKSourceConfig
                0x08009afc       0x18 lib/STM32F10x_StdPeriph_Driver/libstm32fw.a(misc.o)
                0x08009afc                SysTick_CLKSourceConfig
 .text.ADC_DeInit
                0x08009b14       0x5c lib/STM32F10x_StdPeriph_Driver/libstm32fw.a(stm32f10x_adc.o)
                0x08009b14                ADC_DeInit
 .text.ADC_Init
                0x08009b70       0x48 lib/STM32F10x_StdPeriph_Driver/libstm32fw.a(stm32f10x_adc.o)
                0x08009b70                ADC_Init
 .text.ADC_Cmd  0x08009bb8       0x12 lib/STM32F10x_StdPeriph_Driver/libstm32fw.a(stm32f10x_adc.o)
                0x08009bb8                ADC_Cmd
 .text.ADC_ITConfig
                0x08009bca       0x12 lib/STM32F10x_StdPeriph_Driver/libstm32fw.a(stm32f10x_adc.o)
                0x08009bca                ADC_ITConfig
 .text.ADC_ResetCalibration
                0x08009bdc        0xa lib/STM32F10x_StdPeriph_Driver/libstm32fw.a(stm32f10x_adc.o)
                0x08009bdc                ADC_ResetCalibration
 .text.ADC_GetResetCalibrationStatus
                0x08009be6        0x8 lib/STM32F10x_StdPeriph_Driver/libstm32fw.a(stm32f10x_adc.o)
                0x08009be6                ADC_GetResetCalibrationStatus
 .text.ADC_StartCalibration
                0x08009bee        0xa lib/STM32F10x_StdPeriph_Driver/libstm32fw.a(stm32f10x_adc.o)
                0x08009bee                ADC_StartCalibration
 .text.ADC_GetCalibrationStatus
                0x08009bf8        0x8 lib/STM32F10x_StdPeriph_Driver/libstm32fw.a(stm32f10x_adc.o)
                0x08009bf8                ADC_GetCalibrationStatus
 .text.ADC_SoftwareStartConvCmd
                0x08009c00       0x12 lib/STM32F10x_StdPeriph_Driver/libstm32fw.a(stm32f10x_adc.o)
                0x08009c00                ADC_SoftwareStartConvCmd
 .text.ADC_RegularChannelConfig
                0x08009c12       0x84 lib/STM32F10x_StdPeriph_Driver/libstm32fw.a(stm32f10x_adc.o)
                0x08009c12                ADC_RegularChannelConfig
 .text.ADC_GetConversionValue
                0x08009c96        0x6 lib/STM32F10x_StdPeriph_Driver/libstm32fw.a(stm32f10x_adc.o)
                0x08009c96                ADC_GetConversionValue
 .text.ADC_ExternalTrigInjectedConvConfig
                0x08009c9c        0xc lib/STM32F10x_StdPeriph_Driver/libstm32fw.a(stm32f10x_adc.o)
                0x08009c9c                ADC_ExternalTrigInjectedConvConfig
 .text.ADC_SoftwareStartInjectedConvCmd
                0x08009ca8       0x12 lib/STM32F10x_StdPeriph_Driver/libstm32fw.a(stm32f10x_adc.o)
                0x08009ca8                ADC_SoftwareStartInjectedConvCmd
 .text.ADC_InjectedChannelConfig
                0x08009cba       0x54 lib/STM32F10x_StdPeriph_Driver/libstm32fw.a(stm32f10x_adc.o)
                0x08009cba                ADC_InjectedChannelConfig
 .text.ADC_InjectedSequencerLengthConfig
                0x08009d0e       0x10 lib/STM32F10x_StdPeriph_Driver/libstm32fw.a(stm32f10x_adc.o)
                0x08009d0e                ADC_InjectedSequencerLengthConfig
 .text.ADC_GetInjectedConversionValue
                0x08009d1e       0x1a lib/STM32F10x_StdPeriph_Driver/libstm32fw.a(stm32f10x_adc.o)
                0x08009d1e                ADC_GetInjectedConversionValue
 .text.ADC_AnalogWatchdogCmd
                0x08009d38       0x10 lib/STM32F10x_StdPeriph_Driver/libstm32fw.a(stm32f10x_adc.o)
                0x08009d38                ADC_AnalogWatchdogCmd
 .text.ADC_AnalogWatchdogThresholdsConfig
                0x08009d48        0x6 lib/STM32F10x_StdPeriph_Driver/libstm32fw.a(stm32f10x_adc.o)
                0x08009d48                ADC_AnalogWatchdogThresholdsConfig
 .text.ADC_AnalogWatchdogSingleChannelConfig
                0x08009d4e        0xc lib/STM32F10x_StdPeriph_Driver/libstm32fw.a(stm32f10x_adc.o)
                0x08009d4e                ADC_AnalogWatchdogSingleChannelConfig
 .text.ADC_GetFlagStatus
                0x08009d5a        0xc lib/STM32F10x_StdPeriph_Driver/libstm32fw.a(stm32f10x_adc.o)
                0x08009d5a                ADC_GetFlagStatus
 .text.ADC_ClearFlag
                0x08009d66        0x6 lib/STM32F10x_StdPeriph_Driver/libstm32fw.a(stm32f10x_adc.o)
                0x08009d66                ADC_ClearFlag
 .text.ADC_GetITStatus
                0x08009d6c       0x16 lib/STM32F10x_StdPeriph_Driver/libstm32fw.a(stm32f10x_adc.o)
                0x08009d6c                ADC_GetITStatus
 .text.ADC_ClearITPendingBit
                0x08009d82        0x8 lib/STM32F10x_StdPeriph_Driver/libstm32fw.a(stm32f10x_adc.o)
                0x08009d82                ADC_ClearITPendingBit
 .text.BKP_DeInit
                0x08009d8a       0x12 lib/STM32F10x_StdPeriph_Driver/libstm32fw.a(stm32f10x_bkp.o)
                0x08009d8a                BKP_DeInit
 .text.BKP_RTCOutputConfig
                0x08009d9c       0x18 lib/STM32F10x_StdPeriph_Driver/libstm32fw.a(stm32f10x_bkp.o)
                0x08009d9c                BKP_RTCOutputConfig
 .text.BKP_SetRTCCalibrationValue
                0x08009db4       0x18 lib/STM32F10x_StdPeriph_Driver/libstm32fw.a(stm32f10x_bkp.o)
                0x08009db4                BKP_SetRTCCalibrationValue
 .text.BKP_WriteBackupRegister
                0x08009dcc       0x1c lib/STM32F10x_StdPeriph_Driver/libstm32fw.a(stm32f10x_bkp.o)
                0x08009dcc                BKP_WriteBackupRegister
 .text.BKP_ReadBackupRegister
                0x08009de8       0x20 lib/STM32F10x_StdPeriph_Driver/libstm32fw.a(stm32f10x_bkp.o)
                0x08009de8                BKP_ReadBackupRegister
 .text.DBGMCU_Config
                0x08009e08       0x18 lib/STM32F10x_StdPeriph_Driver/libstm32fw.a(stm32f10x_dbgmcu.o)
                0x08009e08                DBGMCU_Config
 .text.DMA_DeInit
                0x08009e20       0xf0 lib/STM32F10x_StdPeriph_Driver/libstm32fw.a(stm32f10x_dma.o)
                0x08009e20                DMA_DeInit
 .text.DMA_Init
                0x08009f10       0x3c lib/STM32F10x_StdPeriph_Driver/libstm32fw.a(stm32f10x_dma.o)
                0x08009f10                DMA_Init
 .text.DMA_Cmd  0x08009f4c       0x12 lib/STM32F10x_StdPeriph_Driver/libstm32fw.a(stm32f10x_dma.o)
                0x08009f4c                DMA_Cmd
 .text.DMA_ITConfig
                0x08009f5e       0x10 lib/STM32F10x_StdPeriph_Driver/libstm32fw.a(stm32f10x_dma.o)
                0x08009f5e                DMA_ITConfig
 .text.DMA_GetCurrDataCounter
                0x08009f6e        0x6 lib/STM32F10x_StdPeriph_Driver/libstm32fw.a(stm32f10x_dma.o)
                0x08009f6e                DMA_GetCurrDataCounter
 .text.DMA_GetFlagStatus
                0x08009f74       0x1c lib/STM32F10x_StdPeriph_Driver/libstm32fw.a(stm32f10x_dma.o)
                0x08009f74                DMA_GetFlagStatus
 .text.DMA_ClearFlag
                0x08009f90       0x14 lib/STM32F10x_StdPeriph_Driver/libstm32fw.a(stm32f10x_dma.o)
                0x08009f90                DMA_ClearFlag
 .text.DMA_GetITStatus
                0x08009fa4       0x1c lib/STM32F10x_StdPeriph_Driver/libstm32fw.a(stm32f10x_dma.o)
                0x08009fa4                DMA_GetITStatus
 .text.DMA_ClearITPendingBit
                0x08009fc0       0x14 lib/STM32F10x_StdPeriph_Driver/libstm32fw.a(stm32f10x_dma.o)
                0x08009fc0                DMA_ClearITPendingBit
 .text.EXTI_DeInit
                0x08009fd4       0x1c lib/STM32F10x_StdPeriph_Driver/libstm32fw.a(stm32f10x_exti.o)
                0x08009fd4                EXTI_DeInit
 .text.EXTI_Init
                0x08009ff0       0x88 lib/STM32F10x_StdPeriph_Driver/libstm32fw.a(stm32f10x_exti.o)
                0x08009ff0                EXTI_Init
 .text.EXTI_GenerateSWInterrupt
                0x0800a078       0x10 lib/STM32F10x_StdPeriph_Driver/libstm32fw.a(stm32f10x_exti.o)
                0x0800a078                EXTI_GenerateSWInterrupt
 .text.EXTI_GetITStatus
                0x0800a088       0x1c lib/STM32F10x_StdPeriph_Driver/libstm32fw.a(stm32f10x_exti.o)
                0x0800a088                EXTI_GetITStatus
 .text.EXTI_ClearITPendingBit
                0x0800a0a4        0xc lib/STM32F10x_StdPeriph_Driver/libstm32fw.a(stm32f10x_exti.o)
                0x0800a0a4                EXTI_ClearITPendingBit
 .text.GPIO_Init
                0x0800a0b0       0x90 lib/STM32F10x_StdPeriph_Driver/libstm32fw.a(stm32f10x_gpio.o)
                0x0800a0b0                GPIO_Init
 .text.GPIO_StructInit
                0x0800a140       0x10 lib/STM32F10x_StdPeriph_Driver/libstm32fw.a(stm32f10x_gpio.o)
                0x0800a140                GPIO_StructInit
 .text.GPIO_ReadInputDataBit
                0x0800a150        0xc lib/STM32F10x_StdPeriph_Driver/libstm32fw.a(stm32f10x_gpio.o)
                0x0800a150                GPIO_ReadInputDataBit
 .text.GPIO_SetBits
                0x0800a15c        0x4 lib/STM32F10x_StdPeriph_Driver/libstm32fw.a(stm32f10x_gpio.o)
                0x0800a15c                GPIO_SetBits
 .text.GPIO_ResetBits
                0x0800a160        0x4 lib/STM32F10x_StdPeriph_Driver/libstm32fw.a(stm32f10x_gpio.o)
                0x0800a160                GPIO_ResetBits
 .text.GPIO_WriteBit
                0x0800a164        0xa lib/STM32F10x_StdPeriph_Driver/libstm32fw.a(stm32f10x_gpio.o)
                0x0800a164                GPIO_WriteBit
 *fill*         0x0800a16e        0x2 
 .text.GPIO_PinRemapConfig
                0x0800a170       0x54 lib/STM32F10x_StdPeriph_Driver/libstm32fw.a(stm32f10x_gpio.o)
                0x0800a170                GPIO_PinRemapConfig
 .text.GPIO_EXTILineConfig
                0x0800a1c4       0x2a lib/STM32F10x_StdPeriph_Driver/libstm32fw.a(stm32f10x_gpio.o)
                0x0800a1c4                GPIO_EXTILineConfig
 *fill*         0x0800a1ee        0x2 
 .text.I2C_DeInit
                0x0800a1f0       0x34 lib/STM32F10x_StdPeriph_Driver/libstm32fw.a(stm32f10x_i2c.o)
                0x0800a1f0                I2C_DeInit
 .text.I2C_Init
                0x0800a224       0xd4 lib/STM32F10x_StdPeriph_Driver/libstm32fw.a(stm32f10x_i2c.o)
                0x0800a224                I2C_Init
 .text.I2C_Cmd  0x0800a2f8       0x18 lib/STM32F10x_StdPeriph_Driver/libstm32fw.a(stm32f10x_i2c.o)
                0x0800a2f8                I2C_Cmd
 .text.I2C_GenerateSTART
                0x0800a310       0x18 lib/STM32F10x_StdPeriph_Driver/libstm32fw.a(stm32f10x_i2c.o)
                0x0800a310                I2C_GenerateSTART
 .text.I2C_GenerateSTOP
                0x0800a328       0x18 lib/STM32F10x_StdPeriph_Driver/libstm32fw.a(stm32f10x_i2c.o)
                0x0800a328                I2C_GenerateSTOP
 .text.I2C_AcknowledgeConfig
                0x0800a340       0x18 lib/STM32F10x_StdPeriph_Driver/libstm32fw.a(stm32f10x_i2c.o)
                0x0800a340                I2C_AcknowledgeConfig
 .text.I2C_ITConfig
                0x0800a358       0x12 lib/STM32F10x_StdPeriph_Driver/libstm32fw.a(stm32f10x_i2c.o)
                0x0800a358                I2C_ITConfig
 .text.I2C_SendData
                0x0800a36a        0x4 lib/STM32F10x_StdPeriph_Driver/libstm32fw.a(stm32f10x_i2c.o)
                0x0800a36a                I2C_SendData
 .text.I2C_ReceiveData
                0x0800a36e        0x6 lib/STM32F10x_StdPeriph_Driver/libstm32fw.a(stm32f10x_i2c.o)
                0x0800a36e                I2C_ReceiveData
 .text.I2C_Send7bitAddress
                0x0800a374       0x12 lib/STM32F10x_StdPeriph_Driver/libstm32fw.a(stm32f10x_i2c.o)
                0x0800a374                I2C_Send7bitAddress
 .text.I2C_SoftwareResetCmd
                0x0800a386       0x18 lib/STM32F10x_StdPeriph_Driver/libstm32fw.a(stm32f10x_i2c.o)
                0x0800a386                I2C_SoftwareResetCmd
 *fill*         0x0800a39e        0x2 
 .text.IWDG_WriteAccessCmd
                0x0800a3a0        0xc lib/STM32F10x_StdPeriph_Driver/libstm32fw.a(stm32f10x_iwdg.o)
                0x0800a3a0                IWDG_WriteAccessCmd
 .text.IWDG_SetPrescaler
                0x0800a3ac        0xc lib/STM32F10x_StdPeriph_Driver/libstm32fw.a(stm32f10x_iwdg.o)
                0x0800a3ac                IWDG_SetPrescaler
 .text.IWDG_SetReload
                0x0800a3b8        0xc lib/STM32F10x_StdPeriph_Driver/libstm32fw.a(stm32f10x_iwdg.o)
                0x0800a3b8                IWDG_SetReload
 .text.IWDG_ReloadCounter
                0x0800a3c4       0x10 lib/STM32F10x_StdPeriph_Driver/libstm32fw.a(stm32f10x_iwdg.o)
                0x0800a3c4                IWDG_ReloadCounter
 .text.IWDG_Enable
                0x0800a3d4       0x10 lib/STM32F10x_StdPeriph_Driver/libstm32fw.a(stm32f10x_iwdg.o)
                0x0800a3d4                IWDG_Enable
 .text.PWR_DeInit
                0x0800a3e4       0x1a lib/STM32F10x_StdPeriph_Driver/libstm32fw.a(stm32f10x_pwr.o)
                0x0800a3e4                PWR_DeInit
 *fill*         0x0800a3fe        0x2 
 .text.PWR_BackupAccessCmd
                0x0800a400        0xc lib/STM32F10x_StdPeriph_Driver/libstm32fw.a(stm32f10x_pwr.o)
                0x0800a400                PWR_BackupAccessCmd
 .text.PWR_WakeUpPinCmd
                0x0800a40c        0xc lib/STM32F10x_StdPeriph_Driver/libstm32fw.a(stm32f10x_pwr.o)
                0x0800a40c                PWR_WakeUpPinCmd
 .text.PWR_EnterSTANDBYMode
                0x0800a418       0x28 lib/STM32F10x_StdPeriph_Driver/libstm32fw.a(stm32f10x_pwr.o)
                0x0800a418                PWR_EnterSTANDBYMode
 .text.RCC_HCLKConfig
                0x0800a440       0x14 lib/STM32F10x_StdPeriph_Driver/libstm32fw.a(stm32f10x_rcc.o)
                0x0800a440                RCC_HCLKConfig
 .text.RCC_USBCLKConfig
                0x0800a454        0xc lib/STM32F10x_StdPeriph_Driver/libstm32fw.a(stm32f10x_rcc.o)
                0x0800a454                RCC_USBCLKConfig
 .text.RCC_ADCCLKConfig
                0x0800a460       0x14 lib/STM32F10x_StdPeriph_Driver/libstm32fw.a(stm32f10x_rcc.o)
                0x0800a460                RCC_ADCCLKConfig
 .text.RCC_LSEConfig
                0x0800a474       0x20 lib/STM32F10x_StdPeriph_Driver/libstm32fw.a(stm32f10x_rcc.o)
                0x0800a474                RCC_LSEConfig
 .text.RCC_RTCCLKConfig
                0x0800a494       0x10 lib/STM32F10x_StdPeriph_Driver/libstm32fw.a(stm32f10x_rcc.o)
                0x0800a494                RCC_RTCCLKConfig
 .text.RCC_RTCCLKCmd
                0x0800a4a4        0xc lib/STM32F10x_StdPeriph_Driver/libstm32fw.a(stm32f10x_rcc.o)
                0x0800a4a4                RCC_RTCCLKCmd
 .text.RCC_GetClocksFreq
                0x0800a4b0       0x94 lib/STM32F10x_StdPeriph_Driver/libstm32fw.a(stm32f10x_rcc.o)
                0x0800a4b0                RCC_GetClocksFreq
 .text.RCC_AHBPeriphClockCmd
                0x0800a544       0x18 lib/STM32F10x_StdPeriph_Driver/libstm32fw.a(stm32f10x_rcc.o)
                0x0800a544                RCC_AHBPeriphClockCmd
 .text.RCC_APB2PeriphClockCmd
                0x0800a55c       0x18 lib/STM32F10x_StdPeriph_Driver/libstm32fw.a(stm32f10x_rcc.o)
                0x0800a55c                RCC_APB2PeriphClockCmd
 .text.RCC_APB1PeriphClockCmd
                0x0800a574       0x18 lib/STM32F10x_StdPeriph_Driver/libstm32fw.a(stm32f10x_rcc.o)
                0x0800a574                RCC_APB1PeriphClockCmd
 .text.RCC_APB2PeriphResetCmd
                0x0800a58c       0x18 lib/STM32F10x_StdPeriph_Driver/libstm32fw.a(stm32f10x_rcc.o)
                0x0800a58c                RCC_APB2PeriphResetCmd
 .text.RCC_APB1PeriphResetCmd
                0x0800a5a4       0x18 lib/STM32F10x_StdPeriph_Driver/libstm32fw.a(stm32f10x_rcc.o)
                0x0800a5a4                RCC_APB1PeriphResetCmd
 .text.RCC_BackupResetCmd
                0x0800a5bc        0xc lib/STM32F10x_StdPeriph_Driver/libstm32fw.a(stm32f10x_rcc.o)
                0x0800a5bc                RCC_BackupResetCmd
 .text.RCC_GetFlagStatus
                0x0800a5c8       0x28 lib/STM32F10x_StdPeriph_Driver/libstm32fw.a(stm32f10x_rcc.o)
                0x0800a5c8                RCC_GetFlagStatus
 .text.RTC_EnterConfigMode
                0x0800a5f0       0x14 lib/STM32F10x_StdPeriph_Driver/libstm32fw.a(stm32f10x_rtc.o)
                0x0800a5f0                RTC_EnterConfigMode
 .text.RTC_ExitConfigMode
                0x0800a604       0x14 lib/STM32F10x_StdPeriph_Driver/libstm32fw.a(stm32f10x_rtc.o)
                0x0800a604                RTC_ExitConfigMode
 .text.RTC_GetCounter
                0x0800a618       0x14 lib/STM32F10x_StdPeriph_Driver/libstm32fw.a(stm32f10x_rtc.o)
                0x0800a618                RTC_GetCounter
 .text.RTC_SetCounter
                0x0800a62c       0x20 lib/STM32F10x_StdPeriph_Driver/libstm32fw.a(stm32f10x_rtc.o)
                0x0800a62c                RTC_SetCounter
 .text.RTC_SetPrescaler
                0x0800a64c       0x20 lib/STM32F10x_StdPeriph_Driver/libstm32fw.a(stm32f10x_rtc.o)
                0x0800a64c                RTC_SetPrescaler
 .text.RTC_WaitForLastTask
                0x0800a66c       0x10 lib/STM32F10x_StdPeriph_Driver/libstm32fw.a(stm32f10x_rtc.o)
                0x0800a66c                RTC_WaitForLastTask
 .text.RTC_WaitForSynchro
                0x0800a67c       0x1c lib/STM32F10x_StdPeriph_Driver/libstm32fw.a(stm32f10x_rtc.o)
                0x0800a67c                RTC_WaitForSynchro
 .text.SPI_Init
                0x0800a698       0x3e lib/STM32F10x_StdPeriph_Driver/libstm32fw.a(stm32f10x_spi.o)
                0x0800a698                SPI_Init
 .text.SPI_StructInit
                0x0800a6d6       0x18 lib/STM32F10x_StdPeriph_Driver/libstm32fw.a(stm32f10x_spi.o)
                0x0800a6d6                SPI_StructInit
 .text.SPI_Cmd  0x0800a6ee       0x18 lib/STM32F10x_StdPeriph_Driver/libstm32fw.a(stm32f10x_spi.o)
                0x0800a6ee                SPI_Cmd
 .text.SPI_I2S_DMACmd
                0x0800a706       0x12 lib/STM32F10x_StdPeriph_Driver/libstm32fw.a(stm32f10x_spi.o)
                0x0800a706                SPI_I2S_DMACmd
 .text.SPI_I2S_SendData
                0x0800a718        0x4 lib/STM32F10x_StdPeriph_Driver/libstm32fw.a(stm32f10x_spi.o)
                0x0800a718                SPI_I2S_SendData
 .text.SPI_I2S_ReceiveData
                0x0800a71c        0x6 lib/STM32F10x_StdPeriph_Driver/libstm32fw.a(stm32f10x_spi.o)
                0x0800a71c                SPI_I2S_ReceiveData
 .text.SPI_CalculateCRC
                0x0800a722       0x18 lib/STM32F10x_StdPeriph_Driver/libstm32fw.a(stm32f10x_spi.o)
                0x0800a722                SPI_CalculateCRC
 .text.SPI_I2S_GetFlagStatus
                0x0800a73a        0xc lib/STM32F10x_StdPeriph_Driver/libstm32fw.a(stm32f10x_spi.o)
                0x0800a73a                SPI_I2S_GetFlagStatus
 *fill*         0x0800a746        0x2 
 .text.TIM_DeInit
                0x0800a748       0xc8 lib/STM32F10x_StdPeriph_Driver/libstm32fw.a(stm32f10x_tim.o)
                0x0800a748                TIM_DeInit
 .text.TIM_TimeBaseInit
                0x0800a810       0x3c lib/STM32F10x_StdPeriph_Driver/libstm32fw.a(stm32f10x_tim.o)
                0x0800a810                TIM_TimeBaseInit
 .text.TIM_OC4Init
                0x0800a84c       0x68 lib/STM32F10x_StdPeriph_Driver/libstm32fw.a(stm32f10x_tim.o)
                0x0800a84c                TIM_OC4Init
 .text.TIM_Cmd  0x0800a8b4       0x18 lib/STM32F10x_StdPeriph_Driver/libstm32fw.a(stm32f10x_tim.o)
                0x0800a8b4                TIM_Cmd
 .text.TIM_OC4PreloadConfig
                0x0800a8cc       0x14 lib/STM32F10x_StdPeriph_Driver/libstm32fw.a(stm32f10x_tim.o)
                0x0800a8cc                TIM_OC4PreloadConfig
 .text.USART_DeInit
                0x0800a8e0       0x98 lib/STM32F10x_StdPeriph_Driver/libstm32fw.a(stm32f10x_usart.o)
                0x0800a8e0                USART_DeInit
 .text.USART_Init
                0x0800a978       0x88 lib/STM32F10x_StdPeriph_Driver/libstm32fw.a(stm32f10x_usart.o)
                0x0800a978                USART_Init
 .text.USART_Cmd
                0x0800aa00       0x18 lib/STM32F10x_StdPeriph_Driver/libstm32fw.a(stm32f10x_usart.o)
                0x0800aa00                USART_Cmd
 .text.USART_ITConfig
                0x0800aa18       0x32 lib/STM32F10x_StdPeriph_Driver/libstm32fw.a(stm32f10x_usart.o)
                0x0800aa18                USART_ITConfig
 .text.USART_DMACmd
                0x0800aa4a       0x12 lib/STM32F10x_StdPeriph_Driver/libstm32fw.a(stm32f10x_usart.o)
                0x0800aa4a                USART_DMACmd
 .text.USART_SendData
                0x0800aa5c        0x8 lib/STM32F10x_StdPeriph_Driver/libstm32fw.a(stm32f10x_usart.o)
                0x0800aa5c                USART_SendData
 .text.USART_ReceiveData
                0x0800aa64        0x8 lib/STM32F10x_StdPeriph_Driver/libstm32fw.a(stm32f10x_usart.o)
                0x0800aa64                USART_ReceiveData
 .text.USART_GetFlagStatus
                0x0800aa6c        0xc lib/STM32F10x_StdPeriph_Driver/libstm32fw.a(stm32f10x_usart.o)
                0x0800aa6c                USART_GetFlagStatus
 .text.USART_GetITStatus
                0x0800aa78       0x3e lib/STM32F10x_StdPeriph_Driver/libstm32fw.a(stm32f10x_usart.o)
                0x0800aa78                USART_GetITStatus
 .text.USART_ClearITPendingBit
                0x0800aab6        0xe lib/STM32F10x_StdPeriph_Driver/libstm32fw.a(stm32f10x_usart.o)
                0x0800aab6                USART_ClearITPendingBit
 .text.Standard_GetConfiguration
                0x0800aac4       0x24 lib/STM32_USB-FS-Device_Driver/libstm32usb.a(usb_core.o)
                0x0800aac4                Standard_GetConfiguration
 .text.Standard_GetInterface
                0x0800aae8       0x24 lib/STM32_USB-FS-Device_Driver/libstm32usb.a(usb_core.o)
                0x0800aae8                Standard_GetInterface
 .text.Standard_GetStatus
                0x0800ab0c       0x90 lib/STM32_USB-FS-Device_Driver/libstm32usb.a(usb_core.o)
                0x0800ab0c                Standard_GetStatus
 .text.DataStageIn
                0x0800ab9c       0xac lib/STM32_USB-FS-Device_Driver/libstm32usb.a(usb_core.o)
 .text.Standard_SetConfiguration
                0x0800ac48       0x38 lib/STM32_USB-FS-Device_Driver/libstm32usb.a(usb_core.o)
                0x0800ac48                Standard_SetConfiguration
 .text.Standard_SetInterface
                0x0800ac80       0x48 lib/STM32_USB-FS-Device_Driver/libstm32usb.a(usb_core.o)
                0x0800ac80                Standard_SetInterface
 .text.Standard_ClearFeature
                0x0800acc8       0xd8 lib/STM32_USB-FS-Device_Driver/libstm32usb.a(usb_core.o)
                0x0800acc8                Standard_ClearFeature
 .text.Standard_SetEndPointFeature
                0x0800ada0       0x8c lib/STM32_USB-FS-Device_Driver/libstm32usb.a(usb_core.o)
                0x0800ada0                Standard_SetEndPointFeature
 .text.Standard_SetDeviceFeature
                0x0800ae2c       0x24 lib/STM32_USB-FS-Device_Driver/libstm32usb.a(usb_core.o)
                0x0800ae2c                Standard_SetDeviceFeature
 .text.Standard_GetDescriptorData
                0x0800ae50       0x1c lib/STM32_USB-FS-Device_Driver/libstm32usb.a(usb_core.o)
                0x0800ae50                Standard_GetDescriptorData
 .text.Post0_Process
                0x0800ae6c       0x44 lib/STM32_USB-FS-Device_Driver/libstm32usb.a(usb_core.o)
                0x0800ae6c                Post0_Process
 .text.Setup0_Process
                0x0800aeb0      0x2dc lib/STM32_USB-FS-Device_Driver/libstm32usb.a(usb_core.o)
                0x0800aeb0                Setup0_Process
 .text.Out0_Process
                0x0800b18c       0xcc lib/STM32_USB-FS-Device_Driver/libstm32usb.a(usb_core.o)
                0x0800b18c                Out0_Process
 .text.SetDeviceAddress
                0x0800b258       0x40 lib/STM32_USB-FS-Device_Driver/libstm32usb.a(usb_core.o)
                0x0800b258                SetDeviceAddress
 .text.In0_Process
                0x0800b298       0x5c lib/STM32_USB-FS-Device_Driver/libstm32usb.a(usb_core.o)
                0x0800b298                In0_Process
 .text.NOP_Process
                0x0800b2f4        0x2 lib/STM32_USB-FS-Device_Driver/libstm32usb.a(usb_core.o)
                0x0800b2f4                NOP_Process
 *fill*         0x0800b2f6        0x2 
 .text.USB_Init
                0x0800b2f8       0x34 lib/STM32_USB-FS-Device_Driver/libstm32usb.a(usb_init.o)
                0x0800b2f8                USB_Init
 .text.CTR_LP   0x0800b32c      0x170 lib/STM32_USB-FS-Device_Driver/libstm32usb.a(usb_int.o)
                0x0800b32c                CTR_LP
 .text.CTR_HP   0x0800b49c       0x74 lib/STM32_USB-FS-Device_Driver/libstm32usb.a(usb_int.o)
                0x0800b49c                CTR_HP
 .text.UserToPMABufferCopy
                0x0800b510       0x30 lib/STM32_USB-FS-Device_Driver/libstm32usb.a(usb_mem.o)
                0x0800b510                UserToPMABufferCopy
 .text.PMAToUserBufferCopy
                0x0800b540       0x24 lib/STM32_USB-FS-Device_Driver/libstm32usb.a(usb_mem.o)
                0x0800b540                PMAToUserBufferCopy
 .text.SetBTABLE
                0x0800b564       0x10 lib/STM32_USB-FS-Device_Driver/libstm32usb.a(usb_regs.o)
                0x0800b564                SetBTABLE
 .text.SetEPType
                0x0800b574       0x1c lib/STM32_USB-FS-Device_Driver/libstm32usb.a(usb_regs.o)
                0x0800b574                SetEPType
 .text.SetEPTxStatus
                0x0800b590       0x32 lib/STM32_USB-FS-Device_Driver/libstm32usb.a(usb_regs.o)
                0x0800b590                SetEPTxStatus
 .text.SetEPRxStatus
                0x0800b5c2       0x32 lib/STM32_USB-FS-Device_Driver/libstm32usb.a(usb_regs.o)
                0x0800b5c2                SetEPRxStatus
 .text.SetEPRxValid
                0x0800b5f4       0x26 lib/STM32_USB-FS-Device_Driver/libstm32usb.a(usb_regs.o)
                0x0800b5f4                SetEPRxValid
 .text.Clear_Status_Out
                0x0800b61a       0x20 lib/STM32_USB-FS-Device_Driver/libstm32usb.a(usb_regs.o)
                0x0800b61a                Clear_Status_Out
 .text.ClearDTOG_RX
                0x0800b63a       0x26 lib/STM32_USB-FS-Device_Driver/libstm32usb.a(usb_regs.o)
                0x0800b63a                ClearDTOG_RX
 .text.ClearDTOG_TX
                0x0800b660       0x26 lib/STM32_USB-FS-Device_Driver/libstm32usb.a(usb_regs.o)
                0x0800b660                ClearDTOG_TX
 *fill*         0x0800b686        0x2 
 .text.SetEPTxAddr
                0x0800b688       0x20 lib/STM32_USB-FS-Device_Driver/libstm32usb.a(usb_regs.o)
                0x0800b688                SetEPTxAddr
 .text.SetEPRxAddr
                0x0800b6a8       0x20 lib/STM32_USB-FS-Device_Driver/libstm32usb.a(usb_regs.o)
                0x0800b6a8                SetEPRxAddr
 .text.GetEPTxAddr
                0x0800b6c8       0x20 lib/STM32_USB-FS-Device_Driver/libstm32usb.a(usb_regs.o)
                0x0800b6c8                GetEPTxAddr
 .text.GetEPRxAddr
                0x0800b6e8       0x20 lib/STM32_USB-FS-Device_Driver/libstm32usb.a(usb_regs.o)
                0x0800b6e8                GetEPRxAddr
 .text.SetEPTxCount
                0x0800b708       0x1c lib/STM32_USB-FS-Device_Driver/libstm32usb.a(usb_regs.o)
                0x0800b708                SetEPTxCount
 .text.SetEPRxCount
                0x0800b724       0x40 lib/STM32_USB-FS-Device_Driver/libstm32usb.a(usb_regs.o)
                0x0800b724                SetEPRxCount
 .text.GetEPRxCount
                0x0800b764       0x20 lib/STM32_USB-FS-Device_Driver/libstm32usb.a(usb_regs.o)
                0x0800b764                GetEPRxCount
 .text.ByteSwap
                0x0800b784        0xa lib/STM32_USB-FS-Device_Driver/libstm32usb.a(usb_regs.o)
                0x0800b784                ByteSwap
 *fill*         0x0800b78e        0x2 
 .text.USB_SIL_Init
                0x0800b790       0x20 lib/STM32_USB-FS-Device_Driver/libstm32usb.a(usb_sil.o)
                0x0800b790                USB_SIL_Init
 .text.USB_SIL_Write
                0x0800b7b0       0x28 lib/STM32_USB-FS-Device_Driver/libstm32usb.a(usb_sil.o)
                0x0800b7b0                USB_SIL_Write
 .text.USB_SIL_Read
                0x0800b7d8       0x24 lib/STM32_USB-FS-Device_Driver/libstm32usb.a(usb_sil.o)
                0x0800b7d8                USB_SIL_Read
 .text.exit     0x0800b7fc       0x28 /home/laurence/ARM-GCC/bin/../lib/gcc/arm-none-eabi/5.3.1/../../../../arm-none-eabi/lib/armv7-m/libc_nano.a(lib_a-exit.o)
                0x0800b7fc                exit
 .text.__libc_init_array
                0x0800b824       0x4c /home/laurence/ARM-GCC/bin/../lib/gcc/arm-none-eabi/5.3.1/../../../../arm-none-eabi/lib/armv7-m/libc_nano.a(lib_a-init.o)
                0x0800b824                __libc_init_array
 .text.memset   0x0800b870       0x10 /home/laurence/ARM-GCC/bin/../lib/gcc/arm-none-eabi/5.3.1/../../../../arm-none-eabi/lib/armv7-m/libc_nano.a(lib_a-memset.o)
                0x0800b870                memset
 .text.srand    0x0800b880       0x50 /home/laurence/ARM-GCC/bin/../lib/gcc/arm-none-eabi/5.3.1/../../../../arm-none-eabi/lib/armv7-m/libc_nano.a(lib_a-rand.o)
                0x0800b880                srand
 .text.rand     0x0800b8d0       0x74 /home/laurence/ARM-GCC/bin/../lib/gcc/arm-none-eabi/5.3.1/../../../../arm-none-eabi/lib/armv7-m/libc_nano.a(lib_a-rand.o)
                0x0800b8d0                rand
 .text.malloc   0x0800b944       0x10 /home/laurence/ARM-GCC/bin/../lib/gcc/arm-none-eabi/5.3.1/../../../../arm-none-eabi/lib/armv7-m/libc_nano.a(lib_a-malloc.o)
                0x0800b944                malloc
 .text._malloc_r
                0x0800b954       0xa8 /home/laurence/ARM-GCC/bin/../lib/gcc/arm-none-eabi/5.3.1/../../../../arm-none-eabi/lib/armv7-m/libc_nano.a(lib_a-nano-mallocr.o)
                0x0800b954                _malloc_r
 .text._sbrk_r  0x0800b9fc       0x20 /home/laurence/ARM-GCC/bin/../lib/gcc/arm-none-eabi/5.3.1/../../../../arm-none-eabi/lib/armv7-m/libc_nano.a(lib_a-sbrkr.o)
                0x0800b9fc                _sbrk_r
 .text._sbrk    0x0800ba1c       0x1c /home/laurence/ARM-GCC/bin/../lib/gcc/arm-none-eabi/5.3.1/../../../../arm-none-eabi/lib/armv7-m/libnosys.a(sbrk.o)
                0x0800ba1c                _sbrk
 .text._exit    0x0800ba38        0x4 /home/laurence/ARM-GCC/bin/../lib/gcc/arm-none-eabi/5.3.1/../../../../arm-none-eabi/lib/armv7-m/libnosys.a(_exit.o)
                0x0800ba38                _exit
 .text.roundf   0x0800ba3c       0x48 /home/laurence/ARM-GCC/bin/../lib/gcc/arm-none-eabi/5.3.1/../../../../arm-none-eabi/lib/armv7-m/libm.a(lib_a-sf_round.o)
                0x0800ba3c                roundf
 .text.sinf     0x0800ba84       0x7c /home/laurence/ARM-GCC/bin/../lib/gcc/arm-none-eabi/5.3.1/../../../../arm-none-eabi/lib/armv7-m/libm.a(lib_a-sf_sin.o)
                0x0800ba84                sinf
 .text.atan2    0x0800bb00        0x4 /home/laurence/ARM-GCC/bin/../lib/gcc/arm-none-eabi/5.3.1/../../../../arm-none-eabi/lib/armv7-m/libm.a(lib_a-w_atan2.o)
                0x0800bb00                atan2
 .text.acosf    0x0800bb04       0xa4 /home/laurence/ARM-GCC/bin/../lib/gcc/arm-none-eabi/5.3.1/../../../../arm-none-eabi/lib/armv7-m/libm.a(lib_a-wf_acos.o)
                0x0800bb04                acosf
 .text.atan2f   0x0800bba8        0x4 /home/laurence/ARM-GCC/bin/../lib/gcc/arm-none-eabi/5.3.1/../../../../arm-none-eabi/lib/armv7-m/libm.a(lib_a-wf_atan2.o)
                0x0800bba8                atan2f
 .text.sqrtf    0x0800bbac       0x9c /home/laurence/ARM-GCC/bin/../lib/gcc/arm-none-eabi/5.3.1/../../../../arm-none-eabi/lib/armv7-m/libm.a(lib_a-wf_sqrt.o)
                0x0800bbac                sqrtf
 .text.__ieee754_atan2
                0x0800bc48      0x194 /home/laurence/ARM-GCC/bin/../lib/gcc/arm-none-eabi/5.3.1/../../../../arm-none-eabi/lib/armv7-m/libm.a(lib_a-e_atan2.o)
                0x0800bc48                __ieee754_atan2
 .text.__ieee754_acosf
                0x0800bddc      0x2c8 /home/laurence/ARM-GCC/bin/../lib/gcc/arm-none-eabi/5.3.1/../../../../arm-none-eabi/lib/armv7-m/libm.a(lib_a-ef_acos.o)
                0x0800bddc                __ieee754_acosf
 .text.__ieee754_atan2f
                0x0800c0a4      0x124 /home/laurence/ARM-GCC/bin/../lib/gcc/arm-none-eabi/5.3.1/../../../../arm-none-eabi/lib/armv7-m/libm.a(lib_a-ef_atan2.o)
                0x0800c0a4                __ieee754_atan2f
 .text.__ieee754_rem_pio2f
                0x0800c1c8      0x2e4 /home/laurence/ARM-GCC/bin/../lib/gcc/arm-none-eabi/5.3.1/../../../../arm-none-eabi/lib/armv7-m/libm.a(lib_a-ef_rem_pio2.o)
                0x0800c1c8                __ieee754_rem_pio2f
 .text.__ieee754_sqrtf
                0x0800c4ac       0xa8 /home/laurence/ARM-GCC/bin/../lib/gcc/arm-none-eabi/5.3.1/../../../../arm-none-eabi/lib/armv7-m/libm.a(lib_a-ef_sqrt.o)
                0x0800c4ac                __ieee754_sqrtf
 .text.__kernel_cosf
                0x0800c554      0x188 /home/laurence/ARM-GCC/bin/../lib/gcc/arm-none-eabi/5.3.1/../../../../arm-none-eabi/lib/armv7-m/libm.a(lib_a-kf_cos.o)
                0x0800c554                __kernel_cosf
 .text.__kernel_rem_pio2f
                0x0800c6dc      0x6a8 /home/laurence/ARM-GCC/bin/../lib/gcc/arm-none-eabi/5.3.1/../../../../arm-none-eabi/lib/armv7-m/libm.a(lib_a-kf_rem_pio2.o)
                0x0800c6dc                __kernel_rem_pio2f
 .text.__kernel_sinf
                0x0800cd84       0xec /home/laurence/ARM-GCC/bin/../lib/gcc/arm-none-eabi/5.3.1/../../../../arm-none-eabi/lib/armv7-m/libm.a(lib_a-kf_sin.o)
                0x0800cd84                __kernel_sinf
 .text.atan     0x0800ce70      0x33c /home/laurence/ARM-GCC/bin/../lib/gcc/arm-none-eabi/5.3.1/../../../../arm-none-eabi/lib/armv7-m/libm.a(lib_a-s_atan.o)
                0x0800ce70                atan
 .text.fabs     0x0800d1ac        0x8 /home/laurence/ARM-GCC/bin/../lib/gcc/arm-none-eabi/5.3.1/../../../../arm-none-eabi/lib/armv7-m/libm.a(lib_a-s_fabs.o)
                0x0800d1ac                fabs
 .text.matherr  0x0800d1b4        0x4 /home/laurence/ARM-GCC/bin/../lib/gcc/arm-none-eabi/5.3.1/../../../../arm-none-eabi/lib/armv7-m/libm.a(lib_a-s_matherr.o)
                0x0800d1b4                matherr
 .text.nan      0x0800d1b8        0xc /home/laurence/ARM-GCC/bin/../lib/gcc/arm-none-eabi/5.3.1/../../../../arm-none-eabi/lib/armv7-m/libm.a(lib_a-s_nan.o)
                0x0800d1b8                nan
 .text.atanf    0x0800d1c4      0x22c /home/laurence/ARM-GCC/bin/../lib/gcc/arm-none-eabi/5.3.1/../../../../arm-none-eabi/lib/armv7-m/libm.a(lib_a-sf_atan.o)
                0x0800d1c4                atanf
 .text.fabsf    0x0800d3f0        0x8 /home/laurence/ARM-GCC/bin/../lib/gcc/arm-none-eabi/5.3.1/../../../../arm-none-eabi/lib/armv7-m/libm.a(lib_a-sf_fabs.o)
                0x0800d3f0                fabsf
 .text.floorf   0x0800d3f8       0x8c /home/laurence/ARM-GCC/bin/../lib/gcc/arm-none-eabi/5.3.1/../../../../arm-none-eabi/lib/armv7-m/libm.a(lib_a-sf_floor.o)
                0x0800d3f8                floorf
 .text.scalbnf  0x0800d484       0xb0 /home/laurence/ARM-GCC/bin/../lib/gcc/arm-none-eabi/5.3.1/../../../../arm-none-eabi/lib/armv7-m/libm.a(lib_a-sf_scalbn.o)
                0x0800d484                scalbnf
 .text.copysignf
                0x0800d534        0xc /home/laurence/ARM-GCC/bin/../lib/gcc/arm-none-eabi/5.3.1/../../../../arm-none-eabi/lib/armv7-m/libm.a(lib_a-sf_copysign.o)
                0x0800d534                copysignf
 .text          0x0800d540      0x370 /home/laurence/ARM-GCC/bin/../lib/gcc/arm-none-eabi/5.3.1/armv7-m/libgcc.a(_arm_addsubdf3.o)
                0x0800d540                __aeabi_drsub
                0x0800d548                __aeabi_dsub
                0x0800d548                __subdf3
                0x0800d54c                __adddf3
                0x0800d54c                __aeabi_dadd
                0x0800d7c4                __aeabi_ui2d
                0x0800d7c4                __floatunsidf
                0x0800d7e4                __floatsidf
                0x0800d7e4                __aeabi_i2d
                0x0800d808                __extendsfdf2
                0x0800d808                __aeabi_f2d
                0x0800d844                __aeabi_ul2d
                0x0800d844                __floatundidf
                0x0800d854                __floatdidf
                0x0800d854                __aeabi_l2d
 .text          0x0800d8b0      0x424 /home/laurence/ARM-GCC/bin/../lib/gcc/arm-none-eabi/5.3.1/armv7-m/libgcc.a(_arm_muldivdf3.o)
                0x0800d8b0                __aeabi_dmul
                0x0800d8b0                __muldf3
                0x0800db04                __aeabi_ddiv
                0x0800db04                __divdf3
 .text          0x0800dcd4      0x110 /home/laurence/ARM-GCC/bin/../lib/gcc/arm-none-eabi/5.3.1/armv7-m/libgcc.a(_arm_cmpdf2.o)
                0x0800dcd4                __gtdf2
                0x0800dcd4                __gedf2
                0x0800dcdc                __ltdf2
                0x0800dcdc                __ledf2
                0x0800dce4                __cmpdf2
                0x0800dce4                __eqdf2
                0x0800dce4                __nedf2
                0x0800dd60                __aeabi_cdrcmple
                0x0800dd70                __aeabi_cdcmple
                0x0800dd70                __aeabi_cdcmpeq
                0x0800dd80                __aeabi_dcmpeq
                0x0800dd94                __aeabi_dcmplt
                0x0800dda8                __aeabi_dcmple
                0x0800ddbc                __aeabi_dcmpge
                0x0800ddd0                __aeabi_dcmpgt
 .text          0x0800dde4       0x50 /home/laurence/ARM-GCC/bin/../lib/gcc/arm-none-eabi/5.3.1/armv7-m/libgcc.a(_arm_fixdfsi.o)
                0x0800dde4                __fixdfsi
                0x0800dde4                __aeabi_d2iz
 .text          0x0800de34       0x40 /home/laurence/ARM-GCC/bin/../lib/gcc/arm-none-eabi/5.3.1/armv7-m/libgcc.a(_arm_fixunsdfsi.o)
                0x0800de34                __fixunsdfsi
                0x0800de34                __aeabi_d2uiz
 .text          0x0800de74       0xa0 /home/laurence/ARM-GCC/bin/../lib/gcc/arm-none-eabi/5.3.1/armv7-m/libgcc.a(_arm_truncdfsf2.o)
                0x0800de74                __aeabi_d2f
                0x0800de74                __truncdfsf2
 .text          0x0800df14      0x21c /home/laurence/ARM-GCC/bin/../lib/gcc/arm-none-eabi/5.3.1/armv7-m/libgcc.a(_arm_addsubsf3.o)
                0x0800df14                __aeabi_frsub
                0x0800df1c                __subsf3
                0x0800df1c                __aeabi_fsub
                0x0800df20                __aeabi_fadd
                0x0800df20                __addsf3
                0x0800e080                __aeabi_ui2f
                0x0800e080                __floatunsisf
                0x0800e088                __aeabi_i2f
                0x0800e088                __floatsisf
                0x0800e0a4                __floatundisf
                0x0800e0a4                __aeabi_ul2f
                0x0800e0b4                __floatdisf
                0x0800e0b4                __aeabi_l2f
 .text          0x0800e130      0x2a0 /home/laurence/ARM-GCC/bin/../lib/gcc/arm-none-eabi/5.3.1/armv7-m/libgcc.a(_arm_muldivsf3.o)
                0x0800e130                __mulsf3
                0x0800e130                __aeabi_fmul
                0x0800e298                __divsf3
                0x0800e298                __aeabi_fdiv
 .text          0x0800e3d0       0xec /home/laurence/ARM-GCC/bin/../lib/gcc/arm-none-eabi/5.3.1/armv7-m/libgcc.a(_arm_cmpsf2.o)
                0x0800e3d0                __gtsf2
                0x0800e3d0                __gesf2
                0x0800e3d8                __lesf2
                0x0800e3d8                __ltsf2
                0x0800e3e0                __nesf2
                0x0800e3e0                __eqsf2
                0x0800e3e0                __cmpsf2
                0x0800e440                __aeabi_cfrcmple
                0x0800e448                __aeabi_cfcmple
                0x0800e448                __aeabi_cfcmpeq
                0x0800e458                __aeabi_fcmpeq
                0x0800e46c                __aeabi_fcmplt
                0x0800e480                __aeabi_fcmple
                0x0800e494                __aeabi_fcmpge
                0x0800e4a8                __aeabi_fcmpgt
 .text          0x0800e4bc       0x2c /home/laurence/ARM-GCC/bin/../lib/gcc/arm-none-eabi/5.3.1/armv7-m/libgcc.a(_arm_unordsf2.o)
                0x0800e4bc                __aeabi_fcmpun
                0x0800e4bc                __unordsf2
 .text          0x0800e4e8       0x4c /home/laurence/ARM-GCC/bin/../lib/gcc/arm-none-eabi/5.3.1/armv7-m/libgcc.a(_arm_fixsfsi.o)
                0x0800e4e8                __fixsfsi
                0x0800e4e8                __aeabi_f2iz
 .text          0x0800e534       0x40 /home/laurence/ARM-GCC/bin/../lib/gcc/arm-none-eabi/5.3.1/armv7-m/libgcc.a(_arm_fixunssfsi.o)
                0x0800e534                __aeabi_f2uiz
                0x0800e534                __fixunssfsi
 .text.__errno  0x0800e574        0xc /home/laurence/ARM-GCC/bin/../lib/gcc/arm-none-eabi/5.3.1/../../../../arm-none-eabi/lib/armv7-m/libc_nano.a(lib_a-errno.o)
                0x0800e574                __errno
 .text.memcmp   0x0800e580       0x1e /home/laurence/ARM-GCC/bin/../lib/gcc/arm-none-eabi/5.3.1/../../../../arm-none-eabi/lib/armv7-m/libc_nano.a(lib_a-memcmp.o)
                0x0800e580                memcmp
 .text.memcpy   0x0800e59e       0x16 /home/laurence/ARM-GCC/bin/../lib/gcc/arm-none-eabi/5.3.1/../../../../arm-none-eabi/lib/armv7-m/libc_nano.a(lib_a-memcpy-stub.o)
                0x0800e59e                memcpy
 .text.strcat   0x0800e5b4       0x1e /home/laurence/ARM-GCC/bin/../lib/gcc/arm-none-eabi/5.3.1/../../../../arm-none-eabi/lib/armv7-m/libc_nano.a(lib_a-strcat.o)
                0x0800e5b4                strcat
 .text.strcpy   0x0800e5d2       0x10 /home/laurence/ARM-GCC/bin/../lib/gcc/arm-none-eabi/5.3.1/../../../../arm-none-eabi/lib/armv7-m/libc_nano.a(lib_a-strcpy.o)
                0x0800e5d2                strcpy
 .text          0x0800e5e2       0x10 /home/laurence/ARM-GCC/bin/../lib/gcc/arm-none-eabi/5.3.1/../../../../arm-none-eabi/lib/armv7-m/libc_nano.a(lib_a-strlen.o)
                0x0800e5e2                strlen
 *(.init)
 *fill*         0x0800e5f2        0x2 
 .init          0x0800e5f4        0x4 /home/laurence/ARM-GCC/bin/../lib/gcc/arm-none-eabi/5.3.1/armv7-m/crti.o
                0x0800e5f4                _init
 .init          0x0800e5f8        0x8 /home/laurence/ARM-GCC/bin/../lib/gcc/arm-none-eabi/5.3.1/armv7-m/crtn.o
 *(.fini)
 .fini          0x0800e600        0x4 /home/laurence/ARM-GCC/bin/../lib/gcc/arm-none-eabi/5.3.1/armv7-m/crti.o
                0x0800e600                _fini
 .fini          0x0800e604        0x8 /home/laurence/ARM-GCC/bin/../lib/gcc/arm-none-eabi/5.3.1/armv7-m/crtn.o
 *crtbegin.o(.ctors)
 *crtbegin?.o(.ctors)
 *(EXCLUDE_FILE(*crtend.o *crtend?.o) .ctors)
 *(SORT(.ctors.*))
 *(.ctors)
 *crtbegin.o(.dtors)
 *crtbegin?.o(.dtors)
 *(EXCLUDE_FILE(*crtend.o *crtend?.o) .dtors)
 *(SORT(.dtors.*))
 *(.dtors)
 *(.rodata*)
 .rodata        0x0800e60c        0xc /tmp/ccARgpp2.ltrans0.ltrans.o
                0x0800e60c                DaysInMonth.lto_priv.73
 .rodata.str1.1
                0x0800e618      0x279 /tmp/ccARgpp2.ltrans0.ltrans.o
                                0x280 (size before relaxing)
 .rodata        0x0800e891       0xa6 /tmp/ccARgpp2.ltrans1.ltrans.o
 *fill*         0x0800e937        0x1 
 .rodata        0x0800e938      0x3ce /tmp/ccARgpp2.ltrans3.ltrans.o
                0x0800e938                LfnOfs.lto_priv.77
 .rodata.str1.1
                0x0800ed06        0x6 /tmp/ccARgpp2.ltrans3.ltrans.o
 .rodata.str1.1
                0x0800ed0c       0x10 /tmp/ccARgpp2.ltrans6.ltrans.o
                                 0x13 (size before relaxing)
 .rodata        0x0800ed1c      0x180 /tmp/ccARgpp2.ltrans7.ltrans.o
 .rodata.str1.1
                0x0800ee9c       0x10 /tmp/ccARgpp2.ltrans7.ltrans.o
 .rodata        0x0800eeac       0xc4 /tmp/ccARgpp2.ltrans9.ltrans.o
 .rodata.str1.4
                0x0800ef70      0x152 /tmp/ccARgpp2.ltrans9.ltrans.o
 .rodata.str1.1
                0x0800f0c2        0x2 /home/laurence/ARM-GCC/bin/../lib/gcc/arm-none-eabi/5.3.1/../../../../arm-none-eabi/lib/armv7-m/libc_nano.a(lib_a-impure.o)
 .rodata._global_impure_ptr
                0x0800f0c4        0x4 /home/laurence/ARM-GCC/bin/../lib/gcc/arm-none-eabi/5.3.1/../../../../arm-none-eabi/lib/armv7-m/libc_nano.a(lib_a-impure.o)
                0x0800f0c4                _global_impure_ptr
 .rodata.str1.4
                0x0800f0c8        0x6 /home/laurence/ARM-GCC/bin/../lib/gcc/arm-none-eabi/5.3.1/../../../../arm-none-eabi/lib/armv7-m/libm.a(lib_a-wf_acos.o)
                                  0x9 (size before relaxing)
 *fill*         0x0800f0ce        0x2 
 .rodata.str1.4
                0x0800f0d0        0x8 /home/laurence/ARM-GCC/bin/../lib/gcc/arm-none-eabi/5.3.1/../../../../arm-none-eabi/lib/armv7-m/libm.a(lib_a-wf_sqrt.o)
                                  0x6 (size before relaxing)
 .rodata.npio2_hw
                0x0800f0d8       0x80 /home/laurence/ARM-GCC/bin/../lib/gcc/arm-none-eabi/5.3.1/../../../../arm-none-eabi/lib/armv7-m/libm.a(lib_a-ef_rem_pio2.o)
 .rodata.two_over_pi
                0x0800f158      0x318 /home/laurence/ARM-GCC/bin/../lib/gcc/arm-none-eabi/5.3.1/../../../../arm-none-eabi/lib/armv7-m/libm.a(lib_a-ef_rem_pio2.o)
 .rodata.init_jk
                0x0800f470        0xc /home/laurence/ARM-GCC/bin/../lib/gcc/arm-none-eabi/5.3.1/../../../../arm-none-eabi/lib/armv7-m/libm.a(lib_a-kf_rem_pio2.o)
 .rodata.PIo2   0x0800f47c       0x2c /home/laurence/ARM-GCC/bin/../lib/gcc/arm-none-eabi/5.3.1/../../../../arm-none-eabi/lib/armv7-m/libm.a(lib_a-kf_rem_pio2.o)
 .rodata.atanlo
                0x0800f4a8       0x20 /home/laurence/ARM-GCC/bin/../lib/gcc/arm-none-eabi/5.3.1/../../../../arm-none-eabi/lib/armv7-m/libm.a(lib_a-s_atan.o)
 .rodata.atanhi
                0x0800f4c8       0x20 /home/laurence/ARM-GCC/bin/../lib/gcc/arm-none-eabi/5.3.1/../../../../arm-none-eabi/lib/armv7-m/libm.a(lib_a-s_atan.o)
 .rodata.atanlo
                0x0800f4e8       0x10 /home/laurence/ARM-GCC/bin/../lib/gcc/arm-none-eabi/5.3.1/../../../../arm-none-eabi/lib/armv7-m/libm.a(lib_a-sf_atan.o)
 .rodata.atanhi
                0x0800f4f8       0x10 /home/laurence/ARM-GCC/bin/../lib/gcc/arm-none-eabi/5.3.1/../../../../arm-none-eabi/lib/armv7-m/libm.a(lib_a-sf_atan.o)
 *(.eh_frame*)
 .eh_frame      0x0800f508        0x0 /home/laurence/ARM-GCC/bin/../lib/gcc/arm-none-eabi/5.3.1/armv7-m/crtbegin.o
 .eh_frame      0x0800f508        0x4 /home/laurence/ARM-GCC/bin/../lib/gcc/arm-none-eabi/5.3.1/armv7-m/crtend.o

.glue_7         0x0800f50c        0x0
 .glue_7        0x0800f50c        0x0 linker stubs

.glue_7t        0x0800f50c        0x0
 .glue_7t       0x0800f50c        0x0 linker stubs

.vfp11_veneer   0x0800f50c        0x0
 .vfp11_veneer  0x0800f50c        0x0 linker stubs

.v4_bx          0x0800f50c        0x0
 .v4_bx         0x0800f50c        0x0 linker stubs

.iplt           0x0800f50c        0x0
 .iplt          0x0800f50c        0x0 /home/laurence/ARM-GCC/bin/../lib/gcc/arm-none-eabi/5.3.1/armv7-m/crtbegin.o

.ARM.extab
 *(.ARM.extab* .gnu.linkonce.armextab.*)
                0x0800f50c                __exidx_start = .

.ARM.exidx      0x0800f50c        0x8
 *(.ARM.exidx* .gnu.linkonce.armexidx.*)
 .ARM.exidx     0x0800f50c        0x8 /home/laurence/ARM-GCC/bin/../lib/gcc/arm-none-eabi/5.3.1/../../../../arm-none-eabi/lib/armv7-m/crt0.o
                0x0800f514                __exidx_end = .
                0x0800f514                __etext = .

.rel.dyn        0x0800f514        0x0
 .rel.iplt      0x0800f514        0x0 /home/laurence/ARM-GCC/bin/../lib/gcc/arm-none-eabi/5.3.1/armv7-m/crtbegin.o

.data           0x20000000      0x268 load address 0x0800f514
                0x20000000                __data_start__ = .
 *(vtable)
 *(.data*)
 .data          0x20000000        0x9 /tmp/ccARgpp2.ltrans0.ltrans.o
                0x20000008                SP1ML_network_address
 *fill*         0x20000009        0x3 
 .data          0x2000000c      0x110 /tmp/ccARgpp2.ltrans1.ltrans.o
                0x200000be                Device_Table
                0x200000c0                pEpInt_IN
                0x200000dc                pEpInt_OUT
                0x200000f8                User_Standard_Requests
 .data          0x2000011c       0x10 /tmp/ccARgpp2.ltrans2.ltrans.o
                0x2000011c                RLD_replaced.lto_priv.61
 .data          0x2000012c        0x2 /tmp/ccARgpp2.ltrans3.ltrans.o
 *fill*         0x2000012e        0x2 
 .data          0x20000130       0x32 /tmp/ccARgpp2.ltrans4.ltrans.o
                0x20000130                Device_Property
                0x20000161                Stat.lto_priv.70
 .data          0x20000162       0x12 /tmp/ccARgpp2.ltrans5.ltrans.o
                0x20000162                Scsi_Sense_Data
 .data          0x20000174       0x69 /tmp/ccARgpp2.ltrans9.ltrans.o
                0x20000174                DCM_glob
                0x20000198                I2C_jobs
 .data.ADCPrescTable
                0x200001dd        0x4 lib/STM32F10x_StdPeriph_Driver/libstm32fw.a(stm32f10x_rcc.o)
 .data.APBAHBPrescTable
                0x200001e1       0x10 lib/STM32F10x_StdPeriph_Driver/libstm32fw.a(stm32f10x_rcc.o)
 *fill*         0x200001f1        0x3 
 .data.impure_data
                0x200001f4       0x60 /home/laurence/ARM-GCC/bin/../lib/gcc/arm-none-eabi/5.3.1/../../../../arm-none-eabi/lib/armv7-m/libc_nano.a(lib_a-impure.o)
 .data._impure_ptr
                0x20000254        0x4 /home/laurence/ARM-GCC/bin/../lib/gcc/arm-none-eabi/5.3.1/../../../../arm-none-eabi/lib/armv7-m/libc_nano.a(lib_a-impure.o)
                0x20000254                _impure_ptr
 .data.__fdlib_version
                0x20000258        0x1 /home/laurence/ARM-GCC/bin/../lib/gcc/arm-none-eabi/5.3.1/../../../../arm-none-eabi/lib/armv7-m/libm.a(lib_a-s_lib_ver.o)
                0x20000258                __fdlib_version
                0x2000025c                . = ALIGN (0x4)
 *fill*         0x20000259        0x3 
                0x2000025c                PROVIDE (__preinit_array_start, .)
 *(.preinit_array)
                0x2000025c                PROVIDE (__preinit_array_end, .)
                0x2000025c                . = ALIGN (0x4)
                0x2000025c                PROVIDE (__init_array_start, .)
 *(SORT(.init_array.*))
 *(.init_array)
 .init_array    0x2000025c        0x4 /home/laurence/ARM-GCC/bin/../lib/gcc/arm-none-eabi/5.3.1/armv7-m/crtbegin.o
                0x20000260                PROVIDE (__init_array_end, .)
                0x20000260                . = ALIGN (0x4)
                [!provide]                PROVIDE (__fini_array_start, .)
 *(SORT(.fini_array.*))
 *(.fini_array)
 .fini_array    0x20000260        0x4 /home/laurence/ARM-GCC/bin/../lib/gcc/arm-none-eabi/5.3.1/armv7-m/crtbegin.o
                [!provide]                PROVIDE (__fini_array_end, .)
 *(.jcr*)
 .jcr           0x20000264        0x0 /home/laurence/ARM-GCC/bin/../lib/gcc/arm-none-eabi/5.3.1/armv7-m/crtbegin.o
 .jcr           0x20000264        0x4 /home/laurence/ARM-GCC/bin/../lib/gcc/arm-none-eabi/5.3.1/armv7-m/crtend.o
                0x20000268                . = ALIGN (0x4)
                0x20000268                __data_end__ = .

.igot.plt       0x20000268        0x0 load address 0x0800f77c
 .igot.plt      0x20000268        0x0 /home/laurence/ARM-GCC/bin/../lib/gcc/arm-none-eabi/5.3.1/armv7-m/crtbegin.o

.bss            0x20000268     0x1610 load address 0x0800f780
                0x20000268                . = ALIGN (0x4)
                0x20000268                __bss_start__ = .
 *(.bss*)
 .bss           0x20000268       0x1c /home/laurence/ARM-GCC/bin/../lib/gcc/arm-none-eabi/5.3.1/armv7-m/crtbegin.o
 *fill*         0x20000284        0x4 
 .bss           0x20000288      0x705 /tmp/ccARgpp2.ltrans0.ltrans.o
                0x200006b0                bootsource
                0x200006b8                rputchar.lto_priv.69
                0x200006bc                Status
                0x200006c0                Data_Buffer
                0x200006c4                bDeviceState
                0x200006c8                Battery_Voltage
                0x200006cc                FatFs.lto_priv.76
                0x20000928                LSM9DS1_Mag_Offset
                0x20000942                file_opened
                0x20000944                PI_glob
                0x2000095c                I_limits
                0x20000968                flashCodeEnabled
                0x20000974                GPS_telem
                0x20000984                flashCode
                0x2000098b                System_state_Global
                0x2000098c                Shutdown_System
 *fill*         0x2000098d        0x3 
 .bss           0x20000990       0x30 /tmp/ccARgpp2.ltrans1.ltrans.o
 .bss           0x200009c0      0x48c /tmp/ccARgpp2.ltrans2.ltrans.o
                0x20000d34                rld_sense.lto_priv.63
                0x20000d3a                rld_replace_counter.lto_priv.62
                0x20000e04                Filtered_ECG
                0x20000e18                SP1ML_tx_rx_state
                0x20000e24                SP1ML_tx_sequence_number
                0x20000e28                Usart3_rx_buff
                0x20000e38                RN42_tx_sequence_number
                0x20000e3c                Usart1_rx_buff
 .bss           0x20000e4c       0x82 /tmp/ccARgpp2.ltrans3.ltrans.o
                0x20000e4c                Sd_Spi_Called_From_USB_MSC
                0x20000ecd                CardType.lto_priv.79
 *fill*         0x20000ece        0x2 
 .bss           0x20000ed0       0x1d /tmp/ccARgpp2.ltrans4.ltrans.o
                0x20000ed0                wIstr
                0x20000ed4                Timer1.lto_priv.71
                0x20000ed8                Timer2.lto_priv.72
 *fill*         0x20000eed        0x3 
 .bss           0x20000ef0       0x9a /tmp/ccARgpp2.ltrans5.ltrans.o
                0x20000ef0                Mass_Block_Count
                0x20000ef8                CBW
                0x20000f18                Mass_Block_Size
                0x20000f20                Bot_State
                0x20000f22                Data_Len
                0x20000f28                TransferState
                0x20000f38                Bulk_Data_Buff
                0x20000f78                CSW
 *fill*         0x20000f8a        0x2 
 .bss           0x20000f8c        0xd /tmp/ccARgpp2.ltrans6.ltrans.o
 *fill*         0x20000f99        0x1 
 .bss           0x20000f9a        0x2 /tmp/ccARgpp2.ltrans8.ltrans.o
 .bss           0x20000f9c      0x1cd /tmp/ccARgpp2.ltrans9.ltrans.o
                0x20000f9c                Gps_Buffer
                0x20000fa8                wct.lto_priv.41
                0x20000faa                channel_wct_conf.lto_priv.40
                0x20000fab                ADS1298_Error_Status
                0x20000fac                Enable.lto_priv.43
                0x20000fb0                ECG_buffers
                0x20001030                Gain.lto_priv.49
                0x20001031                Actual_gain.lto_priv.46
                0x20001032                Cap.lto_priv.45
                0x20001033                quality_mask.lto_priv.42
                0x20001034                qualityfilter.lto_priv.44
                0x20001054                old_wct.lto_priv.48
                0x20001058                Millis
                0x2000105c                old_quality_mask.lto_priv.47
                0x20001068                Gps
                0x2000109c                I2C1error
                0x2000109e                I2C_failure
                0x200010a0                Completed_Jobs
                0x200010a4                Jobs
                0x200010ac                LSM9DS1_Gyro_Buffer
                0x200010b8                LSM9DS1_Acc_Buffer
                0x200010c0                LSM9DS1_Mag_Buffer
                0x200010c8                IMU_buff
                0x20001168                read_transaction.lto_priv.39
 *fill*         0x20001169        0x3 
 .bss           0x2000116c      0x6bd /tmp/ccARgpp2.ltrans10.ltrans.o
                0x2000116c                Usart1_tx_buff
                0x2000117c                print_string
                0x200011a4                FATFS_wavfile
                0x200013c8                Usart3_tx_buff
                0x200013d8                SP1ML_withold
                0x200013dc                SP1ML_tx_bytes
                0x200013e0                FATFS_wavfile_gps
                0x20001604                FATFS_wavfile_imu
                0x20001828                CurrVol.lto_priv.75
 .bss.Data_Mul_MaxPacketSize
                0x20001829        0x1 lib/STM32_USB-FS-Device_Driver/libstm32usb.a(usb_core.o)
                0x20001829                Data_Mul_MaxPacketSize
 *fill*         0x2000182a        0x2 
 .bss.__malloc_sbrk_start
                0x2000182c        0x4 /home/laurence/ARM-GCC/bin/../lib/gcc/arm-none-eabi/5.3.1/../../../../arm-none-eabi/lib/armv7-m/libc_nano.a(lib_a-nano-mallocr.o)
                0x2000182c                __malloc_sbrk_start
 .bss.__malloc_free_list
                0x20001830        0x4 /home/laurence/ARM-GCC/bin/../lib/gcc/arm-none-eabi/5.3.1/../../../../arm-none-eabi/lib/armv7-m/libc_nano.a(lib_a-nano-mallocr.o)
                0x20001830                __malloc_free_list
 .bss.heap_end.4167
                0x20001834        0x4 /home/laurence/ARM-GCC/bin/../lib/gcc/arm-none-eabi/5.3.1/../../../../arm-none-eabi/lib/armv7-m/libnosys.a(sbrk.o)
 *(COMMON)
 COMMON         0x20001838        0x2 lib/STM32_USB-FS-Device_Driver/libstm32usb.a(usb_core.o)
                0x20001838                StatusInfo
 *fill*         0x2000183a        0x2 
 COMMON         0x2000183c       0x32 lib/STM32_USB-FS-Device_Driver/libstm32usb.a(usb_init.o)
                0x2000183c                SaveState
                0x20001840                pProperty
                0x20001844                EPindex
                0x20001848                Device_Info
                0x20001864                pUser_Standard_Requests
                0x20001868                pInformation
                0x2000186c                wInterrupt_Mask
 COMMON         0x2000186e        0x4 lib/STM32_USB-FS-Device_Driver/libstm32usb.a(usb_int.o)
                0x2000186e                SaveRState
                0x20001870                SaveTState
 *fill*         0x20001872        0x2 
 COMMON         0x20001874        0x4 /home/laurence/ARM-GCC/bin/../lib/gcc/arm-none-eabi/5.3.1/../../../../arm-none-eabi/lib/armv7-m/libc_nano.a(lib_a-reent.o)
                0x20001874                errno
                0x20001878                . = ALIGN (0x4)
                0x20001878                __bss_end__ = .

.heap           0x20001878        0x0
                0x20001878                __end__ = .
                0x20001878                end = __end__
 *(.heap*)
 .heap          0x20001878        0x0 lib/ARM-GCC/startup_ARMCM3.o
                0x20001878                __HeapLimit = .

.stack_dummy    0x20001878      0xc00
 *(.stack*)
 .stack         0x20001878      0xc00 lib/ARM-GCC/startup_ARMCM3.o
                0x20005000                __StackTop = (ORIGIN (RAM) + LENGTH (RAM))
                0x20004400                __StackLimit = (__StackTop - SIZEOF (.stack_dummy))
                0x20005000                PROVIDE (__stack, __StackTop)
                0x00000001                ASSERT ((__StackLimit >= __HeapLimit), region RAM overflowed with stack)
OUTPUT(main.elf elf32-littlearm)

.ARM.attributes
                0x00000000       0x29
 .ARM.attributes
                0x00000000       0x1d /home/laurence/ARM-GCC/bin/../lib/gcc/arm-none-eabi/5.3.1/armv7-m/crti.o
 .ARM.attributes
                0x0000001d       0x2d /home/laurence/ARM-GCC/bin/../lib/gcc/arm-none-eabi/5.3.1/armv7-m/crtbegin.o
 .ARM.attributes
                0x0000004a       0x1b /home/laurence/ARM-GCC/bin/../lib/gcc/arm-none-eabi/5.3.1/../../../../arm-none-eabi/lib/armv7-m/crt0.o
 .ARM.attributes
                0x00000065       0x31 /tmp/ccARgpp2.ltrans0.ltrans.o
 .ARM.attributes
                0x00000096       0x31 /tmp/ccARgpp2.ltrans1.ltrans.o
 .ARM.attributes
                0x000000c7       0x31 /tmp/ccARgpp2.ltrans2.ltrans.o
 .ARM.attributes
                0x000000f8       0x31 /tmp/ccARgpp2.ltrans3.ltrans.o
 .ARM.attributes
                0x00000129       0x31 /tmp/ccARgpp2.ltrans4.ltrans.o
 .ARM.attributes
                0x0000015a       0x31 /tmp/ccARgpp2.ltrans5.ltrans.o
 .ARM.attributes
                0x0000018b       0x31 /tmp/ccARgpp2.ltrans6.ltrans.o
 .ARM.attributes
                0x000001bc       0x31 /tmp/ccARgpp2.ltrans7.ltrans.o
 .ARM.attributes
                0x000001ed       0x31 /tmp/ccARgpp2.ltrans8.ltrans.o
 .ARM.attributes
                0x0000021e       0x31 /tmp/ccARgpp2.ltrans9.ltrans.o
 .ARM.attributes
                0x0000024f       0x31 /tmp/ccARgpp2.ltrans10.ltrans.o
 .ARM.attributes
                0x00000280       0x1b lib/ARM-GCC/startup_ARMCM3.o
 .ARM.attributes
                0x0000029b       0x33 lib/STM32F10x_StdPeriph_Driver/libstm32fw.a(misc.o)
 .ARM.attributes
                0x000002ce       0x33 lib/STM32F10x_StdPeriph_Driver/libstm32fw.a(stm32f10x_adc.o)
 .ARM.attributes
                0x00000301       0x33 lib/STM32F10x_StdPeriph_Driver/libstm32fw.a(stm32f10x_bkp.o)
 .ARM.attributes
                0x00000334       0x33 lib/STM32F10x_StdPeriph_Driver/libstm32fw.a(stm32f10x_dbgmcu.o)
 .ARM.attributes
                0x00000367       0x33 lib/STM32F10x_StdPeriph_Driver/libstm32fw.a(stm32f10x_dma.o)
 .ARM.attributes
                0x0000039a       0x33 lib/STM32F10x_StdPeriph_Driver/libstm32fw.a(stm32f10x_exti.o)
 .ARM.attributes
                0x000003cd       0x33 lib/STM32F10x_StdPeriph_Driver/libstm32fw.a(stm32f10x_gpio.o)
 .ARM.attributes
                0x00000400       0x33 lib/STM32F10x_StdPeriph_Driver/libstm32fw.a(stm32f10x_i2c.o)
 .ARM.attributes
                0x00000433       0x33 lib/STM32F10x_StdPeriph_Driver/libstm32fw.a(stm32f10x_iwdg.o)
 .ARM.attributes
                0x00000466       0x33 lib/STM32F10x_StdPeriph_Driver/libstm32fw.a(stm32f10x_pwr.o)
 .ARM.attributes
                0x00000499       0x33 lib/STM32F10x_StdPeriph_Driver/libstm32fw.a(stm32f10x_rcc.o)
 .ARM.attributes
                0x000004cc       0x33 lib/STM32F10x_StdPeriph_Driver/libstm32fw.a(stm32f10x_rtc.o)
 .ARM.attributes
                0x000004ff       0x33 lib/STM32F10x_StdPeriph_Driver/libstm32fw.a(stm32f10x_spi.o)
 .ARM.attributes
                0x00000532       0x33 lib/STM32F10x_StdPeriph_Driver/libstm32fw.a(stm32f10x_tim.o)
 .ARM.attributes
                0x00000565       0x33 lib/STM32F10x_StdPeriph_Driver/libstm32fw.a(stm32f10x_usart.o)
 .ARM.attributes
                0x00000598       0x33 lib/STM32_USB-FS-Device_Driver/libstm32usb.a(usb_core.o)
 .ARM.attributes
                0x000005cb       0x33 lib/STM32_USB-FS-Device_Driver/libstm32usb.a(usb_init.o)
 .ARM.attributes
                0x000005fe       0x33 lib/STM32_USB-FS-Device_Driver/libstm32usb.a(usb_int.o)
 .ARM.attributes
                0x00000631       0x33 lib/STM32_USB-FS-Device_Driver/libstm32usb.a(usb_mem.o)
 .ARM.attributes
                0x00000664       0x33 lib/STM32_USB-FS-Device_Driver/libstm32usb.a(usb_regs.o)
 .ARM.attributes
                0x00000697       0x33 lib/STM32_USB-FS-Device_Driver/libstm32usb.a(usb_sil.o)
 .ARM.attributes
                0x000006ca       0x2d /home/laurence/ARM-GCC/bin/../lib/gcc/arm-none-eabi/5.3.1/../../../../arm-none-eabi/lib/armv7-m/libc_nano.a(lib_a-exit.o)
 .ARM.attributes
                0x000006f7       0x2d /home/laurence/ARM-GCC/bin/../lib/gcc/arm-none-eabi/5.3.1/../../../../arm-none-eabi/lib/armv7-m/libc_nano.a(lib_a-impure.o)
 .ARM.attributes
                0x00000724       0x2d /home/laurence/ARM-GCC/bin/../lib/gcc/arm-none-eabi/5.3.1/../../../../arm-none-eabi/lib/armv7-m/libc_nano.a(lib_a-init.o)
 .ARM.attributes
                0x00000751       0x2d /home/laurence/ARM-GCC/bin/../lib/gcc/arm-none-eabi/5.3.1/../../../../arm-none-eabi/lib/armv7-m/libc_nano.a(lib_a-memset.o)
 .ARM.attributes
                0x0000077e       0x2d /home/laurence/ARM-GCC/bin/../lib/gcc/arm-none-eabi/5.3.1/../../../../arm-none-eabi/lib/armv7-m/libc_nano.a(lib_a-rand.o)
 .ARM.attributes
                0x000007ab       0x2d /home/laurence/ARM-GCC/bin/../lib/gcc/arm-none-eabi/5.3.1/../../../../arm-none-eabi/lib/armv7-m/libc_nano.a(lib_a-malloc.o)
 .ARM.attributes
                0x000007d8       0x2d /home/laurence/ARM-GCC/bin/../lib/gcc/arm-none-eabi/5.3.1/../../../../arm-none-eabi/lib/armv7-m/libc_nano.a(lib_a-nano-mallocr.o)
 .ARM.attributes
                0x00000805       0x2d /home/laurence/ARM-GCC/bin/../lib/gcc/arm-none-eabi/5.3.1/../../../../arm-none-eabi/lib/armv7-m/libc_nano.a(lib_a-sbrkr.o)
 .ARM.attributes
                0x00000832       0x2d /home/laurence/ARM-GCC/bin/../lib/gcc/arm-none-eabi/5.3.1/../../../../arm-none-eabi/lib/armv7-m/libc_nano.a(lib_a-reent.o)
 .ARM.attributes
                0x0000085f       0x2d /home/laurence/ARM-GCC/bin/../lib/gcc/arm-none-eabi/5.3.1/../../../../arm-none-eabi/lib/armv7-m/libnosys.a(sbrk.o)
 .ARM.attributes
                0x0000088c       0x2d /home/laurence/ARM-GCC/bin/../lib/gcc/arm-none-eabi/5.3.1/../../../../arm-none-eabi/lib/armv7-m/libnosys.a(_exit.o)
 .ARM.attributes
                0x000008b9       0x2d /home/laurence/ARM-GCC/bin/../lib/gcc/arm-none-eabi/5.3.1/armv7-m/crtend.o
 .ARM.attributes
                0x000008e6       0x1d /home/laurence/ARM-GCC/bin/../lib/gcc/arm-none-eabi/5.3.1/armv7-m/crtn.o
 .ARM.attributes
                0x00000903       0x2d /home/laurence/ARM-GCC/bin/../lib/gcc/arm-none-eabi/5.3.1/../../../../arm-none-eabi/lib/armv7-m/libm.a(lib_a-sf_round.o)
 .ARM.attributes
                0x00000930       0x2d /home/laurence/ARM-GCC/bin/../lib/gcc/arm-none-eabi/5.3.1/../../../../arm-none-eabi/lib/armv7-m/libm.a(lib_a-sf_sin.o)
 .ARM.attributes
                0x0000095d       0x2d /home/laurence/ARM-GCC/bin/../lib/gcc/arm-none-eabi/5.3.1/../../../../arm-none-eabi/lib/armv7-m/libm.a(lib_a-w_atan2.o)
 .ARM.attributes
                0x0000098a       0x2d /home/laurence/ARM-GCC/bin/../lib/gcc/arm-none-eabi/5.3.1/../../../../arm-none-eabi/lib/armv7-m/libm.a(lib_a-wf_acos.o)
 .ARM.attributes
                0x000009b7       0x2d /home/laurence/ARM-GCC/bin/../lib/gcc/arm-none-eabi/5.3.1/../../../../arm-none-eabi/lib/armv7-m/libm.a(lib_a-wf_atan2.o)
 .ARM.attributes
                0x000009e4       0x2d /home/laurence/ARM-GCC/bin/../lib/gcc/arm-none-eabi/5.3.1/../../../../arm-none-eabi/lib/armv7-m/libm.a(lib_a-wf_sqrt.o)
 .ARM.attributes
                0x00000a11       0x2d /home/laurence/ARM-GCC/bin/../lib/gcc/arm-none-eabi/5.3.1/../../../../arm-none-eabi/lib/armv7-m/libm.a(lib_a-e_atan2.o)
 .ARM.attributes
                0x00000a3e       0x2d /home/laurence/ARM-GCC/bin/../lib/gcc/arm-none-eabi/5.3.1/../../../../arm-none-eabi/lib/armv7-m/libm.a(lib_a-ef_acos.o)
 .ARM.attributes
                0x00000a6b       0x2d /home/laurence/ARM-GCC/bin/../lib/gcc/arm-none-eabi/5.3.1/../../../../arm-none-eabi/lib/armv7-m/libm.a(lib_a-ef_atan2.o)
 .ARM.attributes