Archive member included to satisfy reference by file (symbol)

lib/STM32F10x_StdPeriph_Driver/libstm32fw.a(misc.o)
                              interrupts.o (symbol from plugin) (NVIC_PriorityGroupConfig)
lib/STM32F10x_StdPeriph_Driver/libstm32fw.a(stm32f10x_adc.o)
                              adc.o (symbol from plugin) (ADC_DeInit)
lib/STM32F10x_StdPeriph_Driver/libstm32fw.a(stm32f10x_bkp.o)
                              Util/fat_fs/src/rtc.o (symbol from plugin) (BKP_DeInit)
lib/STM32F10x_StdPeriph_Driver/libstm32fw.a(stm32f10x_dbgmcu.o)
                              main.o (symbol from plugin) (DBGMCU_Config)
lib/STM32F10x_StdPeriph_Driver/libstm32fw.a(stm32f10x_dma.o)
                              Util/fat_fs/src/sd_spi_stm32.o (symbol from plugin) (DMA_DeInit)
lib/STM32F10x_StdPeriph_Driver/libstm32fw.a(stm32f10x_exti.o)
                              interrupts.o (symbol from plugin) (EXTI_DeInit)
lib/STM32F10x_StdPeriph_Driver/libstm32fw.a(stm32f10x_gpio.o)
                              Util/fat_fs/src/sd_spi_stm32.o (symbol from plugin) (GPIO_Init)
lib/STM32F10x_StdPeriph_Driver/libstm32fw.a(stm32f10x_i2c.o)
                              i2c_int.o (symbol from plugin) (I2C_DeInit)
lib/STM32F10x_StdPeriph_Driver/libstm32fw.a(stm32f10x_iwdg.o)
                              watchdog.o (symbol from plugin) (IWDG_WriteAccessCmd)
lib/STM32F10x_StdPeriph_Driver/libstm32fw.a(stm32f10x_pwr.o)
                              pwr.o (symbol from plugin) (PWR_DeInit)
lib/STM32F10x_StdPeriph_Driver/libstm32fw.a(stm32f10x_rcc.o)
                              interrupts.o (symbol from plugin) (RCC_HCLKConfig)
lib/STM32F10x_StdPeriph_Driver/libstm32fw.a(stm32f10x_rtc.o)
                              Util/fat_fs/src/rtc.o (symbol from plugin) (RTC_GetCounter)
lib/STM32F10x_StdPeriph_Driver/libstm32fw.a(stm32f10x_spi.o)
                              Util/fat_fs/src/sd_spi_stm32.o (symbol from plugin) (SPI_I2S_DeInit)
lib/STM32F10x_StdPeriph_Driver/libstm32fw.a(stm32f10x_tim.o)
                              timer.o (symbol from plugin) (TIM_DeInit)
lib/STM32F10x_StdPeriph_Driver/libstm32fw.a(stm32f10x_usart.o)
                              Util/rn42_command.o (symbol from plugin) (USART_DeInit)
lib/STM32_USB-FS-Device_Driver/libstm32usb.a(usb_core.o)
                              Util/USB/usb_prop.o (symbol from plugin) (Standard_GetDescriptorData)
lib/STM32_USB-FS-Device_Driver/libstm32usb.a(usb_init.o)
                              main.o (symbol from plugin) (USB_Init)
lib/STM32_USB-FS-Device_Driver/libstm32usb.a(usb_int.o)
                              Util/USB/usb_istr.o (symbol from plugin) (CTR_LP)
lib/STM32_USB-FS-Device_Driver/libstm32usb.a(usb_mem.o)
                              lib/STM32_USB-FS-Device_Driver/libstm32usb.a(usb_core.o) (UserToPMABufferCopy)
lib/STM32_USB-FS-Device_Driver/libstm32usb.a(usb_regs.o)
                              Util/USB/usb_prop.o (symbol from plugin) (SetBTABLE)
lib/STM32_USB-FS-Device_Driver/libstm32usb.a(usb_sil.o)
                              Util/USB/usb_prop.o (symbol from plugin) (USB_SIL_Init)
/home/laurence/ARM-GCC/bin/../lib/gcc/arm-none-eabi/5.3.1/../../../../arm-none-eabi/lib/armv7-m/libg_nano.a(lib_a-exit.o)
                              /home/laurence/ARM-GCC/bin/../lib/gcc/arm-none-eabi/5.3.1/../../../../arm-none-eabi/lib/armv7-m/crt0.o (exit)
/home/laurence/ARM-GCC/bin/../lib/gcc/arm-none-eabi/5.3.1/../../../../arm-none-eabi/lib/armv7-m/libg_nano.a(lib_a-impure.o)
                              /home/laurence/ARM-GCC/bin/../lib/gcc/arm-none-eabi/5.3.1/../../../../arm-none-eabi/lib/armv7-m/libg_nano.a(lib_a-exit.o) (_global_impure_ptr)
/home/laurence/ARM-GCC/bin/../lib/gcc/arm-none-eabi/5.3.1/../../../../arm-none-eabi/lib/armv7-m/libg_nano.a(lib_a-init.o)
                              /home/laurence/ARM-GCC/bin/../lib/gcc/arm-none-eabi/5.3.1/../../../../arm-none-eabi/lib/armv7-m/crt0.o (__libc_init_array)
/home/laurence/ARM-GCC/bin/../lib/gcc/arm-none-eabi/5.3.1/../../../../arm-none-eabi/lib/armv7-m/libg_nano.a(lib_a-memset.o)
                              /home/laurence/ARM-GCC/bin/../lib/gcc/arm-none-eabi/5.3.1/../../../../arm-none-eabi/lib/armv7-m/crt0.o (memset)
/home/laurence/ARM-GCC/bin/../lib/gcc/arm-none-eabi/5.3.1/../../../../arm-none-eabi/lib/armv7-m/libg_nano.a(lib_a-rand.o)
                              Util/sp1ml_command.o (symbol from plugin) (srand)
/home/laurence/ARM-GCC/bin/../lib/gcc/arm-none-eabi/5.3.1/../../../../arm-none-eabi/lib/armv7-m/libg_nano.a(lib_a-malloc.o)
                              /home/laurence/ARM-GCC/bin/../lib/gcc/arm-none-eabi/5.3.1/../../../../arm-none-eabi/lib/armv7-m/libg_nano.a(lib_a-rand.o) (malloc)
/home/laurence/ARM-GCC/bin/../lib/gcc/arm-none-eabi/5.3.1/../../../../arm-none-eabi/lib/armv7-m/libg_nano.a(lib_a-nano-freer.o)
                              /home/laurence/ARM-GCC/bin/../lib/gcc/arm-none-eabi/5.3.1/../../../../arm-none-eabi/lib/armv7-m/libg_nano.a(lib_a-malloc.o) (_free_r)
[...]
Memory Configuration

Name             Origin             Length             Attributes
RAM              0x20000000         0x00005000         xrw
FLASH            0x08000000         0x00020000         xr
*default*        0x00000000         0xffffffff

Linker script and memory map

LOAD /home/laurence/ARM-GCC/bin/../lib/gcc/arm-none-eabi/5.3.1/armv7-m/crti.o
LOAD /home/laurence/ARM-GCC/bin/../lib/gcc/arm-none-eabi/5.3.1/armv7-m/crtbegin.o
LOAD /home/laurence/ARM-GCC/bin/../lib/gcc/arm-none-eabi/5.3.1/../../../../arm-none-eabi/lib/armv7-m/crt0.o
LOAD Util/USB/hw_config.o
LOAD /tmp/ccihxTs9.ltrans0.ltrans.o
LOAD /tmp/ccihxTs9.ltrans1.ltrans.o
LOAD /tmp/ccihxTs9.ltrans2.ltrans.o
LOAD /tmp/ccihxTs9.ltrans3.ltrans.o
LOAD /tmp/ccihxTs9.ltrans4.ltrans.o
LOAD /tmp/ccihxTs9.ltrans5.ltrans.o
LOAD /tmp/ccihxTs9.ltrans6.ltrans.o
LOAD /tmp/ccihxTs9.ltrans7.ltrans.o
LOAD /tmp/ccihxTs9.ltrans8.ltrans.o
LOAD /tmp/ccihxTs9.ltrans9.ltrans.o
LOAD /tmp/ccihxTs9.ltrans10.ltrans.o
LOAD /tmp/ccihxTs9.ltrans11.ltrans.o
LOAD /tmp/ccihxTs9.ltrans12.ltrans.o
LOAD /tmp/ccihxTs9.ltrans13.ltrans.o
LOAD /tmp/ccihxTs9.ltrans14.ltrans.o
LOAD /tmp/ccihxTs9.ltrans15.ltrans.o
LOAD /tmp/ccihxTs9.ltrans16.ltrans.o
LOAD Util/USB/mass_mal.o
LOAD Util/USB/memory.o
LOAD Util/USB/scsi_data.o
LOAD Util/USB/usb_bot.o
LOAD Util/USB/usb_desc.o
LOAD Util/USB/usb_endp.o
LOAD Util/USB/usb_istr.o
LOAD Util/USB/usb_prop.o
LOAD Util/USB/usb_pwr.o
LOAD Util/USB/usb_scsi.o
LOAD Util/buffer.o
LOAD Util/data_alignment.o
LOAD Util/dcm_attitude.o
LOAD Util/delay.o
LOAD Util/fat_fs/option/ccsbcs.o
LOAD Util/fat_fs/src/fattime.o
LOAD Util/fat_fs/src/ff.o
LOAD Util/fat_fs/src/rtc.o
LOAD Util/fat_fs/src/sd_spi_stm32.o
LOAD Util/filter.o
LOAD Util/load_setting.o
LOAD Util/rn42_command.o
LOAD Util/rn42_conf.o
LOAD Util/rprintf.o
LOAD Util/rtc_correct.o
LOAD Util/sp1ml_command.o
LOAD Util/wave.o
LOAD adc.o
LOAD bootload.o
LOAD dma.o
LOAD gpio.o
LOAD i2c_int.o
LOAD interrupts.o
LOAD lib/ARM-GCC/startup_ARMCM3.o
LOAD lib/CMSIS_CM3/core_cm3.o
LOAD lib/CMSIS_CM3/system_stm32f10x.o
LOAD main.o
LOAD pwr.o
LOAD timer.o
LOAD usart.o
LOAD watchdog.o
LOAD Sensors/ads1298.o
LOAD Sensors/lsm9ds1.o
LOAD Sensors/ubx.o
LOAD lib/STM32F10x_StdPeriph_Driver/libstm32fw.a
LOAD lib/STM32_USB-FS-Device_Driver/libstm32usb.a
LOAD /home/laurence/ARM-GCC/bin/../lib/gcc/arm-none-eabi/5.3.1/../../../../arm-none-eabi/lib/armv7-m/libm.a
LOAD /home/laurence/ARM-GCC/bin/../lib/gcc/arm-none-eabi/5.3.1/../../../../arm-none-eabi/lib/armv7-m/libnosys.a
START GROUP
LOAD /home/laurence/ARM-GCC/bin/../lib/gcc/arm-none-eabi/5.3.1/armv7-m/libgcc.a
LOAD /home/laurence/ARM-GCC/bin/../lib/gcc/arm-none-eabi/5.3.1/../../../../arm-none-eabi/lib/armv7-m/libg_nano.a
LOAD /home/laurence/ARM-GCC/bin/../lib/gcc/arm-none-eabi/5.3.1/../../../../arm-none-eabi/lib/armv7-m/libc_nano.a
END GROUP
START GROUP
LOAD /home/laurence/ARM-GCC/bin/../lib/gcc/arm-none-eabi/5.3.1/armv7-m/libgcc.a
LOAD /home/laurence/ARM-GCC/bin/../lib/gcc/arm-none-eabi/5.3.1/../../../../arm-none-eabi/lib/armv7-m/libc_nano.a
LOAD /home/laurence/ARM-GCC/bin/../lib/gcc/arm-none-eabi/5.3.1/../../../../arm-none-eabi/lib/armv7-m/libnosys.a
END GROUP
START GROUP
LOAD /home/laurence/ARM-GCC/bin/../lib/gcc/arm-none-eabi/5.3.1/armv7-m/libgcc.a
LOAD /home/laurence/ARM-GCC/bin/../lib/gcc/arm-none-eabi/5.3.1/../../../../arm-none-eabi/lib/armv7-m/libc_nano.a
LOAD /home/laurence/ARM-GCC/bin/../lib/gcc/arm-none-eabi/5.3.1/../../../../arm-none-eabi/lib/armv7-m/libnosys.a
END GROUP
LOAD /home/laurence/ARM-GCC/bin/../lib/gcc/arm-none-eabi/5.3.1/armv7-m/crtend.o
LOAD /home/laurence/ARM-GCC/bin/../lib/gcc/arm-none-eabi/5.3.1/armv7-m/crtn.o
                0x00002000                __HEAP_SIZE = 0x2000
                0x00000c00                __STACK_SIZE = 0xc00

.text           0x08000000    0x13074
 *(.isr_vector)
 .isr_vector    0x08000000      0x10c lib/ARM-GCC/startup_ARMCM3.o
                0x08000000                __isr_vector
 *(.text*)
 .text          0x0800010c       0x5c /home/laurence/ARM-GCC/bin/../lib/gcc/arm-none-eabi/5.3.1/armv7-m/crtbegin.o
 .text          0x08000168       0x74 /home/laurence/ARM-GCC/bin/../lib/gcc/arm-none-eabi/5.3.1/../../../../arm-none-eabi/lib/armv7-m/crt0.o
                0x08000168                _mainCRTStartup
                0x08000168                _start
 *fill*         0x080001dc        0x4 
 .text.startup.main
                0x080001e0     0x2d4c /tmp/ccihxTs9.ltrans0.ltrans.o
                0x080001e0                main
 .text.EP2_OUT_Callback
                0x08002f2c      0x9e8 /tmp/ccihxTs9.ltrans1.ltrans.o
 .text.move_window.lto_priv.83
                0x08003914      0x1a8 /tmp/ccihxTs9.ltrans2.ltrans.o
                0x08003914                move_window.lto_priv.83
 .text.get_fattime
                0x08003abc       0x44 /tmp/ccihxTs9.ltrans2.ltrans.o
                0x08003abc                get_fattime
 .text.Delay    0x08003b00       0x20 /tmp/ccihxTs9.ltrans2.ltrans.o
                0x08003b00                Delay
 .text.Add_To_Buffer
                0x08003b20       0x50 /tmp/ccihxTs9.ltrans2.ltrans.o
                0x08003b20                Add_To_Buffer
 .text.unlikely.SCSI_Invalid_Cmd
                0x08003b70       0x6c /tmp/ccihxTs9.ltrans2.ltrans.o
                0x08003b70                SCSI_Invalid_Cmd
 .text.SCSI_Write10_Cmd
                0x08003bdc      0x214 /tmp/ccihxTs9.ltrans2.ltrans.o
                0x08003bdc                SCSI_Write10_Cmd
 .text.SCSI_Read10_Cmd
                0x08003df0       0xe4 /tmp/ccihxTs9.ltrans2.ltrans.o
                0x08003df0                SCSI_Read10_Cmd
 .text.RN42_generate_packet
                0x08003ed4      0x390 /tmp/ccihxTs9.ltrans3.ltrans.o
                0x08003ed4                RN42_generate_packet
 .text.rprintf2RamRom
                0x08004264      0x7d4 /tmp/ccihxTs9.ltrans3.ltrans.o
                0x08004264                rprintf2RamRom
 .text.disk_write.part.5.lto_priv.60
                0x08004a38      0x22c /tmp/ccihxTs9.ltrans3.ltrans.o
                0x08004a38                disk_write.part.5.lto_priv.60
 .text.disk_read.part.4.lto_priv.62
                0x08004c64      0x13c /tmp/ccihxTs9.ltrans3.ltrans.o
                0x08004c64                disk_read.part.4.lto_priv.62
 .text.put_fat.part.4.lto_priv.93
                0x08004da0      0x128 /tmp/ccihxTs9.ltrans4.ltrans.o
                0x08004da0                put_fat.part.4.lto_priv.93
 .text.get_fat.part.3.lto_priv.64
                0x08004ec8       0xc0 /tmp/ccihxTs9.ltrans4.ltrans.o
                0x08004ec8                get_fat.part.3.lto_priv.64
 .text.dir_find.part.5.lto_priv.100
                0x08004f88      0x494 /tmp/ccihxTs9.ltrans4.ltrans.o
                0x08004f88                dir_find.part.5.lto_priv.100
 .text.f_lseek  0x0800541c      0x204 /tmp/ccihxTs9.ltrans4.ltrans.o
                0x0800541c                f_lseek
 .text.unlikely.f_close
                0x08005620       0x10 /tmp/ccihxTs9.ltrans4.ltrans.o
                0x08005620                f_close
 .text.__usart_send_char
                0x08005630       0xa0 /tmp/ccihxTs9.ltrans5.ltrans.o
                0x08005630                __usart_send_char
 .text.ads1298_spi_dma_transaction
                0x080056d0       0xec /tmp/ccihxTs9.ltrans5.ltrans.o
                0x080056d0                ads1298_spi_dma_transaction
 *fill*         0x080057bc        0x4 
 .text.DMA1_Channel4_IRQHandler
                0x080057c0      0xf4c /tmp/ccihxTs9.ltrans5.ltrans.o
                0x080057c0                DMA1_Channel4_IRQHandler
 .text.ads1298_busy_wait_command
                0x0800670c       0x4c /tmp/ccihxTs9.ltrans5.ltrans.o
                0x0800670c                ads1298_busy_wait_command
 .text.unlikely.ads1298_busy_wait_write
                0x08006758       0x88 /tmp/ccihxTs9.ltrans5.ltrans.o
                0x08006758                ads1298_busy_wait_write
 .text.USART3_IRQHandler
                0x080067e0      0x17c /tmp/ccihxTs9.ltrans5.ltrans.o
                0x080067e0                USART3_IRQHandler
 .text.check_fs
                0x0800695c       0xac /tmp/ccihxTs9.ltrans6.ltrans.o
 .text.f_sync   0x08006a08      0x108 /tmp/ccihxTs9.ltrans6.ltrans.o
                0x08006a08                f_sync
 .text.chk_mounted.lto_priv.82
                0x08006b10      0x264 /tmp/ccihxTs9.ltrans6.ltrans.o
                0x08006b10                chk_mounted.lto_priv.82
 .text.follow_path.lto_priv.81
                0x08006d74      0x3b8 /tmp/ccihxTs9.ltrans6.ltrans.o
                0x08006d74                follow_path.lto_priv.81
 .text.f_open   0x0800712c      0x14c /tmp/ccihxTs9.ltrans6.ltrans.o
                0x0800712c                f_open
 .text.get_fileinfo.lto_priv.84
                0x08007278      0x2c8 /tmp/ccihxTs9.ltrans6.ltrans.o
                0x08007278                get_fileinfo.lto_priv.84
 .text.dir_read.lto_priv.79
                0x08007540      0x434 /tmp/ccihxTs9.ltrans7.ltrans.o
                0x08007540                dir_read.lto_priv.79
 .text.dir_sdi.lto_priv.80
                0x08007974       0xa8 /tmp/ccihxTs9.ltrans7.ltrans.o
                0x08007974                dir_sdi.lto_priv.80
 .text.create_chain.lto_priv.89
                0x08007a1c      0x190 /tmp/ccihxTs9.ltrans7.ltrans.o
                0x08007a1c                create_chain.lto_priv.89
 .text.dir_register.lto_priv.90
                0x08007bac      0x6f0 /tmp/ccihxTs9.ltrans7.ltrans.o
                0x08007bac                dir_register.lto_priv.90
 .text.sync.lto_priv.77
                0x0800829c       0xe0 /tmp/ccihxTs9.ltrans7.ltrans.o
                0x0800829c                sync.lto_priv.77
 .text.stm32_spi_rw.lto_priv.59
                0x0800837c       0x24 /tmp/ccihxTs9.ltrans8.ltrans.o
                0x0800837c                stm32_spi_rw.lto_priv.59
 .text.send_cmd
                0x080083a0      0x16c /tmp/ccihxTs9.ltrans8.ltrans.o
                0x080083a0                send_cmd
 .text.disk_initialize
                0x0800850c      0x260 /tmp/ccihxTs9.ltrans8.ltrans.o
                0x0800850c                disk_initialize
 .text.wait_ready.lto_priv.61
                0x0800876c       0x54 /tmp/ccihxTs9.ltrans8.ltrans.o
                0x0800876c                wait_ready.lto_priv.61
 .text.stm32_dma_transfer.lto_priv.63
                0x080087c0       0xd4 /tmp/ccihxTs9.ltrans8.ltrans.o
                0x080087c0                stm32_dma_transfer.lto_priv.63
 .text.rcvr_datablock
                0x08008894       0x9c /tmp/ccihxTs9.ltrans8.ltrans.o
                0x08008894                rcvr_datablock
 .text.counter_to_struct.lto_priv.91
                0x08008930      0x128 /tmp/ccihxTs9.ltrans8.ltrans.o
                0x08008930                counter_to_struct.lto_priv.91
 .text.rtc_gettime
                0x08008a58       0x84 /tmp/ccihxTs9.ltrans8.ltrans.o
                0x08008a58                rtc_gettime
 .text.f_write.part.9.lto_priv.85
                0x08008adc      0x350 /tmp/ccihxTs9.ltrans8.ltrans.o
                0x08008adc                f_write.part.9.lto_priv.85
 .text.remove_chain.part.6.lto_priv.78
                0x08008e2c      0x110 /tmp/ccihxTs9.ltrans8.ltrans.o
                0x08008e2c                remove_chain.part.6.lto_priv.78
 .text.I2C1_ER_IRQHandler
                0x08008f3c      0x150 /tmp/ccihxTs9.ltrans9.ltrans.o
                0x08008f3c                I2C1_ER_IRQHandler
 .text.I2C1_EV_IRQHandler
                0x0800908c      0x608 /tmp/ccihxTs9.ltrans9.ltrans.o
                0x0800908c                I2C1_EV_IRQHandler
 .text.ADC_Configuration
                0x08009694      0x10c /tmp/ccihxTs9.ltrans9.ltrans.o
                0x08009694                ADC_Configuration
 .text.wave_terminate
                0x080097a0      0x1c0 /tmp/ccihxTs9.ltrans9.ltrans.o
                0x080097a0                wave_terminate
 .text.write_wave_header
                0x08009960      0x11c /tmp/ccihxTs9.ltrans9.ltrans.o
                0x08009960                write_wave_header
 .text.unlikely.read_config_file.constprop.21
                0x08009a7c      0x4c0 /tmp/ccihxTs9.ltrans10.ltrans.o
                0x08009a7c                read_config_file.constprop.21
 .text.Get_UBX_Ack.constprop.8
                0x08009f3c       0xcc /tmp/ccihxTs9.ltrans10.ltrans.o
                0x08009f3c                Get_UBX_Ack.constprop.8
 .text.USART2_reconf.constprop.7
                0x0800a008       0x54 /tmp/ccihxTs9.ltrans10.ltrans.o
                0x0800a008                USART2_reconf.constprop.7
 .text.ads1298_wct_config.constprop.3
                0x0800a05c      0x15c /tmp/ccihxTs9.ltrans10.ltrans.o
                0x0800a05c                ads1298_wct_config.constprop.3
 .text.unlikely.ads1298_setup.constprop.2
                0x0800a1b8      0x39c /tmp/ccihxTs9.ltrans10.ltrans.o
                0x0800a1b8                ads1298_setup.constprop.2
 .text.Gps_DMA_Process
                0x0800a554      0x318 /tmp/ccihxTs9.ltrans10.ltrans.o
                0x0800a554                Gps_DMA_Process
 .text.EXTI9_5_IRQHandler
                0x0800a86c       0x34 /tmp/ccihxTs9.ltrans10.ltrans.o
                0x0800a86c                EXTI9_5_IRQHandler
 .text.SP1ML_generate_packet
                0x0800a8a0      0x350 /tmp/ccihxTs9.ltrans11.ltrans.o
                0x0800a8a0                SP1ML_generate_packet
 .text.SP1ML_command
                0x0800abf0      0x148 /tmp/ccihxTs9.ltrans11.ltrans.o
                0x0800abf0                SP1ML_command
 .text.SP1ML_rx_tx_data_processor
                0x0800ad38      0xe00 /tmp/ccihxTs9.ltrans11.ltrans.o
                0x0800ad38                SP1ML_rx_tx_data_processor
 .text.set_rtc_correction
                0x0800bb38       0x5c /tmp/ccihxTs9.ltrans11.ltrans.o
                0x0800bb38                set_rtc_correction
 .text.__str_print_char
                0x0800bb94       0xfc /tmp/ccihxTs9.ltrans12.ltrans.o
                0x0800bb94                __str_print_char
 .text.__fat_print_char
                0x0800bc90       0x5c /tmp/ccihxTs9.ltrans12.ltrans.o
                0x0800bc90                __fat_print_char
 .text.USART1_IRQHandler
                0x0800bcec      0x11c /tmp/ccihxTs9.ltrans12.ltrans.o
                0x0800bcec                USART1_IRQHandler
 .text.Gps_Send_Str
                0x0800be08       0x2c /tmp/ccihxTs9.ltrans12.ltrans.o
                0x0800be08                Gps_Send_Str
 .text.Gps_Send_Utf8
                0x0800be34       0x30 /tmp/ccihxTs9.ltrans12.ltrans.o
                0x0800be34                Gps_Send_Utf8
 .text.Usart3_Send_Str
                0x0800be64       0x2c /tmp/ccihxTs9.ltrans12.ltrans.o
                0x0800be64                Usart3_Send_Str
 .text.Usart_Send_Str
                0x0800be90       0xf8 /tmp/ccihxTs9.ltrans12.ltrans.o
                0x0800be90                Usart_Send_Str
 .text.shutdown_filesystem
                0x0800bf88      0x464 /tmp/ccihxTs9.ltrans12.ltrans.o
                0x0800bf88                shutdown_filesystem
 .text.SystemInit
                0x0800c3ec       0xf8 /tmp/ccihxTs9.ltrans13.ltrans.o
                0x0800c3ec                SystemInit
 .text.USB_LP_CAN1_RX0_IRQHandler
                0x0800c4e4      0x118 /tmp/ccihxTs9.ltrans13.ltrans.o
                0x0800c4e4                USB_LP_CAN1_RX0_IRQHandler
 .text.USB_HP_CAN1_TX_IRQHandler
                0x0800c5fc        0x4 /tmp/ccihxTs9.ltrans13.ltrans.o
                0x0800c5fc                USB_HP_CAN1_TX_IRQHandler
 .text.SysTick_Handler
                0x0800c600      0x17c /tmp/ccihxTs9.ltrans13.ltrans.o
                0x0800c600                SysTick_Handler
 .text.EXTI15_10_IRQHandler
                0x0800c77c       0x68 /tmp/ccihxTs9.ltrans13.ltrans.o
                0x0800c77c                EXTI15_10_IRQHandler
 .text.ADC1_2_IRQHandler
                0x0800c7e4       0x70 /tmp/ccihxTs9.ltrans13.ltrans.o
                0x0800c7e4                ADC1_2_IRQHandler
 .text.EXTI0_IRQHandler
                0x0800c854       0x98 /tmp/ccihxTs9.ltrans13.ltrans.o
                0x0800c854                EXTI0_IRQHandler
 .text.EXTI_ONOFF_EN
                0x0800c8ec       0x54 /tmp/ccihxTs9.ltrans13.ltrans.o
                0x0800c8ec                EXTI_ONOFF_EN
 .text.I2C_Config
                0x0800c940      0x23c /tmp/ccihxTs9.ltrans13.ltrans.o
                0x0800c940                I2C_Config
 .text.I2C1_Request_Job
                0x0800cb7c       0x78 /tmp/ccihxTs9.ltrans13.ltrans.o
                0x0800cb7c                I2C1_Request_Job
 .text.Get_Max_Lun
                0x0800cbf4       0x18 /tmp/ccihxTs9.ltrans14.ltrans.o
 .text.MASS_Get_Interface_Setting
                0x0800cc0c       0x10 /tmp/ccihxTs9.ltrans14.ltrans.o
                0x0800cc0c                MASS_Get_Interface_Setting
 .text.MASS_Data_Setup
                0x0800cc1c       0x38 /tmp/ccihxTs9.ltrans14.ltrans.o
                0x0800cc1c                MASS_Data_Setup
 .text.MASS_Status_In
                0x0800cc54        0x4 /tmp/ccihxTs9.ltrans14.ltrans.o
                0x0800cc54                MASS_Status_In
 .text.MASS_Status_Out
                0x0800cc58        0x4 /tmp/ccihxTs9.ltrans14.ltrans.o
                0x0800cc58                MASS_Status_Out
 .text.Mass_Storage_SetDeviceAddress
                0x0800cc5c        0xc /tmp/ccihxTs9.ltrans14.ltrans.o
 .text.MASS_GetStringDescriptor
                0x0800cc68       0x20 /tmp/ccihxTs9.ltrans14.ltrans.o
                0x0800cc68                MASS_GetStringDescriptor
 .text.MASS_GetConfigDescriptor
                0x0800cc88        0xc /tmp/ccihxTs9.ltrans14.ltrans.o
                0x0800cc88                MASS_GetConfigDescriptor
 .text.MASS_GetDeviceDescriptor
                0x0800cc94        0xc /tmp/ccihxTs9.ltrans14.ltrans.o
                0x0800cc94                MASS_GetDeviceDescriptor
 .text.MASS_NoData_Setup
                0x0800cca0       0x50 /tmp/ccihxTs9.ltrans14.ltrans.o
                0x0800cca0                MASS_NoData_Setup
 .text.Mass_Storage_SetConfiguration
                0x0800ccf0       0x30 /tmp/ccihxTs9.ltrans14.ltrans.o
 .text.Mass_Storage_ClearFeature
                0x0800cd20       0x2c /tmp/ccihxTs9.ltrans14.ltrans.o
 .text.MASS_Reset
                0x0800cd4c       0xf0 /tmp/ccihxTs9.ltrans14.ltrans.o
                0x0800cd4c                MASS_Reset
 .text.MASS_init
                0x0800ce3c      0x17c /tmp/ccihxTs9.ltrans14.ltrans.o
                0x0800ce3c                MASS_init
 .text.Resume   0x0800cfb8      0x118 /tmp/ccihxTs9.ltrans14.ltrans.o
                0x0800cfb8                Resume
 .text.stm32_spi_rw.constprop.56
                0x0800d0d0       0x24 /tmp/ccihxTs9.ltrans15.ltrans.o
                0x0800d0d0                stm32_spi_rw.constprop.56
 .text.disk_write.constprop.53
                0x0800d0f4       0x84 /tmp/ccihxTs9.ltrans15.ltrans.o
                0x0800d0f4                disk_write.constprop.53
 .text.unlikely.disk_read.constprop.52
                0x0800d178       0x60 /tmp/ccihxTs9.ltrans15.ltrans.o
                0x0800d178                disk_read.constprop.52
 .text.unlikely.Set_CSW.constprop.50
                0x0800d1d8       0x2c /tmp/ccihxTs9.ltrans15.ltrans.o
                0x0800d1d8                Set_CSW.constprop.50
 .text.dir_next.constprop.30
                0x0800d204       0x88 /tmp/ccihxTs9.ltrans15.ltrans.o
                0x0800d204                dir_next.constprop.30
 .text.EP1_IN_Callback
                0x0800d28c       0x88 /tmp/ccihxTs9.ltrans16.ltrans.o
 .text.unlikely.Transfer_Data_Request
                0x0800d314       0x34 /tmp/ccihxTs9.ltrans16.ltrans.o
                0x0800d314                Transfer_Data_Request
 .text.Read_Memory
                0x0800d348      0x1b4 /tmp/ccihxTs9.ltrans16.ltrans.o
                0x0800d348                Read_Memory
 .text          0x0800d4fc       0x3c lib/ARM-GCC/startup_ARMCM3.o
                0x0800d4fc                Reset_Handler
                0x0800d536                EXTI2_IRQHandler
                0x0800d536                DebugMon_Handler
                0x0800d536                TIM1_CC_IRQHandler
                0x0800d536                HardFault_Handler
                0x0800d536                PVD_IRQHandler
                0x0800d536                PendSV_Handler
                0x0800d536                NMI_Handler
                0x0800d536                EXTI3_IRQHandler
                0x0800d536                I2C2_EV_IRQHandler
                0x0800d536                UsageFault_Handler
                0x0800d536                SPI1_IRQHandler
                0x0800d536                TAMPER_IRQHandler
                0x0800d536                RTC_IRQHandler
                0x0800d536                DMA1_Channel7_IRQHandler
                0x0800d536                CAN1_RX1_IRQHandler
                0x0800d536                TIM4_IRQHandler
                0x0800d536                DMA1_Channel6_IRQHandler
                0x0800d536                TIM3_IRQHandler
                0x0800d536                RCC_IRQHandler
                0x0800d536                TIM1_TRG_COM_IRQHandler
                0x0800d536                DMA1_Channel1_IRQHandler
                0x0800d536                Default_Handler
                0x0800d536                SPI2_IRQHandler
                0x0800d536                MemManage_Handler
                0x0800d536                SVC_Handler
                0x0800d536                DMA1_Channel5_IRQHandler
                0x0800d536                EXTI4_IRQHandler
                0x0800d536                DMA1_Channel3_IRQHandler
                0x0800d536                TIM1_UP_IRQHandler
                0x0800d536                WWDG_IRQHandler
                0x0800d536                TIM2_IRQHandler
                0x0800d536                DEF_IRQHandler
                0x0800d536                TIM1_BRK_IRQHandler
                0x0800d536                EXTI1_IRQHandler
                0x0800d536                RTCAlarm_IRQHandler
                0x0800d536                USART2_IRQHandler
                0x0800d536                I2C2_ER_IRQHandler
                0x0800d536                DMA1_Channel2_IRQHandler
                0x0800d536                CAN1_SCE_IRQHandler
                0x0800d536                FLASH_IRQHandler
                0x0800d536                BusFault_Handler
                0x0800d536                USBWakeUp_IRQHandler
 .text.NVIC_PriorityGroupConfig
                0x0800d538       0x14 lib/STM32F10x_StdPeriph_Driver/libstm32fw.a(misc.o)
                0x0800d538                NVIC_PriorityGroupConfig
 .text.NVIC_Init
                0x0800d54c       0x68 lib/STM32F10x_StdPeriph_Driver/libstm32fw.a(misc.o)
                0x0800d54c                NVIC_Init
 .text.NVIC_SetVectorTable
                0x0800d5b4       0x14 lib/STM32F10x_StdPeriph_Driver/libstm32fw.a(misc.o)
                0x0800d5b4                NVIC_SetVectorTable
 .text.SysTick_CLKSourceConfig
                0x0800d5c8       0x18 lib/STM32F10x_StdPeriph_Driver/libstm32fw.a(misc.o)
                0x0800d5c8                SysTick_CLKSourceConfig
 .text.ADC_DeInit
                0x0800d5e0       0x5c lib/STM32F10x_StdPeriph_Driver/libstm32fw.a(stm32f10x_adc.o)
                0x0800d5e0                ADC_DeInit
 .text.ADC_Init
                0x0800d63c       0x48 lib/STM32F10x_StdPeriph_Driver/libstm32fw.a(stm32f10x_adc.o)
                0x0800d63c                ADC_Init
 .text.ADC_Cmd  0x0800d684       0x12 lib/STM32F10x_StdPeriph_Driver/libstm32fw.a(stm32f10x_adc.o)
                0x0800d684                ADC_Cmd
 .text.ADC_ITConfig
                0x0800d696       0x12 lib/STM32F10x_StdPeriph_Driver/libstm32fw.a(stm32f10x_adc.o)
                0x0800d696                ADC_ITConfig
 .text.ADC_ResetCalibration
                0x0800d6a8        0xa lib/STM32F10x_StdPeriph_Driver/libstm32fw.a(stm32f10x_adc.o)
                0x0800d6a8                ADC_ResetCalibration
 .text.ADC_GetResetCalibrationStatus
                0x0800d6b2        0x8 lib/STM32F10x_StdPeriph_Driver/libstm32fw.a(stm32f10x_adc.o)
                0x0800d6b2                ADC_GetResetCalibrationStatus
 .text.ADC_StartCalibration
                0x0800d6ba        0xa lib/STM32F10x_StdPeriph_Driver/libstm32fw.a(stm32f10x_adc.o)
                0x0800d6ba                ADC_StartCalibration
 .text.ADC_GetCalibrationStatus
                0x0800d6c4        0x8 lib/STM32F10x_StdPeriph_Driver/libstm32fw.a(stm32f10x_adc.o)
                0x0800d6c4                ADC_GetCalibrationStatus
 .text.ADC_SoftwareStartConvCmd
                0x0800d6cc       0x12 lib/STM32F10x_StdPeriph_Driver/libstm32fw.a(stm32f10x_adc.o)
                0x0800d6cc                ADC_SoftwareStartConvCmd
 .text.ADC_RegularChannelConfig
                0x0800d6de       0x9a lib/STM32F10x_StdPeriph_Driver/libstm32fw.a(stm32f10x_adc.o)
                0x0800d6de                ADC_RegularChannelConfig
 .text.ADC_GetConversionValue
                0x0800d778        0x6 lib/STM32F10x_StdPeriph_Driver/libstm32fw.a(stm32f10x_adc.o)
                0x0800d778                ADC_GetConversionValue
 .text.ADC_ExternalTrigInjectedConvConfig
                0x0800d77e        0xc lib/STM32F10x_StdPeriph_Driver/libstm32fw.a(stm32f10x_adc.o)
                0x0800d77e                ADC_ExternalTrigInjectedConvConfig
 .text.ADC_SoftwareStartInjectedConvCmd
                0x0800d78a       0x12 lib/STM32F10x_StdPeriph_Driver/libstm32fw.a(stm32f10x_adc.o)
                0x0800d78a                ADC_SoftwareStartInjectedConvCmd
 .text.ADC_InjectedChannelConfig
                0x0800d79c       0x60 lib/STM32F10x_StdPeriph_Driver/libstm32fw.a(stm32f10x_adc.o)
                0x0800d79c                ADC_InjectedChannelConfig
 .text.ADC_InjectedSequencerLengthConfig
                0x0800d7fc       0x10 lib/STM32F10x_StdPeriph_Driver/libstm32fw.a(stm32f10x_adc.o)
                0x0800d7fc                ADC_InjectedSequencerLengthConfig
 .text.ADC_GetInjectedConversionValue
                0x0800d80c       0x1a lib/STM32F10x_StdPeriph_Driver/libstm32fw.a(stm32f10x_adc.o)
                0x0800d80c                ADC_GetInjectedConversionValue
 .text.ADC_AnalogWatchdogCmd
                0x0800d826       0x10 lib/STM32F10x_StdPeriph_Driver/libstm32fw.a(stm32f10x_adc.o)
                0x0800d826                ADC_AnalogWatchdogCmd
 .text.ADC_AnalogWatchdogThresholdsConfig
                0x0800d836        0x6 lib/STM32F10x_StdPeriph_Driver/libstm32fw.a(stm32f10x_adc.o)
                0x0800d836                ADC_AnalogWatchdogThresholdsConfig
 .text.ADC_AnalogWatchdogSingleChannelConfig
                0x0800d83c        0xc lib/STM32F10x_StdPeriph_Driver/libstm32fw.a(stm32f10x_adc.o)
                0x0800d83c                ADC_AnalogWatchdogSingleChannelConfig
 .text.ADC_GetFlagStatus
                0x0800d848        0xc lib/STM32F10x_StdPeriph_Driver/libstm32fw.a(stm32f10x_adc.o)
                0x0800d848                ADC_GetFlagStatus
 .text.ADC_ClearFlag
                0x0800d854        0x6 lib/STM32F10x_StdPeriph_Driver/libstm32fw.a(stm32f10x_adc.o)
                0x0800d854                ADC_ClearFlag
 .text.ADC_GetITStatus
                0x0800d85a       0x16 lib/STM32F10x_StdPeriph_Driver/libstm32fw.a(stm32f10x_adc.o)
                0x0800d85a                ADC_GetITStatus
 .text.ADC_ClearITPendingBit
                0x0800d870        0x8 lib/STM32F10x_StdPeriph_Driver/libstm32fw.a(stm32f10x_adc.o)
                0x0800d870                ADC_ClearITPendingBit
 .text.BKP_DeInit
                0x0800d878       0x12 lib/STM32F10x_StdPeriph_Driver/libstm32fw.a(stm32f10x_bkp.o)
                0x0800d878                BKP_DeInit
 *fill*         0x0800d88a        0x2 
 .text.BKP_RTCOutputConfig
                0x0800d88c       0x18 lib/STM32F10x_StdPeriph_Driver/libstm32fw.a(stm32f10x_bkp.o)
                0x0800d88c                BKP_RTCOutputConfig
 .text.BKP_SetRTCCalibrationValue
                0x0800d8a4       0x18 lib/STM32F10x_StdPeriph_Driver/libstm32fw.a(stm32f10x_bkp.o)
                0x0800d8a4                BKP_SetRTCCalibrationValue
 .text.BKP_WriteBackupRegister
                0x0800d8bc       0x1c lib/STM32F10x_StdPeriph_Driver/libstm32fw.a(stm32f10x_bkp.o)
                0x0800d8bc                BKP_WriteBackupRegister
 .text.BKP_ReadBackupRegister
                0x0800d8d8       0x20 lib/STM32F10x_StdPeriph_Driver/libstm32fw.a(stm32f10x_bkp.o)
                0x0800d8d8                BKP_ReadBackupRegister
 .text.DBGMCU_Config
                0x0800d8f8       0x18 lib/STM32F10x_StdPeriph_Driver/libstm32fw.a(stm32f10x_dbgmcu.o)
                0x0800d8f8                DBGMCU_Config
 .text.DMA_DeInit
                0x0800d910       0xec lib/STM32F10x_StdPeriph_Driver/libstm32fw.a(stm32f10x_dma.o)
                0x0800d910                DMA_DeInit
 .text.DMA_Init
                0x0800d9fc       0x40 lib/STM32F10x_StdPeriph_Driver/libstm32fw.a(stm32f10x_dma.o)
                0x0800d9fc                DMA_Init
 .text.DMA_Cmd  0x0800da3c       0x12 lib/STM32F10x_StdPeriph_Driver/libstm32fw.a(stm32f10x_dma.o)
                0x0800da3c                DMA_Cmd
 .text.DMA_ITConfig
                0x0800da4e       0x10 lib/STM32F10x_StdPeriph_Driver/libstm32fw.a(stm32f10x_dma.o)
                0x0800da4e                DMA_ITConfig
 .text.DMA_GetCurrDataCounter
                0x0800da5e        0x6 lib/STM32F10x_StdPeriph_Driver/libstm32fw.a(stm32f10x_dma.o)
                0x0800da5e                DMA_GetCurrDataCounter
 .text.DMA_GetFlagStatus
                0x0800da64       0x1c lib/STM32F10x_StdPeriph_Driver/libstm32fw.a(stm32f10x_dma.o)
                0x0800da64                DMA_GetFlagStatus
 .text.DMA_ClearFlag
                0x0800da80       0x14 lib/STM32F10x_StdPeriph_Driver/libstm32fw.a(stm32f10x_dma.o)
                0x0800da80                DMA_ClearFlag
 .text.DMA_GetITStatus
                0x0800da94       0x1c lib/STM32F10x_StdPeriph_Driver/libstm32fw.a(stm32f10x_dma.o)
                0x0800da94                DMA_GetITStatus
 .text.DMA_ClearITPendingBit
                0x0800dab0       0x14 lib/STM32F10x_StdPeriph_Driver/libstm32fw.a(stm32f10x_dma.o)
                0x0800dab0                DMA_ClearITPendingBit
 .text.EXTI_DeInit
                0x0800dac4       0x1c lib/STM32F10x_StdPeriph_Driver/libstm32fw.a(stm32f10x_exti.o)
                0x0800dac4                EXTI_DeInit
 .text.EXTI_Init
                0x0800dae0       0x88 lib/STM32F10x_StdPeriph_Driver/libstm32fw.a(stm32f10x_exti.o)
                0x0800dae0                EXTI_Init
 .text.EXTI_GenerateSWInterrupt
                0x0800db68       0x10 lib/STM32F10x_StdPeriph_Driver/libstm32fw.a(stm32f10x_exti.o)
                0x0800db68                EXTI_GenerateSWInterrupt
 .text.EXTI_GetITStatus
                0x0800db78       0x20 lib/STM32F10x_StdPeriph_Driver/libstm32fw.a(stm32f10x_exti.o)
                0x0800db78                EXTI_GetITStatus
 .text.EXTI_ClearITPendingBit
                0x0800db98        0xc lib/STM32F10x_StdPeriph_Driver/libstm32fw.a(stm32f10x_exti.o)
                0x0800db98                EXTI_ClearITPendingBit
 .text.GPIO_Init
                0x0800dba4       0x9a lib/STM32F10x_StdPeriph_Driver/libstm32fw.a(stm32f10x_gpio.o)
                0x0800dba4                GPIO_Init
 .text.GPIO_StructInit
                0x0800dc3e       0x10 lib/STM32F10x_StdPeriph_Driver/libstm32fw.a(stm32f10x_gpio.o)
                0x0800dc3e                GPIO_StructInit
 .text.GPIO_ReadInputDataBit
                0x0800dc4e        0xc lib/STM32F10x_StdPeriph_Driver/libstm32fw.a(stm32f10x_gpio.o)
                0x0800dc4e                GPIO_ReadInputDataBit
 .text.GPIO_SetBits
                0x0800dc5a        0x4 lib/STM32F10x_StdPeriph_Driver/libstm32fw.a(stm32f10x_gpio.o)
                0x0800dc5a                GPIO_SetBits
 .text.GPIO_ResetBits
                0x0800dc5e        0x4 lib/STM32F10x_StdPeriph_Driver/libstm32fw.a(stm32f10x_gpio.o)
                0x0800dc5e                GPIO_ResetBits
 .text.GPIO_WriteBit
                0x0800dc62        0xa lib/STM32F10x_StdPeriph_Driver/libstm32fw.a(stm32f10x_gpio.o)
                0x0800dc62                GPIO_WriteBit
 .text.GPIO_PinRemapConfig
                0x0800dc6c       0x58 lib/STM32F10x_StdPeriph_Driver/libstm32fw.a(stm32f10x_gpio.o)
                0x0800dc6c                GPIO_PinRemapConfig
 .text.GPIO_EXTILineConfig
                0x0800dcc4       0x34 lib/STM32F10x_StdPeriph_Driver/libstm32fw.a(stm32f10x_gpio.o)
                0x0800dcc4                GPIO_EXTILineConfig
 .text.I2C_DeInit
                0x0800dcf8       0x34 lib/STM32F10x_StdPeriph_Driver/libstm32fw.a(stm32f10x_i2c.o)
                0x0800dcf8                I2C_DeInit
 .text.I2C_Init
                0x0800dd2c       0xd4 lib/STM32F10x_StdPeriph_Driver/libstm32fw.a(stm32f10x_i2c.o)
                0x0800dd2c                I2C_Init
 .text.I2C_Cmd  0x0800de00       0x18 lib/STM32F10x_StdPeriph_Driver/libstm32fw.a(stm32f10x_i2c.o)
                0x0800de00                I2C_Cmd
 .text.I2C_GenerateSTART
                0x0800de18       0x18 lib/STM32F10x_StdPeriph_Driver/libstm32fw.a(stm32f10x_i2c.o)
                0x0800de18                I2C_GenerateSTART
 .text.I2C_GenerateSTOP
                0x0800de30       0x18 lib/STM32F10x_StdPeriph_Driver/libstm32fw.a(stm32f10x_i2c.o)
                0x0800de30                I2C_GenerateSTOP
 .text.I2C_AcknowledgeConfig
                0x0800de48       0x18 lib/STM32F10x_StdPeriph_Driver/libstm32fw.a(stm32f10x_i2c.o)
                0x0800de48                I2C_AcknowledgeConfig
 .text.I2C_ITConfig
                0x0800de60       0x12 lib/STM32F10x_StdPeriph_Driver/libstm32fw.a(stm32f10x_i2c.o)
                0x0800de60                I2C_ITConfig
 .text.I2C_SendData
                0x0800de72        0x4 lib/STM32F10x_StdPeriph_Driver/libstm32fw.a(stm32f10x_i2c.o)
                0x0800de72                I2C_SendData
 .text.I2C_ReceiveData
                0x0800de76        0x6 lib/STM32F10x_StdPeriph_Driver/libstm32fw.a(stm32f10x_i2c.o)
                0x0800de76                I2C_ReceiveData
 .text.I2C_Send7bitAddress
                0x0800de7c       0x10 lib/STM32F10x_StdPeriph_Driver/libstm32fw.a(stm32f10x_i2c.o)
                0x0800de7c                I2C_Send7bitAddress
 .text.I2C_SoftwareResetCmd
                0x0800de8c       0x18 lib/STM32F10x_StdPeriph_Driver/libstm32fw.a(stm32f10x_i2c.o)
                0x0800de8c                I2C_SoftwareResetCmd
 .text.IWDG_WriteAccessCmd
                0x0800dea4        0xc lib/STM32F10x_StdPeriph_Driver/libstm32fw.a(stm32f10x_iwdg.o)
                0x0800dea4                IWDG_WriteAccessCmd
 .text.IWDG_SetPrescaler
                0x0800deb0        0xc lib/STM32F10x_StdPeriph_Driver/libstm32fw.a(stm32f10x_iwdg.o)
                0x0800deb0                IWDG_SetPrescaler
 .text.IWDG_SetReload
                0x0800debc        0xc lib/STM32F10x_StdPeriph_Driver/libstm32fw.a(stm32f10x_iwdg.o)
                0x0800debc                IWDG_SetReload
 .text.IWDG_ReloadCounter
                0x0800dec8       0x10 lib/STM32F10x_StdPeriph_Driver/libstm32fw.a(stm32f10x_iwdg.o)
                0x0800dec8                IWDG_ReloadCounter
 .text.IWDG_Enable
                0x0800ded8       0x10 lib/STM32F10x_StdPeriph_Driver/libstm32fw.a(stm32f10x_iwdg.o)
                0x0800ded8                IWDG_Enable
 .text.PWR_DeInit
                0x0800dee8       0x1a lib/STM32F10x_StdPeriph_Driver/libstm32fw.a(stm32f10x_pwr.o)
                0x0800dee8                PWR_DeInit
 *fill*         0x0800df02        0x2 
 .text.PWR_BackupAccessCmd
                0x0800df04        0xc lib/STM32F10x_StdPeriph_Driver/libstm32fw.a(stm32f10x_pwr.o)
                0x0800df04                PWR_BackupAccessCmd
 .text.PWR_WakeUpPinCmd
                0x0800df10        0xc lib/STM32F10x_StdPeriph_Driver/libstm32fw.a(stm32f10x_pwr.o)
                0x0800df10                PWR_WakeUpPinCmd
 .text.PWR_EnterSTANDBYMode
                0x0800df1c       0x28 lib/STM32F10x_StdPeriph_Driver/libstm32fw.a(stm32f10x_pwr.o)
                0x0800df1c                PWR_EnterSTANDBYMode
 .text.RCC_HCLKConfig
                0x0800df44       0x14 lib/STM32F10x_StdPeriph_Driver/libstm32fw.a(stm32f10x_rcc.o)
                0x0800df44                RCC_HCLKConfig
 .text.RCC_USBCLKConfig
                0x0800df58        0xc lib/STM32F10x_StdPeriph_Driver/libstm32fw.a(stm32f10x_rcc.o)
                0x0800df58                RCC_USBCLKConfig
 .text.RCC_ADCCLKConfig
                0x0800df64       0x14 lib/STM32F10x_StdPeriph_Driver/libstm32fw.a(stm32f10x_rcc.o)
                0x0800df64                RCC_ADCCLKConfig
 .text.RCC_LSEConfig
                0x0800df78       0x20 lib/STM32F10x_StdPeriph_Driver/libstm32fw.a(stm32f10x_rcc.o)
                0x0800df78                RCC_LSEConfig
 .text.RCC_RTCCLKConfig
                0x0800df98       0x10 lib/STM32F10x_StdPeriph_Driver/libstm32fw.a(stm32f10x_rcc.o)
                0x0800df98                RCC_RTCCLKConfig
 .text.RCC_RTCCLKCmd
                0x0800dfa8        0xc lib/STM32F10x_StdPeriph_Driver/libstm32fw.a(stm32f10x_rcc.o)
                0x0800dfa8                RCC_RTCCLKCmd
 .text.RCC_GetClocksFreq
                0x0800dfb4       0x9c lib/STM32F10x_StdPeriph_Driver/libstm32fw.a(stm32f10x_rcc.o)
                0x0800dfb4                RCC_GetClocksFreq
 .text.RCC_AHBPeriphClockCmd
                0x0800e050       0x18 lib/STM32F10x_StdPeriph_Driver/libstm32fw.a(stm32f10x_rcc.o)
                0x0800e050                RCC_AHBPeriphClockCmd
 .text.RCC_APB2PeriphClockCmd
                0x0800e068       0x18 lib/STM32F10x_StdPeriph_Driver/libstm32fw.a(stm32f10x_rcc.o)
                0x0800e068                RCC_APB2PeriphClockCmd
 .text.RCC_APB1PeriphClockCmd
                0x0800e080       0x18 lib/STM32F10x_StdPeriph_Driver/libstm32fw.a(stm32f10x_rcc.o)
                0x0800e080                RCC_APB1PeriphClockCmd
 .text.RCC_APB2PeriphResetCmd
                0x0800e098       0x18 lib/STM32F10x_StdPeriph_Driver/libstm32fw.a(stm32f10x_rcc.o)
                0x0800e098                RCC_APB2PeriphResetCmd
 .text.RCC_APB1PeriphResetCmd
                0x0800e0b0       0x18 lib/STM32F10x_StdPeriph_Driver/libstm32fw.a(stm32f10x_rcc.o)
                0x0800e0b0                RCC_APB1PeriphResetCmd
 .text.RCC_BackupResetCmd
                0x0800e0c8        0xc lib/STM32F10x_StdPeriph_Driver/libstm32fw.a(stm32f10x_rcc.o)
                0x0800e0c8                RCC_BackupResetCmd
 .text.RCC_GetFlagStatus
                0x0800e0d4       0x28 lib/STM32F10x_StdPeriph_Driver/libstm32fw.a(stm32f10x_rcc.o)
                0x0800e0d4                RCC_GetFlagStatus
 .text.RTC_EnterConfigMode
                0x0800e0fc       0x14 lib/STM32F10x_StdPeriph_Driver/libstm32fw.a(stm32f10x_rtc.o)
                0x0800e0fc                RTC_EnterConfigMode
 .text.RTC_ExitConfigMode
                0x0800e110       0x14 lib/STM32F10x_StdPeriph_Driver/libstm32fw.a(stm32f10x_rtc.o)
                0x0800e110                RTC_ExitConfigMode
 .text.RTC_GetCounter
                0x0800e124       0x14 lib/STM32F10x_StdPeriph_Driver/libstm32fw.a(stm32f10x_rtc.o)
                0x0800e124                RTC_GetCounter
 .text.RTC_SetCounter
                0x0800e138       0x20 lib/STM32F10x_StdPeriph_Driver/libstm32fw.a(stm32f10x_rtc.o)
                0x0800e138                RTC_SetCounter
 .text.RTC_SetPrescaler
                0x0800e158       0x20 lib/STM32F10x_StdPeriph_Driver/libstm32fw.a(stm32f10x_rtc.o)
                0x0800e158                RTC_SetPrescaler
 .text.RTC_WaitForLastTask
                0x0800e178       0x14 lib/STM32F10x_StdPeriph_Driver/libstm32fw.a(stm32f10x_rtc.o)
                0x0800e178                RTC_WaitForLastTask
 .text.RTC_WaitForSynchro
                0x0800e18c       0x24 lib/STM32F10x_StdPeriph_Driver/libstm32fw.a(stm32f10x_rtc.o)
                0x0800e18c                RTC_WaitForSynchro
 .text.SPI_Init
                0x0800e1b0       0x3e lib/STM32F10x_StdPeriph_Driver/libstm32fw.a(stm32f10x_spi.o)
                0x0800e1b0                SPI_Init
 .text.SPI_StructInit
                0x0800e1ee       0x18 lib/STM32F10x_StdPeriph_Driver/libstm32fw.a(stm32f10x_spi.o)
                0x0800e1ee                SPI_StructInit
 .text.SPI_Cmd  0x0800e206       0x18 lib/STM32F10x_StdPeriph_Driver/libstm32fw.a(stm32f10x_spi.o)
                0x0800e206                SPI_Cmd
 .text.SPI_I2S_DMACmd
                0x0800e21e       0x12 lib/STM32F10x_StdPeriph_Driver/libstm32fw.a(stm32f10x_spi.o)
                0x0800e21e                SPI_I2S_DMACmd
 .text.SPI_I2S_SendData
                0x0800e230        0x4 lib/STM32F10x_StdPeriph_Driver/libstm32fw.a(stm32f10x_spi.o)
                0x0800e230                SPI_I2S_SendData
 .text.SPI_I2S_ReceiveData
                0x0800e234        0x6 lib/STM32F10x_StdPeriph_Driver/libstm32fw.a(stm32f10x_spi.o)
                0x0800e234                SPI_I2S_ReceiveData
 .text.SPI_CalculateCRC
                0x0800e23a       0x18 lib/STM32F10x_StdPeriph_Driver/libstm32fw.a(stm32f10x_spi.o)
                0x0800e23a                SPI_CalculateCRC
 .text.SPI_I2S_GetFlagStatus
                0x0800e252        0xc lib/STM32F10x_StdPeriph_Driver/libstm32fw.a(stm32f10x_spi.o)
                0x0800e252                SPI_I2S_GetFlagStatus
 *fill*         0x0800e25e        0x2 
 .text.TIM_DeInit
                0x0800e260       0xc8 lib/STM32F10x_StdPeriph_Driver/libstm32fw.a(stm32f10x_tim.o)
                0x0800e260                TIM_DeInit
 .text.TIM_TimeBaseInit
                0x0800e328       0x3c lib/STM32F10x_StdPeriph_Driver/libstm32fw.a(stm32f10x_tim.o)
                0x0800e328                TIM_TimeBaseInit
 .text.TIM_OC4Init
                0x0800e364       0x68 lib/STM32F10x_StdPeriph_Driver/libstm32fw.a(stm32f10x_tim.o)
                0x0800e364                TIM_OC4Init
 .text.TIM_Cmd  0x0800e3cc       0x18 lib/STM32F10x_StdPeriph_Driver/libstm32fw.a(stm32f10x_tim.o)
                0x0800e3cc                TIM_Cmd
 .text.TIM_OC4PreloadConfig
                0x0800e3e4       0x14 lib/STM32F10x_StdPeriph_Driver/libstm32fw.a(stm32f10x_tim.o)
                0x0800e3e4                TIM_OC4PreloadConfig
 .text.USART_DeInit
                0x0800e3f8       0x98 lib/STM32F10x_StdPeriph_Driver/libstm32fw.a(stm32f10x_usart.o)
                0x0800e3f8                USART_DeInit
 .text.USART_Init
                0x0800e490       0x88 lib/STM32F10x_StdPeriph_Driver/libstm32fw.a(stm32f10x_usart.o)
                0x0800e490                USART_Init
 .text.USART_Cmd
                0x0800e518       0x18 lib/STM32F10x_StdPeriph_Driver/libstm32fw.a(stm32f10x_usart.o)
                0x0800e518                USART_Cmd
 .text.USART_ITConfig
                0x0800e530       0x34 lib/STM32F10x_StdPeriph_Driver/libstm32fw.a(stm32f10x_usart.o)
                0x0800e530                USART_ITConfig
 .text.USART_DMACmd
                0x0800e564       0x12 lib/STM32F10x_StdPeriph_Driver/libstm32fw.a(stm32f10x_usart.o)
                0x0800e564                USART_DMACmd
 .text.USART_SendData
                0x0800e576        0x8 lib/STM32F10x_StdPeriph_Driver/libstm32fw.a(stm32f10x_usart.o)
                0x0800e576                USART_SendData
 .text.USART_ReceiveData
                0x0800e57e        0x8 lib/STM32F10x_StdPeriph_Driver/libstm32fw.a(stm32f10x_usart.o)
                0x0800e57e                USART_ReceiveData
 .text.USART_GetFlagStatus
                0x0800e586        0xc lib/STM32F10x_StdPeriph_Driver/libstm32fw.a(stm32f10x_usart.o)
                0x0800e586                USART_GetFlagStatus
 .text.USART_GetITStatus
                0x0800e592       0x40 lib/STM32F10x_StdPeriph_Driver/libstm32fw.a(stm32f10x_usart.o)
                0x0800e592                USART_GetITStatus
 .text.USART_ClearITPendingBit
                0x0800e5d2       0x10 lib/STM32F10x_StdPeriph_Driver/libstm32fw.a(stm32f10x_usart.o)
                0x0800e5d2                USART_ClearITPendingBit
 *fill*         0x0800e5e2        0x2 
 .text.Standard_GetConfiguration
                0x0800e5e4       0x24 lib/STM32_USB-FS-Device_Driver/libstm32usb.a(usb_core.o)
                0x0800e5e4                Standard_GetConfiguration
 .text.Standard_GetInterface
                0x0800e608       0x24 lib/STM32_USB-FS-Device_Driver/libstm32usb.a(usb_core.o)
                0x0800e608                Standard_GetInterface
 .text.Standard_GetStatus
                0x0800e62c       0x9c lib/STM32_USB-FS-Device_Driver/libstm32usb.a(usb_core.o)
                0x0800e62c                Standard_GetStatus
 .text.DataStageIn
                0x0800e6c8       0xa4 lib/STM32_USB-FS-Device_Driver/libstm32usb.a(usb_core.o)
 .text.Standard_SetConfiguration
                0x0800e76c       0x38 lib/STM32_USB-FS-Device_Driver/libstm32usb.a(usb_core.o)
                0x0800e76c                Standard_SetConfiguration
 .text.Standard_SetInterface
                0x0800e7a4       0x48 lib/STM32_USB-FS-Device_Driver/libstm32usb.a(usb_core.o)
                0x0800e7a4                Standard_SetInterface
 .text.Standard_ClearFeature
                0x0800e7ec       0xdc lib/STM32_USB-FS-Device_Driver/libstm32usb.a(usb_core.o)
                0x0800e7ec                Standard_ClearFeature
 .text.Standard_SetEndPointFeature
                0x0800e8c8       0x8c lib/STM32_USB-FS-Device_Driver/libstm32usb.a(usb_core.o)
                0x0800e8c8                Standard_SetEndPointFeature
 .text.Standard_SetDeviceFeature
                0x0800e954       0x24 lib/STM32_USB-FS-Device_Driver/libstm32usb.a(usb_core.o)
                0x0800e954                Standard_SetDeviceFeature
 .text.Standard_GetDescriptorData
                0x0800e978       0x1c lib/STM32_USB-FS-Device_Driver/libstm32usb.a(usb_core.o)
                0x0800e978                Standard_GetDescriptorData
 .text.Post0_Process
                0x0800e994       0x40 lib/STM32_USB-FS-Device_Driver/libstm32usb.a(usb_core.o)
                0x0800e994                Post0_Process
 .text.Out0_Process
                0x0800e9d4       0xd4 lib/STM32_USB-FS-Device_Driver/libstm32usb.a(usb_core.o)
                0x0800e9d4                Out0_Process
 .text.Setup0_Process
                0x0800eaa8      0x2f8 lib/STM32_USB-FS-Device_Driver/libstm32usb.a(usb_core.o)
                0x0800eaa8                Setup0_Process
 .text.SetDeviceAddress
                0x0800eda0       0x40 lib/STM32_USB-FS-Device_Driver/libstm32usb.a(usb_core.o)
                0x0800eda0                SetDeviceAddress
 .text.In0_Process
                0x0800ede0       0x60 lib/STM32_USB-FS-Device_Driver/libstm32usb.a(usb_core.o)
                0x0800ede0                In0_Process
 .text.NOP_Process
                0x0800ee40        0x2 lib/STM32_USB-FS-Device_Driver/libstm32usb.a(usb_core.o)
                0x0800ee40                NOP_Process
 *fill*         0x0800ee42        0x2 
 .text.USB_Init
                0x0800ee44       0x38 lib/STM32_USB-FS-Device_Driver/libstm32usb.a(usb_init.o)
                0x0800ee44                USB_Init
 .text.CTR_LP   0x0800ee7c      0x190 lib/STM32_USB-FS-Device_Driver/libstm32usb.a(usb_int.o)
                0x0800ee7c                CTR_LP
 .text.CTR_HP   0x0800f00c       0x74 lib/STM32_USB-FS-Device_Driver/libstm32usb.a(usb_int.o)
                0x0800f00c                CTR_HP
 .text.UserToPMABufferCopy
                0x0800f080       0x2e lib/STM32_USB-FS-Device_Driver/libstm32usb.a(usb_mem.o)
                0x0800f080                UserToPMABufferCopy
 .text.PMAToUserBufferCopy
                0x0800f0ae       0x24 lib/STM32_USB-FS-Device_Driver/libstm32usb.a(usb_mem.o)
                0x0800f0ae                PMAToUserBufferCopy
 *fill*         0x0800f0d2        0x2 
 .text.SetBTABLE
                0x0800f0d4       0x10 lib/STM32_USB-FS-Device_Driver/libstm32usb.a(usb_regs.o)
                0x0800f0d4                SetBTABLE
 .text.SetEPType
                0x0800f0e4       0x18 lib/STM32_USB-FS-Device_Driver/libstm32usb.a(usb_regs.o)
                0x0800f0e4                SetEPType
 .text.SetEPTxStatus
                0x0800f0fc       0x3a lib/STM32_USB-FS-Device_Driver/libstm32usb.a(usb_regs.o)
                0x0800f0fc                SetEPTxStatus
 .text.SetEPRxStatus
                0x0800f136       0x3a lib/STM32_USB-FS-Device_Driver/libstm32usb.a(usb_regs.o)
                0x0800f136                SetEPRxStatus
 .text.SetEPRxValid
                0x0800f170       0x22 lib/STM32_USB-FS-Device_Driver/libstm32usb.a(usb_regs.o)
                0x0800f170                SetEPRxValid
 .text.Clear_Status_Out
                0x0800f192       0x1e lib/STM32_USB-FS-Device_Driver/libstm32usb.a(usb_regs.o)
                0x0800f192                Clear_Status_Out
 .text.ClearDTOG_RX
                0x0800f1b0       0x24 lib/STM32_USB-FS-Device_Driver/libstm32usb.a(usb_regs.o)
                0x0800f1b0                ClearDTOG_RX
 .text.ClearDTOG_TX
                0x0800f1d4       0x24 lib/STM32_USB-FS-Device_Driver/libstm32usb.a(usb_regs.o)
                0x0800f1d4                ClearDTOG_TX
 .text.SetEPTxAddr
                0x0800f1f8       0x20 lib/STM32_USB-FS-Device_Driver/libstm32usb.a(usb_regs.o)
                0x0800f1f8                SetEPTxAddr
 .text.SetEPRxAddr
                0x0800f218       0x20 lib/STM32_USB-FS-Device_Driver/libstm32usb.a(usb_regs.o)
                0x0800f218                SetEPRxAddr
 .text.GetEPTxAddr
                0x0800f238       0x1c lib/STM32_USB-FS-Device_Driver/libstm32usb.a(usb_regs.o)
                0x0800f238                GetEPTxAddr
 .text.GetEPRxAddr
                0x0800f254       0x1c lib/STM32_USB-FS-Device_Driver/libstm32usb.a(usb_regs.o)
                0x0800f254                GetEPRxAddr
 .text.SetEPTxCount
                0x0800f270       0x1c lib/STM32_USB-FS-Device_Driver/libstm32usb.a(usb_regs.o)
                0x0800f270                SetEPTxCount
 .text.SetEPRxCount
                0x0800f28c       0x3c lib/STM32_USB-FS-Device_Driver/libstm32usb.a(usb_regs.o)
                0x0800f28c                SetEPRxCount
 .text.GetEPRxCount
                0x0800f2c8       0x20 lib/STM32_USB-FS-Device_Driver/libstm32usb.a(usb_regs.o)
                0x0800f2c8                GetEPRxCount
 .text.ByteSwap
                0x0800f2e8        0xa lib/STM32_USB-FS-Device_Driver/libstm32usb.a(usb_regs.o)
                0x0800f2e8                ByteSwap
 *fill*         0x0800f2f2        0x2 
 .text.USB_SIL_Init
                0x0800f2f4       0x20 lib/STM32_USB-FS-Device_Driver/libstm32usb.a(usb_sil.o)
                0x0800f2f4                USB_SIL_Init
 .text.USB_SIL_Write
                0x0800f314       0x28 lib/STM32_USB-FS-Device_Driver/libstm32usb.a(usb_sil.o)
                0x0800f314                USB_SIL_Write
 .text.USB_SIL_Read
                0x0800f33c       0x24 lib/STM32_USB-FS-Device_Driver/libstm32usb.a(usb_sil.o)
                0x0800f33c                USB_SIL_Read
 .text.exit     0x0800f360       0x28 /home/laurence/ARM-GCC/bin/../lib/gcc/arm-none-eabi/5.3.1/../../../../arm-none-eabi/lib/armv7-m/libg_nano.a(lib_a-exit.o)
                0x0800f360                exit
 .text.__libc_init_array
                0x0800f388       0x4c /home/laurence/ARM-GCC/bin/../lib/gcc/arm-none-eabi/5.3.1/../../../../arm-none-eabi/lib/armv7-m/libg_nano.a(lib_a-init.o)
                0x0800f388                __libc_init_array
 .text.memset   0x0800f3d4       0x10 /home/laurence/ARM-GCC/bin/../lib/gcc/arm-none-eabi/5.3.1/../../../../arm-none-eabi/lib/armv7-m/libg_nano.a(lib_a-memset.o)
                0x0800f3d4                memset
 .text.srand    0x0800f3e4       0x50 /home/laurence/ARM-GCC/bin/../lib/gcc/arm-none-eabi/5.3.1/../../../../arm-none-eabi/lib/armv7-m/libg_nano.a(lib_a-rand.o)
                0x0800f3e4                srand
 .text.rand     0x0800f434       0x74 /home/laurence/ARM-GCC/bin/../lib/gcc/arm-none-eabi/5.3.1/../../../../arm-none-eabi/lib/armv7-m/libg_nano.a(lib_a-rand.o)
                0x0800f434                rand
 .text.malloc   0x0800f4a8       0x10 /home/laurence/ARM-GCC/bin/../lib/gcc/arm-none-eabi/5.3.1/../../../../arm-none-eabi/lib/armv7-m/libg_nano.a(lib_a-malloc.o)
                0x0800f4a8                malloc
 .text._malloc_r
                0x0800f4b8       0xa8 /home/laurence/ARM-GCC/bin/../lib/gcc/arm-none-eabi/5.3.1/../../../../arm-none-eabi/lib/armv7-m/libg_nano.a(lib_a-nano-mallocr.o)
                0x0800f4b8                _malloc_r
 .text._sbrk_r  0x0800f560       0x20 /home/laurence/ARM-GCC/bin/../lib/gcc/arm-none-eabi/5.3.1/../../../../arm-none-eabi/lib/armv7-m/libg_nano.a(lib_a-sbrkr.o)
                0x0800f560                _sbrk_r
 .text._sbrk    0x0800f580       0x1c /home/laurence/ARM-GCC/bin/../lib/gcc/arm-none-eabi/5.3.1/../../../../arm-none-eabi/lib/armv7-m/libnosys.a(sbrk.o)
                0x0800f580                _sbrk
 .text._exit    0x0800f59c        0x4 /home/laurence/ARM-GCC/bin/../lib/gcc/arm-none-eabi/5.3.1/../../../../arm-none-eabi/lib/armv7-m/libnosys.a(_exit.o)
                0x0800f59c                _exit
 .text.roundf   0x0800f5a0       0x48 /home/laurence/ARM-GCC/bin/../lib/gcc/arm-none-eabi/5.3.1/../../../../arm-none-eabi/lib/armv7-m/libm.a(lib_a-sf_round.o)
                0x0800f5a0                roundf
 .text.sinf     0x0800f5e8       0x7c /home/laurence/ARM-GCC/bin/../lib/gcc/arm-none-eabi/5.3.1/../../../../arm-none-eabi/lib/armv7-m/libm.a(lib_a-sf_sin.o)
                0x0800f5e8                sinf
 .text.atan2    0x0800f664        0x4 /home/laurence/ARM-GCC/bin/../lib/gcc/arm-none-eabi/5.3.1/../../../../arm-none-eabi/lib/armv7-m/libm.a(lib_a-w_atan2.o)
                0x0800f664                atan2
 .text.acosf    0x0800f668       0xa4 /home/laurence/ARM-GCC/bin/../lib/gcc/arm-none-eabi/5.3.1/../../../../arm-none-eabi/lib/armv7-m/libm.a(lib_a-wf_acos.o)
                0x0800f668                acosf
 .text.atan2f   0x0800f70c        0x4 /home/laurence/ARM-GCC/bin/../lib/gcc/arm-none-eabi/5.3.1/../../../../arm-none-eabi/lib/armv7-m/libm.a(lib_a-wf_atan2.o)
                0x0800f70c                atan2f
 .text.sqrtf    0x0800f710       0x9c /home/laurence/ARM-GCC/bin/../lib/gcc/arm-none-eabi/5.3.1/../../../../arm-none-eabi/lib/armv7-m/libm.a(lib_a-wf_sqrt.o)
                0x0800f710                sqrtf
 *fill*         0x0800f7ac        0x4 
 .text.__ieee754_atan2
                0x0800f7b0      0x194 /home/laurence/ARM-GCC/bin/../lib/gcc/arm-none-eabi/5.3.1/../../../../arm-none-eabi/lib/armv7-m/libm.a(lib_a-e_atan2.o)
                0x0800f7b0                __ieee754_atan2
 .text.__ieee754_acosf
                0x0800f944      0x2c8 /home/laurence/ARM-GCC/bin/../lib/gcc/arm-none-eabi/5.3.1/../../../../arm-none-eabi/lib/armv7-m/libm.a(lib_a-ef_acos.o)
                0x0800f944                __ieee754_acosf
 .text.__ieee754_atan2f
                0x0800fc0c      0x124 /home/laurence/ARM-GCC/bin/../lib/gcc/arm-none-eabi/5.3.1/../../../../arm-none-eabi/lib/armv7-m/libm.a(lib_a-ef_atan2.o)
                0x0800fc0c                __ieee754_atan2f
 .text.__ieee754_rem_pio2f
                0x0800fd30      0x2e4 /home/laurence/ARM-GCC/bin/../lib/gcc/arm-none-eabi/5.3.1/../../../../arm-none-eabi/lib/armv7-m/libm.a(lib_a-ef_rem_pio2.o)
                0x0800fd30                __ieee754_rem_pio2f
 .text.__ieee754_sqrtf
                0x08010014       0xa8 /home/laurence/ARM-GCC/bin/../lib/gcc/arm-none-eabi/5.3.1/../../../../arm-none-eabi/lib/armv7-m/libm.a(lib_a-ef_sqrt.o)
                0x08010014                __ieee754_sqrtf
 .text.__kernel_cosf
                0x080100bc      0x188 /home/laurence/ARM-GCC/bin/../lib/gcc/arm-none-eabi/5.3.1/../../../../arm-none-eabi/lib/armv7-m/libm.a(lib_a-kf_cos.o)
                0x080100bc                __kernel_cosf
 .text.__kernel_rem_pio2f
                0x08010244      0x6a8 /home/laurence/ARM-GCC/bin/../lib/gcc/arm-none-eabi/5.3.1/../../../../arm-none-eabi/lib/armv7-m/libm.a(lib_a-kf_rem_pio2.o)
                0x08010244                __kernel_rem_pio2f
 .text.__kernel_sinf
                0x080108ec       0xec /home/laurence/ARM-GCC/bin/../lib/gcc/arm-none-eabi/5.3.1/../../../../arm-none-eabi/lib/armv7-m/libm.a(lib_a-kf_sin.o)
                0x080108ec                __kernel_sinf
 .text.atan     0x080109d8      0x33c /home/laurence/ARM-GCC/bin/../lib/gcc/arm-none-eabi/5.3.1/../../../../arm-none-eabi/lib/armv7-m/libm.a(lib_a-s_atan.o)
                0x080109d8                atan
 .text.fabs     0x08010d14        0x8 /home/laurence/ARM-GCC/bin/../lib/gcc/arm-none-eabi/5.3.1/../../../../arm-none-eabi/lib/armv7-m/libm.a(lib_a-s_fabs.o)
                0x08010d14                fabs
 .text.matherr  0x08010d1c        0x4 /home/laurence/ARM-GCC/bin/../lib/gcc/arm-none-eabi/5.3.1/../../../../arm-none-eabi/lib/armv7-m/libm.a(lib_a-s_matherr.o)
                0x08010d1c                matherr
 .text.nan      0x08010d20        0xc /home/laurence/ARM-GCC/bin/../lib/gcc/arm-none-eabi/5.3.1/../../../../arm-none-eabi/lib/armv7-m/libm.a(lib_a-s_nan.o)
                0x08010d20                nan
 .text.atanf    0x08010d2c      0x22c /home/laurence/ARM-GCC/bin/../lib/gcc/arm-none-eabi/5.3.1/../../../../arm-none-eabi/lib/armv7-m/libm.a(lib_a-sf_atan.o)
                0x08010d2c                atanf
 .text.fabsf    0x08010f58        0x8 /home/laurence/ARM-GCC/bin/../lib/gcc/arm-none-eabi/5.3.1/../../../../arm-none-eabi/lib/armv7-m/libm.a(lib_a-sf_fabs.o)
                0x08010f58                fabsf
 .text.floorf   0x08010f60       0x8c /home/laurence/ARM-GCC/bin/../lib/gcc/arm-none-eabi/5.3.1/../../../../arm-none-eabi/lib/armv7-m/libm.a(lib_a-sf_floor.o)
                0x08010f60                floorf
 .text.scalbnf  0x08010fec       0xb0 /home/laurence/ARM-GCC/bin/../lib/gcc/arm-none-eabi/5.3.1/../../../../arm-none-eabi/lib/armv7-m/libm.a(lib_a-sf_scalbn.o)
                0x08010fec                scalbnf
 .text.copysignf
                0x0801109c        0xc /home/laurence/ARM-GCC/bin/../lib/gcc/arm-none-eabi/5.3.1/../../../../arm-none-eabi/lib/armv7-m/libm.a(lib_a-sf_copysign.o)
                0x0801109c                copysignf
 .text          0x080110a8      0x370 /home/laurence/ARM-GCC/bin/../lib/gcc/arm-none-eabi/5.3.1/armv7-m/libgcc.a(_arm_addsubdf3.o)
                0x080110a8                __aeabi_drsub
                0x080110b0                __aeabi_dsub
                0x080110b0                __subdf3
                0x080110b4                __adddf3
                0x080110b4                __aeabi_dadd
                0x0801132c                __aeabi_ui2d
                0x0801132c                __floatunsidf
                0x0801134c                __floatsidf
                0x0801134c                __aeabi_i2d
                0x08011370                __extendsfdf2
                0x08011370                __aeabi_f2d
                0x080113ac                __aeabi_ul2d
                0x080113ac                __floatundidf
                0x080113bc                __floatdidf
                0x080113bc                __aeabi_l2d
 .text          0x08011418      0x424 /home/laurence/ARM-GCC/bin/../lib/gcc/arm-none-eabi/5.3.1/armv7-m/libgcc.a(_arm_muldivdf3.o)
                0x08011418                __aeabi_dmul
                0x08011418                __muldf3
                0x0801166c                __aeabi_ddiv
                0x0801166c                __divdf3
 .text          0x0801183c      0x110 /home/laurence/ARM-GCC/bin/../lib/gcc/arm-none-eabi/5.3.1/armv7-m/libgcc.a(_arm_cmpdf2.o)
                0x0801183c                __gtdf2
                0x0801183c                __gedf2
                0x08011844                __ltdf2
                0x08011844                __ledf2
                0x0801184c                __cmpdf2
                0x0801184c                __eqdf2
                0x0801184c                __nedf2
                0x080118c8                __aeabi_cdrcmple
                0x080118d8                __aeabi_cdcmple
                0x080118d8                __aeabi_cdcmpeq
                0x080118e8                __aeabi_dcmpeq
                0x080118fc                __aeabi_dcmplt
                0x08011910                __aeabi_dcmple
                0x08011924                __aeabi_dcmpge
                0x08011938                __aeabi_dcmpgt
 .text          0x0801194c       0x50 /home/laurence/ARM-GCC/bin/../lib/gcc/arm-none-eabi/5.3.1/armv7-m/libgcc.a(_arm_fixdfsi.o)
                0x0801194c                __fixdfsi
                0x0801194c                __aeabi_d2iz
 .text          0x0801199c       0x40 /home/laurence/ARM-GCC/bin/../lib/gcc/arm-none-eabi/5.3.1/armv7-m/libgcc.a(_arm_fixunsdfsi.o)
                0x0801199c                __fixunsdfsi
                0x0801199c                __aeabi_d2uiz
 .text          0x080119dc       0xa0 /home/laurence/ARM-GCC/bin/../lib/gcc/arm-none-eabi/5.3.1/armv7-m/libgcc.a(_arm_truncdfsf2.o)
                0x080119dc                __aeabi_d2f
                0x080119dc                __truncdfsf2
 .text          0x08011a7c      0x21c /home/laurence/ARM-GCC/bin/../lib/gcc/arm-none-eabi/5.3.1/armv7-m/libgcc.a(_arm_addsubsf3.o)
                0x08011a7c                __aeabi_frsub
                0x08011a84                __subsf3
                0x08011a84                __aeabi_fsub
                0x08011a88                __aeabi_fadd
                0x08011a88                __addsf3
                0x08011be8                __aeabi_ui2f
                0x08011be8                __floatunsisf
                0x08011bf0                __aeabi_i2f
                0x08011bf0                __floatsisf
                0x08011c0c                __floatundisf
                0x08011c0c                __aeabi_ul2f
                0x08011c1c                __floatdisf
                0x08011c1c                __aeabi_l2f
 .text          0x08011c98      0x2a0 /home/laurence/ARM-GCC/bin/../lib/gcc/arm-none-eabi/5.3.1/armv7-m/libgcc.a(_arm_muldivsf3.o)
                0x08011c98                __mulsf3
                0x08011c98                __aeabi_fmul
                0x08011e00                __divsf3
                0x08011e00                __aeabi_fdiv
 .text          0x08011f38       0xec /home/laurence/ARM-GCC/bin/../lib/gcc/arm-none-eabi/5.3.1/armv7-m/libgcc.a(_arm_cmpsf2.o)
                0x08011f38                __gtsf2
                0x08011f38                __gesf2
                0x08011f40                __lesf2
                0x08011f40                __ltsf2
                0x08011f48                __nesf2
                0x08011f48                __eqsf2
                0x08011f48                __cmpsf2
                0x08011fa8                __aeabi_cfrcmple
                0x08011fb0                __aeabi_cfcmple
                0x08011fb0                __aeabi_cfcmpeq
                0x08011fc0                __aeabi_fcmpeq
                0x08011fd4                __aeabi_fcmplt
                0x08011fe8                __aeabi_fcmple
                0x08011ffc                __aeabi_fcmpge
                0x08012010                __aeabi_fcmpgt
 .text          0x08012024       0x2c /home/laurence/ARM-GCC/bin/../lib/gcc/arm-none-eabi/5.3.1/armv7-m/libgcc.a(_arm_unordsf2.o)
                0x08012024                __aeabi_fcmpun
                0x08012024                __unordsf2
 .text          0x08012050       0x4c /home/laurence/ARM-GCC/bin/../lib/gcc/arm-none-eabi/5.3.1/armv7-m/libgcc.a(_arm_fixsfsi.o)
                0x08012050                __fixsfsi
                0x08012050                __aeabi_f2iz
 .text          0x0801209c       0x40 /home/laurence/ARM-GCC/bin/../lib/gcc/arm-none-eabi/5.3.1/armv7-m/libgcc.a(_arm_fixunssfsi.o)
                0x0801209c                __aeabi_f2uiz
                0x0801209c                __fixunssfsi
 .text.__errno  0x080120dc        0xc /home/laurence/ARM-GCC/bin/../lib/gcc/arm-none-eabi/5.3.1/../../../../arm-none-eabi/lib/armv7-m/libg_nano.a(lib_a-errno.o)
                0x080120dc                __errno
 .text.memcmp   0x080120e8       0x1e /home/laurence/ARM-GCC/bin/../lib/gcc/arm-none-eabi/5.3.1/../../../../arm-none-eabi/lib/armv7-m/libg_nano.a(lib_a-memcmp.o)
                0x080120e8                memcmp
 .text.memcpy   0x08012106       0x16 /home/laurence/ARM-GCC/bin/../lib/gcc/arm-none-eabi/5.3.1/../../../../arm-none-eabi/lib/armv7-m/libg_nano.a(lib_a-memcpy-stub.o)
                0x08012106                memcpy
 .text          0x0801211c       0x10 /home/laurence/ARM-GCC/bin/../lib/gcc/arm-none-eabi/5.3.1/../../../../arm-none-eabi/lib/armv7-m/libg_nano.a(lib_a-strlen.o)
                0x0801211c                strlen
 *(.init)
 .init          0x0801212c        0x4 /home/laurence/ARM-GCC/bin/../lib/gcc/arm-none-eabi/5.3.1/armv7-m/crti.o
                0x0801212c                _init
 .init          0x08012130        0x8 /home/laurence/ARM-GCC/bin/../lib/gcc/arm-none-eabi/5.3.1/armv7-m/crtn.o
 *(.fini)
 .fini          0x08012138        0x4 /home/laurence/ARM-GCC/bin/../lib/gcc/arm-none-eabi/5.3.1/armv7-m/crti.o
                0x08012138                _fini
 .fini          0x0801213c        0x8 /home/laurence/ARM-GCC/bin/../lib/gcc/arm-none-eabi/5.3.1/armv7-m/crtn.o
 *crtbegin.o(.ctors)
 *crtbegin?.o(.ctors)
 *(EXCLUDE_FILE(*crtend.o *crtend?.o) .ctors)
 *(SORT(.ctors.*))
 *(.ctors)
 *crtbegin.o(.dtors)
 *crtbegin?.o(.dtors)
 *(EXCLUDE_FILE(*crtend.o *crtend?.o) .dtors)
 *(SORT(.dtors.*))
 *(.dtors)
 *(.rodata*)
 .rodata        0x08012144       0xb8 /tmp/ccihxTs9.ltrans0.ltrans.o
                0x080121ec                DaysInMonth.lto_priv.97
                0x080121f8                SystemFrequency
 .rodata.str1.4
                0x080121fc      0x402 /tmp/ccihxTs9.ltrans0.ltrans.o
                                0x40e (size before relaxing)
 *fill*         0x080125fe        0x2 
 .rodata.str1.4
                0x08012600        0x6 /tmp/ccihxTs9.ltrans3.ltrans.o
 *fill*         0x08012606        0x2 
 .rodata        0x08012608      0x3d0 /tmp/ccihxTs9.ltrans4.ltrans.o
                0x08012608                LfnOfs.lto_priv.101
 .rodata        0x080129d8      0x180 /tmp/ccihxTs9.ltrans6.ltrans.o
 .rodata.str1.4
                0x08012b58       0x13 /tmp/ccihxTs9.ltrans6.ltrans.o
 *fill*         0x08012b6b        0x1 
 .rodata.str1.4
                0x08012b6c        0x9 /tmp/ccihxTs9.ltrans11.ltrans.o
 *fill*         0x08012b75        0x3 
 .rodata        0x08012b78       0xac /tmp/ccihxTs9.ltrans14.ltrans.o
 .rodata.str1.1
                0x08012c24        0x2 /home/laurence/ARM-GCC/bin/../lib/gcc/arm-none-eabi/5.3.1/../../../../arm-none-eabi/lib/armv7-m/libg_nano.a(lib_a-impure.o)
 *fill*         0x08012c26        0x2 
 .rodata._global_impure_ptr
                0x08012c28        0x4 /home/laurence/ARM-GCC/bin/../lib/gcc/arm-none-eabi/5.3.1/../../../../arm-none-eabi/lib/armv7-m/libg_nano.a(lib_a-impure.o)
                0x08012c28                _global_impure_ptr
 .rodata.str1.4
                0x08012c2c        0x6 /home/laurence/ARM-GCC/bin/../lib/gcc/arm-none-eabi/5.3.1/../../../../arm-none-eabi/lib/armv7-m/libm.a(lib_a-wf_acos.o)
                                  0x9 (size before relaxing)
 *fill*         0x08012c32        0x2 
 .rodata.str1.4
                0x08012c34        0x8 /home/laurence/ARM-GCC/bin/../lib/gcc/arm-none-eabi/5.3.1/../../../../arm-none-eabi/lib/armv7-m/libm.a(lib_a-wf_sqrt.o)
                                  0x6 (size before relaxing)
 .rodata.npio2_hw
                0x08012c3c       0x80 /home/laurence/ARM-GCC/bin/../lib/gcc/arm-none-eabi/5.3.1/../../../../arm-none-eabi/lib/armv7-m/libm.a(lib_a-ef_rem_pio2.o)
 .rodata.two_over_pi
                0x08012cbc      0x318 /home/laurence/ARM-GCC/bin/../lib/gcc/arm-none-eabi/5.3.1/../../../../arm-none-eabi/lib/armv7-m/libm.a(lib_a-ef_rem_pio2.o)
 .rodata.init_jk
                0x08012fd4        0xc /home/laurence/ARM-GCC/bin/../lib/gcc/arm-none-eabi/5.3.1/../../../../arm-none-eabi/lib/armv7-m/libm.a(lib_a-kf_rem_pio2.o)
 .rodata.PIo2   0x08012fe0       0x2c /home/laurence/ARM-GCC/bin/../lib/gcc/arm-none-eabi/5.3.1/../../../../arm-none-eabi/lib/armv7-m/libm.a(lib_a-kf_rem_pio2.o)
 *fill*         0x0801300c        0x4 
 .rodata.atanlo
                0x08013010       0x20 /home/laurence/ARM-GCC/bin/../lib/gcc/arm-none-eabi/5.3.1/../../../../arm-none-eabi/lib/armv7-m/libm.a(lib_a-s_atan.o)
 .rodata.atanhi
                0x08013030       0x20 /home/laurence/ARM-GCC/bin/../lib/gcc/arm-none-eabi/5.3.1/../../../../arm-none-eabi/lib/armv7-m/libm.a(lib_a-s_atan.o)
 .rodata.atanlo
                0x08013050       0x10 /home/laurence/ARM-GCC/bin/../lib/gcc/arm-none-eabi/5.3.1/../../../../arm-none-eabi/lib/armv7-m/libm.a(lib_a-sf_atan.o)
 .rodata.atanhi
                0x08013060       0x10 /home/laurence/ARM-GCC/bin/../lib/gcc/arm-none-eabi/5.3.1/../../../../arm-none-eabi/lib/armv7-m/libm.a(lib_a-sf_atan.o)
 *(.eh_frame*)
 .eh_frame      0x08013070        0x0 /home/laurence/ARM-GCC/bin/../lib/gcc/arm-none-eabi/5.3.1/armv7-m/crtbegin.o
 .eh_frame      0x08013070        0x4 /home/laurence/ARM-GCC/bin/../lib/gcc/arm-none-eabi/5.3.1/armv7-m/crtend.o

.glue_7         0x08013074        0x0
 .glue_7        0x08013074        0x0 linker stubs

.glue_7t        0x08013074        0x0
 .glue_7t       0x08013074        0x0 linker stubs

.vfp11_veneer   0x08013074        0x0
 .vfp11_veneer  0x08013074        0x0 linker stubs

.v4_bx          0x08013074        0x0
 .v4_bx         0x08013074        0x0 linker stubs

.iplt           0x08013074        0x0
 .iplt          0x08013074        0x0 /home/laurence/ARM-GCC/bin/../lib/gcc/arm-none-eabi/5.3.1/armv7-m/crtbegin.o

.ARM.extab
 *(.ARM.extab* .gnu.linkonce.armextab.*)
                0x08013074                __exidx_start = .

.ARM.exidx      0x08013074        0x8
 *(.ARM.exidx* .gnu.linkonce.armexidx.*)
 .ARM.exidx     0x08013074        0x8 /home/laurence/ARM-GCC/bin/../lib/gcc/arm-none-eabi/5.3.1/../../../../arm-none-eabi/lib/armv7-m/crt0.o
                0x0801307c                __exidx_end = .
                0x0801307c                __etext = .

.rel.dyn        0x0801307c        0x0
 .rel.iplt      0x0801307c        0x0 /home/laurence/ARM-GCC/bin/../lib/gcc/arm-none-eabi/5.3.1/armv7-m/crtbegin.o

.data           0x20000000      0x26c load address 0x0801307c
                0x20000000                __data_start__ = .
 *(vtable)
 *(.data*)
 .data          0x20000000        0x9 /tmp/ccihxTs9.ltrans0.ltrans.o
                0x20000008                SP1ML_network_address
 *fill*         0x20000009        0x3 
 .data          0x2000000c       0x7c /tmp/ccihxTs9.ltrans1.ltrans.o
                0x2000006c                pEpInt_OUT
 .data          0x20000088       0x12 /tmp/ccihxTs9.ltrans2.ltrans.o
                0x20000088                Scsi_Sense_Data
 .data          0x2000009a        0x3 /tmp/ccihxTs9.ltrans5.ltrans.o
                0x2000009a                RLD_replaced.lto_priv.86
 *fill*         0x2000009d        0x3 
 .data          0x200000a0        0x2 /tmp/ccihxTs9.ltrans8.ltrans.o
 .data          0x200000a2        0x1 /tmp/ccihxTs9.ltrans10.ltrans.o
                0x200000a2                rtc_correction
 *fill*         0x200000a3        0x1 
 .data          0x200000a4       0x24 /tmp/ccihxTs9.ltrans11.ltrans.o
 .data          0x200000c8       0x7d /tmp/ccihxTs9.ltrans13.ltrans.o
                0x200000c8                Device_Property
                0x200000fc                I2C_jobs
 *fill*         0x20000145        0x3 
 .data          0x20000148       0x78 /tmp/ccihxTs9.ltrans14.ltrans.o
                0x2000019c                User_Standard_Requests
 .data          0x200001c0        0x1 /tmp/ccihxTs9.ltrans15.ltrans.o
                0x200001c0                Stat.lto_priv.65
 *fill*         0x200001c1        0x3 
 .data          0x200001c4       0x20 /tmp/ccihxTs9.ltrans16.ltrans.o
                0x200001c4                Device_Table
                0x200001c8                pEpInt_IN
 .data.ADCPrescTable
                0x200001e4        0x4 lib/STM32F10x_StdPeriph_Driver/libstm32fw.a(stm32f10x_rcc.o)
 .data.APBAHBPrescTable
                0x200001e8       0x10 lib/STM32F10x_StdPeriph_Driver/libstm32fw.a(stm32f10x_rcc.o)
 .data.impure_data
                0x200001f8       0x60 /home/laurence/ARM-GCC/bin/../lib/gcc/arm-none-eabi/5.3.1/../../../../arm-none-eabi/lib/armv7-m/libg_nano.a(lib_a-impure.o)
 .data._impure_ptr
                0x20000258        0x4 /home/laurence/ARM-GCC/bin/../lib/gcc/arm-none-eabi/5.3.1/../../../../arm-none-eabi/lib/armv7-m/libg_nano.a(lib_a-impure.o)
                0x20000258                _impure_ptr
 .data.__fdlib_version
                0x2000025c        0x1 /home/laurence/ARM-GCC/bin/../lib/gcc/arm-none-eabi/5.3.1/../../../../arm-none-eabi/lib/armv7-m/libm.a(lib_a-s_lib_ver.o)
                0x2000025c                __fdlib_version
                0x20000260                . = ALIGN (0x4)
 *fill*         0x2000025d        0x3 
                0x20000260                PROVIDE (__preinit_array_start, .)
 *(.preinit_array)
                0x20000260                PROVIDE (__preinit_array_end, .)
                0x20000260                . = ALIGN (0x4)
                0x20000260                PROVIDE (__init_array_start, .)
 *(SORT(.init_array.*))
 *(.init_array)
 .init_array    0x20000260        0x4 /home/laurence/ARM-GCC/bin/../lib/gcc/arm-none-eabi/5.3.1/armv7-m/crtbegin.o
                0x20000264                PROVIDE (__init_array_end, .)
                0x20000264                . = ALIGN (0x4)
                [!provide]                PROVIDE (__fini_array_start, .)
 *(SORT(.fini_array.*))
 *(.fini_array)
 .fini_array    0x20000264        0x4 /home/laurence/ARM-GCC/bin/../lib/gcc/arm-none-eabi/5.3.1/armv7-m/crtbegin.o
                [!provide]                PROVIDE (__fini_array_end, .)
 *(.jcr*)
 .jcr           0x20000268        0x0 /home/laurence/ARM-GCC/bin/../lib/gcc/arm-none-eabi/5.3.1/armv7-m/crtbegin.o
 .jcr           0x20000268        0x4 /home/laurence/ARM-GCC/bin/../lib/gcc/arm-none-eabi/5.3.1/armv7-m/crtend.o
                0x2000026c                . = ALIGN (0x4)
                0x2000026c                __data_end__ = .

.igot.plt       0x2000026c        0x0 load address 0x080132e8
 .igot.plt      0x2000026c        0x0 /home/laurence/ARM-GCC/bin/../lib/gcc/arm-none-eabi/5.3.1/armv7-m/crtbegin.o

.bss            0x20000270     0x13dc load address 0x080132f0
                0x20000270                . = ALIGN (0x4)
                0x20000270                __bss_start__ = .
 *(.bss*)
 .bss           0x20000270       0x1c /home/laurence/ARM-GCC/bin/../lib/gcc/arm-none-eabi/5.3.1/armv7-m/crtbegin.o
 *fill*         0x2000028c        0x4 
 .bss           0x20000290      0x708 /tmp/ccihxTs9.ltrans0.ltrans.o
                0x200006b8                bootsource
                0x200006c0                rputchar.lto_priv.94
                0x200006c4                Status
                0x200006c8                Data_Buffer
                0x200006cc                bDeviceState
                0x200006d0                Battery_Voltage
                0x200006d4                Jobs
                0x20000710                file_opened
                0x20000714                PI_glob
                0x2000072c                I_limits
                0x20000738                flashCodeEnabled
                0x20000744                GPS_telem
                0x20000754                flashCode
                0x20000759                SP1ML_state
                0x2000075d                System_state_Global
                0x2000075e                Shutdown_System
                0x20000994                FatFs.lto_priv.99
 .bss           0x20000998       0x18 /tmp/ccihxTs9.ltrans1.ltrans.o
                0x200009a0                SCSI_LBA
                0x200009a4                SCSI_BlkLen
 .bss           0x200009b0       0x88 /tmp/ccihxTs9.ltrans2.ltrans.o
                0x200009b0                CBW
                0x200009d0                Mass_Block_Count
                0x200009d8                Mass_Block_Size
                0x200009e0                Data_Len
                0x200009e8                TransferState
                0x200009f8                Bulk_Data_Buff
 .bss           0x20000a38       0x80 /tmp/ccihxTs9.ltrans3.ltrans.o
 .bss           0x20000ab8      0x341 /tmp/ccihxTs9.ltrans5.ltrans.o
                0x20000ab8                Usart1_tx_buff
                0x20000bfc                rld_sense.lto_priv.88
                0x20000c02                rld_replace_counter.lto_priv.87
                0x20000c04                Completed_Jobs
                0x20000c08                IMU_buff
                0x20000ca8                LSM9DS1_Gyro_Buffer
                0x20000cb4                LSM9DS1_Acc_Buffer
                0x20000cbc                LSM9DS1_Mag_Buffer
                0x20000cc4                I2C1error
                0x20000cce                I2C_failure
                0x20000d90                Filtered_ECG
                0x20000da4                SP1ML_tx_rx_state
                0x20000db0                SP1ML_tx_sequence_number
                0x20000db4                Usart3_rx_buff
                0x20000dc4                RN42_tx_sequence_number
                0x20000dc8                Usart1_rx_buff
                0x20000de4                Usart3_tx_buff
                0x20000df4                SP1ML_tx_bytes
                0x20000df8                SP1ML_withold
 *fill*         0x20000df9        0x1 
 .bss           0x20000dfa        0x2 /tmp/ccihxTs9.ltrans6.ltrans.o
 .bss           0x20000dfc        0x4 /tmp/ccihxTs9.ltrans9.ltrans.o
 .bss           0x20000e00      0x32c /tmp/ccihxTs9.ltrans10.ltrans.o
                0x20000e00                FATFS_wavfile
                0x20001024                LSM9DS1_Mag_Offset
                0x2000102c                Gps_Buffer
                0x20001038                wct.lto_priv.68
                0x2000103a                channel_wct_conf.lto_priv.67
                0x2000103b                ADS1298_Error_Status
                0x2000103c                Enable.lto_priv.70
                0x20001040                ECG_buffers
                0x200010c0                Gain.lto_priv.76
                0x200010c1                Actual_gain.lto_priv.73
                0x200010c2                Cap.lto_priv.72
                0x200010c3                quality_mask.lto_priv.69
                0x200010c4                qualityfilter.lto_priv.71
                0x200010e4                old_wct.lto_priv.75
                0x200010e8                Millis
                0x200010ec                old_quality_mask.lto_priv.74
                0x200010f8                Gps
                0x2000112b                read_transaction.lto_priv.66
 .bss           0x2000112c        0xc /tmp/ccihxTs9.ltrans11.ltrans.o
 .bss           0x20001138      0x471 /tmp/ccihxTs9.ltrans12.ltrans.o
                0x20001138                print_string
                0x20001160                FATFS_wavfile_gps
                0x20001384                FATFS_wavfile_imu
                0x200015a8                CurrVol.lto_priv.98
 *fill*         0x200015a9        0x3 
 .bss           0x200015ac       0x15 /tmp/ccihxTs9.ltrans13.ltrans.o
                0x200015ac                wIstr
                0x200015b0                Timer1.lto_priv.96
 *fill*         0x200015c1        0x3 
 .bss           0x200015c4        0x6 /tmp/ccihxTs9.ltrans14.ltrans.o
                0x200015c4                Max_Lun
 *fill*         0x200015ca        0x2 
 .bss           0x200015cc       0x1c /tmp/ccihxTs9.ltrans15.ltrans.o
                0x200015cc                CardType.lto_priv.95
                0x200015cd                Sd_Spi_Called_From_USB_MSC
                0x200015d0                CSW
                0x200015e0                Bot_State
                0x200015e4                Timer2.lto_priv.92
 .bss           0x200015e8       0x14 /tmp/ccihxTs9.ltrans16.ltrans.o
 .bss.Data_Mul_MaxPacketSize
                0x200015fc        0x1 lib/STM32_USB-FS-Device_Driver/libstm32usb.a(usb_core.o)
                0x200015fc                Data_Mul_MaxPacketSize
 *fill*         0x200015fd        0x3 
 .bss.__malloc_sbrk_start
                0x20001600        0x4 /home/laurence/ARM-GCC/bin/../lib/gcc/arm-none-eabi/5.3.1/../../../../arm-none-eabi/lib/armv7-m/libg_nano.a(lib_a-nano-mallocr.o)
                0x20001600                __malloc_sbrk_start
 .bss.__malloc_free_list
                0x20001604        0x4 /home/laurence/ARM-GCC/bin/../lib/gcc/arm-none-eabi/5.3.1/../../../../arm-none-eabi/lib/armv7-m/libg_nano.a(lib_a-nano-mallocr.o)
                0x20001604                __malloc_free_list
 .bss.heap_end.4167
                0x20001608        0x4 /home/laurence/ARM-GCC/bin/../lib/gcc/arm-none-eabi/5.3.1/../../../../arm-none-eabi/lib/armv7-m/libnosys.a(sbrk.o)
 *(COMMON)
 COMMON         0x2000160c        0x2 lib/STM32_USB-FS-Device_Driver/libstm32usb.a(usb_core.o)
                0x2000160c                StatusInfo
 *fill*         0x2000160e        0x2 
 COMMON         0x20001610       0x32 lib/STM32_USB-FS-Device_Driver/libstm32usb.a(usb_init.o)
                0x20001610                SaveState
                0x20001614                pProperty
                0x20001618                EPindex
                0x2000161c                Device_Info
                0x20001638                pUser_Standard_Requests
                0x2000163c                pInformation
                0x20001640                wInterrupt_Mask
 COMMON         0x20001642        0x4 lib/STM32_USB-FS-Device_Driver/libstm32usb.a(usb_int.o)
                0x20001642                SaveRState
                0x20001644                SaveTState
 *fill*         0x20001646        0x2 
 COMMON         0x20001648        0x4 /home/laurence/ARM-GCC/bin/../lib/gcc/arm-none-eabi/5.3.1/../../../../arm-none-eabi/lib/armv7-m/libg_nano.a(lib_a-reent.o)
                0x20001648                errno
                0x2000164c                . = ALIGN (0x4)
                0x2000164c                __bss_end__ = .

.heap           0x20001650        0x0
                0x20001650                __end__ = .
                0x20001650                end = __end__
 *(.heap*)
 .heap          0x20001650        0x0 lib/ARM-GCC/startup_ARMCM3.o
                0x20001650                __HeapLimit = .

.stack_dummy    0x20001650      0xc00
 *(.stack*)
 .stack         0x20001650      0xc00 lib/ARM-GCC/startup_ARMCM3.o
                0x20005000                __StackTop = (ORIGIN (RAM) + LENGTH (RAM))
                0x20004400                __StackLimit = (__StackTop - SIZEOF (.stack_dummy))
                0x20005000                PROVIDE (__stack, __StackTop)
                0x00000001                ASSERT ((__StackLimit >= __HeapLimit), region RAM overflowed with stack)
OUTPUT(main.elf elf32-littlearm)

.ARM.attributes
                0x00000000       0x29
 .ARM.attributes
                0x00000000       0x1d /home/laurence/ARM-GCC/bin/../lib/gcc/arm-none-eabi/5.3.1/armv7-m/crti.o
 .ARM.attributes
                0x0000001d       0x2d /home/laurence/ARM-GCC/bin/../lib/gcc/arm-none-eabi/5.3.1/armv7-m/crtbegin.o
 .ARM.attributes
                0x0000004a       0x1b /home/laurence/ARM-GCC/bin/../lib/gcc/arm-none-eabi/5.3.1/../../../../arm-none-eabi/lib/armv7-m/crt0.o
 .ARM.attributes
                0x00000065       0x31 /tmp/ccihxTs9.ltrans0.ltrans.o
 .ARM.attributes
                0x00000096       0x31 /tmp/ccihxTs9.ltrans1.ltrans.o
 .ARM.attributes
                0x000000c7       0x31 /tmp/ccihxTs9.ltrans2.ltrans.o
 .ARM.attributes
                0x000000f8       0x31 /tmp/ccihxTs9.ltrans3.ltrans.o
 .ARM.attributes
                0x00000129       0x31 /tmp/ccihxTs9.ltrans4.ltrans.o
 .ARM.attributes
                0x0000015a       0x31 /tmp/ccihxTs9.ltrans5.ltrans.o
 .ARM.attributes
                0x0000018b       0x31 /tmp/ccihxTs9.ltrans6.ltrans.o
 .ARM.attributes
                0x000001bc       0x31 /tmp/ccihxTs9.ltrans7.ltrans.o
 .ARM.attributes
                0x000001ed       0x31 /tmp/ccihxTs9.ltrans8.ltrans.o
 .ARM.attributes
                0x0000021e       0x31 /tmp/ccihxTs9.ltrans9.ltrans.o
 .ARM.attributes
                0x0000024f       0x31 /tmp/ccihxTs9.ltrans10.ltrans.o
 .ARM.attributes
                0x00000280       0x31 /tmp/ccihxTs9.ltrans11.ltrans.o
 .ARM.attributes
                0x000002b1       0x31 /tmp/ccihxTs9.ltrans12.ltrans.o
 .ARM.attributes
                0x000002e2       0x31 /tmp/ccihxTs9.ltrans13.ltrans.o
 .ARM.attributes
                0x00000313       0x31 /tmp/ccihxTs9.ltrans14.ltrans.o
 .ARM.attributes
                0x00000344       0x31 /tmp/ccihxTs9.ltrans15.ltrans.o
 .ARM.attributes
                0x00000375       0x31 /tmp/ccihxTs9.ltrans16.ltrans.o
 .ARM.attributes
                0x000003a6       0x1b lib/ARM-GCC/startup_ARMCM3.o
 .ARM.attributes
                0x000003c1       0x33 lib/STM32F10x_StdPeriph_Driver/libstm32fw.a(misc.o)
 .ARM.attributes
                0x000003f4       0x33 lib/STM32F10x_StdPeriph_Driver/libstm32fw.a(stm32f10x_adc.o)
 .ARM.attributes
                0x00000427       0x33 lib/STM32F10x_StdPeriph_Driver/libstm32fw.a(stm32f10x_bkp.o)
 .ARM.attributes
                0x0000045a       0x33 lib/STM32F10x_StdPeriph_Driver/libstm32fw.a(stm32f10x_dbgmcu.o)
 .ARM.attributes
                0x0000048d       0x33 lib/STM32F10x_StdPeriph_Driver/libstm32fw.a(stm32f10x_dma.o)
 .ARM.attributes
                0x000004c0       0x33 lib/STM32F10x_StdPeriph_Driver/libstm32fw.a(stm32f10x_exti.o)
 .ARM.attributes
                0x000004f3       0x33 lib/STM32F10x_StdPeriph_Driver/libstm32fw.a(stm32f10x_gpio.o)
 .ARM.attributes
                0x00000526       0x33 lib/STM32F10x_StdPeriph_Driver/libstm32fw.a(stm32f10x_i2c.o)
 .ARM.attributes
                0x00000559       0x33 lib/STM32F10x_StdPeriph_Driver/libstm32fw.a(stm32f10x_iwdg.o)
 .ARM.attributes
                0x0000058c       0x33 lib/STM32F10x_StdPeriph_Driver/libstm32fw.a(stm32f10x_pwr.o)
 .ARM.attributes
                0x000005bf       0x33 lib/STM32F10x_StdPeriph_Driver/libstm32fw.a(stm32f10x_rcc.o)
 .ARM.attributes
                0x000005f2       0x33 lib/STM32F10x_StdPeriph_Driver/libstm32fw.a(stm32f10x_rtc.o)
 .ARM.attributes
                0x00000625       0x33 lib/STM32F10x_StdPeriph_Driver/libstm32fw.a(stm32f10x_spi.o)
 .ARM.attributes
                0x00000658       0x33 lib/STM32F10x_StdPeriph_Driver/libstm32fw.a(stm32f10x_tim.o)
 .ARM.attributes
                0x0000068b       0x33 lib/STM32F10x_StdPeriph_Driver/libstm32fw.a(stm32f10x_usart.o)
 .ARM.attributes
                0x000006be       0x33 lib/STM32_USB-FS-Device_Driver/libstm32usb.a(usb_core.o)
 .ARM.attributes
                0x000006f1       0x33 lib/STM32_USB-FS-Device_Driver/libstm32usb.a(usb_init.o)
 .ARM.attributes
                0x00000724       0x33 lib/STM32_USB-FS-Device_Driver/libstm32usb.a(usb_int.o)
 .ARM.attributes
                0x00000757       0x33 lib/STM32_USB-FS-Device_Driver/libstm32usb.a(usb_mem.o)
 .ARM.attributes
                0x0000078a       0x33 lib/STM32_USB-FS-Device_Driver/libstm32usb.a(usb_regs.o)
 .ARM.attributes
                0x000007bd       0x33 lib/STM32_USB-FS-Device_Driver/libstm32usb.a(usb_sil.o)
 .ARM.attributes
                0x000007f0       0x2d /home/laurence/ARM-GCC/bin/../lib/gcc/arm-none-eabi/5.3.1/../../../../arm-none-eabi/lib/armv7-m/libg_nano.a(lib_a-exit.o)
 .ARM.attributes
                0x0000081d       0x2d /home/laurence/ARM-GCC/bin/../lib/gcc/arm-none-eabi/5.3.1/../../../../arm-none-eabi/lib/armv7-m/libg_nano.a(lib_a-impure.o)
 .ARM.attributes
                0x0000084a       0x2d /home/laurence/ARM-GCC/bin/../lib/gcc/arm-none-eabi/5.3.1/../../../../arm-none-eabi/lib/armv7-m/libg_nano.a(lib_a-init.o)
 .ARM.attributes
                0x00000877       0x2d /home/laurence/ARM-GCC/bin/../lib/gcc/arm-none-eabi/5.3.1/../../../../arm-none-eabi/lib/armv7-m/libg_nano.a(lib_a-memset.o)
 .ARM.attributes
                0x000008a4       0x2d /home/laurence/ARM-GCC/bin/../lib/gcc/arm-none-eabi/5.3.1/../../../../arm-none-eabi/lib/armv7-m/libg_nano.a(lib_a-rand.o)
 .ARM.attributes
                0x000008d1       0x2d /home/laurence/ARM-GCC/bin/../lib/gcc/arm-none-eabi/5.3.1/../../../../arm-none-eabi/lib/armv7-m/libg_nano.a(lib_a-malloc.o)
 .ARM.attributes
                0x000008fe       0x2d /home/laurence/ARM-GCC/bin/../lib/gcc/arm-none-eabi/5.3.1/../../../../arm-none-eabi/lib/armv7-m/libg_nano.a(lib_a-nano-mallocr.o)
 .ARM.attributes
                0x0000092b       0x2d /home/laurence/ARM-GCC/bin/../lib/gcc/arm-none-eabi/5.3.1/../../../../arm-none-eabi/lib/armv7-m/libg_nano.a(lib_a-sbrkr.o)
 .ARM.attributes
                0x00000958       0x2d /home/laurence/ARM-GCC/bin/../lib/gcc/arm-none-eabi/5.3.1/../../../../arm-none-eabi/lib/armv7-m/libg_nano.a(lib_a-reent.o)
 .ARM.attributes
                0x00000985       0x2d /home/laurence/ARM-GCC/bin/../lib/gcc/arm-none-eabi/5.3.1/../../../../arm-none-eabi/lib/armv7-m/libnosys.a(sbrk.o)
 .ARM.attributes
                0x000009b2       0x2d /home/laurence/ARM-GCC/bin/../lib/gcc/arm-none-eabi/5.3.1/../../../../arm-none-eabi/lib/armv7-m/libnosys.a(_exit.o)
 .ARM.attributes
                0x000009df       0x2d /home/laurence/ARM-GCC/bin/../lib/gcc/arm-none-eabi/5.3.1/armv7-m/crtend.o
 .ARM.attributes
                0x00000a0c       0x1d /home/laurence/ARM-GCC/bin/../lib/gcc/arm-none-eabi/5.3.1/armv7-m/crtn.o
 .ARM.attributes
                0x00000a29       0x2d /home/laurence/ARM-GCC/bin/../lib/gcc/arm-none-eabi/5.3.1/../../../../arm-none-eabi/lib/armv7-m/libm.a(lib_a-sf_round.o)
 .ARM.attributes
                0x00000a56       0x2d /home/laurence/ARM-GCC/bin/../lib/gcc/arm-none-eabi/5.3.1/../../../../arm-none-eabi/lib/armv7-m/libm.a(lib_a-sf_sin.o)
 .ARM.attributes
                0x00000a83       0x2d /home/laurence/ARM-GCC/bin/../lib/gcc/arm-none-eabi/5.3.1/../../../../arm-none-eabi/lib/armv7-m/libm.a(lib_a-w_atan2.o)
 .ARM.attributes
                0x00000ab0       0x2d /home/laurence/ARM-GCC/bin/../lib/gcc/arm-none-eabi/5.3.1/../../../../arm-none-eabi/lib/armv7-m/libm.a(lib_a-wf_acos.o)
 .ARM.attributes
                0x00000add       0x2d /home/laurence/ARM-GCC/bin/../lib/gcc/arm-none-eabi/5.3.1/../../../../arm-none-eabi/lib/armv7-m/libm.a(lib_a-wf_atan2.o)
 .ARM.attributes
                0x00000b0a       0x2d /home/laurence/ARM-GCC/bin/../lib/gcc/arm-none-eabi/5.3.1/../../../../arm-none-eabi/lib/armv7-m/libm.a(lib_a-wf_sqrt.o)
 .ARM.attributes
                0x00000b37       0x2d /home/laurence/ARM-GCC/bin/../lib/gcc/arm-none-eabi/5.3.1/../../../../arm-none-eabi/lib/armv7-m/libm.a(lib_a-e_atan2.o)
 .ARM.attributes
                0x00000b64       0x2d /home/laurence/ARM-GCC/bin/../lib/gcc/arm-none-eabi/5.3.1/../../../../arm-none-eabi/lib/armv7-m/libm.a(lib_a-ef_acos.o)
 .ARM.attributes
                0x00000b91       0x2d /home/laurence/ARM-GCC/bin/../lib/gcc/arm-none-eabi/5.3.1/../../../../arm-none-eabi/lib/armv7-m/libm.a(lib_a-ef_atan2.o)
 .ARM.attributes
                0x00000bbe       0x2d /home/laurence/ARM-GCC/bin/../lib/gcc/arm-none-eabi/5.3.1/../../../../arm-none-eabi/lib/armv7-m/libm.a(lib_a-ef_rem_pio2.o)
 .ARM.attributes
                0x00000beb       0x2d /home/laurence/ARM-GCC/bin/../lib/gcc/arm-none-eabi/5.3.1/../../../../arm-none-eabi/lib/armv7-m/libm.a(lib_a-ef_sqrt.o)
 .ARM.attributes
                0x00000c18       0x2d /home/laurence/ARM-GCC/bin/../lib/gcc/arm-none-eabi/5.3.1/../../../../arm-none-eabi/lib/armv7-m/libm.a(lib_a-kf_cos.o)
 .ARM.attributes
                0x00000c45       0x2d /home/laurence/ARM-GCC/bin/../lib/gcc/arm-none-eabi/5.3.1/../../../../arm-none-eabi/lib/armv7-m/libm.a(lib_a-kf_rem_pio2.o)
 .ARM.attributes
                0x00000c72       0x2d /home/laurence/ARM-GCC/bin/../lib/gcc/arm-none-eabi/5.3.1/../../../../arm-none-eabi/lib/armv7-m/libm.a(lib_a-kf_sin.o)
 .ARM.attributes
                0x00000c9f       0x2d /home/laurence/ARM-GCC/bin/../lib/gcc/arm-none-eabi/5.3.1/../../../../arm-none-eabi/lib/armv7-m/libm.a(lib_a-s_atan.o)
 .ARM.attributes
                0x00000ccc       0x2d /home/laurence/ARM-GCC/bin/../lib/gcc/arm-none-eabi/5.3.1/../../../../arm-none-eabi/lib/armv7-m/libm.a(lib_a-s_fabs.o)
 .ARM.attributes
                0x00000cf9       0x2d /home/laurence/ARM-GCC/bin/../lib/gcc/arm-none-eabi/5.3.1/../../../../arm-none-eabi/lib/armv7-m/libm.a(lib_a-s_lib_ver.o)
 .ARM.attributes
                0x00000d26       0x2d /home/laurence/ARM-GCC/bin/../lib/gcc/arm-none-eabi/5.3.1/../../../../arm-none-eabi/lib/armv7-m/libm.a(lib_a-s_matherr.o)
 .ARM.attributes
                0x00000d53       0x2d /home/laurence/ARM-GCC/bin/../lib/gcc/arm-none-eabi/5.3.1/../../../../arm-none-eabi/lib/armv7-m/libm.a(lib_a-s_nan.o)
 .ARM.attributes
                0x00000d80       0x2d /home/laurence/ARM-GCC/bin/../lib/gcc/arm-none-eabi/5.3.1/../../../../arm-none-eabi/lib/armv7-m/libm.a(lib_a-sf_atan.o)
 .ARM.attributes
                0x00000dad       0x2d /home/laurence/ARM-GCC/bin/../lib/gcc/arm-none-eabi/5.3.1/../../../../arm-none-eabi/lib/armv7-m/libm.a(lib_a-sf_fabs.o)
 .ARM.attributes
                0x00000dda       0x2d /home/laurence/ARM-GCC/bin/../lib/gcc/arm-none-eabi/5.3.1/../../../../arm-none-eabi/lib/armv7-m/libm.a(lib_a-sf_floor.o)
 .ARM.attributes
                0x00000e07       0x2d /home/laurence/ARM-GCC/bin/../lib/gcc/arm-none-eabi/5.3.1/../../../../arm-none-eabi/lib/armv7-m/libm.a(lib_a-sf_scalbn.o)
 .ARM.attributes
                0x00000e34       0x2d /home/laurence/ARM-GCC/bin/../lib/gcc/arm-none-eabi/5.3.1/../../../../arm-none-eabi/lib/armv7-m/libm.a(lib_a-sf_copysign.o)
 .ARM.attributes