Archive member included to satisfy reference by file (symbol)

lib/STM32F10x_StdPeriph_Driver/libstm32fw.a(misc.o)
                              interrupts.o (symbol from plugin) (NVIC_PriorityGroupConfig)
lib/STM32F10x_StdPeriph_Driver/libstm32fw.a(stm32f10x_adc.o)
                              adc.o (symbol from plugin) (ADC_DeInit)
lib/STM32F10x_StdPeriph_Driver/libstm32fw.a(stm32f10x_bkp.o)
                              Util/fat_fs/src/rtc.o (symbol from plugin) (BKP_DeInit)
lib/STM32F10x_StdPeriph_Driver/libstm32fw.a(stm32f10x_dbgmcu.o)
                              main.o (symbol from plugin) (DBGMCU_Config)
lib/STM32F10x_StdPeriph_Driver/libstm32fw.a(stm32f10x_dma.o)
                              Util/fat_fs/src/sd_spi_stm32.o (symbol from plugin) (DMA_DeInit)
lib/STM32F10x_StdPeriph_Driver/libstm32fw.a(stm32f10x_exti.o)
                              interrupts.o (symbol from plugin) (EXTI_DeInit)
lib/STM32F10x_StdPeriph_Driver/libstm32fw.a(stm32f10x_gpio.o)
                              Util/fat_fs/src/sd_spi_stm32.o (symbol from plugin) (GPIO_Init)
lib/STM32F10x_StdPeriph_Driver/libstm32fw.a(stm32f10x_i2c.o)
                              i2c_int.o (symbol from plugin) (I2C_DeInit)
lib/STM32F10x_StdPeriph_Driver/libstm32fw.a(stm32f10x_iwdg.o)
                              watchdog.o (symbol from plugin) (IWDG_WriteAccessCmd)
lib/STM32F10x_StdPeriph_Driver/libstm32fw.a(stm32f10x_pwr.o)
                              pwr.o (symbol from plugin) (PWR_DeInit)
lib/STM32F10x_StdPeriph_Driver/libstm32fw.a(stm32f10x_rcc.o)
                              interrupts.o (symbol from plugin) (RCC_HCLKConfig)
lib/STM32F10x_StdPeriph_Driver/libstm32fw.a(stm32f10x_rtc.o)
                              Util/fat_fs/src/rtc.o (symbol from plugin) (RTC_GetCounter)
lib/STM32F10x_StdPeriph_Driver/libstm32fw.a(stm32f10x_spi.o)
                              Util/fat_fs/src/sd_spi_stm32.o (symbol from plugin) (SPI_I2S_DeInit)
lib/STM32F10x_StdPeriph_Driver/libstm32fw.a(stm32f10x_tim.o)
                              timer.o (symbol from plugin) (TIM_DeInit)
lib/STM32F10x_StdPeriph_Driver/libstm32fw.a(stm32f10x_usart.o)
                              Util/rn42_command.o (symbol from plugin) (USART_DeInit)
lib/STM32_USB-FS-Device_Driver/libstm32usb.a(usb_core.o)
                              Util/USB/usb_prop.o (symbol from plugin) (Standard_GetDescriptorData)
lib/STM32_USB-FS-Device_Driver/libstm32usb.a(usb_init.o)
                              main.o (symbol from plugin) (USB_Init)
lib/STM32_USB-FS-Device_Driver/libstm32usb.a(usb_int.o)
                              Util/USB/usb_istr.o (symbol from plugin) (CTR_LP)
lib/STM32_USB-FS-Device_Driver/libstm32usb.a(usb_mem.o)
                              lib/STM32_USB-FS-Device_Driver/libstm32usb.a(usb_core.o) (UserToPMABufferCopy)
lib/STM32_USB-FS-Device_Driver/libstm32usb.a(usb_regs.o)
                              Util/USB/usb_prop.o (symbol from plugin) (SetBTABLE)
lib/STM32_USB-FS-Device_Driver/libstm32usb.a(usb_sil.o)
                              Util/USB/usb_prop.o (symbol from plugin) (USB_SIL_Init)
/home/laurence/ARM-GCC/gcc-arm-none-eabi-5_3-2016q1/bin/../lib/gcc/arm-none-eabi/5.3.1/../../../../arm-none-eabi/lib/armv7-m/libg.a(lib_a-exit.o)
                              /home/laurence/ARM-GCC/gcc-arm-none-eabi-5_3-2016q1/bin/../lib/gcc/arm-none-eabi/5.3.1/../../../../arm-none-eabi/lib/armv7-m/crt0.o (exit)
/home/laurence/ARM-GCC/gcc-arm-none-eabi-5_3-2016q1/bin/../lib/gcc/arm-none-eabi/5.3.1/../../../../arm-none-eabi/lib/armv7-m/libg.a(lib_a-impure.o)
                              /home/laurence/ARM-GCC/gcc-arm-none-eabi-5_3-2016q1/bin/../lib/gcc/arm-none-eabi/5.3.1/../../../../arm-none-eabi/lib/armv7-m/libg.a(lib_a-exit.o) (_global_impure_ptr)
/home/laurence/ARM-GCC/gcc-arm-none-eabi-5_3-2016q1/bin/../lib/gcc/arm-none-eabi/5.3.1/../../../../arm-none-eabi/lib/armv7-m/libg.a(lib_a-init.o)
                              /home/laurence/ARM-GCC/gcc-arm-none-eabi-5_3-2016q1/bin/../lib/gcc/arm-none-eabi/5.3.1/../../../../arm-none-eabi/lib/armv7-m/crt0.o (__libc_init_array)
/home/laurence/ARM-GCC/gcc-arm-none-eabi-5_3-2016q1/bin/../lib/gcc/arm-none-eabi/5.3.1/../../../../arm-none-eabi/lib/armv7-m/libg.a(lib_a-memset.o)
                              /home/laurence/ARM-GCC/gcc-arm-none-eabi-5_3-2016q1/bin/../lib/gcc/arm-none-eabi/5.3.1/../../../../arm-none-eabi/lib/armv7-m/crt0.o (memset)
/home/laurence/ARM-GCC/gcc-arm-none-eabi-5_3-2016q1/bin/../lib/gcc/arm-none-eabi/5.3.1/../../../../arm-none-eabi/lib/armv7-m/libg.a(lib_a-rand.o)
                              Util/sp1ml_command.o (symbol from plugin) (srand)
/home/laurence/ARM-GCC/gcc-arm-none-eabi-5_3-2016q1/bin/../lib/gcc/arm-none-eabi/5.3.1/../../../../arm-none-eabi/lib/armv7-m/libg.a(lib_a-__call_atexit.o)
                              /home/laurence/ARM-GCC/gcc-arm-none-eabi-5_3-2016q1/bin/../lib/gcc/arm-none-eabi/5.3.1/../../../../arm-none-eabi/lib/armv7-m/libg.a(lib_a-exit.o) (__call_exitprocs)
[...]
Memory Configuration

Name             Origin             Length             Attributes
RAM              0x20000000         0x00005000         xrw
FLASH            0x08000000         0x00020000         xr
FLASHB1          0x00000000         0x00000000         xr
EXTMEMB0         0x00000000         0x00000000         xr
EXTMEMB1         0x00000000         0x00000000         xr
EXTMEMB2         0x00000000         0x00000000         xr
EXTMEMB3         0x00000000         0x00000000         xr
STARTFLASH       0x00000000         0xffffffff
CRPPATCH         0x00000000         0xffffffff
FLASHPATCH       0x00000000         0xffffffff
ENDFLASH         0x00000000         0xffffffff
*default*        0x00000000         0xffffffff

Linker script and memory map

LOAD /home/laurence/ARM-GCC/gcc-arm-none-eabi-5_3-2016q1/bin/../lib/gcc/arm-none-eabi/5.3.1/armv7-m/crti.o
LOAD /home/laurence/ARM-GCC/gcc-arm-none-eabi-5_3-2016q1/bin/../lib/gcc/arm-none-eabi/5.3.1/armv7-m/crtbegin.o
LOAD /home/laurence/ARM-GCC/gcc-arm-none-eabi-5_3-2016q1/bin/../lib/gcc/arm-none-eabi/5.3.1/../../../../arm-none-eabi/lib/armv7-m/crt0.o
LOAD Util/USB/hw_config.o
LOAD /tmp/ccjT01kF.ltrans0.ltrans.o
LOAD /tmp/ccjT01kF.ltrans1.ltrans.o
LOAD /tmp/ccjT01kF.ltrans2.ltrans.o
LOAD /tmp/ccjT01kF.ltrans3.ltrans.o
LOAD /tmp/ccjT01kF.ltrans4.ltrans.o
LOAD /tmp/ccjT01kF.ltrans5.ltrans.o
LOAD /tmp/ccjT01kF.ltrans6.ltrans.o
LOAD /tmp/ccjT01kF.ltrans7.ltrans.o
LOAD /tmp/ccjT01kF.ltrans8.ltrans.o
LOAD /tmp/ccjT01kF.ltrans9.ltrans.o
LOAD /tmp/ccjT01kF.ltrans10.ltrans.o
LOAD /tmp/ccjT01kF.ltrans11.ltrans.o
LOAD /tmp/ccjT01kF.ltrans12.ltrans.o
LOAD /tmp/ccjT01kF.ltrans13.ltrans.o
LOAD /tmp/ccjT01kF.ltrans14.ltrans.o
LOAD /tmp/ccjT01kF.ltrans15.ltrans.o
LOAD /tmp/ccjT01kF.ltrans16.ltrans.o
LOAD Util/USB/mass_mal.o
LOAD Util/USB/memory.o
LOAD Util/USB/scsi_data.o
LOAD Util/USB/usb_bot.o
LOAD Util/USB/usb_desc.o
LOAD Util/USB/usb_endp.o
LOAD Util/USB/usb_istr.o
LOAD Util/USB/usb_prop.o
LOAD Util/USB/usb_pwr.o
LOAD Util/USB/usb_scsi.o
LOAD Util/buffer.o
LOAD Util/data_alignment.o
LOAD Util/dcm_attitude.o
LOAD Util/delay.o
LOAD Util/fat_fs/option/ccsbcs.o
LOAD Util/fat_fs/src/fattime.o
LOAD Util/fat_fs/src/ff.o
LOAD Util/fat_fs/src/rtc.o
LOAD Util/fat_fs/src/sd_spi_stm32.o
LOAD Util/filter.o
LOAD Util/load_setting.o
LOAD Util/rn42_command.o
LOAD Util/rn42_conf.o
LOAD Util/rprintf.o
LOAD Util/rtc_correct.o
LOAD Util/sp1ml_command.o
LOAD Util/wave.o
LOAD adc.o
LOAD bootload.o
LOAD dma.o
LOAD gpio.o
LOAD i2c_int.o
LOAD interrupts.o
LOAD lib/CMSIS_CM3/core_cm3.o
LOAD lib/CMSIS_CM3/startup/gcc/startup_stm32f10x_md.o
LOAD lib/CMSIS_CM3/system_stm32f10x.o
LOAD main.o
LOAD pwr.o
LOAD timer.o
LOAD usart.o
LOAD watchdog.o
LOAD Sensors/ads1298.o
LOAD Sensors/lsm9ds1.o
LOAD Sensors/ubx.o
LOAD lib/STM32F10x_StdPeriph_Driver/libstm32fw.a
LOAD lib/STM32_USB-FS-Device_Driver/libstm32usb.a
LOAD /home/laurence/ARM-GCC/gcc-arm-none-eabi-5_3-2016q1/bin/../lib/gcc/arm-none-eabi/5.3.1/../../../../arm-none-eabi/lib/armv7-m/libm.a
LOAD /home/laurence/ARM-GCC/gcc-arm-none-eabi-5_3-2016q1/bin/../lib/gcc/arm-none-eabi/5.3.1/../../../../arm-none-eabi/lib/armv7-m/libnosys.a
START GROUP
LOAD /home/laurence/ARM-GCC/gcc-arm-none-eabi-5_3-2016q1/bin/../lib/gcc/arm-none-eabi/5.3.1/armv7-m/libgcc.a
LOAD /home/laurence/ARM-GCC/gcc-arm-none-eabi-5_3-2016q1/bin/../lib/gcc/arm-none-eabi/5.3.1/../../../../arm-none-eabi/lib/armv7-m/libg.a
LOAD /home/laurence/ARM-GCC/gcc-arm-none-eabi-5_3-2016q1/bin/../lib/gcc/arm-none-eabi/5.3.1/../../../../arm-none-eabi/lib/armv7-m/libc.a
END GROUP
START GROUP
LOAD /home/laurence/ARM-GCC/gcc-arm-none-eabi-5_3-2016q1/bin/../lib/gcc/arm-none-eabi/5.3.1/armv7-m/libgcc.a
LOAD /home/laurence/ARM-GCC/gcc-arm-none-eabi-5_3-2016q1/bin/../lib/gcc/arm-none-eabi/5.3.1/../../../../arm-none-eabi/lib/armv7-m/libc.a
LOAD /home/laurence/ARM-GCC/gcc-arm-none-eabi-5_3-2016q1/bin/../lib/gcc/arm-none-eabi/5.3.1/../../../../arm-none-eabi/lib/armv7-m/libnosys.a
END GROUP
LOAD /home/laurence/ARM-GCC/gcc-arm-none-eabi-5_3-2016q1/bin/../lib/gcc/arm-none-eabi/5.3.1/armv7-m/crtend.o
LOAD /home/laurence/ARM-GCC/gcc-arm-none-eabi-5_3-2016q1/bin/../lib/gcc/arm-none-eabi/5.3.1/armv7-m/crtn.o
                0x00002000                __Stack_Size = 0x2000
                [!provide]                PROVIDE (_Stack_Size, __Stack_Size)
                0x20003000                __Stack_Init = (_estack - __Stack_Size)
                [!provide]                PROVIDE (_Stack_Init, __Stack_Init)
                0x00002000                _Minimum_Stack_Size = 0x2000
                [!provide]                PROVIDE (Undefined_Handler, 0x0)
                [!provide]                PROVIDE (SWI_Handler, 0x0)
                [!provide]                PROVIDE (IRQ_Handler, 0x0)
                [!provide]                PROVIDE (Prefetch_Handler, 0x0)
                [!provide]                PROVIDE (Abort_Handler, 0x0)
                [!provide]                PROVIDE (FIQ_Handler, 0x0)
                [!provide]                PROVIDE (NMIException, 0x0)
                [!provide]                PROVIDE (NMI_Handler, 0x0)
                [!provide]                PROVIDE (HardFaultException, 0x0)
                [!provide]                PROVIDE (HardFault_Handler, 0x0)
                [!provide]                PROVIDE (MemManageException, 0x0)
                [!provide]                PROVIDE (MemManage_Handler, 0x0)
                [!provide]                PROVIDE (BusFaultException, 0x0)
                [!provide]                PROVIDE (BusFault_Handler, 0x0)
                [!provide]                PROVIDE (UsageFaultException, 0x0)
                [!provide]                PROVIDE (UsageFault_Handler, 0x0)
                [!provide]                PROVIDE (SVCHandler, 0x0)
                [!provide]                PROVIDE (SVC_Handler, 0x0)
                [!provide]                PROVIDE (DebugMonitor, 0x0)
                [!provide]                PROVIDE (DebugMon_Handler, 0x0)
                [!provide]                PROVIDE (PendSVC, 0x0)
                [!provide]                PROVIDE (PendSV_Handler, 0x0)
                [!provide]                PROVIDE (SysTickHandler, 0x0)
                [!provide]                PROVIDE (SysTick_Handler, 0x0)
                [!provide]                PROVIDE (WWDG_IRQHandler, 0x0)
                [!provide]                PROVIDE (PVD_IRQHandler, 0x0)
                [!provide]                PROVIDE (TAMPER_IRQHandler, 0x0)
                [!provide]                PROVIDE (RTC_IRQHandler, 0x0)
                [!provide]                PROVIDE (FLASH_IRQHandler, 0x0)
                [!provide]                PROVIDE (RCC_IRQHandler, 0x0)
                [!provide]                PROVIDE (EXTI0_IRQHandler, 0x0)
                [!provide]                PROVIDE (EXTI1_IRQHandler, 0x0)
                [!provide]                PROVIDE (EXTI2_IRQHandler, 0x0)
                [!provide]                PROVIDE (EXTI3_IRQHandler, 0x0)
                [!provide]                PROVIDE (EXTI4_IRQHandler, 0x0)
                [!provide]                PROVIDE (DMAChannel1_IRQHandler, 0x0)
                [!provide]                PROVIDE (DMAChannel2_IRQHandler, 0x0)
                [!provide]                PROVIDE (DMAChannel3_IRQHandler, 0x0)
                [!provide]                PROVIDE (DMAChannel4_IRQHandler, 0x0)
                [!provide]                PROVIDE (DMAChannel5_IRQHandler, 0x0)
                [!provide]                PROVIDE (DMAChannel6_IRQHandler, 0x0)
                [!provide]                PROVIDE (DMAChannel7_IRQHandler, 0x0)
                [!provide]                PROVIDE (DMA1_Channel1_IRQHandler, 0x0)
                [!provide]                PROVIDE (DMA1_Channel2_IRQHandler, 0x0)
                [!provide]                PROVIDE (DMA1_Channel3_IRQHandler, 0x0)
                [!provide]                PROVIDE (DMA1_Channel4_IRQHandler, 0x0)
                [!provide]                PROVIDE (DMA1_Channel5_IRQHandler, 0x0)
                [!provide]                PROVIDE (DMA1_Channel6_IRQHandler, 0x0)
                [!provide]                PROVIDE (DMA1_Channel7_IRQHandler, 0x0)
                [!provide]                PROVIDE (ADC_IRQHandler, 0x0)
                [!provide]                PROVIDE (ADC1_2_IRQHandler, 0x0)
                [!provide]                PROVIDE (USB_HP_CAN_TX_IRQHandler, 0x0)
                [!provide]                PROVIDE (USB_HP_CAN1_TX_IRQHandler, 0x0)
                [!provide]                PROVIDE (USB_LP_CAN_RX0_IRQHandler, 0x0)
                [!provide]                PROVIDE (USB_LP_CAN1_RX0_IRQHandler, 0x0)
                [!provide]                PROVIDE (CAN_RX1_IRQHandler, 0x0)
                [!provide]                PROVIDE (CAN1_RX1_IRQHandler, 0x0)
                [!provide]                PROVIDE (CAN_SCE_IRQHandler, 0x0)
                [!provide]                PROVIDE (CAN1_SCE_IRQHandler, 0x0)
                [!provide]                PROVIDE (EXTI9_5_IRQHandler, 0x0)
                [!provide]                PROVIDE (TIM1_BRK_IRQHandler, 0x0)
                [!provide]                PROVIDE (TIM1_UP_IRQHandler, 0x0)
                [!provide]                PROVIDE (TIM1_TRG_COM_IRQHandler, 0x0)
                [!provide]                PROVIDE (TIM1_CC_IRQHandler, 0x0)
                [!provide]                PROVIDE (TIM2_IRQHandler, 0x0)
                [!provide]                PROVIDE (TIM3_IRQHandler, 0x0)
                [!provide]                PROVIDE (TIM4_IRQHandler, 0x0)
                [!provide]                PROVIDE (I2C1_EV_IRQHandler, 0x0)
                [!provide]                PROVIDE (I2C1_ER_IRQHandler, 0x0)
                [!provide]                PROVIDE (I2C2_EV_IRQHandler, 0x0)
                [!provide]                PROVIDE (I2C2_ER_IRQHandler, 0x0)
                [!provide]                PROVIDE (SPI1_IRQHandler, 0x0)
                [!provide]                PROVIDE (SPI2_IRQHandler, 0x0)
                [!provide]                PROVIDE (USART1_IRQHandler, 0x0)
                [!provide]                PROVIDE (USART2_IRQHandler, 0x0)
                [!provide]                PROVIDE (USART3_IRQHandler, 0x0)
                [!provide]                PROVIDE (EXTI15_10_IRQHandler, 0x0)
                [!provide]                PROVIDE (RTCAlarm_IRQHandler, 0x0)
                [!provide]                PROVIDE (USBWakeUp_IRQHandler, 0x0)
                [!provide]                PROVIDE (TIM8_BRK_IRQHandler, 0x0)
                [!provide]                PROVIDE (TIM8_UP_IRQHandler, 0x0)
                [!provide]                PROVIDE (TIM8_TRG_COM_IRQHandler, 0x0)
                [!provide]                PROVIDE (TIM8_CC_IRQHandler, 0x0)
                [!provide]                PROVIDE (ADC3_IRQHandler, 0x0)
                [!provide]                PROVIDE (FSMC_IRQHandler, 0x0)
                [!provide]                PROVIDE (SDIO_IRQHandler, 0x0)
                [!provide]                PROVIDE (TIM5_IRQHandler, 0x0)
                [!provide]                PROVIDE (SPI3_IRQHandler, 0x0)
                [!provide]                PROVIDE (UART4_IRQHandler, 0x0)
                [!provide]                PROVIDE (UART5_IRQHandler, 0x0)
                [!provide]                PROVIDE (TIM6_IRQHandler, 0x0)
                [!provide]                PROVIDE (TIM7_IRQHandler, 0x0)
                [!provide]                PROVIDE (DMA2_Channel1_IRQHandler, 0x0)
                [!provide]                PROVIDE (DMA2_Channel2_IRQHandler, 0x0)
                [!provide]                PROVIDE (DMA2_Channel3_IRQHandler, 0x0)
                [!provide]                PROVIDE (DMA2_Channel4_5_IRQHandler, 0x0)
                0x42000000                PERIPH_BB_BASE = 0x42000000
                0x22000000                SRAM_BB_BASE = 0x22000000
                0x20000000                SRAM_BASE = 0x20000000
                0x40000000                PERIPH_BASE = 0x40000000
                [!provide]                PROVIDE (FLASH_BASE, 0x40022000)
                [!provide]                PROVIDE (OB_BASE, 0x1ffff800)
                0x40000000                APB1PERIPH_BASE = PERIPH_BASE
                0x40010000                APB2PERIPH_BASE = (PERIPH_BASE + 0x10000)
                0x40020000                AHBPERIPH_BASE = (PERIPH_BASE + 0x20000)
                [!provide]                PROVIDE (TIM2, (APB1PERIPH_BASE + 0x0))
                [!provide]                PROVIDE (TIM3, (APB1PERIPH_BASE + 0x400))
                [!provide]                PROVIDE (TIM4, (APB1PERIPH_BASE + 0x800))
                [!provide]                PROVIDE (RTC, (APB1PERIPH_BASE + 0x2800))
                [!provide]                PROVIDE (WWDG, (APB1PERIPH_BASE + 0x2c00))
                [!provide]                PROVIDE (IWDG, (APB1PERIPH_BASE + 0x3000))
                [!provide]                PROVIDE (SPI2, (APB1PERIPH_BASE + 0x3800))
                [!provide]                PROVIDE (USART2, (APB1PERIPH_BASE + 0x4400))
                [!provide]                PROVIDE (USART3, (APB1PERIPH_BASE + 0x4800))
                [!provide]                PROVIDE (I2C1, (APB1PERIPH_BASE + 0x5400))
                [!provide]                PROVIDE (I2C2, (APB1PERIPH_BASE + 0x5800))
                [!provide]                PROVIDE (CAN, (APB1PERIPH_BASE + 0x6400))
                [!provide]                PROVIDE (BKP, (APB1PERIPH_BASE + 0x6c00))
                [!provide]                PROVIDE (PWR, (APB1PERIPH_BASE + 0x7000))
                [!provide]                PROVIDE (AFIO, (APB2PERIPH_BASE + 0x0))
                [!provide]                PROVIDE (EXTI, (APB2PERIPH_BASE + 0x400))
                [!provide]                PROVIDE (GPIOA, (APB2PERIPH_BASE + 0x800))
                [!provide]                PROVIDE (GPIOB, (APB2PERIPH_BASE + 0xc00))
                [!provide]                PROVIDE (GPIOC, (APB2PERIPH_BASE + 0x1000))
                [!provide]                PROVIDE (GPIOD, (APB2PERIPH_BASE + 0x1400))
                [!provide]                PROVIDE (GPIOE, (APB2PERIPH_BASE + 0x1800))
                [!provide]                PROVIDE (ADC1, (APB2PERIPH_BASE + 0x2400))
                [!provide]                PROVIDE (ADC2, (APB2PERIPH_BASE + 0x2800))
                [!provide]                PROVIDE (TIM1, (APB2PERIPH_BASE + 0x2c00))
                [!provide]                PROVIDE (SPI1, (APB2PERIPH_BASE + 0x3000))
                [!provide]                PROVIDE (USART1, (APB2PERIPH_BASE + 0x3800))
                [!provide]                PROVIDE (DMA, (AHBPERIPH_BASE + 0x0))
                [!provide]                PROVIDE (DMA_Channel1, (AHBPERIPH_BASE + 0x8))
                [!provide]                PROVIDE (DMA_Channel2, (AHBPERIPH_BASE + 0x1c))
                [!provide]                PROVIDE (DMA_Channel3, (AHBPERIPH_BASE + 0x30))
                [!provide]                PROVIDE (DMA_Channel4, (AHBPERIPH_BASE + 0x44))
                [!provide]                PROVIDE (DMA_Channel5, (AHBPERIPH_BASE + 0x58))
                [!provide]                PROVIDE (DMA_Channel6, (AHBPERIPH_BASE + 0x6c))
                [!provide]                PROVIDE (DMA_Channel7, (AHBPERIPH_BASE + 0x80))
                [!provide]                PROVIDE (RCC, (AHBPERIPH_BASE + 0x1000))
                0xe000e000                SCS_BASE = 0xe000e000
                [!provide]                PROVIDE (SysTick, (SCS_BASE + 0x10))
                [!provide]                PROVIDE (NVIC, (SCS_BASE + 0x100))
                [!provide]                PROVIDE (SCB, (SCS_BASE + 0xd00))
                0x20005000                PROVIDE (_estack, (ORIGIN (RAM) + LENGTH (RAM)))

.isr_vector     0x08000000      0x10c
                0x08000000                . = ALIGN (0x4)
 *(.isr_vector)
 .isr_vector    0x08000000      0x10c lib/CMSIS_CM3/startup/gcc/startup_stm32f10x_md.o
                0x08000000                g_pfnVectors
                0x0800010c                . = ALIGN (0x4)

.flash_start    0x00000000        0x0
                0x00000000                . = ALIGN (0x4)
 *(.flash_start)
 *(.flash_start.*)
                0x00000000                . = ALIGN (0x4)

.crp_patch      0x00000000        0x0
                0x00000000                . = ALIGN (0x4)
 *(.crp_patch)
                0x00000000                . = ALIGN (0x4)

.flashtext      0x0800010c        0x0
                0x0800010c                . = ALIGN (0x4)
 *(.flashtext)
                0x0800010c                . = ALIGN (0x4)

.text           0x08000110    0x13268
                0x08000110                . = ALIGN (0x4)
 *(.text)
 .text          0x08000110      0x370 /home/laurence/ARM-GCC/gcc-arm-none-eabi-5_3-2016q1/bin/../lib/gcc/arm-none-eabi/5.3.1/armv7-m/libgcc.a(_arm_addsubdf3.o)
                0x08000110                __aeabi_drsub
                0x08000118                __aeabi_dsub
                0x08000118                __subdf3
                0x0800011c                __adddf3
                0x0800011c                __aeabi_dadd
                0x08000394                __aeabi_ui2d
                0x08000394                __floatunsidf
                0x080003b4                __floatsidf
                0x080003b4                __aeabi_i2d
                0x080003d8                __extendsfdf2
                0x080003d8                __aeabi_f2d
                0x08000414                __aeabi_ul2d
                0x08000414                __floatundidf
                0x08000424                __floatdidf
                0x08000424                __aeabi_l2d
 .text          0x08000480      0x424 /home/laurence/ARM-GCC/gcc-arm-none-eabi-5_3-2016q1/bin/../lib/gcc/arm-none-eabi/5.3.1/armv7-m/libgcc.a(_arm_muldivdf3.o)
                0x08000480                __aeabi_dmul
                0x08000480                __muldf3
                0x080006d4                __aeabi_ddiv
                0x080006d4                __divdf3
 .text          0x080008a4      0x110 /home/laurence/ARM-GCC/gcc-arm-none-eabi-5_3-2016q1/bin/../lib/gcc/arm-none-eabi/5.3.1/armv7-m/libgcc.a(_arm_cmpdf2.o)
                0x080008a4                __gtdf2
                0x080008a4                __gedf2
                0x080008ac                __ltdf2
                0x080008ac                __ledf2
                0x080008b4                __cmpdf2
                0x080008b4                __eqdf2
                0x080008b4                __nedf2
                0x08000930                __aeabi_cdrcmple
                0x08000940                __aeabi_cdcmple
                0x08000940                __aeabi_cdcmpeq
                0x08000950                __aeabi_dcmpeq
                0x08000964                __aeabi_dcmplt
                0x08000978                __aeabi_dcmple
                0x0800098c                __aeabi_dcmpge
                0x080009a0                __aeabi_dcmpgt
 .text          0x080009b4       0x50 /home/laurence/ARM-GCC/gcc-arm-none-eabi-5_3-2016q1/bin/../lib/gcc/arm-none-eabi/5.3.1/armv7-m/libgcc.a(_arm_fixdfsi.o)
                0x080009b4                __fixdfsi
                0x080009b4                __aeabi_d2iz
 .text          0x08000a04       0x40 /home/laurence/ARM-GCC/gcc-arm-none-eabi-5_3-2016q1/bin/../lib/gcc/arm-none-eabi/5.3.1/armv7-m/libgcc.a(_arm_fixunsdfsi.o)
                0x08000a04                __fixunsdfsi
                0x08000a04                __aeabi_d2uiz
 .text          0x08000a44       0xa0 /home/laurence/ARM-GCC/gcc-arm-none-eabi-5_3-2016q1/bin/../lib/gcc/arm-none-eabi/5.3.1/armv7-m/libgcc.a(_arm_truncdfsf2.o)
                0x08000a44                __aeabi_d2f
                0x08000a44                __truncdfsf2
 .text          0x08000ae4      0x21c /home/laurence/ARM-GCC/gcc-arm-none-eabi-5_3-2016q1/bin/../lib/gcc/arm-none-eabi/5.3.1/armv7-m/libgcc.a(_arm_addsubsf3.o)
                0x08000ae4                __aeabi_frsub
                0x08000aec                __subsf3
                0x08000aec                __aeabi_fsub
                0x08000af0                __aeabi_fadd
                0x08000af0                __addsf3
                0x08000c50                __aeabi_ui2f
                0x08000c50                __floatunsisf
                0x08000c58                __aeabi_i2f
                0x08000c58                __floatsisf
                0x08000c74                __floatundisf
                0x08000c74                __aeabi_ul2f
                0x08000c84                __floatdisf
                0x08000c84                __aeabi_l2f
 .text          0x08000d00      0x2a0 /home/laurence/ARM-GCC/gcc-arm-none-eabi-5_3-2016q1/bin/../lib/gcc/arm-none-eabi/5.3.1/armv7-m/libgcc.a(_arm_muldivsf3.o)
                0x08000d00                __mulsf3
                0x08000d00                __aeabi_fmul
                0x08000e68                __divsf3
                0x08000e68                __aeabi_fdiv
 .text          0x08000fa0       0xec /home/laurence/ARM-GCC/gcc-arm-none-eabi-5_3-2016q1/bin/../lib/gcc/arm-none-eabi/5.3.1/armv7-m/libgcc.a(_arm_cmpsf2.o)
                0x08000fa0                __gtsf2
                0x08000fa0                __gesf2
                0x08000fa8                __lesf2
                0x08000fa8                __ltsf2
                0x08000fb0                __nesf2
                0x08000fb0                __eqsf2
                0x08000fb0                __cmpsf2
                0x08001010                __aeabi_cfrcmple
                0x08001018                __aeabi_cfcmple
                0x08001018                __aeabi_cfcmpeq
                0x08001028                __aeabi_fcmpeq
                0x0800103c                __aeabi_fcmplt
                0x08001050                __aeabi_fcmple
                0x08001064                __aeabi_fcmpge
                0x08001078                __aeabi_fcmpgt
 .text          0x0800108c       0x2c /home/laurence/ARM-GCC/gcc-arm-none-eabi-5_3-2016q1/bin/../lib/gcc/arm-none-eabi/5.3.1/armv7-m/libgcc.a(_arm_unordsf2.o)
                0x0800108c                __aeabi_fcmpun
                0x0800108c                __unordsf2
 .text          0x080010b8       0x4c /home/laurence/ARM-GCC/gcc-arm-none-eabi-5_3-2016q1/bin/../lib/gcc/arm-none-eabi/5.3.1/armv7-m/libgcc.a(_arm_fixsfsi.o)
                0x080010b8                __fixsfsi
                0x080010b8                __aeabi_f2iz
 .text          0x08001104       0x40 /home/laurence/ARM-GCC/gcc-arm-none-eabi-5_3-2016q1/bin/../lib/gcc/arm-none-eabi/5.3.1/armv7-m/libgcc.a(_arm_fixunssfsi.o)
                0x08001104                __aeabi_f2uiz
                0x08001104                __fixunssfsi
 .text          0x08001144       0xec /home/laurence/ARM-GCC/gcc-arm-none-eabi-5_3-2016q1/bin/../lib/gcc/arm-none-eabi/5.3.1/../../../../arm-none-eabi/lib/armv7-m/libg.a(lib_a-memcpy.o)
                0x08001144                memcpy
 *(.text.*)
 .text.startup.main
                0x08001230     0x2dac /tmp/ccjT01kF.ltrans0.ltrans.o
                0x08001230                main
 .text.EP2_OUT_Callback
                0x08003fdc      0x9e8 /tmp/ccjT01kF.ltrans1.ltrans.o
 .text.__usart_send_char
                0x080049c4       0xa0 /tmp/ccjT01kF.ltrans2.ltrans.o
                0x080049c4                __usart_send_char
 .text.ads1298_spi_dma_transaction
                0x08004a64       0xec /tmp/ccjT01kF.ltrans2.ltrans.o
                0x08004a64                ads1298_spi_dma_transaction
 .text.DMA1_Channel4_IRQHandler
                0x08004b50      0xbc0 /tmp/ccjT01kF.ltrans2.ltrans.o
                0x08004b50                DMA1_Channel4_IRQHandler
 .text.ads1298_busy_wait_command
                0x08005710       0x4c /tmp/ccjT01kF.ltrans2.ltrans.o
                0x08005710                ads1298_busy_wait_command
 .text.unlikely.ads1298_busy_wait_write
                0x0800575c       0x88 /tmp/ccjT01kF.ltrans2.ltrans.o
                0x0800575c                ads1298_busy_wait_write
 .text.USART3_IRQHandler
                0x080057e4      0x17c /tmp/ccjT01kF.ltrans2.ltrans.o
                0x080057e4                USART3_IRQHandler
 .text.USART1_IRQHandler
                0x08005960      0x134 /tmp/ccjT01kF.ltrans2.ltrans.o
                0x08005960                USART1_IRQHandler
 .text.Gps_Send_Str
                0x08005a94       0x2c /tmp/ccjT01kF.ltrans2.ltrans.o
                0x08005a94                Gps_Send_Str
 .text.Gps_Send_Utf8
                0x08005ac0       0x30 /tmp/ccjT01kF.ltrans2.ltrans.o
                0x08005ac0                Gps_Send_Utf8
 .text.Usart3_Send_Str
                0x08005af0       0x2c /tmp/ccjT01kF.ltrans2.ltrans.o
                0x08005af0                Usart3_Send_Str
 .text.Usart_Send_Str
                0x08005b1c       0xf8 /tmp/ccjT01kF.ltrans2.ltrans.o
                0x08005b1c                Usart_Send_Str
 .text.move_window.lto_priv.83
                0x08005c14      0x1a8 /tmp/ccjT01kF.ltrans3.ltrans.o
                0x08005c14                move_window.lto_priv.83
 .text.get_fattime
                0x08005dbc       0x44 /tmp/ccjT01kF.ltrans3.ltrans.o
                0x08005dbc                get_fattime
 .text.Delay    0x08005e00       0x20 /tmp/ccjT01kF.ltrans3.ltrans.o
                0x08005e00                Delay
 .text.Add_To_Buffer
                0x08005e20       0x50 /tmp/ccjT01kF.ltrans3.ltrans.o
                0x08005e20                Add_To_Buffer
 .text.unlikely.SCSI_Invalid_Cmd
                0x08005e70       0x6c /tmp/ccjT01kF.ltrans3.ltrans.o
                0x08005e70                SCSI_Invalid_Cmd
 .text.SCSI_Write10_Cmd
                0x08005edc      0x214 /tmp/ccjT01kF.ltrans3.ltrans.o
                0x08005edc                SCSI_Write10_Cmd
 .text.SCSI_Read10_Cmd
                0x080060f0       0xe4 /tmp/ccjT01kF.ltrans3.ltrans.o
                0x080060f0                SCSI_Read10_Cmd
 .text.put_fat.part.4.lto_priv.90
                0x080061d4      0x128 /tmp/ccjT01kF.ltrans4.ltrans.o
                0x080061d4                put_fat.part.4.lto_priv.90
 .text.get_fat.part.3.lto_priv.64
                0x080062fc       0xc0 /tmp/ccjT01kF.ltrans4.ltrans.o
                0x080062fc                get_fat.part.3.lto_priv.64
 .text.dir_find.part.5.lto_priv.97
                0x080063bc      0x4b0 /tmp/ccjT01kF.ltrans4.ltrans.o
                0x080063bc                dir_find.part.5.lto_priv.97
 .text.f_lseek  0x0800686c      0x204 /tmp/ccjT01kF.ltrans4.ltrans.o
                0x0800686c                f_lseek
 .text.unlikely.f_close
                0x08006a70       0x10 /tmp/ccjT01kF.ltrans4.ltrans.o
                0x08006a70                f_close
 .text.RN42_generate_packet
                0x08006a80      0x390 /tmp/ccjT01kF.ltrans5.ltrans.o
                0x08006a80                RN42_generate_packet
 .text.rprintf2RamRom
                0x08006e10      0x7d4 /tmp/ccjT01kF.ltrans5.ltrans.o
                0x08006e10                rprintf2RamRom
 .text.disk_write.part.5.lto_priv.60
                0x080075e4      0x22c /tmp/ccjT01kF.ltrans5.ltrans.o
                0x080075e4                disk_write.part.5.lto_priv.60
 .text.disk_read.part.4.lto_priv.62
                0x08007810      0x13c /tmp/ccjT01kF.ltrans5.ltrans.o
                0x08007810                disk_read.part.4.lto_priv.62
 .text.check_fs
                0x0800794c       0xac /tmp/ccjT01kF.ltrans6.ltrans.o
 .text.f_sync   0x080079f8      0x108 /tmp/ccjT01kF.ltrans6.ltrans.o
                0x080079f8                f_sync
 .text.chk_mounted.lto_priv.65
                0x08007b00      0x264 /tmp/ccjT01kF.ltrans6.ltrans.o
                0x08007b00                chk_mounted.lto_priv.65
 .text.follow_path.lto_priv.66
                0x08007d64      0x3b8 /tmp/ccjT01kF.ltrans6.ltrans.o
                0x08007d64                follow_path.lto_priv.66
 .text.f_open   0x0800811c      0x14c /tmp/ccjT01kF.ltrans6.ltrans.o
                0x0800811c                f_open
 .text.get_fileinfo.lto_priv.84
                0x08008268      0x2c8 /tmp/ccjT01kF.ltrans6.ltrans.o
                0x08008268                get_fileinfo.lto_priv.84
 .text.dir_read.lto_priv.81
                0x08008530      0x434 /tmp/ccjT01kF.ltrans7.ltrans.o
                0x08008530                dir_read.lto_priv.81
 .text.dir_sdi.lto_priv.82
                0x08008964       0xa8 /tmp/ccjT01kF.ltrans7.ltrans.o
                0x08008964                dir_sdi.lto_priv.82
 .text.create_chain.lto_priv.86
                0x08008a0c      0x190 /tmp/ccjT01kF.ltrans7.ltrans.o
                0x08008a0c                create_chain.lto_priv.86
 .text.dir_register.lto_priv.87
                0x08008b9c      0x6f0 /tmp/ccjT01kF.ltrans7.ltrans.o
                0x08008b9c                dir_register.lto_priv.87
 .text.sync.lto_priv.79
                0x0800928c       0xe0 /tmp/ccjT01kF.ltrans7.ltrans.o
                0x0800928c                sync.lto_priv.79
 .text.stm32_spi_rw.lto_priv.59
                0x0800936c       0x24 /tmp/ccjT01kF.ltrans8.ltrans.o
                0x0800936c                stm32_spi_rw.lto_priv.59
 .text.send_cmd
                0x08009390      0x16c /tmp/ccjT01kF.ltrans8.ltrans.o
                0x08009390                send_cmd
 .text.disk_initialize
                0x080094fc      0x260 /tmp/ccjT01kF.ltrans8.ltrans.o
                0x080094fc                disk_initialize
 .text.wait_ready.lto_priv.61
                0x0800975c       0x54 /tmp/ccjT01kF.ltrans8.ltrans.o
                0x0800975c                wait_ready.lto_priv.61
 .text.stm32_dma_transfer.lto_priv.63
                0x080097b0       0xd4 /tmp/ccjT01kF.ltrans8.ltrans.o
                0x080097b0                stm32_dma_transfer.lto_priv.63
 .text.rcvr_datablock
                0x08009884       0x9c /tmp/ccjT01kF.ltrans8.ltrans.o
                0x08009884                rcvr_datablock
 .text.counter_to_struct.lto_priv.88
                0x08009920      0x128 /tmp/ccjT01kF.ltrans8.ltrans.o
                0x08009920                counter_to_struct.lto_priv.88
 .text.rtc_gettime
                0x08009a48       0x84 /tmp/ccjT01kF.ltrans8.ltrans.o
                0x08009a48                rtc_gettime
 .text.f_write.part.9.lto_priv.85
                0x08009acc      0x350 /tmp/ccjT01kF.ltrans8.ltrans.o
                0x08009acc                f_write.part.9.lto_priv.85
 .text.remove_chain.part.6.lto_priv.80
                0x08009e1c      0x110 /tmp/ccjT01kF.ltrans8.ltrans.o
                0x08009e1c                remove_chain.part.6.lto_priv.80
 .text.I2C1_ER_IRQHandler
                0x08009f2c      0x150 /tmp/ccjT01kF.ltrans9.ltrans.o
                0x08009f2c                I2C1_ER_IRQHandler
 .text.I2C1_EV_IRQHandler
                0x0800a07c      0x604 /tmp/ccjT01kF.ltrans9.ltrans.o
                0x0800a07c                I2C1_EV_IRQHandler
 .text.ADC_Configuration
                0x0800a680      0x10c /tmp/ccjT01kF.ltrans9.ltrans.o
                0x0800a680                ADC_Configuration
 .text.wave_terminate
                0x0800a78c      0x1c0 /tmp/ccjT01kF.ltrans9.ltrans.o
                0x0800a78c                wave_terminate
 .text.write_wave_header
                0x0800a94c      0x11c /tmp/ccjT01kF.ltrans9.ltrans.o
                0x0800a94c                write_wave_header
 .text.SP1ML_generate_packet
                0x0800aa68      0x350 /tmp/ccjT01kF.ltrans10.ltrans.o
                0x0800aa68                SP1ML_generate_packet
 .text.SP1ML_command
                0x0800adb8      0x148 /tmp/ccjT01kF.ltrans10.ltrans.o
                0x0800adb8                SP1ML_command
 .text.SP1ML_rx_tx_data_processor
                0x0800af00      0xe00 /tmp/ccjT01kF.ltrans10.ltrans.o
                0x0800af00                SP1ML_rx_tx_data_processor
 .text.set_rtc_correction
                0x0800bd00       0x5c /tmp/ccjT01kF.ltrans10.ltrans.o
                0x0800bd00                set_rtc_correction
 .text.unlikely.read_config_file.constprop.21
                0x0800bd5c      0x4bc /tmp/ccjT01kF.ltrans11.ltrans.o
                0x0800bd5c                read_config_file.constprop.21
 .text.Get_UBX_Ack.constprop.8
                0x0800c218       0xcc /tmp/ccjT01kF.ltrans11.ltrans.o
                0x0800c218                Get_UBX_Ack.constprop.8
 .text.USART2_reconf.constprop.7
                0x0800c2e4       0x54 /tmp/ccjT01kF.ltrans11.ltrans.o
                0x0800c2e4                USART2_reconf.constprop.7
 .text.ads1298_wct_config.constprop.3
                0x0800c338      0x15c /tmp/ccjT01kF.ltrans11.ltrans.o
                0x0800c338                ads1298_wct_config.constprop.3
 .text.unlikely.ads1298_setup.constprop.2
                0x0800c494      0x354 /tmp/ccjT01kF.ltrans11.ltrans.o
                0x0800c494                ads1298_setup.constprop.2
 .text.Gps_DMA_Process
                0x0800c7e8      0x318 /tmp/ccjT01kF.ltrans11.ltrans.o
                0x0800c7e8                Gps_DMA_Process
 .text.EXTI9_5_IRQHandler
                0x0800cb00       0x34 /tmp/ccjT01kF.ltrans11.ltrans.o
                0x0800cb00                EXTI9_5_IRQHandler
 .text.USB_LP_CAN1_RX0_IRQHandler
                0x0800cb34      0x118 /tmp/ccjT01kF.ltrans12.ltrans.o
                0x0800cb34                USB_LP_CAN1_RX0_IRQHandler
 .text.USB_HP_CAN1_TX_IRQHandler
                0x0800cc4c        0x4 /tmp/ccjT01kF.ltrans12.ltrans.o
                0x0800cc4c                USB_HP_CAN1_TX_IRQHandler
 .text.SysTick_Handler
                0x0800cc50      0x17c /tmp/ccjT01kF.ltrans12.ltrans.o
                0x0800cc50                SysTick_Handler
 .text.EXTI15_10_IRQHandler
                0x0800cdcc       0x68 /tmp/ccjT01kF.ltrans12.ltrans.o
                0x0800cdcc                EXTI15_10_IRQHandler
 .text.ADC1_2_IRQHandler
                0x0800ce34       0x70 /tmp/ccjT01kF.ltrans12.ltrans.o
                0x0800ce34                ADC1_2_IRQHandler
 .text.EXTI0_IRQHandler
                0x0800cea4       0x98 /tmp/ccjT01kF.ltrans12.ltrans.o
                0x0800cea4                EXTI0_IRQHandler
 .text.EXTI_ONOFF_EN
                0x0800cf3c       0x54 /tmp/ccjT01kF.ltrans12.ltrans.o
                0x0800cf3c                EXTI_ONOFF_EN
 .text.I2C_Config
                0x0800cf90      0x23c /tmp/ccjT01kF.ltrans12.ltrans.o
                0x0800cf90                I2C_Config
 .text.I2C1_Request_Job
                0x0800d1cc       0x74 /tmp/ccjT01kF.ltrans12.ltrans.o
                0x0800d1cc                I2C1_Request_Job
 .text.__str_print_char
                0x0800d240       0xfc /tmp/ccjT01kF.ltrans13.ltrans.o
                0x0800d240                __str_print_char
 .text.__fat_print_char
                0x0800d33c       0x58 /tmp/ccjT01kF.ltrans13.ltrans.o
                0x0800d33c                __fat_print_char
 .text.shutdown_filesystem
                0x0800d394      0x464 /tmp/ccjT01kF.ltrans13.ltrans.o
                0x0800d394                shutdown_filesystem
 .text.stm32_spi_rw.constprop.56
                0x0800d7f8       0x24 /tmp/ccjT01kF.ltrans14.ltrans.o
                0x0800d7f8                stm32_spi_rw.constprop.56
 .text.disk_write.constprop.53
                0x0800d81c       0x84 /tmp/ccjT01kF.ltrans14.ltrans.o
                0x0800d81c                disk_write.constprop.53
 .text.unlikely.disk_read.constprop.52
                0x0800d8a0       0x60 /tmp/ccjT01kF.ltrans14.ltrans.o
                0x0800d8a0                disk_read.constprop.52
 .text.unlikely.Set_CSW.constprop.50
                0x0800d900       0x2c /tmp/ccjT01kF.ltrans14.ltrans.o
                0x0800d900                Set_CSW.constprop.50
 .text.dir_next.constprop.30
                0x0800d92c       0x88 /tmp/ccjT01kF.ltrans14.ltrans.o
                0x0800d92c                dir_next.constprop.30
 .text.unlikely.f_chdir.constprop.25
                0x0800d9b4       0x68 /tmp/ccjT01kF.ltrans14.ltrans.o
                0x0800d9b4                f_chdir.constprop.25
 .text.Get_Max_Lun
                0x0800da1c       0x18 /tmp/ccjT01kF.ltrans15.ltrans.o
 .text.MASS_Get_Interface_Setting
                0x0800da34       0x10 /tmp/ccjT01kF.ltrans15.ltrans.o
                0x0800da34                MASS_Get_Interface_Setting
 .text.MASS_Data_Setup
                0x0800da44       0x38 /tmp/ccjT01kF.ltrans15.ltrans.o
                0x0800da44                MASS_Data_Setup
 .text.MASS_Status_In
                0x0800da7c        0x4 /tmp/ccjT01kF.ltrans15.ltrans.o
                0x0800da7c                MASS_Status_In
 .text.MASS_Status_Out
                0x0800da80        0x4 /tmp/ccjT01kF.ltrans15.ltrans.o
                0x0800da80                MASS_Status_Out
 .text.Mass_Storage_SetDeviceAddress
                0x0800da84        0xc /tmp/ccjT01kF.ltrans15.ltrans.o
 .text.MASS_GetStringDescriptor
                0x0800da90       0x20 /tmp/ccjT01kF.ltrans15.ltrans.o
                0x0800da90                MASS_GetStringDescriptor
 .text.MASS_GetConfigDescriptor
                0x0800dab0        0xc /tmp/ccjT01kF.ltrans15.ltrans.o
                0x0800dab0                MASS_GetConfigDescriptor
 .text.MASS_GetDeviceDescriptor
                0x0800dabc        0xc /tmp/ccjT01kF.ltrans15.ltrans.o
                0x0800dabc                MASS_GetDeviceDescriptor
 .text.MASS_NoData_Setup
                0x0800dac8       0x50 /tmp/ccjT01kF.ltrans15.ltrans.o
                0x0800dac8                MASS_NoData_Setup
 .text.Mass_Storage_SetConfiguration
                0x0800db18       0x30 /tmp/ccjT01kF.ltrans15.ltrans.o
 .text.Mass_Storage_ClearFeature
                0x0800db48       0x2c /tmp/ccjT01kF.ltrans15.ltrans.o
 .text.MASS_Reset
                0x0800db74       0xf0 /tmp/ccjT01kF.ltrans15.ltrans.o
                0x0800db74                MASS_Reset
 .text.MASS_init
                0x0800dc64      0x17c /tmp/ccjT01kF.ltrans15.ltrans.o
                0x0800dc64                MASS_init
 .text.Resume   0x0800dde0      0x118 /tmp/ccjT01kF.ltrans15.ltrans.o
                0x0800dde0                Resume
 .text.EP1_IN_Callback
                0x0800def8       0x88 /tmp/ccjT01kF.ltrans16.ltrans.o
 .text.unlikely.Transfer_Data_Request
                0x0800df80       0x34 /tmp/ccjT01kF.ltrans16.ltrans.o
                0x0800df80                Transfer_Data_Request
 .text.Read_Memory
                0x0800dfb4      0x1b4 /tmp/ccjT01kF.ltrans16.ltrans.o
                0x0800dfb4                Read_Memory
 .text.Reset_Handler
                0x0800e168       0x40 lib/CMSIS_CM3/startup/gcc/startup_stm32f10x_md.o
                0x0800e168                Reset_Handler
 .text.Default_Handler
                0x0800e1a8        0x2 lib/CMSIS_CM3/startup/gcc/startup_stm32f10x_md.o
                0x0800e1a8                EXTI2_IRQHandler
                0x0800e1a8                DebugMon_Handler
                0x0800e1a8                TIM1_CC_IRQHandler
                0x0800e1a8                HardFault_Handler
                0x0800e1a8                PVD_IRQHandler
                0x0800e1a8                PendSV_Handler
                0x0800e1a8                NMI_Handler
                0x0800e1a8                EXTI3_IRQHandler
                0x0800e1a8                I2C2_EV_IRQHandler
                0x0800e1a8                UsageFault_Handler
                0x0800e1a8                SPI1_IRQHandler
                0x0800e1a8                TAMPER_IRQHandler
                0x0800e1a8                RTC_IRQHandler
                0x0800e1a8                DMA1_Channel7_IRQHandler
                0x0800e1a8                CAN1_RX1_IRQHandler
                0x0800e1a8                TIM4_IRQHandler
                0x0800e1a8                DMA1_Channel6_IRQHandler
                0x0800e1a8                TIM3_IRQHandler
                0x0800e1a8                RCC_IRQHandler
                0x0800e1a8                TIM1_TRG_COM_IRQHandler
                0x0800e1a8                DMA1_Channel1_IRQHandler
                0x0800e1a8                Default_Handler
                0x0800e1a8                SPI2_IRQHandler
                0x0800e1a8                MemManage_Handler
                0x0800e1a8                SVC_Handler
                0x0800e1a8                DMA1_Channel5_IRQHandler
                0x0800e1a8                EXTI4_IRQHandler
                0x0800e1a8                DMA1_Channel3_IRQHandler
                0x0800e1a8                TIM1_UP_IRQHandler
                0x0800e1a8                WWDG_IRQHandler
                0x0800e1a8                TIM2_IRQHandler
                0x0800e1a8                TIM1_BRK_IRQHandler
                0x0800e1a8                EXTI1_IRQHandler
                0x0800e1a8                RTCAlarm_IRQHandler
                0x0800e1a8                USART2_IRQHandler
                0x0800e1a8                I2C2_ER_IRQHandler
                0x0800e1a8                DMA1_Channel2_IRQHandler
                0x0800e1a8                CAN1_SCE_IRQHandler
                0x0800e1a8                FLASH_IRQHandler
                0x0800e1a8                BusFault_Handler
                0x0800e1a8                USBWakeUp_IRQHandler
 *fill*         0x0800e1aa        0x2 
 .text.NVIC_PriorityGroupConfig
                0x0800e1ac       0x14 lib/STM32F10x_StdPeriph_Driver/libstm32fw.a(misc.o)
                0x0800e1ac                NVIC_PriorityGroupConfig
 .text.NVIC_Init
                0x0800e1c0       0x6c lib/STM32F10x_StdPeriph_Driver/libstm32fw.a(misc.o)
                0x0800e1c0                NVIC_Init
 .text.NVIC_SetVectorTable
                0x0800e22c       0x14 lib/STM32F10x_StdPeriph_Driver/libstm32fw.a(misc.o)
                0x0800e22c                NVIC_SetVectorTable
 .text.SysTick_CLKSourceConfig
                0x0800e240       0x18 lib/STM32F10x_StdPeriph_Driver/libstm32fw.a(misc.o)
                0x0800e240                SysTick_CLKSourceConfig
 .text.ADC_DeInit
                0x0800e258       0x5c lib/STM32F10x_StdPeriph_Driver/libstm32fw.a(stm32f10x_adc.o)
                0x0800e258                ADC_DeInit
 .text.ADC_Init
                0x0800e2b4       0x48 lib/STM32F10x_StdPeriph_Driver/libstm32fw.a(stm32f10x_adc.o)
                0x0800e2b4                ADC_Init
 .text.ADC_Cmd  0x0800e2fc       0x12 lib/STM32F10x_StdPeriph_Driver/libstm32fw.a(stm32f10x_adc.o)
                0x0800e2fc                ADC_Cmd
 .text.ADC_ITConfig
                0x0800e30e       0x12 lib/STM32F10x_StdPeriph_Driver/libstm32fw.a(stm32f10x_adc.o)
                0x0800e30e                ADC_ITConfig
 .text.ADC_ResetCalibration
                0x0800e320        0xa lib/STM32F10x_StdPeriph_Driver/libstm32fw.a(stm32f10x_adc.o)
                0x0800e320                ADC_ResetCalibration
 .text.ADC_GetResetCalibrationStatus
                0x0800e32a        0x8 lib/STM32F10x_StdPeriph_Driver/libstm32fw.a(stm32f10x_adc.o)
                0x0800e32a                ADC_GetResetCalibrationStatus
 .text.ADC_StartCalibration
                0x0800e332        0xa lib/STM32F10x_StdPeriph_Driver/libstm32fw.a(stm32f10x_adc.o)
                0x0800e332                ADC_StartCalibration
 .text.ADC_GetCalibrationStatus
                0x0800e33c        0x8 lib/STM32F10x_StdPeriph_Driver/libstm32fw.a(stm32f10x_adc.o)
                0x0800e33c                ADC_GetCalibrationStatus
 .text.ADC_SoftwareStartConvCmd
                0x0800e344       0x12 lib/STM32F10x_StdPeriph_Driver/libstm32fw.a(stm32f10x_adc.o)
                0x0800e344                ADC_SoftwareStartConvCmd
 .text.ADC_RegularChannelConfig
                0x0800e356       0x84 lib/STM32F10x_StdPeriph_Driver/libstm32fw.a(stm32f10x_adc.o)
                0x0800e356                ADC_RegularChannelConfig
 .text.ADC_GetConversionValue
                0x0800e3da        0x6 lib/STM32F10x_StdPeriph_Driver/libstm32fw.a(stm32f10x_adc.o)
                0x0800e3da                ADC_GetConversionValue
 .text.ADC_ExternalTrigInjectedConvConfig
                0x0800e3e0        0xc lib/STM32F10x_StdPeriph_Driver/libstm32fw.a(stm32f10x_adc.o)
                0x0800e3e0                ADC_ExternalTrigInjectedConvConfig
 .text.ADC_SoftwareStartInjectedConvCmd
                0x0800e3ec       0x12 lib/STM32F10x_StdPeriph_Driver/libstm32fw.a(stm32f10x_adc.o)
                0x0800e3ec                ADC_SoftwareStartInjectedConvCmd
 .text.ADC_InjectedChannelConfig
                0x0800e3fe       0x54 lib/STM32F10x_StdPeriph_Driver/libstm32fw.a(stm32f10x_adc.o)
                0x0800e3fe                ADC_InjectedChannelConfig
 .text.ADC_InjectedSequencerLengthConfig
                0x0800e452       0x10 lib/STM32F10x_StdPeriph_Driver/libstm32fw.a(stm32f10x_adc.o)
                0x0800e452                ADC_InjectedSequencerLengthConfig
 .text.ADC_GetInjectedConversionValue
                0x0800e462       0x1a lib/STM32F10x_StdPeriph_Driver/libstm32fw.a(stm32f10x_adc.o)
                0x0800e462                ADC_GetInjectedConversionValue
 .text.ADC_AnalogWatchdogCmd
                0x0800e47c       0x10 lib/STM32F10x_StdPeriph_Driver/libstm32fw.a(stm32f10x_adc.o)
                0x0800e47c                ADC_AnalogWatchdogCmd
 .text.ADC_AnalogWatchdogThresholdsConfig
                0x0800e48c        0x6 lib/STM32F10x_StdPeriph_Driver/libstm32fw.a(stm32f10x_adc.o)
                0x0800e48c                ADC_AnalogWatchdogThresholdsConfig
 .text.ADC_AnalogWatchdogSingleChannelConfig
                0x0800e492        0xc lib/STM32F10x_StdPeriph_Driver/libstm32fw.a(stm32f10x_adc.o)
                0x0800e492                ADC_AnalogWatchdogSingleChannelConfig
 .text.ADC_GetFlagStatus
                0x0800e49e        0xc lib/STM32F10x_StdPeriph_Driver/libstm32fw.a(stm32f10x_adc.o)
                0x0800e49e                ADC_GetFlagStatus
 .text.ADC_ClearFlag
                0x0800e4aa        0x6 lib/STM32F10x_StdPeriph_Driver/libstm32fw.a(stm32f10x_adc.o)
                0x0800e4aa                ADC_ClearFlag
 .text.ADC_GetITStatus
                0x0800e4b0       0x16 lib/STM32F10x_StdPeriph_Driver/libstm32fw.a(stm32f10x_adc.o)
                0x0800e4b0                ADC_GetITStatus
 .text.ADC_ClearITPendingBit
                0x0800e4c6        0x8 lib/STM32F10x_StdPeriph_Driver/libstm32fw.a(stm32f10x_adc.o)
                0x0800e4c6                ADC_ClearITPendingBit
 .text.BKP_DeInit
                0x0800e4ce       0x12 lib/STM32F10x_StdPeriph_Driver/libstm32fw.a(stm32f10x_bkp.o)
                0x0800e4ce                BKP_DeInit
 .text.BKP_RTCOutputConfig
                0x0800e4e0       0x18 lib/STM32F10x_StdPeriph_Driver/libstm32fw.a(stm32f10x_bkp.o)
                0x0800e4e0                BKP_RTCOutputConfig
 .text.BKP_SetRTCCalibrationValue
                0x0800e4f8       0x18 lib/STM32F10x_StdPeriph_Driver/libstm32fw.a(stm32f10x_bkp.o)
                0x0800e4f8                BKP_SetRTCCalibrationValue
 .text.BKP_WriteBackupRegister
                0x0800e510       0x1c lib/STM32F10x_StdPeriph_Driver/libstm32fw.a(stm32f10x_bkp.o)
                0x0800e510                BKP_WriteBackupRegister
 .text.BKP_ReadBackupRegister
                0x0800e52c       0x20 lib/STM32F10x_StdPeriph_Driver/libstm32fw.a(stm32f10x_bkp.o)
                0x0800e52c                BKP_ReadBackupRegister
 .text.DBGMCU_Config
                0x0800e54c       0x18 lib/STM32F10x_StdPeriph_Driver/libstm32fw.a(stm32f10x_dbgmcu.o)
                0x0800e54c                DBGMCU_Config
 .text.DMA_DeInit
                0x0800e564       0xf0 lib/STM32F10x_StdPeriph_Driver/libstm32fw.a(stm32f10x_dma.o)
                0x0800e564                DMA_DeInit
 .text.DMA_Init
                0x0800e654       0x3c lib/STM32F10x_StdPeriph_Driver/libstm32fw.a(stm32f10x_dma.o)
                0x0800e654                DMA_Init
 .text.DMA_Cmd  0x0800e690       0x12 lib/STM32F10x_StdPeriph_Driver/libstm32fw.a(stm32f10x_dma.o)
                0x0800e690                DMA_Cmd
 .text.DMA_ITConfig
                0x0800e6a2       0x10 lib/STM32F10x_StdPeriph_Driver/libstm32fw.a(stm32f10x_dma.o)
                0x0800e6a2                DMA_ITConfig
 .text.DMA_GetCurrDataCounter
                0x0800e6b2        0x6 lib/STM32F10x_StdPeriph_Driver/libstm32fw.a(stm32f10x_dma.o)
                0x0800e6b2                DMA_GetCurrDataCounter
 .text.DMA_GetFlagStatus
                0x0800e6b8       0x1c lib/STM32F10x_StdPeriph_Driver/libstm32fw.a(stm32f10x_dma.o)
                0x0800e6b8                DMA_GetFlagStatus
 .text.DMA_ClearFlag
                0x0800e6d4       0x14 lib/STM32F10x_StdPeriph_Driver/libstm32fw.a(stm32f10x_dma.o)
                0x0800e6d4                DMA_ClearFlag
 .text.DMA_GetITStatus
                0x0800e6e8       0x1c lib/STM32F10x_StdPeriph_Driver/libstm32fw.a(stm32f10x_dma.o)
                0x0800e6e8                DMA_GetITStatus
 .text.DMA_ClearITPendingBit
                0x0800e704       0x14 lib/STM32F10x_StdPeriph_Driver/libstm32fw.a(stm32f10x_dma.o)
                0x0800e704                DMA_ClearITPendingBit
 .text.EXTI_DeInit
                0x0800e718       0x1c lib/STM32F10x_StdPeriph_Driver/libstm32fw.a(stm32f10x_exti.o)
                0x0800e718                EXTI_DeInit
 .text.EXTI_Init
                0x0800e734       0x88 lib/STM32F10x_StdPeriph_Driver/libstm32fw.a(stm32f10x_exti.o)
                0x0800e734                EXTI_Init
 .text.EXTI_GenerateSWInterrupt
                0x0800e7bc       0x10 lib/STM32F10x_StdPeriph_Driver/libstm32fw.a(stm32f10x_exti.o)
                0x0800e7bc                EXTI_GenerateSWInterrupt
 .text.EXTI_GetITStatus
                0x0800e7cc       0x1c lib/STM32F10x_StdPeriph_Driver/libstm32fw.a(stm32f10x_exti.o)
                0x0800e7cc                EXTI_GetITStatus
 .text.EXTI_ClearITPendingBit
                0x0800e7e8        0xc lib/STM32F10x_StdPeriph_Driver/libstm32fw.a(stm32f10x_exti.o)
                0x0800e7e8                EXTI_ClearITPendingBit
 .text.GPIO_Init
                0x0800e7f4       0x90 lib/STM32F10x_StdPeriph_Driver/libstm32fw.a(stm32f10x_gpio.o)
                0x0800e7f4                GPIO_Init
 .text.GPIO_StructInit
                0x0800e884       0x10 lib/STM32F10x_StdPeriph_Driver/libstm32fw.a(stm32f10x_gpio.o)
                0x0800e884                GPIO_StructInit
 .text.GPIO_ReadInputDataBit
                0x0800e894        0xc lib/STM32F10x_StdPeriph_Driver/libstm32fw.a(stm32f10x_gpio.o)
                0x0800e894                GPIO_ReadInputDataBit
 .text.GPIO_SetBits
                0x0800e8a0        0x4 lib/STM32F10x_StdPeriph_Driver/libstm32fw.a(stm32f10x_gpio.o)
                0x0800e8a0                GPIO_SetBits
 .text.GPIO_ResetBits
                0x0800e8a4        0x4 lib/STM32F10x_StdPeriph_Driver/libstm32fw.a(stm32f10x_gpio.o)
                0x0800e8a4                GPIO_ResetBits
 .text.GPIO_WriteBit
                0x0800e8a8        0xa lib/STM32F10x_StdPeriph_Driver/libstm32fw.a(stm32f10x_gpio.o)
                0x0800e8a8                GPIO_WriteBit
 *fill*         0x0800e8b2        0x2 
 .text.GPIO_PinRemapConfig
                0x0800e8b4       0x54 lib/STM32F10x_StdPeriph_Driver/libstm32fw.a(stm32f10x_gpio.o)
                0x0800e8b4                GPIO_PinRemapConfig
 .text.GPIO_EXTILineConfig
                0x0800e908       0x2a lib/STM32F10x_StdPeriph_Driver/libstm32fw.a(stm32f10x_gpio.o)
                0x0800e908                GPIO_EXTILineConfig
 *fill*         0x0800e932        0x2 
 .text.I2C_DeInit
                0x0800e934       0x34 lib/STM32F10x_StdPeriph_Driver/libstm32fw.a(stm32f10x_i2c.o)
                0x0800e934                I2C_DeInit
 .text.I2C_Init
                0x0800e968       0xd4 lib/STM32F10x_StdPeriph_Driver/libstm32fw.a(stm32f10x_i2c.o)
                0x0800e968                I2C_Init
 .text.I2C_Cmd  0x0800ea3c       0x18 lib/STM32F10x_StdPeriph_Driver/libstm32fw.a(stm32f10x_i2c.o)
                0x0800ea3c                I2C_Cmd
 .text.I2C_GenerateSTART
                0x0800ea54       0x18 lib/STM32F10x_StdPeriph_Driver/libstm32fw.a(stm32f10x_i2c.o)
                0x0800ea54                I2C_GenerateSTART
 .text.I2C_GenerateSTOP
                0x0800ea6c       0x18 lib/STM32F10x_StdPeriph_Driver/libstm32fw.a(stm32f10x_i2c.o)
                0x0800ea6c                I2C_GenerateSTOP
 .text.I2C_AcknowledgeConfig
                0x0800ea84       0x18 lib/STM32F10x_StdPeriph_Driver/libstm32fw.a(stm32f10x_i2c.o)
                0x0800ea84                I2C_AcknowledgeConfig
 .text.I2C_ITConfig
                0x0800ea9c       0x12 lib/STM32F10x_StdPeriph_Driver/libstm32fw.a(stm32f10x_i2c.o)
                0x0800ea9c                I2C_ITConfig
 .text.I2C_SendData
                0x0800eaae        0x4 lib/STM32F10x_StdPeriph_Driver/libstm32fw.a(stm32f10x_i2c.o)
                0x0800eaae                I2C_SendData
 .text.I2C_ReceiveData
                0x0800eab2        0x6 lib/STM32F10x_StdPeriph_Driver/libstm32fw.a(stm32f10x_i2c.o)
                0x0800eab2                I2C_ReceiveData
 .text.I2C_Send7bitAddress
                0x0800eab8       0x12 lib/STM32F10x_StdPeriph_Driver/libstm32fw.a(stm32f10x_i2c.o)
                0x0800eab8                I2C_Send7bitAddress
 .text.I2C_SoftwareResetCmd
                0x0800eaca       0x18 lib/STM32F10x_StdPeriph_Driver/libstm32fw.a(stm32f10x_i2c.o)
                0x0800eaca                I2C_SoftwareResetCmd
 *fill*         0x0800eae2        0x2 
 .text.IWDG_WriteAccessCmd
                0x0800eae4        0xc lib/STM32F10x_StdPeriph_Driver/libstm32fw.a(stm32f10x_iwdg.o)
                0x0800eae4                IWDG_WriteAccessCmd
 .text.IWDG_SetPrescaler
                0x0800eaf0        0xc lib/STM32F10x_StdPeriph_Driver/libstm32fw.a(stm32f10x_iwdg.o)
                0x0800eaf0                IWDG_SetPrescaler
 .text.IWDG_SetReload
                0x0800eafc        0xc lib/STM32F10x_StdPeriph_Driver/libstm32fw.a(stm32f10x_iwdg.o)
                0x0800eafc                IWDG_SetReload
 .text.IWDG_ReloadCounter
                0x0800eb08       0x10 lib/STM32F10x_StdPeriph_Driver/libstm32fw.a(stm32f10x_iwdg.o)
                0x0800eb08                IWDG_ReloadCounter
 .text.IWDG_Enable
                0x0800eb18       0x10 lib/STM32F10x_StdPeriph_Driver/libstm32fw.a(stm32f10x_iwdg.o)
                0x0800eb18                IWDG_Enable
 .text.PWR_DeInit
                0x0800eb28       0x1a lib/STM32F10x_StdPeriph_Driver/libstm32fw.a(stm32f10x_pwr.o)
                0x0800eb28                PWR_DeInit
 *fill*         0x0800eb42        0x2 
 .text.PWR_BackupAccessCmd
                0x0800eb44        0xc lib/STM32F10x_StdPeriph_Driver/libstm32fw.a(stm32f10x_pwr.o)
                0x0800eb44                PWR_BackupAccessCmd
 .text.PWR_WakeUpPinCmd
                0x0800eb50        0xc lib/STM32F10x_StdPeriph_Driver/libstm32fw.a(stm32f10x_pwr.o)
                0x0800eb50                PWR_WakeUpPinCmd
 .text.PWR_EnterSTANDBYMode
                0x0800eb5c       0x28 lib/STM32F10x_StdPeriph_Driver/libstm32fw.a(stm32f10x_pwr.o)
                0x0800eb5c                PWR_EnterSTANDBYMode
 .text.RCC_HCLKConfig
                0x0800eb84       0x14 lib/STM32F10x_StdPeriph_Driver/libstm32fw.a(stm32f10x_rcc.o)
                0x0800eb84                RCC_HCLKConfig
 .text.RCC_USBCLKConfig
                0x0800eb98        0xc lib/STM32F10x_StdPeriph_Driver/libstm32fw.a(stm32f10x_rcc.o)
                0x0800eb98                RCC_USBCLKConfig
 .text.RCC_ADCCLKConfig
                0x0800eba4       0x14 lib/STM32F10x_StdPeriph_Driver/libstm32fw.a(stm32f10x_rcc.o)
                0x0800eba4                RCC_ADCCLKConfig
 .text.RCC_LSEConfig
                0x0800ebb8       0x20 lib/STM32F10x_StdPeriph_Driver/libstm32fw.a(stm32f10x_rcc.o)
                0x0800ebb8                RCC_LSEConfig
 .text.RCC_RTCCLKConfig
                0x0800ebd8       0x10 lib/STM32F10x_StdPeriph_Driver/libstm32fw.a(stm32f10x_rcc.o)
                0x0800ebd8                RCC_RTCCLKConfig
 .text.RCC_RTCCLKCmd
                0x0800ebe8        0xc lib/STM32F10x_StdPeriph_Driver/libstm32fw.a(stm32f10x_rcc.o)
                0x0800ebe8                RCC_RTCCLKCmd
 .text.RCC_GetClocksFreq
                0x0800ebf4       0x94 lib/STM32F10x_StdPeriph_Driver/libstm32fw.a(stm32f10x_rcc.o)
                0x0800ebf4                RCC_GetClocksFreq
 .text.RCC_AHBPeriphClockCmd
                0x0800ec88       0x18 lib/STM32F10x_StdPeriph_Driver/libstm32fw.a(stm32f10x_rcc.o)
                0x0800ec88                RCC_AHBPeriphClockCmd
 .text.RCC_APB2PeriphClockCmd
                0x0800eca0       0x18 lib/STM32F10x_StdPeriph_Driver/libstm32fw.a(stm32f10x_rcc.o)
                0x0800eca0                RCC_APB2PeriphClockCmd
 .text.RCC_APB1PeriphClockCmd
                0x0800ecb8       0x18 lib/STM32F10x_StdPeriph_Driver/libstm32fw.a(stm32f10x_rcc.o)
                0x0800ecb8                RCC_APB1PeriphClockCmd
 .text.RCC_APB2PeriphResetCmd
                0x0800ecd0       0x18 lib/STM32F10x_StdPeriph_Driver/libstm32fw.a(stm32f10x_rcc.o)
                0x0800ecd0                RCC_APB2PeriphResetCmd
 .text.RCC_APB1PeriphResetCmd
                0x0800ece8       0x18 lib/STM32F10x_StdPeriph_Driver/libstm32fw.a(stm32f10x_rcc.o)
                0x0800ece8                RCC_APB1PeriphResetCmd
 .text.RCC_BackupResetCmd
                0x0800ed00        0xc lib/STM32F10x_StdPeriph_Driver/libstm32fw.a(stm32f10x_rcc.o)
                0x0800ed00                RCC_BackupResetCmd
 .text.RCC_GetFlagStatus
                0x0800ed0c       0x28 lib/STM32F10x_StdPeriph_Driver/libstm32fw.a(stm32f10x_rcc.o)
                0x0800ed0c                RCC_GetFlagStatus
 .text.RTC_EnterConfigMode
                0x0800ed34       0x14 lib/STM32F10x_StdPeriph_Driver/libstm32fw.a(stm32f10x_rtc.o)
                0x0800ed34                RTC_EnterConfigMode
 .text.RTC_ExitConfigMode
                0x0800ed48       0x14 lib/STM32F10x_StdPeriph_Driver/libstm32fw.a(stm32f10x_rtc.o)
                0x0800ed48                RTC_ExitConfigMode
 .text.RTC_GetCounter
                0x0800ed5c       0x14 lib/STM32F10x_StdPeriph_Driver/libstm32fw.a(stm32f10x_rtc.o)
                0x0800ed5c                RTC_GetCounter
 .text.RTC_SetCounter
                0x0800ed70       0x20 lib/STM32F10x_StdPeriph_Driver/libstm32fw.a(stm32f10x_rtc.o)
                0x0800ed70                RTC_SetCounter
 .text.RTC_SetPrescaler
                0x0800ed90       0x20 lib/STM32F10x_StdPeriph_Driver/libstm32fw.a(stm32f10x_rtc.o)
                0x0800ed90                RTC_SetPrescaler
 .text.RTC_WaitForLastTask
                0x0800edb0       0x10 lib/STM32F10x_StdPeriph_Driver/libstm32fw.a(stm32f10x_rtc.o)
                0x0800edb0                RTC_WaitForLastTask
 .text.RTC_WaitForSynchro
                0x0800edc0       0x1c lib/STM32F10x_StdPeriph_Driver/libstm32fw.a(stm32f10x_rtc.o)
                0x0800edc0                RTC_WaitForSynchro
 .text.SPI_Init
                0x0800eddc       0x3e lib/STM32F10x_StdPeriph_Driver/libstm32fw.a(stm32f10x_spi.o)
                0x0800eddc                SPI_Init
 .text.SPI_StructInit
                0x0800ee1a       0x18 lib/STM32F10x_StdPeriph_Driver/libstm32fw.a(stm32f10x_spi.o)
                0x0800ee1a                SPI_StructInit
 .text.SPI_Cmd  0x0800ee32       0x18 lib/STM32F10x_StdPeriph_Driver/libstm32fw.a(stm32f10x_spi.o)
                0x0800ee32                SPI_Cmd
 .text.SPI_I2S_DMACmd
                0x0800ee4a       0x12 lib/STM32F10x_StdPeriph_Driver/libstm32fw.a(stm32f10x_spi.o)
                0x0800ee4a                SPI_I2S_DMACmd
 .text.SPI_I2S_SendData
                0x0800ee5c        0x4 lib/STM32F10x_StdPeriph_Driver/libstm32fw.a(stm32f10x_spi.o)
                0x0800ee5c                SPI_I2S_SendData
 .text.SPI_I2S_ReceiveData
                0x0800ee60        0x6 lib/STM32F10x_StdPeriph_Driver/libstm32fw.a(stm32f10x_spi.o)
                0x0800ee60                SPI_I2S_ReceiveData
 .text.SPI_CalculateCRC
                0x0800ee66       0x18 lib/STM32F10x_StdPeriph_Driver/libstm32fw.a(stm32f10x_spi.o)
                0x0800ee66                SPI_CalculateCRC
 .text.SPI_I2S_GetFlagStatus
                0x0800ee7e        0xc lib/STM32F10x_StdPeriph_Driver/libstm32fw.a(stm32f10x_spi.o)
                0x0800ee7e                SPI_I2S_GetFlagStatus
 *fill*         0x0800ee8a        0x2 
 .text.TIM_DeInit
                0x0800ee8c       0xc8 lib/STM32F10x_StdPeriph_Driver/libstm32fw.a(stm32f10x_tim.o)
                0x0800ee8c                TIM_DeInit
 .text.TIM_TimeBaseInit
                0x0800ef54       0x3c lib/STM32F10x_StdPeriph_Driver/libstm32fw.a(stm32f10x_tim.o)
                0x0800ef54                TIM_TimeBaseInit
 .text.TIM_OC4Init
                0x0800ef90       0x68 lib/STM32F10x_StdPeriph_Driver/libstm32fw.a(stm32f10x_tim.o)
                0x0800ef90                TIM_OC4Init
 .text.TIM_Cmd  0x0800eff8       0x18 lib/STM32F10x_StdPeriph_Driver/libstm32fw.a(stm32f10x_tim.o)
                0x0800eff8                TIM_Cmd
 .text.TIM_OC4PreloadConfig
                0x0800f010       0x14 lib/STM32F10x_StdPeriph_Driver/libstm32fw.a(stm32f10x_tim.o)
                0x0800f010                TIM_OC4PreloadConfig
 .text.USART_DeInit
                0x0800f024       0x98 lib/STM32F10x_StdPeriph_Driver/libstm32fw.a(stm32f10x_usart.o)
                0x0800f024                USART_DeInit
 .text.USART_Init
                0x0800f0bc       0x88 lib/STM32F10x_StdPeriph_Driver/libstm32fw.a(stm32f10x_usart.o)
                0x0800f0bc                USART_Init
 .text.USART_Cmd
                0x0800f144       0x18 lib/STM32F10x_StdPeriph_Driver/libstm32fw.a(stm32f10x_usart.o)
                0x0800f144                USART_Cmd
 .text.USART_ITConfig
                0x0800f15c       0x32 lib/STM32F10x_StdPeriph_Driver/libstm32fw.a(stm32f10x_usart.o)
                0x0800f15c                USART_ITConfig
 .text.USART_DMACmd
                0x0800f18e       0x12 lib/STM32F10x_StdPeriph_Driver/libstm32fw.a(stm32f10x_usart.o)
                0x0800f18e                USART_DMACmd
 .text.USART_SendData
                0x0800f1a0        0x8 lib/STM32F10x_StdPeriph_Driver/libstm32fw.a(stm32f10x_usart.o)
                0x0800f1a0                USART_SendData
 .text.USART_ReceiveData
                0x0800f1a8        0x8 lib/STM32F10x_StdPeriph_Driver/libstm32fw.a(stm32f10x_usart.o)
                0x0800f1a8                USART_ReceiveData
 .text.USART_GetFlagStatus
                0x0800f1b0        0xc lib/STM32F10x_StdPeriph_Driver/libstm32fw.a(stm32f10x_usart.o)
                0x0800f1b0                USART_GetFlagStatus
 .text.USART_GetITStatus
                0x0800f1bc       0x3e lib/STM32F10x_StdPeriph_Driver/libstm32fw.a(stm32f10x_usart.o)
                0x0800f1bc                USART_GetITStatus
 .text.USART_ClearITPendingBit
                0x0800f1fa        0xe lib/STM32F10x_StdPeriph_Driver/libstm32fw.a(stm32f10x_usart.o)
                0x0800f1fa                USART_ClearITPendingBit
 .text.Standard_GetConfiguration
                0x0800f208       0x24 lib/STM32_USB-FS-Device_Driver/libstm32usb.a(usb_core.o)
                0x0800f208                Standard_GetConfiguration
 .text.Standard_GetInterface
                0x0800f22c       0x24 lib/STM32_USB-FS-Device_Driver/libstm32usb.a(usb_core.o)
                0x0800f22c                Standard_GetInterface
 .text.Standard_GetStatus
                0x0800f250       0x90 lib/STM32_USB-FS-Device_Driver/libstm32usb.a(usb_core.o)
                0x0800f250                Standard_GetStatus
 .text.DataStageIn
                0x0800f2e0       0xac lib/STM32_USB-FS-Device_Driver/libstm32usb.a(usb_core.o)
 .text.Standard_SetConfiguration
                0x0800f38c       0x38 lib/STM32_USB-FS-Device_Driver/libstm32usb.a(usb_core.o)
                0x0800f38c                Standard_SetConfiguration
 .text.Standard_SetInterface
                0x0800f3c4       0x48 lib/STM32_USB-FS-Device_Driver/libstm32usb.a(usb_core.o)
                0x0800f3c4                Standard_SetInterface
 .text.Standard_ClearFeature
                0x0800f40c       0xd8 lib/STM32_USB-FS-Device_Driver/libstm32usb.a(usb_core.o)
                0x0800f40c                Standard_ClearFeature
 .text.Standard_SetEndPointFeature
                0x0800f4e4       0x8c lib/STM32_USB-FS-Device_Driver/libstm32usb.a(usb_core.o)
                0x0800f4e4                Standard_SetEndPointFeature
 .text.Standard_SetDeviceFeature
                0x0800f570       0x24 lib/STM32_USB-FS-Device_Driver/libstm32usb.a(usb_core.o)
                0x0800f570                Standard_SetDeviceFeature
 .text.Standard_GetDescriptorData
                0x0800f594       0x1c lib/STM32_USB-FS-Device_Driver/libstm32usb.a(usb_core.o)
                0x0800f594                Standard_GetDescriptorData
 .text.Post0_Process
                0x0800f5b0       0x44 lib/STM32_USB-FS-Device_Driver/libstm32usb.a(usb_core.o)
                0x0800f5b0                Post0_Process
 .text.Setup0_Process
                0x0800f5f4      0x2dc lib/STM32_USB-FS-Device_Driver/libstm32usb.a(usb_core.o)
                0x0800f5f4                Setup0_Process
 .text.Out0_Process
                0x0800f8d0       0xcc lib/STM32_USB-FS-Device_Driver/libstm32usb.a(usb_core.o)
                0x0800f8d0                Out0_Process
 .text.SetDeviceAddress
                0x0800f99c       0x40 lib/STM32_USB-FS-Device_Driver/libstm32usb.a(usb_core.o)
                0x0800f99c                SetDeviceAddress
 .text.In0_Process
                0x0800f9dc       0x5c lib/STM32_USB-FS-Device_Driver/libstm32usb.a(usb_core.o)
                0x0800f9dc                In0_Process
 .text.NOP_Process
                0x0800fa38        0x2 lib/STM32_USB-FS-Device_Driver/libstm32usb.a(usb_core.o)
                0x0800fa38                NOP_Process
 *fill*         0x0800fa3a        0x2 
 .text.USB_Init
                0x0800fa3c       0x34 lib/STM32_USB-FS-Device_Driver/libstm32usb.a(usb_init.o)
                0x0800fa3c                USB_Init
 .text.CTR_LP   0x0800fa70      0x170 lib/STM32_USB-FS-Device_Driver/libstm32usb.a(usb_int.o)
                0x0800fa70                CTR_LP
 .text.CTR_HP   0x0800fbe0       0x74 lib/STM32_USB-FS-Device_Driver/libstm32usb.a(usb_int.o)
                0x0800fbe0                CTR_HP
 .text.UserToPMABufferCopy
                0x0800fc54       0x30 lib/STM32_USB-FS-Device_Driver/libstm32usb.a(usb_mem.o)
                0x0800fc54                UserToPMABufferCopy
 .text.PMAToUserBufferCopy
                0x0800fc84       0x24 lib/STM32_USB-FS-Device_Driver/libstm32usb.a(usb_mem.o)
                0x0800fc84                PMAToUserBufferCopy
 .text.SetBTABLE
                0x0800fca8       0x10 lib/STM32_USB-FS-Device_Driver/libstm32usb.a(usb_regs.o)
                0x0800fca8                SetBTABLE
 .text.SetEPType
                0x0800fcb8       0x1c lib/STM32_USB-FS-Device_Driver/libstm32usb.a(usb_regs.o)
                0x0800fcb8                SetEPType
 .text.SetEPTxStatus
                0x0800fcd4       0x32 lib/STM32_USB-FS-Device_Driver/libstm32usb.a(usb_regs.o)
                0x0800fcd4                SetEPTxStatus
 .text.SetEPRxStatus
                0x0800fd06       0x32 lib/STM32_USB-FS-Device_Driver/libstm32usb.a(usb_regs.o)
                0x0800fd06                SetEPRxStatus
 .text.SetEPRxValid
                0x0800fd38       0x26 lib/STM32_USB-FS-Device_Driver/libstm32usb.a(usb_regs.o)
                0x0800fd38                SetEPRxValid
 .text.Clear_Status_Out
                0x0800fd5e       0x20 lib/STM32_USB-FS-Device_Driver/libstm32usb.a(usb_regs.o)
                0x0800fd5e                Clear_Status_Out
 .text.ClearDTOG_RX
                0x0800fd7e       0x26 lib/STM32_USB-FS-Device_Driver/libstm32usb.a(usb_regs.o)
                0x0800fd7e                ClearDTOG_RX
 .text.ClearDTOG_TX
                0x0800fda4       0x26 lib/STM32_USB-FS-Device_Driver/libstm32usb.a(usb_regs.o)
                0x0800fda4                ClearDTOG_TX
 *fill*         0x0800fdca        0x2 
 .text.SetEPTxAddr
                0x0800fdcc       0x20 lib/STM32_USB-FS-Device_Driver/libstm32usb.a(usb_regs.o)
                0x0800fdcc                SetEPTxAddr
 .text.SetEPRxAddr
                0x0800fdec       0x20 lib/STM32_USB-FS-Device_Driver/libstm32usb.a(usb_regs.o)
                0x0800fdec                SetEPRxAddr
 .text.GetEPTxAddr
                0x0800fe0c       0x20 lib/STM32_USB-FS-Device_Driver/libstm32usb.a(usb_regs.o)
                0x0800fe0c                GetEPTxAddr
 .text.GetEPRxAddr
                0x0800fe2c       0x20 lib/STM32_USB-FS-Device_Driver/libstm32usb.a(usb_regs.o)
                0x0800fe2c                GetEPRxAddr
 .text.SetEPTxCount
                0x0800fe4c       0x1c lib/STM32_USB-FS-Device_Driver/libstm32usb.a(usb_regs.o)
                0x0800fe4c                SetEPTxCount
 .text.SetEPRxCount
                0x0800fe68       0x40 lib/STM32_USB-FS-Device_Driver/libstm32usb.a(usb_regs.o)
                0x0800fe68                SetEPRxCount
 .text.GetEPRxCount
                0x0800fea8       0x20 lib/STM32_USB-FS-Device_Driver/libstm32usb.a(usb_regs.o)
                0x0800fea8                GetEPRxCount
 .text.ByteSwap
                0x0800fec8        0xa lib/STM32_USB-FS-Device_Driver/libstm32usb.a(usb_regs.o)
                0x0800fec8                ByteSwap
 *fill*         0x0800fed2        0x2 
 .text.USB_SIL_Init
                0x0800fed4       0x20 lib/STM32_USB-FS-Device_Driver/libstm32usb.a(usb_sil.o)
                0x0800fed4                USB_SIL_Init
 .text.USB_SIL_Write
                0x0800fef4       0x28 lib/STM32_USB-FS-Device_Driver/libstm32usb.a(usb_sil.o)
                0x0800fef4                USB_SIL_Write
 .text.USB_SIL_Read
                0x0800ff1c       0x24 lib/STM32_USB-FS-Device_Driver/libstm32usb.a(usb_sil.o)
                0x0800ff1c                USB_SIL_Read
 .text.memset   0x0800ff40       0x9c /home/laurence/ARM-GCC/gcc-arm-none-eabi-5_3-2016q1/bin/../lib/gcc/arm-none-eabi/5.3.1/../../../../arm-none-eabi/lib/armv7-m/libg.a(lib_a-memset.o)
                0x0800ff40                memset
 .text.srand    0x0800ffdc       0x14 /home/laurence/ARM-GCC/gcc-arm-none-eabi-5_3-2016q1/bin/../lib/gcc/arm-none-eabi/5.3.1/../../../../arm-none-eabi/lib/armv7-m/libg.a(lib_a-rand.o)
                0x0800ffdc                srand
 .text.rand     0x0800fff0       0x40 /home/laurence/ARM-GCC/gcc-arm-none-eabi-5_3-2016q1/bin/../lib/gcc/arm-none-eabi/5.3.1/../../../../arm-none-eabi/lib/armv7-m/libg.a(lib_a-rand.o)
                0x0800fff0                rand
 .text.roundf   0x08010030       0x48 /home/laurence/ARM-GCC/gcc-arm-none-eabi-5_3-2016q1/bin/../lib/gcc/arm-none-eabi/5.3.1/../../../../arm-none-eabi/lib/armv7-m/libm.a(lib_a-sf_round.o)
                0x08010030                roundf
 .text.sinf     0x08010078       0x7c /home/laurence/ARM-GCC/gcc-arm-none-eabi-5_3-2016q1/bin/../lib/gcc/arm-none-eabi/5.3.1/../../../../arm-none-eabi/lib/armv7-m/libm.a(lib_a-sf_sin.o)
                0x08010078                sinf
 .text.atan2    0x080100f4        0x4 /home/laurence/ARM-GCC/gcc-arm-none-eabi-5_3-2016q1/bin/../lib/gcc/arm-none-eabi/5.3.1/../../../../arm-none-eabi/lib/armv7-m/libm.a(lib_a-w_atan2.o)
                0x080100f4                atan2
 .text.acosf    0x080100f8       0xa4 /home/laurence/ARM-GCC/gcc-arm-none-eabi-5_3-2016q1/bin/../lib/gcc/arm-none-eabi/5.3.1/../../../../arm-none-eabi/lib/armv7-m/libm.a(lib_a-wf_acos.o)
                0x080100f8                acosf
 .text.atan2f   0x0801019c        0x4 /home/laurence/ARM-GCC/gcc-arm-none-eabi-5_3-2016q1/bin/../lib/gcc/arm-none-eabi/5.3.1/../../../../arm-none-eabi/lib/armv7-m/libm.a(lib_a-wf_atan2.o)
                0x0801019c                atan2f
 .text.sqrtf    0x080101a0       0x9c /home/laurence/ARM-GCC/gcc-arm-none-eabi-5_3-2016q1/bin/../lib/gcc/arm-none-eabi/5.3.1/../../../../arm-none-eabi/lib/armv7-m/libm.a(lib_a-wf_sqrt.o)
                0x080101a0                sqrtf
 *fill*         0x0801023c        0x4 
 .text.__ieee754_atan2
                0x08010240      0x194 /home/laurence/ARM-GCC/gcc-arm-none-eabi-5_3-2016q1/bin/../lib/gcc/arm-none-eabi/5.3.1/../../../../arm-none-eabi/lib/armv7-m/libm.a(lib_a-e_atan2.o)
                0x08010240                __ieee754_atan2
 .text.__ieee754_acosf
                0x080103d4      0x2c8 /home/laurence/ARM-GCC/gcc-arm-none-eabi-5_3-2016q1/bin/../lib/gcc/arm-none-eabi/5.3.1/../../../../arm-none-eabi/lib/armv7-m/libm.a(lib_a-ef_acos.o)
                0x080103d4                __ieee754_acosf
 .text.__ieee754_atan2f
                0x0801069c      0x124 /home/laurence/ARM-GCC/gcc-arm-none-eabi-5_3-2016q1/bin/../lib/gcc/arm-none-eabi/5.3.1/../../../../arm-none-eabi/lib/armv7-m/libm.a(lib_a-ef_atan2.o)
                0x0801069c                __ieee754_atan2f
 .text.__ieee754_rem_pio2f
                0x080107c0      0x2e4 /home/laurence/ARM-GCC/gcc-arm-none-eabi-5_3-2016q1/bin/../lib/gcc/arm-none-eabi/5.3.1/../../../../arm-none-eabi/lib/armv7-m/libm.a(lib_a-ef_rem_pio2.o)
                0x080107c0                __ieee754_rem_pio2f
 .text.__ieee754_sqrtf
                0x08010aa4       0xa8 /home/laurence/ARM-GCC/gcc-arm-none-eabi-5_3-2016q1/bin/../lib/gcc/arm-none-eabi/5.3.1/../../../../arm-none-eabi/lib/armv7-m/libm.a(lib_a-ef_sqrt.o)
                0x08010aa4                __ieee754_sqrtf
 .text.__kernel_cosf
                0x08010b4c      0x188 /home/laurence/ARM-GCC/gcc-arm-none-eabi-5_3-2016q1/bin/../lib/gcc/arm-none-eabi/5.3.1/../../../../arm-none-eabi/lib/armv7-m/libm.a(lib_a-kf_cos.o)
                0x08010b4c                __kernel_cosf
 .text.__kernel_rem_pio2f
                0x08010cd4      0x6a8 /home/laurence/ARM-GCC/gcc-arm-none-eabi-5_3-2016q1/bin/../lib/gcc/arm-none-eabi/5.3.1/../../../../arm-none-eabi/lib/armv7-m/libm.a(lib_a-kf_rem_pio2.o)
                0x08010cd4                __kernel_rem_pio2f
 .text.__kernel_sinf
                0x0801137c       0xec /home/laurence/ARM-GCC/gcc-arm-none-eabi-5_3-2016q1/bin/../lib/gcc/arm-none-eabi/5.3.1/../../../../arm-none-eabi/lib/armv7-m/libm.a(lib_a-kf_sin.o)
                0x0801137c                __kernel_sinf
 .text.atan     0x08011468      0x33c /home/laurence/ARM-GCC/gcc-arm-none-eabi-5_3-2016q1/bin/../lib/gcc/arm-none-eabi/5.3.1/../../../../arm-none-eabi/lib/armv7-m/libm.a(lib_a-s_atan.o)
                0x08011468                atan
 .text.fabs     0x080117a4        0x8 /home/laurence/ARM-GCC/gcc-arm-none-eabi-5_3-2016q1/bin/../lib/gcc/arm-none-eabi/5.3.1/../../../../arm-none-eabi/lib/armv7-m/libm.a(lib_a-s_fabs.o)
                0x080117a4                fabs
 .text.matherr  0x080117ac        0x4 /home/laurence/ARM-GCC/gcc-arm-none-eabi-5_3-2016q1/bin/../lib/gcc/arm-none-eabi/5.3.1/../../../../arm-none-eabi/lib/armv7-m/libm.a(lib_a-s_matherr.o)
                0x080117ac                matherr
 .text.nan      0x080117b0        0xc /home/laurence/ARM-GCC/gcc-arm-none-eabi-5_3-2016q1/bin/../lib/gcc/arm-none-eabi/5.3.1/../../../../arm-none-eabi/lib/armv7-m/libm.a(lib_a-s_nan.o)
                0x080117b0                nan
 .text.atanf    0x080117bc      0x22c /home/laurence/ARM-GCC/gcc-arm-none-eabi-5_3-2016q1/bin/../lib/gcc/arm-none-eabi/5.3.1/../../../../arm-none-eabi/lib/armv7-m/libm.a(lib_a-sf_atan.o)
                0x080117bc                atanf
 .text.fabsf    0x080119e8        0x8 /home/laurence/ARM-GCC/gcc-arm-none-eabi-5_3-2016q1/bin/../lib/gcc/arm-none-eabi/5.3.1/../../../../arm-none-eabi/lib/armv7-m/libm.a(lib_a-sf_fabs.o)
                0x080119e8                fabsf
 .text.floorf   0x080119f0       0x8c /home/laurence/ARM-GCC/gcc-arm-none-eabi-5_3-2016q1/bin/../lib/gcc/arm-none-eabi/5.3.1/../../../../arm-none-eabi/lib/armv7-m/libm.a(lib_a-sf_floor.o)
                0x080119f0                floorf
 .text.scalbnf  0x08011a7c       0xb0 /home/laurence/ARM-GCC/gcc-arm-none-eabi-5_3-2016q1/bin/../lib/gcc/arm-none-eabi/5.3.1/../../../../arm-none-eabi/lib/armv7-m/libm.a(lib_a-sf_scalbn.o)
                0x08011a7c                scalbnf
 .text.copysignf
                0x08011b2c        0xc /home/laurence/ARM-GCC/gcc-arm-none-eabi-5_3-2016q1/bin/../lib/gcc/arm-none-eabi/5.3.1/../../../../arm-none-eabi/lib/armv7-m/libm.a(lib_a-sf_copysign.o)
                0x08011b2c                copysignf
 .text.__errno  0x08011b38        0xc /home/laurence/ARM-GCC/gcc-arm-none-eabi-5_3-2016q1/bin/../lib/gcc/arm-none-eabi/5.3.1/../../../../arm-none-eabi/lib/armv7-m/libg.a(lib_a-errno.o)
                0x08011b38                __errno
 .text.malloc   0x08011b44       0x10 /home/laurence/ARM-GCC/gcc-arm-none-eabi-5_3-2016q1/bin/../lib/gcc/arm-none-eabi/5.3.1/../../../../arm-none-eabi/lib/armv7-m/libg.a(lib_a-malloc.o)
                0x08011b44                malloc
 .text._malloc_r
                0x08011b54      0x558 /home/laurence/ARM-GCC/gcc-arm-none-eabi-5_3-2016q1/bin/../lib/gcc/arm-none-eabi/5.3.1/../../../../arm-none-eabi/lib/armv7-m/libg.a(lib_a-mallocr.o)
                0x08011b54                _malloc_r
 .text.memcmp   0x080120ac       0x64 /home/laurence/ARM-GCC/gcc-arm-none-eabi-5_3-2016q1/bin/../lib/gcc/arm-none-eabi/5.3.1/../../../../arm-none-eabi/lib/armv7-m/libg.a(lib_a-memcmp.o)
                0x080120ac                memcmp
 .text.__malloc_lock
                0x08012110        0x4 /home/laurence/ARM-GCC/gcc-arm-none-eabi-5_3-2016q1/bin/../lib/gcc/arm-none-eabi/5.3.1/../../../../arm-none-eabi/lib/armv7-m/libg.a(lib_a-mlock.o)
                0x08012110                __malloc_lock
 .text.__malloc_unlock
                0x08012114        0x4 /home/laurence/ARM-GCC/gcc-arm-none-eabi-5_3-2016q1/bin/../lib/gcc/arm-none-eabi/5.3.1/../../../../arm-none-eabi/lib/armv7-m/libg.a(lib_a-mlock.o)
                0x08012114                __malloc_unlock
 .text._sbrk_r  0x08012118       0x24 /home/laurence/ARM-GCC/gcc-arm-none-eabi-5_3-2016q1/bin/../lib/gcc/arm-none-eabi/5.3.1/../../../../arm-none-eabi/lib/armv7-m/libg.a(lib_a-sbrkr.o)
                0x08012118                _sbrk_r
 .text.strlen   0x0801213c       0x5c /home/laurence/ARM-GCC/gcc-arm-none-eabi-5_3-2016q1/bin/../lib/gcc/arm-none-eabi/5.3.1/../../../../arm-none-eabi/lib/armv7-m/libg.a(lib_a-strlen-stub.o)
                0x0801213c                strlen
 .text._malloc_trim_r
                0x08012198       0x9c /home/laurence/ARM-GCC/gcc-arm-none-eabi-5_3-2016q1/bin/../lib/gcc/arm-none-eabi/5.3.1/../../../../arm-none-eabi/lib/armv7-m/libg.a(lib_a-freer.o)
                0x08012198                _malloc_trim_r
 .text._free_r  0x08012234      0x1d0 /home/laurence/ARM-GCC/gcc-arm-none-eabi-5_3-2016q1/bin/../lib/gcc/arm-none-eabi/5.3.1/../../../../arm-none-eabi/lib/armv7-m/libg.a(lib_a-freer.o)
                0x08012234                _free_r
 .text._sbrk    0x08012404       0x1c /home/laurence/ARM-GCC/gcc-arm-none-eabi-5_3-2016q1/bin/../lib/gcc/arm-none-eabi/5.3.1/../../../../arm-none-eabi/lib/armv7-m/libnosys.a(sbrk.o)
                0x08012404                _sbrk
 *(.rodata)
 .rodata        0x08012420       0xb8 /tmp/ccjT01kF.ltrans0.ltrans.o
                0x080124c8                DaysInMonth.lto_priv.94
                0x080124d4                SystemFrequency
 .rodata        0x080124d8      0x3d0 /tmp/ccjT01kF.ltrans4.ltrans.o
                0x080124d8                LfnOfs.lto_priv.98
 .rodata        0x080128a8      0x180 /tmp/ccjT01kF.ltrans6.ltrans.o
 .rodata        0x08012a28       0xac /tmp/ccjT01kF.ltrans15.ltrans.o
 *(.rodata*)
 .rodata.str1.4
                0x08012ad4      0x41a /tmp/ccjT01kF.ltrans0.ltrans.o
                                0x42a (size before relaxing)
 *fill*         0x08012eee        0x2 
 .rodata.str1.4
                0x08012ef0        0x6 /tmp/ccjT01kF.ltrans5.ltrans.o
 *fill*         0x08012ef6        0x2 
 .rodata.str1.4
                0x08012ef8       0x13 /tmp/ccjT01kF.ltrans6.ltrans.o
 *fill*         0x08012f0b        0x1 
 .rodata.str1.4
                0x08012f0c        0x9 /tmp/ccjT01kF.ltrans10.ltrans.o
 *fill*         0x08012f15        0x3 
 .rodata.str1.4
                0x08012f18        0x2 /home/laurence/ARM-GCC/gcc-arm-none-eabi-5_3-2016q1/bin/../lib/gcc/arm-none-eabi/5.3.1/../../../../arm-none-eabi/lib/armv7-m/libg.a(lib_a-impure.o)
 *fill*         0x08012f1a        0x2 
 .rodata.str1.4
                0x08012f1c        0x6 /home/laurence/ARM-GCC/gcc-arm-none-eabi-5_3-2016q1/bin/../lib/gcc/arm-none-eabi/5.3.1/../../../../arm-none-eabi/lib/armv7-m/libm.a(lib_a-wf_acos.o)
                                  0x9 (size before relaxing)
 *fill*         0x08012f22        0x2 
 .rodata.str1.4
                0x08012f24        0x8 /home/laurence/ARM-GCC/gcc-arm-none-eabi-5_3-2016q1/bin/../lib/gcc/arm-none-eabi/5.3.1/../../../../arm-none-eabi/lib/armv7-m/libm.a(lib_a-wf_sqrt.o)
                                  0x6 (size before relaxing)
 .rodata.npio2_hw
                0x08012f2c       0x80 /home/laurence/ARM-GCC/gcc-arm-none-eabi-5_3-2016q1/bin/../lib/gcc/arm-none-eabi/5.3.1/../../../../arm-none-eabi/lib/armv7-m/libm.a(lib_a-ef_rem_pio2.o)
 .rodata.two_over_pi
                0x08012fac      0x318 /home/laurence/ARM-GCC/gcc-arm-none-eabi-5_3-2016q1/bin/../lib/gcc/arm-none-eabi/5.3.1/../../../../arm-none-eabi/lib/armv7-m/libm.a(lib_a-ef_rem_pio2.o)
 .rodata.init_jk
                0x080132c4        0xc /home/laurence/ARM-GCC/gcc-arm-none-eabi-5_3-2016q1/bin/../lib/gcc/arm-none-eabi/5.3.1/../../../../arm-none-eabi/lib/armv7-m/libm.a(lib_a-kf_rem_pio2.o)
 .rodata.PIo2   0x080132d0       0x2c /home/laurence/ARM-GCC/gcc-arm-none-eabi-5_3-2016q1/bin/../lib/gcc/arm-none-eabi/5.3.1/../../../../arm-none-eabi/lib/armv7-m/libm.a(lib_a-kf_rem_pio2.o)
 *fill*         0x080132fc        0x4 
 .rodata.atanlo
                0x08013300       0x20 /home/laurence/ARM-GCC/gcc-arm-none-eabi-5_3-2016q1/bin/../lib/gcc/arm-none-eabi/5.3.1/../../../../arm-none-eabi/lib/armv7-m/libm.a(lib_a-s_atan.o)
 .rodata.atanhi
                0x08013320       0x20 /home/laurence/ARM-GCC/gcc-arm-none-eabi-5_3-2016q1/bin/../lib/gcc/arm-none-eabi/5.3.1/../../../../arm-none-eabi/lib/armv7-m/libm.a(lib_a-s_atan.o)
 .rodata.atanlo
                0x08013340       0x10 /home/laurence/ARM-GCC/gcc-arm-none-eabi-5_3-2016q1/bin/../lib/gcc/arm-none-eabi/5.3.1/../../../../arm-none-eabi/lib/armv7-m/libm.a(lib_a-sf_atan.o)
 .rodata.atanhi
                0x08013350       0x10 /home/laurence/ARM-GCC/gcc-arm-none-eabi-5_3-2016q1/bin/../lib/gcc/arm-none-eabi/5.3.1/../../../../arm-none-eabi/lib/armv7-m/libm.a(lib_a-sf_atan.o)
 *(.glue_7)
 .glue_7        0x08013360        0x0 linker stubs
 *(.glue_7t)
 .glue_7t       0x08013360        0x0 linker stubs
 *(.init)
 .init          0x08013360        0x4 /home/laurence/ARM-GCC/gcc-arm-none-eabi-5_3-2016q1/bin/../lib/gcc/arm-none-eabi/5.3.1/armv7-m/crti.o
                0x08013360                _init
 .init          0x08013364        0x8 /home/laurence/ARM-GCC/gcc-arm-none-eabi-5_3-2016q1/bin/../lib/gcc/arm-none-eabi/5.3.1/armv7-m/crtn.o
 *(.fini)
 .fini          0x0801336c        0x4 /home/laurence/ARM-GCC/gcc-arm-none-eabi-5_3-2016q1/bin/../lib/gcc/arm-none-eabi/5.3.1/armv7-m/crti.o
                0x0801336c                _fini
 .fini          0x08013370        0x8 /home/laurence/ARM-GCC/gcc-arm-none-eabi-5_3-2016q1/bin/../lib/gcc/arm-none-eabi/5.3.1/armv7-m/crtn.o
                0x08013378                . = ALIGN (0x4)
                0x08013378                _etext = .
                0x08013378                _sidata = _etext

.vfp11_veneer   0x08013378        0x0
 .vfp11_veneer  0x08013378        0x0 linker stubs

.v4_bx          0x08013378        0x0
 .v4_bx         0x08013378        0x0 linker stubs

.iplt           0x08013378        0x0
 .iplt          0x08013378        0x0 /home/laurence/ARM-GCC/gcc-arm-none-eabi-5_3-2016q1/bin/../lib/gcc/arm-none-eabi/5.3.1/armv7-m/crtbegin.o

.rel.dyn        0x08013378        0x0
 .rel.iplt      0x08013378        0x0 /home/laurence/ARM-GCC/gcc-arm-none-eabi-5_3-2016q1/bin/../lib/gcc/arm-none-eabi/5.3.1/armv7-m/crtbegin.o

.flashpatch     0x00000000        0x0
                0x00000000                . = ALIGN (0x4)
 *(.flashpatch)
                0x00000000                . = ALIGN (0x4)

.endflash       0x00000000        0x0
                0x00000000                . = ALIGN (0x4)
 *(.endflash)
                0x00000000                . = ALIGN (0x4)
                0x00000000                _e_endflash = .

.data           0x20000000      0xa38 load address 0x08013378
                0x20000000                . = ALIGN (0x4)
                0x20000000                _sdata = .
                0x20000000                _data = .
 *(.data)
 .data          0x20000000        0x9 /tmp/ccjT01kF.ltrans0.ltrans.o
                0x20000008                SP1ML_network_address
 *fill*         0x20000009        0x3 
 .data          0x2000000c       0x7c /tmp/ccjT01kF.ltrans1.ltrans.o
                0x2000006c                pEpInt_OUT
 .data          0x20000088        0x2 /tmp/ccjT01kF.ltrans2.ltrans.o
 *fill*         0x2000008a        0x2 
 .data          0x2000008c       0x12 /tmp/ccjT01kF.ltrans3.ltrans.o
                0x2000008c                Scsi_Sense_Data
 *fill*         0x2000009e        0x2 
 .data          0x200000a0        0x2 /tmp/ccjT01kF.ltrans8.ltrans.o
 *fill*         0x200000a2        0x2 
 .data          0x200000a4       0x24 /tmp/ccjT01kF.ltrans10.ltrans.o
 .data          0x200000c8        0x1 /tmp/ccjT01kF.ltrans11.ltrans.o
                0x200000c8                rtc_correction
 *fill*         0x200000c9        0x3 
 .data          0x200000cc       0x7d /tmp/ccjT01kF.ltrans12.ltrans.o
                0x200000cc                Device_Property
                0x20000100                I2C_jobs
 .data          0x20000149        0x1 /tmp/ccjT01kF.ltrans14.ltrans.o
                0x20000149                Stat.lto_priv.67
 *fill*         0x2000014a        0x2 
 .data          0x2000014c       0x78 /tmp/ccjT01kF.ltrans15.ltrans.o
                0x200001a0                User_Standard_Requests
 .data          0x200001c4       0x20 /tmp/ccjT01kF.ltrans16.ltrans.o
                0x200001c4                Device_Table
                0x200001c8                pEpInt_IN
 *(.data.*)
 .data.ADCPrescTable
                0x200001e4        0x4 lib/STM32F10x_StdPeriph_Driver/libstm32fw.a(stm32f10x_rcc.o)
 .data.APBAHBPrescTable
                0x200001e8       0x10 lib/STM32F10x_StdPeriph_Driver/libstm32fw.a(stm32f10x_rcc.o)
 .data.impure_data
                0x200001f8      0x428 /home/laurence/ARM-GCC/gcc-arm-none-eabi-5_3-2016q1/bin/../lib/gcc/arm-none-eabi/5.3.1/../../../../arm-none-eabi/lib/armv7-m/libg.a(lib_a-impure.o)
 .data._impure_ptr
                0x20000620        0x4 /home/laurence/ARM-GCC/gcc-arm-none-eabi-5_3-2016q1/bin/../lib/gcc/arm-none-eabi/5.3.1/../../../../arm-none-eabi/lib/armv7-m/libg.a(lib_a-impure.o)
                0x20000620                _impure_ptr
 .data.__fdlib_version
                0x20000624        0x1 /home/laurence/ARM-GCC/gcc-arm-none-eabi-5_3-2016q1/bin/../lib/gcc/arm-none-eabi/5.3.1/../../../../arm-none-eabi/lib/armv7-m/libm.a(lib_a-s_lib_ver.o)
                0x20000624                __fdlib_version
 *fill*         0x20000625        0x3 
 .data.__malloc_av_
                0x20000628      0x408 /home/laurence/ARM-GCC/gcc-arm-none-eabi-5_3-2016q1/bin/../lib/gcc/arm-none-eabi/5.3.1/../../../../arm-none-eabi/lib/armv7-m/libg.a(lib_a-mallocr.o)
                0x20000628                __malloc_av_
 .data.__malloc_trim_threshold
                0x20000a30        0x4 /home/laurence/ARM-GCC/gcc-arm-none-eabi-5_3-2016q1/bin/../lib/gcc/arm-none-eabi/5.3.1/../../../../arm-none-eabi/lib/armv7-m/libg.a(lib_a-mallocr.o)
                0x20000a30                __malloc_trim_threshold
 .data.__malloc_sbrk_base
                0x20000a34        0x4 /home/laurence/ARM-GCC/gcc-arm-none-eabi-5_3-2016q1/bin/../lib/gcc/arm-none-eabi/5.3.1/../../../../arm-none-eabi/lib/armv7-m/libg.a(lib_a-mallocr.o)
                0x20000a34                __malloc_sbrk_base
 *(.RAMtext)
                0x20000a38                . = ALIGN (0x4)
                0x20000a38                _edata = .
                0x08013db0                _eidata = (_sidata + (_edata - _sdata))
                0x08020000                _lastdataromaddress = (ORIGIN (FLASH) + LENGTH (FLASH))
                0x00000000                toobig = (_eidata > _lastdataromaddress)?!!!!!!!!! FLASH IS FULL !!!!!!!!!:0x0

.igot.plt       0x20000a38        0x0 load address 0x08013db0
 .igot.plt      0x20000a38        0x0 /home/laurence/ARM-GCC/gcc-arm-none-eabi-5_3-2016q1/bin/../lib/gcc/arm-none-eabi/5.3.1/armv7-m/crtbegin.o

.bss            0x20000a38     0x1398 load address 0x08013db0
                0x20000a38                . = ALIGN (0x4)
                0x20000a38                _sbss = .
                0x20000a38                _bss = .
 *(.bss)
 .bss           0x20000a38      0x70c /tmp/ccjT01kF.ltrans0.ltrans.o
                0x20000e60                bootsource
                0x20000e64                Millis
                0x20000e6c                rputchar.lto_priv.91
                0x20000e70                Status
                0x20000e74                Data_Buffer
                0x20000e78                bDeviceState
                0x20000e7c                Battery_Voltage
                0x20000e80                Jobs
                0x20000ebc                file_opened
                0x20000ec0                PI_glob
                0x20000ed8                I_limits
                0x20000ee4                flashCodeEnabled
                0x20000ef0                GPS_telem
                0x20000f00                flashCode
                0x20000f05                SP1ML_state
                0x20000f09                System_state_Global
                0x20000f0a                Shutdown_System
                0x20001140                FatFs.lto_priv.96
 .bss           0x20001144       0x18 /tmp/ccjT01kF.ltrans1.ltrans.o
                0x2000114c                SCSI_LBA
                0x20001150                SCSI_BlkLen
 .bss           0x2000115c      0x2f1 /tmp/ccjT01kF.ltrans2.ltrans.o
                0x2000115c                Usart1_tx_buff
                0x20001258                Completed_Jobs
                0x2000125c                LSM9DS1_Gyro_Buffer
                0x20001268                IMU_buff
                0x20001308                LSM9DS1_Acc_Buffer
                0x20001310                LSM9DS1_Mag_Buffer
                0x20001320                I2C1error
                0x20001322                I2C_failure
                0x200013e4                Filtered_ECG
                0x200013f8                SP1ML_tx_rx_state
                0x20001404                SP1ML_tx_sequence_number
                0x20001408                Usart3_rx_buff
                0x20001418                RN42_tx_sequence_number
                0x2000141c                Usart1_rx_buff
                0x20001438                Usart3_tx_buff
                0x20001448                SP1ML_tx_bytes
                0x2000144c                SP1ML_withold
 *fill*         0x2000144d        0x3 
 .bss           0x20001450       0x88 /tmp/ccjT01kF.ltrans3.ltrans.o
                0x20001450                CBW
                0x20001470                Mass_Block_Count
                0x20001478                Mass_Block_Size
                0x20001480                Data_Len
                0x20001488                TransferState
                0x20001498                Bulk_Data_Buff
 .bss           0x200014d8       0x80 /tmp/ccjT01kF.ltrans5.ltrans.o
 .bss           0x20001558        0x2 /tmp/ccjT01kF.ltrans6.ltrans.o
 .bss           0x2000155a        0x4 /tmp/ccjT01kF.ltrans9.ltrans.o
 *fill*         0x2000155e        0x2 
 .bss           0x20001560        0xc /tmp/ccjT01kF.ltrans10.ltrans.o
 .bss           0x2000156c      0x324 /tmp/ccjT01kF.ltrans11.ltrans.o
                0x2000156c                FATFS_wavfile
                0x20001790                LSM9DS1_Mag_Offset
                0x20001798                Gps_Buffer
                0x200017a4                wct.lto_priv.70
                0x200017a6                channel_wct_conf.lto_priv.69
                0x200017a7                ADS1298_Error_Status
                0x200017a8                Enable.lto_priv.72
                0x200017ac                ECG_buffers
                0x2000182c                Gain.lto_priv.78
                0x2000182d                Actual_gain.lto_priv.75
                0x2000182e                Cap.lto_priv.74
                0x2000182f                quality_mask.lto_priv.71
                0x20001830                qualityfilter.lto_priv.73
                0x20001850                old_wct.lto_priv.77
                0x20001852                old_quality_mask.lto_priv.76
                0x2000185c                Gps
                0x2000188f                read_transaction.lto_priv.68
 .bss           0x20001890       0x15 /tmp/ccjT01kF.ltrans12.ltrans.o
                0x20001890                wIstr
                0x20001894                Timer1.lto_priv.93
 *fill*         0x200018a5        0x3 
 .bss           0x200018a8      0x44d /tmp/ccjT01kF.ltrans13.ltrans.o
                0x200018ac                FATFS_wavfile_gps
                0x20001ad0                FATFS_wavfile_imu
                0x20001cf4                CurrVol.lto_priv.95
 *fill*         0x20001cf5        0x3 
 .bss           0x20001cf8       0x40 /tmp/ccjT01kF.ltrans14.ltrans.o
                0x20001cf8                CardType.lto_priv.92
                0x20001cf9                Sd_Spi_Called_From_USB_MSC
                0x20001cfc                CSW
                0x20001d0c                Bot_State
                0x20001d10                print_string
                0x20001d34                Timer2.lto_priv.89
 .bss           0x20001d38        0x6 /tmp/ccjT01kF.ltrans15.ltrans.o
                0x20001d38                Max_Lun